Unable to read descriptor [plugin.xml] from [/opt/android-studio/plugins/Groovy/lib/Groovy.jar]
java.lang.IllegalArgumentException: No enum constant com.jetbrains.plugin.structure.intellij.plugin.IdePluginContentDescriptor.ServiceType.APPLİCATİON
	at java.base/java.lang.Enum.valueOf(Enum.java:273)
	at com.jetbrains.plugin.structure.intellij.plugin.IdePluginContentDescriptor$ServiceType.valueOf(IdePluginContents.kt)
	at com.jetbrains.plugin.structure.intellij.plugin.PluginCreator.readServiceDescriptor(PluginCreator.kt:406)
	at com.jetbrains.plugin.structure.intellij.plugin.PluginCreator.readExtensions(PluginCreator.kt:341)
	at com.jetbrains.plugin.structure.intellij.plugin.PluginCreator.setInfoFromBean(PluginCreator.kt:320)
	at com.jetbrains.plugin.structure.intellij.plugin.PluginCreator.resolveDocumentAndValidateBean(PluginCreator.kt:664)
	at com.jetbrains.plugin.structure.intellij.plugin.PluginCreator.access$resolveDocumentAndValidateBean(PluginCreator.kt:31)
	at com.jetbrains.plugin.structure.intellij.plugin.PluginCreator$Companion.createPlugin(PluginCreator.kt:109)
	at com.jetbrains.plugin.structure.intellij.plugin.IdePluginManager.loadPluginInfoFromJarFile(IdePluginManager.kt:62)
	at com.jetbrains.plugin.structure.intellij.plugin.IdePluginManager.loadPluginInfoFromLibDirectory(IdePluginManager.kt:165)
	at com.jetbrains.plugin.structure.intellij.plugin.IdePluginManager.loadPluginInfoFromDirectory(IdePluginManager.kt:97)
	at com.jetbrains.plugin.structure.intellij.plugin.IdePluginManager.loadPluginInfoFromJarOrDirectory(IdePluginManager.kt:206)
	at com.jetbrains.plugin.structure.intellij.plugin.IdePluginManager.getPluginCreatorWithResult(IdePluginManager.kt:347)
	at com.jetbrains.plugin.structure.intellij.plugin.IdePluginManager.createPlugin(IdePluginManager.kt:314)
	at com.jetbrains.plugin.structure.intellij.plugin.IdePluginManager.createPlugin$default(IdePluginManager.kt:312)
	at org.jetbrains.intellij.Utils.createPlugin(utils.kt:222)
	at org.jetbrains.intellij.dependency.BuiltinPluginsRegistry.add(BuiltinPluginsRegistry.kt:89)
	at org.jetbrains.intellij.dependency.BuiltinPluginsRegistry.fillFromDirectory(BuiltinPluginsRegistry.kt:47)
	at org.jetbrains.intellij.dependency.BuiltinPluginsRegistry.access$fillFromDirectory(BuiltinPluginsRegistry.kt:21)
	at org.jetbrains.intellij.dependency.BuiltinPluginsRegistry$Companion.fromDirectory(BuiltinPluginsRegistry.kt:127)
	at org.jetbrains.intellij.dependency.IdeaDependencyManager.createDependency(IdeaDependencyManager.kt:92)
	at org.jetbrains.intellij.dependency.IdeaDependencyManager.resolveLocal(IdeaDependencyManager.kt:430)
	at org.jetbrains.intellij.IntelliJPlugin$prepareIdeaDependencyProvider$1.call(IntelliJPlugin.kt:299)
	at org.jetbrains.intellij.IntelliJPlugin$prepareIdeaDependencyProvider$1.call(IntelliJPlugin.kt:266)
	at org.gradle.api.internal.provider.DefaultProvider.calculateOwnValue(DefaultProvider.java:72)
	at org.gradle.api.internal.provider.AbstractMinimalProvider.calculateValue(AbstractMinimalProvider.java:115)
	at org.gradle.api.internal.provider.TransformBackedProvider.calculateOwnValue(TransformBackedProvider.java:82)
	at org.gradle.api.internal.provider.AbstractMinimalProvider.calculateValue(AbstractMinimalProvider.java:115)
	at org.gradle.api.internal.provider.AbstractMinimalProvider.withFinalValue(AbstractMinimalProvider.java:168)
	at org.gradle.api.internal.provider.DefaultProperty.finalValue(DefaultProperty.java:133)
	at org.gradle.api.internal.provider.DefaultProperty.finalValue(DefaultProperty.java:26)
	at org.gradle.api.internal.provider.AbstractProperty.finalizeNow(AbstractProperty.java:245)
	at org.gradle.api.internal.provider.AbstractProperty.beforeRead(AbstractProperty.java:239)
	at org.gradle.api.internal.provider.AbstractProperty.calculateOwnValue(AbstractProperty.java:135)
	at org.gradle.api.internal.provider.AbstractMinimalProvider.calculateValue(AbstractMinimalProvider.java:115)
	at org.gradle.api.internal.provider.TransformBackedProvider.calculateOwnValue(TransformBackedProvider.java:82)
	at org.gradle.api.internal.provider.AbstractMinimalProvider.calculateValue(AbstractMinimalProvider.java:115)
	at org.gradle.api.internal.provider.TransformBackedProvider.calculateOwnValue(TransformBackedProvider.java:82)
	at org.gradle.api.internal.provider.AbstractMinimalProvider.calculateValue(AbstractMinimalProvider.java:115)
	at org.gradle.api.internal.provider.DefaultProperty.calculateValueFrom(DefaultProperty.java:128)
	at org.gradle.api.internal.provider.DefaultProperty.calculateValueFrom(DefaultProperty.java:26)
	at org.gradle.api.internal.provider.AbstractProperty.doCalculateValue(AbstractProperty.java:142)
	at org.gradle.api.internal.provider.AbstractProperty.calculateOwnValue(AbstractProperty.java:136)
	at org.gradle.api.internal.provider.AbstractMinimalProvider.getOrNull(AbstractMinimalProvider.java:105)
	at org.jetbrains.intellij.IntelliJPlugin$prepareConventionMappingsForRunIdeTask$8.call(IntelliJPlugin.kt:963)
	at org.jetbrains.intellij.IntelliJPlugin$prepareConventionMappingsForRunIdeTask$8.call(IntelliJPlugin.kt:958)
	at org.gradle.api.internal.provider.DefaultProvider.calculateOwnValue(DefaultProvider.java:72)
	at org.gradle.api.internal.provider.AbstractMinimalProvider.calculateValue(AbstractMinimalProvider.java:115)
	at org.gradle.api.internal.provider.TransformBackedProvider.calculateOwnValue(TransformBackedProvider.java:82)
	at org.gradle.api.internal.provider.AbstractMinimalProvider.calculateValue(AbstractMinimalProvider.java:115)
	at org.gradle.api.internal.provider.DefaultProperty.calculateValueFrom(DefaultProperty.java:128)
	at org.gradle.api.internal.provider.DefaultProperty.calculateValueFrom(DefaultProperty.java:26)
	at org.gradle.api.internal.provider.AbstractProperty.doCalculateValue(AbstractProperty.java:142)
	at org.gradle.api.internal.provider.AbstractProperty.calculateOwnValue(AbstractProperty.java:136)
	at org.gradle.api.internal.provider.AbstractMinimalProvider.calculateOwnPresentValue(AbstractMinimalProvider.java:80)
	at org.gradle.api.internal.provider.AbstractMinimalProvider.get(AbstractMinimalProvider.java:100)
	at org.jetbrains.intellij.tasks.RunIdeBase.getExecutable(RunIdeBase.kt:202)
	at org.jetbrains.intellij.tasks.BuildSearchableOptionsTask_Decorated.getExecutable(Unknown Source)
	at org.gradle.api.tasks.internal.JavaExecExecutableUtils.getExecutableOverrideToolchainSpec(JavaExecExecutableUtils.java:30)
	at org.gradle.api.tasks.JavaExec.lambda$new$0(JavaExec.java:144)
	at org.gradle.api.internal.provider.DefaultProvider.calculateOwnValue(DefaultProvider.java:72)
	at org.gradle.api.internal.provider.AbstractMinimalProvider.calculateValue(AbstractMinimalProvider.java:115)
	at org.gradle.api.internal.provider.FlatMapProvider.calculateOwnValue(FlatMapProvider.java:46)
	at org.gradle.api.internal.provider.AbstractMinimalProvider.calculateValue(AbstractMinimalProvider.java:115)
	at org.gradle.api.internal.provider.OrElseProvider.calculateOwnValue(OrElseProvider.java:76)
	at org.gradle.api.internal.provider.AbstractMinimalProvider.calculateValue(AbstractMinimalProvider.java:115)
	at org.gradle.api.internal.provider.TransformBackedProvider.calculateOwnValue(TransformBackedProvider.java:82)
	at org.gradle.api.internal.provider.AbstractMinimalProvider.calculateValue(AbstractMinimalProvider.java:115)
	at org.gradle.api.internal.provider.AbstractMinimalProvider.withFinalValue(AbstractMinimalProvider.java:168)
	at org.gradle.api.internal.provider.DefaultProperty.finalValue(DefaultProperty.java:133)
	at org.gradle.api.internal.provider.DefaultProperty.finalValue(DefaultProperty.java:26)
	at org.gradle.api.internal.provider.AbstractProperty.finalizeNow(AbstractProperty.java:245)
	at org.gradle.api.internal.provider.AbstractProperty.beforeRead(AbstractProperty.java:239)
	at org.gradle.api.internal.provider.AbstractProperty.calculateOwnValue(AbstractProperty.java:135)
	at org.gradle.api.internal.provider.AbstractMinimalProvider.getOrNull(AbstractMinimalProvider.java:105)
	at org.gradle.internal.properties.annotations.AbstractTypeMetadataWalker$InstanceTypeMetadataWalker.lambda$walkNestedProvider$0(AbstractTypeMetadataWalker.java:137)
	at org.gradle.internal.properties.annotations.AbstractTypeMetadataWalker$InstanceTypeMetadataWalker.walkNestedChild(AbstractTypeMetadataWalker.java:184)
	at org.gradle.internal.properties.annotations.AbstractTypeMetadataWalker$InstanceTypeMetadataWalker.walkNestedProvider(AbstractTypeMetadataWalker.java:136)
	at org.gradle.internal.properties.annotations.AbstractTypeMetadataWalker$InstanceTypeMetadataWalker.walkNestedProvider(AbstractTypeMetadataWalker.java:118)
	at org.gradle.internal.properties.annotations.AbstractTypeMetadataWalker.walkNested(AbstractTypeMetadataWalker.java:60)
	at org.gradle.internal.properties.annotations.AbstractTypeMetadataWalker.lambda$walkChildren$3(AbstractTypeMetadataWalker.java:85)
	at org.gradle.internal.properties.annotations.AbstractTypeMetadataWalker$InstanceTypeMetadataWalker.walkNestedChild(AbstractTypeMetadataWalker.java:190)
	at org.gradle.internal.properties.annotations.AbstractTypeMetadataWalker$InstanceTypeMetadataWalker.walkNestedChild(AbstractTypeMetadataWalker.java:171)
	at org.gradle.internal.properties.annotations.AbstractTypeMetadataWalker$InstanceTypeMetadataWalker.walkNestedChild(AbstractTypeMetadataWalker.java:118)
	at org.gradle.internal.properties.annotations.AbstractTypeMetadataWalker.lambda$walkChildren$4(AbstractTypeMetadataWalker.java:85)
	at java.base/java.lang.Iterable.forEach(Iterable.java:75)
	at org.gradle.internal.properties.annotations.AbstractTypeMetadataWalker.walkChildren(AbstractTypeMetadataWalker.java:83)
	at org.gradle.internal.properties.annotations.AbstractTypeMetadataWalker.walk(AbstractTypeMetadataWalker.java:53)
	at org.gradle.internal.properties.bean.DefaultPropertyWalker.visitProperties(DefaultPropertyWalker.java:65)
	at org.gradle.api.internal.tasks.TaskPropertyUtils.visitAnnotatedProperties(TaskPropertyUtils.java:58)
	at org.gradle.api.internal.tasks.TaskPropertyUtils.visitProperties(TaskPropertyUtils.java:45)
	at org.gradle.api.internal.tasks.TaskPropertyUtils.visitProperties(TaskPropertyUtils.java:35)
	at org.gradle.api.internal.tasks.DefaultTaskInputs.visitDependencies(DefaultTaskInputs.java:195)
	at org.gradle.api.internal.tasks.DefaultTaskDependency.visitDependencies(DefaultTaskDependency.java:112)
	at org.gradle.api.internal.tasks.CachingTaskDependencyResolveContext$TaskGraphImpl.getNodeValues(CachingTaskDependencyResolveContext.java:103)
	at org.gradle.internal.graph.CachingDirectedGraphWalker$GraphWithEmptyEdges.getNodeValues(CachingDirectedGraphWalker.java:213)
	at org.gradle.internal.graph.CachingDirectedGraphWalker.doSearch(CachingDirectedGraphWalker.java:121)
	at org.gradle.internal.graph.CachingDirectedGraphWalker.findValues(CachingDirectedGraphWalker.java:73)
	at org.gradle.api.internal.tasks.CachingTaskDependencyResolveContext.getDependencies(CachingTaskDependencyResolveContext.java:66)
	at org.gradle.execution.plan.TaskDependencyResolver.resolveDependenciesFor(TaskDependencyResolver.java:49)
	at org.gradle.execution.plan.LocalTaskNode.getDependencies(LocalTaskNode.java:148)
	at org.gradle.execution.plan.LocalTaskNode.resolveDependencies(LocalTaskNode.java:122)
	at org.gradle.execution.plan.DefaultExecutionPlan.discoverNodeRelationships(DefaultExecutionPlan.java:183)
	at org.gradle.execution.plan.DefaultExecutionPlan.doAddEntryNodes(DefaultExecutionPlan.java:155)
	at org.gradle.execution.plan.DefaultExecutionPlan.addEntryTasks(DefaultExecutionPlan.java:130)
	at org.gradle.execution.plan.DefaultExecutionPlan.addEntryTasks(DefaultExecutionPlan.java:122)
	at org.gradle.execution.TaskNameResolvingBuildTaskScheduler.scheduleRequestedTasks(TaskNameResolvingBuildTaskScheduler.java:54)
	at org.gradle.execution.DefaultTasksBuildTaskScheduler.scheduleRequestedTasks(DefaultTasksBuildTaskScheduler.java:72)
	at org.gradle.initialization.DefaultTaskExecutionPreparer.lambda$scheduleRequestedTasks$0(DefaultTaskExecutionPreparer.java:46)
	at org.gradle.internal.Factories$1.create(Factories.java:31)
	at org.gradle.internal.work.DefaultWorkerLeaseService.withReplacedLocks(DefaultWorkerLeaseService.java:360)
	at org.gradle.api.internal.project.DefaultProjectStateRegistry$DefaultBuildProjectRegistry.withMutableStateOfAllProjects(DefaultProjectStateRegistry.java:239)
	at org.gradle.api.internal.project.DefaultProjectStateRegistry$DefaultBuildProjectRegistry.withMutableStateOfAllProjects(DefaultProjectStateRegistry.java:232)
	at org.gradle.initialization.DefaultTaskExecutionPreparer.scheduleRequestedTasks(DefaultTaskExecutionPreparer.java:45)
	at org.gradle.initialization.VintageBuildModelController.lambda$scheduleRequestedTasks$0(VintageBuildModelController.java:76)
	at org.gradle.internal.model.StateTransitionController.lambda$inState$1(StateTransitionController.java:99)
	at org.gradle.internal.model.StateTransitionController.lambda$inState$2(StateTransitionController.java:114)
	at org.gradle.internal.work.DefaultSynchronizer.withLock(DefaultSynchronizer.java:44)
	at org.gradle.internal.model.StateTransitionController.inState(StateTransitionController.java:110)
	at org.gradle.internal.model.StateTransitionController.inState(StateTransitionController.java:98)
	at org.gradle.initialization.VintageBuildModelController.scheduleRequestedTasks(VintageBuildModelController.java:76)
	at org.gradle.internal.build.DefaultBuildLifecycleController$DefaultWorkGraphBuilder.addRequestedTasks(DefaultBuildLifecycleController.java:404)
	at org.gradle.internal.buildtree.DefaultBuildTreeWorkPreparer.lambda$scheduleRequestedTasks$0(DefaultBuildTreeWorkPreparer.java:41)
	at org.gradle.internal.build.DefaultBuildLifecycleController.lambda$populateWorkGraph$7(DefaultBuildLifecycleController.java:189)
	at org.gradle.internal.build.DefaultBuildWorkPreparer.populateWorkGraph(DefaultBuildWorkPreparer.java:42)
	at org.gradle.internal.build.BuildOperationFiringBuildWorkPreparer$PopulateWorkGraph.populateTaskGraph(BuildOperationFiringBuildWorkPreparer.java:106)
	at org.gradle.internal.build.BuildOperationFiringBuildWorkPreparer$PopulateWorkGraph.run(BuildOperationFiringBuildWorkPreparer.java:92)
	at org.gradle.internal.operations.DefaultBuildOperationRunner$1.execute(DefaultBuildOperationRunner.java:29)
	at org.gradle.internal.operations.DefaultBuildOperationRunner$1.execute(DefaultBuildOperationRunner.java:26)
	at org.gradle.internal.operations.DefaultBuildOperationRunner$2.execute(DefaultBuildOperationRunner.java:66)
	at org.gradle.internal.operations.DefaultBuildOperationRunner$2.execute(DefaultBuildOperationRunner.java:59)
	at org.gradle.internal.operations.DefaultBuildOperationRunner.execute(DefaultBuildOperationRunner.java:157)
	at org.gradle.internal.operations.DefaultBuildOperationRunner.execute(DefaultBuildOperationRunner.java:59)
	at org.gradle.internal.operations.DefaultBuildOperationRunner.run(DefaultBuildOperationRunner.java:47)
	at org.gradle.internal.operations.DefaultBuildOperationExecutor.run(DefaultBuildOperationExecutor.java:68)
	at org.gradle.internal.build.BuildOperationFiringBuildWorkPreparer.populateWorkGraph(BuildOperationFiringBuildWorkPreparer.java:67)
	at org.gradle.internal.build.DefaultBuildLifecycleController.lambda$populateWorkGraph$8(DefaultBuildLifecycleController.java:189)
	at org.gradle.internal.model.StateTransitionController.lambda$inState$1(StateTransitionController.java:99)
	at org.gradle.internal.model.StateTransitionController.lambda$inState$2(StateTransitionController.java:114)
	at org.gradle.internal.work.DefaultSynchronizer.withLock(DefaultSynchronizer.java:44)
	at org.gradle.internal.model.StateTransitionController.inState(StateTransitionController.java:110)
	at org.gradle.internal.model.StateTransitionController.inState(StateTransitionController.java:98)
	at org.gradle.internal.build.DefaultBuildLifecycleController.populateWorkGraph(DefaultBuildLifecycleController.java:189)
	at org.gradle.internal.build.DefaultBuildWorkGraphController$DefaultBuildWorkGraph.populateWorkGraph(DefaultBuildWorkGraphController.java:169)
	at org.gradle.composite.internal.DefaultBuildController.populateWorkGraph(DefaultBuildController.java:76)
	at org.gradle.composite.internal.DefaultIncludedBuildTaskGraph$DefaultBuildTreeWorkGraphBuilder.withWorkGraph(DefaultIncludedBuildTaskGraph.java:153)
	at org.gradle.internal.buildtree.DefaultBuildTreeWorkPreparer.lambda$scheduleRequestedTasks$1(DefaultBuildTreeWorkPreparer.java:41)
	at org.gradle.composite.internal.DefaultIncludedBuildTaskGraph$DefaultBuildTreeWorkGraph$1.run(DefaultIncludedBuildTaskGraph.java:209)
	at org.gradle.internal.operations.DefaultBuildOperationRunner$1.execute(DefaultBuildOperationRunner.java:29)
	at org.gradle.internal.operations.DefaultBuildOperationRunner$1.execute(DefaultBuildOperationRunner.java:26)
	at org.gradle.internal.operations.DefaultBuildOperationRunner$2.execute(DefaultBuildOperationRunner.java:66)
	at org.gradle.internal.operations.DefaultBuildOperationRunner$2.execute(DefaultBuildOperationRunner.java:59)
	at org.gradle.internal.operations.DefaultBuildOperationRunner.execute(DefaultBuildOperationRunner.java:157)
	at org.gradle.internal.operations.DefaultBuildOperationRunner.execute(DefaultBuildOperationRunner.java:59)
	at org.gradle.internal.operations.DefaultBuildOperationRunner.run(DefaultBuildOperationRunner.java:47)
	at org.gradle.internal.operations.DefaultBuildOperationExecutor.run(DefaultBuildOperationExecutor.java:68)
	at org.gradle.composite.internal.DefaultIncludedBuildTaskGraph$DefaultBuildTreeWorkGraph.scheduleWork(DefaultIncludedBuildTaskGraph.java:204)
	at org.gradle.internal.buildtree.DefaultBuildTreeWorkPreparer.scheduleRequestedTasks(DefaultBuildTreeWorkPreparer.java:37)
	at org.gradle.configurationcache.VintageBuildTreeWorkController$scheduleAndRunRequestedTasks$1.apply(VintageBuildTreeWorkController.kt:36)
	at org.gradle.configurationcache.VintageBuildTreeWorkController$scheduleAndRunRequestedTasks$1.apply(VintageBuildTreeWorkController.kt:35)
	at org.gradle.composite.internal.DefaultIncludedBuildTaskGraph.withNewWorkGraph(DefaultIncludedBuildTaskGraph.java:112)
	at org.gradle.configurationcache.VintageBuildTreeWorkController.scheduleAndRunRequestedTasks(VintageBuildTreeWorkController.kt:35)
	at org.gradle.internal.buildtree.DefaultBuildTreeLifecycleController.lambda$scheduleAndRunTasks$1(DefaultBuildTreeLifecycleController.java:76)
	at org.gradle.internal.buildtree.DefaultBuildTreeLifecycleController.lambda$runBuild$4(DefaultBuildTreeLifecycleController.java:119)
	at org.gradle.internal.model.StateTransitionController.lambda$transition$6(StateTransitionController.java:169)
	at org.gradle.internal.model.StateTransitionController.doTransition(StateTransitionController.java:266)
	at org.gradle.internal.model.StateTransitionController.lambda$transition$7(StateTransitionController.java:169)
	at org.gradle.internal.work.DefaultSynchronizer.withLock(DefaultSynchronizer.java:44)
	at org.gradle.internal.model.StateTransitionController.transition(StateTransitionController.java:169)
	at org.gradle.internal.buildtree.DefaultBuildTreeLifecycleController.runBuild(DefaultBuildTreeLifecycleController.java:116)
	at org.gradle.internal.buildtree.DefaultBuildTreeLifecycleController.scheduleAndRunTasks(DefaultBuildTreeLifecycleController.java:76)
	at org.gradle.internal.buildtree.DefaultBuildTreeLifecycleController.scheduleAndRunTasks(DefaultBuildTreeLifecycleController.java:71)
	at org.gradle.tooling.internal.provider.ExecuteBuildActionRunner.run(ExecuteBuildActionRunner.java:31)
	at org.gradle.launcher.exec.ChainingBuildActionRunner.run(ChainingBuildActionRunner.java:35)
	at org.gradle.internal.buildtree.ProblemReportingBuildActionRunner.run(ProblemReportingBuildActionRunner.java:49)
	at org.gradle.launcher.exec.BuildOutcomeReportingBuildActionRunner.run(BuildOutcomeReportingBuildActionRunner.java:65)
	at org.gradle.tooling.internal.provider.FileSystemWatchingBuildActionRunner.run(FileSystemWatchingBuildActionRunner.java:140)
	at org.gradle.launcher.exec.BuildCompletionNotifyingBuildActionRunner.run(BuildCompletionNotifyingBuildActionRunner.java:41)
	at org.gradle.launcher.exec.RootBuildLifecycleBuildActionExecutor.lambda$execute$0(RootBuildLifecycleBuildActionExecutor.java:40)
	at org.gradle.composite.internal.DefaultRootBuildState.run(DefaultRootBuildState.java:123)
	at org.gradle.launcher.exec.RootBuildLifecycleBuildActionExecutor.execute(RootBuildLifecycleBuildActionExecutor.java:40)
	at org.gradle.internal.buildtree.InitDeprecationLoggingActionExecutor.execute(InitDeprecationLoggingActionExecutor.java:62)
	at org.gradle.internal.buildtree.InitProblems.execute(InitProblems.java:38)
	at org.gradle.internal.buildtree.DefaultBuildTreeContext.execute(DefaultBuildTreeContext.java:40)
	at org.gradle.launcher.exec.BuildTreeLifecycleBuildActionExecutor.lambda$execute$0(BuildTreeLifecycleBuildActionExecutor.java:58)
	at org.gradle.internal.buildtree.BuildTreeState.run(BuildTreeState.java:58)
	at org.gradle.launcher.exec.BuildTreeLifecycleBuildActionExecutor.execute(BuildTreeLifecycleBuildActionExecutor.java:58)
	at org.gradle.launcher.exec.RunAsBuildOperationBuildActionExecutor$3.call(RunAsBuildOperationBuildActionExecutor.java:61)
	at org.gradle.launcher.exec.RunAsBuildOperationBuildActionExecutor$3.call(RunAsBuildOperationBuildActionExecutor.java:57)
	at org.gradle.internal.operations.DefaultBuildOperationRunner$CallableBuildOperationWorker.execute(DefaultBuildOperationRunner.java:204)
	at org.gradle.internal.operations.DefaultBuildOperationRunner$CallableBuildOperationWorker.execute(DefaultBuildOperationRunner.java:199)
	at org.gradle.internal.operations.DefaultBuildOperationRunner$2.execute(DefaultBuildOperationRunner.java:66)
	at org.gradle.internal.operations.DefaultBuildOperationRunner$2.execute(DefaultBuildOperationRunner.java:59)
	at org.gradle.internal.operations.DefaultBuildOperationRunner.execute(DefaultBuildOperationRunner.java:157)
	at org.gradle.internal.operations.DefaultBuildOperationRunner.execute(DefaultBuildOperationRunner.java:59)
	at org.gradle.internal.operations.DefaultBuildOperationRunner.call(DefaultBuildOperationRunner.java:53)
	at org.gradle.internal.operations.DefaultBuildOperationExecutor.call(DefaultBuildOperationExecutor.java:73)
	at org.gradle.launcher.exec.RunAsBuildOperationBuildActionExecutor.execute(RunAsBuildOperationBuildActionExecutor.java:57)
	at org.gradle.launcher.exec.RunAsWorkerThreadBuildActionExecutor.lambda$execute$0(RunAsWorkerThreadBuildActionExecutor.java:36)
	at org.gradle.internal.work.DefaultWorkerLeaseService.withLocks(DefaultWorkerLeaseService.java:264)
	at org.gradle.internal.work.DefaultWorkerLeaseService.runAsWorkerThread(DefaultWorkerLeaseService.java:128)
	at org.gradle.launcher.exec.RunAsWorkerThreadBuildActionExecutor.execute(RunAsWorkerThreadBuildActionExecutor.java:36)
	at org.gradle.tooling.internal.provider.continuous.ContinuousBuildActionExecutor.execute(ContinuousBuildActionExecutor.java:110)
	at org.gradle.tooling.internal.provider.SubscribableBuildActionExecutor.execute(SubscribableBuildActionExecutor.java:64)
	at org.gradle.internal.session.DefaultBuildSessionContext.execute(DefaultBuildSessionContext.java:46)
	at org.gradle.tooling.internal.provider.BuildSessionLifecycleBuildActionExecuter$ActionImpl.apply(BuildSessionLifecycleBuildActionExecuter.java:92)
	at org.gradle.tooling.internal.provider.BuildSessionLifecycleBuildActionExecuter$ActionImpl.apply(BuildSessionLifecycleBuildActionExecuter.java:80)
	at org.gradle.internal.session.BuildSessionState.run(BuildSessionState.java:69)
	at org.gradle.tooling.internal.provider.BuildSessionLifecycleBuildActionExecuter.execute(BuildSessionLifecycleBuildActionExecuter.java:62)
	at org.gradle.tooling.internal.provider.BuildSessionLifecycleBuildActionExecuter.execute(BuildSessionLifecycleBuildActionExecuter.java:41)
	at org.gradle.tooling.internal.provider.StartParamsValidatingActionExecuter.execute(StartParamsValidatingActionExecuter.java:64)
	at org.gradle.tooling.internal.provider.StartParamsValidatingActionExecuter.execute(StartParamsValidatingActionExecuter.java:32)
	at org.gradle.tooling.internal.provider.SessionFailureReportingActionExecuter.execute(SessionFailureReportingActionExecuter.java:51)
	at org.gradle.tooling.internal.provider.SessionFailureReportingActionExecuter.execute(SessionFailureReportingActionExecuter.java:39)
	at org.gradle.tooling.internal.provider.SetupLoggingActionExecuter.execute(SetupLoggingActionExecuter.java:47)
	at org.gradle.tooling.internal.provider.SetupLoggingActionExecuter.execute(SetupLoggingActionExecuter.java:31)
	at org.gradle.launcher.daemon.server.exec.ExecuteBuild.doBuild(ExecuteBuild.java:65)
	at org.gradle.launcher.daemon.server.exec.BuildCommandOnly.execute(BuildCommandOnly.java:37)
	at org.gradle.launcher.daemon.server.api.DaemonCommandExecution.proceed(DaemonCommandExecution.java:104)
	at org.gradle.launcher.daemon.server.exec.WatchForDisconnection.execute(WatchForDisconnection.java:39)
	at org.gradle.launcher.daemon.server.api.DaemonCommandExecution.proceed(DaemonCommandExecution.java:104)
	at org.gradle.launcher.daemon.server.exec.ResetDeprecationLogger.execute(ResetDeprecationLogger.java:29)
	at org.gradle.launcher.daemon.server.api.DaemonCommandExecution.proceed(DaemonCommandExecution.java:104)
	at org.gradle.launcher.daemon.server.exec.RequestStopIfSingleUsedDaemon.execute(RequestStopIfSingleUsedDaemon.java:35)
	at org.gradle.launcher.daemon.server.api.DaemonCommandExecution.proceed(DaemonCommandExecution.java:104)
	at org.gradle.launcher.daemon.server.exec.ForwardClientInput$2.create(ForwardClientInput.java:78)
	at org.gradle.launcher.daemon.server.exec.ForwardClientInput$2.create(ForwardClientInput.java:75)
	at org.gradle.util.internal.Swapper.swap(Swapper.java:38)
	at org.gradle.launcher.daemon.server.exec.ForwardClientInput.execute(ForwardClientInput.java:75)
	at org.gradle.launcher.daemon.server.api.DaemonCommandExecution.proceed(DaemonCommandExecution.java:104)
	at org.gradle.launcher.daemon.server.exec.LogAndCheckHealth.execute(LogAndCheckHealth.java:64)
	at org.gradle.launcher.daemon.server.api.DaemonCommandExecution.proceed(DaemonCommandExecution.java:104)
	at org.gradle.launcher.daemon.server.exec.LogToClient.doBuild(LogToClient.java:63)
	at org.gradle.launcher.daemon.server.exec.BuildCommandOnly.execute(BuildCommandOnly.java:37)
	at org.gradle.launcher.daemon.server.api.DaemonCommandExecution.proceed(DaemonCommandExecution.java:104)
	at org.gradle.launcher.daemon.server.exec.EstablishBuildEnvironment.doBuild(EstablishBuildEnvironment.java:84)
	at org.gradle.launcher.daemon.server.exec.BuildCommandOnly.execute(BuildCommandOnly.java:37)
	at org.gradle.launcher.daemon.server.api.DaemonCommandExecution.proceed(DaemonCommandExecution.java:104)
	at org.gradle.launcher.daemon.server.exec.StartBuildOrRespondWithBusy$1.run(StartBuildOrRespondWithBusy.java:52)
	at org.gradle.launcher.daemon.server.DaemonStateCoordinator$1.run(DaemonStateCoordinator.java:297)
	at org.gradle.internal.concurrent.ExecutorPolicy$CatchAndRecordFailures.onExecute(ExecutorPolicy.java:64)
	at org.gradle.internal.concurrent.AbstractManagedExecutor$1.run(AbstractManagedExecutor.java:47)
	at java.base/java.util.concurrent.ThreadPoolExecutor.runWorker(ThreadPoolExecutor.java:1136)
	at java.base/java.util.concurrent.ThreadPoolExecutor$Worker.run(ThreadPoolExecutor.java:635)
	at java.base/java.lang.Thread.run(Thread.java:840)
[gradle-intellij-plugin :] Cannot create plugin from file '/opt/android-studio/plugins/Groovy': Invalid plugin descriptor 'plugin.xml'. Unable to read the plugin descriptor: No enum constant com.jetbrains.plugin.structure.intellij.plugin.IdePluginContentDescriptor.ServiceType.APPLİCATİON.
[gradle-intellij-plugin :] Cannot create plugin from file '/opt/android-studio/plugins/Kotlin': Invalid plugin descriptor 'plugin.xml'. Failed to resolve <xi:include> statement in the plugin.xml file. Not found document 'kotlin.plugin.k1.xml' referenced in <xi:include href="kotlin.plugin.k1.xml", includeUnless="idea.kotlin.plugin.use.k2"/>. <xi:fallback> element is not provided. (at plugin.xml).
Unable to read descriptor [plugin.xml] from [/opt/android-studio/plugins/android/lib/android.jar]
java.lang.IllegalArgumentException: No enum constant com.jetbrains.plugin.structure.intellij.plugin.IdePluginContentDescriptor.ServiceType.APPLİCATİON
	at java.base/java.lang.Enum.valueOf(Enum.java:273)
	at com.jetbrains.plugin.structure.intellij.plugin.IdePluginContentDescriptor$ServiceType.valueOf(IdePluginContents.kt)
	at com.jetbrains.plugin.structure.intellij.plugin.PluginCreator.readServiceDescriptor(PluginCreator.kt:406)
	at com.jetbrains.plugin.structure.intellij.plugin.PluginCreator.readExtensions(PluginCreator.kt:341)
	at com.jetbrains.plugin.structure.intellij.plugin.PluginCreator.setInfoFromBean(PluginCreator.kt:320)
	at com.jetbrains.plugin.structure.intellij.plugin.PluginCreator.resolveDocumentAndValidateBean(PluginCreator.kt:664)
	at com.jetbrains.plugin.structure.intellij.plugin.PluginCreator.access$resolveDocumentAndValidateBean(PluginCreator.kt:31)
	at com.jetbrains.plugin.structure.intellij.plugin.PluginCreator$Companion.createPlugin(PluginCreator.kt:109)
	at com.jetbrains.plugin.structure.intellij.plugin.IdePluginManager.loadPluginInfoFromJarFile(IdePluginManager.kt:62)
	at com.jetbrains.plugin.structure.intellij.plugin.IdePluginManager.loadPluginInfoFromLibDirectory(IdePluginManager.kt:165)
	at com.jetbrains.plugin.structure.intellij.plugin.IdePluginManager.loadPluginInfoFromDirectory(IdePluginManager.kt:97)
	at com.jetbrains.plugin.structure.intellij.plugin.IdePluginManager.loadPluginInfoFromJarOrDirectory(IdePluginManager.kt:206)
	at com.jetbrains.plugin.structure.intellij.plugin.IdePluginManager.getPluginCreatorWithResult(IdePluginManager.kt:347)
	at com.jetbrains.plugin.structure.intellij.plugin.IdePluginManager.createPlugin(IdePluginManager.kt:314)
	at com.jetbrains.plugin.structure.intellij.plugin.IdePluginManager.createPlugin$default(IdePluginManager.kt:312)
	at org.jetbrains.intellij.Utils.createPlugin(utils.kt:222)
	at org.jetbrains.intellij.dependency.BuiltinPluginsRegistry.add(BuiltinPluginsRegistry.kt:89)
	at org.jetbrains.intellij.dependency.BuiltinPluginsRegistry.fillFromDirectory(BuiltinPluginsRegistry.kt:47)
	at org.jetbrains.intellij.dependency.BuiltinPluginsRegistry.access$fillFromDirectory(BuiltinPluginsRegistry.kt:21)
	at org.jetbrains.intellij.dependency.BuiltinPluginsRegistry$Companion.fromDirectory(BuiltinPluginsRegistry.kt:127)
	at org.jetbrains.intellij.dependency.IdeaDependencyManager.createDependency(IdeaDependencyManager.kt:92)
	at org.jetbrains.intellij.dependency.IdeaDependencyManager.resolveLocal(IdeaDependencyManager.kt:430)
	at org.jetbrains.intellij.IntelliJPlugin$prepareIdeaDependencyProvider$1.call(IntelliJPlugin.kt:299)
	at org.jetbrains.intellij.IntelliJPlugin$prepareIdeaDependencyProvider$1.call(IntelliJPlugin.kt:266)
	at org.gradle.api.internal.provider.DefaultProvider.calculateOwnValue(DefaultProvider.java:72)
	at org.gradle.api.internal.provider.AbstractMinimalProvider.calculateValue(AbstractMinimalProvider.java:115)
	at org.gradle.api.internal.provider.TransformBackedProvider.calculateOwnValue(TransformBackedProvider.java:82)
	at org.gradle.api.internal.provider.AbstractMinimalProvider.calculateValue(AbstractMinimalProvider.java:115)
	at org.gradle.api.internal.provider.AbstractMinimalProvider.withFinalValue(AbstractMinimalProvider.java:168)
	at org.gradle.api.internal.provider.DefaultProperty.finalValue(DefaultProperty.java:133)
	at org.gradle.api.internal.provider.DefaultProperty.finalValue(DefaultProperty.java:26)
	at org.gradle.api.internal.provider.AbstractProperty.finalizeNow(AbstractProperty.java:245)
	at org.gradle.api.internal.provider.AbstractProperty.beforeRead(AbstractProperty.java:239)
	at org.gradle.api.internal.provider.AbstractProperty.calculateOwnValue(AbstractProperty.java:135)
	at org.gradle.api.internal.provider.AbstractMinimalProvider.calculateValue(AbstractMinimalProvider.java:115)
	at org.gradle.api.internal.provider.TransformBackedProvider.calculateOwnValue(TransformBackedProvider.java:82)
	at org.gradle.api.internal.provider.AbstractMinimalProvider.calculateValue(AbstractMinimalProvider.java:115)
	at org.gradle.api.internal.provider.TransformBackedProvider.calculateOwnValue(TransformBackedProvider.java:82)
	at org.gradle.api.internal.provider.AbstractMinimalProvider.calculateValue(AbstractMinimalProvider.java:115)
	at org.gradle.api.internal.provider.DefaultProperty.calculateValueFrom(DefaultProperty.java:128)
	at org.gradle.api.internal.provider.DefaultProperty.calculateValueFrom(DefaultProperty.java:26)
	at org.gradle.api.internal.provider.AbstractProperty.doCalculateValue(AbstractProperty.java:142)
	at org.gradle.api.internal.provider.AbstractProperty.calculateOwnValue(AbstractProperty.java:136)
	at org.gradle.api.internal.provider.AbstractMinimalProvider.getOrNull(AbstractMinimalProvider.java:105)
	at org.jetbrains.intellij.IntelliJPlugin$prepareConventionMappingsForRunIdeTask$8.call(IntelliJPlugin.kt:963)
	at org.jetbrains.intellij.IntelliJPlugin$prepareConventionMappingsForRunIdeTask$8.call(IntelliJPlugin.kt:958)
	at org.gradle.api.internal.provider.DefaultProvider.calculateOwnValue(DefaultProvider.java:72)
	at org.gradle.api.internal.provider.AbstractMinimalProvider.calculateValue(AbstractMinimalProvider.java:115)
	at org.gradle.api.internal.provider.TransformBackedProvider.calculateOwnValue(TransformBackedProvider.java:82)
	at org.gradle.api.internal.provider.AbstractMinimalProvider.calculateValue(AbstractMinimalProvider.java:115)
	at org.gradle.api.internal.provider.DefaultProperty.calculateValueFrom(DefaultProperty.java:128)
	at org.gradle.api.internal.provider.DefaultProperty.calculateValueFrom(DefaultProperty.java:26)
	at org.gradle.api.internal.provider.AbstractProperty.doCalculateValue(AbstractProperty.java:142)
	at org.gradle.api.internal.provider.AbstractProperty.calculateOwnValue(AbstractProperty.java:136)
	at org.gradle.api.internal.provider.AbstractMinimalProvider.calculateOwnPresentValue(AbstractMinimalProvider.java:80)
	at org.gradle.api.internal.provider.AbstractMinimalProvider.get(AbstractMinimalProvider.java:100)
	at org.jetbrains.intellij.tasks.RunIdeBase.getExecutable(RunIdeBase.kt:202)
	at org.jetbrains.intellij.tasks.BuildSearchableOptionsTask_Decorated.getExecutable(Unknown Source)
	at org.gradle.api.tasks.internal.JavaExecExecutableUtils.getExecutableOverrideToolchainSpec(JavaExecExecutableUtils.java:30)
	at org.gradle.api.tasks.JavaExec.lambda$new$0(JavaExec.java:144)
	at org.gradle.api.internal.provider.DefaultProvider.calculateOwnValue(DefaultProvider.java:72)
	at org.gradle.api.internal.provider.AbstractMinimalProvider.calculateValue(AbstractMinimalProvider.java:115)
	at org.gradle.api.internal.provider.FlatMapProvider.calculateOwnValue(FlatMapProvider.java:46)
	at org.gradle.api.internal.provider.AbstractMinimalProvider.calculateValue(AbstractMinimalProvider.java:115)
	at org.gradle.api.internal.provider.OrElseProvider.calculateOwnValue(OrElseProvider.java:76)
	at org.gradle.api.internal.provider.AbstractMinimalProvider.calculateValue(AbstractMinimalProvider.java:115)
	at org.gradle.api.internal.provider.TransformBackedProvider.calculateOwnValue(TransformBackedProvider.java:82)
	at org.gradle.api.internal.provider.AbstractMinimalProvider.calculateValue(AbstractMinimalProvider.java:115)
	at org.gradle.api.internal.provider.AbstractMinimalProvider.withFinalValue(AbstractMinimalProvider.java:168)
	at org.gradle.api.internal.provider.DefaultProperty.finalValue(DefaultProperty.java:133)
	at org.gradle.api.internal.provider.DefaultProperty.finalValue(DefaultProperty.java:26)
	at org.gradle.api.internal.provider.AbstractProperty.finalizeNow(AbstractProperty.java:245)
	at org.gradle.api.internal.provider.AbstractProperty.beforeRead(AbstractProperty.java:239)
	at org.gradle.api.internal.provider.AbstractProperty.calculateOwnValue(AbstractProperty.java:135)
	at org.gradle.api.internal.provider.AbstractMinimalProvider.getOrNull(AbstractMinimalProvider.java:105)
	at org.gradle.internal.properties.annotations.AbstractTypeMetadataWalker$InstanceTypeMetadataWalker.lambda$walkNestedProvider$0(AbstractTypeMetadataWalker.java:137)
	at org.gradle.internal.properties.annotations.AbstractTypeMetadataWalker$InstanceTypeMetadataWalker.walkNestedChild(AbstractTypeMetadataWalker.java:184)
	at org.gradle.internal.properties.annotations.AbstractTypeMetadataWalker$InstanceTypeMetadataWalker.walkNestedProvider(AbstractTypeMetadataWalker.java:136)
	at org.gradle.internal.properties.annotations.AbstractTypeMetadataWalker$InstanceTypeMetadataWalker.walkNestedProvider(AbstractTypeMetadataWalker.java:118)
	at org.gradle.internal.properties.annotations.AbstractTypeMetadataWalker.walkNested(AbstractTypeMetadataWalker.java:60)
	at org.gradle.internal.properties.annotations.AbstractTypeMetadataWalker.lambda$walkChildren$3(AbstractTypeMetadataWalker.java:85)
	at org.gradle.internal.properties.annotations.AbstractTypeMetadataWalker$InstanceTypeMetadataWalker.walkNestedChild(AbstractTypeMetadataWalker.java:190)
	at org.gradle.internal.properties.annotations.AbstractTypeMetadataWalker$InstanceTypeMetadataWalker.walkNestedChild(AbstractTypeMetadataWalker.java:171)
	at org.gradle.internal.properties.annotations.AbstractTypeMetadataWalker$InstanceTypeMetadataWalker.walkNestedChild(AbstractTypeMetadataWalker.java:118)
	at org.gradle.internal.properties.annotations.AbstractTypeMetadataWalker.lambda$walkChildren$4(AbstractTypeMetadataWalker.java:85)
	at java.base/java.lang.Iterable.forEach(Iterable.java:75)
	at org.gradle.internal.properties.annotations.AbstractTypeMetadataWalker.walkChildren(AbstractTypeMetadataWalker.java:83)
	at org.gradle.internal.properties.annotations.AbstractTypeMetadataWalker.walk(AbstractTypeMetadataWalker.java:53)
	at org.gradle.internal.properties.bean.DefaultPropertyWalker.visitProperties(DefaultPropertyWalker.java:65)
	at org.gradle.api.internal.tasks.TaskPropertyUtils.visitAnnotatedProperties(TaskPropertyUtils.java:58)
	at org.gradle.api.internal.tasks.TaskPropertyUtils.visitProperties(TaskPropertyUtils.java:45)
	at org.gradle.api.internal.tasks.TaskPropertyUtils.visitProperties(TaskPropertyUtils.java:35)
	at org.gradle.api.internal.tasks.DefaultTaskInputs.visitDependencies(DefaultTaskInputs.java:195)
	at org.gradle.api.internal.tasks.DefaultTaskDependency.visitDependencies(DefaultTaskDependency.java:112)
	at org.gradle.api.internal.tasks.CachingTaskDependencyResolveContext$TaskGraphImpl.getNodeValues(CachingTaskDependencyResolveContext.java:103)
	at org.gradle.internal.graph.CachingDirectedGraphWalker$GraphWithEmptyEdges.getNodeValues(CachingDirectedGraphWalker.java:213)
	at org.gradle.internal.graph.CachingDirectedGraphWalker.doSearch(CachingDirectedGraphWalker.java:121)
	at org.gradle.internal.graph.CachingDirectedGraphWalker.findValues(CachingDirectedGraphWalker.java:73)
	at org.gradle.api.internal.tasks.CachingTaskDependencyResolveContext.getDependencies(CachingTaskDependencyResolveContext.java:66)
	at org.gradle.execution.plan.TaskDependencyResolver.resolveDependenciesFor(TaskDependencyResolver.java:49)
	at org.gradle.execution.plan.LocalTaskNode.getDependencies(LocalTaskNode.java:148)
	at org.gradle.execution.plan.LocalTaskNode.resolveDependencies(LocalTaskNode.java:122)
	at org.gradle.execution.plan.DefaultExecutionPlan.discoverNodeRelationships(DefaultExecutionPlan.java:183)
	at org.gradle.execution.plan.DefaultExecutionPlan.doAddEntryNodes(DefaultExecutionPlan.java:155)
	at org.gradle.execution.plan.DefaultExecutionPlan.addEntryTasks(DefaultExecutionPlan.java:130)
	at org.gradle.execution.plan.DefaultExecutionPlan.addEntryTasks(DefaultExecutionPlan.java:122)
	at org.gradle.execution.TaskNameResolvingBuildTaskScheduler.scheduleRequestedTasks(TaskNameResolvingBuildTaskScheduler.java:54)
	at org.gradle.execution.DefaultTasksBuildTaskScheduler.scheduleRequestedTasks(DefaultTasksBuildTaskScheduler.java:72)
	at org.gradle.initialization.DefaultTaskExecutionPreparer.lambda$scheduleRequestedTasks$0(DefaultTaskExecutionPreparer.java:46)
	at org.gradle.internal.Factories$1.create(Factories.java:31)
	at org.gradle.internal.work.DefaultWorkerLeaseService.withReplacedLocks(DefaultWorkerLeaseService.java:360)
	at org.gradle.api.internal.project.DefaultProjectStateRegistry$DefaultBuildProjectRegistry.withMutableStateOfAllProjects(DefaultProjectStateRegistry.java:239)
	at org.gradle.api.internal.project.DefaultProjectStateRegistry$DefaultBuildProjectRegistry.withMutableStateOfAllProjects(DefaultProjectStateRegistry.java:232)
	at org.gradle.initialization.DefaultTaskExecutionPreparer.scheduleRequestedTasks(DefaultTaskExecutionPreparer.java:45)
	at org.gradle.initialization.VintageBuildModelController.lambda$scheduleRequestedTasks$0(VintageBuildModelController.java:76)
	at org.gradle.internal.model.StateTransitionController.lambda$inState$1(StateTransitionController.java:99)
	at org.gradle.internal.model.StateTransitionController.lambda$inState$2(StateTransitionController.java:114)
	at org.gradle.internal.work.DefaultSynchronizer.withLock(DefaultSynchronizer.java:44)
	at org.gradle.internal.model.StateTransitionController.inState(StateTransitionController.java:110)
	at org.gradle.internal.model.StateTransitionController.inState(StateTransitionController.java:98)
	at org.gradle.initialization.VintageBuildModelController.scheduleRequestedTasks(VintageBuildModelController.java:76)
	at org.gradle.internal.build.DefaultBuildLifecycleController$DefaultWorkGraphBuilder.addRequestedTasks(DefaultBuildLifecycleController.java:404)
	at org.gradle.internal.buildtree.DefaultBuildTreeWorkPreparer.lambda$scheduleRequestedTasks$0(DefaultBuildTreeWorkPreparer.java:41)
	at org.gradle.internal.build.DefaultBuildLifecycleController.lambda$populateWorkGraph$7(DefaultBuildLifecycleController.java:189)
	at org.gradle.internal.build.DefaultBuildWorkPreparer.populateWorkGraph(DefaultBuildWorkPreparer.java:42)
	at org.gradle.internal.build.BuildOperationFiringBuildWorkPreparer$PopulateWorkGraph.populateTaskGraph(BuildOperationFiringBuildWorkPreparer.java:106)
	at org.gradle.internal.build.BuildOperationFiringBuildWorkPreparer$PopulateWorkGraph.run(BuildOperationFiringBuildWorkPreparer.java:92)
	at org.gradle.internal.operations.DefaultBuildOperationRunner$1.execute(DefaultBuildOperationRunner.java:29)
	at org.gradle.internal.operations.DefaultBuildOperationRunner$1.execute(DefaultBuildOperationRunner.java:26)
	at org.gradle.internal.operations.DefaultBuildOperationRunner$2.execute(DefaultBuildOperationRunner.java:66)
	at org.gradle.internal.operations.DefaultBuildOperationRunner$2.execute(DefaultBuildOperationRunner.java:59)
	at org.gradle.internal.operations.DefaultBuildOperationRunner.execute(DefaultBuildOperationRunner.java:157)
	at org.gradle.internal.operations.DefaultBuildOperationRunner.execute(DefaultBuildOperationRunner.java:59)
	at org.gradle.internal.operations.DefaultBuildOperationRunner.run(DefaultBuildOperationRunner.java:47)
	at org.gradle.internal.operations.DefaultBuildOperationExecutor.run(DefaultBuildOperationExecutor.java:68)
	at org.gradle.internal.build.BuildOperationFiringBuildWorkPreparer.populateWorkGraph(BuildOperationFiringBuildWorkPreparer.java:67)
	at org.gradle.internal.build.DefaultBuildLifecycleController.lambda$populateWorkGraph$8(DefaultBuildLifecycleController.java:189)
	at org.gradle.internal.model.StateTransitionController.lambda$inState$1(StateTransitionController.java:99)
	at org.gradle.internal.model.StateTransitionController.lambda$inState$2(StateTransitionController.java:114)
	at org.gradle.internal.work.DefaultSynchronizer.withLock(DefaultSynchronizer.java:44)
	at org.gradle.internal.model.StateTransitionController.inState(StateTransitionController.java:110)
	at org.gradle.internal.model.StateTransitionController.inState(StateTransitionController.java:98)
	at org.gradle.internal.build.DefaultBuildLifecycleController.populateWorkGraph(DefaultBuildLifecycleController.java:189)
	at org.gradle.internal.build.DefaultBuildWorkGraphController$DefaultBuildWorkGraph.populateWorkGraph(DefaultBuildWorkGraphController.java:169)
	at org.gradle.composite.internal.DefaultBuildController.populateWorkGraph(DefaultBuildController.java:76)
	at org.gradle.composite.internal.DefaultIncludedBuildTaskGraph$DefaultBuildTreeWorkGraphBuilder.withWorkGraph(DefaultIncludedBuildTaskGraph.java:153)
	at org.gradle.internal.buildtree.DefaultBuildTreeWorkPreparer.lambda$scheduleRequestedTasks$1(DefaultBuildTreeWorkPreparer.java:41)
	at org.gradle.composite.internal.DefaultIncludedBuildTaskGraph$DefaultBuildTreeWorkGraph$1.run(DefaultIncludedBuildTaskGraph.java:209)
	at org.gradle.internal.operations.DefaultBuildOperationRunner$1.execute(DefaultBuildOperationRunner.java:29)
	at org.gradle.internal.operations.DefaultBuildOperationRunner$1.execute(DefaultBuildOperationRunner.java:26)
	at org.gradle.internal.operations.DefaultBuildOperationRunner$2.execute(DefaultBuildOperationRunner.java:66)
	at org.gradle.internal.operations.DefaultBuildOperationRunner$2.execute(DefaultBuildOperationRunner.java:59)
	at org.gradle.internal.operations.DefaultBuildOperationRunner.execute(DefaultBuildOperationRunner.java:157)
	at org.gradle.internal.operations.DefaultBuildOperationRunner.execute(DefaultBuildOperationRunner.java:59)
	at org.gradle.internal.operations.DefaultBuildOperationRunner.run(DefaultBuildOperationRunner.java:47)
	at org.gradle.internal.operations.DefaultBuildOperationExecutor.run(DefaultBuildOperationExecutor.java:68)
	at org.gradle.composite.internal.DefaultIncludedBuildTaskGraph$DefaultBuildTreeWorkGraph.scheduleWork(DefaultIncludedBuildTaskGraph.java:204)
	at org.gradle.internal.buildtree.DefaultBuildTreeWorkPreparer.scheduleRequestedTasks(DefaultBuildTreeWorkPreparer.java:37)
	at org.gradle.configurationcache.VintageBuildTreeWorkController$scheduleAndRunRequestedTasks$1.apply(VintageBuildTreeWorkController.kt:36)
	at org.gradle.configurationcache.VintageBuildTreeWorkController$scheduleAndRunRequestedTasks$1.apply(VintageBuildTreeWorkController.kt:35)
	at org.gradle.composite.internal.DefaultIncludedBuildTaskGraph.withNewWorkGraph(DefaultIncludedBuildTaskGraph.java:112)
	at org.gradle.configurationcache.VintageBuildTreeWorkController.scheduleAndRunRequestedTasks(VintageBuildTreeWorkController.kt:35)
	at org.gradle.internal.buildtree.DefaultBuildTreeLifecycleController.lambda$scheduleAndRunTasks$1(DefaultBuildTreeLifecycleController.java:76)
	at org.gradle.internal.buildtree.DefaultBuildTreeLifecycleController.lambda$runBuild$4(DefaultBuildTreeLifecycleController.java:119)
	at org.gradle.internal.model.StateTransitionController.lambda$transition$6(StateTransitionController.java:169)
	at org.gradle.internal.model.StateTransitionController.doTransition(StateTransitionController.java:266)
	at org.gradle.internal.model.StateTransitionController.lambda$transition$7(StateTransitionController.java:169)
	at org.gradle.internal.work.DefaultSynchronizer.withLock(DefaultSynchronizer.java:44)
	at org.gradle.internal.model.StateTransitionController.transition(StateTransitionController.java:169)
	at org.gradle.internal.buildtree.DefaultBuildTreeLifecycleController.runBuild(DefaultBuildTreeLifecycleController.java:116)
	at org.gradle.internal.buildtree.DefaultBuildTreeLifecycleController.scheduleAndRunTasks(DefaultBuildTreeLifecycleController.java:76)
	at org.gradle.internal.buildtree.DefaultBuildTreeLifecycleController.scheduleAndRunTasks(DefaultBuildTreeLifecycleController.java:71)
	at org.gradle.tooling.internal.provider.ExecuteBuildActionRunner.run(ExecuteBuildActionRunner.java:31)
	at org.gradle.launcher.exec.ChainingBuildActionRunner.run(ChainingBuildActionRunner.java:35)
	at org.gradle.internal.buildtree.ProblemReportingBuildActionRunner.run(ProblemReportingBuildActionRunner.java:49)
	at org.gradle.launcher.exec.BuildOutcomeReportingBuildActionRunner.run(BuildOutcomeReportingBuildActionRunner.java:65)
	at org.gradle.tooling.internal.provider.FileSystemWatchingBuildActionRunner.run(FileSystemWatchingBuildActionRunner.java:140)
	at org.gradle.launcher.exec.BuildCompletionNotifyingBuildActionRunner.run(BuildCompletionNotifyingBuildActionRunner.java:41)
	at org.gradle.launcher.exec.RootBuildLifecycleBuildActionExecutor.lambda$execute$0(RootBuildLifecycleBuildActionExecutor.java:40)
	at org.gradle.composite.internal.DefaultRootBuildState.run(DefaultRootBuildState.java:123)
	at org.gradle.launcher.exec.RootBuildLifecycleBuildActionExecutor.execute(RootBuildLifecycleBuildActionExecutor.java:40)
	at org.gradle.internal.buildtree.InitDeprecationLoggingActionExecutor.execute(InitDeprecationLoggingActionExecutor.java:62)
	at org.gradle.internal.buildtree.InitProblems.execute(InitProblems.java:38)
	at org.gradle.internal.buildtree.DefaultBuildTreeContext.execute(DefaultBuildTreeContext.java:40)
	at org.gradle.launcher.exec.BuildTreeLifecycleBuildActionExecutor.lambda$execute$0(BuildTreeLifecycleBuildActionExecutor.java:58)
	at org.gradle.internal.buildtree.BuildTreeState.run(BuildTreeState.java:58)
	at org.gradle.launcher.exec.BuildTreeLifecycleBuildActionExecutor.execute(BuildTreeLifecycleBuildActionExecutor.java:58)
	at org.gradle.launcher.exec.RunAsBuildOperationBuildActionExecutor$3.call(RunAsBuildOperationBuildActionExecutor.java:61)
	at org.gradle.launcher.exec.RunAsBuildOperationBuildActionExecutor$3.call(RunAsBuildOperationBuildActionExecutor.java:57)
	at org.gradle.internal.operations.DefaultBuildOperationRunner$CallableBuildOperationWorker.execute(DefaultBuildOperationRunner.java:204)
	at org.gradle.internal.operations.DefaultBuildOperationRunner$CallableBuildOperationWorker.execute(DefaultBuildOperationRunner.java:199)
	at org.gradle.internal.operations.DefaultBuildOperationRunner$2.execute(DefaultBuildOperationRunner.java:66)
	at org.gradle.internal.operations.DefaultBuildOperationRunner$2.execute(DefaultBuildOperationRunner.java:59)
	at org.gradle.internal.operations.DefaultBuildOperationRunner.execute(DefaultBuildOperationRunner.java:157)
	at org.gradle.internal.operations.DefaultBuildOperationRunner.execute(DefaultBuildOperationRunner.java:59)
	at org.gradle.internal.operations.DefaultBuildOperationRunner.call(DefaultBuildOperationRunner.java:53)
	at org.gradle.internal.operations.DefaultBuildOperationExecutor.call(DefaultBuildOperationExecutor.java:73)
	at org.gradle.launcher.exec.RunAsBuildOperationBuildActionExecutor.execute(RunAsBuildOperationBuildActionExecutor.java:57)
	at org.gradle.launcher.exec.RunAsWorkerThreadBuildActionExecutor.lambda$execute$0(RunAsWorkerThreadBuildActionExecutor.java:36)
	at org.gradle.internal.work.DefaultWorkerLeaseService.withLocks(DefaultWorkerLeaseService.java:264)
	at org.gradle.internal.work.DefaultWorkerLeaseService.runAsWorkerThread(DefaultWorkerLeaseService.java:128)
	at org.gradle.launcher.exec.RunAsWorkerThreadBuildActionExecutor.execute(RunAsWorkerThreadBuildActionExecutor.java:36)
	at org.gradle.tooling.internal.provider.continuous.ContinuousBuildActionExecutor.execute(ContinuousBuildActionExecutor.java:110)
	at org.gradle.tooling.internal.provider.SubscribableBuildActionExecutor.execute(SubscribableBuildActionExecutor.java:64)
	at org.gradle.internal.session.DefaultBuildSessionContext.execute(DefaultBuildSessionContext.java:46)
	at org.gradle.tooling.internal.provider.BuildSessionLifecycleBuildActionExecuter$ActionImpl.apply(BuildSessionLifecycleBuildActionExecuter.java:92)
	at org.gradle.tooling.internal.provider.BuildSessionLifecycleBuildActionExecuter$ActionImpl.apply(BuildSessionLifecycleBuildActionExecuter.java:80)
	at org.gradle.internal.session.BuildSessionState.run(BuildSessionState.java:69)
	at org.gradle.tooling.internal.provider.BuildSessionLifecycleBuildActionExecuter.execute(BuildSessionLifecycleBuildActionExecuter.java:62)
	at org.gradle.tooling.internal.provider.BuildSessionLifecycleBuildActionExecuter.execute(BuildSessionLifecycleBuildActionExecuter.java:41)
	at org.gradle.tooling.internal.provider.StartParamsValidatingActionExecuter.execute(StartParamsValidatingActionExecuter.java:64)
	at org.gradle.tooling.internal.provider.StartParamsValidatingActionExecuter.execute(StartParamsValidatingActionExecuter.java:32)
	at org.gradle.tooling.internal.provider.SessionFailureReportingActionExecuter.execute(SessionFailureReportingActionExecuter.java:51)
	at org.gradle.tooling.internal.provider.SessionFailureReportingActionExecuter.execute(SessionFailureReportingActionExecuter.java:39)
	at org.gradle.tooling.internal.provider.SetupLoggingActionExecuter.execute(SetupLoggingActionExecuter.java:47)
	at org.gradle.tooling.internal.provider.SetupLoggingActionExecuter.execute(SetupLoggingActionExecuter.java:31)
	at org.gradle.launcher.daemon.server.exec.ExecuteBuild.doBuild(ExecuteBuild.java:65)
	at org.gradle.launcher.daemon.server.exec.BuildCommandOnly.execute(BuildCommandOnly.java:37)
	at org.gradle.launcher.daemon.server.api.DaemonCommandExecution.proceed(DaemonCommandExecution.java:104)
	at org.gradle.launcher.daemon.server.exec.WatchForDisconnection.execute(WatchForDisconnection.java:39)
	at org.gradle.launcher.daemon.server.api.DaemonCommandExecution.proceed(DaemonCommandExecution.java:104)
	at org.gradle.launcher.daemon.server.exec.ResetDeprecationLogger.execute(ResetDeprecationLogger.java:29)
	at org.gradle.launcher.daemon.server.api.DaemonCommandExecution.proceed(DaemonCommandExecution.java:104)
	at org.gradle.launcher.daemon.server.exec.RequestStopIfSingleUsedDaemon.execute(RequestStopIfSingleUsedDaemon.java:35)
	at org.gradle.launcher.daemon.server.api.DaemonCommandExecution.proceed(DaemonCommandExecution.java:104)
	at org.gradle.launcher.daemon.server.exec.ForwardClientInput$2.create(ForwardClientInput.java:78)
	at org.gradle.launcher.daemon.server.exec.ForwardClientInput$2.create(ForwardClientInput.java:75)
	at org.gradle.util.internal.Swapper.swap(Swapper.java:38)
	at org.gradle.launcher.daemon.server.exec.ForwardClientInput.execute(ForwardClientInput.java:75)
	at org.gradle.launcher.daemon.server.api.DaemonCommandExecution.proceed(DaemonCommandExecution.java:104)
	at org.gradle.launcher.daemon.server.exec.LogAndCheckHealth.execute(LogAndCheckHealth.java:64)
	at org.gradle.launcher.daemon.server.api.DaemonCommandExecution.proceed(DaemonCommandExecution.java:104)
	at org.gradle.launcher.daemon.server.exec.LogToClient.doBuild(LogToClient.java:63)
	at org.gradle.launcher.daemon.server.exec.BuildCommandOnly.execute(BuildCommandOnly.java:37)
	at org.gradle.launcher.daemon.server.api.DaemonCommandExecution.proceed(DaemonCommandExecution.java:104)
	at org.gradle.launcher.daemon.server.exec.EstablishBuildEnvironment.doBuild(EstablishBuildEnvironment.java:84)
	at org.gradle.launcher.daemon.server.exec.BuildCommandOnly.execute(BuildCommandOnly.java:37)
	at org.gradle.launcher.daemon.server.api.DaemonCommandExecution.proceed(DaemonCommandExecution.java:104)
	at org.gradle.launcher.daemon.server.exec.StartBuildOrRespondWithBusy$1.run(StartBuildOrRespondWithBusy.java:52)
	at org.gradle.launcher.daemon.server.DaemonStateCoordinator$1.run(DaemonStateCoordinator.java:297)
	at org.gradle.internal.concurrent.ExecutorPolicy$CatchAndRecordFailures.onExecute(ExecutorPolicy.java:64)
	at org.gradle.internal.concurrent.AbstractManagedExecutor$1.run(AbstractManagedExecutor.java:47)
	at java.base/java.util.concurrent.ThreadPoolExecutor.runWorker(ThreadPoolExecutor.java:1136)
	at java.base/java.util.concurrent.ThreadPoolExecutor$Worker.run(ThreadPoolExecutor.java:635)
	at java.base/java.lang.Thread.run(Thread.java:840)
[gradle-intellij-plugin :] Cannot create plugin from file '/opt/android-studio/plugins/android': Invalid plugin descriptor 'plugin.xml'. Unable to read the plugin descriptor: No enum constant com.jetbrains.plugin.structure.intellij.plugin.IdePluginContentDescriptor.ServiceType.APPLİCATİON.
Unable to read descriptor [plugin.xml] from [/opt/android-studio/plugins/android-apk/lib/android-apk.jar]
java.lang.IllegalArgumentException: No enum constant com.jetbrains.plugin.structure.intellij.plugin.IdePluginContentDescriptor.ServiceType.APPLİCATİON
	at java.base/java.lang.Enum.valueOf(Enum.java:273)
	at com.jetbrains.plugin.structure.intellij.plugin.IdePluginContentDescriptor$ServiceType.valueOf(IdePluginContents.kt)
	at com.jetbrains.plugin.structure.intellij.plugin.PluginCreator.readServiceDescriptor(PluginCreator.kt:406)
	at com.jetbrains.plugin.structure.intellij.plugin.PluginCreator.readExtensions(PluginCreator.kt:341)
	at com.jetbrains.plugin.structure.intellij.plugin.PluginCreator.setInfoFromBean(PluginCreator.kt:320)
	at com.jetbrains.plugin.structure.intellij.plugin.PluginCreator.resolveDocumentAndValidateBean(PluginCreator.kt:664)
	at com.jetbrains.plugin.structure.intellij.plugin.PluginCreator.access$resolveDocumentAndValidateBean(PluginCreator.kt:31)
	at com.jetbrains.plugin.structure.intellij.plugin.PluginCreator$Companion.createPlugin(PluginCreator.kt:109)
	at com.jetbrains.plugin.structure.intellij.plugin.IdePluginManager.loadPluginInfoFromJarFile(IdePluginManager.kt:62)
	at com.jetbrains.plugin.structure.intellij.plugin.IdePluginManager.loadPluginInfoFromLibDirectory(IdePluginManager.kt:165)
	at com.jetbrains.plugin.structure.intellij.plugin.IdePluginManager.loadPluginInfoFromDirectory(IdePluginManager.kt:97)
	at com.jetbrains.plugin.structure.intellij.plugin.IdePluginManager.loadPluginInfoFromJarOrDirectory(IdePluginManager.kt:206)
	at com.jetbrains.plugin.structure.intellij.plugin.IdePluginManager.getPluginCreatorWithResult(IdePluginManager.kt:347)
	at com.jetbrains.plugin.structure.intellij.plugin.IdePluginManager.createPlugin(IdePluginManager.kt:314)
	at com.jetbrains.plugin.structure.intellij.plugin.IdePluginManager.createPlugin$default(IdePluginManager.kt:312)
	at org.jetbrains.intellij.Utils.createPlugin(utils.kt:222)
	at org.jetbrains.intellij.dependency.BuiltinPluginsRegistry.add(BuiltinPluginsRegistry.kt:89)
	at org.jetbrains.intellij.dependency.BuiltinPluginsRegistry.fillFromDirectory(BuiltinPluginsRegistry.kt:47)
	at org.jetbrains.intellij.dependency.BuiltinPluginsRegistry.access$fillFromDirectory(BuiltinPluginsRegistry.kt:21)
	at org.jetbrains.intellij.dependency.BuiltinPluginsRegistry$Companion.fromDirectory(BuiltinPluginsRegistry.kt:127)
	at org.jetbrains.intellij.dependency.IdeaDependencyManager.createDependency(IdeaDependencyManager.kt:92)
	at org.jetbrains.intellij.dependency.IdeaDependencyManager.resolveLocal(IdeaDependencyManager.kt:430)
	at org.jetbrains.intellij.IntelliJPlugin$prepareIdeaDependencyProvider$1.call(IntelliJPlugin.kt:299)
	at org.jetbrains.intellij.IntelliJPlugin$prepareIdeaDependencyProvider$1.call(IntelliJPlugin.kt:266)
	at org.gradle.api.internal.provider.DefaultProvider.calculateOwnValue(DefaultProvider.java:72)
	at org.gradle.api.internal.provider.AbstractMinimalProvider.calculateValue(AbstractMinimalProvider.java:115)
	at org.gradle.api.internal.provider.TransformBackedProvider.calculateOwnValue(TransformBackedProvider.java:82)
	at org.gradle.api.internal.provider.AbstractMinimalProvider.calculateValue(AbstractMinimalProvider.java:115)
	at org.gradle.api.internal.provider.AbstractMinimalProvider.withFinalValue(AbstractMinimalProvider.java:168)
	at org.gradle.api.internal.provider.DefaultProperty.finalValue(DefaultProperty.java:133)
	at org.gradle.api.internal.provider.DefaultProperty.finalValue(DefaultProperty.java:26)
	at org.gradle.api.internal.provider.AbstractProperty.finalizeNow(AbstractProperty.java:245)
	at org.gradle.api.internal.provider.AbstractProperty.beforeRead(AbstractProperty.java:239)
	at org.gradle.api.internal.provider.AbstractProperty.calculateOwnValue(AbstractProperty.java:135)
	at org.gradle.api.internal.provider.AbstractMinimalProvider.calculateValue(AbstractMinimalProvider.java:115)
	at org.gradle.api.internal.provider.TransformBackedProvider.calculateOwnValue(TransformBackedProvider.java:82)
	at org.gradle.api.internal.provider.AbstractMinimalProvider.calculateValue(AbstractMinimalProvider.java:115)
	at org.gradle.api.internal.provider.TransformBackedProvider.calculateOwnValue(TransformBackedProvider.java:82)
	at org.gradle.api.internal.provider.AbstractMinimalProvider.calculateValue(AbstractMinimalProvider.java:115)
	at org.gradle.api.internal.provider.DefaultProperty.calculateValueFrom(DefaultProperty.java:128)
	at org.gradle.api.internal.provider.DefaultProperty.calculateValueFrom(DefaultProperty.java:26)
	at org.gradle.api.internal.provider.AbstractProperty.doCalculateValue(AbstractProperty.java:142)
	at org.gradle.api.internal.provider.AbstractProperty.calculateOwnValue(AbstractProperty.java:136)
	at org.gradle.api.internal.provider.AbstractMinimalProvider.getOrNull(AbstractMinimalProvider.java:105)
	at org.jetbrains.intellij.IntelliJPlugin$prepareConventionMappingsForRunIdeTask$8.call(IntelliJPlugin.kt:963)
	at org.jetbrains.intellij.IntelliJPlugin$prepareConventionMappingsForRunIdeTask$8.call(IntelliJPlugin.kt:958)
	at org.gradle.api.internal.provider.DefaultProvider.calculateOwnValue(DefaultProvider.java:72)
	at org.gradle.api.internal.provider.AbstractMinimalProvider.calculateValue(AbstractMinimalProvider.java:115)
	at org.gradle.api.internal.provider.TransformBackedProvider.calculateOwnValue(TransformBackedProvider.java:82)
	at org.gradle.api.internal.provider.AbstractMinimalProvider.calculateValue(AbstractMinimalProvider.java:115)
	at org.gradle.api.internal.provider.DefaultProperty.calculateValueFrom(DefaultProperty.java:128)
	at org.gradle.api.internal.provider.DefaultProperty.calculateValueFrom(DefaultProperty.java:26)
	at org.gradle.api.internal.provider.AbstractProperty.doCalculateValue(AbstractProperty.java:142)
	at org.gradle.api.internal.provider.AbstractProperty.calculateOwnValue(AbstractProperty.java:136)
	at org.gradle.api.internal.provider.AbstractMinimalProvider.calculateOwnPresentValue(AbstractMinimalProvider.java:80)
	at org.gradle.api.internal.provider.AbstractMinimalProvider.get(AbstractMinimalProvider.java:100)
	at org.jetbrains.intellij.tasks.RunIdeBase.getExecutable(RunIdeBase.kt:202)
	at org.jetbrains.intellij.tasks.BuildSearchableOptionsTask_Decorated.getExecutable(Unknown Source)
	at org.gradle.api.tasks.internal.JavaExecExecutableUtils.getExecutableOverrideToolchainSpec(JavaExecExecutableUtils.java:30)
	at org.gradle.api.tasks.JavaExec.lambda$new$0(JavaExec.java:144)
	at org.gradle.api.internal.provider.DefaultProvider.calculateOwnValue(DefaultProvider.java:72)
	at org.gradle.api.internal.provider.AbstractMinimalProvider.calculateValue(AbstractMinimalProvider.java:115)
	at org.gradle.api.internal.provider.FlatMapProvider.calculateOwnValue(FlatMapProvider.java:46)
	at org.gradle.api.internal.provider.AbstractMinimalProvider.calculateValue(AbstractMinimalProvider.java:115)
	at org.gradle.api.internal.provider.OrElseProvider.calculateOwnValue(OrElseProvider.java:76)
	at org.gradle.api.internal.provider.AbstractMinimalProvider.calculateValue(AbstractMinimalProvider.java:115)
	at org.gradle.api.internal.provider.TransformBackedProvider.calculateOwnValue(TransformBackedProvider.java:82)
	at org.gradle.api.internal.provider.AbstractMinimalProvider.calculateValue(AbstractMinimalProvider.java:115)
	at org.gradle.api.internal.provider.AbstractMinimalProvider.withFinalValue(AbstractMinimalProvider.java:168)
	at org.gradle.api.internal.provider.DefaultProperty.finalValue(DefaultProperty.java:133)
	at org.gradle.api.internal.provider.DefaultProperty.finalValue(DefaultProperty.java:26)
	at org.gradle.api.internal.provider.AbstractProperty.finalizeNow(AbstractProperty.java:245)
	at org.gradle.api.internal.provider.AbstractProperty.beforeRead(AbstractProperty.java:239)
	at org.gradle.api.internal.provider.AbstractProperty.calculateOwnValue(AbstractProperty.java:135)
	at org.gradle.api.internal.provider.AbstractMinimalProvider.getOrNull(AbstractMinimalProvider.java:105)
	at org.gradle.internal.properties.annotations.AbstractTypeMetadataWalker$InstanceTypeMetadataWalker.lambda$walkNestedProvider$0(AbstractTypeMetadataWalker.java:137)
	at org.gradle.internal.properties.annotations.AbstractTypeMetadataWalker$InstanceTypeMetadataWalker.walkNestedChild(AbstractTypeMetadataWalker.java:184)
	at org.gradle.internal.properties.annotations.AbstractTypeMetadataWalker$InstanceTypeMetadataWalker.walkNestedProvider(AbstractTypeMetadataWalker.java:136)
	at org.gradle.internal.properties.annotations.AbstractTypeMetadataWalker$InstanceTypeMetadataWalker.walkNestedProvider(AbstractTypeMetadataWalker.java:118)
	at org.gradle.internal.properties.annotations.AbstractTypeMetadataWalker.walkNested(AbstractTypeMetadataWalker.java:60)
	at org.gradle.internal.properties.annotations.AbstractTypeMetadataWalker.lambda$walkChildren$3(AbstractTypeMetadataWalker.java:85)
	at org.gradle.internal.properties.annotations.AbstractTypeMetadataWalker$InstanceTypeMetadataWalker.walkNestedChild(AbstractTypeMetadataWalker.java:190)
	at org.gradle.internal.properties.annotations.AbstractTypeMetadataWalker$InstanceTypeMetadataWalker.walkNestedChild(AbstractTypeMetadataWalker.java:171)
	at org.gradle.internal.properties.annotations.AbstractTypeMetadataWalker$InstanceTypeMetadataWalker.walkNestedChild(AbstractTypeMetadataWalker.java:118)
	at org.gradle.internal.properties.annotations.AbstractTypeMetadataWalker.lambda$walkChildren$4(AbstractTypeMetadataWalker.java:85)
	at java.base/java.lang.Iterable.forEach(Iterable.java:75)
	at org.gradle.internal.properties.annotations.AbstractTypeMetadataWalker.walkChildren(AbstractTypeMetadataWalker.java:83)
	at org.gradle.internal.properties.annotations.AbstractTypeMetadataWalker.walk(AbstractTypeMetadataWalker.java:53)
	at org.gradle.internal.properties.bean.DefaultPropertyWalker.visitProperties(DefaultPropertyWalker.java:65)
	at org.gradle.api.internal.tasks.TaskPropertyUtils.visitAnnotatedProperties(TaskPropertyUtils.java:58)
	at org.gradle.api.internal.tasks.TaskPropertyUtils.visitProperties(TaskPropertyUtils.java:45)
	at org.gradle.api.internal.tasks.TaskPropertyUtils.visitProperties(TaskPropertyUtils.java:35)
	at org.gradle.api.internal.tasks.DefaultTaskInputs.visitDependencies(DefaultTaskInputs.java:195)
	at org.gradle.api.internal.tasks.DefaultTaskDependency.visitDependencies(DefaultTaskDependency.java:112)
	at org.gradle.api.internal.tasks.CachingTaskDependencyResolveContext$TaskGraphImpl.getNodeValues(CachingTaskDependencyResolveContext.java:103)
	at org.gradle.internal.graph.CachingDirectedGraphWalker$GraphWithEmptyEdges.getNodeValues(CachingDirectedGraphWalker.java:213)
	at org.gradle.internal.graph.CachingDirectedGraphWalker.doSearch(CachingDirectedGraphWalker.java:121)
	at org.gradle.internal.graph.CachingDirectedGraphWalker.findValues(CachingDirectedGraphWalker.java:73)
	at org.gradle.api.internal.tasks.CachingTaskDependencyResolveContext.getDependencies(CachingTaskDependencyResolveContext.java:66)
	at org.gradle.execution.plan.TaskDependencyResolver.resolveDependenciesFor(TaskDependencyResolver.java:49)
	at org.gradle.execution.plan.LocalTaskNode.getDependencies(LocalTaskNode.java:148)
	at org.gradle.execution.plan.LocalTaskNode.resolveDependencies(LocalTaskNode.java:122)
	at org.gradle.execution.plan.DefaultExecutionPlan.discoverNodeRelationships(DefaultExecutionPlan.java:183)
	at org.gradle.execution.plan.DefaultExecutionPlan.doAddEntryNodes(DefaultExecutionPlan.java:155)
	at org.gradle.execution.plan.DefaultExecutionPlan.addEntryTasks(DefaultExecutionPlan.java:130)
	at org.gradle.execution.plan.DefaultExecutionPlan.addEntryTasks(DefaultExecutionPlan.java:122)
	at org.gradle.execution.TaskNameResolvingBuildTaskScheduler.scheduleRequestedTasks(TaskNameResolvingBuildTaskScheduler.java:54)
	at org.gradle.execution.DefaultTasksBuildTaskScheduler.scheduleRequestedTasks(DefaultTasksBuildTaskScheduler.java:72)
	at org.gradle.initialization.DefaultTaskExecutionPreparer.lambda$scheduleRequestedTasks$0(DefaultTaskExecutionPreparer.java:46)
	at org.gradle.internal.Factories$1.create(Factories.java:31)
	at org.gradle.internal.work.DefaultWorkerLeaseService.withReplacedLocks(DefaultWorkerLeaseService.java:360)
	at org.gradle.api.internal.project.DefaultProjectStateRegistry$DefaultBuildProjectRegistry.withMutableStateOfAllProjects(DefaultProjectStateRegistry.java:239)
	at org.gradle.api.internal.project.DefaultProjectStateRegistry$DefaultBuildProjectRegistry.withMutableStateOfAllProjects(DefaultProjectStateRegistry.java:232)
	at org.gradle.initialization.DefaultTaskExecutionPreparer.scheduleRequestedTasks(DefaultTaskExecutionPreparer.java:45)
	at org.gradle.initialization.VintageBuildModelController.lambda$scheduleRequestedTasks$0(VintageBuildModelController.java:76)
	at org.gradle.internal.model.StateTransitionController.lambda$inState$1(StateTransitionController.java:99)
	at org.gradle.internal.model.StateTransitionController.lambda$inState$2(StateTransitionController.java:114)
	at org.gradle.internal.work.DefaultSynchronizer.withLock(DefaultSynchronizer.java:44)
	at org.gradle.internal.model.StateTransitionController.inState(StateTransitionController.java:110)
	at org.gradle.internal.model.StateTransitionController.inState(StateTransitionController.java:98)
	at org.gradle.initialization.VintageBuildModelController.scheduleRequestedTasks(VintageBuildModelController.java:76)
	at org.gradle.internal.build.DefaultBuildLifecycleController$DefaultWorkGraphBuilder.addRequestedTasks(DefaultBuildLifecycleController.java:404)
	at org.gradle.internal.buildtree.DefaultBuildTreeWorkPreparer.lambda$scheduleRequestedTasks$0(DefaultBuildTreeWorkPreparer.java:41)
	at org.gradle.internal.build.DefaultBuildLifecycleController.lambda$populateWorkGraph$7(DefaultBuildLifecycleController.java:189)
	at org.gradle.internal.build.DefaultBuildWorkPreparer.populateWorkGraph(DefaultBuildWorkPreparer.java:42)
	at org.gradle.internal.build.BuildOperationFiringBuildWorkPreparer$PopulateWorkGraph.populateTaskGraph(BuildOperationFiringBuildWorkPreparer.java:106)
	at org.gradle.internal.build.BuildOperationFiringBuildWorkPreparer$PopulateWorkGraph.run(BuildOperationFiringBuildWorkPreparer.java:92)
	at org.gradle.internal.operations.DefaultBuildOperationRunner$1.execute(DefaultBuildOperationRunner.java:29)
	at org.gradle.internal.operations.DefaultBuildOperationRunner$1.execute(DefaultBuildOperationRunner.java:26)
	at org.gradle.internal.operations.DefaultBuildOperationRunner$2.execute(DefaultBuildOperationRunner.java:66)
	at org.gradle.internal.operations.DefaultBuildOperationRunner$2.execute(DefaultBuildOperationRunner.java:59)
	at org.gradle.internal.operations.DefaultBuildOperationRunner.execute(DefaultBuildOperationRunner.java:157)
	at org.gradle.internal.operations.DefaultBuildOperationRunner.execute(DefaultBuildOperationRunner.java:59)
	at org.gradle.internal.operations.DefaultBuildOperationRunner.run(DefaultBuildOperationRunner.java:47)
	at org.gradle.internal.operations.DefaultBuildOperationExecutor.run(DefaultBuildOperationExecutor.java:68)
	at org.gradle.internal.build.BuildOperationFiringBuildWorkPreparer.populateWorkGraph(BuildOperationFiringBuildWorkPreparer.java:67)
	at org.gradle.internal.build.DefaultBuildLifecycleController.lambda$populateWorkGraph$8(DefaultBuildLifecycleController.java:189)
	at org.gradle.internal.model.StateTransitionController.lambda$inState$1(StateTransitionController.java:99)
	at org.gradle.internal.model.StateTransitionController.lambda$inState$2(StateTransitionController.java:114)
	at org.gradle.internal.work.DefaultSynchronizer.withLock(DefaultSynchronizer.java:44)
	at org.gradle.internal.model.StateTransitionController.inState(StateTransitionController.java:110)
	at org.gradle.internal.model.StateTransitionController.inState(StateTransitionController.java:98)
	at org.gradle.internal.build.DefaultBuildLifecycleController.populateWorkGraph(DefaultBuildLifecycleController.java:189)
	at org.gradle.internal.build.DefaultBuildWorkGraphController$DefaultBuildWorkGraph.populateWorkGraph(DefaultBuildWorkGraphController.java:169)
	at org.gradle.composite.internal.DefaultBuildController.populateWorkGraph(DefaultBuildController.java:76)
	at org.gradle.composite.internal.DefaultIncludedBuildTaskGraph$DefaultBuildTreeWorkGraphBuilder.withWorkGraph(DefaultIncludedBuildTaskGraph.java:153)
	at org.gradle.internal.buildtree.DefaultBuildTreeWorkPreparer.lambda$scheduleRequestedTasks$1(DefaultBuildTreeWorkPreparer.java:41)
	at org.gradle.composite.internal.DefaultIncludedBuildTaskGraph$DefaultBuildTreeWorkGraph$1.run(DefaultIncludedBuildTaskGraph.java:209)
	at org.gradle.internal.operations.DefaultBuildOperationRunner$1.execute(DefaultBuildOperationRunner.java:29)
	at org.gradle.internal.operations.DefaultBuildOperationRunner$1.execute(DefaultBuildOperationRunner.java:26)
	at org.gradle.internal.operations.DefaultBuildOperationRunner$2.execute(DefaultBuildOperationRunner.java:66)
	at org.gradle.internal.operations.DefaultBuildOperationRunner$2.execute(DefaultBuildOperationRunner.java:59)
	at org.gradle.internal.operations.DefaultBuildOperationRunner.execute(DefaultBuildOperationRunner.java:157)
	at org.gradle.internal.operations.DefaultBuildOperationRunner.execute(DefaultBuildOperationRunner.java:59)
	at org.gradle.internal.operations.DefaultBuildOperationRunner.run(DefaultBuildOperationRunner.java:47)
	at org.gradle.internal.operations.DefaultBuildOperationExecutor.run(DefaultBuildOperationExecutor.java:68)
	at org.gradle.composite.internal.DefaultIncludedBuildTaskGraph$DefaultBuildTreeWorkGraph.scheduleWork(DefaultIncludedBuildTaskGraph.java:204)
	at org.gradle.internal.buildtree.DefaultBuildTreeWorkPreparer.scheduleRequestedTasks(DefaultBuildTreeWorkPreparer.java:37)
	at org.gradle.configurationcache.VintageBuildTreeWorkController$scheduleAndRunRequestedTasks$1.apply(VintageBuildTreeWorkController.kt:36)
	at org.gradle.configurationcache.VintageBuildTreeWorkController$scheduleAndRunRequestedTasks$1.apply(VintageBuildTreeWorkController.kt:35)
	at org.gradle.composite.internal.DefaultIncludedBuildTaskGraph.withNewWorkGraph(DefaultIncludedBuildTaskGraph.java:112)
	at org.gradle.configurationcache.VintageBuildTreeWorkController.scheduleAndRunRequestedTasks(VintageBuildTreeWorkController.kt:35)
	at org.gradle.internal.buildtree.DefaultBuildTreeLifecycleController.lambda$scheduleAndRunTasks$1(DefaultBuildTreeLifecycleController.java:76)
	at org.gradle.internal.buildtree.DefaultBuildTreeLifecycleController.lambda$runBuild$4(DefaultBuildTreeLifecycleController.java:119)
	at org.gradle.internal.model.StateTransitionController.lambda$transition$6(StateTransitionController.java:169)
	at org.gradle.internal.model.StateTransitionController.doTransition(StateTransitionController.java:266)
	at org.gradle.internal.model.StateTransitionController.lambda$transition$7(StateTransitionController.java:169)
	at org.gradle.internal.work.DefaultSynchronizer.withLock(DefaultSynchronizer.java:44)
	at org.gradle.internal.model.StateTransitionController.transition(StateTransitionController.java:169)
	at org.gradle.internal.buildtree.DefaultBuildTreeLifecycleController.runBuild(DefaultBuildTreeLifecycleController.java:116)
	at org.gradle.internal.buildtree.DefaultBuildTreeLifecycleController.scheduleAndRunTasks(DefaultBuildTreeLifecycleController.java:76)
	at org.gradle.internal.buildtree.DefaultBuildTreeLifecycleController.scheduleAndRunTasks(DefaultBuildTreeLifecycleController.java:71)
	at org.gradle.tooling.internal.provider.ExecuteBuildActionRunner.run(ExecuteBuildActionRunner.java:31)
	at org.gradle.launcher.exec.ChainingBuildActionRunner.run(ChainingBuildActionRunner.java:35)
	at org.gradle.internal.buildtree.ProblemReportingBuildActionRunner.run(ProblemReportingBuildActionRunner.java:49)
	at org.gradle.launcher.exec.BuildOutcomeReportingBuildActionRunner.run(BuildOutcomeReportingBuildActionRunner.java:65)
	at org.gradle.tooling.internal.provider.FileSystemWatchingBuildActionRunner.run(FileSystemWatchingBuildActionRunner.java:140)
	at org.gradle.launcher.exec.BuildCompletionNotifyingBuildActionRunner.run(BuildCompletionNotifyingBuildActionRunner.java:41)
	at org.gradle.launcher.exec.RootBuildLifecycleBuildActionExecutor.lambda$execute$0(RootBuildLifecycleBuildActionExecutor.java:40)
	at org.gradle.composite.internal.DefaultRootBuildState.run(DefaultRootBuildState.java:123)
	at org.gradle.launcher.exec.RootBuildLifecycleBuildActionExecutor.execute(RootBuildLifecycleBuildActionExecutor.java:40)
	at org.gradle.internal.buildtree.InitDeprecationLoggingActionExecutor.execute(InitDeprecationLoggingActionExecutor.java:62)
	at org.gradle.internal.buildtree.InitProblems.execute(InitProblems.java:38)
	at org.gradle.internal.buildtree.DefaultBuildTreeContext.execute(DefaultBuildTreeContext.java:40)
	at org.gradle.launcher.exec.BuildTreeLifecycleBuildActionExecutor.lambda$execute$0(BuildTreeLifecycleBuildActionExecutor.java:58)
	at org.gradle.internal.buildtree.BuildTreeState.run(BuildTreeState.java:58)
	at org.gradle.launcher.exec.BuildTreeLifecycleBuildActionExecutor.execute(BuildTreeLifecycleBuildActionExecutor.java:58)
	at org.gradle.launcher.exec.RunAsBuildOperationBuildActionExecutor$3.call(RunAsBuildOperationBuildActionExecutor.java:61)
	at org.gradle.launcher.exec.RunAsBuildOperationBuildActionExecutor$3.call(RunAsBuildOperationBuildActionExecutor.java:57)
	at org.gradle.internal.operations.DefaultBuildOperationRunner$CallableBuildOperationWorker.execute(DefaultBuildOperationRunner.java:204)
	at org.gradle.internal.operations.DefaultBuildOperationRunner$CallableBuildOperationWorker.execute(DefaultBuildOperationRunner.java:199)
	at org.gradle.internal.operations.DefaultBuildOperationRunner$2.execute(DefaultBuildOperationRunner.java:66)
	at org.gradle.internal.operations.DefaultBuildOperationRunner$2.execute(DefaultBuildOperationRunner.java:59)
	at org.gradle.internal.operations.DefaultBuildOperationRunner.execute(DefaultBuildOperationRunner.java:157)
	at org.gradle.internal.operations.DefaultBuildOperationRunner.execute(DefaultBuildOperationRunner.java:59)
	at org.gradle.internal.operations.DefaultBuildOperationRunner.call(DefaultBuildOperationRunner.java:53)
	at org.gradle.internal.operations.DefaultBuildOperationExecutor.call(DefaultBuildOperationExecutor.java:73)
	at org.gradle.launcher.exec.RunAsBuildOperationBuildActionExecutor.execute(RunAsBuildOperationBuildActionExecutor.java:57)
	at org.gradle.launcher.exec.RunAsWorkerThreadBuildActionExecutor.lambda$execute$0(RunAsWorkerThreadBuildActionExecutor.java:36)
	at org.gradle.internal.work.DefaultWorkerLeaseService.withLocks(DefaultWorkerLeaseService.java:264)
	at org.gradle.internal.work.DefaultWorkerLeaseService.runAsWorkerThread(DefaultWorkerLeaseService.java:128)
	at org.gradle.launcher.exec.RunAsWorkerThreadBuildActionExecutor.execute(RunAsWorkerThreadBuildActionExecutor.java:36)
	at org.gradle.tooling.internal.provider.continuous.ContinuousBuildActionExecutor.execute(ContinuousBuildActionExecutor.java:110)
	at org.gradle.tooling.internal.provider.SubscribableBuildActionExecutor.execute(SubscribableBuildActionExecutor.java:64)
	at org.gradle.internal.session.DefaultBuildSessionContext.execute(DefaultBuildSessionContext.java:46)
	at org.gradle.tooling.internal.provider.BuildSessionLifecycleBuildActionExecuter$ActionImpl.apply(BuildSessionLifecycleBuildActionExecuter.java:92)
	at org.gradle.tooling.internal.provider.BuildSessionLifecycleBuildActionExecuter$ActionImpl.apply(BuildSessionLifecycleBuildActionExecuter.java:80)
	at org.gradle.internal.session.BuildSessionState.run(BuildSessionState.java:69)
	at org.gradle.tooling.internal.provider.BuildSessionLifecycleBuildActionExecuter.execute(BuildSessionLifecycleBuildActionExecuter.java:62)
	at org.gradle.tooling.internal.provider.BuildSessionLifecycleBuildActionExecuter.execute(BuildSessionLifecycleBuildActionExecuter.java:41)
	at org.gradle.tooling.internal.provider.StartParamsValidatingActionExecuter.execute(StartParamsValidatingActionExecuter.java:64)
	at org.gradle.tooling.internal.provider.StartParamsValidatingActionExecuter.execute(StartParamsValidatingActionExecuter.java:32)
	at org.gradle.tooling.internal.provider.SessionFailureReportingActionExecuter.execute(SessionFailureReportingActionExecuter.java:51)
	at org.gradle.tooling.internal.provider.SessionFailureReportingActionExecuter.execute(SessionFailureReportingActionExecuter.java:39)
	at org.gradle.tooling.internal.provider.SetupLoggingActionExecuter.execute(SetupLoggingActionExecuter.java:47)
	at org.gradle.tooling.internal.provider.SetupLoggingActionExecuter.execute(SetupLoggingActionExecuter.java:31)
	at org.gradle.launcher.daemon.server.exec.ExecuteBuild.doBuild(ExecuteBuild.java:65)
	at org.gradle.launcher.daemon.server.exec.BuildCommandOnly.execute(BuildCommandOnly.java:37)
	at org.gradle.launcher.daemon.server.api.DaemonCommandExecution.proceed(DaemonCommandExecution.java:104)
	at org.gradle.launcher.daemon.server.exec.WatchForDisconnection.execute(WatchForDisconnection.java:39)
	at org.gradle.launcher.daemon.server.api.DaemonCommandExecution.proceed(DaemonCommandExecution.java:104)
	at org.gradle.launcher.daemon.server.exec.ResetDeprecationLogger.execute(ResetDeprecationLogger.java:29)
	at org.gradle.launcher.daemon.server.api.DaemonCommandExecution.proceed(DaemonCommandExecution.java:104)
	at org.gradle.launcher.daemon.server.exec.RequestStopIfSingleUsedDaemon.execute(RequestStopIfSingleUsedDaemon.java:35)
	at org.gradle.launcher.daemon.server.api.DaemonCommandExecution.proceed(DaemonCommandExecution.java:104)
	at org.gradle.launcher.daemon.server.exec.ForwardClientInput$2.create(ForwardClientInput.java:78)
	at org.gradle.launcher.daemon.server.exec.ForwardClientInput$2.create(ForwardClientInput.java:75)
	at org.gradle.util.internal.Swapper.swap(Swapper.java:38)
	at org.gradle.launcher.daemon.server.exec.ForwardClientInput.execute(ForwardClientInput.java:75)
	at org.gradle.launcher.daemon.server.api.DaemonCommandExecution.proceed(DaemonCommandExecution.java:104)
	at org.gradle.launcher.daemon.server.exec.LogAndCheckHealth.execute(LogAndCheckHealth.java:64)
	at org.gradle.launcher.daemon.server.api.DaemonCommandExecution.proceed(DaemonCommandExecution.java:104)
	at org.gradle.launcher.daemon.server.exec.LogToClient.doBuild(LogToClient.java:63)
	at org.gradle.launcher.daemon.server.exec.BuildCommandOnly.execute(BuildCommandOnly.java:37)
	at org.gradle.launcher.daemon.server.api.DaemonCommandExecution.proceed(DaemonCommandExecution.java:104)
	at org.gradle.launcher.daemon.server.exec.EstablishBuildEnvironment.doBuild(EstablishBuildEnvironment.java:84)
	at org.gradle.launcher.daemon.server.exec.BuildCommandOnly.execute(BuildCommandOnly.java:37)
	at org.gradle.launcher.daemon.server.api.DaemonCommandExecution.proceed(DaemonCommandExecution.java:104)
	at org.gradle.launcher.daemon.server.exec.StartBuildOrRespondWithBusy$1.run(StartBuildOrRespondWithBusy.java:52)
	at org.gradle.launcher.daemon.server.DaemonStateCoordinator$1.run(DaemonStateCoordinator.java:297)
	at org.gradle.internal.concurrent.ExecutorPolicy$CatchAndRecordFailures.onExecute(ExecutorPolicy.java:64)
	at org.gradle.internal.concurrent.AbstractManagedExecutor$1.run(AbstractManagedExecutor.java:47)
	at java.base/java.util.concurrent.ThreadPoolExecutor.runWorker(ThreadPoolExecutor.java:1136)
	at java.base/java.util.concurrent.ThreadPoolExecutor$Worker.run(ThreadPoolExecutor.java:635)
	at java.base/java.lang.Thread.run(Thread.java:840)
[gradle-intellij-plugin :] Cannot create plugin from file '/opt/android-studio/plugins/android-apk': Invalid plugin descriptor 'plugin.xml'. Unable to read the plugin descriptor: No enum constant com.jetbrains.plugin.structure.intellij.plugin.IdePluginContentDescriptor.ServiceType.APPLİCATİON.
Unable to read descriptor [plugin.xml] from [/opt/android-studio/plugins/android-ndk/lib/android-ndk.jar]
java.lang.IllegalArgumentException: No enum constant com.jetbrains.plugin.structure.intellij.plugin.IdePluginContentDescriptor.ServiceType.APPLİCATİON
	at java.base/java.lang.Enum.valueOf(Enum.java:273)
	at com.jetbrains.plugin.structure.intellij.plugin.IdePluginContentDescriptor$ServiceType.valueOf(IdePluginContents.kt)
	at com.jetbrains.plugin.structure.intellij.plugin.PluginCreator.readServiceDescriptor(PluginCreator.kt:406)
	at com.jetbrains.plugin.structure.intellij.plugin.PluginCreator.readExtensions(PluginCreator.kt:341)
	at com.jetbrains.plugin.structure.intellij.plugin.PluginCreator.setInfoFromBean(PluginCreator.kt:320)
	at com.jetbrains.plugin.structure.intellij.plugin.PluginCreator.resolveDocumentAndValidateBean(PluginCreator.kt:664)
	at com.jetbrains.plugin.structure.intellij.plugin.PluginCreator.access$resolveDocumentAndValidateBean(PluginCreator.kt:31)
	at com.jetbrains.plugin.structure.intellij.plugin.PluginCreator$Companion.createPlugin(PluginCreator.kt:109)
	at com.jetbrains.plugin.structure.intellij.plugin.IdePluginManager.loadPluginInfoFromJarFile(IdePluginManager.kt:62)
	at com.jetbrains.plugin.structure.intellij.plugin.IdePluginManager.loadPluginInfoFromLibDirectory(IdePluginManager.kt:165)
	at com.jetbrains.plugin.structure.intellij.plugin.IdePluginManager.loadPluginInfoFromDirectory(IdePluginManager.kt:97)
	at com.jetbrains.plugin.structure.intellij.plugin.IdePluginManager.loadPluginInfoFromJarOrDirectory(IdePluginManager.kt:206)
	at com.jetbrains.plugin.structure.intellij.plugin.IdePluginManager.getPluginCreatorWithResult(IdePluginManager.kt:347)
	at com.jetbrains.plugin.structure.intellij.plugin.IdePluginManager.createPlugin(IdePluginManager.kt:314)
	at com.jetbrains.plugin.structure.intellij.plugin.IdePluginManager.createPlugin$default(IdePluginManager.kt:312)
	at org.jetbrains.intellij.Utils.createPlugin(utils.kt:222)
	at org.jetbrains.intellij.dependency.BuiltinPluginsRegistry.add(BuiltinPluginsRegistry.kt:89)
	at org.jetbrains.intellij.dependency.BuiltinPluginsRegistry.fillFromDirectory(BuiltinPluginsRegistry.kt:47)
	at org.jetbrains.intellij.dependency.BuiltinPluginsRegistry.access$fillFromDirectory(BuiltinPluginsRegistry.kt:21)
	at org.jetbrains.intellij.dependency.BuiltinPluginsRegistry$Companion.fromDirectory(BuiltinPluginsRegistry.kt:127)
	at org.jetbrains.intellij.dependency.IdeaDependencyManager.createDependency(IdeaDependencyManager.kt:92)
	at org.jetbrains.intellij.dependency.IdeaDependencyManager.resolveLocal(IdeaDependencyManager.kt:430)
	at org.jetbrains.intellij.IntelliJPlugin$prepareIdeaDependencyProvider$1.call(IntelliJPlugin.kt:299)
	at org.jetbrains.intellij.IntelliJPlugin$prepareIdeaDependencyProvider$1.call(IntelliJPlugin.kt:266)
	at org.gradle.api.internal.provider.DefaultProvider.calculateOwnValue(DefaultProvider.java:72)
	at org.gradle.api.internal.provider.AbstractMinimalProvider.calculateValue(AbstractMinimalProvider.java:115)
	at org.gradle.api.internal.provider.TransformBackedProvider.calculateOwnValue(TransformBackedProvider.java:82)
	at org.gradle.api.internal.provider.AbstractMinimalProvider.calculateValue(AbstractMinimalProvider.java:115)
	at org.gradle.api.internal.provider.AbstractMinimalProvider.withFinalValue(AbstractMinimalProvider.java:168)
	at org.gradle.api.internal.provider.DefaultProperty.finalValue(DefaultProperty.java:133)
	at org.gradle.api.internal.provider.DefaultProperty.finalValue(DefaultProperty.java:26)
	at org.gradle.api.internal.provider.AbstractProperty.finalizeNow(AbstractProperty.java:245)
	at org.gradle.api.internal.provider.AbstractProperty.beforeRead(AbstractProperty.java:239)
	at org.gradle.api.internal.provider.AbstractProperty.calculateOwnValue(AbstractProperty.java:135)
	at org.gradle.api.internal.provider.AbstractMinimalProvider.calculateValue(AbstractMinimalProvider.java:115)
	at org.gradle.api.internal.provider.TransformBackedProvider.calculateOwnValue(TransformBackedProvider.java:82)
	at org.gradle.api.internal.provider.AbstractMinimalProvider.calculateValue(AbstractMinimalProvider.java:115)
	at org.gradle.api.internal.provider.TransformBackedProvider.calculateOwnValue(TransformBackedProvider.java:82)
	at org.gradle.api.internal.provider.AbstractMinimalProvider.calculateValue(AbstractMinimalProvider.java:115)
	at org.gradle.api.internal.provider.DefaultProperty.calculateValueFrom(DefaultProperty.java:128)
	at org.gradle.api.internal.provider.DefaultProperty.calculateValueFrom(DefaultProperty.java:26)
	at org.gradle.api.internal.provider.AbstractProperty.doCalculateValue(AbstractProperty.java:142)
	at org.gradle.api.internal.provider.AbstractProperty.calculateOwnValue(AbstractProperty.java:136)
	at org.gradle.api.internal.provider.AbstractMinimalProvider.getOrNull(AbstractMinimalProvider.java:105)
	at org.jetbrains.intellij.IntelliJPlugin$prepareConventionMappingsForRunIdeTask$8.call(IntelliJPlugin.kt:963)
	at org.jetbrains.intellij.IntelliJPlugin$prepareConventionMappingsForRunIdeTask$8.call(IntelliJPlugin.kt:958)
	at org.gradle.api.internal.provider.DefaultProvider.calculateOwnValue(DefaultProvider.java:72)
	at org.gradle.api.internal.provider.AbstractMinimalProvider.calculateValue(AbstractMinimalProvider.java:115)
	at org.gradle.api.internal.provider.TransformBackedProvider.calculateOwnValue(TransformBackedProvider.java:82)
	at org.gradle.api.internal.provider.AbstractMinimalProvider.calculateValue(AbstractMinimalProvider.java:115)
	at org.gradle.api.internal.provider.DefaultProperty.calculateValueFrom(DefaultProperty.java:128)
	at org.gradle.api.internal.provider.DefaultProperty.calculateValueFrom(DefaultProperty.java:26)
	at org.gradle.api.internal.provider.AbstractProperty.doCalculateValue(AbstractProperty.java:142)
	at org.gradle.api.internal.provider.AbstractProperty.calculateOwnValue(AbstractProperty.java:136)
	at org.gradle.api.internal.provider.AbstractMinimalProvider.calculateOwnPresentValue(AbstractMinimalProvider.java:80)
	at org.gradle.api.internal.provider.AbstractMinimalProvider.get(AbstractMinimalProvider.java:100)
	at org.jetbrains.intellij.tasks.RunIdeBase.getExecutable(RunIdeBase.kt:202)
	at org.jetbrains.intellij.tasks.BuildSearchableOptionsTask_Decorated.getExecutable(Unknown Source)
	at org.gradle.api.tasks.internal.JavaExecExecutableUtils.getExecutableOverrideToolchainSpec(JavaExecExecutableUtils.java:30)
	at org.gradle.api.tasks.JavaExec.lambda$new$0(JavaExec.java:144)
	at org.gradle.api.internal.provider.DefaultProvider.calculateOwnValue(DefaultProvider.java:72)
	at org.gradle.api.internal.provider.AbstractMinimalProvider.calculateValue(AbstractMinimalProvider.java:115)
	at org.gradle.api.internal.provider.FlatMapProvider.calculateOwnValue(FlatMapProvider.java:46)
	at org.gradle.api.internal.provider.AbstractMinimalProvider.calculateValue(AbstractMinimalProvider.java:115)
	at org.gradle.api.internal.provider.OrElseProvider.calculateOwnValue(OrElseProvider.java:76)
	at org.gradle.api.internal.provider.AbstractMinimalProvider.calculateValue(AbstractMinimalProvider.java:115)
	at org.gradle.api.internal.provider.TransformBackedProvider.calculateOwnValue(TransformBackedProvider.java:82)
	at org.gradle.api.internal.provider.AbstractMinimalProvider.calculateValue(AbstractMinimalProvider.java:115)
	at org.gradle.api.internal.provider.AbstractMinimalProvider.withFinalValue(AbstractMinimalProvider.java:168)
	at org.gradle.api.internal.provider.DefaultProperty.finalValue(DefaultProperty.java:133)
	at org.gradle.api.internal.provider.DefaultProperty.finalValue(DefaultProperty.java:26)
	at org.gradle.api.internal.provider.AbstractProperty.finalizeNow(AbstractProperty.java:245)
	at org.gradle.api.internal.provider.AbstractProperty.beforeRead(AbstractProperty.java:239)
	at org.gradle.api.internal.provider.AbstractProperty.calculateOwnValue(AbstractProperty.java:135)
	at org.gradle.api.internal.provider.AbstractMinimalProvider.getOrNull(AbstractMinimalProvider.java:105)
	at org.gradle.internal.properties.annotations.AbstractTypeMetadataWalker$InstanceTypeMetadataWalker.lambda$walkNestedProvider$0(AbstractTypeMetadataWalker.java:137)
	at org.gradle.internal.properties.annotations.AbstractTypeMetadataWalker$InstanceTypeMetadataWalker.walkNestedChild(AbstractTypeMetadataWalker.java:184)
	at org.gradle.internal.properties.annotations.AbstractTypeMetadataWalker$InstanceTypeMetadataWalker.walkNestedProvider(AbstractTypeMetadataWalker.java:136)
	at org.gradle.internal.properties.annotations.AbstractTypeMetadataWalker$InstanceTypeMetadataWalker.walkNestedProvider(AbstractTypeMetadataWalker.java:118)
	at org.gradle.internal.properties.annotations.AbstractTypeMetadataWalker.walkNested(AbstractTypeMetadataWalker.java:60)
	at org.gradle.internal.properties.annotations.AbstractTypeMetadataWalker.lambda$walkChildren$3(AbstractTypeMetadataWalker.java:85)
	at org.gradle.internal.properties.annotations.AbstractTypeMetadataWalker$InstanceTypeMetadataWalker.walkNestedChild(AbstractTypeMetadataWalker.java:190)
	at org.gradle.internal.properties.annotations.AbstractTypeMetadataWalker$InstanceTypeMetadataWalker.walkNestedChild(AbstractTypeMetadataWalker.java:171)
	at org.gradle.internal.properties.annotations.AbstractTypeMetadataWalker$InstanceTypeMetadataWalker.walkNestedChild(AbstractTypeMetadataWalker.java:118)
	at org.gradle.internal.properties.annotations.AbstractTypeMetadataWalker.lambda$walkChildren$4(AbstractTypeMetadataWalker.java:85)
	at java.base/java.lang.Iterable.forEach(Iterable.java:75)
	at org.gradle.internal.properties.annotations.AbstractTypeMetadataWalker.walkChildren(AbstractTypeMetadataWalker.java:83)
	at org.gradle.internal.properties.annotations.AbstractTypeMetadataWalker.walk(AbstractTypeMetadataWalker.java:53)
	at org.gradle.internal.properties.bean.DefaultPropertyWalker.visitProperties(DefaultPropertyWalker.java:65)
	at org.gradle.api.internal.tasks.TaskPropertyUtils.visitAnnotatedProperties(TaskPropertyUtils.java:58)
	at org.gradle.api.internal.tasks.TaskPropertyUtils.visitProperties(TaskPropertyUtils.java:45)
	at org.gradle.api.internal.tasks.TaskPropertyUtils.visitProperties(TaskPropertyUtils.java:35)
	at org.gradle.api.internal.tasks.DefaultTaskInputs.visitDependencies(DefaultTaskInputs.java:195)
	at org.gradle.api.internal.tasks.DefaultTaskDependency.visitDependencies(DefaultTaskDependency.java:112)
	at org.gradle.api.internal.tasks.CachingTaskDependencyResolveContext$TaskGraphImpl.getNodeValues(CachingTaskDependencyResolveContext.java:103)
	at org.gradle.internal.graph.CachingDirectedGraphWalker$GraphWithEmptyEdges.getNodeValues(CachingDirectedGraphWalker.java:213)
	at org.gradle.internal.graph.CachingDirectedGraphWalker.doSearch(CachingDirectedGraphWalker.java:121)
	at org.gradle.internal.graph.CachingDirectedGraphWalker.findValues(CachingDirectedGraphWalker.java:73)
	at org.gradle.api.internal.tasks.CachingTaskDependencyResolveContext.getDependencies(CachingTaskDependencyResolveContext.java:66)
	at org.gradle.execution.plan.TaskDependencyResolver.resolveDependenciesFor(TaskDependencyResolver.java:49)
	at org.gradle.execution.plan.LocalTaskNode.getDependencies(LocalTaskNode.java:148)
	at org.gradle.execution.plan.LocalTaskNode.resolveDependencies(LocalTaskNode.java:122)
	at org.gradle.execution.plan.DefaultExecutionPlan.discoverNodeRelationships(DefaultExecutionPlan.java:183)
	at org.gradle.execution.plan.DefaultExecutionPlan.doAddEntryNodes(DefaultExecutionPlan.java:155)
	at org.gradle.execution.plan.DefaultExecutionPlan.addEntryTasks(DefaultExecutionPlan.java:130)
	at org.gradle.execution.plan.DefaultExecutionPlan.addEntryTasks(DefaultExecutionPlan.java:122)
	at org.gradle.execution.TaskNameResolvingBuildTaskScheduler.scheduleRequestedTasks(TaskNameResolvingBuildTaskScheduler.java:54)
	at org.gradle.execution.DefaultTasksBuildTaskScheduler.scheduleRequestedTasks(DefaultTasksBuildTaskScheduler.java:72)
	at org.gradle.initialization.DefaultTaskExecutionPreparer.lambda$scheduleRequestedTasks$0(DefaultTaskExecutionPreparer.java:46)
	at org.gradle.internal.Factories$1.create(Factories.java:31)
	at org.gradle.internal.work.DefaultWorkerLeaseService.withReplacedLocks(DefaultWorkerLeaseService.java:360)
	at org.gradle.api.internal.project.DefaultProjectStateRegistry$DefaultBuildProjectRegistry.withMutableStateOfAllProjects(DefaultProjectStateRegistry.java:239)
	at org.gradle.api.internal.project.DefaultProjectStateRegistry$DefaultBuildProjectRegistry.withMutableStateOfAllProjects(DefaultProjectStateRegistry.java:232)
	at org.gradle.initialization.DefaultTaskExecutionPreparer.scheduleRequestedTasks(DefaultTaskExecutionPreparer.java:45)
	at org.gradle.initialization.VintageBuildModelController.lambda$scheduleRequestedTasks$0(VintageBuildModelController.java:76)
	at org.gradle.internal.model.StateTransitionController.lambda$inState$1(StateTransitionController.java:99)
	at org.gradle.internal.model.StateTransitionController.lambda$inState$2(StateTransitionController.java:114)
	at org.gradle.internal.work.DefaultSynchronizer.withLock(DefaultSynchronizer.java:44)
	at org.gradle.internal.model.StateTransitionController.inState(StateTransitionController.java:110)
	at org.gradle.internal.model.StateTransitionController.inState(StateTransitionController.java:98)
	at org.gradle.initialization.VintageBuildModelController.scheduleRequestedTasks(VintageBuildModelController.java:76)
	at org.gradle.internal.build.DefaultBuildLifecycleController$DefaultWorkGraphBuilder.addRequestedTasks(DefaultBuildLifecycleController.java:404)
	at org.gradle.internal.buildtree.DefaultBuildTreeWorkPreparer.lambda$scheduleRequestedTasks$0(DefaultBuildTreeWorkPreparer.java:41)
	at org.gradle.internal.build.DefaultBuildLifecycleController.lambda$populateWorkGraph$7(DefaultBuildLifecycleController.java:189)
	at org.gradle.internal.build.DefaultBuildWorkPreparer.populateWorkGraph(DefaultBuildWorkPreparer.java:42)
	at org.gradle.internal.build.BuildOperationFiringBuildWorkPreparer$PopulateWorkGraph.populateTaskGraph(BuildOperationFiringBuildWorkPreparer.java:106)
	at org.gradle.internal.build.BuildOperationFiringBuildWorkPreparer$PopulateWorkGraph.run(BuildOperationFiringBuildWorkPreparer.java:92)
	at org.gradle.internal.operations.DefaultBuildOperationRunner$1.execute(DefaultBuildOperationRunner.java:29)
	at org.gradle.internal.operations.DefaultBuildOperationRunner$1.execute(DefaultBuildOperationRunner.java:26)
	at org.gradle.internal.operations.DefaultBuildOperationRunner$2.execute(DefaultBuildOperationRunner.java:66)
	at org.gradle.internal.operations.DefaultBuildOperationRunner$2.execute(DefaultBuildOperationRunner.java:59)
	at org.gradle.internal.operations.DefaultBuildOperationRunner.execute(DefaultBuildOperationRunner.java:157)
	at org.gradle.internal.operations.DefaultBuildOperationRunner.execute(DefaultBuildOperationRunner.java:59)
	at org.gradle.internal.operations.DefaultBuildOperationRunner.run(DefaultBuildOperationRunner.java:47)
	at org.gradle.internal.operations.DefaultBuildOperationExecutor.run(DefaultBuildOperationExecutor.java:68)
	at org.gradle.internal.build.BuildOperationFiringBuildWorkPreparer.populateWorkGraph(BuildOperationFiringBuildWorkPreparer.java:67)
	at org.gradle.internal.build.DefaultBuildLifecycleController.lambda$populateWorkGraph$8(DefaultBuildLifecycleController.java:189)
	at org.gradle.internal.model.StateTransitionController.lambda$inState$1(StateTransitionController.java:99)
	at org.gradle.internal.model.StateTransitionController.lambda$inState$2(StateTransitionController.java:114)
	at org.gradle.internal.work.DefaultSynchronizer.withLock(DefaultSynchronizer.java:44)
	at org.gradle.internal.model.StateTransitionController.inState(StateTransitionController.java:110)
	at org.gradle.internal.model.StateTransitionController.inState(StateTransitionController.java:98)
	at org.gradle.internal.build.DefaultBuildLifecycleController.populateWorkGraph(DefaultBuildLifecycleController.java:189)
	at org.gradle.internal.build.DefaultBuildWorkGraphController$DefaultBuildWorkGraph.populateWorkGraph(DefaultBuildWorkGraphController.java:169)
	at org.gradle.composite.internal.DefaultBuildController.populateWorkGraph(DefaultBuildController.java:76)
	at org.gradle.composite.internal.DefaultIncludedBuildTaskGraph$DefaultBuildTreeWorkGraphBuilder.withWorkGraph(DefaultIncludedBuildTaskGraph.java:153)
	at org.gradle.internal.buildtree.DefaultBuildTreeWorkPreparer.lambda$scheduleRequestedTasks$1(DefaultBuildTreeWorkPreparer.java:41)
	at org.gradle.composite.internal.DefaultIncludedBuildTaskGraph$DefaultBuildTreeWorkGraph$1.run(DefaultIncludedBuildTaskGraph.java:209)
	at org.gradle.internal.operations.DefaultBuildOperationRunner$1.execute(DefaultBuildOperationRunner.java:29)
	at org.gradle.internal.operations.DefaultBuildOperationRunner$1.execute(DefaultBuildOperationRunner.java:26)
	at org.gradle.internal.operations.DefaultBuildOperationRunner$2.execute(DefaultBuildOperationRunner.java:66)
	at org.gradle.internal.operations.DefaultBuildOperationRunner$2.execute(DefaultBuildOperationRunner.java:59)
	at org.gradle.internal.operations.DefaultBuildOperationRunner.execute(DefaultBuildOperationRunner.java:157)
	at org.gradle.internal.operations.DefaultBuildOperationRunner.execute(DefaultBuildOperationRunner.java:59)
	at org.gradle.internal.operations.DefaultBuildOperationRunner.run(DefaultBuildOperationRunner.java:47)
	at org.gradle.internal.operations.DefaultBuildOperationExecutor.run(DefaultBuildOperationExecutor.java:68)
	at org.gradle.composite.internal.DefaultIncludedBuildTaskGraph$DefaultBuildTreeWorkGraph.scheduleWork(DefaultIncludedBuildTaskGraph.java:204)
	at org.gradle.internal.buildtree.DefaultBuildTreeWorkPreparer.scheduleRequestedTasks(DefaultBuildTreeWorkPreparer.java:37)
	at org.gradle.configurationcache.VintageBuildTreeWorkController$scheduleAndRunRequestedTasks$1.apply(VintageBuildTreeWorkController.kt:36)
	at org.gradle.configurationcache.VintageBuildTreeWorkController$scheduleAndRunRequestedTasks$1.apply(VintageBuildTreeWorkController.kt:35)
	at org.gradle.composite.internal.DefaultIncludedBuildTaskGraph.withNewWorkGraph(DefaultIncludedBuildTaskGraph.java:112)
	at org.gradle.configurationcache.VintageBuildTreeWorkController.scheduleAndRunRequestedTasks(VintageBuildTreeWorkController.kt:35)
	at org.gradle.internal.buildtree.DefaultBuildTreeLifecycleController.lambda$scheduleAndRunTasks$1(DefaultBuildTreeLifecycleController.java:76)
	at org.gradle.internal.buildtree.DefaultBuildTreeLifecycleController.lambda$runBuild$4(DefaultBuildTreeLifecycleController.java:119)
	at org.gradle.internal.model.StateTransitionController.lambda$transition$6(StateTransitionController.java:169)
	at org.gradle.internal.model.StateTransitionController.doTransition(StateTransitionController.java:266)
	at org.gradle.internal.model.StateTransitionController.lambda$transition$7(StateTransitionController.java:169)
	at org.gradle.internal.work.DefaultSynchronizer.withLock(DefaultSynchronizer.java:44)
	at org.gradle.internal.model.StateTransitionController.transition(StateTransitionController.java:169)
	at org.gradle.internal.buildtree.DefaultBuildTreeLifecycleController.runBuild(DefaultBuildTreeLifecycleController.java:116)
	at org.gradle.internal.buildtree.DefaultBuildTreeLifecycleController.scheduleAndRunTasks(DefaultBuildTreeLifecycleController.java:76)
	at org.gradle.internal.buildtree.DefaultBuildTreeLifecycleController.scheduleAndRunTasks(DefaultBuildTreeLifecycleController.java:71)
	at org.gradle.tooling.internal.provider.ExecuteBuildActionRunner.run(ExecuteBuildActionRunner.java:31)
	at org.gradle.launcher.exec.ChainingBuildActionRunner.run(ChainingBuildActionRunner.java:35)
	at org.gradle.internal.buildtree.ProblemReportingBuildActionRunner.run(ProblemReportingBuildActionRunner.java:49)
	at org.gradle.launcher.exec.BuildOutcomeReportingBuildActionRunner.run(BuildOutcomeReportingBuildActionRunner.java:65)
	at org.gradle.tooling.internal.provider.FileSystemWatchingBuildActionRunner.run(FileSystemWatchingBuildActionRunner.java:140)
	at org.gradle.launcher.exec.BuildCompletionNotifyingBuildActionRunner.run(BuildCompletionNotifyingBuildActionRunner.java:41)
	at org.gradle.launcher.exec.RootBuildLifecycleBuildActionExecutor.lambda$execute$0(RootBuildLifecycleBuildActionExecutor.java:40)
	at org.gradle.composite.internal.DefaultRootBuildState.run(DefaultRootBuildState.java:123)
	at org.gradle.launcher.exec.RootBuildLifecycleBuildActionExecutor.execute(RootBuildLifecycleBuildActionExecutor.java:40)
	at org.gradle.internal.buildtree.InitDeprecationLoggingActionExecutor.execute(InitDeprecationLoggingActionExecutor.java:62)
	at org.gradle.internal.buildtree.InitProblems.execute(InitProblems.java:38)
	at org.gradle.internal.buildtree.DefaultBuildTreeContext.execute(DefaultBuildTreeContext.java:40)
	at org.gradle.launcher.exec.BuildTreeLifecycleBuildActionExecutor.lambda$execute$0(BuildTreeLifecycleBuildActionExecutor.java:58)
	at org.gradle.internal.buildtree.BuildTreeState.run(BuildTreeState.java:58)
	at org.gradle.launcher.exec.BuildTreeLifecycleBuildActionExecutor.execute(BuildTreeLifecycleBuildActionExecutor.java:58)
	at org.gradle.launcher.exec.RunAsBuildOperationBuildActionExecutor$3.call(RunAsBuildOperationBuildActionExecutor.java:61)
	at org.gradle.launcher.exec.RunAsBuildOperationBuildActionExecutor$3.call(RunAsBuildOperationBuildActionExecutor.java:57)
	at org.gradle.internal.operations.DefaultBuildOperationRunner$CallableBuildOperationWorker.execute(DefaultBuildOperationRunner.java:204)
	at org.gradle.internal.operations.DefaultBuildOperationRunner$CallableBuildOperationWorker.execute(DefaultBuildOperationRunner.java:199)
	at org.gradle.internal.operations.DefaultBuildOperationRunner$2.execute(DefaultBuildOperationRunner.java:66)
	at org.gradle.internal.operations.DefaultBuildOperationRunner$2.execute(DefaultBuildOperationRunner.java:59)
	at org.gradle.internal.operations.DefaultBuildOperationRunner.execute(DefaultBuildOperationRunner.java:157)
	at org.gradle.internal.operations.DefaultBuildOperationRunner.execute(DefaultBuildOperationRunner.java:59)
	at org.gradle.internal.operations.DefaultBuildOperationRunner.call(DefaultBuildOperationRunner.java:53)
	at org.gradle.internal.operations.DefaultBuildOperationExecutor.call(DefaultBuildOperationExecutor.java:73)
	at org.gradle.launcher.exec.RunAsBuildOperationBuildActionExecutor.execute(RunAsBuildOperationBuildActionExecutor.java:57)
	at org.gradle.launcher.exec.RunAsWorkerThreadBuildActionExecutor.lambda$execute$0(RunAsWorkerThreadBuildActionExecutor.java:36)
	at org.gradle.internal.work.DefaultWorkerLeaseService.withLocks(DefaultWorkerLeaseService.java:264)
	at org.gradle.internal.work.DefaultWorkerLeaseService.runAsWorkerThread(DefaultWorkerLeaseService.java:128)
	at org.gradle.launcher.exec.RunAsWorkerThreadBuildActionExecutor.execute(RunAsWorkerThreadBuildActionExecutor.java:36)
	at org.gradle.tooling.internal.provider.continuous.ContinuousBuildActionExecutor.execute(ContinuousBuildActionExecutor.java:110)
	at org.gradle.tooling.internal.provider.SubscribableBuildActionExecutor.execute(SubscribableBuildActionExecutor.java:64)
	at org.gradle.internal.session.DefaultBuildSessionContext.execute(DefaultBuildSessionContext.java:46)
	at org.gradle.tooling.internal.provider.BuildSessionLifecycleBuildActionExecuter$ActionImpl.apply(BuildSessionLifecycleBuildActionExecuter.java:92)
	at org.gradle.tooling.internal.provider.BuildSessionLifecycleBuildActionExecuter$ActionImpl.apply(BuildSessionLifecycleBuildActionExecuter.java:80)
	at org.gradle.internal.session.BuildSessionState.run(BuildSessionState.java:69)
	at org.gradle.tooling.internal.provider.BuildSessionLifecycleBuildActionExecuter.execute(BuildSessionLifecycleBuildActionExecuter.java:62)
	at org.gradle.tooling.internal.provider.BuildSessionLifecycleBuildActionExecuter.execute(BuildSessionLifecycleBuildActionExecuter.java:41)
	at org.gradle.tooling.internal.provider.StartParamsValidatingActionExecuter.execute(StartParamsValidatingActionExecuter.java:64)
	at org.gradle.tooling.internal.provider.StartParamsValidatingActionExecuter.execute(StartParamsValidatingActionExecuter.java:32)
	at org.gradle.tooling.internal.provider.SessionFailureReportingActionExecuter.execute(SessionFailureReportingActionExecuter.java:51)
	at org.gradle.tooling.internal.provider.SessionFailureReportingActionExecuter.execute(SessionFailureReportingActionExecuter.java:39)
	at org.gradle.tooling.internal.provider.SetupLoggingActionExecuter.execute(SetupLoggingActionExecuter.java:47)
	at org.gradle.tooling.internal.provider.SetupLoggingActionExecuter.execute(SetupLoggingActionExecuter.java:31)
	at org.gradle.launcher.daemon.server.exec.ExecuteBuild.doBuild(ExecuteBuild.java:65)
	at org.gradle.launcher.daemon.server.exec.BuildCommandOnly.execute(BuildCommandOnly.java:37)
	at org.gradle.launcher.daemon.server.api.DaemonCommandExecution.proceed(DaemonCommandExecution.java:104)
	at org.gradle.launcher.daemon.server.exec.WatchForDisconnection.execute(WatchForDisconnection.java:39)
	at org.gradle.launcher.daemon.server.api.DaemonCommandExecution.proceed(DaemonCommandExecution.java:104)
	at org.gradle.launcher.daemon.server.exec.ResetDeprecationLogger.execute(ResetDeprecationLogger.java:29)
	at org.gradle.launcher.daemon.server.api.DaemonCommandExecution.proceed(DaemonCommandExecution.java:104)
	at org.gradle.launcher.daemon.server.exec.RequestStopIfSingleUsedDaemon.execute(RequestStopIfSingleUsedDaemon.java:35)
	at org.gradle.launcher.daemon.server.api.DaemonCommandExecution.proceed(DaemonCommandExecution.java:104)
	at org.gradle.launcher.daemon.server.exec.ForwardClientInput$2.create(ForwardClientInput.java:78)
	at org.gradle.launcher.daemon.server.exec.ForwardClientInput$2.create(ForwardClientInput.java:75)
	at org.gradle.util.internal.Swapper.swap(Swapper.java:38)
	at org.gradle.launcher.daemon.server.exec.ForwardClientInput.execute(ForwardClientInput.java:75)
	at org.gradle.launcher.daemon.server.api.DaemonCommandExecution.proceed(DaemonCommandExecution.java:104)
	at org.gradle.launcher.daemon.server.exec.LogAndCheckHealth.execute(LogAndCheckHealth.java:64)
	at org.gradle.launcher.daemon.server.api.DaemonCommandExecution.proceed(DaemonCommandExecution.java:104)
	at org.gradle.launcher.daemon.server.exec.LogToClient.doBuild(LogToClient.java:63)
	at org.gradle.launcher.daemon.server.exec.BuildCommandOnly.execute(BuildCommandOnly.java:37)
	at org.gradle.launcher.daemon.server.api.DaemonCommandExecution.proceed(DaemonCommandExecution.java:104)
	at org.gradle.launcher.daemon.server.exec.EstablishBuildEnvironment.doBuild(EstablishBuildEnvironment.java:84)
	at org.gradle.launcher.daemon.server.exec.BuildCommandOnly.execute(BuildCommandOnly.java:37)
	at org.gradle.launcher.daemon.server.api.DaemonCommandExecution.proceed(DaemonCommandExecution.java:104)
	at org.gradle.launcher.daemon.server.exec.StartBuildOrRespondWithBusy$1.run(StartBuildOrRespondWithBusy.java:52)
	at org.gradle.launcher.daemon.server.DaemonStateCoordinator$1.run(DaemonStateCoordinator.java:297)
	at org.gradle.internal.concurrent.ExecutorPolicy$CatchAndRecordFailures.onExecute(ExecutorPolicy.java:64)
	at org.gradle.internal.concurrent.AbstractManagedExecutor$1.run(AbstractManagedExecutor.java:47)
	at java.base/java.util.concurrent.ThreadPoolExecutor.runWorker(ThreadPoolExecutor.java:1136)
	at java.base/java.util.concurrent.ThreadPoolExecutor$Worker.run(ThreadPoolExecutor.java:635)
	at java.base/java.lang.Thread.run(Thread.java:840)
[gradle-intellij-plugin :] Cannot create plugin from file '/opt/android-studio/plugins/android-ndk': Invalid plugin descriptor 'plugin.xml'. Unable to read the plugin descriptor: No enum constant com.jetbrains.plugin.structure.intellij.plugin.IdePluginContentDescriptor.ServiceType.APPLİCATİON.
Unable to read descriptor [plugin.xml] from [/opt/android-studio/plugins/c-clangd-plugin/lib/c-clangd-plugin.jar]
java.lang.IllegalArgumentException: No enum constant com.jetbrains.plugin.structure.intellij.plugin.IdePluginContentDescriptor.ServiceType.APPLİCATİON
	at java.base/java.lang.Enum.valueOf(Enum.java:273)
	at com.jetbrains.plugin.structure.intellij.plugin.IdePluginContentDescriptor$ServiceType.valueOf(IdePluginContents.kt)
	at com.jetbrains.plugin.structure.intellij.plugin.PluginCreator.readServiceDescriptor(PluginCreator.kt:406)
	at com.jetbrains.plugin.structure.intellij.plugin.PluginCreator.readExtensions(PluginCreator.kt:341)
	at com.jetbrains.plugin.structure.intellij.plugin.PluginCreator.setInfoFromBean(PluginCreator.kt:320)
	at com.jetbrains.plugin.structure.intellij.plugin.PluginCreator.resolveDocumentAndValidateBean(PluginCreator.kt:664)
	at com.jetbrains.plugin.structure.intellij.plugin.PluginCreator.access$resolveDocumentAndValidateBean(PluginCreator.kt:31)
	at com.jetbrains.plugin.structure.intellij.plugin.PluginCreator$Companion.createPlugin(PluginCreator.kt:109)
	at com.jetbrains.plugin.structure.intellij.plugin.IdePluginManager.loadPluginInfoFromJarFile(IdePluginManager.kt:62)
	at com.jetbrains.plugin.structure.intellij.plugin.IdePluginManager.loadPluginInfoFromLibDirectory(IdePluginManager.kt:165)
	at com.jetbrains.plugin.structure.intellij.plugin.IdePluginManager.loadPluginInfoFromDirectory(IdePluginManager.kt:97)
	at com.jetbrains.plugin.structure.intellij.plugin.IdePluginManager.loadPluginInfoFromJarOrDirectory(IdePluginManager.kt:206)
	at com.jetbrains.plugin.structure.intellij.plugin.IdePluginManager.getPluginCreatorWithResult(IdePluginManager.kt:347)
	at com.jetbrains.plugin.structure.intellij.plugin.IdePluginManager.createPlugin(IdePluginManager.kt:314)
	at com.jetbrains.plugin.structure.intellij.plugin.IdePluginManager.createPlugin$default(IdePluginManager.kt:312)
	at org.jetbrains.intellij.Utils.createPlugin(utils.kt:222)
	at org.jetbrains.intellij.dependency.BuiltinPluginsRegistry.add(BuiltinPluginsRegistry.kt:89)
	at org.jetbrains.intellij.dependency.BuiltinPluginsRegistry.fillFromDirectory(BuiltinPluginsRegistry.kt:47)
	at org.jetbrains.intellij.dependency.BuiltinPluginsRegistry.access$fillFromDirectory(BuiltinPluginsRegistry.kt:21)
	at org.jetbrains.intellij.dependency.BuiltinPluginsRegistry$Companion.fromDirectory(BuiltinPluginsRegistry.kt:127)
	at org.jetbrains.intellij.dependency.IdeaDependencyManager.createDependency(IdeaDependencyManager.kt:92)
	at org.jetbrains.intellij.dependency.IdeaDependencyManager.resolveLocal(IdeaDependencyManager.kt:430)
	at org.jetbrains.intellij.IntelliJPlugin$prepareIdeaDependencyProvider$1.call(IntelliJPlugin.kt:299)
	at org.jetbrains.intellij.IntelliJPlugin$prepareIdeaDependencyProvider$1.call(IntelliJPlugin.kt:266)
	at org.gradle.api.internal.provider.DefaultProvider.calculateOwnValue(DefaultProvider.java:72)
	at org.gradle.api.internal.provider.AbstractMinimalProvider.calculateValue(AbstractMinimalProvider.java:115)
	at org.gradle.api.internal.provider.TransformBackedProvider.calculateOwnValue(TransformBackedProvider.java:82)
	at org.gradle.api.internal.provider.AbstractMinimalProvider.calculateValue(AbstractMinimalProvider.java:115)
	at org.gradle.api.internal.provider.AbstractMinimalProvider.withFinalValue(AbstractMinimalProvider.java:168)
	at org.gradle.api.internal.provider.DefaultProperty.finalValue(DefaultProperty.java:133)
	at org.gradle.api.internal.provider.DefaultProperty.finalValue(DefaultProperty.java:26)
	at org.gradle.api.internal.provider.AbstractProperty.finalizeNow(AbstractProperty.java:245)
	at org.gradle.api.internal.provider.AbstractProperty.beforeRead(AbstractProperty.java:239)
	at org.gradle.api.internal.provider.AbstractProperty.calculateOwnValue(AbstractProperty.java:135)
	at org.gradle.api.internal.provider.AbstractMinimalProvider.calculateValue(AbstractMinimalProvider.java:115)
	at org.gradle.api.internal.provider.TransformBackedProvider.calculateOwnValue(TransformBackedProvider.java:82)
	at org.gradle.api.internal.provider.AbstractMinimalProvider.calculateValue(AbstractMinimalProvider.java:115)
	at org.gradle.api.internal.provider.TransformBackedProvider.calculateOwnValue(TransformBackedProvider.java:82)
	at org.gradle.api.internal.provider.AbstractMinimalProvider.calculateValue(AbstractMinimalProvider.java:115)
	at org.gradle.api.internal.provider.DefaultProperty.calculateValueFrom(DefaultProperty.java:128)
	at org.gradle.api.internal.provider.DefaultProperty.calculateValueFrom(DefaultProperty.java:26)
	at org.gradle.api.internal.provider.AbstractProperty.doCalculateValue(AbstractProperty.java:142)
	at org.gradle.api.internal.provider.AbstractProperty.calculateOwnValue(AbstractProperty.java:136)
	at org.gradle.api.internal.provider.AbstractMinimalProvider.getOrNull(AbstractMinimalProvider.java:105)
	at org.jetbrains.intellij.IntelliJPlugin$prepareConventionMappingsForRunIdeTask$8.call(IntelliJPlugin.kt:963)
	at org.jetbrains.intellij.IntelliJPlugin$prepareConventionMappingsForRunIdeTask$8.call(IntelliJPlugin.kt:958)
	at org.gradle.api.internal.provider.DefaultProvider.calculateOwnValue(DefaultProvider.java:72)
	at org.gradle.api.internal.provider.AbstractMinimalProvider.calculateValue(AbstractMinimalProvider.java:115)
	at org.gradle.api.internal.provider.TransformBackedProvider.calculateOwnValue(TransformBackedProvider.java:82)
	at org.gradle.api.internal.provider.AbstractMinimalProvider.calculateValue(AbstractMinimalProvider.java:115)
	at org.gradle.api.internal.provider.DefaultProperty.calculateValueFrom(DefaultProperty.java:128)
	at org.gradle.api.internal.provider.DefaultProperty.calculateValueFrom(DefaultProperty.java:26)
	at org.gradle.api.internal.provider.AbstractProperty.doCalculateValue(AbstractProperty.java:142)
	at org.gradle.api.internal.provider.AbstractProperty.calculateOwnValue(AbstractProperty.java:136)
	at org.gradle.api.internal.provider.AbstractMinimalProvider.calculateOwnPresentValue(AbstractMinimalProvider.java:80)
	at org.gradle.api.internal.provider.AbstractMinimalProvider.get(AbstractMinimalProvider.java:100)
	at org.jetbrains.intellij.tasks.RunIdeBase.getExecutable(RunIdeBase.kt:202)
	at org.jetbrains.intellij.tasks.BuildSearchableOptionsTask_Decorated.getExecutable(Unknown Source)
	at org.gradle.api.tasks.internal.JavaExecExecutableUtils.getExecutableOverrideToolchainSpec(JavaExecExecutableUtils.java:30)
	at org.gradle.api.tasks.JavaExec.lambda$new$0(JavaExec.java:144)
	at org.gradle.api.internal.provider.DefaultProvider.calculateOwnValue(DefaultProvider.java:72)
	at org.gradle.api.internal.provider.AbstractMinimalProvider.calculateValue(AbstractMinimalProvider.java:115)
	at org.gradle.api.internal.provider.FlatMapProvider.calculateOwnValue(FlatMapProvider.java:46)
	at org.gradle.api.internal.provider.AbstractMinimalProvider.calculateValue(AbstractMinimalProvider.java:115)
	at org.gradle.api.internal.provider.OrElseProvider.calculateOwnValue(OrElseProvider.java:76)
	at org.gradle.api.internal.provider.AbstractMinimalProvider.calculateValue(AbstractMinimalProvider.java:115)
	at org.gradle.api.internal.provider.TransformBackedProvider.calculateOwnValue(TransformBackedProvider.java:82)
	at org.gradle.api.internal.provider.AbstractMinimalProvider.calculateValue(AbstractMinimalProvider.java:115)
	at org.gradle.api.internal.provider.AbstractMinimalProvider.withFinalValue(AbstractMinimalProvider.java:168)
	at org.gradle.api.internal.provider.DefaultProperty.finalValue(DefaultProperty.java:133)
	at org.gradle.api.internal.provider.DefaultProperty.finalValue(DefaultProperty.java:26)
	at org.gradle.api.internal.provider.AbstractProperty.finalizeNow(AbstractProperty.java:245)
	at org.gradle.api.internal.provider.AbstractProperty.beforeRead(AbstractProperty.java:239)
	at org.gradle.api.internal.provider.AbstractProperty.calculateOwnValue(AbstractProperty.java:135)
	at org.gradle.api.internal.provider.AbstractMinimalProvider.getOrNull(AbstractMinimalProvider.java:105)
	at org.gradle.internal.properties.annotations.AbstractTypeMetadataWalker$InstanceTypeMetadataWalker.lambda$walkNestedProvider$0(AbstractTypeMetadataWalker.java:137)
	at org.gradle.internal.properties.annotations.AbstractTypeMetadataWalker$InstanceTypeMetadataWalker.walkNestedChild(AbstractTypeMetadataWalker.java:184)
	at org.gradle.internal.properties.annotations.AbstractTypeMetadataWalker$InstanceTypeMetadataWalker.walkNestedProvider(AbstractTypeMetadataWalker.java:136)
	at org.gradle.internal.properties.annotations.AbstractTypeMetadataWalker$InstanceTypeMetadataWalker.walkNestedProvider(AbstractTypeMetadataWalker.java:118)
	at org.gradle.internal.properties.annotations.AbstractTypeMetadataWalker.walkNested(AbstractTypeMetadataWalker.java:60)
	at org.gradle.internal.properties.annotations.AbstractTypeMetadataWalker.lambda$walkChildren$3(AbstractTypeMetadataWalker.java:85)
	at org.gradle.internal.properties.annotations.AbstractTypeMetadataWalker$InstanceTypeMetadataWalker.walkNestedChild(AbstractTypeMetadataWalker.java:190)
	at org.gradle.internal.properties.annotations.AbstractTypeMetadataWalker$InstanceTypeMetadataWalker.walkNestedChild(AbstractTypeMetadataWalker.java:171)
	at org.gradle.internal.properties.annotations.AbstractTypeMetadataWalker$InstanceTypeMetadataWalker.walkNestedChild(AbstractTypeMetadataWalker.java:118)
	at org.gradle.internal.properties.annotations.AbstractTypeMetadataWalker.lambda$walkChildren$4(AbstractTypeMetadataWalker.java:85)
	at java.base/java.lang.Iterable.forEach(Iterable.java:75)
	at org.gradle.internal.properties.annotations.AbstractTypeMetadataWalker.walkChildren(AbstractTypeMetadataWalker.java:83)
	at org.gradle.internal.properties.annotations.AbstractTypeMetadataWalker.walk(AbstractTypeMetadataWalker.java:53)
	at org.gradle.internal.properties.bean.DefaultPropertyWalker.visitProperties(DefaultPropertyWalker.java:65)
	at org.gradle.api.internal.tasks.TaskPropertyUtils.visitAnnotatedProperties(TaskPropertyUtils.java:58)
	at org.gradle.api.internal.tasks.TaskPropertyUtils.visitProperties(TaskPropertyUtils.java:45)
	at org.gradle.api.internal.tasks.TaskPropertyUtils.visitProperties(TaskPropertyUtils.java:35)
	at org.gradle.api.internal.tasks.DefaultTaskInputs.visitDependencies(DefaultTaskInputs.java:195)
	at org.gradle.api.internal.tasks.DefaultTaskDependency.visitDependencies(DefaultTaskDependency.java:112)
	at org.gradle.api.internal.tasks.CachingTaskDependencyResolveContext$TaskGraphImpl.getNodeValues(CachingTaskDependencyResolveContext.java:103)
	at org.gradle.internal.graph.CachingDirectedGraphWalker$GraphWithEmptyEdges.getNodeValues(CachingDirectedGraphWalker.java:213)
	at org.gradle.internal.graph.CachingDirectedGraphWalker.doSearch(CachingDirectedGraphWalker.java:121)
	at org.gradle.internal.graph.CachingDirectedGraphWalker.findValues(CachingDirectedGraphWalker.java:73)
	at org.gradle.api.internal.tasks.CachingTaskDependencyResolveContext.getDependencies(CachingTaskDependencyResolveContext.java:66)
	at org.gradle.execution.plan.TaskDependencyResolver.resolveDependenciesFor(TaskDependencyResolver.java:49)
	at org.gradle.execution.plan.LocalTaskNode.getDependencies(LocalTaskNode.java:148)
	at org.gradle.execution.plan.LocalTaskNode.resolveDependencies(LocalTaskNode.java:122)
	at org.gradle.execution.plan.DefaultExecutionPlan.discoverNodeRelationships(DefaultExecutionPlan.java:183)
	at org.gradle.execution.plan.DefaultExecutionPlan.doAddEntryNodes(DefaultExecutionPlan.java:155)
	at org.gradle.execution.plan.DefaultExecutionPlan.addEntryTasks(DefaultExecutionPlan.java:130)
	at org.gradle.execution.plan.DefaultExecutionPlan.addEntryTasks(DefaultExecutionPlan.java:122)
	at org.gradle.execution.TaskNameResolvingBuildTaskScheduler.scheduleRequestedTasks(TaskNameResolvingBuildTaskScheduler.java:54)
	at org.gradle.execution.DefaultTasksBuildTaskScheduler.scheduleRequestedTasks(DefaultTasksBuildTaskScheduler.java:72)
	at org.gradle.initialization.DefaultTaskExecutionPreparer.lambda$scheduleRequestedTasks$0(DefaultTaskExecutionPreparer.java:46)
	at org.gradle.internal.Factories$1.create(Factories.java:31)
	at org.gradle.internal.work.DefaultWorkerLeaseService.withReplacedLocks(DefaultWorkerLeaseService.java:360)
	at org.gradle.api.internal.project.DefaultProjectStateRegistry$DefaultBuildProjectRegistry.withMutableStateOfAllProjects(DefaultProjectStateRegistry.java:239)
	at org.gradle.api.internal.project.DefaultProjectStateRegistry$DefaultBuildProjectRegistry.withMutableStateOfAllProjects(DefaultProjectStateRegistry.java:232)
	at org.gradle.initialization.DefaultTaskExecutionPreparer.scheduleRequestedTasks(DefaultTaskExecutionPreparer.java:45)
	at org.gradle.initialization.VintageBuildModelController.lambda$scheduleRequestedTasks$0(VintageBuildModelController.java:76)
	at org.gradle.internal.model.StateTransitionController.lambda$inState$1(StateTransitionController.java:99)
	at org.gradle.internal.model.StateTransitionController.lambda$inState$2(StateTransitionController.java:114)
	at org.gradle.internal.work.DefaultSynchronizer.withLock(DefaultSynchronizer.java:44)
	at org.gradle.internal.model.StateTransitionController.inState(StateTransitionController.java:110)
	at org.gradle.internal.model.StateTransitionController.inState(StateTransitionController.java:98)
	at org.gradle.initialization.VintageBuildModelController.scheduleRequestedTasks(VintageBuildModelController.java:76)
	at org.gradle.internal.build.DefaultBuildLifecycleController$DefaultWorkGraphBuilder.addRequestedTasks(DefaultBuildLifecycleController.java:404)
	at org.gradle.internal.buildtree.DefaultBuildTreeWorkPreparer.lambda$scheduleRequestedTasks$0(DefaultBuildTreeWorkPreparer.java:41)
	at org.gradle.internal.build.DefaultBuildLifecycleController.lambda$populateWorkGraph$7(DefaultBuildLifecycleController.java:189)
	at org.gradle.internal.build.DefaultBuildWorkPreparer.populateWorkGraph(DefaultBuildWorkPreparer.java:42)
	at org.gradle.internal.build.BuildOperationFiringBuildWorkPreparer$PopulateWorkGraph.populateTaskGraph(BuildOperationFiringBuildWorkPreparer.java:106)
	at org.gradle.internal.build.BuildOperationFiringBuildWorkPreparer$PopulateWorkGraph.run(BuildOperationFiringBuildWorkPreparer.java:92)
	at org.gradle.internal.operations.DefaultBuildOperationRunner$1.execute(DefaultBuildOperationRunner.java:29)
	at org.gradle.internal.operations.DefaultBuildOperationRunner$1.execute(DefaultBuildOperationRunner.java:26)
	at org.gradle.internal.operations.DefaultBuildOperationRunner$2.execute(DefaultBuildOperationRunner.java:66)
	at org.gradle.internal.operations.DefaultBuildOperationRunner$2.execute(DefaultBuildOperationRunner.java:59)
	at org.gradle.internal.operations.DefaultBuildOperationRunner.execute(DefaultBuildOperationRunner.java:157)
	at org.gradle.internal.operations.DefaultBuildOperationRunner.execute(DefaultBuildOperationRunner.java:59)
	at org.gradle.internal.operations.DefaultBuildOperationRunner.run(DefaultBuildOperationRunner.java:47)
	at org.gradle.internal.operations.DefaultBuildOperationExecutor.run(DefaultBuildOperationExecutor.java:68)
	at org.gradle.internal.build.BuildOperationFiringBuildWorkPreparer.populateWorkGraph(BuildOperationFiringBuildWorkPreparer.java:67)
	at org.gradle.internal.build.DefaultBuildLifecycleController.lambda$populateWorkGraph$8(DefaultBuildLifecycleController.java:189)
	at org.gradle.internal.model.StateTransitionController.lambda$inState$1(StateTransitionController.java:99)
	at org.gradle.internal.model.StateTransitionController.lambda$inState$2(StateTransitionController.java:114)
	at org.gradle.internal.work.DefaultSynchronizer.withLock(DefaultSynchronizer.java:44)
	at org.gradle.internal.model.StateTransitionController.inState(StateTransitionController.java:110)
	at org.gradle.internal.model.StateTransitionController.inState(StateTransitionController.java:98)
	at org.gradle.internal.build.DefaultBuildLifecycleController.populateWorkGraph(DefaultBuildLifecycleController.java:189)
	at org.gradle.internal.build.DefaultBuildWorkGraphController$DefaultBuildWorkGraph.populateWorkGraph(DefaultBuildWorkGraphController.java:169)
	at org.gradle.composite.internal.DefaultBuildController.populateWorkGraph(DefaultBuildController.java:76)
	at org.gradle.composite.internal.DefaultIncludedBuildTaskGraph$DefaultBuildTreeWorkGraphBuilder.withWorkGraph(DefaultIncludedBuildTaskGraph.java:153)
	at org.gradle.internal.buildtree.DefaultBuildTreeWorkPreparer.lambda$scheduleRequestedTasks$1(DefaultBuildTreeWorkPreparer.java:41)
	at org.gradle.composite.internal.DefaultIncludedBuildTaskGraph$DefaultBuildTreeWorkGraph$1.run(DefaultIncludedBuildTaskGraph.java:209)
	at org.gradle.internal.operations.DefaultBuildOperationRunner$1.execute(DefaultBuildOperationRunner.java:29)
	at org.gradle.internal.operations.DefaultBuildOperationRunner$1.execute(DefaultBuildOperationRunner.java:26)
	at org.gradle.internal.operations.DefaultBuildOperationRunner$2.execute(DefaultBuildOperationRunner.java:66)
	at org.gradle.internal.operations.DefaultBuildOperationRunner$2.execute(DefaultBuildOperationRunner.java:59)
	at org.gradle.internal.operations.DefaultBuildOperationRunner.execute(DefaultBuildOperationRunner.java:157)
	at org.gradle.internal.operations.DefaultBuildOperationRunner.execute(DefaultBuildOperationRunner.java:59)
	at org.gradle.internal.operations.DefaultBuildOperationRunner.run(DefaultBuildOperationRunner.java:47)
	at org.gradle.internal.operations.DefaultBuildOperationExecutor.run(DefaultBuildOperationExecutor.java:68)
	at org.gradle.composite.internal.DefaultIncludedBuildTaskGraph$DefaultBuildTreeWorkGraph.scheduleWork(DefaultIncludedBuildTaskGraph.java:204)
	at org.gradle.internal.buildtree.DefaultBuildTreeWorkPreparer.scheduleRequestedTasks(DefaultBuildTreeWorkPreparer.java:37)
	at org.gradle.configurationcache.VintageBuildTreeWorkController$scheduleAndRunRequestedTasks$1.apply(VintageBuildTreeWorkController.kt:36)
	at org.gradle.configurationcache.VintageBuildTreeWorkController$scheduleAndRunRequestedTasks$1.apply(VintageBuildTreeWorkController.kt:35)
	at org.gradle.composite.internal.DefaultIncludedBuildTaskGraph.withNewWorkGraph(DefaultIncludedBuildTaskGraph.java:112)
	at org.gradle.configurationcache.VintageBuildTreeWorkController.scheduleAndRunRequestedTasks(VintageBuildTreeWorkController.kt:35)
	at org.gradle.internal.buildtree.DefaultBuildTreeLifecycleController.lambda$scheduleAndRunTasks$1(DefaultBuildTreeLifecycleController.java:76)
	at org.gradle.internal.buildtree.DefaultBuildTreeLifecycleController.lambda$runBuild$4(DefaultBuildTreeLifecycleController.java:119)
	at org.gradle.internal.model.StateTransitionController.lambda$transition$6(StateTransitionController.java:169)
	at org.gradle.internal.model.StateTransitionController.doTransition(StateTransitionController.java:266)
	at org.gradle.internal.model.StateTransitionController.lambda$transition$7(StateTransitionController.java:169)
	at org.gradle.internal.work.DefaultSynchronizer.withLock(DefaultSynchronizer.java:44)
	at org.gradle.internal.model.StateTransitionController.transition(StateTransitionController.java:169)
	at org.gradle.internal.buildtree.DefaultBuildTreeLifecycleController.runBuild(DefaultBuildTreeLifecycleController.java:116)
	at org.gradle.internal.buildtree.DefaultBuildTreeLifecycleController.scheduleAndRunTasks(DefaultBuildTreeLifecycleController.java:76)
	at org.gradle.internal.buildtree.DefaultBuildTreeLifecycleController.scheduleAndRunTasks(DefaultBuildTreeLifecycleController.java:71)
	at org.gradle.tooling.internal.provider.ExecuteBuildActionRunner.run(ExecuteBuildActionRunner.java:31)
	at org.gradle.launcher.exec.ChainingBuildActionRunner.run(ChainingBuildActionRunner.java:35)
	at org.gradle.internal.buildtree.ProblemReportingBuildActionRunner.run(ProblemReportingBuildActionRunner.java:49)
	at org.gradle.launcher.exec.BuildOutcomeReportingBuildActionRunner.run(BuildOutcomeReportingBuildActionRunner.java:65)
	at org.gradle.tooling.internal.provider.FileSystemWatchingBuildActionRunner.run(FileSystemWatchingBuildActionRunner.java:140)
	at org.gradle.launcher.exec.BuildCompletionNotifyingBuildActionRunner.run(BuildCompletionNotifyingBuildActionRunner.java:41)
	at org.gradle.launcher.exec.RootBuildLifecycleBuildActionExecutor.lambda$execute$0(RootBuildLifecycleBuildActionExecutor.java:40)
	at org.gradle.composite.internal.DefaultRootBuildState.run(DefaultRootBuildState.java:123)
	at org.gradle.launcher.exec.RootBuildLifecycleBuildActionExecutor.execute(RootBuildLifecycleBuildActionExecutor.java:40)
	at org.gradle.internal.buildtree.InitDeprecationLoggingActionExecutor.execute(InitDeprecationLoggingActionExecutor.java:62)
	at org.gradle.internal.buildtree.InitProblems.execute(InitProblems.java:38)
	at org.gradle.internal.buildtree.DefaultBuildTreeContext.execute(DefaultBuildTreeContext.java:40)
	at org.gradle.launcher.exec.BuildTreeLifecycleBuildActionExecutor.lambda$execute$0(BuildTreeLifecycleBuildActionExecutor.java:58)
	at org.gradle.internal.buildtree.BuildTreeState.run(BuildTreeState.java:58)
	at org.gradle.launcher.exec.BuildTreeLifecycleBuildActionExecutor.execute(BuildTreeLifecycleBuildActionExecutor.java:58)
	at org.gradle.launcher.exec.RunAsBuildOperationBuildActionExecutor$3.call(RunAsBuildOperationBuildActionExecutor.java:61)
	at org.gradle.launcher.exec.RunAsBuildOperationBuildActionExecutor$3.call(RunAsBuildOperationBuildActionExecutor.java:57)
	at org.gradle.internal.operations.DefaultBuildOperationRunner$CallableBuildOperationWorker.execute(DefaultBuildOperationRunner.java:204)
	at org.gradle.internal.operations.DefaultBuildOperationRunner$CallableBuildOperationWorker.execute(DefaultBuildOperationRunner.java:199)
	at org.gradle.internal.operations.DefaultBuildOperationRunner$2.execute(DefaultBuildOperationRunner.java:66)
	at org.gradle.internal.operations.DefaultBuildOperationRunner$2.execute(DefaultBuildOperationRunner.java:59)
	at org.gradle.internal.operations.DefaultBuildOperationRunner.execute(DefaultBuildOperationRunner.java:157)
	at org.gradle.internal.operations.DefaultBuildOperationRunner.execute(DefaultBuildOperationRunner.java:59)
	at org.gradle.internal.operations.DefaultBuildOperationRunner.call(DefaultBuildOperationRunner.java:53)
	at org.gradle.internal.operations.DefaultBuildOperationExecutor.call(DefaultBuildOperationExecutor.java:73)
	at org.gradle.launcher.exec.RunAsBuildOperationBuildActionExecutor.execute(RunAsBuildOperationBuildActionExecutor.java:57)
	at org.gradle.launcher.exec.RunAsWorkerThreadBuildActionExecutor.lambda$execute$0(RunAsWorkerThreadBuildActionExecutor.java:36)
	at org.gradle.internal.work.DefaultWorkerLeaseService.withLocks(DefaultWorkerLeaseService.java:264)
	at org.gradle.internal.work.DefaultWorkerLeaseService.runAsWorkerThread(DefaultWorkerLeaseService.java:128)
	at org.gradle.launcher.exec.RunAsWorkerThreadBuildActionExecutor.execute(RunAsWorkerThreadBuildActionExecutor.java:36)
	at org.gradle.tooling.internal.provider.continuous.ContinuousBuildActionExecutor.execute(ContinuousBuildActionExecutor.java:110)
	at org.gradle.tooling.internal.provider.SubscribableBuildActionExecutor.execute(SubscribableBuildActionExecutor.java:64)
	at org.gradle.internal.session.DefaultBuildSessionContext.execute(DefaultBuildSessionContext.java:46)
	at org.gradle.tooling.internal.provider.BuildSessionLifecycleBuildActionExecuter$ActionImpl.apply(BuildSessionLifecycleBuildActionExecuter.java:92)
	at org.gradle.tooling.internal.provider.BuildSessionLifecycleBuildActionExecuter$ActionImpl.apply(BuildSessionLifecycleBuildActionExecuter.java:80)
	at org.gradle.internal.session.BuildSessionState.run(BuildSessionState.java:69)
	at org.gradle.tooling.internal.provider.BuildSessionLifecycleBuildActionExecuter.execute(BuildSessionLifecycleBuildActionExecuter.java:62)
	at org.gradle.tooling.internal.provider.BuildSessionLifecycleBuildActionExecuter.execute(BuildSessionLifecycleBuildActionExecuter.java:41)
	at org.gradle.tooling.internal.provider.StartParamsValidatingActionExecuter.execute(StartParamsValidatingActionExecuter.java:64)
	at org.gradle.tooling.internal.provider.StartParamsValidatingActionExecuter.execute(StartParamsValidatingActionExecuter.java:32)
	at org.gradle.tooling.internal.provider.SessionFailureReportingActionExecuter.execute(SessionFailureReportingActionExecuter.java:51)
	at org.gradle.tooling.internal.provider.SessionFailureReportingActionExecuter.execute(SessionFailureReportingActionExecuter.java:39)
	at org.gradle.tooling.internal.provider.SetupLoggingActionExecuter.execute(SetupLoggingActionExecuter.java:47)
	at org.gradle.tooling.internal.provider.SetupLoggingActionExecuter.execute(SetupLoggingActionExecuter.java:31)
	at org.gradle.launcher.daemon.server.exec.ExecuteBuild.doBuild(ExecuteBuild.java:65)
	at org.gradle.launcher.daemon.server.exec.BuildCommandOnly.execute(BuildCommandOnly.java:37)
	at org.gradle.launcher.daemon.server.api.DaemonCommandExecution.proceed(DaemonCommandExecution.java:104)
	at org.gradle.launcher.daemon.server.exec.WatchForDisconnection.execute(WatchForDisconnection.java:39)
	at org.gradle.launcher.daemon.server.api.DaemonCommandExecution.proceed(DaemonCommandExecution.java:104)
	at org.gradle.launcher.daemon.server.exec.ResetDeprecationLogger.execute(ResetDeprecationLogger.java:29)
	at org.gradle.launcher.daemon.server.api.DaemonCommandExecution.proceed(DaemonCommandExecution.java:104)
	at org.gradle.launcher.daemon.server.exec.RequestStopIfSingleUsedDaemon.execute(RequestStopIfSingleUsedDaemon.java:35)
	at org.gradle.launcher.daemon.server.api.DaemonCommandExecution.proceed(DaemonCommandExecution.java:104)
	at org.gradle.launcher.daemon.server.exec.ForwardClientInput$2.create(ForwardClientInput.java:78)
	at org.gradle.launcher.daemon.server.exec.ForwardClientInput$2.create(ForwardClientInput.java:75)
	at org.gradle.util.internal.Swapper.swap(Swapper.java:38)
	at org.gradle.launcher.daemon.server.exec.ForwardClientInput.execute(ForwardClientInput.java:75)
	at org.gradle.launcher.daemon.server.api.DaemonCommandExecution.proceed(DaemonCommandExecution.java:104)
	at org.gradle.launcher.daemon.server.exec.LogAndCheckHealth.execute(LogAndCheckHealth.java:64)
	at org.gradle.launcher.daemon.server.api.DaemonCommandExecution.proceed(DaemonCommandExecution.java:104)
	at org.gradle.launcher.daemon.server.exec.LogToClient.doBuild(LogToClient.java:63)
	at org.gradle.launcher.daemon.server.exec.BuildCommandOnly.execute(BuildCommandOnly.java:37)
	at org.gradle.launcher.daemon.server.api.DaemonCommandExecution.proceed(DaemonCommandExecution.java:104)
	at org.gradle.launcher.daemon.server.exec.EstablishBuildEnvironment.doBuild(EstablishBuildEnvironment.java:84)
	at org.gradle.launcher.daemon.server.exec.BuildCommandOnly.execute(BuildCommandOnly.java:37)
	at org.gradle.launcher.daemon.server.api.DaemonCommandExecution.proceed(DaemonCommandExecution.java:104)
	at org.gradle.launcher.daemon.server.exec.StartBuildOrRespondWithBusy$1.run(StartBuildOrRespondWithBusy.java:52)
	at org.gradle.launcher.daemon.server.DaemonStateCoordinator$1.run(DaemonStateCoordinator.java:297)
	at org.gradle.internal.concurrent.ExecutorPolicy$CatchAndRecordFailures.onExecute(ExecutorPolicy.java:64)
	at org.gradle.internal.concurrent.AbstractManagedExecutor$1.run(AbstractManagedExecutor.java:47)
	at java.base/java.util.concurrent.ThreadPoolExecutor.runWorker(ThreadPoolExecutor.java:1136)
	at java.base/java.util.concurrent.ThreadPoolExecutor$Worker.run(ThreadPoolExecutor.java:635)
	at java.base/java.lang.Thread.run(Thread.java:840)
[gradle-intellij-plugin :] Cannot create plugin from file '/opt/android-studio/plugins/c-clangd-plugin': Invalid plugin descriptor 'plugin.xml'. Unable to read the plugin descriptor: No enum constant com.jetbrains.plugin.structure.intellij.plugin.IdePluginContentDescriptor.ServiceType.APPLİCATİON.
Unable to read descriptor [plugin.xml] from [/opt/android-studio/plugins/c-clangdBridge-plugin/lib/c-clangdBridge-plugin.jar]
java.lang.IllegalArgumentException: No enum constant com.jetbrains.plugin.structure.intellij.plugin.IdePluginContentDescriptor.ServiceType.APPLİCATİON
	at java.base/java.lang.Enum.valueOf(Enum.java:273)
	at com.jetbrains.plugin.structure.intellij.plugin.IdePluginContentDescriptor$ServiceType.valueOf(IdePluginContents.kt)
	at com.jetbrains.plugin.structure.intellij.plugin.PluginCreator.readServiceDescriptor(PluginCreator.kt:406)
	at com.jetbrains.plugin.structure.intellij.plugin.PluginCreator.readExtensions(PluginCreator.kt:341)
	at com.jetbrains.plugin.structure.intellij.plugin.PluginCreator.setInfoFromBean(PluginCreator.kt:320)
	at com.jetbrains.plugin.structure.intellij.plugin.PluginCreator.resolveDocumentAndValidateBean(PluginCreator.kt:664)
	at com.jetbrains.plugin.structure.intellij.plugin.PluginCreator.access$resolveDocumentAndValidateBean(PluginCreator.kt:31)
	at com.jetbrains.plugin.structure.intellij.plugin.PluginCreator$Companion.createPlugin(PluginCreator.kt:109)
	at com.jetbrains.plugin.structure.intellij.plugin.IdePluginManager.loadPluginInfoFromJarFile(IdePluginManager.kt:62)
	at com.jetbrains.plugin.structure.intellij.plugin.IdePluginManager.loadPluginInfoFromLibDirectory(IdePluginManager.kt:165)
	at com.jetbrains.plugin.structure.intellij.plugin.IdePluginManager.loadPluginInfoFromDirectory(IdePluginManager.kt:97)
	at com.jetbrains.plugin.structure.intellij.plugin.IdePluginManager.loadPluginInfoFromJarOrDirectory(IdePluginManager.kt:206)
	at com.jetbrains.plugin.structure.intellij.plugin.IdePluginManager.getPluginCreatorWithResult(IdePluginManager.kt:347)
	at com.jetbrains.plugin.structure.intellij.plugin.IdePluginManager.createPlugin(IdePluginManager.kt:314)
	at com.jetbrains.plugin.structure.intellij.plugin.IdePluginManager.createPlugin$default(IdePluginManager.kt:312)
	at org.jetbrains.intellij.Utils.createPlugin(utils.kt:222)
	at org.jetbrains.intellij.dependency.BuiltinPluginsRegistry.add(BuiltinPluginsRegistry.kt:89)
	at org.jetbrains.intellij.dependency.BuiltinPluginsRegistry.fillFromDirectory(BuiltinPluginsRegistry.kt:47)
	at org.jetbrains.intellij.dependency.BuiltinPluginsRegistry.access$fillFromDirectory(BuiltinPluginsRegistry.kt:21)
	at org.jetbrains.intellij.dependency.BuiltinPluginsRegistry$Companion.fromDirectory(BuiltinPluginsRegistry.kt:127)
	at org.jetbrains.intellij.dependency.IdeaDependencyManager.createDependency(IdeaDependencyManager.kt:92)
	at org.jetbrains.intellij.dependency.IdeaDependencyManager.resolveLocal(IdeaDependencyManager.kt:430)
	at org.jetbrains.intellij.IntelliJPlugin$prepareIdeaDependencyProvider$1.call(IntelliJPlugin.kt:299)
	at org.jetbrains.intellij.IntelliJPlugin$prepareIdeaDependencyProvider$1.call(IntelliJPlugin.kt:266)
	at org.gradle.api.internal.provider.DefaultProvider.calculateOwnValue(DefaultProvider.java:72)
	at org.gradle.api.internal.provider.AbstractMinimalProvider.calculateValue(AbstractMinimalProvider.java:115)
	at org.gradle.api.internal.provider.TransformBackedProvider.calculateOwnValue(TransformBackedProvider.java:82)
	at org.gradle.api.internal.provider.AbstractMinimalProvider.calculateValue(AbstractMinimalProvider.java:115)
	at org.gradle.api.internal.provider.AbstractMinimalProvider.withFinalValue(AbstractMinimalProvider.java:168)
	at org.gradle.api.internal.provider.DefaultProperty.finalValue(DefaultProperty.java:133)
	at org.gradle.api.internal.provider.DefaultProperty.finalValue(DefaultProperty.java:26)
	at org.gradle.api.internal.provider.AbstractProperty.finalizeNow(AbstractProperty.java:245)
	at org.gradle.api.internal.provider.AbstractProperty.beforeRead(AbstractProperty.java:239)
	at org.gradle.api.internal.provider.AbstractProperty.calculateOwnValue(AbstractProperty.java:135)
	at org.gradle.api.internal.provider.AbstractMinimalProvider.calculateValue(AbstractMinimalProvider.java:115)
	at org.gradle.api.internal.provider.TransformBackedProvider.calculateOwnValue(TransformBackedProvider.java:82)
	at org.gradle.api.internal.provider.AbstractMinimalProvider.calculateValue(AbstractMinimalProvider.java:115)
	at org.gradle.api.internal.provider.TransformBackedProvider.calculateOwnValue(TransformBackedProvider.java:82)
	at org.gradle.api.internal.provider.AbstractMinimalProvider.calculateValue(AbstractMinimalProvider.java:115)
	at org.gradle.api.internal.provider.DefaultProperty.calculateValueFrom(DefaultProperty.java:128)
	at org.gradle.api.internal.provider.DefaultProperty.calculateValueFrom(DefaultProperty.java:26)
	at org.gradle.api.internal.provider.AbstractProperty.doCalculateValue(AbstractProperty.java:142)
	at org.gradle.api.internal.provider.AbstractProperty.calculateOwnValue(AbstractProperty.java:136)
	at org.gradle.api.internal.provider.AbstractMinimalProvider.getOrNull(AbstractMinimalProvider.java:105)
	at org.jetbrains.intellij.IntelliJPlugin$prepareConventionMappingsForRunIdeTask$8.call(IntelliJPlugin.kt:963)
	at org.jetbrains.intellij.IntelliJPlugin$prepareConventionMappingsForRunIdeTask$8.call(IntelliJPlugin.kt:958)
	at org.gradle.api.internal.provider.DefaultProvider.calculateOwnValue(DefaultProvider.java:72)
	at org.gradle.api.internal.provider.AbstractMinimalProvider.calculateValue(AbstractMinimalProvider.java:115)
	at org.gradle.api.internal.provider.TransformBackedProvider.calculateOwnValue(TransformBackedProvider.java:82)
	at org.gradle.api.internal.provider.AbstractMinimalProvider.calculateValue(AbstractMinimalProvider.java:115)
	at org.gradle.api.internal.provider.DefaultProperty.calculateValueFrom(DefaultProperty.java:128)
	at org.gradle.api.internal.provider.DefaultProperty.calculateValueFrom(DefaultProperty.java:26)
	at org.gradle.api.internal.provider.AbstractProperty.doCalculateValue(AbstractProperty.java:142)
	at org.gradle.api.internal.provider.AbstractProperty.calculateOwnValue(AbstractProperty.java:136)
	at org.gradle.api.internal.provider.AbstractMinimalProvider.calculateOwnPresentValue(AbstractMinimalProvider.java:80)
	at org.gradle.api.internal.provider.AbstractMinimalProvider.get(AbstractMinimalProvider.java:100)
	at org.jetbrains.intellij.tasks.RunIdeBase.getExecutable(RunIdeBase.kt:202)
	at org.jetbrains.intellij.tasks.BuildSearchableOptionsTask_Decorated.getExecutable(Unknown Source)
	at org.gradle.api.tasks.internal.JavaExecExecutableUtils.getExecutableOverrideToolchainSpec(JavaExecExecutableUtils.java:30)
	at org.gradle.api.tasks.JavaExec.lambda$new$0(JavaExec.java:144)
	at org.gradle.api.internal.provider.DefaultProvider.calculateOwnValue(DefaultProvider.java:72)
	at org.gradle.api.internal.provider.AbstractMinimalProvider.calculateValue(AbstractMinimalProvider.java:115)
	at org.gradle.api.internal.provider.FlatMapProvider.calculateOwnValue(FlatMapProvider.java:46)
	at org.gradle.api.internal.provider.AbstractMinimalProvider.calculateValue(AbstractMinimalProvider.java:115)
	at org.gradle.api.internal.provider.OrElseProvider.calculateOwnValue(OrElseProvider.java:76)
	at org.gradle.api.internal.provider.AbstractMinimalProvider.calculateValue(AbstractMinimalProvider.java:115)
	at org.gradle.api.internal.provider.TransformBackedProvider.calculateOwnValue(TransformBackedProvider.java:82)
	at org.gradle.api.internal.provider.AbstractMinimalProvider.calculateValue(AbstractMinimalProvider.java:115)
	at org.gradle.api.internal.provider.AbstractMinimalProvider.withFinalValue(AbstractMinimalProvider.java:168)
	at org.gradle.api.internal.provider.DefaultProperty.finalValue(DefaultProperty.java:133)
	at org.gradle.api.internal.provider.DefaultProperty.finalValue(DefaultProperty.java:26)
	at org.gradle.api.internal.provider.AbstractProperty.finalizeNow(AbstractProperty.java:245)
	at org.gradle.api.internal.provider.AbstractProperty.beforeRead(AbstractProperty.java:239)
	at org.gradle.api.internal.provider.AbstractProperty.calculateOwnValue(AbstractProperty.java:135)
	at org.gradle.api.internal.provider.AbstractMinimalProvider.getOrNull(AbstractMinimalProvider.java:105)
	at org.gradle.internal.properties.annotations.AbstractTypeMetadataWalker$InstanceTypeMetadataWalker.lambda$walkNestedProvider$0(AbstractTypeMetadataWalker.java:137)
	at org.gradle.internal.properties.annotations.AbstractTypeMetadataWalker$InstanceTypeMetadataWalker.walkNestedChild(AbstractTypeMetadataWalker.java:184)
	at org.gradle.internal.properties.annotations.AbstractTypeMetadataWalker$InstanceTypeMetadataWalker.walkNestedProvider(AbstractTypeMetadataWalker.java:136)
	at org.gradle.internal.properties.annotations.AbstractTypeMetadataWalker$InstanceTypeMetadataWalker.walkNestedProvider(AbstractTypeMetadataWalker.java:118)
	at org.gradle.internal.properties.annotations.AbstractTypeMetadataWalker.walkNested(AbstractTypeMetadataWalker.java:60)
	at org.gradle.internal.properties.annotations.AbstractTypeMetadataWalker.lambda$walkChildren$3(AbstractTypeMetadataWalker.java:85)
	at org.gradle.internal.properties.annotations.AbstractTypeMetadataWalker$InstanceTypeMetadataWalker.walkNestedChild(AbstractTypeMetadataWalker.java:190)
	at org.gradle.internal.properties.annotations.AbstractTypeMetadataWalker$InstanceTypeMetadataWalker.walkNestedChild(AbstractTypeMetadataWalker.java:171)
	at org.gradle.internal.properties.annotations.AbstractTypeMetadataWalker$InstanceTypeMetadataWalker.walkNestedChild(AbstractTypeMetadataWalker.java:118)
	at org.gradle.internal.properties.annotations.AbstractTypeMetadataWalker.lambda$walkChildren$4(AbstractTypeMetadataWalker.java:85)
	at java.base/java.lang.Iterable.forEach(Iterable.java:75)
	at org.gradle.internal.properties.annotations.AbstractTypeMetadataWalker.walkChildren(AbstractTypeMetadataWalker.java:83)
	at org.gradle.internal.properties.annotations.AbstractTypeMetadataWalker.walk(AbstractTypeMetadataWalker.java:53)
	at org.gradle.internal.properties.bean.DefaultPropertyWalker.visitProperties(DefaultPropertyWalker.java:65)
	at org.gradle.api.internal.tasks.TaskPropertyUtils.visitAnnotatedProperties(TaskPropertyUtils.java:58)
	at org.gradle.api.internal.tasks.TaskPropertyUtils.visitProperties(TaskPropertyUtils.java:45)
	at org.gradle.api.internal.tasks.TaskPropertyUtils.visitProperties(TaskPropertyUtils.java:35)
	at org.gradle.api.internal.tasks.DefaultTaskInputs.visitDependencies(DefaultTaskInputs.java:195)
	at org.gradle.api.internal.tasks.DefaultTaskDependency.visitDependencies(DefaultTaskDependency.java:112)
	at org.gradle.api.internal.tasks.CachingTaskDependencyResolveContext$TaskGraphImpl.getNodeValues(CachingTaskDependencyResolveContext.java:103)
	at org.gradle.internal.graph.CachingDirectedGraphWalker$GraphWithEmptyEdges.getNodeValues(CachingDirectedGraphWalker.java:213)
	at org.gradle.internal.graph.CachingDirectedGraphWalker.doSearch(CachingDirectedGraphWalker.java:121)
	at org.gradle.internal.graph.CachingDirectedGraphWalker.findValues(CachingDirectedGraphWalker.java:73)
	at org.gradle.api.internal.tasks.CachingTaskDependencyResolveContext.getDependencies(CachingTaskDependencyResolveContext.java:66)
	at org.gradle.execution.plan.TaskDependencyResolver.resolveDependenciesFor(TaskDependencyResolver.java:49)
	at org.gradle.execution.plan.LocalTaskNode.getDependencies(LocalTaskNode.java:148)
	at org.gradle.execution.plan.LocalTaskNode.resolveDependencies(LocalTaskNode.java:122)
	at org.gradle.execution.plan.DefaultExecutionPlan.discoverNodeRelationships(DefaultExecutionPlan.java:183)
	at org.gradle.execution.plan.DefaultExecutionPlan.doAddEntryNodes(DefaultExecutionPlan.java:155)
	at org.gradle.execution.plan.DefaultExecutionPlan.addEntryTasks(DefaultExecutionPlan.java:130)
	at org.gradle.execution.plan.DefaultExecutionPlan.addEntryTasks(DefaultExecutionPlan.java:122)
	at org.gradle.execution.TaskNameResolvingBuildTaskScheduler.scheduleRequestedTasks(TaskNameResolvingBuildTaskScheduler.java:54)
	at org.gradle.execution.DefaultTasksBuildTaskScheduler.scheduleRequestedTasks(DefaultTasksBuildTaskScheduler.java:72)
	at org.gradle.initialization.DefaultTaskExecutionPreparer.lambda$scheduleRequestedTasks$0(DefaultTaskExecutionPreparer.java:46)
	at org.gradle.internal.Factories$1.create(Factories.java:31)
	at org.gradle.internal.work.DefaultWorkerLeaseService.withReplacedLocks(DefaultWorkerLeaseService.java:360)
	at org.gradle.api.internal.project.DefaultProjectStateRegistry$DefaultBuildProjectRegistry.withMutableStateOfAllProjects(DefaultProjectStateRegistry.java:239)
	at org.gradle.api.internal.project.DefaultProjectStateRegistry$DefaultBuildProjectRegistry.withMutableStateOfAllProjects(DefaultProjectStateRegistry.java:232)
	at org.gradle.initialization.DefaultTaskExecutionPreparer.scheduleRequestedTasks(DefaultTaskExecutionPreparer.java:45)
	at org.gradle.initialization.VintageBuildModelController.lambda$scheduleRequestedTasks$0(VintageBuildModelController.java:76)
	at org.gradle.internal.model.StateTransitionController.lambda$inState$1(StateTransitionController.java:99)
	at org.gradle.internal.model.StateTransitionController.lambda$inState$2(StateTransitionController.java:114)
	at org.gradle.internal.work.DefaultSynchronizer.withLock(DefaultSynchronizer.java:44)
	at org.gradle.internal.model.StateTransitionController.inState(StateTransitionController.java:110)
	at org.gradle.internal.model.StateTransitionController.inState(StateTransitionController.java:98)
	at org.gradle.initialization.VintageBuildModelController.scheduleRequestedTasks(VintageBuildModelController.java:76)
	at org.gradle.internal.build.DefaultBuildLifecycleController$DefaultWorkGraphBuilder.addRequestedTasks(DefaultBuildLifecycleController.java:404)
	at org.gradle.internal.buildtree.DefaultBuildTreeWorkPreparer.lambda$scheduleRequestedTasks$0(DefaultBuildTreeWorkPreparer.java:41)
	at org.gradle.internal.build.DefaultBuildLifecycleController.lambda$populateWorkGraph$7(DefaultBuildLifecycleController.java:189)
	at org.gradle.internal.build.DefaultBuildWorkPreparer.populateWorkGraph(DefaultBuildWorkPreparer.java:42)
	at org.gradle.internal.build.BuildOperationFiringBuildWorkPreparer$PopulateWorkGraph.populateTaskGraph(BuildOperationFiringBuildWorkPreparer.java:106)
	at org.gradle.internal.build.BuildOperationFiringBuildWorkPreparer$PopulateWorkGraph.run(BuildOperationFiringBuildWorkPreparer.java:92)
	at org.gradle.internal.operations.DefaultBuildOperationRunner$1.execute(DefaultBuildOperationRunner.java:29)
	at org.gradle.internal.operations.DefaultBuildOperationRunner$1.execute(DefaultBuildOperationRunner.java:26)
	at org.gradle.internal.operations.DefaultBuildOperationRunner$2.execute(DefaultBuildOperationRunner.java:66)
	at org.gradle.internal.operations.DefaultBuildOperationRunner$2.execute(DefaultBuildOperationRunner.java:59)
	at org.gradle.internal.operations.DefaultBuildOperationRunner.execute(DefaultBuildOperationRunner.java:157)
	at org.gradle.internal.operations.DefaultBuildOperationRunner.execute(DefaultBuildOperationRunner.java:59)
	at org.gradle.internal.operations.DefaultBuildOperationRunner.run(DefaultBuildOperationRunner.java:47)
	at org.gradle.internal.operations.DefaultBuildOperationExecutor.run(DefaultBuildOperationExecutor.java:68)
	at org.gradle.internal.build.BuildOperationFiringBuildWorkPreparer.populateWorkGraph(BuildOperationFiringBuildWorkPreparer.java:67)
	at org.gradle.internal.build.DefaultBuildLifecycleController.lambda$populateWorkGraph$8(DefaultBuildLifecycleController.java:189)
	at org.gradle.internal.model.StateTransitionController.lambda$inState$1(StateTransitionController.java:99)
	at org.gradle.internal.model.StateTransitionController.lambda$inState$2(StateTransitionController.java:114)
	at org.gradle.internal.work.DefaultSynchronizer.withLock(DefaultSynchronizer.java:44)
	at org.gradle.internal.model.StateTransitionController.inState(StateTransitionController.java:110)
	at org.gradle.internal.model.StateTransitionController.inState(StateTransitionController.java:98)
	at org.gradle.internal.build.DefaultBuildLifecycleController.populateWorkGraph(DefaultBuildLifecycleController.java:189)
	at org.gradle.internal.build.DefaultBuildWorkGraphController$DefaultBuildWorkGraph.populateWorkGraph(DefaultBuildWorkGraphController.java:169)
	at org.gradle.composite.internal.DefaultBuildController.populateWorkGraph(DefaultBuildController.java:76)
	at org.gradle.composite.internal.DefaultIncludedBuildTaskGraph$DefaultBuildTreeWorkGraphBuilder.withWorkGraph(DefaultIncludedBuildTaskGraph.java:153)
	at org.gradle.internal.buildtree.DefaultBuildTreeWorkPreparer.lambda$scheduleRequestedTasks$1(DefaultBuildTreeWorkPreparer.java:41)
	at org.gradle.composite.internal.DefaultIncludedBuildTaskGraph$DefaultBuildTreeWorkGraph$1.run(DefaultIncludedBuildTaskGraph.java:209)
	at org.gradle.internal.operations.DefaultBuildOperationRunner$1.execute(DefaultBuildOperationRunner.java:29)
	at org.gradle.internal.operations.DefaultBuildOperationRunner$1.execute(DefaultBuildOperationRunner.java:26)
	at org.gradle.internal.operations.DefaultBuildOperationRunner$2.execute(DefaultBuildOperationRunner.java:66)
	at org.gradle.internal.operations.DefaultBuildOperationRunner$2.execute(DefaultBuildOperationRunner.java:59)
	at org.gradle.internal.operations.DefaultBuildOperationRunner.execute(DefaultBuildOperationRunner.java:157)
	at org.gradle.internal.operations.DefaultBuildOperationRunner.execute(DefaultBuildOperationRunner.java:59)
	at org.gradle.internal.operations.DefaultBuildOperationRunner.run(DefaultBuildOperationRunner.java:47)
	at org.gradle.internal.operations.DefaultBuildOperationExecutor.run(DefaultBuildOperationExecutor.java:68)
	at org.gradle.composite.internal.DefaultIncludedBuildTaskGraph$DefaultBuildTreeWorkGraph.scheduleWork(DefaultIncludedBuildTaskGraph.java:204)
	at org.gradle.internal.buildtree.DefaultBuildTreeWorkPreparer.scheduleRequestedTasks(DefaultBuildTreeWorkPreparer.java:37)
	at org.gradle.configurationcache.VintageBuildTreeWorkController$scheduleAndRunRequestedTasks$1.apply(VintageBuildTreeWorkController.kt:36)
	at org.gradle.configurationcache.VintageBuildTreeWorkController$scheduleAndRunRequestedTasks$1.apply(VintageBuildTreeWorkController.kt:35)
	at org.gradle.composite.internal.DefaultIncludedBuildTaskGraph.withNewWorkGraph(DefaultIncludedBuildTaskGraph.java:112)
	at org.gradle.configurationcache.VintageBuildTreeWorkController.scheduleAndRunRequestedTasks(VintageBuildTreeWorkController.kt:35)
	at org.gradle.internal.buildtree.DefaultBuildTreeLifecycleController.lambda$scheduleAndRunTasks$1(DefaultBuildTreeLifecycleController.java:76)
	at org.gradle.internal.buildtree.DefaultBuildTreeLifecycleController.lambda$runBuild$4(DefaultBuildTreeLifecycleController.java:119)
	at org.gradle.internal.model.StateTransitionController.lambda$transition$6(StateTransitionController.java:169)
	at org.gradle.internal.model.StateTransitionController.doTransition(StateTransitionController.java:266)
	at org.gradle.internal.model.StateTransitionController.lambda$transition$7(StateTransitionController.java:169)
	at org.gradle.internal.work.DefaultSynchronizer.withLock(DefaultSynchronizer.java:44)
	at org.gradle.internal.model.StateTransitionController.transition(StateTransitionController.java:169)
	at org.gradle.internal.buildtree.DefaultBuildTreeLifecycleController.runBuild(DefaultBuildTreeLifecycleController.java:116)
	at org.gradle.internal.buildtree.DefaultBuildTreeLifecycleController.scheduleAndRunTasks(DefaultBuildTreeLifecycleController.java:76)
	at org.gradle.internal.buildtree.DefaultBuildTreeLifecycleController.scheduleAndRunTasks(DefaultBuildTreeLifecycleController.java:71)
	at org.gradle.tooling.internal.provider.ExecuteBuildActionRunner.run(ExecuteBuildActionRunner.java:31)
	at org.gradle.launcher.exec.ChainingBuildActionRunner.run(ChainingBuildActionRunner.java:35)
	at org.gradle.internal.buildtree.ProblemReportingBuildActionRunner.run(ProblemReportingBuildActionRunner.java:49)
	at org.gradle.launcher.exec.BuildOutcomeReportingBuildActionRunner.run(BuildOutcomeReportingBuildActionRunner.java:65)
	at org.gradle.tooling.internal.provider.FileSystemWatchingBuildActionRunner.run(FileSystemWatchingBuildActionRunner.java:140)
	at org.gradle.launcher.exec.BuildCompletionNotifyingBuildActionRunner.run(BuildCompletionNotifyingBuildActionRunner.java:41)
	at org.gradle.launcher.exec.RootBuildLifecycleBuildActionExecutor.lambda$execute$0(RootBuildLifecycleBuildActionExecutor.java:40)
	at org.gradle.composite.internal.DefaultRootBuildState.run(DefaultRootBuildState.java:123)
	at org.gradle.launcher.exec.RootBuildLifecycleBuildActionExecutor.execute(RootBuildLifecycleBuildActionExecutor.java:40)
	at org.gradle.internal.buildtree.InitDeprecationLoggingActionExecutor.execute(InitDeprecationLoggingActionExecutor.java:62)
	at org.gradle.internal.buildtree.InitProblems.execute(InitProblems.java:38)
	at org.gradle.internal.buildtree.DefaultBuildTreeContext.execute(DefaultBuildTreeContext.java:40)
	at org.gradle.launcher.exec.BuildTreeLifecycleBuildActionExecutor.lambda$execute$0(BuildTreeLifecycleBuildActionExecutor.java:58)
	at org.gradle.internal.buildtree.BuildTreeState.run(BuildTreeState.java:58)
	at org.gradle.launcher.exec.BuildTreeLifecycleBuildActionExecutor.execute(BuildTreeLifecycleBuildActionExecutor.java:58)
	at org.gradle.launcher.exec.RunAsBuildOperationBuildActionExecutor$3.call(RunAsBuildOperationBuildActionExecutor.java:61)
	at org.gradle.launcher.exec.RunAsBuildOperationBuildActionExecutor$3.call(RunAsBuildOperationBuildActionExecutor.java:57)
	at org.gradle.internal.operations.DefaultBuildOperationRunner$CallableBuildOperationWorker.execute(DefaultBuildOperationRunner.java:204)
	at org.gradle.internal.operations.DefaultBuildOperationRunner$CallableBuildOperationWorker.execute(DefaultBuildOperationRunner.java:199)
	at org.gradle.internal.operations.DefaultBuildOperationRunner$2.execute(DefaultBuildOperationRunner.java:66)
	at org.gradle.internal.operations.DefaultBuildOperationRunner$2.execute(DefaultBuildOperationRunner.java:59)
	at org.gradle.internal.operations.DefaultBuildOperationRunner.execute(DefaultBuildOperationRunner.java:157)
	at org.gradle.internal.operations.DefaultBuildOperationRunner.execute(DefaultBuildOperationRunner.java:59)
	at org.gradle.internal.operations.DefaultBuildOperationRunner.call(DefaultBuildOperationRunner.java:53)
	at org.gradle.internal.operations.DefaultBuildOperationExecutor.call(DefaultBuildOperationExecutor.java:73)
	at org.gradle.launcher.exec.RunAsBuildOperationBuildActionExecutor.execute(RunAsBuildOperationBuildActionExecutor.java:57)
	at org.gradle.launcher.exec.RunAsWorkerThreadBuildActionExecutor.lambda$execute$0(RunAsWorkerThreadBuildActionExecutor.java:36)
	at org.gradle.internal.work.DefaultWorkerLeaseService.withLocks(DefaultWorkerLeaseService.java:264)
	at org.gradle.internal.work.DefaultWorkerLeaseService.runAsWorkerThread(DefaultWorkerLeaseService.java:128)
	at org.gradle.launcher.exec.RunAsWorkerThreadBuildActionExecutor.execute(RunAsWorkerThreadBuildActionExecutor.java:36)
	at org.gradle.tooling.internal.provider.continuous.ContinuousBuildActionExecutor.execute(ContinuousBuildActionExecutor.java:110)
	at org.gradle.tooling.internal.provider.SubscribableBuildActionExecutor.execute(SubscribableBuildActionExecutor.java:64)
	at org.gradle.internal.session.DefaultBuildSessionContext.execute(DefaultBuildSessionContext.java:46)
	at org.gradle.tooling.internal.provider.BuildSessionLifecycleBuildActionExecuter$ActionImpl.apply(BuildSessionLifecycleBuildActionExecuter.java:92)
	at org.gradle.tooling.internal.provider.BuildSessionLifecycleBuildActionExecuter$ActionImpl.apply(BuildSessionLifecycleBuildActionExecuter.java:80)
	at org.gradle.internal.session.BuildSessionState.run(BuildSessionState.java:69)
	at org.gradle.tooling.internal.provider.BuildSessionLifecycleBuildActionExecuter.execute(BuildSessionLifecycleBuildActionExecuter.java:62)
	at org.gradle.tooling.internal.provider.BuildSessionLifecycleBuildActionExecuter.execute(BuildSessionLifecycleBuildActionExecuter.java:41)
	at org.gradle.tooling.internal.provider.StartParamsValidatingActionExecuter.execute(StartParamsValidatingActionExecuter.java:64)
	at org.gradle.tooling.internal.provider.StartParamsValidatingActionExecuter.execute(StartParamsValidatingActionExecuter.java:32)
	at org.gradle.tooling.internal.provider.SessionFailureReportingActionExecuter.execute(SessionFailureReportingActionExecuter.java:51)
	at org.gradle.tooling.internal.provider.SessionFailureReportingActionExecuter.execute(SessionFailureReportingActionExecuter.java:39)
	at org.gradle.tooling.internal.provider.SetupLoggingActionExecuter.execute(SetupLoggingActionExecuter.java:47)
	at org.gradle.tooling.internal.provider.SetupLoggingActionExecuter.execute(SetupLoggingActionExecuter.java:31)
	at org.gradle.launcher.daemon.server.exec.ExecuteBuild.doBuild(ExecuteBuild.java:65)
	at org.gradle.launcher.daemon.server.exec.BuildCommandOnly.execute(BuildCommandOnly.java:37)
	at org.gradle.launcher.daemon.server.api.DaemonCommandExecution.proceed(DaemonCommandExecution.java:104)
	at org.gradle.launcher.daemon.server.exec.WatchForDisconnection.execute(WatchForDisconnection.java:39)
	at org.gradle.launcher.daemon.server.api.DaemonCommandExecution.proceed(DaemonCommandExecution.java:104)
	at org.gradle.launcher.daemon.server.exec.ResetDeprecationLogger.execute(ResetDeprecationLogger.java:29)
	at org.gradle.launcher.daemon.server.api.DaemonCommandExecution.proceed(DaemonCommandExecution.java:104)
	at org.gradle.launcher.daemon.server.exec.RequestStopIfSingleUsedDaemon.execute(RequestStopIfSingleUsedDaemon.java:35)
	at org.gradle.launcher.daemon.server.api.DaemonCommandExecution.proceed(DaemonCommandExecution.java:104)
	at org.gradle.launcher.daemon.server.exec.ForwardClientInput$2.create(ForwardClientInput.java:78)
	at org.gradle.launcher.daemon.server.exec.ForwardClientInput$2.create(ForwardClientInput.java:75)
	at org.gradle.util.internal.Swapper.swap(Swapper.java:38)
	at org.gradle.launcher.daemon.server.exec.ForwardClientInput.execute(ForwardClientInput.java:75)
	at org.gradle.launcher.daemon.server.api.DaemonCommandExecution.proceed(DaemonCommandExecution.java:104)
	at org.gradle.launcher.daemon.server.exec.LogAndCheckHealth.execute(LogAndCheckHealth.java:64)
	at org.gradle.launcher.daemon.server.api.DaemonCommandExecution.proceed(DaemonCommandExecution.java:104)
	at org.gradle.launcher.daemon.server.exec.LogToClient.doBuild(LogToClient.java:63)
	at org.gradle.launcher.daemon.server.exec.BuildCommandOnly.execute(BuildCommandOnly.java:37)
	at org.gradle.launcher.daemon.server.api.DaemonCommandExecution.proceed(DaemonCommandExecution.java:104)
	at org.gradle.launcher.daemon.server.exec.EstablishBuildEnvironment.doBuild(EstablishBuildEnvironment.java:84)
	at org.gradle.launcher.daemon.server.exec.BuildCommandOnly.execute(BuildCommandOnly.java:37)
	at org.gradle.launcher.daemon.server.api.DaemonCommandExecution.proceed(DaemonCommandExecution.java:104)
	at org.gradle.launcher.daemon.server.exec.StartBuildOrRespondWithBusy$1.run(StartBuildOrRespondWithBusy.java:52)
	at org.gradle.launcher.daemon.server.DaemonStateCoordinator$1.run(DaemonStateCoordinator.java:297)
	at org.gradle.internal.concurrent.ExecutorPolicy$CatchAndRecordFailures.onExecute(ExecutorPolicy.java:64)
	at org.gradle.internal.concurrent.AbstractManagedExecutor$1.run(AbstractManagedExecutor.java:47)
	at java.base/java.util.concurrent.ThreadPoolExecutor.runWorker(ThreadPoolExecutor.java:1136)
	at java.base/java.util.concurrent.ThreadPoolExecutor$Worker.run(ThreadPoolExecutor.java:635)
	at java.base/java.lang.Thread.run(Thread.java:840)
[gradle-intellij-plugin :] Cannot create plugin from file '/opt/android-studio/plugins/c-clangdBridge-plugin': Invalid plugin descriptor 'plugin.xml'. Unable to read the plugin descriptor: No enum constant com.jetbrains.plugin.structure.intellij.plugin.IdePluginContentDescriptor.ServiceType.APPLİCATİON.
Unable to read descriptor [plugin.xml] from [/opt/android-studio/plugins/c-plugin/lib/c-plugin.jar]
java.lang.IllegalArgumentException: No enum constant com.jetbrains.plugin.structure.intellij.plugin.IdePluginContentDescriptor.ServiceType.APPLİCATİON
	at java.base/java.lang.Enum.valueOf(Enum.java:273)
	at com.jetbrains.plugin.structure.intellij.plugin.IdePluginContentDescriptor$ServiceType.valueOf(IdePluginContents.kt)
	at com.jetbrains.plugin.structure.intellij.plugin.PluginCreator.readServiceDescriptor(PluginCreator.kt:406)
	at com.jetbrains.plugin.structure.intellij.plugin.PluginCreator.readExtensions(PluginCreator.kt:341)
	at com.jetbrains.plugin.structure.intellij.plugin.PluginCreator.setInfoFromBean(PluginCreator.kt:320)
	at com.jetbrains.plugin.structure.intellij.plugin.PluginCreator.resolveDocumentAndValidateBean(PluginCreator.kt:664)
	at com.jetbrains.plugin.structure.intellij.plugin.PluginCreator.access$resolveDocumentAndValidateBean(PluginCreator.kt:31)
	at com.jetbrains.plugin.structure.intellij.plugin.PluginCreator$Companion.createPlugin(PluginCreator.kt:109)
	at com.jetbrains.plugin.structure.intellij.plugin.IdePluginManager.loadPluginInfoFromJarFile(IdePluginManager.kt:62)
	at com.jetbrains.plugin.structure.intellij.plugin.IdePluginManager.loadPluginInfoFromLibDirectory(IdePluginManager.kt:165)
	at com.jetbrains.plugin.structure.intellij.plugin.IdePluginManager.loadPluginInfoFromDirectory(IdePluginManager.kt:97)
	at com.jetbrains.plugin.structure.intellij.plugin.IdePluginManager.loadPluginInfoFromJarOrDirectory(IdePluginManager.kt:206)
	at com.jetbrains.plugin.structure.intellij.plugin.IdePluginManager.getPluginCreatorWithResult(IdePluginManager.kt:347)
	at com.jetbrains.plugin.structure.intellij.plugin.IdePluginManager.createPlugin(IdePluginManager.kt:314)
	at com.jetbrains.plugin.structure.intellij.plugin.IdePluginManager.createPlugin$default(IdePluginManager.kt:312)
	at org.jetbrains.intellij.Utils.createPlugin(utils.kt:222)
	at org.jetbrains.intellij.dependency.BuiltinPluginsRegistry.add(BuiltinPluginsRegistry.kt:89)
	at org.jetbrains.intellij.dependency.BuiltinPluginsRegistry.fillFromDirectory(BuiltinPluginsRegistry.kt:47)
	at org.jetbrains.intellij.dependency.BuiltinPluginsRegistry.access$fillFromDirectory(BuiltinPluginsRegistry.kt:21)
	at org.jetbrains.intellij.dependency.BuiltinPluginsRegistry$Companion.fromDirectory(BuiltinPluginsRegistry.kt:127)
	at org.jetbrains.intellij.dependency.IdeaDependencyManager.createDependency(IdeaDependencyManager.kt:92)
	at org.jetbrains.intellij.dependency.IdeaDependencyManager.resolveLocal(IdeaDependencyManager.kt:430)
	at org.jetbrains.intellij.IntelliJPlugin$prepareIdeaDependencyProvider$1.call(IntelliJPlugin.kt:299)
	at org.jetbrains.intellij.IntelliJPlugin$prepareIdeaDependencyProvider$1.call(IntelliJPlugin.kt:266)
	at org.gradle.api.internal.provider.DefaultProvider.calculateOwnValue(DefaultProvider.java:72)
	at org.gradle.api.internal.provider.AbstractMinimalProvider.calculateValue(AbstractMinimalProvider.java:115)
	at org.gradle.api.internal.provider.TransformBackedProvider.calculateOwnValue(TransformBackedProvider.java:82)
	at org.gradle.api.internal.provider.AbstractMinimalProvider.calculateValue(AbstractMinimalProvider.java:115)
	at org.gradle.api.internal.provider.AbstractMinimalProvider.withFinalValue(AbstractMinimalProvider.java:168)
	at org.gradle.api.internal.provider.DefaultProperty.finalValue(DefaultProperty.java:133)
	at org.gradle.api.internal.provider.DefaultProperty.finalValue(DefaultProperty.java:26)
	at org.gradle.api.internal.provider.AbstractProperty.finalizeNow(AbstractProperty.java:245)
	at org.gradle.api.internal.provider.AbstractProperty.beforeRead(AbstractProperty.java:239)
	at org.gradle.api.internal.provider.AbstractProperty.calculateOwnValue(AbstractProperty.java:135)
	at org.gradle.api.internal.provider.AbstractMinimalProvider.calculateValue(AbstractMinimalProvider.java:115)
	at org.gradle.api.internal.provider.TransformBackedProvider.calculateOwnValue(TransformBackedProvider.java:82)
	at org.gradle.api.internal.provider.AbstractMinimalProvider.calculateValue(AbstractMinimalProvider.java:115)
	at org.gradle.api.internal.provider.TransformBackedProvider.calculateOwnValue(TransformBackedProvider.java:82)
	at org.gradle.api.internal.provider.AbstractMinimalProvider.calculateValue(AbstractMinimalProvider.java:115)
	at org.gradle.api.internal.provider.DefaultProperty.calculateValueFrom(DefaultProperty.java:128)
	at org.gradle.api.internal.provider.DefaultProperty.calculateValueFrom(DefaultProperty.java:26)
	at org.gradle.api.internal.provider.AbstractProperty.doCalculateValue(AbstractProperty.java:142)
	at org.gradle.api.internal.provider.AbstractProperty.calculateOwnValue(AbstractProperty.java:136)
	at org.gradle.api.internal.provider.AbstractMinimalProvider.getOrNull(AbstractMinimalProvider.java:105)
	at org.jetbrains.intellij.IntelliJPlugin$prepareConventionMappingsForRunIdeTask$8.call(IntelliJPlugin.kt:963)
	at org.jetbrains.intellij.IntelliJPlugin$prepareConventionMappingsForRunIdeTask$8.call(IntelliJPlugin.kt:958)
	at org.gradle.api.internal.provider.DefaultProvider.calculateOwnValue(DefaultProvider.java:72)
	at org.gradle.api.internal.provider.AbstractMinimalProvider.calculateValue(AbstractMinimalProvider.java:115)
	at org.gradle.api.internal.provider.TransformBackedProvider.calculateOwnValue(TransformBackedProvider.java:82)
	at org.gradle.api.internal.provider.AbstractMinimalProvider.calculateValue(AbstractMinimalProvider.java:115)
	at org.gradle.api.internal.provider.DefaultProperty.calculateValueFrom(DefaultProperty.java:128)
	at org.gradle.api.internal.provider.DefaultProperty.calculateValueFrom(DefaultProperty.java:26)
	at org.gradle.api.internal.provider.AbstractProperty.doCalculateValue(AbstractProperty.java:142)
	at org.gradle.api.internal.provider.AbstractProperty.calculateOwnValue(AbstractProperty.java:136)
	at org.gradle.api.internal.provider.AbstractMinimalProvider.calculateOwnPresentValue(AbstractMinimalProvider.java:80)
	at org.gradle.api.internal.provider.AbstractMinimalProvider.get(AbstractMinimalProvider.java:100)
	at org.jetbrains.intellij.tasks.RunIdeBase.getExecutable(RunIdeBase.kt:202)
	at org.jetbrains.intellij.tasks.BuildSearchableOptionsTask_Decorated.getExecutable(Unknown Source)
	at org.gradle.api.tasks.internal.JavaExecExecutableUtils.getExecutableOverrideToolchainSpec(JavaExecExecutableUtils.java:30)
	at org.gradle.api.tasks.JavaExec.lambda$new$0(JavaExec.java:144)
	at org.gradle.api.internal.provider.DefaultProvider.calculateOwnValue(DefaultProvider.java:72)
	at org.gradle.api.internal.provider.AbstractMinimalProvider.calculateValue(AbstractMinimalProvider.java:115)
	at org.gradle.api.internal.provider.FlatMapProvider.calculateOwnValue(FlatMapProvider.java:46)
	at org.gradle.api.internal.provider.AbstractMinimalProvider.calculateValue(AbstractMinimalProvider.java:115)
	at org.gradle.api.internal.provider.OrElseProvider.calculateOwnValue(OrElseProvider.java:76)
	at org.gradle.api.internal.provider.AbstractMinimalProvider.calculateValue(AbstractMinimalProvider.java:115)
	at org.gradle.api.internal.provider.TransformBackedProvider.calculateOwnValue(TransformBackedProvider.java:82)
	at org.gradle.api.internal.provider.AbstractMinimalProvider.calculateValue(AbstractMinimalProvider.java:115)
	at org.gradle.api.internal.provider.AbstractMinimalProvider.withFinalValue(AbstractMinimalProvider.java:168)
	at org.gradle.api.internal.provider.DefaultProperty.finalValue(DefaultProperty.java:133)
	at org.gradle.api.internal.provider.DefaultProperty.finalValue(DefaultProperty.java:26)
	at org.gradle.api.internal.provider.AbstractProperty.finalizeNow(AbstractProperty.java:245)
	at org.gradle.api.internal.provider.AbstractProperty.beforeRead(AbstractProperty.java:239)
	at org.gradle.api.internal.provider.AbstractProperty.calculateOwnValue(AbstractProperty.java:135)
	at org.gradle.api.internal.provider.AbstractMinimalProvider.getOrNull(AbstractMinimalProvider.java:105)
	at org.gradle.internal.properties.annotations.AbstractTypeMetadataWalker$InstanceTypeMetadataWalker.lambda$walkNestedProvider$0(AbstractTypeMetadataWalker.java:137)
	at org.gradle.internal.properties.annotations.AbstractTypeMetadataWalker$InstanceTypeMetadataWalker.walkNestedChild(AbstractTypeMetadataWalker.java:184)
	at org.gradle.internal.properties.annotations.AbstractTypeMetadataWalker$InstanceTypeMetadataWalker.walkNestedProvider(AbstractTypeMetadataWalker.java:136)
	at org.gradle.internal.properties.annotations.AbstractTypeMetadataWalker$InstanceTypeMetadataWalker.walkNestedProvider(AbstractTypeMetadataWalker.java:118)
	at org.gradle.internal.properties.annotations.AbstractTypeMetadataWalker.walkNested(AbstractTypeMetadataWalker.java:60)
	at org.gradle.internal.properties.annotations.AbstractTypeMetadataWalker.lambda$walkChildren$3(AbstractTypeMetadataWalker.java:85)
	at org.gradle.internal.properties.annotations.AbstractTypeMetadataWalker$InstanceTypeMetadataWalker.walkNestedChild(AbstractTypeMetadataWalker.java:190)
	at org.gradle.internal.properties.annotations.AbstractTypeMetadataWalker$InstanceTypeMetadataWalker.walkNestedChild(AbstractTypeMetadataWalker.java:171)
	at org.gradle.internal.properties.annotations.AbstractTypeMetadataWalker$InstanceTypeMetadataWalker.walkNestedChild(AbstractTypeMetadataWalker.java:118)
	at org.gradle.internal.properties.annotations.AbstractTypeMetadataWalker.lambda$walkChildren$4(AbstractTypeMetadataWalker.java:85)
	at java.base/java.lang.Iterable.forEach(Iterable.java:75)
	at org.gradle.internal.properties.annotations.AbstractTypeMetadataWalker.walkChildren(AbstractTypeMetadataWalker.java:83)
	at org.gradle.internal.properties.annotations.AbstractTypeMetadataWalker.walk(AbstractTypeMetadataWalker.java:53)
	at org.gradle.internal.properties.bean.DefaultPropertyWalker.visitProperties(DefaultPropertyWalker.java:65)
	at org.gradle.api.internal.tasks.TaskPropertyUtils.visitAnnotatedProperties(TaskPropertyUtils.java:58)
	at org.gradle.api.internal.tasks.TaskPropertyUtils.visitProperties(TaskPropertyUtils.java:45)
	at org.gradle.api.internal.tasks.TaskPropertyUtils.visitProperties(TaskPropertyUtils.java:35)
	at org.gradle.api.internal.tasks.DefaultTaskInputs.visitDependencies(DefaultTaskInputs.java:195)
	at org.gradle.api.internal.tasks.DefaultTaskDependency.visitDependencies(DefaultTaskDependency.java:112)
	at org.gradle.api.internal.tasks.CachingTaskDependencyResolveContext$TaskGraphImpl.getNodeValues(CachingTaskDependencyResolveContext.java:103)
	at org.gradle.internal.graph.CachingDirectedGraphWalker$GraphWithEmptyEdges.getNodeValues(CachingDirectedGraphWalker.java:213)
	at org.gradle.internal.graph.CachingDirectedGraphWalker.doSearch(CachingDirectedGraphWalker.java:121)
	at org.gradle.internal.graph.CachingDirectedGraphWalker.findValues(CachingDirectedGraphWalker.java:73)
	at org.gradle.api.internal.tasks.CachingTaskDependencyResolveContext.getDependencies(CachingTaskDependencyResolveContext.java:66)
	at org.gradle.execution.plan.TaskDependencyResolver.resolveDependenciesFor(TaskDependencyResolver.java:49)
	at org.gradle.execution.plan.LocalTaskNode.getDependencies(LocalTaskNode.java:148)
	at org.gradle.execution.plan.LocalTaskNode.resolveDependencies(LocalTaskNode.java:122)
	at org.gradle.execution.plan.DefaultExecutionPlan.discoverNodeRelationships(DefaultExecutionPlan.java:183)
	at org.gradle.execution.plan.DefaultExecutionPlan.doAddEntryNodes(DefaultExecutionPlan.java:155)
	at org.gradle.execution.plan.DefaultExecutionPlan.addEntryTasks(DefaultExecutionPlan.java:130)
	at org.gradle.execution.plan.DefaultExecutionPlan.addEntryTasks(DefaultExecutionPlan.java:122)
	at org.gradle.execution.TaskNameResolvingBuildTaskScheduler.scheduleRequestedTasks(TaskNameResolvingBuildTaskScheduler.java:54)
	at org.gradle.execution.DefaultTasksBuildTaskScheduler.scheduleRequestedTasks(DefaultTasksBuildTaskScheduler.java:72)
	at org.gradle.initialization.DefaultTaskExecutionPreparer.lambda$scheduleRequestedTasks$0(DefaultTaskExecutionPreparer.java:46)
	at org.gradle.internal.Factories$1.create(Factories.java:31)
	at org.gradle.internal.work.DefaultWorkerLeaseService.withReplacedLocks(DefaultWorkerLeaseService.java:360)
	at org.gradle.api.internal.project.DefaultProjectStateRegistry$DefaultBuildProjectRegistry.withMutableStateOfAllProjects(DefaultProjectStateRegistry.java:239)
	at org.gradle.api.internal.project.DefaultProjectStateRegistry$DefaultBuildProjectRegistry.withMutableStateOfAllProjects(DefaultProjectStateRegistry.java:232)
	at org.gradle.initialization.DefaultTaskExecutionPreparer.scheduleRequestedTasks(DefaultTaskExecutionPreparer.java:45)
	at org.gradle.initialization.VintageBuildModelController.lambda$scheduleRequestedTasks$0(VintageBuildModelController.java:76)
	at org.gradle.internal.model.StateTransitionController.lambda$inState$1(StateTransitionController.java:99)
	at org.gradle.internal.model.StateTransitionController.lambda$inState$2(StateTransitionController.java:114)
	at org.gradle.internal.work.DefaultSynchronizer.withLock(DefaultSynchronizer.java:44)
	at org.gradle.internal.model.StateTransitionController.inState(StateTransitionController.java:110)
	at org.gradle.internal.model.StateTransitionController.inState(StateTransitionController.java:98)
	at org.gradle.initialization.VintageBuildModelController.scheduleRequestedTasks(VintageBuildModelController.java:76)
	at org.gradle.internal.build.DefaultBuildLifecycleController$DefaultWorkGraphBuilder.addRequestedTasks(DefaultBuildLifecycleController.java:404)
	at org.gradle.internal.buildtree.DefaultBuildTreeWorkPreparer.lambda$scheduleRequestedTasks$0(DefaultBuildTreeWorkPreparer.java:41)
	at org.gradle.internal.build.DefaultBuildLifecycleController.lambda$populateWorkGraph$7(DefaultBuildLifecycleController.java:189)
	at org.gradle.internal.build.DefaultBuildWorkPreparer.populateWorkGraph(DefaultBuildWorkPreparer.java:42)
	at org.gradle.internal.build.BuildOperationFiringBuildWorkPreparer$PopulateWorkGraph.populateTaskGraph(BuildOperationFiringBuildWorkPreparer.java:106)
	at org.gradle.internal.build.BuildOperationFiringBuildWorkPreparer$PopulateWorkGraph.run(BuildOperationFiringBuildWorkPreparer.java:92)
	at org.gradle.internal.operations.DefaultBuildOperationRunner$1.execute(DefaultBuildOperationRunner.java:29)
	at org.gradle.internal.operations.DefaultBuildOperationRunner$1.execute(DefaultBuildOperationRunner.java:26)
	at org.gradle.internal.operations.DefaultBuildOperationRunner$2.execute(DefaultBuildOperationRunner.java:66)
	at org.gradle.internal.operations.DefaultBuildOperationRunner$2.execute(DefaultBuildOperationRunner.java:59)
	at org.gradle.internal.operations.DefaultBuildOperationRunner.execute(DefaultBuildOperationRunner.java:157)
	at org.gradle.internal.operations.DefaultBuildOperationRunner.execute(DefaultBuildOperationRunner.java:59)
	at org.gradle.internal.operations.DefaultBuildOperationRunner.run(DefaultBuildOperationRunner.java:47)
	at org.gradle.internal.operations.DefaultBuildOperationExecutor.run(DefaultBuildOperationExecutor.java:68)
	at org.gradle.internal.build.BuildOperationFiringBuildWorkPreparer.populateWorkGraph(BuildOperationFiringBuildWorkPreparer.java:67)
	at org.gradle.internal.build.DefaultBuildLifecycleController.lambda$populateWorkGraph$8(DefaultBuildLifecycleController.java:189)
	at org.gradle.internal.model.StateTransitionController.lambda$inState$1(StateTransitionController.java:99)
	at org.gradle.internal.model.StateTransitionController.lambda$inState$2(StateTransitionController.java:114)
	at org.gradle.internal.work.DefaultSynchronizer.withLock(DefaultSynchronizer.java:44)
	at org.gradle.internal.model.StateTransitionController.inState(StateTransitionController.java:110)
	at org.gradle.internal.model.StateTransitionController.inState(StateTransitionController.java:98)
	at org.gradle.internal.build.DefaultBuildLifecycleController.populateWorkGraph(DefaultBuildLifecycleController.java:189)
	at org.gradle.internal.build.DefaultBuildWorkGraphController$DefaultBuildWorkGraph.populateWorkGraph(DefaultBuildWorkGraphController.java:169)
	at org.gradle.composite.internal.DefaultBuildController.populateWorkGraph(DefaultBuildController.java:76)
	at org.gradle.composite.internal.DefaultIncludedBuildTaskGraph$DefaultBuildTreeWorkGraphBuilder.withWorkGraph(DefaultIncludedBuildTaskGraph.java:153)
	at org.gradle.internal.buildtree.DefaultBuildTreeWorkPreparer.lambda$scheduleRequestedTasks$1(DefaultBuildTreeWorkPreparer.java:41)
	at org.gradle.composite.internal.DefaultIncludedBuildTaskGraph$DefaultBuildTreeWorkGraph$1.run(DefaultIncludedBuildTaskGraph.java:209)
	at org.gradle.internal.operations.DefaultBuildOperationRunner$1.execute(DefaultBuildOperationRunner.java:29)
	at org.gradle.internal.operations.DefaultBuildOperationRunner$1.execute(DefaultBuildOperationRunner.java:26)
	at org.gradle.internal.operations.DefaultBuildOperationRunner$2.execute(DefaultBuildOperationRunner.java:66)
	at org.gradle.internal.operations.DefaultBuildOperationRunner$2.execute(DefaultBuildOperationRunner.java:59)
	at org.gradle.internal.operations.DefaultBuildOperationRunner.execute(DefaultBuildOperationRunner.java:157)
	at org.gradle.internal.operations.DefaultBuildOperationRunner.execute(DefaultBuildOperationRunner.java:59)
	at org.gradle.internal.operations.DefaultBuildOperationRunner.run(DefaultBuildOperationRunner.java:47)
	at org.gradle.internal.operations.DefaultBuildOperationExecutor.run(DefaultBuildOperationExecutor.java:68)
	at org.gradle.composite.internal.DefaultIncludedBuildTaskGraph$DefaultBuildTreeWorkGraph.scheduleWork(DefaultIncludedBuildTaskGraph.java:204)
	at org.gradle.internal.buildtree.DefaultBuildTreeWorkPreparer.scheduleRequestedTasks(DefaultBuildTreeWorkPreparer.java:37)
	at org.gradle.configurationcache.VintageBuildTreeWorkController$scheduleAndRunRequestedTasks$1.apply(VintageBuildTreeWorkController.kt:36)
	at org.gradle.configurationcache.VintageBuildTreeWorkController$scheduleAndRunRequestedTasks$1.apply(VintageBuildTreeWorkController.kt:35)
	at org.gradle.composite.internal.DefaultIncludedBuildTaskGraph.withNewWorkGraph(DefaultIncludedBuildTaskGraph.java:112)
	at org.gradle.configurationcache.VintageBuildTreeWorkController.scheduleAndRunRequestedTasks(VintageBuildTreeWorkController.kt:35)
	at org.gradle.internal.buildtree.DefaultBuildTreeLifecycleController.lambda$scheduleAndRunTasks$1(DefaultBuildTreeLifecycleController.java:76)
	at org.gradle.internal.buildtree.DefaultBuildTreeLifecycleController.lambda$runBuild$4(DefaultBuildTreeLifecycleController.java:119)
	at org.gradle.internal.model.StateTransitionController.lambda$transition$6(StateTransitionController.java:169)
	at org.gradle.internal.model.StateTransitionController.doTransition(StateTransitionController.java:266)
	at org.gradle.internal.model.StateTransitionController.lambda$transition$7(StateTransitionController.java:169)
	at org.gradle.internal.work.DefaultSynchronizer.withLock(DefaultSynchronizer.java:44)
	at org.gradle.internal.model.StateTransitionController.transition(StateTransitionController.java:169)
	at org.gradle.internal.buildtree.DefaultBuildTreeLifecycleController.runBuild(DefaultBuildTreeLifecycleController.java:116)
	at org.gradle.internal.buildtree.DefaultBuildTreeLifecycleController.scheduleAndRunTasks(DefaultBuildTreeLifecycleController.java:76)
	at org.gradle.internal.buildtree.DefaultBuildTreeLifecycleController.scheduleAndRunTasks(DefaultBuildTreeLifecycleController.java:71)
	at org.gradle.tooling.internal.provider.ExecuteBuildActionRunner.run(ExecuteBuildActionRunner.java:31)
	at org.gradle.launcher.exec.ChainingBuildActionRunner.run(ChainingBuildActionRunner.java:35)
	at org.gradle.internal.buildtree.ProblemReportingBuildActionRunner.run(ProblemReportingBuildActionRunner.java:49)
	at org.gradle.launcher.exec.BuildOutcomeReportingBuildActionRunner.run(BuildOutcomeReportingBuildActionRunner.java:65)
	at org.gradle.tooling.internal.provider.FileSystemWatchingBuildActionRunner.run(FileSystemWatchingBuildActionRunner.java:140)
	at org.gradle.launcher.exec.BuildCompletionNotifyingBuildActionRunner.run(BuildCompletionNotifyingBuildActionRunner.java:41)
	at org.gradle.launcher.exec.RootBuildLifecycleBuildActionExecutor.lambda$execute$0(RootBuildLifecycleBuildActionExecutor.java:40)
	at org.gradle.composite.internal.DefaultRootBuildState.run(DefaultRootBuildState.java:123)
	at org.gradle.launcher.exec.RootBuildLifecycleBuildActionExecutor.execute(RootBuildLifecycleBuildActionExecutor.java:40)
	at org.gradle.internal.buildtree.InitDeprecationLoggingActionExecutor.execute(InitDeprecationLoggingActionExecutor.java:62)
	at org.gradle.internal.buildtree.InitProblems.execute(InitProblems.java:38)
	at org.gradle.internal.buildtree.DefaultBuildTreeContext.execute(DefaultBuildTreeContext.java:40)
	at org.gradle.launcher.exec.BuildTreeLifecycleBuildActionExecutor.lambda$execute$0(BuildTreeLifecycleBuildActionExecutor.java:58)
	at org.gradle.internal.buildtree.BuildTreeState.run(BuildTreeState.java:58)
	at org.gradle.launcher.exec.BuildTreeLifecycleBuildActionExecutor.execute(BuildTreeLifecycleBuildActionExecutor.java:58)
	at org.gradle.launcher.exec.RunAsBuildOperationBuildActionExecutor$3.call(RunAsBuildOperationBuildActionExecutor.java:61)
	at org.gradle.launcher.exec.RunAsBuildOperationBuildActionExecutor$3.call(RunAsBuildOperationBuildActionExecutor.java:57)
	at org.gradle.internal.operations.DefaultBuildOperationRunner$CallableBuildOperationWorker.execute(DefaultBuildOperationRunner.java:204)
	at org.gradle.internal.operations.DefaultBuildOperationRunner$CallableBuildOperationWorker.execute(DefaultBuildOperationRunner.java:199)
	at org.gradle.internal.operations.DefaultBuildOperationRunner$2.execute(DefaultBuildOperationRunner.java:66)
	at org.gradle.internal.operations.DefaultBuildOperationRunner$2.execute(DefaultBuildOperationRunner.java:59)
	at org.gradle.internal.operations.DefaultBuildOperationRunner.execute(DefaultBuildOperationRunner.java:157)
	at org.gradle.internal.operations.DefaultBuildOperationRunner.execute(DefaultBuildOperationRunner.java:59)
	at org.gradle.internal.operations.DefaultBuildOperationRunner.call(DefaultBuildOperationRunner.java:53)
	at org.gradle.internal.operations.DefaultBuildOperationExecutor.call(DefaultBuildOperationExecutor.java:73)
	at org.gradle.launcher.exec.RunAsBuildOperationBuildActionExecutor.execute(RunAsBuildOperationBuildActionExecutor.java:57)
	at org.gradle.launcher.exec.RunAsWorkerThreadBuildActionExecutor.lambda$execute$0(RunAsWorkerThreadBuildActionExecutor.java:36)
	at org.gradle.internal.work.DefaultWorkerLeaseService.withLocks(DefaultWorkerLeaseService.java:264)
	at org.gradle.internal.work.DefaultWorkerLeaseService.runAsWorkerThread(DefaultWorkerLeaseService.java:128)
	at org.gradle.launcher.exec.RunAsWorkerThreadBuildActionExecutor.execute(RunAsWorkerThreadBuildActionExecutor.java:36)
	at org.gradle.tooling.internal.provider.continuous.ContinuousBuildActionExecutor.execute(ContinuousBuildActionExecutor.java:110)
	at org.gradle.tooling.internal.provider.SubscribableBuildActionExecutor.execute(SubscribableBuildActionExecutor.java:64)
	at org.gradle.internal.session.DefaultBuildSessionContext.execute(DefaultBuildSessionContext.java:46)
	at org.gradle.tooling.internal.provider.BuildSessionLifecycleBuildActionExecuter$ActionImpl.apply(BuildSessionLifecycleBuildActionExecuter.java:92)
	at org.gradle.tooling.internal.provider.BuildSessionLifecycleBuildActionExecuter$ActionImpl.apply(BuildSessionLifecycleBuildActionExecuter.java:80)
	at org.gradle.internal.session.BuildSessionState.run(BuildSessionState.java:69)
	at org.gradle.tooling.internal.provider.BuildSessionLifecycleBuildActionExecuter.execute(BuildSessionLifecycleBuildActionExecuter.java:62)
	at org.gradle.tooling.internal.provider.BuildSessionLifecycleBuildActionExecuter.execute(BuildSessionLifecycleBuildActionExecuter.java:41)
	at org.gradle.tooling.internal.provider.StartParamsValidatingActionExecuter.execute(StartParamsValidatingActionExecuter.java:64)
	at org.gradle.tooling.internal.provider.StartParamsValidatingActionExecuter.execute(StartParamsValidatingActionExecuter.java:32)
	at org.gradle.tooling.internal.provider.SessionFailureReportingActionExecuter.execute(SessionFailureReportingActionExecuter.java:51)
	at org.gradle.tooling.internal.provider.SessionFailureReportingActionExecuter.execute(SessionFailureReportingActionExecuter.java:39)
	at org.gradle.tooling.internal.provider.SetupLoggingActionExecuter.execute(SetupLoggingActionExecuter.java:47)
	at org.gradle.tooling.internal.provider.SetupLoggingActionExecuter.execute(SetupLoggingActionExecuter.java:31)
	at org.gradle.launcher.daemon.server.exec.ExecuteBuild.doBuild(ExecuteBuild.java:65)
	at org.gradle.launcher.daemon.server.exec.BuildCommandOnly.execute(BuildCommandOnly.java:37)
	at org.gradle.launcher.daemon.server.api.DaemonCommandExecution.proceed(DaemonCommandExecution.java:104)
	at org.gradle.launcher.daemon.server.exec.WatchForDisconnection.execute(WatchForDisconnection.java:39)
	at org.gradle.launcher.daemon.server.api.DaemonCommandExecution.proceed(DaemonCommandExecution.java:104)
	at org.gradle.launcher.daemon.server.exec.ResetDeprecationLogger.execute(ResetDeprecationLogger.java:29)
	at org.gradle.launcher.daemon.server.api.DaemonCommandExecution.proceed(DaemonCommandExecution.java:104)
	at org.gradle.launcher.daemon.server.exec.RequestStopIfSingleUsedDaemon.execute(RequestStopIfSingleUsedDaemon.java:35)
	at org.gradle.launcher.daemon.server.api.DaemonCommandExecution.proceed(DaemonCommandExecution.java:104)
	at org.gradle.launcher.daemon.server.exec.ForwardClientInput$2.create(ForwardClientInput.java:78)
	at org.gradle.launcher.daemon.server.exec.ForwardClientInput$2.create(ForwardClientInput.java:75)
	at org.gradle.util.internal.Swapper.swap(Swapper.java:38)
	at org.gradle.launcher.daemon.server.exec.ForwardClientInput.execute(ForwardClientInput.java:75)
	at org.gradle.launcher.daemon.server.api.DaemonCommandExecution.proceed(DaemonCommandExecution.java:104)
	at org.gradle.launcher.daemon.server.exec.LogAndCheckHealth.execute(LogAndCheckHealth.java:64)
	at org.gradle.launcher.daemon.server.api.DaemonCommandExecution.proceed(DaemonCommandExecution.java:104)
	at org.gradle.launcher.daemon.server.exec.LogToClient.doBuild(LogToClient.java:63)
	at org.gradle.launcher.daemon.server.exec.BuildCommandOnly.execute(BuildCommandOnly.java:37)
	at org.gradle.launcher.daemon.server.api.DaemonCommandExecution.proceed(DaemonCommandExecution.java:104)
	at org.gradle.launcher.daemon.server.exec.EstablishBuildEnvironment.doBuild(EstablishBuildEnvironment.java:84)
	at org.gradle.launcher.daemon.server.exec.BuildCommandOnly.execute(BuildCommandOnly.java:37)
	at org.gradle.launcher.daemon.server.api.DaemonCommandExecution.proceed(DaemonCommandExecution.java:104)
	at org.gradle.launcher.daemon.server.exec.StartBuildOrRespondWithBusy$1.run(StartBuildOrRespondWithBusy.java:52)
	at org.gradle.launcher.daemon.server.DaemonStateCoordinator$1.run(DaemonStateCoordinator.java:297)
	at org.gradle.internal.concurrent.ExecutorPolicy$CatchAndRecordFailures.onExecute(ExecutorPolicy.java:64)
	at org.gradle.internal.concurrent.AbstractManagedExecutor$1.run(AbstractManagedExecutor.java:47)
	at java.base/java.util.concurrent.ThreadPoolExecutor.runWorker(ThreadPoolExecutor.java:1136)
	at java.base/java.util.concurrent.ThreadPoolExecutor$Worker.run(ThreadPoolExecutor.java:635)
	at java.base/java.lang.Thread.run(Thread.java:840)
[gradle-intellij-plugin :] Cannot create plugin from file '/opt/android-studio/plugins/c-plugin': Invalid plugin descriptor 'plugin.xml'. Unable to read the plugin descriptor: No enum constant com.jetbrains.plugin.structure.intellij.plugin.IdePluginContentDescriptor.ServiceType.APPLİCATİON.
Unable to read descriptor [plugin.xml] from [/opt/android-studio/plugins/cidr-base-plugin/lib/cidr-base-plugin.jar]
java.lang.IllegalArgumentException: No enum constant com.jetbrains.plugin.structure.intellij.plugin.IdePluginContentDescriptor.ServiceType.APPLİCATİON
	at java.base/java.lang.Enum.valueOf(Enum.java:273)
	at com.jetbrains.plugin.structure.intellij.plugin.IdePluginContentDescriptor$ServiceType.valueOf(IdePluginContents.kt)
	at com.jetbrains.plugin.structure.intellij.plugin.PluginCreator.readServiceDescriptor(PluginCreator.kt:406)
	at com.jetbrains.plugin.structure.intellij.plugin.PluginCreator.readExtensions(PluginCreator.kt:341)
	at com.jetbrains.plugin.structure.intellij.plugin.PluginCreator.setInfoFromBean(PluginCreator.kt:320)
	at com.jetbrains.plugin.structure.intellij.plugin.PluginCreator.resolveDocumentAndValidateBean(PluginCreator.kt:664)
	at com.jetbrains.plugin.structure.intellij.plugin.PluginCreator.access$resolveDocumentAndValidateBean(PluginCreator.kt:31)
	at com.jetbrains.plugin.structure.intellij.plugin.PluginCreator$Companion.createPlugin(PluginCreator.kt:109)
	at com.jetbrains.plugin.structure.intellij.plugin.IdePluginManager.loadPluginInfoFromJarFile(IdePluginManager.kt:62)
	at com.jetbrains.plugin.structure.intellij.plugin.IdePluginManager.loadPluginInfoFromLibDirectory(IdePluginManager.kt:165)
	at com.jetbrains.plugin.structure.intellij.plugin.IdePluginManager.loadPluginInfoFromDirectory(IdePluginManager.kt:97)
	at com.jetbrains.plugin.structure.intellij.plugin.IdePluginManager.loadPluginInfoFromJarOrDirectory(IdePluginManager.kt:206)
	at com.jetbrains.plugin.structure.intellij.plugin.IdePluginManager.getPluginCreatorWithResult(IdePluginManager.kt:347)
	at com.jetbrains.plugin.structure.intellij.plugin.IdePluginManager.createPlugin(IdePluginManager.kt:314)
	at com.jetbrains.plugin.structure.intellij.plugin.IdePluginManager.createPlugin$default(IdePluginManager.kt:312)
	at org.jetbrains.intellij.Utils.createPlugin(utils.kt:222)
	at org.jetbrains.intellij.dependency.BuiltinPluginsRegistry.add(BuiltinPluginsRegistry.kt:89)
	at org.jetbrains.intellij.dependency.BuiltinPluginsRegistry.fillFromDirectory(BuiltinPluginsRegistry.kt:47)
	at org.jetbrains.intellij.dependency.BuiltinPluginsRegistry.access$fillFromDirectory(BuiltinPluginsRegistry.kt:21)
	at org.jetbrains.intellij.dependency.BuiltinPluginsRegistry$Companion.fromDirectory(BuiltinPluginsRegistry.kt:127)
	at org.jetbrains.intellij.dependency.IdeaDependencyManager.createDependency(IdeaDependencyManager.kt:92)
	at org.jetbrains.intellij.dependency.IdeaDependencyManager.resolveLocal(IdeaDependencyManager.kt:430)
	at org.jetbrains.intellij.IntelliJPlugin$prepareIdeaDependencyProvider$1.call(IntelliJPlugin.kt:299)
	at org.jetbrains.intellij.IntelliJPlugin$prepareIdeaDependencyProvider$1.call(IntelliJPlugin.kt:266)
	at org.gradle.api.internal.provider.DefaultProvider.calculateOwnValue(DefaultProvider.java:72)
	at org.gradle.api.internal.provider.AbstractMinimalProvider.calculateValue(AbstractMinimalProvider.java:115)
	at org.gradle.api.internal.provider.TransformBackedProvider.calculateOwnValue(TransformBackedProvider.java:82)
	at org.gradle.api.internal.provider.AbstractMinimalProvider.calculateValue(AbstractMinimalProvider.java:115)
	at org.gradle.api.internal.provider.AbstractMinimalProvider.withFinalValue(AbstractMinimalProvider.java:168)
	at org.gradle.api.internal.provider.DefaultProperty.finalValue(DefaultProperty.java:133)
	at org.gradle.api.internal.provider.DefaultProperty.finalValue(DefaultProperty.java:26)
	at org.gradle.api.internal.provider.AbstractProperty.finalizeNow(AbstractProperty.java:245)
	at org.gradle.api.internal.provider.AbstractProperty.beforeRead(AbstractProperty.java:239)
	at org.gradle.api.internal.provider.AbstractProperty.calculateOwnValue(AbstractProperty.java:135)
	at org.gradle.api.internal.provider.AbstractMinimalProvider.calculateValue(AbstractMinimalProvider.java:115)
	at org.gradle.api.internal.provider.TransformBackedProvider.calculateOwnValue(TransformBackedProvider.java:82)
	at org.gradle.api.internal.provider.AbstractMinimalProvider.calculateValue(AbstractMinimalProvider.java:115)
	at org.gradle.api.internal.provider.TransformBackedProvider.calculateOwnValue(TransformBackedProvider.java:82)
	at org.gradle.api.internal.provider.AbstractMinimalProvider.calculateValue(AbstractMinimalProvider.java:115)
	at org.gradle.api.internal.provider.DefaultProperty.calculateValueFrom(DefaultProperty.java:128)
	at org.gradle.api.internal.provider.DefaultProperty.calculateValueFrom(DefaultProperty.java:26)
	at org.gradle.api.internal.provider.AbstractProperty.doCalculateValue(AbstractProperty.java:142)
	at org.gradle.api.internal.provider.AbstractProperty.calculateOwnValue(AbstractProperty.java:136)
	at org.gradle.api.internal.provider.AbstractMinimalProvider.getOrNull(AbstractMinimalProvider.java:105)
	at org.jetbrains.intellij.IntelliJPlugin$prepareConventionMappingsForRunIdeTask$8.call(IntelliJPlugin.kt:963)
	at org.jetbrains.intellij.IntelliJPlugin$prepareConventionMappingsForRunIdeTask$8.call(IntelliJPlugin.kt:958)
	at org.gradle.api.internal.provider.DefaultProvider.calculateOwnValue(DefaultProvider.java:72)
	at org.gradle.api.internal.provider.AbstractMinimalProvider.calculateValue(AbstractMinimalProvider.java:115)
	at org.gradle.api.internal.provider.TransformBackedProvider.calculateOwnValue(TransformBackedProvider.java:82)
	at org.gradle.api.internal.provider.AbstractMinimalProvider.calculateValue(AbstractMinimalProvider.java:115)
	at org.gradle.api.internal.provider.DefaultProperty.calculateValueFrom(DefaultProperty.java:128)
	at org.gradle.api.internal.provider.DefaultProperty.calculateValueFrom(DefaultProperty.java:26)
	at org.gradle.api.internal.provider.AbstractProperty.doCalculateValue(AbstractProperty.java:142)
	at org.gradle.api.internal.provider.AbstractProperty.calculateOwnValue(AbstractProperty.java:136)
	at org.gradle.api.internal.provider.AbstractMinimalProvider.calculateOwnPresentValue(AbstractMinimalProvider.java:80)
	at org.gradle.api.internal.provider.AbstractMinimalProvider.get(AbstractMinimalProvider.java:100)
	at org.jetbrains.intellij.tasks.RunIdeBase.getExecutable(RunIdeBase.kt:202)
	at org.jetbrains.intellij.tasks.BuildSearchableOptionsTask_Decorated.getExecutable(Unknown Source)
	at org.gradle.api.tasks.internal.JavaExecExecutableUtils.getExecutableOverrideToolchainSpec(JavaExecExecutableUtils.java:30)
	at org.gradle.api.tasks.JavaExec.lambda$new$0(JavaExec.java:144)
	at org.gradle.api.internal.provider.DefaultProvider.calculateOwnValue(DefaultProvider.java:72)
	at org.gradle.api.internal.provider.AbstractMinimalProvider.calculateValue(AbstractMinimalProvider.java:115)
	at org.gradle.api.internal.provider.FlatMapProvider.calculateOwnValue(FlatMapProvider.java:46)
	at org.gradle.api.internal.provider.AbstractMinimalProvider.calculateValue(AbstractMinimalProvider.java:115)
	at org.gradle.api.internal.provider.OrElseProvider.calculateOwnValue(OrElseProvider.java:76)
	at org.gradle.api.internal.provider.AbstractMinimalProvider.calculateValue(AbstractMinimalProvider.java:115)
	at org.gradle.api.internal.provider.TransformBackedProvider.calculateOwnValue(TransformBackedProvider.java:82)
	at org.gradle.api.internal.provider.AbstractMinimalProvider.calculateValue(AbstractMinimalProvider.java:115)
	at org.gradle.api.internal.provider.AbstractMinimalProvider.withFinalValue(AbstractMinimalProvider.java:168)
	at org.gradle.api.internal.provider.DefaultProperty.finalValue(DefaultProperty.java:133)
	at org.gradle.api.internal.provider.DefaultProperty.finalValue(DefaultProperty.java:26)
	at org.gradle.api.internal.provider.AbstractProperty.finalizeNow(AbstractProperty.java:245)
	at org.gradle.api.internal.provider.AbstractProperty.beforeRead(AbstractProperty.java:239)
	at org.gradle.api.internal.provider.AbstractProperty.calculateOwnValue(AbstractProperty.java:135)
	at org.gradle.api.internal.provider.AbstractMinimalProvider.getOrNull(AbstractMinimalProvider.java:105)
	at org.gradle.internal.properties.annotations.AbstractTypeMetadataWalker$InstanceTypeMetadataWalker.lambda$walkNestedProvider$0(AbstractTypeMetadataWalker.java:137)
	at org.gradle.internal.properties.annotations.AbstractTypeMetadataWalker$InstanceTypeMetadataWalker.walkNestedChild(AbstractTypeMetadataWalker.java:184)
	at org.gradle.internal.properties.annotations.AbstractTypeMetadataWalker$InstanceTypeMetadataWalker.walkNestedProvider(AbstractTypeMetadataWalker.java:136)
	at org.gradle.internal.properties.annotations.AbstractTypeMetadataWalker$InstanceTypeMetadataWalker.walkNestedProvider(AbstractTypeMetadataWalker.java:118)
	at org.gradle.internal.properties.annotations.AbstractTypeMetadataWalker.walkNested(AbstractTypeMetadataWalker.java:60)
	at org.gradle.internal.properties.annotations.AbstractTypeMetadataWalker.lambda$walkChildren$3(AbstractTypeMetadataWalker.java:85)
	at org.gradle.internal.properties.annotations.AbstractTypeMetadataWalker$InstanceTypeMetadataWalker.walkNestedChild(AbstractTypeMetadataWalker.java:190)
	at org.gradle.internal.properties.annotations.AbstractTypeMetadataWalker$InstanceTypeMetadataWalker.walkNestedChild(AbstractTypeMetadataWalker.java:171)
	at org.gradle.internal.properties.annotations.AbstractTypeMetadataWalker$InstanceTypeMetadataWalker.walkNestedChild(AbstractTypeMetadataWalker.java:118)
	at org.gradle.internal.properties.annotations.AbstractTypeMetadataWalker.lambda$walkChildren$4(AbstractTypeMetadataWalker.java:85)
	at java.base/java.lang.Iterable.forEach(Iterable.java:75)
	at org.gradle.internal.properties.annotations.AbstractTypeMetadataWalker.walkChildren(AbstractTypeMetadataWalker.java:83)
	at org.gradle.internal.properties.annotations.AbstractTypeMetadataWalker.walk(AbstractTypeMetadataWalker.java:53)
	at org.gradle.internal.properties.bean.DefaultPropertyWalker.visitProperties(DefaultPropertyWalker.java:65)
	at org.gradle.api.internal.tasks.TaskPropertyUtils.visitAnnotatedProperties(TaskPropertyUtils.java:58)
	at org.gradle.api.internal.tasks.TaskPropertyUtils.visitProperties(TaskPropertyUtils.java:45)
	at org.gradle.api.internal.tasks.TaskPropertyUtils.visitProperties(TaskPropertyUtils.java:35)
	at org.gradle.api.internal.tasks.DefaultTaskInputs.visitDependencies(DefaultTaskInputs.java:195)
	at org.gradle.api.internal.tasks.DefaultTaskDependency.visitDependencies(DefaultTaskDependency.java:112)
	at org.gradle.api.internal.tasks.CachingTaskDependencyResolveContext$TaskGraphImpl.getNodeValues(CachingTaskDependencyResolveContext.java:103)
	at org.gradle.internal.graph.CachingDirectedGraphWalker$GraphWithEmptyEdges.getNodeValues(CachingDirectedGraphWalker.java:213)
	at org.gradle.internal.graph.CachingDirectedGraphWalker.doSearch(CachingDirectedGraphWalker.java:121)
	at org.gradle.internal.graph.CachingDirectedGraphWalker.findValues(CachingDirectedGraphWalker.java:73)
	at org.gradle.api.internal.tasks.CachingTaskDependencyResolveContext.getDependencies(CachingTaskDependencyResolveContext.java:66)
	at org.gradle.execution.plan.TaskDependencyResolver.resolveDependenciesFor(TaskDependencyResolver.java:49)
	at org.gradle.execution.plan.LocalTaskNode.getDependencies(LocalTaskNode.java:148)
	at org.gradle.execution.plan.LocalTaskNode.resolveDependencies(LocalTaskNode.java:122)
	at org.gradle.execution.plan.DefaultExecutionPlan.discoverNodeRelationships(DefaultExecutionPlan.java:183)
	at org.gradle.execution.plan.DefaultExecutionPlan.doAddEntryNodes(DefaultExecutionPlan.java:155)
	at org.gradle.execution.plan.DefaultExecutionPlan.addEntryTasks(DefaultExecutionPlan.java:130)
	at org.gradle.execution.plan.DefaultExecutionPlan.addEntryTasks(DefaultExecutionPlan.java:122)
	at org.gradle.execution.TaskNameResolvingBuildTaskScheduler.scheduleRequestedTasks(TaskNameResolvingBuildTaskScheduler.java:54)
	at org.gradle.execution.DefaultTasksBuildTaskScheduler.scheduleRequestedTasks(DefaultTasksBuildTaskScheduler.java:72)
	at org.gradle.initialization.DefaultTaskExecutionPreparer.lambda$scheduleRequestedTasks$0(DefaultTaskExecutionPreparer.java:46)
	at org.gradle.internal.Factories$1.create(Factories.java:31)
	at org.gradle.internal.work.DefaultWorkerLeaseService.withReplacedLocks(DefaultWorkerLeaseService.java:360)
	at org.gradle.api.internal.project.DefaultProjectStateRegistry$DefaultBuildProjectRegistry.withMutableStateOfAllProjects(DefaultProjectStateRegistry.java:239)
	at org.gradle.api.internal.project.DefaultProjectStateRegistry$DefaultBuildProjectRegistry.withMutableStateOfAllProjects(DefaultProjectStateRegistry.java:232)
	at org.gradle.initialization.DefaultTaskExecutionPreparer.scheduleRequestedTasks(DefaultTaskExecutionPreparer.java:45)
	at org.gradle.initialization.VintageBuildModelController.lambda$scheduleRequestedTasks$0(VintageBuildModelController.java:76)
	at org.gradle.internal.model.StateTransitionController.lambda$inState$1(StateTransitionController.java:99)
	at org.gradle.internal.model.StateTransitionController.lambda$inState$2(StateTransitionController.java:114)
	at org.gradle.internal.work.DefaultSynchronizer.withLock(DefaultSynchronizer.java:44)
	at org.gradle.internal.model.StateTransitionController.inState(StateTransitionController.java:110)
	at org.gradle.internal.model.StateTransitionController.inState(StateTransitionController.java:98)
	at org.gradle.initialization.VintageBuildModelController.scheduleRequestedTasks(VintageBuildModelController.java:76)
	at org.gradle.internal.build.DefaultBuildLifecycleController$DefaultWorkGraphBuilder.addRequestedTasks(DefaultBuildLifecycleController.java:404)
	at org.gradle.internal.buildtree.DefaultBuildTreeWorkPreparer.lambda$scheduleRequestedTasks$0(DefaultBuildTreeWorkPreparer.java:41)
	at org.gradle.internal.build.DefaultBuildLifecycleController.lambda$populateWorkGraph$7(DefaultBuildLifecycleController.java:189)
	at org.gradle.internal.build.DefaultBuildWorkPreparer.populateWorkGraph(DefaultBuildWorkPreparer.java:42)
	at org.gradle.internal.build.BuildOperationFiringBuildWorkPreparer$PopulateWorkGraph.populateTaskGraph(BuildOperationFiringBuildWorkPreparer.java:106)
	at org.gradle.internal.build.BuildOperationFiringBuildWorkPreparer$PopulateWorkGraph.run(BuildOperationFiringBuildWorkPreparer.java:92)
	at org.gradle.internal.operations.DefaultBuildOperationRunner$1.execute(DefaultBuildOperationRunner.java:29)
	at org.gradle.internal.operations.DefaultBuildOperationRunner$1.execute(DefaultBuildOperationRunner.java:26)
	at org.gradle.internal.operations.DefaultBuildOperationRunner$2.execute(DefaultBuildOperationRunner.java:66)
	at org.gradle.internal.operations.DefaultBuildOperationRunner$2.execute(DefaultBuildOperationRunner.java:59)
	at org.gradle.internal.operations.DefaultBuildOperationRunner.execute(DefaultBuildOperationRunner.java:157)
	at org.gradle.internal.operations.DefaultBuildOperationRunner.execute(DefaultBuildOperationRunner.java:59)
	at org.gradle.internal.operations.DefaultBuildOperationRunner.run(DefaultBuildOperationRunner.java:47)
	at org.gradle.internal.operations.DefaultBuildOperationExecutor.run(DefaultBuildOperationExecutor.java:68)
	at org.gradle.internal.build.BuildOperationFiringBuildWorkPreparer.populateWorkGraph(BuildOperationFiringBuildWorkPreparer.java:67)
	at org.gradle.internal.build.DefaultBuildLifecycleController.lambda$populateWorkGraph$8(DefaultBuildLifecycleController.java:189)
	at org.gradle.internal.model.StateTransitionController.lambda$inState$1(StateTransitionController.java:99)
	at org.gradle.internal.model.StateTransitionController.lambda$inState$2(StateTransitionController.java:114)
	at org.gradle.internal.work.DefaultSynchronizer.withLock(DefaultSynchronizer.java:44)
	at org.gradle.internal.model.StateTransitionController.inState(StateTransitionController.java:110)
	at org.gradle.internal.model.StateTransitionController.inState(StateTransitionController.java:98)
	at org.gradle.internal.build.DefaultBuildLifecycleController.populateWorkGraph(DefaultBuildLifecycleController.java:189)
	at org.gradle.internal.build.DefaultBuildWorkGraphController$DefaultBuildWorkGraph.populateWorkGraph(DefaultBuildWorkGraphController.java:169)
	at org.gradle.composite.internal.DefaultBuildController.populateWorkGraph(DefaultBuildController.java:76)
	at org.gradle.composite.internal.DefaultIncludedBuildTaskGraph$DefaultBuildTreeWorkGraphBuilder.withWorkGraph(DefaultIncludedBuildTaskGraph.java:153)
	at org.gradle.internal.buildtree.DefaultBuildTreeWorkPreparer.lambda$scheduleRequestedTasks$1(DefaultBuildTreeWorkPreparer.java:41)
	at org.gradle.composite.internal.DefaultIncludedBuildTaskGraph$DefaultBuildTreeWorkGraph$1.run(DefaultIncludedBuildTaskGraph.java:209)
	at org.gradle.internal.operations.DefaultBuildOperationRunner$1.execute(DefaultBuildOperationRunner.java:29)
	at org.gradle.internal.operations.DefaultBuildOperationRunner$1.execute(DefaultBuildOperationRunner.java:26)
	at org.gradle.internal.operations.DefaultBuildOperationRunner$2.execute(DefaultBuildOperationRunner.java:66)
	at org.gradle.internal.operations.DefaultBuildOperationRunner$2.execute(DefaultBuildOperationRunner.java:59)
	at org.gradle.internal.operations.DefaultBuildOperationRunner.execute(DefaultBuildOperationRunner.java:157)
	at org.gradle.internal.operations.DefaultBuildOperationRunner.execute(DefaultBuildOperationRunner.java:59)
	at org.gradle.internal.operations.DefaultBuildOperationRunner.run(DefaultBuildOperationRunner.java:47)
	at org.gradle.internal.operations.DefaultBuildOperationExecutor.run(DefaultBuildOperationExecutor.java:68)
	at org.gradle.composite.internal.DefaultIncludedBuildTaskGraph$DefaultBuildTreeWorkGraph.scheduleWork(DefaultIncludedBuildTaskGraph.java:204)
	at org.gradle.internal.buildtree.DefaultBuildTreeWorkPreparer.scheduleRequestedTasks(DefaultBuildTreeWorkPreparer.java:37)
	at org.gradle.configurationcache.VintageBuildTreeWorkController$scheduleAndRunRequestedTasks$1.apply(VintageBuildTreeWorkController.kt:36)
	at org.gradle.configurationcache.VintageBuildTreeWorkController$scheduleAndRunRequestedTasks$1.apply(VintageBuildTreeWorkController.kt:35)
	at org.gradle.composite.internal.DefaultIncludedBuildTaskGraph.withNewWorkGraph(DefaultIncludedBuildTaskGraph.java:112)
	at org.gradle.configurationcache.VintageBuildTreeWorkController.scheduleAndRunRequestedTasks(VintageBuildTreeWorkController.kt:35)
	at org.gradle.internal.buildtree.DefaultBuildTreeLifecycleController.lambda$scheduleAndRunTasks$1(DefaultBuildTreeLifecycleController.java:76)
	at org.gradle.internal.buildtree.DefaultBuildTreeLifecycleController.lambda$runBuild$4(DefaultBuildTreeLifecycleController.java:119)
	at org.gradle.internal.model.StateTransitionController.lambda$transition$6(StateTransitionController.java:169)
	at org.gradle.internal.model.StateTransitionController.doTransition(StateTransitionController.java:266)
	at org.gradle.internal.model.StateTransitionController.lambda$transition$7(StateTransitionController.java:169)
	at org.gradle.internal.work.DefaultSynchronizer.withLock(DefaultSynchronizer.java:44)
	at org.gradle.internal.model.StateTransitionController.transition(StateTransitionController.java:169)
	at org.gradle.internal.buildtree.DefaultBuildTreeLifecycleController.runBuild(DefaultBuildTreeLifecycleController.java:116)
	at org.gradle.internal.buildtree.DefaultBuildTreeLifecycleController.scheduleAndRunTasks(DefaultBuildTreeLifecycleController.java:76)
	at org.gradle.internal.buildtree.DefaultBuildTreeLifecycleController.scheduleAndRunTasks(DefaultBuildTreeLifecycleController.java:71)
	at org.gradle.tooling.internal.provider.ExecuteBuildActionRunner.run(ExecuteBuildActionRunner.java:31)
	at org.gradle.launcher.exec.ChainingBuildActionRunner.run(ChainingBuildActionRunner.java:35)
	at org.gradle.internal.buildtree.ProblemReportingBuildActionRunner.run(ProblemReportingBuildActionRunner.java:49)
	at org.gradle.launcher.exec.BuildOutcomeReportingBuildActionRunner.run(BuildOutcomeReportingBuildActionRunner.java:65)
	at org.gradle.tooling.internal.provider.FileSystemWatchingBuildActionRunner.run(FileSystemWatchingBuildActionRunner.java:140)
	at org.gradle.launcher.exec.BuildCompletionNotifyingBuildActionRunner.run(BuildCompletionNotifyingBuildActionRunner.java:41)
	at org.gradle.launcher.exec.RootBuildLifecycleBuildActionExecutor.lambda$execute$0(RootBuildLifecycleBuildActionExecutor.java:40)
	at org.gradle.composite.internal.DefaultRootBuildState.run(DefaultRootBuildState.java:123)
	at org.gradle.launcher.exec.RootBuildLifecycleBuildActionExecutor.execute(RootBuildLifecycleBuildActionExecutor.java:40)
	at org.gradle.internal.buildtree.InitDeprecationLoggingActionExecutor.execute(InitDeprecationLoggingActionExecutor.java:62)
	at org.gradle.internal.buildtree.InitProblems.execute(InitProblems.java:38)
	at org.gradle.internal.buildtree.DefaultBuildTreeContext.execute(DefaultBuildTreeContext.java:40)
	at org.gradle.launcher.exec.BuildTreeLifecycleBuildActionExecutor.lambda$execute$0(BuildTreeLifecycleBuildActionExecutor.java:58)
	at org.gradle.internal.buildtree.BuildTreeState.run(BuildTreeState.java:58)
	at org.gradle.launcher.exec.BuildTreeLifecycleBuildActionExecutor.execute(BuildTreeLifecycleBuildActionExecutor.java:58)
	at org.gradle.launcher.exec.RunAsBuildOperationBuildActionExecutor$3.call(RunAsBuildOperationBuildActionExecutor.java:61)
	at org.gradle.launcher.exec.RunAsBuildOperationBuildActionExecutor$3.call(RunAsBuildOperationBuildActionExecutor.java:57)
	at org.gradle.internal.operations.DefaultBuildOperationRunner$CallableBuildOperationWorker.execute(DefaultBuildOperationRunner.java:204)
	at org.gradle.internal.operations.DefaultBuildOperationRunner$CallableBuildOperationWorker.execute(DefaultBuildOperationRunner.java:199)
	at org.gradle.internal.operations.DefaultBuildOperationRunner$2.execute(DefaultBuildOperationRunner.java:66)
	at org.gradle.internal.operations.DefaultBuildOperationRunner$2.execute(DefaultBuildOperationRunner.java:59)
	at org.gradle.internal.operations.DefaultBuildOperationRunner.execute(DefaultBuildOperationRunner.java:157)
	at org.gradle.internal.operations.DefaultBuildOperationRunner.execute(DefaultBuildOperationRunner.java:59)
	at org.gradle.internal.operations.DefaultBuildOperationRunner.call(DefaultBuildOperationRunner.java:53)
	at org.gradle.internal.operations.DefaultBuildOperationExecutor.call(DefaultBuildOperationExecutor.java:73)
	at org.gradle.launcher.exec.RunAsBuildOperationBuildActionExecutor.execute(RunAsBuildOperationBuildActionExecutor.java:57)
	at org.gradle.launcher.exec.RunAsWorkerThreadBuildActionExecutor.lambda$execute$0(RunAsWorkerThreadBuildActionExecutor.java:36)
	at org.gradle.internal.work.DefaultWorkerLeaseService.withLocks(DefaultWorkerLeaseService.java:264)
	at org.gradle.internal.work.DefaultWorkerLeaseService.runAsWorkerThread(DefaultWorkerLeaseService.java:128)
	at org.gradle.launcher.exec.RunAsWorkerThreadBuildActionExecutor.execute(RunAsWorkerThreadBuildActionExecutor.java:36)
	at org.gradle.tooling.internal.provider.continuous.ContinuousBuildActionExecutor.execute(ContinuousBuildActionExecutor.java:110)
	at org.gradle.tooling.internal.provider.SubscribableBuildActionExecutor.execute(SubscribableBuildActionExecutor.java:64)
	at org.gradle.internal.session.DefaultBuildSessionContext.execute(DefaultBuildSessionContext.java:46)
	at org.gradle.tooling.internal.provider.BuildSessionLifecycleBuildActionExecuter$ActionImpl.apply(BuildSessionLifecycleBuildActionExecuter.java:92)
	at org.gradle.tooling.internal.provider.BuildSessionLifecycleBuildActionExecuter$ActionImpl.apply(BuildSessionLifecycleBuildActionExecuter.java:80)
	at org.gradle.internal.session.BuildSessionState.run(BuildSessionState.java:69)
	at org.gradle.tooling.internal.provider.BuildSessionLifecycleBuildActionExecuter.execute(BuildSessionLifecycleBuildActionExecuter.java:62)
	at org.gradle.tooling.internal.provider.BuildSessionLifecycleBuildActionExecuter.execute(BuildSessionLifecycleBuildActionExecuter.java:41)
	at org.gradle.tooling.internal.provider.StartParamsValidatingActionExecuter.execute(StartParamsValidatingActionExecuter.java:64)
	at org.gradle.tooling.internal.provider.StartParamsValidatingActionExecuter.execute(StartParamsValidatingActionExecuter.java:32)
	at org.gradle.tooling.internal.provider.SessionFailureReportingActionExecuter.execute(SessionFailureReportingActionExecuter.java:51)
	at org.gradle.tooling.internal.provider.SessionFailureReportingActionExecuter.execute(SessionFailureReportingActionExecuter.java:39)
	at org.gradle.tooling.internal.provider.SetupLoggingActionExecuter.execute(SetupLoggingActionExecuter.java:47)
	at org.gradle.tooling.internal.provider.SetupLoggingActionExecuter.execute(SetupLoggingActionExecuter.java:31)
	at org.gradle.launcher.daemon.server.exec.ExecuteBuild.doBuild(ExecuteBuild.java:65)
	at org.gradle.launcher.daemon.server.exec.BuildCommandOnly.execute(BuildCommandOnly.java:37)
	at org.gradle.launcher.daemon.server.api.DaemonCommandExecution.proceed(DaemonCommandExecution.java:104)
	at org.gradle.launcher.daemon.server.exec.WatchForDisconnection.execute(WatchForDisconnection.java:39)
	at org.gradle.launcher.daemon.server.api.DaemonCommandExecution.proceed(DaemonCommandExecution.java:104)
	at org.gradle.launcher.daemon.server.exec.ResetDeprecationLogger.execute(ResetDeprecationLogger.java:29)
	at org.gradle.launcher.daemon.server.api.DaemonCommandExecution.proceed(DaemonCommandExecution.java:104)
	at org.gradle.launcher.daemon.server.exec.RequestStopIfSingleUsedDaemon.execute(RequestStopIfSingleUsedDaemon.java:35)
	at org.gradle.launcher.daemon.server.api.DaemonCommandExecution.proceed(DaemonCommandExecution.java:104)
	at org.gradle.launcher.daemon.server.exec.ForwardClientInput$2.create(ForwardClientInput.java:78)
	at org.gradle.launcher.daemon.server.exec.ForwardClientInput$2.create(ForwardClientInput.java:75)
	at org.gradle.util.internal.Swapper.swap(Swapper.java:38)
	at org.gradle.launcher.daemon.server.exec.ForwardClientInput.execute(ForwardClientInput.java:75)
	at org.gradle.launcher.daemon.server.api.DaemonCommandExecution.proceed(DaemonCommandExecution.java:104)
	at org.gradle.launcher.daemon.server.exec.LogAndCheckHealth.execute(LogAndCheckHealth.java:64)
	at org.gradle.launcher.daemon.server.api.DaemonCommandExecution.proceed(DaemonCommandExecution.java:104)
	at org.gradle.launcher.daemon.server.exec.LogToClient.doBuild(LogToClient.java:63)
	at org.gradle.launcher.daemon.server.exec.BuildCommandOnly.execute(BuildCommandOnly.java:37)
	at org.gradle.launcher.daemon.server.api.DaemonCommandExecution.proceed(DaemonCommandExecution.java:104)
	at org.gradle.launcher.daemon.server.exec.EstablishBuildEnvironment.doBuild(EstablishBuildEnvironment.java:84)
	at org.gradle.launcher.daemon.server.exec.BuildCommandOnly.execute(BuildCommandOnly.java:37)
	at org.gradle.launcher.daemon.server.api.DaemonCommandExecution.proceed(DaemonCommandExecution.java:104)
	at org.gradle.launcher.daemon.server.exec.StartBuildOrRespondWithBusy$1.run(StartBuildOrRespondWithBusy.java:52)
	at org.gradle.launcher.daemon.server.DaemonStateCoordinator$1.run(DaemonStateCoordinator.java:297)
	at org.gradle.internal.concurrent.ExecutorPolicy$CatchAndRecordFailures.onExecute(ExecutorPolicy.java:64)
	at org.gradle.internal.concurrent.AbstractManagedExecutor$1.run(AbstractManagedExecutor.java:47)
	at java.base/java.util.concurrent.ThreadPoolExecutor.runWorker(ThreadPoolExecutor.java:1136)
	at java.base/java.util.concurrent.ThreadPoolExecutor$Worker.run(ThreadPoolExecutor.java:635)
	at java.base/java.lang.Thread.run(Thread.java:840)
[gradle-intellij-plugin :] Cannot create plugin from file '/opt/android-studio/plugins/cidr-base-plugin': Invalid plugin descriptor 'plugin.xml'. Unable to read the plugin descriptor: No enum constant com.jetbrains.plugin.structure.intellij.plugin.IdePluginContentDescriptor.ServiceType.APPLİCATİON.
Unable to read descriptor [plugin.xml] from [/opt/android-studio/plugins/cidr-clangFormat-plugin/lib/cidr-clangFormat-plugin.jar]
java.lang.IllegalArgumentException: No enum constant com.jetbrains.plugin.structure.intellij.plugin.IdePluginContentDescriptor.ServiceType.APPLİCATİON
	at java.base/java.lang.Enum.valueOf(Enum.java:273)
	at com.jetbrains.plugin.structure.intellij.plugin.IdePluginContentDescriptor$ServiceType.valueOf(IdePluginContents.kt)
	at com.jetbrains.plugin.structure.intellij.plugin.PluginCreator.readServiceDescriptor(PluginCreator.kt:406)
	at com.jetbrains.plugin.structure.intellij.plugin.PluginCreator.readExtensions(PluginCreator.kt:341)
	at com.jetbrains.plugin.structure.intellij.plugin.PluginCreator.setInfoFromBean(PluginCreator.kt:320)
	at com.jetbrains.plugin.structure.intellij.plugin.PluginCreator.resolveDocumentAndValidateBean(PluginCreator.kt:664)
	at com.jetbrains.plugin.structure.intellij.plugin.PluginCreator.access$resolveDocumentAndValidateBean(PluginCreator.kt:31)
	at com.jetbrains.plugin.structure.intellij.plugin.PluginCreator$Companion.createPlugin(PluginCreator.kt:109)
	at com.jetbrains.plugin.structure.intellij.plugin.IdePluginManager.loadPluginInfoFromJarFile(IdePluginManager.kt:62)
	at com.jetbrains.plugin.structure.intellij.plugin.IdePluginManager.loadPluginInfoFromLibDirectory(IdePluginManager.kt:165)
	at com.jetbrains.plugin.structure.intellij.plugin.IdePluginManager.loadPluginInfoFromDirectory(IdePluginManager.kt:97)
	at com.jetbrains.plugin.structure.intellij.plugin.IdePluginManager.loadPluginInfoFromJarOrDirectory(IdePluginManager.kt:206)
	at com.jetbrains.plugin.structure.intellij.plugin.IdePluginManager.getPluginCreatorWithResult(IdePluginManager.kt:347)
	at com.jetbrains.plugin.structure.intellij.plugin.IdePluginManager.createPlugin(IdePluginManager.kt:314)
	at com.jetbrains.plugin.structure.intellij.plugin.IdePluginManager.createPlugin$default(IdePluginManager.kt:312)
	at org.jetbrains.intellij.Utils.createPlugin(utils.kt:222)
	at org.jetbrains.intellij.dependency.BuiltinPluginsRegistry.add(BuiltinPluginsRegistry.kt:89)
	at org.jetbrains.intellij.dependency.BuiltinPluginsRegistry.fillFromDirectory(BuiltinPluginsRegistry.kt:47)
	at org.jetbrains.intellij.dependency.BuiltinPluginsRegistry.access$fillFromDirectory(BuiltinPluginsRegistry.kt:21)
	at org.jetbrains.intellij.dependency.BuiltinPluginsRegistry$Companion.fromDirectory(BuiltinPluginsRegistry.kt:127)
	at org.jetbrains.intellij.dependency.IdeaDependencyManager.createDependency(IdeaDependencyManager.kt:92)
	at org.jetbrains.intellij.dependency.IdeaDependencyManager.resolveLocal(IdeaDependencyManager.kt:430)
	at org.jetbrains.intellij.IntelliJPlugin$prepareIdeaDependencyProvider$1.call(IntelliJPlugin.kt:299)
	at org.jetbrains.intellij.IntelliJPlugin$prepareIdeaDependencyProvider$1.call(IntelliJPlugin.kt:266)
	at org.gradle.api.internal.provider.DefaultProvider.calculateOwnValue(DefaultProvider.java:72)
	at org.gradle.api.internal.provider.AbstractMinimalProvider.calculateValue(AbstractMinimalProvider.java:115)
	at org.gradle.api.internal.provider.TransformBackedProvider.calculateOwnValue(TransformBackedProvider.java:82)
	at org.gradle.api.internal.provider.AbstractMinimalProvider.calculateValue(AbstractMinimalProvider.java:115)
	at org.gradle.api.internal.provider.AbstractMinimalProvider.withFinalValue(AbstractMinimalProvider.java:168)
	at org.gradle.api.internal.provider.DefaultProperty.finalValue(DefaultProperty.java:133)
	at org.gradle.api.internal.provider.DefaultProperty.finalValue(DefaultProperty.java:26)
	at org.gradle.api.internal.provider.AbstractProperty.finalizeNow(AbstractProperty.java:245)
	at org.gradle.api.internal.provider.AbstractProperty.beforeRead(AbstractProperty.java:239)
	at org.gradle.api.internal.provider.AbstractProperty.calculateOwnValue(AbstractProperty.java:135)
	at org.gradle.api.internal.provider.AbstractMinimalProvider.calculateValue(AbstractMinimalProvider.java:115)
	at org.gradle.api.internal.provider.TransformBackedProvider.calculateOwnValue(TransformBackedProvider.java:82)
	at org.gradle.api.internal.provider.AbstractMinimalProvider.calculateValue(AbstractMinimalProvider.java:115)
	at org.gradle.api.internal.provider.TransformBackedProvider.calculateOwnValue(TransformBackedProvider.java:82)
	at org.gradle.api.internal.provider.AbstractMinimalProvider.calculateValue(AbstractMinimalProvider.java:115)
	at org.gradle.api.internal.provider.DefaultProperty.calculateValueFrom(DefaultProperty.java:128)
	at org.gradle.api.internal.provider.DefaultProperty.calculateValueFrom(DefaultProperty.java:26)
	at org.gradle.api.internal.provider.AbstractProperty.doCalculateValue(AbstractProperty.java:142)
	at org.gradle.api.internal.provider.AbstractProperty.calculateOwnValue(AbstractProperty.java:136)
	at org.gradle.api.internal.provider.AbstractMinimalProvider.getOrNull(AbstractMinimalProvider.java:105)
	at org.jetbrains.intellij.IntelliJPlugin$prepareConventionMappingsForRunIdeTask$8.call(IntelliJPlugin.kt:963)
	at org.jetbrains.intellij.IntelliJPlugin$prepareConventionMappingsForRunIdeTask$8.call(IntelliJPlugin.kt:958)
	at org.gradle.api.internal.provider.DefaultProvider.calculateOwnValue(DefaultProvider.java:72)
	at org.gradle.api.internal.provider.AbstractMinimalProvider.calculateValue(AbstractMinimalProvider.java:115)
	at org.gradle.api.internal.provider.TransformBackedProvider.calculateOwnValue(TransformBackedProvider.java:82)
	at org.gradle.api.internal.provider.AbstractMinimalProvider.calculateValue(AbstractMinimalProvider.java:115)
	at org.gradle.api.internal.provider.DefaultProperty.calculateValueFrom(DefaultProperty.java:128)
	at org.gradle.api.internal.provider.DefaultProperty.calculateValueFrom(DefaultProperty.java:26)
	at org.gradle.api.internal.provider.AbstractProperty.doCalculateValue(AbstractProperty.java:142)
	at org.gradle.api.internal.provider.AbstractProperty.calculateOwnValue(AbstractProperty.java:136)
	at org.gradle.api.internal.provider.AbstractMinimalProvider.calculateOwnPresentValue(AbstractMinimalProvider.java:80)
	at org.gradle.api.internal.provider.AbstractMinimalProvider.get(AbstractMinimalProvider.java:100)
	at org.jetbrains.intellij.tasks.RunIdeBase.getExecutable(RunIdeBase.kt:202)
	at org.jetbrains.intellij.tasks.BuildSearchableOptionsTask_Decorated.getExecutable(Unknown Source)
	at org.gradle.api.tasks.internal.JavaExecExecutableUtils.getExecutableOverrideToolchainSpec(JavaExecExecutableUtils.java:30)
	at org.gradle.api.tasks.JavaExec.lambda$new$0(JavaExec.java:144)
	at org.gradle.api.internal.provider.DefaultProvider.calculateOwnValue(DefaultProvider.java:72)
	at org.gradle.api.internal.provider.AbstractMinimalProvider.calculateValue(AbstractMinimalProvider.java:115)
	at org.gradle.api.internal.provider.FlatMapProvider.calculateOwnValue(FlatMapProvider.java:46)
	at org.gradle.api.internal.provider.AbstractMinimalProvider.calculateValue(AbstractMinimalProvider.java:115)
	at org.gradle.api.internal.provider.OrElseProvider.calculateOwnValue(OrElseProvider.java:76)
	at org.gradle.api.internal.provider.AbstractMinimalProvider.calculateValue(AbstractMinimalProvider.java:115)
	at org.gradle.api.internal.provider.TransformBackedProvider.calculateOwnValue(TransformBackedProvider.java:82)
	at org.gradle.api.internal.provider.AbstractMinimalProvider.calculateValue(AbstractMinimalProvider.java:115)
	at org.gradle.api.internal.provider.AbstractMinimalProvider.withFinalValue(AbstractMinimalProvider.java:168)
	at org.gradle.api.internal.provider.DefaultProperty.finalValue(DefaultProperty.java:133)
	at org.gradle.api.internal.provider.DefaultProperty.finalValue(DefaultProperty.java:26)
	at org.gradle.api.internal.provider.AbstractProperty.finalizeNow(AbstractProperty.java:245)
	at org.gradle.api.internal.provider.AbstractProperty.beforeRead(AbstractProperty.java:239)
	at org.gradle.api.internal.provider.AbstractProperty.calculateOwnValue(AbstractProperty.java:135)
	at org.gradle.api.internal.provider.AbstractMinimalProvider.getOrNull(AbstractMinimalProvider.java:105)
	at org.gradle.internal.properties.annotations.AbstractTypeMetadataWalker$InstanceTypeMetadataWalker.lambda$walkNestedProvider$0(AbstractTypeMetadataWalker.java:137)
	at org.gradle.internal.properties.annotations.AbstractTypeMetadataWalker$InstanceTypeMetadataWalker.walkNestedChild(AbstractTypeMetadataWalker.java:184)
	at org.gradle.internal.properties.annotations.AbstractTypeMetadataWalker$InstanceTypeMetadataWalker.walkNestedProvider(AbstractTypeMetadataWalker.java:136)
	at org.gradle.internal.properties.annotations.AbstractTypeMetadataWalker$InstanceTypeMetadataWalker.walkNestedProvider(AbstractTypeMetadataWalker.java:118)
	at org.gradle.internal.properties.annotations.AbstractTypeMetadataWalker.walkNested(AbstractTypeMetadataWalker.java:60)
	at org.gradle.internal.properties.annotations.AbstractTypeMetadataWalker.lambda$walkChildren$3(AbstractTypeMetadataWalker.java:85)
	at org.gradle.internal.properties.annotations.AbstractTypeMetadataWalker$InstanceTypeMetadataWalker.walkNestedChild(AbstractTypeMetadataWalker.java:190)
	at org.gradle.internal.properties.annotations.AbstractTypeMetadataWalker$InstanceTypeMetadataWalker.walkNestedChild(AbstractTypeMetadataWalker.java:171)
	at org.gradle.internal.properties.annotations.AbstractTypeMetadataWalker$InstanceTypeMetadataWalker.walkNestedChild(AbstractTypeMetadataWalker.java:118)
	at org.gradle.internal.properties.annotations.AbstractTypeMetadataWalker.lambda$walkChildren$4(AbstractTypeMetadataWalker.java:85)
	at java.base/java.lang.Iterable.forEach(Iterable.java:75)
	at org.gradle.internal.properties.annotations.AbstractTypeMetadataWalker.walkChildren(AbstractTypeMetadataWalker.java:83)
	at org.gradle.internal.properties.annotations.AbstractTypeMetadataWalker.walk(AbstractTypeMetadataWalker.java:53)
	at org.gradle.internal.properties.bean.DefaultPropertyWalker.visitProperties(DefaultPropertyWalker.java:65)
	at org.gradle.api.internal.tasks.TaskPropertyUtils.visitAnnotatedProperties(TaskPropertyUtils.java:58)
	at org.gradle.api.internal.tasks.TaskPropertyUtils.visitProperties(TaskPropertyUtils.java:45)
	at org.gradle.api.internal.tasks.TaskPropertyUtils.visitProperties(TaskPropertyUtils.java:35)
	at org.gradle.api.internal.tasks.DefaultTaskInputs.visitDependencies(DefaultTaskInputs.java:195)
	at org.gradle.api.internal.tasks.DefaultTaskDependency.visitDependencies(DefaultTaskDependency.java:112)
	at org.gradle.api.internal.tasks.CachingTaskDependencyResolveContext$TaskGraphImpl.getNodeValues(CachingTaskDependencyResolveContext.java:103)
	at org.gradle.internal.graph.CachingDirectedGraphWalker$GraphWithEmptyEdges.getNodeValues(CachingDirectedGraphWalker.java:213)
	at org.gradle.internal.graph.CachingDirectedGraphWalker.doSearch(CachingDirectedGraphWalker.java:121)
	at org.gradle.internal.graph.CachingDirectedGraphWalker.findValues(CachingDirectedGraphWalker.java:73)
	at org.gradle.api.internal.tasks.CachingTaskDependencyResolveContext.getDependencies(CachingTaskDependencyResolveContext.java:66)
	at org.gradle.execution.plan.TaskDependencyResolver.resolveDependenciesFor(TaskDependencyResolver.java:49)
	at org.gradle.execution.plan.LocalTaskNode.getDependencies(LocalTaskNode.java:148)
	at org.gradle.execution.plan.LocalTaskNode.resolveDependencies(LocalTaskNode.java:122)
	at org.gradle.execution.plan.DefaultExecutionPlan.discoverNodeRelationships(DefaultExecutionPlan.java:183)
	at org.gradle.execution.plan.DefaultExecutionPlan.doAddEntryNodes(DefaultExecutionPlan.java:155)
	at org.gradle.execution.plan.DefaultExecutionPlan.addEntryTasks(DefaultExecutionPlan.java:130)
	at org.gradle.execution.plan.DefaultExecutionPlan.addEntryTasks(DefaultExecutionPlan.java:122)
	at org.gradle.execution.TaskNameResolvingBuildTaskScheduler.scheduleRequestedTasks(TaskNameResolvingBuildTaskScheduler.java:54)
	at org.gradle.execution.DefaultTasksBuildTaskScheduler.scheduleRequestedTasks(DefaultTasksBuildTaskScheduler.java:72)
	at org.gradle.initialization.DefaultTaskExecutionPreparer.lambda$scheduleRequestedTasks$0(DefaultTaskExecutionPreparer.java:46)
	at org.gradle.internal.Factories$1.create(Factories.java:31)
	at org.gradle.internal.work.DefaultWorkerLeaseService.withReplacedLocks(DefaultWorkerLeaseService.java:360)
	at org.gradle.api.internal.project.DefaultProjectStateRegistry$DefaultBuildProjectRegistry.withMutableStateOfAllProjects(DefaultProjectStateRegistry.java:239)
	at org.gradle.api.internal.project.DefaultProjectStateRegistry$DefaultBuildProjectRegistry.withMutableStateOfAllProjects(DefaultProjectStateRegistry.java:232)
	at org.gradle.initialization.DefaultTaskExecutionPreparer.scheduleRequestedTasks(DefaultTaskExecutionPreparer.java:45)
	at org.gradle.initialization.VintageBuildModelController.lambda$scheduleRequestedTasks$0(VintageBuildModelController.java:76)
	at org.gradle.internal.model.StateTransitionController.lambda$inState$1(StateTransitionController.java:99)
	at org.gradle.internal.model.StateTransitionController.lambda$inState$2(StateTransitionController.java:114)
	at org.gradle.internal.work.DefaultSynchronizer.withLock(DefaultSynchronizer.java:44)
	at org.gradle.internal.model.StateTransitionController.inState(StateTransitionController.java:110)
	at org.gradle.internal.model.StateTransitionController.inState(StateTransitionController.java:98)
	at org.gradle.initialization.VintageBuildModelController.scheduleRequestedTasks(VintageBuildModelController.java:76)
	at org.gradle.internal.build.DefaultBuildLifecycleController$DefaultWorkGraphBuilder.addRequestedTasks(DefaultBuildLifecycleController.java:404)
	at org.gradle.internal.buildtree.DefaultBuildTreeWorkPreparer.lambda$scheduleRequestedTasks$0(DefaultBuildTreeWorkPreparer.java:41)
	at org.gradle.internal.build.DefaultBuildLifecycleController.lambda$populateWorkGraph$7(DefaultBuildLifecycleController.java:189)
	at org.gradle.internal.build.DefaultBuildWorkPreparer.populateWorkGraph(DefaultBuildWorkPreparer.java:42)
	at org.gradle.internal.build.BuildOperationFiringBuildWorkPreparer$PopulateWorkGraph.populateTaskGraph(BuildOperationFiringBuildWorkPreparer.java:106)
	at org.gradle.internal.build.BuildOperationFiringBuildWorkPreparer$PopulateWorkGraph.run(BuildOperationFiringBuildWorkPreparer.java:92)
	at org.gradle.internal.operations.DefaultBuildOperationRunner$1.execute(DefaultBuildOperationRunner.java:29)
	at org.gradle.internal.operations.DefaultBuildOperationRunner$1.execute(DefaultBuildOperationRunner.java:26)
	at org.gradle.internal.operations.DefaultBuildOperationRunner$2.execute(DefaultBuildOperationRunner.java:66)
	at org.gradle.internal.operations.DefaultBuildOperationRunner$2.execute(DefaultBuildOperationRunner.java:59)
	at org.gradle.internal.operations.DefaultBuildOperationRunner.execute(DefaultBuildOperationRunner.java:157)
	at org.gradle.internal.operations.DefaultBuildOperationRunner.execute(DefaultBuildOperationRunner.java:59)
	at org.gradle.internal.operations.DefaultBuildOperationRunner.run(DefaultBuildOperationRunner.java:47)
	at org.gradle.internal.operations.DefaultBuildOperationExecutor.run(DefaultBuildOperationExecutor.java:68)
	at org.gradle.internal.build.BuildOperationFiringBuildWorkPreparer.populateWorkGraph(BuildOperationFiringBuildWorkPreparer.java:67)
	at org.gradle.internal.build.DefaultBuildLifecycleController.lambda$populateWorkGraph$8(DefaultBuildLifecycleController.java:189)
	at org.gradle.internal.model.StateTransitionController.lambda$inState$1(StateTransitionController.java:99)
	at org.gradle.internal.model.StateTransitionController.lambda$inState$2(StateTransitionController.java:114)
	at org.gradle.internal.work.DefaultSynchronizer.withLock(DefaultSynchronizer.java:44)
	at org.gradle.internal.model.StateTransitionController.inState(StateTransitionController.java:110)
	at org.gradle.internal.model.StateTransitionController.inState(StateTransitionController.java:98)
	at org.gradle.internal.build.DefaultBuildLifecycleController.populateWorkGraph(DefaultBuildLifecycleController.java:189)
	at org.gradle.internal.build.DefaultBuildWorkGraphController$DefaultBuildWorkGraph.populateWorkGraph(DefaultBuildWorkGraphController.java:169)
	at org.gradle.composite.internal.DefaultBuildController.populateWorkGraph(DefaultBuildController.java:76)
	at org.gradle.composite.internal.DefaultIncludedBuildTaskGraph$DefaultBuildTreeWorkGraphBuilder.withWorkGraph(DefaultIncludedBuildTaskGraph.java:153)
	at org.gradle.internal.buildtree.DefaultBuildTreeWorkPreparer.lambda$scheduleRequestedTasks$1(DefaultBuildTreeWorkPreparer.java:41)
	at org.gradle.composite.internal.DefaultIncludedBuildTaskGraph$DefaultBuildTreeWorkGraph$1.run(DefaultIncludedBuildTaskGraph.java:209)
	at org.gradle.internal.operations.DefaultBuildOperationRunner$1.execute(DefaultBuildOperationRunner.java:29)
	at org.gradle.internal.operations.DefaultBuildOperationRunner$1.execute(DefaultBuildOperationRunner.java:26)
	at org.gradle.internal.operations.DefaultBuildOperationRunner$2.execute(DefaultBuildOperationRunner.java:66)
	at org.gradle.internal.operations.DefaultBuildOperationRunner$2.execute(DefaultBuildOperationRunner.java:59)
	at org.gradle.internal.operations.DefaultBuildOperationRunner.execute(DefaultBuildOperationRunner.java:157)
	at org.gradle.internal.operations.DefaultBuildOperationRunner.execute(DefaultBuildOperationRunner.java:59)
	at org.gradle.internal.operations.DefaultBuildOperationRunner.run(DefaultBuildOperationRunner.java:47)
	at org.gradle.internal.operations.DefaultBuildOperationExecutor.run(DefaultBuildOperationExecutor.java:68)
	at org.gradle.composite.internal.DefaultIncludedBuildTaskGraph$DefaultBuildTreeWorkGraph.scheduleWork(DefaultIncludedBuildTaskGraph.java:204)
	at org.gradle.internal.buildtree.DefaultBuildTreeWorkPreparer.scheduleRequestedTasks(DefaultBuildTreeWorkPreparer.java:37)
	at org.gradle.configurationcache.VintageBuildTreeWorkController$scheduleAndRunRequestedTasks$1.apply(VintageBuildTreeWorkController.kt:36)
	at org.gradle.configurationcache.VintageBuildTreeWorkController$scheduleAndRunRequestedTasks$1.apply(VintageBuildTreeWorkController.kt:35)
	at org.gradle.composite.internal.DefaultIncludedBuildTaskGraph.withNewWorkGraph(DefaultIncludedBuildTaskGraph.java:112)
	at org.gradle.configurationcache.VintageBuildTreeWorkController.scheduleAndRunRequestedTasks(VintageBuildTreeWorkController.kt:35)
	at org.gradle.internal.buildtree.DefaultBuildTreeLifecycleController.lambda$scheduleAndRunTasks$1(DefaultBuildTreeLifecycleController.java:76)
	at org.gradle.internal.buildtree.DefaultBuildTreeLifecycleController.lambda$runBuild$4(DefaultBuildTreeLifecycleController.java:119)
	at org.gradle.internal.model.StateTransitionController.lambda$transition$6(StateTransitionController.java:169)
	at org.gradle.internal.model.StateTransitionController.doTransition(StateTransitionController.java:266)
	at org.gradle.internal.model.StateTransitionController.lambda$transition$7(StateTransitionController.java:169)
	at org.gradle.internal.work.DefaultSynchronizer.withLock(DefaultSynchronizer.java:44)
	at org.gradle.internal.model.StateTransitionController.transition(StateTransitionController.java:169)
	at org.gradle.internal.buildtree.DefaultBuildTreeLifecycleController.runBuild(DefaultBuildTreeLifecycleController.java:116)
	at org.gradle.internal.buildtree.DefaultBuildTreeLifecycleController.scheduleAndRunTasks(DefaultBuildTreeLifecycleController.java:76)
	at org.gradle.internal.buildtree.DefaultBuildTreeLifecycleController.scheduleAndRunTasks(DefaultBuildTreeLifecycleController.java:71)
	at org.gradle.tooling.internal.provider.ExecuteBuildActionRunner.run(ExecuteBuildActionRunner.java:31)
	at org.gradle.launcher.exec.ChainingBuildActionRunner.run(ChainingBuildActionRunner.java:35)
	at org.gradle.internal.buildtree.ProblemReportingBuildActionRunner.run(ProblemReportingBuildActionRunner.java:49)
	at org.gradle.launcher.exec.BuildOutcomeReportingBuildActionRunner.run(BuildOutcomeReportingBuildActionRunner.java:65)
	at org.gradle.tooling.internal.provider.FileSystemWatchingBuildActionRunner.run(FileSystemWatchingBuildActionRunner.java:140)
	at org.gradle.launcher.exec.BuildCompletionNotifyingBuildActionRunner.run(BuildCompletionNotifyingBuildActionRunner.java:41)
	at org.gradle.launcher.exec.RootBuildLifecycleBuildActionExecutor.lambda$execute$0(RootBuildLifecycleBuildActionExecutor.java:40)
	at org.gradle.composite.internal.DefaultRootBuildState.run(DefaultRootBuildState.java:123)
	at org.gradle.launcher.exec.RootBuildLifecycleBuildActionExecutor.execute(RootBuildLifecycleBuildActionExecutor.java:40)
	at org.gradle.internal.buildtree.InitDeprecationLoggingActionExecutor.execute(InitDeprecationLoggingActionExecutor.java:62)
	at org.gradle.internal.buildtree.InitProblems.execute(InitProblems.java:38)
	at org.gradle.internal.buildtree.DefaultBuildTreeContext.execute(DefaultBuildTreeContext.java:40)
	at org.gradle.launcher.exec.BuildTreeLifecycleBuildActionExecutor.lambda$execute$0(BuildTreeLifecycleBuildActionExecutor.java:58)
	at org.gradle.internal.buildtree.BuildTreeState.run(BuildTreeState.java:58)
	at org.gradle.launcher.exec.BuildTreeLifecycleBuildActionExecutor.execute(BuildTreeLifecycleBuildActionExecutor.java:58)
	at org.gradle.launcher.exec.RunAsBuildOperationBuildActionExecutor$3.call(RunAsBuildOperationBuildActionExecutor.java:61)
	at org.gradle.launcher.exec.RunAsBuildOperationBuildActionExecutor$3.call(RunAsBuildOperationBuildActionExecutor.java:57)
	at org.gradle.internal.operations.DefaultBuildOperationRunner$CallableBuildOperationWorker.execute(DefaultBuildOperationRunner.java:204)
	at org.gradle.internal.operations.DefaultBuildOperationRunner$CallableBuildOperationWorker.execute(DefaultBuildOperationRunner.java:199)
	at org.gradle.internal.operations.DefaultBuildOperationRunner$2.execute(DefaultBuildOperationRunner.java:66)
	at org.gradle.internal.operations.DefaultBuildOperationRunner$2.execute(DefaultBuildOperationRunner.java:59)
	at org.gradle.internal.operations.DefaultBuildOperationRunner.execute(DefaultBuildOperationRunner.java:157)
	at org.gradle.internal.operations.DefaultBuildOperationRunner.execute(DefaultBuildOperationRunner.java:59)
	at org.gradle.internal.operations.DefaultBuildOperationRunner.call(DefaultBuildOperationRunner.java:53)
	at org.gradle.internal.operations.DefaultBuildOperationExecutor.call(DefaultBuildOperationExecutor.java:73)
	at org.gradle.launcher.exec.RunAsBuildOperationBuildActionExecutor.execute(RunAsBuildOperationBuildActionExecutor.java:57)
	at org.gradle.launcher.exec.RunAsWorkerThreadBuildActionExecutor.lambda$execute$0(RunAsWorkerThreadBuildActionExecutor.java:36)
	at org.gradle.internal.work.DefaultWorkerLeaseService.withLocks(DefaultWorkerLeaseService.java:264)
	at org.gradle.internal.work.DefaultWorkerLeaseService.runAsWorkerThread(DefaultWorkerLeaseService.java:128)
	at org.gradle.launcher.exec.RunAsWorkerThreadBuildActionExecutor.execute(RunAsWorkerThreadBuildActionExecutor.java:36)
	at org.gradle.tooling.internal.provider.continuous.ContinuousBuildActionExecutor.execute(ContinuousBuildActionExecutor.java:110)
	at org.gradle.tooling.internal.provider.SubscribableBuildActionExecutor.execute(SubscribableBuildActionExecutor.java:64)
	at org.gradle.internal.session.DefaultBuildSessionContext.execute(DefaultBuildSessionContext.java:46)
	at org.gradle.tooling.internal.provider.BuildSessionLifecycleBuildActionExecuter$ActionImpl.apply(BuildSessionLifecycleBuildActionExecuter.java:92)
	at org.gradle.tooling.internal.provider.BuildSessionLifecycleBuildActionExecuter$ActionImpl.apply(BuildSessionLifecycleBuildActionExecuter.java:80)
	at org.gradle.internal.session.BuildSessionState.run(BuildSessionState.java:69)
	at org.gradle.tooling.internal.provider.BuildSessionLifecycleBuildActionExecuter.execute(BuildSessionLifecycleBuildActionExecuter.java:62)
	at org.gradle.tooling.internal.provider.BuildSessionLifecycleBuildActionExecuter.execute(BuildSessionLifecycleBuildActionExecuter.java:41)
	at org.gradle.tooling.internal.provider.StartParamsValidatingActionExecuter.execute(StartParamsValidatingActionExecuter.java:64)
	at org.gradle.tooling.internal.provider.StartParamsValidatingActionExecuter.execute(StartParamsValidatingActionExecuter.java:32)
	at org.gradle.tooling.internal.provider.SessionFailureReportingActionExecuter.execute(SessionFailureReportingActionExecuter.java:51)
	at org.gradle.tooling.internal.provider.SessionFailureReportingActionExecuter.execute(SessionFailureReportingActionExecuter.java:39)
	at org.gradle.tooling.internal.provider.SetupLoggingActionExecuter.execute(SetupLoggingActionExecuter.java:47)
	at org.gradle.tooling.internal.provider.SetupLoggingActionExecuter.execute(SetupLoggingActionExecuter.java:31)
	at org.gradle.launcher.daemon.server.exec.ExecuteBuild.doBuild(ExecuteBuild.java:65)
	at org.gradle.launcher.daemon.server.exec.BuildCommandOnly.execute(BuildCommandOnly.java:37)
	at org.gradle.launcher.daemon.server.api.DaemonCommandExecution.proceed(DaemonCommandExecution.java:104)
	at org.gradle.launcher.daemon.server.exec.WatchForDisconnection.execute(WatchForDisconnection.java:39)
	at org.gradle.launcher.daemon.server.api.DaemonCommandExecution.proceed(DaemonCommandExecution.java:104)
	at org.gradle.launcher.daemon.server.exec.ResetDeprecationLogger.execute(ResetDeprecationLogger.java:29)
	at org.gradle.launcher.daemon.server.api.DaemonCommandExecution.proceed(DaemonCommandExecution.java:104)
	at org.gradle.launcher.daemon.server.exec.RequestStopIfSingleUsedDaemon.execute(RequestStopIfSingleUsedDaemon.java:35)
	at org.gradle.launcher.daemon.server.api.DaemonCommandExecution.proceed(DaemonCommandExecution.java:104)
	at org.gradle.launcher.daemon.server.exec.ForwardClientInput$2.create(ForwardClientInput.java:78)
	at org.gradle.launcher.daemon.server.exec.ForwardClientInput$2.create(ForwardClientInput.java:75)
	at org.gradle.util.internal.Swapper.swap(Swapper.java:38)
	at org.gradle.launcher.daemon.server.exec.ForwardClientInput.execute(ForwardClientInput.java:75)
	at org.gradle.launcher.daemon.server.api.DaemonCommandExecution.proceed(DaemonCommandExecution.java:104)
	at org.gradle.launcher.daemon.server.exec.LogAndCheckHealth.execute(LogAndCheckHealth.java:64)
	at org.gradle.launcher.daemon.server.api.DaemonCommandExecution.proceed(DaemonCommandExecution.java:104)
	at org.gradle.launcher.daemon.server.exec.LogToClient.doBuild(LogToClient.java:63)
	at org.gradle.launcher.daemon.server.exec.BuildCommandOnly.execute(BuildCommandOnly.java:37)
	at org.gradle.launcher.daemon.server.api.DaemonCommandExecution.proceed(DaemonCommandExecution.java:104)
	at org.gradle.launcher.daemon.server.exec.EstablishBuildEnvironment.doBuild(EstablishBuildEnvironment.java:84)
	at org.gradle.launcher.daemon.server.exec.BuildCommandOnly.execute(BuildCommandOnly.java:37)
	at org.gradle.launcher.daemon.server.api.DaemonCommandExecution.proceed(DaemonCommandExecution.java:104)
	at org.gradle.launcher.daemon.server.exec.StartBuildOrRespondWithBusy$1.run(StartBuildOrRespondWithBusy.java:52)
	at org.gradle.launcher.daemon.server.DaemonStateCoordinator$1.run(DaemonStateCoordinator.java:297)
	at org.gradle.internal.concurrent.ExecutorPolicy$CatchAndRecordFailures.onExecute(ExecutorPolicy.java:64)
	at org.gradle.internal.concurrent.AbstractManagedExecutor$1.run(AbstractManagedExecutor.java:47)
	at java.base/java.util.concurrent.ThreadPoolExecutor.runWorker(ThreadPoolExecutor.java:1136)
	at java.base/java.util.concurrent.ThreadPoolExecutor$Worker.run(ThreadPoolExecutor.java:635)
	at java.base/java.lang.Thread.run(Thread.java:840)
[gradle-intellij-plugin :] Cannot create plugin from file '/opt/android-studio/plugins/cidr-clangFormat-plugin': Invalid plugin descriptor 'plugin.xml'. Unable to read the plugin descriptor: No enum constant com.jetbrains.plugin.structure.intellij.plugin.IdePluginContentDescriptor.ServiceType.APPLİCATİON.
Unable to read descriptor [plugin.xml] from [/opt/android-studio/plugins/cidr-debugger-plugin/lib/cidr-debugger-plugin.jar]
java.lang.IllegalArgumentException: No enum constant com.jetbrains.plugin.structure.intellij.plugin.IdePluginContentDescriptor.ServiceType.APPLİCATİON
	at java.base/java.lang.Enum.valueOf(Enum.java:273)
	at com.jetbrains.plugin.structure.intellij.plugin.IdePluginContentDescriptor$ServiceType.valueOf(IdePluginContents.kt)
	at com.jetbrains.plugin.structure.intellij.plugin.PluginCreator.readServiceDescriptor(PluginCreator.kt:406)
	at com.jetbrains.plugin.structure.intellij.plugin.PluginCreator.readExtensions(PluginCreator.kt:341)
	at com.jetbrains.plugin.structure.intellij.plugin.PluginCreator.setInfoFromBean(PluginCreator.kt:320)
	at com.jetbrains.plugin.structure.intellij.plugin.PluginCreator.resolveDocumentAndValidateBean(PluginCreator.kt:664)
	at com.jetbrains.plugin.structure.intellij.plugin.PluginCreator.access$resolveDocumentAndValidateBean(PluginCreator.kt:31)
	at com.jetbrains.plugin.structure.intellij.plugin.PluginCreator$Companion.createPlugin(PluginCreator.kt:109)
	at com.jetbrains.plugin.structure.intellij.plugin.IdePluginManager.loadPluginInfoFromJarFile(IdePluginManager.kt:62)
	at com.jetbrains.plugin.structure.intellij.plugin.IdePluginManager.loadPluginInfoFromLibDirectory(IdePluginManager.kt:165)
	at com.jetbrains.plugin.structure.intellij.plugin.IdePluginManager.loadPluginInfoFromDirectory(IdePluginManager.kt:97)
	at com.jetbrains.plugin.structure.intellij.plugin.IdePluginManager.loadPluginInfoFromJarOrDirectory(IdePluginManager.kt:206)
	at com.jetbrains.plugin.structure.intellij.plugin.IdePluginManager.getPluginCreatorWithResult(IdePluginManager.kt:347)
	at com.jetbrains.plugin.structure.intellij.plugin.IdePluginManager.createPlugin(IdePluginManager.kt:314)
	at com.jetbrains.plugin.structure.intellij.plugin.IdePluginManager.createPlugin$default(IdePluginManager.kt:312)
	at org.jetbrains.intellij.Utils.createPlugin(utils.kt:222)
	at org.jetbrains.intellij.dependency.BuiltinPluginsRegistry.add(BuiltinPluginsRegistry.kt:89)
	at org.jetbrains.intellij.dependency.BuiltinPluginsRegistry.fillFromDirectory(BuiltinPluginsRegistry.kt:47)
	at org.jetbrains.intellij.dependency.BuiltinPluginsRegistry.access$fillFromDirectory(BuiltinPluginsRegistry.kt:21)
	at org.jetbrains.intellij.dependency.BuiltinPluginsRegistry$Companion.fromDirectory(BuiltinPluginsRegistry.kt:127)
	at org.jetbrains.intellij.dependency.IdeaDependencyManager.createDependency(IdeaDependencyManager.kt:92)
	at org.jetbrains.intellij.dependency.IdeaDependencyManager.resolveLocal(IdeaDependencyManager.kt:430)
	at org.jetbrains.intellij.IntelliJPlugin$prepareIdeaDependencyProvider$1.call(IntelliJPlugin.kt:299)
	at org.jetbrains.intellij.IntelliJPlugin$prepareIdeaDependencyProvider$1.call(IntelliJPlugin.kt:266)
	at org.gradle.api.internal.provider.DefaultProvider.calculateOwnValue(DefaultProvider.java:72)
	at org.gradle.api.internal.provider.AbstractMinimalProvider.calculateValue(AbstractMinimalProvider.java:115)
	at org.gradle.api.internal.provider.TransformBackedProvider.calculateOwnValue(TransformBackedProvider.java:82)
	at org.gradle.api.internal.provider.AbstractMinimalProvider.calculateValue(AbstractMinimalProvider.java:115)
	at org.gradle.api.internal.provider.AbstractMinimalProvider.withFinalValue(AbstractMinimalProvider.java:168)
	at org.gradle.api.internal.provider.DefaultProperty.finalValue(DefaultProperty.java:133)
	at org.gradle.api.internal.provider.DefaultProperty.finalValue(DefaultProperty.java:26)
	at org.gradle.api.internal.provider.AbstractProperty.finalizeNow(AbstractProperty.java:245)
	at org.gradle.api.internal.provider.AbstractProperty.beforeRead(AbstractProperty.java:239)
	at org.gradle.api.internal.provider.AbstractProperty.calculateOwnValue(AbstractProperty.java:135)
	at org.gradle.api.internal.provider.AbstractMinimalProvider.calculateValue(AbstractMinimalProvider.java:115)
	at org.gradle.api.internal.provider.TransformBackedProvider.calculateOwnValue(TransformBackedProvider.java:82)
	at org.gradle.api.internal.provider.AbstractMinimalProvider.calculateValue(AbstractMinimalProvider.java:115)
	at org.gradle.api.internal.provider.TransformBackedProvider.calculateOwnValue(TransformBackedProvider.java:82)
	at org.gradle.api.internal.provider.AbstractMinimalProvider.calculateValue(AbstractMinimalProvider.java:115)
	at org.gradle.api.internal.provider.DefaultProperty.calculateValueFrom(DefaultProperty.java:128)
	at org.gradle.api.internal.provider.DefaultProperty.calculateValueFrom(DefaultProperty.java:26)
	at org.gradle.api.internal.provider.AbstractProperty.doCalculateValue(AbstractProperty.java:142)
	at org.gradle.api.internal.provider.AbstractProperty.calculateOwnValue(AbstractProperty.java:136)
	at org.gradle.api.internal.provider.AbstractMinimalProvider.getOrNull(AbstractMinimalProvider.java:105)
	at org.jetbrains.intellij.IntelliJPlugin$prepareConventionMappingsForRunIdeTask$8.call(IntelliJPlugin.kt:963)
	at org.jetbrains.intellij.IntelliJPlugin$prepareConventionMappingsForRunIdeTask$8.call(IntelliJPlugin.kt:958)
	at org.gradle.api.internal.provider.DefaultProvider.calculateOwnValue(DefaultProvider.java:72)
	at org.gradle.api.internal.provider.AbstractMinimalProvider.calculateValue(AbstractMinimalProvider.java:115)
	at org.gradle.api.internal.provider.TransformBackedProvider.calculateOwnValue(TransformBackedProvider.java:82)
	at org.gradle.api.internal.provider.AbstractMinimalProvider.calculateValue(AbstractMinimalProvider.java:115)
	at org.gradle.api.internal.provider.DefaultProperty.calculateValueFrom(DefaultProperty.java:128)
	at org.gradle.api.internal.provider.DefaultProperty.calculateValueFrom(DefaultProperty.java:26)
	at org.gradle.api.internal.provider.AbstractProperty.doCalculateValue(AbstractProperty.java:142)
	at org.gradle.api.internal.provider.AbstractProperty.calculateOwnValue(AbstractProperty.java:136)
	at org.gradle.api.internal.provider.AbstractMinimalProvider.calculateOwnPresentValue(AbstractMinimalProvider.java:80)
	at org.gradle.api.internal.provider.AbstractMinimalProvider.get(AbstractMinimalProvider.java:100)
	at org.jetbrains.intellij.tasks.RunIdeBase.getExecutable(RunIdeBase.kt:202)
	at org.jetbrains.intellij.tasks.BuildSearchableOptionsTask_Decorated.getExecutable(Unknown Source)
	at org.gradle.api.tasks.internal.JavaExecExecutableUtils.getExecutableOverrideToolchainSpec(JavaExecExecutableUtils.java:30)
	at org.gradle.api.tasks.JavaExec.lambda$new$0(JavaExec.java:144)
	at org.gradle.api.internal.provider.DefaultProvider.calculateOwnValue(DefaultProvider.java:72)
	at org.gradle.api.internal.provider.AbstractMinimalProvider.calculateValue(AbstractMinimalProvider.java:115)
	at org.gradle.api.internal.provider.FlatMapProvider.calculateOwnValue(FlatMapProvider.java:46)
	at org.gradle.api.internal.provider.AbstractMinimalProvider.calculateValue(AbstractMinimalProvider.java:115)
	at org.gradle.api.internal.provider.OrElseProvider.calculateOwnValue(OrElseProvider.java:76)
	at org.gradle.api.internal.provider.AbstractMinimalProvider.calculateValue(AbstractMinimalProvider.java:115)
	at org.gradle.api.internal.provider.TransformBackedProvider.calculateOwnValue(TransformBackedProvider.java:82)
	at org.gradle.api.internal.provider.AbstractMinimalProvider.calculateValue(AbstractMinimalProvider.java:115)
	at org.gradle.api.internal.provider.AbstractMinimalProvider.withFinalValue(AbstractMinimalProvider.java:168)
	at org.gradle.api.internal.provider.DefaultProperty.finalValue(DefaultProperty.java:133)
	at org.gradle.api.internal.provider.DefaultProperty.finalValue(DefaultProperty.java:26)
	at org.gradle.api.internal.provider.AbstractProperty.finalizeNow(AbstractProperty.java:245)
	at org.gradle.api.internal.provider.AbstractProperty.beforeRead(AbstractProperty.java:239)
	at org.gradle.api.internal.provider.AbstractProperty.calculateOwnValue(AbstractProperty.java:135)
	at org.gradle.api.internal.provider.AbstractMinimalProvider.getOrNull(AbstractMinimalProvider.java:105)
	at org.gradle.internal.properties.annotations.AbstractTypeMetadataWalker$InstanceTypeMetadataWalker.lambda$walkNestedProvider$0(AbstractTypeMetadataWalker.java:137)
	at org.gradle.internal.properties.annotations.AbstractTypeMetadataWalker$InstanceTypeMetadataWalker.walkNestedChild(AbstractTypeMetadataWalker.java:184)
	at org.gradle.internal.properties.annotations.AbstractTypeMetadataWalker$InstanceTypeMetadataWalker.walkNestedProvider(AbstractTypeMetadataWalker.java:136)
	at org.gradle.internal.properties.annotations.AbstractTypeMetadataWalker$InstanceTypeMetadataWalker.walkNestedProvider(AbstractTypeMetadataWalker.java:118)
	at org.gradle.internal.properties.annotations.AbstractTypeMetadataWalker.walkNested(AbstractTypeMetadataWalker.java:60)
	at org.gradle.internal.properties.annotations.AbstractTypeMetadataWalker.lambda$walkChildren$3(AbstractTypeMetadataWalker.java:85)
	at org.gradle.internal.properties.annotations.AbstractTypeMetadataWalker$InstanceTypeMetadataWalker.walkNestedChild(AbstractTypeMetadataWalker.java:190)
	at org.gradle.internal.properties.annotations.AbstractTypeMetadataWalker$InstanceTypeMetadataWalker.walkNestedChild(AbstractTypeMetadataWalker.java:171)
	at org.gradle.internal.properties.annotations.AbstractTypeMetadataWalker$InstanceTypeMetadataWalker.walkNestedChild(AbstractTypeMetadataWalker.java:118)
	at org.gradle.internal.properties.annotations.AbstractTypeMetadataWalker.lambda$walkChildren$4(AbstractTypeMetadataWalker.java:85)
	at java.base/java.lang.Iterable.forEach(Iterable.java:75)
	at org.gradle.internal.properties.annotations.AbstractTypeMetadataWalker.walkChildren(AbstractTypeMetadataWalker.java:83)
	at org.gradle.internal.properties.annotations.AbstractTypeMetadataWalker.walk(AbstractTypeMetadataWalker.java:53)
	at org.gradle.internal.properties.bean.DefaultPropertyWalker.visitProperties(DefaultPropertyWalker.java:65)
	at org.gradle.api.internal.tasks.TaskPropertyUtils.visitAnnotatedProperties(TaskPropertyUtils.java:58)
	at org.gradle.api.internal.tasks.TaskPropertyUtils.visitProperties(TaskPropertyUtils.java:45)
	at org.gradle.api.internal.tasks.TaskPropertyUtils.visitProperties(TaskPropertyUtils.java:35)
	at org.gradle.api.internal.tasks.DefaultTaskInputs.visitDependencies(DefaultTaskInputs.java:195)
	at org.gradle.api.internal.tasks.DefaultTaskDependency.visitDependencies(DefaultTaskDependency.java:112)
	at org.gradle.api.internal.tasks.CachingTaskDependencyResolveContext$TaskGraphImpl.getNodeValues(CachingTaskDependencyResolveContext.java:103)
	at org.gradle.internal.graph.CachingDirectedGraphWalker$GraphWithEmptyEdges.getNodeValues(CachingDirectedGraphWalker.java:213)
	at org.gradle.internal.graph.CachingDirectedGraphWalker.doSearch(CachingDirectedGraphWalker.java:121)
	at org.gradle.internal.graph.CachingDirectedGraphWalker.findValues(CachingDirectedGraphWalker.java:73)
	at org.gradle.api.internal.tasks.CachingTaskDependencyResolveContext.getDependencies(CachingTaskDependencyResolveContext.java:66)
	at org.gradle.execution.plan.TaskDependencyResolver.resolveDependenciesFor(TaskDependencyResolver.java:49)
	at org.gradle.execution.plan.LocalTaskNode.getDependencies(LocalTaskNode.java:148)
	at org.gradle.execution.plan.LocalTaskNode.resolveDependencies(LocalTaskNode.java:122)
	at org.gradle.execution.plan.DefaultExecutionPlan.discoverNodeRelationships(DefaultExecutionPlan.java:183)
	at org.gradle.execution.plan.DefaultExecutionPlan.doAddEntryNodes(DefaultExecutionPlan.java:155)
	at org.gradle.execution.plan.DefaultExecutionPlan.addEntryTasks(DefaultExecutionPlan.java:130)
	at org.gradle.execution.plan.DefaultExecutionPlan.addEntryTasks(DefaultExecutionPlan.java:122)
	at org.gradle.execution.TaskNameResolvingBuildTaskScheduler.scheduleRequestedTasks(TaskNameResolvingBuildTaskScheduler.java:54)
	at org.gradle.execution.DefaultTasksBuildTaskScheduler.scheduleRequestedTasks(DefaultTasksBuildTaskScheduler.java:72)
	at org.gradle.initialization.DefaultTaskExecutionPreparer.lambda$scheduleRequestedTasks$0(DefaultTaskExecutionPreparer.java:46)
	at org.gradle.internal.Factories$1.create(Factories.java:31)
	at org.gradle.internal.work.DefaultWorkerLeaseService.withReplacedLocks(DefaultWorkerLeaseService.java:360)
	at org.gradle.api.internal.project.DefaultProjectStateRegistry$DefaultBuildProjectRegistry.withMutableStateOfAllProjects(DefaultProjectStateRegistry.java:239)
	at org.gradle.api.internal.project.DefaultProjectStateRegistry$DefaultBuildProjectRegistry.withMutableStateOfAllProjects(DefaultProjectStateRegistry.java:232)
	at org.gradle.initialization.DefaultTaskExecutionPreparer.scheduleRequestedTasks(DefaultTaskExecutionPreparer.java:45)
	at org.gradle.initialization.VintageBuildModelController.lambda$scheduleRequestedTasks$0(VintageBuildModelController.java:76)
	at org.gradle.internal.model.StateTransitionController.lambda$inState$1(StateTransitionController.java:99)
	at org.gradle.internal.model.StateTransitionController.lambda$inState$2(StateTransitionController.java:114)
	at org.gradle.internal.work.DefaultSynchronizer.withLock(DefaultSynchronizer.java:44)
	at org.gradle.internal.model.StateTransitionController.inState(StateTransitionController.java:110)
	at org.gradle.internal.model.StateTransitionController.inState(StateTransitionController.java:98)
	at org.gradle.initialization.VintageBuildModelController.scheduleRequestedTasks(VintageBuildModelController.java:76)
	at org.gradle.internal.build.DefaultBuildLifecycleController$DefaultWorkGraphBuilder.addRequestedTasks(DefaultBuildLifecycleController.java:404)
	at org.gradle.internal.buildtree.DefaultBuildTreeWorkPreparer.lambda$scheduleRequestedTasks$0(DefaultBuildTreeWorkPreparer.java:41)
	at org.gradle.internal.build.DefaultBuildLifecycleController.lambda$populateWorkGraph$7(DefaultBuildLifecycleController.java:189)
	at org.gradle.internal.build.DefaultBuildWorkPreparer.populateWorkGraph(DefaultBuildWorkPreparer.java:42)
	at org.gradle.internal.build.BuildOperationFiringBuildWorkPreparer$PopulateWorkGraph.populateTaskGraph(BuildOperationFiringBuildWorkPreparer.java:106)
	at org.gradle.internal.build.BuildOperationFiringBuildWorkPreparer$PopulateWorkGraph.run(BuildOperationFiringBuildWorkPreparer.java:92)
	at org.gradle.internal.operations.DefaultBuildOperationRunner$1.execute(DefaultBuildOperationRunner.java:29)
	at org.gradle.internal.operations.DefaultBuildOperationRunner$1.execute(DefaultBuildOperationRunner.java:26)
	at org.gradle.internal.operations.DefaultBuildOperationRunner$2.execute(DefaultBuildOperationRunner.java:66)
	at org.gradle.internal.operations.DefaultBuildOperationRunner$2.execute(DefaultBuildOperationRunner.java:59)
	at org.gradle.internal.operations.DefaultBuildOperationRunner.execute(DefaultBuildOperationRunner.java:157)
	at org.gradle.internal.operations.DefaultBuildOperationRunner.execute(DefaultBuildOperationRunner.java:59)
	at org.gradle.internal.operations.DefaultBuildOperationRunner.run(DefaultBuildOperationRunner.java:47)
	at org.gradle.internal.operations.DefaultBuildOperationExecutor.run(DefaultBuildOperationExecutor.java:68)
	at org.gradle.internal.build.BuildOperationFiringBuildWorkPreparer.populateWorkGraph(BuildOperationFiringBuildWorkPreparer.java:67)
	at org.gradle.internal.build.DefaultBuildLifecycleController.lambda$populateWorkGraph$8(DefaultBuildLifecycleController.java:189)
	at org.gradle.internal.model.StateTransitionController.lambda$inState$1(StateTransitionController.java:99)
	at org.gradle.internal.model.StateTransitionController.lambda$inState$2(StateTransitionController.java:114)
	at org.gradle.internal.work.DefaultSynchronizer.withLock(DefaultSynchronizer.java:44)
	at org.gradle.internal.model.StateTransitionController.inState(StateTransitionController.java:110)
	at org.gradle.internal.model.StateTransitionController.inState(StateTransitionController.java:98)
	at org.gradle.internal.build.DefaultBuildLifecycleController.populateWorkGraph(DefaultBuildLifecycleController.java:189)
	at org.gradle.internal.build.DefaultBuildWorkGraphController$DefaultBuildWorkGraph.populateWorkGraph(DefaultBuildWorkGraphController.java:169)
	at org.gradle.composite.internal.DefaultBuildController.populateWorkGraph(DefaultBuildController.java:76)
	at org.gradle.composite.internal.DefaultIncludedBuildTaskGraph$DefaultBuildTreeWorkGraphBuilder.withWorkGraph(DefaultIncludedBuildTaskGraph.java:153)
	at org.gradle.internal.buildtree.DefaultBuildTreeWorkPreparer.lambda$scheduleRequestedTasks$1(DefaultBuildTreeWorkPreparer.java:41)
	at org.gradle.composite.internal.DefaultIncludedBuildTaskGraph$DefaultBuildTreeWorkGraph$1.run(DefaultIncludedBuildTaskGraph.java:209)
	at org.gradle.internal.operations.DefaultBuildOperationRunner$1.execute(DefaultBuildOperationRunner.java:29)
	at org.gradle.internal.operations.DefaultBuildOperationRunner$1.execute(DefaultBuildOperationRunner.java:26)
	at org.gradle.internal.operations.DefaultBuildOperationRunner$2.execute(DefaultBuildOperationRunner.java:66)
	at org.gradle.internal.operations.DefaultBuildOperationRunner$2.execute(DefaultBuildOperationRunner.java:59)
	at org.gradle.internal.operations.DefaultBuildOperationRunner.execute(DefaultBuildOperationRunner.java:157)
	at org.gradle.internal.operations.DefaultBuildOperationRunner.execute(DefaultBuildOperationRunner.java:59)
	at org.gradle.internal.operations.DefaultBuildOperationRunner.run(DefaultBuildOperationRunner.java:47)
	at org.gradle.internal.operations.DefaultBuildOperationExecutor.run(DefaultBuildOperationExecutor.java:68)
	at org.gradle.composite.internal.DefaultIncludedBuildTaskGraph$DefaultBuildTreeWorkGraph.scheduleWork(DefaultIncludedBuildTaskGraph.java:204)
	at org.gradle.internal.buildtree.DefaultBuildTreeWorkPreparer.scheduleRequestedTasks(DefaultBuildTreeWorkPreparer.java:37)
	at org.gradle.configurationcache.VintageBuildTreeWorkController$scheduleAndRunRequestedTasks$1.apply(VintageBuildTreeWorkController.kt:36)
	at org.gradle.configurationcache.VintageBuildTreeWorkController$scheduleAndRunRequestedTasks$1.apply(VintageBuildTreeWorkController.kt:35)
	at org.gradle.composite.internal.DefaultIncludedBuildTaskGraph.withNewWorkGraph(DefaultIncludedBuildTaskGraph.java:112)
	at org.gradle.configurationcache.VintageBuildTreeWorkController.scheduleAndRunRequestedTasks(VintageBuildTreeWorkController.kt:35)
	at org.gradle.internal.buildtree.DefaultBuildTreeLifecycleController.lambda$scheduleAndRunTasks$1(DefaultBuildTreeLifecycleController.java:76)
	at org.gradle.internal.buildtree.DefaultBuildTreeLifecycleController.lambda$runBuild$4(DefaultBuildTreeLifecycleController.java:119)
	at org.gradle.internal.model.StateTransitionController.lambda$transition$6(StateTransitionController.java:169)
	at org.gradle.internal.model.StateTransitionController.doTransition(StateTransitionController.java:266)
	at org.gradle.internal.model.StateTransitionController.lambda$transition$7(StateTransitionController.java:169)
	at org.gradle.internal.work.DefaultSynchronizer.withLock(DefaultSynchronizer.java:44)
	at org.gradle.internal.model.StateTransitionController.transition(StateTransitionController.java:169)
	at org.gradle.internal.buildtree.DefaultBuildTreeLifecycleController.runBuild(DefaultBuildTreeLifecycleController.java:116)
	at org.gradle.internal.buildtree.DefaultBuildTreeLifecycleController.scheduleAndRunTasks(DefaultBuildTreeLifecycleController.java:76)
	at org.gradle.internal.buildtree.DefaultBuildTreeLifecycleController.scheduleAndRunTasks(DefaultBuildTreeLifecycleController.java:71)
	at org.gradle.tooling.internal.provider.ExecuteBuildActionRunner.run(ExecuteBuildActionRunner.java:31)
	at org.gradle.launcher.exec.ChainingBuildActionRunner.run(ChainingBuildActionRunner.java:35)
	at org.gradle.internal.buildtree.ProblemReportingBuildActionRunner.run(ProblemReportingBuildActionRunner.java:49)
	at org.gradle.launcher.exec.BuildOutcomeReportingBuildActionRunner.run(BuildOutcomeReportingBuildActionRunner.java:65)
	at org.gradle.tooling.internal.provider.FileSystemWatchingBuildActionRunner.run(FileSystemWatchingBuildActionRunner.java:140)
	at org.gradle.launcher.exec.BuildCompletionNotifyingBuildActionRunner.run(BuildCompletionNotifyingBuildActionRunner.java:41)
	at org.gradle.launcher.exec.RootBuildLifecycleBuildActionExecutor.lambda$execute$0(RootBuildLifecycleBuildActionExecutor.java:40)
	at org.gradle.composite.internal.DefaultRootBuildState.run(DefaultRootBuildState.java:123)
	at org.gradle.launcher.exec.RootBuildLifecycleBuildActionExecutor.execute(RootBuildLifecycleBuildActionExecutor.java:40)
	at org.gradle.internal.buildtree.InitDeprecationLoggingActionExecutor.execute(InitDeprecationLoggingActionExecutor.java:62)
	at org.gradle.internal.buildtree.InitProblems.execute(InitProblems.java:38)
	at org.gradle.internal.buildtree.DefaultBuildTreeContext.execute(DefaultBuildTreeContext.java:40)
	at org.gradle.launcher.exec.BuildTreeLifecycleBuildActionExecutor.lambda$execute$0(BuildTreeLifecycleBuildActionExecutor.java:58)
	at org.gradle.internal.buildtree.BuildTreeState.run(BuildTreeState.java:58)
	at org.gradle.launcher.exec.BuildTreeLifecycleBuildActionExecutor.execute(BuildTreeLifecycleBuildActionExecutor.java:58)
	at org.gradle.launcher.exec.RunAsBuildOperationBuildActionExecutor$3.call(RunAsBuildOperationBuildActionExecutor.java:61)
	at org.gradle.launcher.exec.RunAsBuildOperationBuildActionExecutor$3.call(RunAsBuildOperationBuildActionExecutor.java:57)
	at org.gradle.internal.operations.DefaultBuildOperationRunner$CallableBuildOperationWorker.execute(DefaultBuildOperationRunner.java:204)
	at org.gradle.internal.operations.DefaultBuildOperationRunner$CallableBuildOperationWorker.execute(DefaultBuildOperationRunner.java:199)
	at org.gradle.internal.operations.DefaultBuildOperationRunner$2.execute(DefaultBuildOperationRunner.java:66)
	at org.gradle.internal.operations.DefaultBuildOperationRunner$2.execute(DefaultBuildOperationRunner.java:59)
	at org.gradle.internal.operations.DefaultBuildOperationRunner.execute(DefaultBuildOperationRunner.java:157)
	at org.gradle.internal.operations.DefaultBuildOperationRunner.execute(DefaultBuildOperationRunner.java:59)
	at org.gradle.internal.operations.DefaultBuildOperationRunner.call(DefaultBuildOperationRunner.java:53)
	at org.gradle.internal.operations.DefaultBuildOperationExecutor.call(DefaultBuildOperationExecutor.java:73)
	at org.gradle.launcher.exec.RunAsBuildOperationBuildActionExecutor.execute(RunAsBuildOperationBuildActionExecutor.java:57)
	at org.gradle.launcher.exec.RunAsWorkerThreadBuildActionExecutor.lambda$execute$0(RunAsWorkerThreadBuildActionExecutor.java:36)
	at org.gradle.internal.work.DefaultWorkerLeaseService.withLocks(DefaultWorkerLeaseService.java:264)
	at org.gradle.internal.work.DefaultWorkerLeaseService.runAsWorkerThread(DefaultWorkerLeaseService.java:128)
	at org.gradle.launcher.exec.RunAsWorkerThreadBuildActionExecutor.execute(RunAsWorkerThreadBuildActionExecutor.java:36)
	at org.gradle.tooling.internal.provider.continuous.ContinuousBuildActionExecutor.execute(ContinuousBuildActionExecutor.java:110)
	at org.gradle.tooling.internal.provider.SubscribableBuildActionExecutor.execute(SubscribableBuildActionExecutor.java:64)
	at org.gradle.internal.session.DefaultBuildSessionContext.execute(DefaultBuildSessionContext.java:46)
	at org.gradle.tooling.internal.provider.BuildSessionLifecycleBuildActionExecuter$ActionImpl.apply(BuildSessionLifecycleBuildActionExecuter.java:92)
	at org.gradle.tooling.internal.provider.BuildSessionLifecycleBuildActionExecuter$ActionImpl.apply(BuildSessionLifecycleBuildActionExecuter.java:80)
	at org.gradle.internal.session.BuildSessionState.run(BuildSessionState.java:69)
	at org.gradle.tooling.internal.provider.BuildSessionLifecycleBuildActionExecuter.execute(BuildSessionLifecycleBuildActionExecuter.java:62)
	at org.gradle.tooling.internal.provider.BuildSessionLifecycleBuildActionExecuter.execute(BuildSessionLifecycleBuildActionExecuter.java:41)
	at org.gradle.tooling.internal.provider.StartParamsValidatingActionExecuter.execute(StartParamsValidatingActionExecuter.java:64)
	at org.gradle.tooling.internal.provider.StartParamsValidatingActionExecuter.execute(StartParamsValidatingActionExecuter.java:32)
	at org.gradle.tooling.internal.provider.SessionFailureReportingActionExecuter.execute(SessionFailureReportingActionExecuter.java:51)
	at org.gradle.tooling.internal.provider.SessionFailureReportingActionExecuter.execute(SessionFailureReportingActionExecuter.java:39)
	at org.gradle.tooling.internal.provider.SetupLoggingActionExecuter.execute(SetupLoggingActionExecuter.java:47)
	at org.gradle.tooling.internal.provider.SetupLoggingActionExecuter.execute(SetupLoggingActionExecuter.java:31)
	at org.gradle.launcher.daemon.server.exec.ExecuteBuild.doBuild(ExecuteBuild.java:65)
	at org.gradle.launcher.daemon.server.exec.BuildCommandOnly.execute(BuildCommandOnly.java:37)
	at org.gradle.launcher.daemon.server.api.DaemonCommandExecution.proceed(DaemonCommandExecution.java:104)
	at org.gradle.launcher.daemon.server.exec.WatchForDisconnection.execute(WatchForDisconnection.java:39)
	at org.gradle.launcher.daemon.server.api.DaemonCommandExecution.proceed(DaemonCommandExecution.java:104)
	at org.gradle.launcher.daemon.server.exec.ResetDeprecationLogger.execute(ResetDeprecationLogger.java:29)
	at org.gradle.launcher.daemon.server.api.DaemonCommandExecution.proceed(DaemonCommandExecution.java:104)
	at org.gradle.launcher.daemon.server.exec.RequestStopIfSingleUsedDaemon.execute(RequestStopIfSingleUsedDaemon.java:35)
	at org.gradle.launcher.daemon.server.api.DaemonCommandExecution.proceed(DaemonCommandExecution.java:104)
	at org.gradle.launcher.daemon.server.exec.ForwardClientInput$2.create(ForwardClientInput.java:78)
	at org.gradle.launcher.daemon.server.exec.ForwardClientInput$2.create(ForwardClientInput.java:75)
	at org.gradle.util.internal.Swapper.swap(Swapper.java:38)
	at org.gradle.launcher.daemon.server.exec.ForwardClientInput.execute(ForwardClientInput.java:75)
	at org.gradle.launcher.daemon.server.api.DaemonCommandExecution.proceed(DaemonCommandExecution.java:104)
	at org.gradle.launcher.daemon.server.exec.LogAndCheckHealth.execute(LogAndCheckHealth.java:64)
	at org.gradle.launcher.daemon.server.api.DaemonCommandExecution.proceed(DaemonCommandExecution.java:104)
	at org.gradle.launcher.daemon.server.exec.LogToClient.doBuild(LogToClient.java:63)
	at org.gradle.launcher.daemon.server.exec.BuildCommandOnly.execute(BuildCommandOnly.java:37)
	at org.gradle.launcher.daemon.server.api.DaemonCommandExecution.proceed(DaemonCommandExecution.java:104)
	at org.gradle.launcher.daemon.server.exec.EstablishBuildEnvironment.doBuild(EstablishBuildEnvironment.java:84)
	at org.gradle.launcher.daemon.server.exec.BuildCommandOnly.execute(BuildCommandOnly.java:37)
	at org.gradle.launcher.daemon.server.api.DaemonCommandExecution.proceed(DaemonCommandExecution.java:104)
	at org.gradle.launcher.daemon.server.exec.StartBuildOrRespondWithBusy$1.run(StartBuildOrRespondWithBusy.java:52)
	at org.gradle.launcher.daemon.server.DaemonStateCoordinator$1.run(DaemonStateCoordinator.java:297)
	at org.gradle.internal.concurrent.ExecutorPolicy$CatchAndRecordFailures.onExecute(ExecutorPolicy.java:64)
	at org.gradle.internal.concurrent.AbstractManagedExecutor$1.run(AbstractManagedExecutor.java:47)
	at java.base/java.util.concurrent.ThreadPoolExecutor.runWorker(ThreadPoolExecutor.java:1136)
	at java.base/java.util.concurrent.ThreadPoolExecutor$Worker.run(ThreadPoolExecutor.java:635)
	at java.base/java.lang.Thread.run(Thread.java:840)
[gradle-intellij-plugin :] Cannot create plugin from file '/opt/android-studio/plugins/cidr-debugger-plugin': Invalid plugin descriptor 'plugin.xml'. Unable to read the plugin descriptor: No enum constant com.jetbrains.plugin.structure.intellij.plugin.IdePluginContentDescriptor.ServiceType.APPLİCATİON.
Unable to read descriptor [plugin.xml] from [/opt/android-studio/plugins/completionMlRanking/lib/completionMlRanking.jar]
java.lang.IllegalArgumentException: No enum constant com.jetbrains.plugin.structure.intellij.plugin.IdePluginContentDescriptor.ServiceType.APPLİCATİON
	at java.base/java.lang.Enum.valueOf(Enum.java:273)
	at com.jetbrains.plugin.structure.intellij.plugin.IdePluginContentDescriptor$ServiceType.valueOf(IdePluginContents.kt)
	at com.jetbrains.plugin.structure.intellij.plugin.PluginCreator.readServiceDescriptor(PluginCreator.kt:406)
	at com.jetbrains.plugin.structure.intellij.plugin.PluginCreator.readExtensions(PluginCreator.kt:341)
	at com.jetbrains.plugin.structure.intellij.plugin.PluginCreator.setInfoFromBean(PluginCreator.kt:320)
	at com.jetbrains.plugin.structure.intellij.plugin.PluginCreator.resolveDocumentAndValidateBean(PluginCreator.kt:664)
	at com.jetbrains.plugin.structure.intellij.plugin.PluginCreator.access$resolveDocumentAndValidateBean(PluginCreator.kt:31)
	at com.jetbrains.plugin.structure.intellij.plugin.PluginCreator$Companion.createPlugin(PluginCreator.kt:109)
	at com.jetbrains.plugin.structure.intellij.plugin.IdePluginManager.loadPluginInfoFromJarFile(IdePluginManager.kt:62)
	at com.jetbrains.plugin.structure.intellij.plugin.IdePluginManager.loadPluginInfoFromLibDirectory(IdePluginManager.kt:165)
	at com.jetbrains.plugin.structure.intellij.plugin.IdePluginManager.loadPluginInfoFromDirectory(IdePluginManager.kt:97)
	at com.jetbrains.plugin.structure.intellij.plugin.IdePluginManager.loadPluginInfoFromJarOrDirectory(IdePluginManager.kt:206)
	at com.jetbrains.plugin.structure.intellij.plugin.IdePluginManager.getPluginCreatorWithResult(IdePluginManager.kt:347)
	at com.jetbrains.plugin.structure.intellij.plugin.IdePluginManager.createPlugin(IdePluginManager.kt:314)
	at com.jetbrains.plugin.structure.intellij.plugin.IdePluginManager.createPlugin$default(IdePluginManager.kt:312)
	at org.jetbrains.intellij.Utils.createPlugin(utils.kt:222)
	at org.jetbrains.intellij.dependency.BuiltinPluginsRegistry.add(BuiltinPluginsRegistry.kt:89)
	at org.jetbrains.intellij.dependency.BuiltinPluginsRegistry.fillFromDirectory(BuiltinPluginsRegistry.kt:47)
	at org.jetbrains.intellij.dependency.BuiltinPluginsRegistry.access$fillFromDirectory(BuiltinPluginsRegistry.kt:21)
	at org.jetbrains.intellij.dependency.BuiltinPluginsRegistry$Companion.fromDirectory(BuiltinPluginsRegistry.kt:127)
	at org.jetbrains.intellij.dependency.IdeaDependencyManager.createDependency(IdeaDependencyManager.kt:92)
	at org.jetbrains.intellij.dependency.IdeaDependencyManager.resolveLocal(IdeaDependencyManager.kt:430)
	at org.jetbrains.intellij.IntelliJPlugin$prepareIdeaDependencyProvider$1.call(IntelliJPlugin.kt:299)
	at org.jetbrains.intellij.IntelliJPlugin$prepareIdeaDependencyProvider$1.call(IntelliJPlugin.kt:266)
	at org.gradle.api.internal.provider.DefaultProvider.calculateOwnValue(DefaultProvider.java:72)
	at org.gradle.api.internal.provider.AbstractMinimalProvider.calculateValue(AbstractMinimalProvider.java:115)
	at org.gradle.api.internal.provider.TransformBackedProvider.calculateOwnValue(TransformBackedProvider.java:82)
	at org.gradle.api.internal.provider.AbstractMinimalProvider.calculateValue(AbstractMinimalProvider.java:115)
	at org.gradle.api.internal.provider.AbstractMinimalProvider.withFinalValue(AbstractMinimalProvider.java:168)
	at org.gradle.api.internal.provider.DefaultProperty.finalValue(DefaultProperty.java:133)
	at org.gradle.api.internal.provider.DefaultProperty.finalValue(DefaultProperty.java:26)
	at org.gradle.api.internal.provider.AbstractProperty.finalizeNow(AbstractProperty.java:245)
	at org.gradle.api.internal.provider.AbstractProperty.beforeRead(AbstractProperty.java:239)
	at org.gradle.api.internal.provider.AbstractProperty.calculateOwnValue(AbstractProperty.java:135)
	at org.gradle.api.internal.provider.AbstractMinimalProvider.calculateValue(AbstractMinimalProvider.java:115)
	at org.gradle.api.internal.provider.TransformBackedProvider.calculateOwnValue(TransformBackedProvider.java:82)
	at org.gradle.api.internal.provider.AbstractMinimalProvider.calculateValue(AbstractMinimalProvider.java:115)
	at org.gradle.api.internal.provider.TransformBackedProvider.calculateOwnValue(TransformBackedProvider.java:82)
	at org.gradle.api.internal.provider.AbstractMinimalProvider.calculateValue(AbstractMinimalProvider.java:115)
	at org.gradle.api.internal.provider.DefaultProperty.calculateValueFrom(DefaultProperty.java:128)
	at org.gradle.api.internal.provider.DefaultProperty.calculateValueFrom(DefaultProperty.java:26)
	at org.gradle.api.internal.provider.AbstractProperty.doCalculateValue(AbstractProperty.java:142)
	at org.gradle.api.internal.provider.AbstractProperty.calculateOwnValue(AbstractProperty.java:136)
	at org.gradle.api.internal.provider.AbstractMinimalProvider.getOrNull(AbstractMinimalProvider.java:105)
	at org.jetbrains.intellij.IntelliJPlugin$prepareConventionMappingsForRunIdeTask$8.call(IntelliJPlugin.kt:963)
	at org.jetbrains.intellij.IntelliJPlugin$prepareConventionMappingsForRunIdeTask$8.call(IntelliJPlugin.kt:958)
	at org.gradle.api.internal.provider.DefaultProvider.calculateOwnValue(DefaultProvider.java:72)
	at org.gradle.api.internal.provider.AbstractMinimalProvider.calculateValue(AbstractMinimalProvider.java:115)
	at org.gradle.api.internal.provider.TransformBackedProvider.calculateOwnValue(TransformBackedProvider.java:82)
	at org.gradle.api.internal.provider.AbstractMinimalProvider.calculateValue(AbstractMinimalProvider.java:115)
	at org.gradle.api.internal.provider.DefaultProperty.calculateValueFrom(DefaultProperty.java:128)
	at org.gradle.api.internal.provider.DefaultProperty.calculateValueFrom(DefaultProperty.java:26)
	at org.gradle.api.internal.provider.AbstractProperty.doCalculateValue(AbstractProperty.java:142)
	at org.gradle.api.internal.provider.AbstractProperty.calculateOwnValue(AbstractProperty.java:136)
	at org.gradle.api.internal.provider.AbstractMinimalProvider.calculateOwnPresentValue(AbstractMinimalProvider.java:80)
	at org.gradle.api.internal.provider.AbstractMinimalProvider.get(AbstractMinimalProvider.java:100)
	at org.jetbrains.intellij.tasks.RunIdeBase.getExecutable(RunIdeBase.kt:202)
	at org.jetbrains.intellij.tasks.BuildSearchableOptionsTask_Decorated.getExecutable(Unknown Source)
	at org.gradle.api.tasks.internal.JavaExecExecutableUtils.getExecutableOverrideToolchainSpec(JavaExecExecutableUtils.java:30)
	at org.gradle.api.tasks.JavaExec.lambda$new$0(JavaExec.java:144)
	at org.gradle.api.internal.provider.DefaultProvider.calculateOwnValue(DefaultProvider.java:72)
	at org.gradle.api.internal.provider.AbstractMinimalProvider.calculateValue(AbstractMinimalProvider.java:115)
	at org.gradle.api.internal.provider.FlatMapProvider.calculateOwnValue(FlatMapProvider.java:46)
	at org.gradle.api.internal.provider.AbstractMinimalProvider.calculateValue(AbstractMinimalProvider.java:115)
	at org.gradle.api.internal.provider.OrElseProvider.calculateOwnValue(OrElseProvider.java:76)
	at org.gradle.api.internal.provider.AbstractMinimalProvider.calculateValue(AbstractMinimalProvider.java:115)
	at org.gradle.api.internal.provider.TransformBackedProvider.calculateOwnValue(TransformBackedProvider.java:82)
	at org.gradle.api.internal.provider.AbstractMinimalProvider.calculateValue(AbstractMinimalProvider.java:115)
	at org.gradle.api.internal.provider.AbstractMinimalProvider.withFinalValue(AbstractMinimalProvider.java:168)
	at org.gradle.api.internal.provider.DefaultProperty.finalValue(DefaultProperty.java:133)
	at org.gradle.api.internal.provider.DefaultProperty.finalValue(DefaultProperty.java:26)
	at org.gradle.api.internal.provider.AbstractProperty.finalizeNow(AbstractProperty.java:245)
	at org.gradle.api.internal.provider.AbstractProperty.beforeRead(AbstractProperty.java:239)
	at org.gradle.api.internal.provider.AbstractProperty.calculateOwnValue(AbstractProperty.java:135)
	at org.gradle.api.internal.provider.AbstractMinimalProvider.getOrNull(AbstractMinimalProvider.java:105)
	at org.gradle.internal.properties.annotations.AbstractTypeMetadataWalker$InstanceTypeMetadataWalker.lambda$walkNestedProvider$0(AbstractTypeMetadataWalker.java:137)
	at org.gradle.internal.properties.annotations.AbstractTypeMetadataWalker$InstanceTypeMetadataWalker.walkNestedChild(AbstractTypeMetadataWalker.java:184)
	at org.gradle.internal.properties.annotations.AbstractTypeMetadataWalker$InstanceTypeMetadataWalker.walkNestedProvider(AbstractTypeMetadataWalker.java:136)
	at org.gradle.internal.properties.annotations.AbstractTypeMetadataWalker$InstanceTypeMetadataWalker.walkNestedProvider(AbstractTypeMetadataWalker.java:118)
	at org.gradle.internal.properties.annotations.AbstractTypeMetadataWalker.walkNested(AbstractTypeMetadataWalker.java:60)
	at org.gradle.internal.properties.annotations.AbstractTypeMetadataWalker.lambda$walkChildren$3(AbstractTypeMetadataWalker.java:85)
	at org.gradle.internal.properties.annotations.AbstractTypeMetadataWalker$InstanceTypeMetadataWalker.walkNestedChild(AbstractTypeMetadataWalker.java:190)
	at org.gradle.internal.properties.annotations.AbstractTypeMetadataWalker$InstanceTypeMetadataWalker.walkNestedChild(AbstractTypeMetadataWalker.java:171)
	at org.gradle.internal.properties.annotations.AbstractTypeMetadataWalker$InstanceTypeMetadataWalker.walkNestedChild(AbstractTypeMetadataWalker.java:118)
	at org.gradle.internal.properties.annotations.AbstractTypeMetadataWalker.lambda$walkChildren$4(AbstractTypeMetadataWalker.java:85)
	at java.base/java.lang.Iterable.forEach(Iterable.java:75)
	at org.gradle.internal.properties.annotations.AbstractTypeMetadataWalker.walkChildren(AbstractTypeMetadataWalker.java:83)
	at org.gradle.internal.properties.annotations.AbstractTypeMetadataWalker.walk(AbstractTypeMetadataWalker.java:53)
	at org.gradle.internal.properties.bean.DefaultPropertyWalker.visitProperties(DefaultPropertyWalker.java:65)
	at org.gradle.api.internal.tasks.TaskPropertyUtils.visitAnnotatedProperties(TaskPropertyUtils.java:58)
	at org.gradle.api.internal.tasks.TaskPropertyUtils.visitProperties(TaskPropertyUtils.java:45)
	at org.gradle.api.internal.tasks.TaskPropertyUtils.visitProperties(TaskPropertyUtils.java:35)
	at org.gradle.api.internal.tasks.DefaultTaskInputs.visitDependencies(DefaultTaskInputs.java:195)
	at org.gradle.api.internal.tasks.DefaultTaskDependency.visitDependencies(DefaultTaskDependency.java:112)
	at org.gradle.api.internal.tasks.CachingTaskDependencyResolveContext$TaskGraphImpl.getNodeValues(CachingTaskDependencyResolveContext.java:103)
	at org.gradle.internal.graph.CachingDirectedGraphWalker$GraphWithEmptyEdges.getNodeValues(CachingDirectedGraphWalker.java:213)
	at org.gradle.internal.graph.CachingDirectedGraphWalker.doSearch(CachingDirectedGraphWalker.java:121)
	at org.gradle.internal.graph.CachingDirectedGraphWalker.findValues(CachingDirectedGraphWalker.java:73)
	at org.gradle.api.internal.tasks.CachingTaskDependencyResolveContext.getDependencies(CachingTaskDependencyResolveContext.java:66)
	at org.gradle.execution.plan.TaskDependencyResolver.resolveDependenciesFor(TaskDependencyResolver.java:49)
	at org.gradle.execution.plan.LocalTaskNode.getDependencies(LocalTaskNode.java:148)
	at org.gradle.execution.plan.LocalTaskNode.resolveDependencies(LocalTaskNode.java:122)
	at org.gradle.execution.plan.DefaultExecutionPlan.discoverNodeRelationships(DefaultExecutionPlan.java:183)
	at org.gradle.execution.plan.DefaultExecutionPlan.doAddEntryNodes(DefaultExecutionPlan.java:155)
	at org.gradle.execution.plan.DefaultExecutionPlan.addEntryTasks(DefaultExecutionPlan.java:130)
	at org.gradle.execution.plan.DefaultExecutionPlan.addEntryTasks(DefaultExecutionPlan.java:122)
	at org.gradle.execution.TaskNameResolvingBuildTaskScheduler.scheduleRequestedTasks(TaskNameResolvingBuildTaskScheduler.java:54)
	at org.gradle.execution.DefaultTasksBuildTaskScheduler.scheduleRequestedTasks(DefaultTasksBuildTaskScheduler.java:72)
	at org.gradle.initialization.DefaultTaskExecutionPreparer.lambda$scheduleRequestedTasks$0(DefaultTaskExecutionPreparer.java:46)
	at org.gradle.internal.Factories$1.create(Factories.java:31)
	at org.gradle.internal.work.DefaultWorkerLeaseService.withReplacedLocks(DefaultWorkerLeaseService.java:360)
	at org.gradle.api.internal.project.DefaultProjectStateRegistry$DefaultBuildProjectRegistry.withMutableStateOfAllProjects(DefaultProjectStateRegistry.java:239)
	at org.gradle.api.internal.project.DefaultProjectStateRegistry$DefaultBuildProjectRegistry.withMutableStateOfAllProjects(DefaultProjectStateRegistry.java:232)
	at org.gradle.initialization.DefaultTaskExecutionPreparer.scheduleRequestedTasks(DefaultTaskExecutionPreparer.java:45)
	at org.gradle.initialization.VintageBuildModelController.lambda$scheduleRequestedTasks$0(VintageBuildModelController.java:76)
	at org.gradle.internal.model.StateTransitionController.lambda$inState$1(StateTransitionController.java:99)
	at org.gradle.internal.model.StateTransitionController.lambda$inState$2(StateTransitionController.java:114)
	at org.gradle.internal.work.DefaultSynchronizer.withLock(DefaultSynchronizer.java:44)
	at org.gradle.internal.model.StateTransitionController.inState(StateTransitionController.java:110)
	at org.gradle.internal.model.StateTransitionController.inState(StateTransitionController.java:98)
	at org.gradle.initialization.VintageBuildModelController.scheduleRequestedTasks(VintageBuildModelController.java:76)
	at org.gradle.internal.build.DefaultBuildLifecycleController$DefaultWorkGraphBuilder.addRequestedTasks(DefaultBuildLifecycleController.java:404)
	at org.gradle.internal.buildtree.DefaultBuildTreeWorkPreparer.lambda$scheduleRequestedTasks$0(DefaultBuildTreeWorkPreparer.java:41)
	at org.gradle.internal.build.DefaultBuildLifecycleController.lambda$populateWorkGraph$7(DefaultBuildLifecycleController.java:189)
	at org.gradle.internal.build.DefaultBuildWorkPreparer.populateWorkGraph(DefaultBuildWorkPreparer.java:42)
	at org.gradle.internal.build.BuildOperationFiringBuildWorkPreparer$PopulateWorkGraph.populateTaskGraph(BuildOperationFiringBuildWorkPreparer.java:106)
	at org.gradle.internal.build.BuildOperationFiringBuildWorkPreparer$PopulateWorkGraph.run(BuildOperationFiringBuildWorkPreparer.java:92)
	at org.gradle.internal.operations.DefaultBuildOperationRunner$1.execute(DefaultBuildOperationRunner.java:29)
	at org.gradle.internal.operations.DefaultBuildOperationRunner$1.execute(DefaultBuildOperationRunner.java:26)
	at org.gradle.internal.operations.DefaultBuildOperationRunner$2.execute(DefaultBuildOperationRunner.java:66)
	at org.gradle.internal.operations.DefaultBuildOperationRunner$2.execute(DefaultBuildOperationRunner.java:59)
	at org.gradle.internal.operations.DefaultBuildOperationRunner.execute(DefaultBuildOperationRunner.java:157)
	at org.gradle.internal.operations.DefaultBuildOperationRunner.execute(DefaultBuildOperationRunner.java:59)
	at org.gradle.internal.operations.DefaultBuildOperationRunner.run(DefaultBuildOperationRunner.java:47)
	at org.gradle.internal.operations.DefaultBuildOperationExecutor.run(DefaultBuildOperationExecutor.java:68)
	at org.gradle.internal.build.BuildOperationFiringBuildWorkPreparer.populateWorkGraph(BuildOperationFiringBuildWorkPreparer.java:67)
	at org.gradle.internal.build.DefaultBuildLifecycleController.lambda$populateWorkGraph$8(DefaultBuildLifecycleController.java:189)
	at org.gradle.internal.model.StateTransitionController.lambda$inState$1(StateTransitionController.java:99)
	at org.gradle.internal.model.StateTransitionController.lambda$inState$2(StateTransitionController.java:114)
	at org.gradle.internal.work.DefaultSynchronizer.withLock(DefaultSynchronizer.java:44)
	at org.gradle.internal.model.StateTransitionController.inState(StateTransitionController.java:110)
	at org.gradle.internal.model.StateTransitionController.inState(StateTransitionController.java:98)
	at org.gradle.internal.build.DefaultBuildLifecycleController.populateWorkGraph(DefaultBuildLifecycleController.java:189)
	at org.gradle.internal.build.DefaultBuildWorkGraphController$DefaultBuildWorkGraph.populateWorkGraph(DefaultBuildWorkGraphController.java:169)
	at org.gradle.composite.internal.DefaultBuildController.populateWorkGraph(DefaultBuildController.java:76)
	at org.gradle.composite.internal.DefaultIncludedBuildTaskGraph$DefaultBuildTreeWorkGraphBuilder.withWorkGraph(DefaultIncludedBuildTaskGraph.java:153)
	at org.gradle.internal.buildtree.DefaultBuildTreeWorkPreparer.lambda$scheduleRequestedTasks$1(DefaultBuildTreeWorkPreparer.java:41)
	at org.gradle.composite.internal.DefaultIncludedBuildTaskGraph$DefaultBuildTreeWorkGraph$1.run(DefaultIncludedBuildTaskGraph.java:209)
	at org.gradle.internal.operations.DefaultBuildOperationRunner$1.execute(DefaultBuildOperationRunner.java:29)
	at org.gradle.internal.operations.DefaultBuildOperationRunner$1.execute(DefaultBuildOperationRunner.java:26)
	at org.gradle.internal.operations.DefaultBuildOperationRunner$2.execute(DefaultBuildOperationRunner.java:66)
	at org.gradle.internal.operations.DefaultBuildOperationRunner$2.execute(DefaultBuildOperationRunner.java:59)
	at org.gradle.internal.operations.DefaultBuildOperationRunner.execute(DefaultBuildOperationRunner.java:157)
	at org.gradle.internal.operations.DefaultBuildOperationRunner.execute(DefaultBuildOperationRunner.java:59)
	at org.gradle.internal.operations.DefaultBuildOperationRunner.run(DefaultBuildOperationRunner.java:47)
	at org.gradle.internal.operations.DefaultBuildOperationExecutor.run(DefaultBuildOperationExecutor.java:68)
	at org.gradle.composite.internal.DefaultIncludedBuildTaskGraph$DefaultBuildTreeWorkGraph.scheduleWork(DefaultIncludedBuildTaskGraph.java:204)
	at org.gradle.internal.buildtree.DefaultBuildTreeWorkPreparer.scheduleRequestedTasks(DefaultBuildTreeWorkPreparer.java:37)
	at org.gradle.configurationcache.VintageBuildTreeWorkController$scheduleAndRunRequestedTasks$1.apply(VintageBuildTreeWorkController.kt:36)
	at org.gradle.configurationcache.VintageBuildTreeWorkController$scheduleAndRunRequestedTasks$1.apply(VintageBuildTreeWorkController.kt:35)
	at org.gradle.composite.internal.DefaultIncludedBuildTaskGraph.withNewWorkGraph(DefaultIncludedBuildTaskGraph.java:112)
	at org.gradle.configurationcache.VintageBuildTreeWorkController.scheduleAndRunRequestedTasks(VintageBuildTreeWorkController.kt:35)
	at org.gradle.internal.buildtree.DefaultBuildTreeLifecycleController.lambda$scheduleAndRunTasks$1(DefaultBuildTreeLifecycleController.java:76)
	at org.gradle.internal.buildtree.DefaultBuildTreeLifecycleController.lambda$runBuild$4(DefaultBuildTreeLifecycleController.java:119)
	at org.gradle.internal.model.StateTransitionController.lambda$transition$6(StateTransitionController.java:169)
	at org.gradle.internal.model.StateTransitionController.doTransition(StateTransitionController.java:266)
	at org.gradle.internal.model.StateTransitionController.lambda$transition$7(StateTransitionController.java:169)
	at org.gradle.internal.work.DefaultSynchronizer.withLock(DefaultSynchronizer.java:44)
	at org.gradle.internal.model.StateTransitionController.transition(StateTransitionController.java:169)
	at org.gradle.internal.buildtree.DefaultBuildTreeLifecycleController.runBuild(DefaultBuildTreeLifecycleController.java:116)
	at org.gradle.internal.buildtree.DefaultBuildTreeLifecycleController.scheduleAndRunTasks(DefaultBuildTreeLifecycleController.java:76)
	at org.gradle.internal.buildtree.DefaultBuildTreeLifecycleController.scheduleAndRunTasks(DefaultBuildTreeLifecycleController.java:71)
	at org.gradle.tooling.internal.provider.ExecuteBuildActionRunner.run(ExecuteBuildActionRunner.java:31)
	at org.gradle.launcher.exec.ChainingBuildActionRunner.run(ChainingBuildActionRunner.java:35)
	at org.gradle.internal.buildtree.ProblemReportingBuildActionRunner.run(ProblemReportingBuildActionRunner.java:49)
	at org.gradle.launcher.exec.BuildOutcomeReportingBuildActionRunner.run(BuildOutcomeReportingBuildActionRunner.java:65)
	at org.gradle.tooling.internal.provider.FileSystemWatchingBuildActionRunner.run(FileSystemWatchingBuildActionRunner.java:140)
	at org.gradle.launcher.exec.BuildCompletionNotifyingBuildActionRunner.run(BuildCompletionNotifyingBuildActionRunner.java:41)
	at org.gradle.launcher.exec.RootBuildLifecycleBuildActionExecutor.lambda$execute$0(RootBuildLifecycleBuildActionExecutor.java:40)
	at org.gradle.composite.internal.DefaultRootBuildState.run(DefaultRootBuildState.java:123)
	at org.gradle.launcher.exec.RootBuildLifecycleBuildActionExecutor.execute(RootBuildLifecycleBuildActionExecutor.java:40)
	at org.gradle.internal.buildtree.InitDeprecationLoggingActionExecutor.execute(InitDeprecationLoggingActionExecutor.java:62)
	at org.gradle.internal.buildtree.InitProblems.execute(InitProblems.java:38)
	at org.gradle.internal.buildtree.DefaultBuildTreeContext.execute(DefaultBuildTreeContext.java:40)
	at org.gradle.launcher.exec.BuildTreeLifecycleBuildActionExecutor.lambda$execute$0(BuildTreeLifecycleBuildActionExecutor.java:58)
	at org.gradle.internal.buildtree.BuildTreeState.run(BuildTreeState.java:58)
	at org.gradle.launcher.exec.BuildTreeLifecycleBuildActionExecutor.execute(BuildTreeLifecycleBuildActionExecutor.java:58)
	at org.gradle.launcher.exec.RunAsBuildOperationBuildActionExecutor$3.call(RunAsBuildOperationBuildActionExecutor.java:61)
	at org.gradle.launcher.exec.RunAsBuildOperationBuildActionExecutor$3.call(RunAsBuildOperationBuildActionExecutor.java:57)
	at org.gradle.internal.operations.DefaultBuildOperationRunner$CallableBuildOperationWorker.execute(DefaultBuildOperationRunner.java:204)
	at org.gradle.internal.operations.DefaultBuildOperationRunner$CallableBuildOperationWorker.execute(DefaultBuildOperationRunner.java:199)
	at org.gradle.internal.operations.DefaultBuildOperationRunner$2.execute(DefaultBuildOperationRunner.java:66)
	at org.gradle.internal.operations.DefaultBuildOperationRunner$2.execute(DefaultBuildOperationRunner.java:59)
	at org.gradle.internal.operations.DefaultBuildOperationRunner.execute(DefaultBuildOperationRunner.java:157)
	at org.gradle.internal.operations.DefaultBuildOperationRunner.execute(DefaultBuildOperationRunner.java:59)
	at org.gradle.internal.operations.DefaultBuildOperationRunner.call(DefaultBuildOperationRunner.java:53)
	at org.gradle.internal.operations.DefaultBuildOperationExecutor.call(DefaultBuildOperationExecutor.java:73)
	at org.gradle.launcher.exec.RunAsBuildOperationBuildActionExecutor.execute(RunAsBuildOperationBuildActionExecutor.java:57)
	at org.gradle.launcher.exec.RunAsWorkerThreadBuildActionExecutor.lambda$execute$0(RunAsWorkerThreadBuildActionExecutor.java:36)
	at org.gradle.internal.work.DefaultWorkerLeaseService.withLocks(DefaultWorkerLeaseService.java:264)
	at org.gradle.internal.work.DefaultWorkerLeaseService.runAsWorkerThread(DefaultWorkerLeaseService.java:128)
	at org.gradle.launcher.exec.RunAsWorkerThreadBuildActionExecutor.execute(RunAsWorkerThreadBuildActionExecutor.java:36)
	at org.gradle.tooling.internal.provider.continuous.ContinuousBuildActionExecutor.execute(ContinuousBuildActionExecutor.java:110)
	at org.gradle.tooling.internal.provider.SubscribableBuildActionExecutor.execute(SubscribableBuildActionExecutor.java:64)
	at org.gradle.internal.session.DefaultBuildSessionContext.execute(DefaultBuildSessionContext.java:46)
	at org.gradle.tooling.internal.provider.BuildSessionLifecycleBuildActionExecuter$ActionImpl.apply(BuildSessionLifecycleBuildActionExecuter.java:92)
	at org.gradle.tooling.internal.provider.BuildSessionLifecycleBuildActionExecuter$ActionImpl.apply(BuildSessionLifecycleBuildActionExecuter.java:80)
	at org.gradle.internal.session.BuildSessionState.run(BuildSessionState.java:69)
	at org.gradle.tooling.internal.provider.BuildSessionLifecycleBuildActionExecuter.execute(BuildSessionLifecycleBuildActionExecuter.java:62)
	at org.gradle.tooling.internal.provider.BuildSessionLifecycleBuildActionExecuter.execute(BuildSessionLifecycleBuildActionExecuter.java:41)
	at org.gradle.tooling.internal.provider.StartParamsValidatingActionExecuter.execute(StartParamsValidatingActionExecuter.java:64)
	at org.gradle.tooling.internal.provider.StartParamsValidatingActionExecuter.execute(StartParamsValidatingActionExecuter.java:32)
	at org.gradle.tooling.internal.provider.SessionFailureReportingActionExecuter.execute(SessionFailureReportingActionExecuter.java:51)
	at org.gradle.tooling.internal.provider.SessionFailureReportingActionExecuter.execute(SessionFailureReportingActionExecuter.java:39)
	at org.gradle.tooling.internal.provider.SetupLoggingActionExecuter.execute(SetupLoggingActionExecuter.java:47)
	at org.gradle.tooling.internal.provider.SetupLoggingActionExecuter.execute(SetupLoggingActionExecuter.java:31)
	at org.gradle.launcher.daemon.server.exec.ExecuteBuild.doBuild(ExecuteBuild.java:65)
	at org.gradle.launcher.daemon.server.exec.BuildCommandOnly.execute(BuildCommandOnly.java:37)
	at org.gradle.launcher.daemon.server.api.DaemonCommandExecution.proceed(DaemonCommandExecution.java:104)
	at org.gradle.launcher.daemon.server.exec.WatchForDisconnection.execute(WatchForDisconnection.java:39)
	at org.gradle.launcher.daemon.server.api.DaemonCommandExecution.proceed(DaemonCommandExecution.java:104)
	at org.gradle.launcher.daemon.server.exec.ResetDeprecationLogger.execute(ResetDeprecationLogger.java:29)
	at org.gradle.launcher.daemon.server.api.DaemonCommandExecution.proceed(DaemonCommandExecution.java:104)
	at org.gradle.launcher.daemon.server.exec.RequestStopIfSingleUsedDaemon.execute(RequestStopIfSingleUsedDaemon.java:35)
	at org.gradle.launcher.daemon.server.api.DaemonCommandExecution.proceed(DaemonCommandExecution.java:104)
	at org.gradle.launcher.daemon.server.exec.ForwardClientInput$2.create(ForwardClientInput.java:78)
	at org.gradle.launcher.daemon.server.exec.ForwardClientInput$2.create(ForwardClientInput.java:75)
	at org.gradle.util.internal.Swapper.swap(Swapper.java:38)
	at org.gradle.launcher.daemon.server.exec.ForwardClientInput.execute(ForwardClientInput.java:75)
	at org.gradle.launcher.daemon.server.api.DaemonCommandExecution.proceed(DaemonCommandExecution.java:104)
	at org.gradle.launcher.daemon.server.exec.LogAndCheckHealth.execute(LogAndCheckHealth.java:64)
	at org.gradle.launcher.daemon.server.api.DaemonCommandExecution.proceed(DaemonCommandExecution.java:104)
	at org.gradle.launcher.daemon.server.exec.LogToClient.doBuild(LogToClient.java:63)
	at org.gradle.launcher.daemon.server.exec.BuildCommandOnly.execute(BuildCommandOnly.java:37)
	at org.gradle.launcher.daemon.server.api.DaemonCommandExecution.proceed(DaemonCommandExecution.java:104)
	at org.gradle.launcher.daemon.server.exec.EstablishBuildEnvironment.doBuild(EstablishBuildEnvironment.java:84)
	at org.gradle.launcher.daemon.server.exec.BuildCommandOnly.execute(BuildCommandOnly.java:37)
	at org.gradle.launcher.daemon.server.api.DaemonCommandExecution.proceed(DaemonCommandExecution.java:104)
	at org.gradle.launcher.daemon.server.exec.StartBuildOrRespondWithBusy$1.run(StartBuildOrRespondWithBusy.java:52)
	at org.gradle.launcher.daemon.server.DaemonStateCoordinator$1.run(DaemonStateCoordinator.java:297)
	at org.gradle.internal.concurrent.ExecutorPolicy$CatchAndRecordFailures.onExecute(ExecutorPolicy.java:64)
	at org.gradle.internal.concurrent.AbstractManagedExecutor$1.run(AbstractManagedExecutor.java:47)
	at java.base/java.util.concurrent.ThreadPoolExecutor.runWorker(ThreadPoolExecutor.java:1136)
	at java.base/java.util.concurrent.ThreadPoolExecutor$Worker.run(ThreadPoolExecutor.java:635)
	at java.base/java.lang.Thread.run(Thread.java:840)
[gradle-intellij-plugin :] Cannot create plugin from file '/opt/android-studio/plugins/completionMlRanking': Invalid plugin descriptor 'plugin.xml'. Unable to read the plugin descriptor: No enum constant com.jetbrains.plugin.structure.intellij.plugin.IdePluginContentDescriptor.ServiceType.APPLİCATİON.
Unable to read descriptor [plugin.xml] from [/opt/android-studio/plugins/configurationScript/lib/configurationScript.jar]
java.lang.IllegalArgumentException: No enum constant com.jetbrains.plugin.structure.intellij.plugin.IdePluginContentDescriptor.ServiceType.APPLİCATİON
	at java.base/java.lang.Enum.valueOf(Enum.java:273)
	at com.jetbrains.plugin.structure.intellij.plugin.IdePluginContentDescriptor$ServiceType.valueOf(IdePluginContents.kt)
	at com.jetbrains.plugin.structure.intellij.plugin.PluginCreator.readServiceDescriptor(PluginCreator.kt:406)
	at com.jetbrains.plugin.structure.intellij.plugin.PluginCreator.readExtensions(PluginCreator.kt:341)
	at com.jetbrains.plugin.structure.intellij.plugin.PluginCreator.setInfoFromBean(PluginCreator.kt:320)
	at com.jetbrains.plugin.structure.intellij.plugin.PluginCreator.resolveDocumentAndValidateBean(PluginCreator.kt:664)
	at com.jetbrains.plugin.structure.intellij.plugin.PluginCreator.access$resolveDocumentAndValidateBean(PluginCreator.kt:31)
	at com.jetbrains.plugin.structure.intellij.plugin.PluginCreator$Companion.createPlugin(PluginCreator.kt:109)
	at com.jetbrains.plugin.structure.intellij.plugin.IdePluginManager.loadPluginInfoFromJarFile(IdePluginManager.kt:62)
	at com.jetbrains.plugin.structure.intellij.plugin.IdePluginManager.loadPluginInfoFromLibDirectory(IdePluginManager.kt:165)
	at com.jetbrains.plugin.structure.intellij.plugin.IdePluginManager.loadPluginInfoFromDirectory(IdePluginManager.kt:97)
	at com.jetbrains.plugin.structure.intellij.plugin.IdePluginManager.loadPluginInfoFromJarOrDirectory(IdePluginManager.kt:206)
	at com.jetbrains.plugin.structure.intellij.plugin.IdePluginManager.getPluginCreatorWithResult(IdePluginManager.kt:347)
	at com.jetbrains.plugin.structure.intellij.plugin.IdePluginManager.createPlugin(IdePluginManager.kt:314)
	at com.jetbrains.plugin.structure.intellij.plugin.IdePluginManager.createPlugin$default(IdePluginManager.kt:312)
	at org.jetbrains.intellij.Utils.createPlugin(utils.kt:222)
	at org.jetbrains.intellij.dependency.BuiltinPluginsRegistry.add(BuiltinPluginsRegistry.kt:89)
	at org.jetbrains.intellij.dependency.BuiltinPluginsRegistry.fillFromDirectory(BuiltinPluginsRegistry.kt:47)
	at org.jetbrains.intellij.dependency.BuiltinPluginsRegistry.access$fillFromDirectory(BuiltinPluginsRegistry.kt:21)
	at org.jetbrains.intellij.dependency.BuiltinPluginsRegistry$Companion.fromDirectory(BuiltinPluginsRegistry.kt:127)
	at org.jetbrains.intellij.dependency.IdeaDependencyManager.createDependency(IdeaDependencyManager.kt:92)
	at org.jetbrains.intellij.dependency.IdeaDependencyManager.resolveLocal(IdeaDependencyManager.kt:430)
	at org.jetbrains.intellij.IntelliJPlugin$prepareIdeaDependencyProvider$1.call(IntelliJPlugin.kt:299)
	at org.jetbrains.intellij.IntelliJPlugin$prepareIdeaDependencyProvider$1.call(IntelliJPlugin.kt:266)
	at org.gradle.api.internal.provider.DefaultProvider.calculateOwnValue(DefaultProvider.java:72)
	at org.gradle.api.internal.provider.AbstractMinimalProvider.calculateValue(AbstractMinimalProvider.java:115)
	at org.gradle.api.internal.provider.TransformBackedProvider.calculateOwnValue(TransformBackedProvider.java:82)
	at org.gradle.api.internal.provider.AbstractMinimalProvider.calculateValue(AbstractMinimalProvider.java:115)
	at org.gradle.api.internal.provider.AbstractMinimalProvider.withFinalValue(AbstractMinimalProvider.java:168)
	at org.gradle.api.internal.provider.DefaultProperty.finalValue(DefaultProperty.java:133)
	at org.gradle.api.internal.provider.DefaultProperty.finalValue(DefaultProperty.java:26)
	at org.gradle.api.internal.provider.AbstractProperty.finalizeNow(AbstractProperty.java:245)
	at org.gradle.api.internal.provider.AbstractProperty.beforeRead(AbstractProperty.java:239)
	at org.gradle.api.internal.provider.AbstractProperty.calculateOwnValue(AbstractProperty.java:135)
	at org.gradle.api.internal.provider.AbstractMinimalProvider.calculateValue(AbstractMinimalProvider.java:115)
	at org.gradle.api.internal.provider.TransformBackedProvider.calculateOwnValue(TransformBackedProvider.java:82)
	at org.gradle.api.internal.provider.AbstractMinimalProvider.calculateValue(AbstractMinimalProvider.java:115)
	at org.gradle.api.internal.provider.TransformBackedProvider.calculateOwnValue(TransformBackedProvider.java:82)
	at org.gradle.api.internal.provider.AbstractMinimalProvider.calculateValue(AbstractMinimalProvider.java:115)
	at org.gradle.api.internal.provider.DefaultProperty.calculateValueFrom(DefaultProperty.java:128)
	at org.gradle.api.internal.provider.DefaultProperty.calculateValueFrom(DefaultProperty.java:26)
	at org.gradle.api.internal.provider.AbstractProperty.doCalculateValue(AbstractProperty.java:142)
	at org.gradle.api.internal.provider.AbstractProperty.calculateOwnValue(AbstractProperty.java:136)
	at org.gradle.api.internal.provider.AbstractMinimalProvider.getOrNull(AbstractMinimalProvider.java:105)
	at org.jetbrains.intellij.IntelliJPlugin$prepareConventionMappingsForRunIdeTask$8.call(IntelliJPlugin.kt:963)
	at org.jetbrains.intellij.IntelliJPlugin$prepareConventionMappingsForRunIdeTask$8.call(IntelliJPlugin.kt:958)
	at org.gradle.api.internal.provider.DefaultProvider.calculateOwnValue(DefaultProvider.java:72)
	at org.gradle.api.internal.provider.AbstractMinimalProvider.calculateValue(AbstractMinimalProvider.java:115)
	at org.gradle.api.internal.provider.TransformBackedProvider.calculateOwnValue(TransformBackedProvider.java:82)
	at org.gradle.api.internal.provider.AbstractMinimalProvider.calculateValue(AbstractMinimalProvider.java:115)
	at org.gradle.api.internal.provider.DefaultProperty.calculateValueFrom(DefaultProperty.java:128)
	at org.gradle.api.internal.provider.DefaultProperty.calculateValueFrom(DefaultProperty.java:26)
	at org.gradle.api.internal.provider.AbstractProperty.doCalculateValue(AbstractProperty.java:142)
	at org.gradle.api.internal.provider.AbstractProperty.calculateOwnValue(AbstractProperty.java:136)
	at org.gradle.api.internal.provider.AbstractMinimalProvider.calculateOwnPresentValue(AbstractMinimalProvider.java:80)
	at org.gradle.api.internal.provider.AbstractMinimalProvider.get(AbstractMinimalProvider.java:100)
	at org.jetbrains.intellij.tasks.RunIdeBase.getExecutable(RunIdeBase.kt:202)
	at org.jetbrains.intellij.tasks.BuildSearchableOptionsTask_Decorated.getExecutable(Unknown Source)
	at org.gradle.api.tasks.internal.JavaExecExecutableUtils.getExecutableOverrideToolchainSpec(JavaExecExecutableUtils.java:30)
	at org.gradle.api.tasks.JavaExec.lambda$new$0(JavaExec.java:144)
	at org.gradle.api.internal.provider.DefaultProvider.calculateOwnValue(DefaultProvider.java:72)
	at org.gradle.api.internal.provider.AbstractMinimalProvider.calculateValue(AbstractMinimalProvider.java:115)
	at org.gradle.api.internal.provider.FlatMapProvider.calculateOwnValue(FlatMapProvider.java:46)
	at org.gradle.api.internal.provider.AbstractMinimalProvider.calculateValue(AbstractMinimalProvider.java:115)
	at org.gradle.api.internal.provider.OrElseProvider.calculateOwnValue(OrElseProvider.java:76)
	at org.gradle.api.internal.provider.AbstractMinimalProvider.calculateValue(AbstractMinimalProvider.java:115)
	at org.gradle.api.internal.provider.TransformBackedProvider.calculateOwnValue(TransformBackedProvider.java:82)
	at org.gradle.api.internal.provider.AbstractMinimalProvider.calculateValue(AbstractMinimalProvider.java:115)
	at org.gradle.api.internal.provider.AbstractMinimalProvider.withFinalValue(AbstractMinimalProvider.java:168)
	at org.gradle.api.internal.provider.DefaultProperty.finalValue(DefaultProperty.java:133)
	at org.gradle.api.internal.provider.DefaultProperty.finalValue(DefaultProperty.java:26)
	at org.gradle.api.internal.provider.AbstractProperty.finalizeNow(AbstractProperty.java:245)
	at org.gradle.api.internal.provider.AbstractProperty.beforeRead(AbstractProperty.java:239)
	at org.gradle.api.internal.provider.AbstractProperty.calculateOwnValue(AbstractProperty.java:135)
	at org.gradle.api.internal.provider.AbstractMinimalProvider.getOrNull(AbstractMinimalProvider.java:105)
	at org.gradle.internal.properties.annotations.AbstractTypeMetadataWalker$InstanceTypeMetadataWalker.lambda$walkNestedProvider$0(AbstractTypeMetadataWalker.java:137)
	at org.gradle.internal.properties.annotations.AbstractTypeMetadataWalker$InstanceTypeMetadataWalker.walkNestedChild(AbstractTypeMetadataWalker.java:184)
	at org.gradle.internal.properties.annotations.AbstractTypeMetadataWalker$InstanceTypeMetadataWalker.walkNestedProvider(AbstractTypeMetadataWalker.java:136)
	at org.gradle.internal.properties.annotations.AbstractTypeMetadataWalker$InstanceTypeMetadataWalker.walkNestedProvider(AbstractTypeMetadataWalker.java:118)
	at org.gradle.internal.properties.annotations.AbstractTypeMetadataWalker.walkNested(AbstractTypeMetadataWalker.java:60)
	at org.gradle.internal.properties.annotations.AbstractTypeMetadataWalker.lambda$walkChildren$3(AbstractTypeMetadataWalker.java:85)
	at org.gradle.internal.properties.annotations.AbstractTypeMetadataWalker$InstanceTypeMetadataWalker.walkNestedChild(AbstractTypeMetadataWalker.java:190)
	at org.gradle.internal.properties.annotations.AbstractTypeMetadataWalker$InstanceTypeMetadataWalker.walkNestedChild(AbstractTypeMetadataWalker.java:171)
	at org.gradle.internal.properties.annotations.AbstractTypeMetadataWalker$InstanceTypeMetadataWalker.walkNestedChild(AbstractTypeMetadataWalker.java:118)
	at org.gradle.internal.properties.annotations.AbstractTypeMetadataWalker.lambda$walkChildren$4(AbstractTypeMetadataWalker.java:85)
	at java.base/java.lang.Iterable.forEach(Iterable.java:75)
	at org.gradle.internal.properties.annotations.AbstractTypeMetadataWalker.walkChildren(AbstractTypeMetadataWalker.java:83)
	at org.gradle.internal.properties.annotations.AbstractTypeMetadataWalker.walk(AbstractTypeMetadataWalker.java:53)
	at org.gradle.internal.properties.bean.DefaultPropertyWalker.visitProperties(DefaultPropertyWalker.java:65)
	at org.gradle.api.internal.tasks.TaskPropertyUtils.visitAnnotatedProperties(TaskPropertyUtils.java:58)
	at org.gradle.api.internal.tasks.TaskPropertyUtils.visitProperties(TaskPropertyUtils.java:45)
	at org.gradle.api.internal.tasks.TaskPropertyUtils.visitProperties(TaskPropertyUtils.java:35)
	at org.gradle.api.internal.tasks.DefaultTaskInputs.visitDependencies(DefaultTaskInputs.java:195)
	at org.gradle.api.internal.tasks.DefaultTaskDependency.visitDependencies(DefaultTaskDependency.java:112)
	at org.gradle.api.internal.tasks.CachingTaskDependencyResolveContext$TaskGraphImpl.getNodeValues(CachingTaskDependencyResolveContext.java:103)
	at org.gradle.internal.graph.CachingDirectedGraphWalker$GraphWithEmptyEdges.getNodeValues(CachingDirectedGraphWalker.java:213)
	at org.gradle.internal.graph.CachingDirectedGraphWalker.doSearch(CachingDirectedGraphWalker.java:121)
	at org.gradle.internal.graph.CachingDirectedGraphWalker.findValues(CachingDirectedGraphWalker.java:73)
	at org.gradle.api.internal.tasks.CachingTaskDependencyResolveContext.getDependencies(CachingTaskDependencyResolveContext.java:66)
	at org.gradle.execution.plan.TaskDependencyResolver.resolveDependenciesFor(TaskDependencyResolver.java:49)
	at org.gradle.execution.plan.LocalTaskNode.getDependencies(LocalTaskNode.java:148)
	at org.gradle.execution.plan.LocalTaskNode.resolveDependencies(LocalTaskNode.java:122)
	at org.gradle.execution.plan.DefaultExecutionPlan.discoverNodeRelationships(DefaultExecutionPlan.java:183)
	at org.gradle.execution.plan.DefaultExecutionPlan.doAddEntryNodes(DefaultExecutionPlan.java:155)
	at org.gradle.execution.plan.DefaultExecutionPlan.addEntryTasks(DefaultExecutionPlan.java:130)
	at org.gradle.execution.plan.DefaultExecutionPlan.addEntryTasks(DefaultExecutionPlan.java:122)
	at org.gradle.execution.TaskNameResolvingBuildTaskScheduler.scheduleRequestedTasks(TaskNameResolvingBuildTaskScheduler.java:54)
	at org.gradle.execution.DefaultTasksBuildTaskScheduler.scheduleRequestedTasks(DefaultTasksBuildTaskScheduler.java:72)
	at org.gradle.initialization.DefaultTaskExecutionPreparer.lambda$scheduleRequestedTasks$0(DefaultTaskExecutionPreparer.java:46)
	at org.gradle.internal.Factories$1.create(Factories.java:31)
	at org.gradle.internal.work.DefaultWorkerLeaseService.withReplacedLocks(DefaultWorkerLeaseService.java:360)
	at org.gradle.api.internal.project.DefaultProjectStateRegistry$DefaultBuildProjectRegistry.withMutableStateOfAllProjects(DefaultProjectStateRegistry.java:239)
	at org.gradle.api.internal.project.DefaultProjectStateRegistry$DefaultBuildProjectRegistry.withMutableStateOfAllProjects(DefaultProjectStateRegistry.java:232)
	at org.gradle.initialization.DefaultTaskExecutionPreparer.scheduleRequestedTasks(DefaultTaskExecutionPreparer.java:45)
	at org.gradle.initialization.VintageBuildModelController.lambda$scheduleRequestedTasks$0(VintageBuildModelController.java:76)
	at org.gradle.internal.model.StateTransitionController.lambda$inState$1(StateTransitionController.java:99)
	at org.gradle.internal.model.StateTransitionController.lambda$inState$2(StateTransitionController.java:114)
	at org.gradle.internal.work.DefaultSynchronizer.withLock(DefaultSynchronizer.java:44)
	at org.gradle.internal.model.StateTransitionController.inState(StateTransitionController.java:110)
	at org.gradle.internal.model.StateTransitionController.inState(StateTransitionController.java:98)
	at org.gradle.initialization.VintageBuildModelController.scheduleRequestedTasks(VintageBuildModelController.java:76)
	at org.gradle.internal.build.DefaultBuildLifecycleController$DefaultWorkGraphBuilder.addRequestedTasks(DefaultBuildLifecycleController.java:404)
	at org.gradle.internal.buildtree.DefaultBuildTreeWorkPreparer.lambda$scheduleRequestedTasks$0(DefaultBuildTreeWorkPreparer.java:41)
	at org.gradle.internal.build.DefaultBuildLifecycleController.lambda$populateWorkGraph$7(DefaultBuildLifecycleController.java:189)
	at org.gradle.internal.build.DefaultBuildWorkPreparer.populateWorkGraph(DefaultBuildWorkPreparer.java:42)
	at org.gradle.internal.build.BuildOperationFiringBuildWorkPreparer$PopulateWorkGraph.populateTaskGraph(BuildOperationFiringBuildWorkPreparer.java:106)
	at org.gradle.internal.build.BuildOperationFiringBuildWorkPreparer$PopulateWorkGraph.run(BuildOperationFiringBuildWorkPreparer.java:92)
	at org.gradle.internal.operations.DefaultBuildOperationRunner$1.execute(DefaultBuildOperationRunner.java:29)
	at org.gradle.internal.operations.DefaultBuildOperationRunner$1.execute(DefaultBuildOperationRunner.java:26)
	at org.gradle.internal.operations.DefaultBuildOperationRunner$2.execute(DefaultBuildOperationRunner.java:66)
	at org.gradle.internal.operations.DefaultBuildOperationRunner$2.execute(DefaultBuildOperationRunner.java:59)
	at org.gradle.internal.operations.DefaultBuildOperationRunner.execute(DefaultBuildOperationRunner.java:157)
	at org.gradle.internal.operations.DefaultBuildOperationRunner.execute(DefaultBuildOperationRunner.java:59)
	at org.gradle.internal.operations.DefaultBuildOperationRunner.run(DefaultBuildOperationRunner.java:47)
	at org.gradle.internal.operations.DefaultBuildOperationExecutor.run(DefaultBuildOperationExecutor.java:68)
	at org.gradle.internal.build.BuildOperationFiringBuildWorkPreparer.populateWorkGraph(BuildOperationFiringBuildWorkPreparer.java:67)
	at org.gradle.internal.build.DefaultBuildLifecycleController.lambda$populateWorkGraph$8(DefaultBuildLifecycleController.java:189)
	at org.gradle.internal.model.StateTransitionController.lambda$inState$1(StateTransitionController.java:99)
	at org.gradle.internal.model.StateTransitionController.lambda$inState$2(StateTransitionController.java:114)
	at org.gradle.internal.work.DefaultSynchronizer.withLock(DefaultSynchronizer.java:44)
	at org.gradle.internal.model.StateTransitionController.inState(StateTransitionController.java:110)
	at org.gradle.internal.model.StateTransitionController.inState(StateTransitionController.java:98)
	at org.gradle.internal.build.DefaultBuildLifecycleController.populateWorkGraph(DefaultBuildLifecycleController.java:189)
	at org.gradle.internal.build.DefaultBuildWorkGraphController$DefaultBuildWorkGraph.populateWorkGraph(DefaultBuildWorkGraphController.java:169)
	at org.gradle.composite.internal.DefaultBuildController.populateWorkGraph(DefaultBuildController.java:76)
	at org.gradle.composite.internal.DefaultIncludedBuildTaskGraph$DefaultBuildTreeWorkGraphBuilder.withWorkGraph(DefaultIncludedBuildTaskGraph.java:153)
	at org.gradle.internal.buildtree.DefaultBuildTreeWorkPreparer.lambda$scheduleRequestedTasks$1(DefaultBuildTreeWorkPreparer.java:41)
	at org.gradle.composite.internal.DefaultIncludedBuildTaskGraph$DefaultBuildTreeWorkGraph$1.run(DefaultIncludedBuildTaskGraph.java:209)
	at org.gradle.internal.operations.DefaultBuildOperationRunner$1.execute(DefaultBuildOperationRunner.java:29)
	at org.gradle.internal.operations.DefaultBuildOperationRunner$1.execute(DefaultBuildOperationRunner.java:26)
	at org.gradle.internal.operations.DefaultBuildOperationRunner$2.execute(DefaultBuildOperationRunner.java:66)
	at org.gradle.internal.operations.DefaultBuildOperationRunner$2.execute(DefaultBuildOperationRunner.java:59)
	at org.gradle.internal.operations.DefaultBuildOperationRunner.execute(DefaultBuildOperationRunner.java:157)
	at org.gradle.internal.operations.DefaultBuildOperationRunner.execute(DefaultBuildOperationRunner.java:59)
	at org.gradle.internal.operations.DefaultBuildOperationRunner.run(DefaultBuildOperationRunner.java:47)
	at org.gradle.internal.operations.DefaultBuildOperationExecutor.run(DefaultBuildOperationExecutor.java:68)
	at org.gradle.composite.internal.DefaultIncludedBuildTaskGraph$DefaultBuildTreeWorkGraph.scheduleWork(DefaultIncludedBuildTaskGraph.java:204)
	at org.gradle.internal.buildtree.DefaultBuildTreeWorkPreparer.scheduleRequestedTasks(DefaultBuildTreeWorkPreparer.java:37)
	at org.gradle.configurationcache.VintageBuildTreeWorkController$scheduleAndRunRequestedTasks$1.apply(VintageBuildTreeWorkController.kt:36)
	at org.gradle.configurationcache.VintageBuildTreeWorkController$scheduleAndRunRequestedTasks$1.apply(VintageBuildTreeWorkController.kt:35)
	at org.gradle.composite.internal.DefaultIncludedBuildTaskGraph.withNewWorkGraph(DefaultIncludedBuildTaskGraph.java:112)
	at org.gradle.configurationcache.VintageBuildTreeWorkController.scheduleAndRunRequestedTasks(VintageBuildTreeWorkController.kt:35)
	at org.gradle.internal.buildtree.DefaultBuildTreeLifecycleController.lambda$scheduleAndRunTasks$1(DefaultBuildTreeLifecycleController.java:76)
	at org.gradle.internal.buildtree.DefaultBuildTreeLifecycleController.lambda$runBuild$4(DefaultBuildTreeLifecycleController.java:119)
	at org.gradle.internal.model.StateTransitionController.lambda$transition$6(StateTransitionController.java:169)
	at org.gradle.internal.model.StateTransitionController.doTransition(StateTransitionController.java:266)
	at org.gradle.internal.model.StateTransitionController.lambda$transition$7(StateTransitionController.java:169)
	at org.gradle.internal.work.DefaultSynchronizer.withLock(DefaultSynchronizer.java:44)
	at org.gradle.internal.model.StateTransitionController.transition(StateTransitionController.java:169)
	at org.gradle.internal.buildtree.DefaultBuildTreeLifecycleController.runBuild(DefaultBuildTreeLifecycleController.java:116)
	at org.gradle.internal.buildtree.DefaultBuildTreeLifecycleController.scheduleAndRunTasks(DefaultBuildTreeLifecycleController.java:76)
	at org.gradle.internal.buildtree.DefaultBuildTreeLifecycleController.scheduleAndRunTasks(DefaultBuildTreeLifecycleController.java:71)
	at org.gradle.tooling.internal.provider.ExecuteBuildActionRunner.run(ExecuteBuildActionRunner.java:31)
	at org.gradle.launcher.exec.ChainingBuildActionRunner.run(ChainingBuildActionRunner.java:35)
	at org.gradle.internal.buildtree.ProblemReportingBuildActionRunner.run(ProblemReportingBuildActionRunner.java:49)
	at org.gradle.launcher.exec.BuildOutcomeReportingBuildActionRunner.run(BuildOutcomeReportingBuildActionRunner.java:65)
	at org.gradle.tooling.internal.provider.FileSystemWatchingBuildActionRunner.run(FileSystemWatchingBuildActionRunner.java:140)
	at org.gradle.launcher.exec.BuildCompletionNotifyingBuildActionRunner.run(BuildCompletionNotifyingBuildActionRunner.java:41)
	at org.gradle.launcher.exec.RootBuildLifecycleBuildActionExecutor.lambda$execute$0(RootBuildLifecycleBuildActionExecutor.java:40)
	at org.gradle.composite.internal.DefaultRootBuildState.run(DefaultRootBuildState.java:123)
	at org.gradle.launcher.exec.RootBuildLifecycleBuildActionExecutor.execute(RootBuildLifecycleBuildActionExecutor.java:40)
	at org.gradle.internal.buildtree.InitDeprecationLoggingActionExecutor.execute(InitDeprecationLoggingActionExecutor.java:62)
	at org.gradle.internal.buildtree.InitProblems.execute(InitProblems.java:38)
	at org.gradle.internal.buildtree.DefaultBuildTreeContext.execute(DefaultBuildTreeContext.java:40)
	at org.gradle.launcher.exec.BuildTreeLifecycleBuildActionExecutor.lambda$execute$0(BuildTreeLifecycleBuildActionExecutor.java:58)
	at org.gradle.internal.buildtree.BuildTreeState.run(BuildTreeState.java:58)
	at org.gradle.launcher.exec.BuildTreeLifecycleBuildActionExecutor.execute(BuildTreeLifecycleBuildActionExecutor.java:58)
	at org.gradle.launcher.exec.RunAsBuildOperationBuildActionExecutor$3.call(RunAsBuildOperationBuildActionExecutor.java:61)
	at org.gradle.launcher.exec.RunAsBuildOperationBuildActionExecutor$3.call(RunAsBuildOperationBuildActionExecutor.java:57)
	at org.gradle.internal.operations.DefaultBuildOperationRunner$CallableBuildOperationWorker.execute(DefaultBuildOperationRunner.java:204)
	at org.gradle.internal.operations.DefaultBuildOperationRunner$CallableBuildOperationWorker.execute(DefaultBuildOperationRunner.java:199)
	at org.gradle.internal.operations.DefaultBuildOperationRunner$2.execute(DefaultBuildOperationRunner.java:66)
	at org.gradle.internal.operations.DefaultBuildOperationRunner$2.execute(DefaultBuildOperationRunner.java:59)
	at org.gradle.internal.operations.DefaultBuildOperationRunner.execute(DefaultBuildOperationRunner.java:157)
	at org.gradle.internal.operations.DefaultBuildOperationRunner.execute(DefaultBuildOperationRunner.java:59)
	at org.gradle.internal.operations.DefaultBuildOperationRunner.call(DefaultBuildOperationRunner.java:53)
	at org.gradle.internal.operations.DefaultBuildOperationExecutor.call(DefaultBuildOperationExecutor.java:73)
	at org.gradle.launcher.exec.RunAsBuildOperationBuildActionExecutor.execute(RunAsBuildOperationBuildActionExecutor.java:57)
	at org.gradle.launcher.exec.RunAsWorkerThreadBuildActionExecutor.lambda$execute$0(RunAsWorkerThreadBuildActionExecutor.java:36)
	at org.gradle.internal.work.DefaultWorkerLeaseService.withLocks(DefaultWorkerLeaseService.java:264)
	at org.gradle.internal.work.DefaultWorkerLeaseService.runAsWorkerThread(DefaultWorkerLeaseService.java:128)
	at org.gradle.launcher.exec.RunAsWorkerThreadBuildActionExecutor.execute(RunAsWorkerThreadBuildActionExecutor.java:36)
	at org.gradle.tooling.internal.provider.continuous.ContinuousBuildActionExecutor.execute(ContinuousBuildActionExecutor.java:110)
	at org.gradle.tooling.internal.provider.SubscribableBuildActionExecutor.execute(SubscribableBuildActionExecutor.java:64)
	at org.gradle.internal.session.DefaultBuildSessionContext.execute(DefaultBuildSessionContext.java:46)
	at org.gradle.tooling.internal.provider.BuildSessionLifecycleBuildActionExecuter$ActionImpl.apply(BuildSessionLifecycleBuildActionExecuter.java:92)
	at org.gradle.tooling.internal.provider.BuildSessionLifecycleBuildActionExecuter$ActionImpl.apply(BuildSessionLifecycleBuildActionExecuter.java:80)
	at org.gradle.internal.session.BuildSessionState.run(BuildSessionState.java:69)
	at org.gradle.tooling.internal.provider.BuildSessionLifecycleBuildActionExecuter.execute(BuildSessionLifecycleBuildActionExecuter.java:62)
	at org.gradle.tooling.internal.provider.BuildSessionLifecycleBuildActionExecuter.execute(BuildSessionLifecycleBuildActionExecuter.java:41)
	at org.gradle.tooling.internal.provider.StartParamsValidatingActionExecuter.execute(StartParamsValidatingActionExecuter.java:64)
	at org.gradle.tooling.internal.provider.StartParamsValidatingActionExecuter.execute(StartParamsValidatingActionExecuter.java:32)
	at org.gradle.tooling.internal.provider.SessionFailureReportingActionExecuter.execute(SessionFailureReportingActionExecuter.java:51)
	at org.gradle.tooling.internal.provider.SessionFailureReportingActionExecuter.execute(SessionFailureReportingActionExecuter.java:39)
	at org.gradle.tooling.internal.provider.SetupLoggingActionExecuter.execute(SetupLoggingActionExecuter.java:47)
	at org.gradle.tooling.internal.provider.SetupLoggingActionExecuter.execute(SetupLoggingActionExecuter.java:31)
	at org.gradle.launcher.daemon.server.exec.ExecuteBuild.doBuild(ExecuteBuild.java:65)
	at org.gradle.launcher.daemon.server.exec.BuildCommandOnly.execute(BuildCommandOnly.java:37)
	at org.gradle.launcher.daemon.server.api.DaemonCommandExecution.proceed(DaemonCommandExecution.java:104)
	at org.gradle.launcher.daemon.server.exec.WatchForDisconnection.execute(WatchForDisconnection.java:39)
	at org.gradle.launcher.daemon.server.api.DaemonCommandExecution.proceed(DaemonCommandExecution.java:104)
	at org.gradle.launcher.daemon.server.exec.ResetDeprecationLogger.execute(ResetDeprecationLogger.java:29)
	at org.gradle.launcher.daemon.server.api.DaemonCommandExecution.proceed(DaemonCommandExecution.java:104)
	at org.gradle.launcher.daemon.server.exec.RequestStopIfSingleUsedDaemon.execute(RequestStopIfSingleUsedDaemon.java:35)
	at org.gradle.launcher.daemon.server.api.DaemonCommandExecution.proceed(DaemonCommandExecution.java:104)
	at org.gradle.launcher.daemon.server.exec.ForwardClientInput$2.create(ForwardClientInput.java:78)
	at org.gradle.launcher.daemon.server.exec.ForwardClientInput$2.create(ForwardClientInput.java:75)
	at org.gradle.util.internal.Swapper.swap(Swapper.java:38)
	at org.gradle.launcher.daemon.server.exec.ForwardClientInput.execute(ForwardClientInput.java:75)
	at org.gradle.launcher.daemon.server.api.DaemonCommandExecution.proceed(DaemonCommandExecution.java:104)
	at org.gradle.launcher.daemon.server.exec.LogAndCheckHealth.execute(LogAndCheckHealth.java:64)
	at org.gradle.launcher.daemon.server.api.DaemonCommandExecution.proceed(DaemonCommandExecution.java:104)
	at org.gradle.launcher.daemon.server.exec.LogToClient.doBuild(LogToClient.java:63)
	at org.gradle.launcher.daemon.server.exec.BuildCommandOnly.execute(BuildCommandOnly.java:37)
	at org.gradle.launcher.daemon.server.api.DaemonCommandExecution.proceed(DaemonCommandExecution.java:104)
	at org.gradle.launcher.daemon.server.exec.EstablishBuildEnvironment.doBuild(EstablishBuildEnvironment.java:84)
	at org.gradle.launcher.daemon.server.exec.BuildCommandOnly.execute(BuildCommandOnly.java:37)
	at org.gradle.launcher.daemon.server.api.DaemonCommandExecution.proceed(DaemonCommandExecution.java:104)
	at org.gradle.launcher.daemon.server.exec.StartBuildOrRespondWithBusy$1.run(StartBuildOrRespondWithBusy.java:52)
	at org.gradle.launcher.daemon.server.DaemonStateCoordinator$1.run(DaemonStateCoordinator.java:297)
	at org.gradle.internal.concurrent.ExecutorPolicy$CatchAndRecordFailures.onExecute(ExecutorPolicy.java:64)
	at org.gradle.internal.concurrent.AbstractManagedExecutor$1.run(AbstractManagedExecutor.java:47)
	at java.base/java.util.concurrent.ThreadPoolExecutor.runWorker(ThreadPoolExecutor.java:1136)
	at java.base/java.util.concurrent.ThreadPoolExecutor$Worker.run(ThreadPoolExecutor.java:635)
	at java.base/java.lang.Thread.run(Thread.java:840)
[gradle-intellij-plugin :] Cannot create plugin from file '/opt/android-studio/plugins/configurationScript': Invalid plugin descriptor 'plugin.xml'. Unable to read the plugin descriptor: No enum constant com.jetbrains.plugin.structure.intellij.plugin.IdePluginContentDescriptor.ServiceType.APPLİCATİON.
Unable to read descriptor [plugin.xml] from [/opt/android-studio/plugins/copyright/lib/copyright.jar]
java.lang.IllegalArgumentException: No enum constant com.jetbrains.plugin.structure.intellij.plugin.IdePluginContentDescriptor.ServiceType.APPLİCATİON
	at java.base/java.lang.Enum.valueOf(Enum.java:273)
	at com.jetbrains.plugin.structure.intellij.plugin.IdePluginContentDescriptor$ServiceType.valueOf(IdePluginContents.kt)
	at com.jetbrains.plugin.structure.intellij.plugin.PluginCreator.readServiceDescriptor(PluginCreator.kt:406)
	at com.jetbrains.plugin.structure.intellij.plugin.PluginCreator.readExtensions(PluginCreator.kt:341)
	at com.jetbrains.plugin.structure.intellij.plugin.PluginCreator.setInfoFromBean(PluginCreator.kt:320)
	at com.jetbrains.plugin.structure.intellij.plugin.PluginCreator.resolveDocumentAndValidateBean(PluginCreator.kt:664)
	at com.jetbrains.plugin.structure.intellij.plugin.PluginCreator.access$resolveDocumentAndValidateBean(PluginCreator.kt:31)
	at com.jetbrains.plugin.structure.intellij.plugin.PluginCreator$Companion.createPlugin(PluginCreator.kt:109)
	at com.jetbrains.plugin.structure.intellij.plugin.IdePluginManager.loadPluginInfoFromJarFile(IdePluginManager.kt:62)
	at com.jetbrains.plugin.structure.intellij.plugin.IdePluginManager.loadPluginInfoFromLibDirectory(IdePluginManager.kt:165)
	at com.jetbrains.plugin.structure.intellij.plugin.IdePluginManager.loadPluginInfoFromDirectory(IdePluginManager.kt:97)
	at com.jetbrains.plugin.structure.intellij.plugin.IdePluginManager.loadPluginInfoFromJarOrDirectory(IdePluginManager.kt:206)
	at com.jetbrains.plugin.structure.intellij.plugin.IdePluginManager.getPluginCreatorWithResult(IdePluginManager.kt:347)
	at com.jetbrains.plugin.structure.intellij.plugin.IdePluginManager.createPlugin(IdePluginManager.kt:314)
	at com.jetbrains.plugin.structure.intellij.plugin.IdePluginManager.createPlugin$default(IdePluginManager.kt:312)
	at org.jetbrains.intellij.Utils.createPlugin(utils.kt:222)
	at org.jetbrains.intellij.dependency.BuiltinPluginsRegistry.add(BuiltinPluginsRegistry.kt:89)
	at org.jetbrains.intellij.dependency.BuiltinPluginsRegistry.fillFromDirectory(BuiltinPluginsRegistry.kt:47)
	at org.jetbrains.intellij.dependency.BuiltinPluginsRegistry.access$fillFromDirectory(BuiltinPluginsRegistry.kt:21)
	at org.jetbrains.intellij.dependency.BuiltinPluginsRegistry$Companion.fromDirectory(BuiltinPluginsRegistry.kt:127)
	at org.jetbrains.intellij.dependency.IdeaDependencyManager.createDependency(IdeaDependencyManager.kt:92)
	at org.jetbrains.intellij.dependency.IdeaDependencyManager.resolveLocal(IdeaDependencyManager.kt:430)
	at org.jetbrains.intellij.IntelliJPlugin$prepareIdeaDependencyProvider$1.call(IntelliJPlugin.kt:299)
	at org.jetbrains.intellij.IntelliJPlugin$prepareIdeaDependencyProvider$1.call(IntelliJPlugin.kt:266)
	at org.gradle.api.internal.provider.DefaultProvider.calculateOwnValue(DefaultProvider.java:72)
	at org.gradle.api.internal.provider.AbstractMinimalProvider.calculateValue(AbstractMinimalProvider.java:115)
	at org.gradle.api.internal.provider.TransformBackedProvider.calculateOwnValue(TransformBackedProvider.java:82)
	at org.gradle.api.internal.provider.AbstractMinimalProvider.calculateValue(AbstractMinimalProvider.java:115)
	at org.gradle.api.internal.provider.AbstractMinimalProvider.withFinalValue(AbstractMinimalProvider.java:168)
	at org.gradle.api.internal.provider.DefaultProperty.finalValue(DefaultProperty.java:133)
	at org.gradle.api.internal.provider.DefaultProperty.finalValue(DefaultProperty.java:26)
	at org.gradle.api.internal.provider.AbstractProperty.finalizeNow(AbstractProperty.java:245)
	at org.gradle.api.internal.provider.AbstractProperty.beforeRead(AbstractProperty.java:239)
	at org.gradle.api.internal.provider.AbstractProperty.calculateOwnValue(AbstractProperty.java:135)
	at org.gradle.api.internal.provider.AbstractMinimalProvider.calculateValue(AbstractMinimalProvider.java:115)
	at org.gradle.api.internal.provider.TransformBackedProvider.calculateOwnValue(TransformBackedProvider.java:82)
	at org.gradle.api.internal.provider.AbstractMinimalProvider.calculateValue(AbstractMinimalProvider.java:115)
	at org.gradle.api.internal.provider.TransformBackedProvider.calculateOwnValue(TransformBackedProvider.java:82)
	at org.gradle.api.internal.provider.AbstractMinimalProvider.calculateValue(AbstractMinimalProvider.java:115)
	at org.gradle.api.internal.provider.DefaultProperty.calculateValueFrom(DefaultProperty.java:128)
	at org.gradle.api.internal.provider.DefaultProperty.calculateValueFrom(DefaultProperty.java:26)
	at org.gradle.api.internal.provider.AbstractProperty.doCalculateValue(AbstractProperty.java:142)
	at org.gradle.api.internal.provider.AbstractProperty.calculateOwnValue(AbstractProperty.java:136)
	at org.gradle.api.internal.provider.AbstractMinimalProvider.getOrNull(AbstractMinimalProvider.java:105)
	at org.jetbrains.intellij.IntelliJPlugin$prepareConventionMappingsForRunIdeTask$8.call(IntelliJPlugin.kt:963)
	at org.jetbrains.intellij.IntelliJPlugin$prepareConventionMappingsForRunIdeTask$8.call(IntelliJPlugin.kt:958)
	at org.gradle.api.internal.provider.DefaultProvider.calculateOwnValue(DefaultProvider.java:72)
	at org.gradle.api.internal.provider.AbstractMinimalProvider.calculateValue(AbstractMinimalProvider.java:115)
	at org.gradle.api.internal.provider.TransformBackedProvider.calculateOwnValue(TransformBackedProvider.java:82)
	at org.gradle.api.internal.provider.AbstractMinimalProvider.calculateValue(AbstractMinimalProvider.java:115)
	at org.gradle.api.internal.provider.DefaultProperty.calculateValueFrom(DefaultProperty.java:128)
	at org.gradle.api.internal.provider.DefaultProperty.calculateValueFrom(DefaultProperty.java:26)
	at org.gradle.api.internal.provider.AbstractProperty.doCalculateValue(AbstractProperty.java:142)
	at org.gradle.api.internal.provider.AbstractProperty.calculateOwnValue(AbstractProperty.java:136)
	at org.gradle.api.internal.provider.AbstractMinimalProvider.calculateOwnPresentValue(AbstractMinimalProvider.java:80)
	at org.gradle.api.internal.provider.AbstractMinimalProvider.get(AbstractMinimalProvider.java:100)
	at org.jetbrains.intellij.tasks.RunIdeBase.getExecutable(RunIdeBase.kt:202)
	at org.jetbrains.intellij.tasks.BuildSearchableOptionsTask_Decorated.getExecutable(Unknown Source)
	at org.gradle.api.tasks.internal.JavaExecExecutableUtils.getExecutableOverrideToolchainSpec(JavaExecExecutableUtils.java:30)
	at org.gradle.api.tasks.JavaExec.lambda$new$0(JavaExec.java:144)
	at org.gradle.api.internal.provider.DefaultProvider.calculateOwnValue(DefaultProvider.java:72)
	at org.gradle.api.internal.provider.AbstractMinimalProvider.calculateValue(AbstractMinimalProvider.java:115)
	at org.gradle.api.internal.provider.FlatMapProvider.calculateOwnValue(FlatMapProvider.java:46)
	at org.gradle.api.internal.provider.AbstractMinimalProvider.calculateValue(AbstractMinimalProvider.java:115)
	at org.gradle.api.internal.provider.OrElseProvider.calculateOwnValue(OrElseProvider.java:76)
	at org.gradle.api.internal.provider.AbstractMinimalProvider.calculateValue(AbstractMinimalProvider.java:115)
	at org.gradle.api.internal.provider.TransformBackedProvider.calculateOwnValue(TransformBackedProvider.java:82)
	at org.gradle.api.internal.provider.AbstractMinimalProvider.calculateValue(AbstractMinimalProvider.java:115)
	at org.gradle.api.internal.provider.AbstractMinimalProvider.withFinalValue(AbstractMinimalProvider.java:168)
	at org.gradle.api.internal.provider.DefaultProperty.finalValue(DefaultProperty.java:133)
	at org.gradle.api.internal.provider.DefaultProperty.finalValue(DefaultProperty.java:26)
	at org.gradle.api.internal.provider.AbstractProperty.finalizeNow(AbstractProperty.java:245)
	at org.gradle.api.internal.provider.AbstractProperty.beforeRead(AbstractProperty.java:239)
	at org.gradle.api.internal.provider.AbstractProperty.calculateOwnValue(AbstractProperty.java:135)
	at org.gradle.api.internal.provider.AbstractMinimalProvider.getOrNull(AbstractMinimalProvider.java:105)
	at org.gradle.internal.properties.annotations.AbstractTypeMetadataWalker$InstanceTypeMetadataWalker.lambda$walkNestedProvider$0(AbstractTypeMetadataWalker.java:137)
	at org.gradle.internal.properties.annotations.AbstractTypeMetadataWalker$InstanceTypeMetadataWalker.walkNestedChild(AbstractTypeMetadataWalker.java:184)
	at org.gradle.internal.properties.annotations.AbstractTypeMetadataWalker$InstanceTypeMetadataWalker.walkNestedProvider(AbstractTypeMetadataWalker.java:136)
	at org.gradle.internal.properties.annotations.AbstractTypeMetadataWalker$InstanceTypeMetadataWalker.walkNestedProvider(AbstractTypeMetadataWalker.java:118)
	at org.gradle.internal.properties.annotations.AbstractTypeMetadataWalker.walkNested(AbstractTypeMetadataWalker.java:60)
	at org.gradle.internal.properties.annotations.AbstractTypeMetadataWalker.lambda$walkChildren$3(AbstractTypeMetadataWalker.java:85)
	at org.gradle.internal.properties.annotations.AbstractTypeMetadataWalker$InstanceTypeMetadataWalker.walkNestedChild(AbstractTypeMetadataWalker.java:190)
	at org.gradle.internal.properties.annotations.AbstractTypeMetadataWalker$InstanceTypeMetadataWalker.walkNestedChild(AbstractTypeMetadataWalker.java:171)
	at org.gradle.internal.properties.annotations.AbstractTypeMetadataWalker$InstanceTypeMetadataWalker.walkNestedChild(AbstractTypeMetadataWalker.java:118)
	at org.gradle.internal.properties.annotations.AbstractTypeMetadataWalker.lambda$walkChildren$4(AbstractTypeMetadataWalker.java:85)
	at java.base/java.lang.Iterable.forEach(Iterable.java:75)
	at org.gradle.internal.properties.annotations.AbstractTypeMetadataWalker.walkChildren(AbstractTypeMetadataWalker.java:83)
	at org.gradle.internal.properties.annotations.AbstractTypeMetadataWalker.walk(AbstractTypeMetadataWalker.java:53)
	at org.gradle.internal.properties.bean.DefaultPropertyWalker.visitProperties(DefaultPropertyWalker.java:65)
	at org.gradle.api.internal.tasks.TaskPropertyUtils.visitAnnotatedProperties(TaskPropertyUtils.java:58)
	at org.gradle.api.internal.tasks.TaskPropertyUtils.visitProperties(TaskPropertyUtils.java:45)
	at org.gradle.api.internal.tasks.TaskPropertyUtils.visitProperties(TaskPropertyUtils.java:35)
	at org.gradle.api.internal.tasks.DefaultTaskInputs.visitDependencies(DefaultTaskInputs.java:195)
	at org.gradle.api.internal.tasks.DefaultTaskDependency.visitDependencies(DefaultTaskDependency.java:112)
	at org.gradle.api.internal.tasks.CachingTaskDependencyResolveContext$TaskGraphImpl.getNodeValues(CachingTaskDependencyResolveContext.java:103)
	at org.gradle.internal.graph.CachingDirectedGraphWalker$GraphWithEmptyEdges.getNodeValues(CachingDirectedGraphWalker.java:213)
	at org.gradle.internal.graph.CachingDirectedGraphWalker.doSearch(CachingDirectedGraphWalker.java:121)
	at org.gradle.internal.graph.CachingDirectedGraphWalker.findValues(CachingDirectedGraphWalker.java:73)
	at org.gradle.api.internal.tasks.CachingTaskDependencyResolveContext.getDependencies(CachingTaskDependencyResolveContext.java:66)
	at org.gradle.execution.plan.TaskDependencyResolver.resolveDependenciesFor(TaskDependencyResolver.java:49)
	at org.gradle.execution.plan.LocalTaskNode.getDependencies(LocalTaskNode.java:148)
	at org.gradle.execution.plan.LocalTaskNode.resolveDependencies(LocalTaskNode.java:122)
	at org.gradle.execution.plan.DefaultExecutionPlan.discoverNodeRelationships(DefaultExecutionPlan.java:183)
	at org.gradle.execution.plan.DefaultExecutionPlan.doAddEntryNodes(DefaultExecutionPlan.java:155)
	at org.gradle.execution.plan.DefaultExecutionPlan.addEntryTasks(DefaultExecutionPlan.java:130)
	at org.gradle.execution.plan.DefaultExecutionPlan.addEntryTasks(DefaultExecutionPlan.java:122)
	at org.gradle.execution.TaskNameResolvingBuildTaskScheduler.scheduleRequestedTasks(TaskNameResolvingBuildTaskScheduler.java:54)
	at org.gradle.execution.DefaultTasksBuildTaskScheduler.scheduleRequestedTasks(DefaultTasksBuildTaskScheduler.java:72)
	at org.gradle.initialization.DefaultTaskExecutionPreparer.lambda$scheduleRequestedTasks$0(DefaultTaskExecutionPreparer.java:46)
	at org.gradle.internal.Factories$1.create(Factories.java:31)
	at org.gradle.internal.work.DefaultWorkerLeaseService.withReplacedLocks(DefaultWorkerLeaseService.java:360)
	at org.gradle.api.internal.project.DefaultProjectStateRegistry$DefaultBuildProjectRegistry.withMutableStateOfAllProjects(DefaultProjectStateRegistry.java:239)
	at org.gradle.api.internal.project.DefaultProjectStateRegistry$DefaultBuildProjectRegistry.withMutableStateOfAllProjects(DefaultProjectStateRegistry.java:232)
	at org.gradle.initialization.DefaultTaskExecutionPreparer.scheduleRequestedTasks(DefaultTaskExecutionPreparer.java:45)
	at org.gradle.initialization.VintageBuildModelController.lambda$scheduleRequestedTasks$0(VintageBuildModelController.java:76)
	at org.gradle.internal.model.StateTransitionController.lambda$inState$1(StateTransitionController.java:99)
	at org.gradle.internal.model.StateTransitionController.lambda$inState$2(StateTransitionController.java:114)
	at org.gradle.internal.work.DefaultSynchronizer.withLock(DefaultSynchronizer.java:44)
	at org.gradle.internal.model.StateTransitionController.inState(StateTransitionController.java:110)
	at org.gradle.internal.model.StateTransitionController.inState(StateTransitionController.java:98)
	at org.gradle.initialization.VintageBuildModelController.scheduleRequestedTasks(VintageBuildModelController.java:76)
	at org.gradle.internal.build.DefaultBuildLifecycleController$DefaultWorkGraphBuilder.addRequestedTasks(DefaultBuildLifecycleController.java:404)
	at org.gradle.internal.buildtree.DefaultBuildTreeWorkPreparer.lambda$scheduleRequestedTasks$0(DefaultBuildTreeWorkPreparer.java:41)
	at org.gradle.internal.build.DefaultBuildLifecycleController.lambda$populateWorkGraph$7(DefaultBuildLifecycleController.java:189)
	at org.gradle.internal.build.DefaultBuildWorkPreparer.populateWorkGraph(DefaultBuildWorkPreparer.java:42)
	at org.gradle.internal.build.BuildOperationFiringBuildWorkPreparer$PopulateWorkGraph.populateTaskGraph(BuildOperationFiringBuildWorkPreparer.java:106)
	at org.gradle.internal.build.BuildOperationFiringBuildWorkPreparer$PopulateWorkGraph.run(BuildOperationFiringBuildWorkPreparer.java:92)
	at org.gradle.internal.operations.DefaultBuildOperationRunner$1.execute(DefaultBuildOperationRunner.java:29)
	at org.gradle.internal.operations.DefaultBuildOperationRunner$1.execute(DefaultBuildOperationRunner.java:26)
	at org.gradle.internal.operations.DefaultBuildOperationRunner$2.execute(DefaultBuildOperationRunner.java:66)
	at org.gradle.internal.operations.DefaultBuildOperationRunner$2.execute(DefaultBuildOperationRunner.java:59)
	at org.gradle.internal.operations.DefaultBuildOperationRunner.execute(DefaultBuildOperationRunner.java:157)
	at org.gradle.internal.operations.DefaultBuildOperationRunner.execute(DefaultBuildOperationRunner.java:59)
	at org.gradle.internal.operations.DefaultBuildOperationRunner.run(DefaultBuildOperationRunner.java:47)
	at org.gradle.internal.operations.DefaultBuildOperationExecutor.run(DefaultBuildOperationExecutor.java:68)
	at org.gradle.internal.build.BuildOperationFiringBuildWorkPreparer.populateWorkGraph(BuildOperationFiringBuildWorkPreparer.java:67)
	at org.gradle.internal.build.DefaultBuildLifecycleController.lambda$populateWorkGraph$8(DefaultBuildLifecycleController.java:189)
	at org.gradle.internal.model.StateTransitionController.lambda$inState$1(StateTransitionController.java:99)
	at org.gradle.internal.model.StateTransitionController.lambda$inState$2(StateTransitionController.java:114)
	at org.gradle.internal.work.DefaultSynchronizer.withLock(DefaultSynchronizer.java:44)
	at org.gradle.internal.model.StateTransitionController.inState(StateTransitionController.java:110)
	at org.gradle.internal.model.StateTransitionController.inState(StateTransitionController.java:98)
	at org.gradle.internal.build.DefaultBuildLifecycleController.populateWorkGraph(DefaultBuildLifecycleController.java:189)
	at org.gradle.internal.build.DefaultBuildWorkGraphController$DefaultBuildWorkGraph.populateWorkGraph(DefaultBuildWorkGraphController.java:169)
	at org.gradle.composite.internal.DefaultBuildController.populateWorkGraph(DefaultBuildController.java:76)
	at org.gradle.composite.internal.DefaultIncludedBuildTaskGraph$DefaultBuildTreeWorkGraphBuilder.withWorkGraph(DefaultIncludedBuildTaskGraph.java:153)
	at org.gradle.internal.buildtree.DefaultBuildTreeWorkPreparer.lambda$scheduleRequestedTasks$1(DefaultBuildTreeWorkPreparer.java:41)
	at org.gradle.composite.internal.DefaultIncludedBuildTaskGraph$DefaultBuildTreeWorkGraph$1.run(DefaultIncludedBuildTaskGraph.java:209)
	at org.gradle.internal.operations.DefaultBuildOperationRunner$1.execute(DefaultBuildOperationRunner.java:29)
	at org.gradle.internal.operations.DefaultBuildOperationRunner$1.execute(DefaultBuildOperationRunner.java:26)
	at org.gradle.internal.operations.DefaultBuildOperationRunner$2.execute(DefaultBuildOperationRunner.java:66)
	at org.gradle.internal.operations.DefaultBuildOperationRunner$2.execute(DefaultBuildOperationRunner.java:59)
	at org.gradle.internal.operations.DefaultBuildOperationRunner.execute(DefaultBuildOperationRunner.java:157)
	at org.gradle.internal.operations.DefaultBuildOperationRunner.execute(DefaultBuildOperationRunner.java:59)
	at org.gradle.internal.operations.DefaultBuildOperationRunner.run(DefaultBuildOperationRunner.java:47)
	at org.gradle.internal.operations.DefaultBuildOperationExecutor.run(DefaultBuildOperationExecutor.java:68)
	at org.gradle.composite.internal.DefaultIncludedBuildTaskGraph$DefaultBuildTreeWorkGraph.scheduleWork(DefaultIncludedBuildTaskGraph.java:204)
	at org.gradle.internal.buildtree.DefaultBuildTreeWorkPreparer.scheduleRequestedTasks(DefaultBuildTreeWorkPreparer.java:37)
	at org.gradle.configurationcache.VintageBuildTreeWorkController$scheduleAndRunRequestedTasks$1.apply(VintageBuildTreeWorkController.kt:36)
	at org.gradle.configurationcache.VintageBuildTreeWorkController$scheduleAndRunRequestedTasks$1.apply(VintageBuildTreeWorkController.kt:35)
	at org.gradle.composite.internal.DefaultIncludedBuildTaskGraph.withNewWorkGraph(DefaultIncludedBuildTaskGraph.java:112)
	at org.gradle.configurationcache.VintageBuildTreeWorkController.scheduleAndRunRequestedTasks(VintageBuildTreeWorkController.kt:35)
	at org.gradle.internal.buildtree.DefaultBuildTreeLifecycleController.lambda$scheduleAndRunTasks$1(DefaultBuildTreeLifecycleController.java:76)
	at org.gradle.internal.buildtree.DefaultBuildTreeLifecycleController.lambda$runBuild$4(DefaultBuildTreeLifecycleController.java:119)
	at org.gradle.internal.model.StateTransitionController.lambda$transition$6(StateTransitionController.java:169)
	at org.gradle.internal.model.StateTransitionController.doTransition(StateTransitionController.java:266)
	at org.gradle.internal.model.StateTransitionController.lambda$transition$7(StateTransitionController.java:169)
	at org.gradle.internal.work.DefaultSynchronizer.withLock(DefaultSynchronizer.java:44)
	at org.gradle.internal.model.StateTransitionController.transition(StateTransitionController.java:169)
	at org.gradle.internal.buildtree.DefaultBuildTreeLifecycleController.runBuild(DefaultBuildTreeLifecycleController.java:116)
	at org.gradle.internal.buildtree.DefaultBuildTreeLifecycleController.scheduleAndRunTasks(DefaultBuildTreeLifecycleController.java:76)
	at org.gradle.internal.buildtree.DefaultBuildTreeLifecycleController.scheduleAndRunTasks(DefaultBuildTreeLifecycleController.java:71)
	at org.gradle.tooling.internal.provider.ExecuteBuildActionRunner.run(ExecuteBuildActionRunner.java:31)
	at org.gradle.launcher.exec.ChainingBuildActionRunner.run(ChainingBuildActionRunner.java:35)
	at org.gradle.internal.buildtree.ProblemReportingBuildActionRunner.run(ProblemReportingBuildActionRunner.java:49)
	at org.gradle.launcher.exec.BuildOutcomeReportingBuildActionRunner.run(BuildOutcomeReportingBuildActionRunner.java:65)
	at org.gradle.tooling.internal.provider.FileSystemWatchingBuildActionRunner.run(FileSystemWatchingBuildActionRunner.java:140)
	at org.gradle.launcher.exec.BuildCompletionNotifyingBuildActionRunner.run(BuildCompletionNotifyingBuildActionRunner.java:41)
	at org.gradle.launcher.exec.RootBuildLifecycleBuildActionExecutor.lambda$execute$0(RootBuildLifecycleBuildActionExecutor.java:40)
	at org.gradle.composite.internal.DefaultRootBuildState.run(DefaultRootBuildState.java:123)
	at org.gradle.launcher.exec.RootBuildLifecycleBuildActionExecutor.execute(RootBuildLifecycleBuildActionExecutor.java:40)
	at org.gradle.internal.buildtree.InitDeprecationLoggingActionExecutor.execute(InitDeprecationLoggingActionExecutor.java:62)
	at org.gradle.internal.buildtree.InitProblems.execute(InitProblems.java:38)
	at org.gradle.internal.buildtree.DefaultBuildTreeContext.execute(DefaultBuildTreeContext.java:40)
	at org.gradle.launcher.exec.BuildTreeLifecycleBuildActionExecutor.lambda$execute$0(BuildTreeLifecycleBuildActionExecutor.java:58)
	at org.gradle.internal.buildtree.BuildTreeState.run(BuildTreeState.java:58)
	at org.gradle.launcher.exec.BuildTreeLifecycleBuildActionExecutor.execute(BuildTreeLifecycleBuildActionExecutor.java:58)
	at org.gradle.launcher.exec.RunAsBuildOperationBuildActionExecutor$3.call(RunAsBuildOperationBuildActionExecutor.java:61)
	at org.gradle.launcher.exec.RunAsBuildOperationBuildActionExecutor$3.call(RunAsBuildOperationBuildActionExecutor.java:57)
	at org.gradle.internal.operations.DefaultBuildOperationRunner$CallableBuildOperationWorker.execute(DefaultBuildOperationRunner.java:204)
	at org.gradle.internal.operations.DefaultBuildOperationRunner$CallableBuildOperationWorker.execute(DefaultBuildOperationRunner.java:199)
	at org.gradle.internal.operations.DefaultBuildOperationRunner$2.execute(DefaultBuildOperationRunner.java:66)
	at org.gradle.internal.operations.DefaultBuildOperationRunner$2.execute(DefaultBuildOperationRunner.java:59)
	at org.gradle.internal.operations.DefaultBuildOperationRunner.execute(DefaultBuildOperationRunner.java:157)
	at org.gradle.internal.operations.DefaultBuildOperationRunner.execute(DefaultBuildOperationRunner.java:59)
	at org.gradle.internal.operations.DefaultBuildOperationRunner.call(DefaultBuildOperationRunner.java:53)
	at org.gradle.internal.operations.DefaultBuildOperationExecutor.call(DefaultBuildOperationExecutor.java:73)
	at org.gradle.launcher.exec.RunAsBuildOperationBuildActionExecutor.execute(RunAsBuildOperationBuildActionExecutor.java:57)
	at org.gradle.launcher.exec.RunAsWorkerThreadBuildActionExecutor.lambda$execute$0(RunAsWorkerThreadBuildActionExecutor.java:36)
	at org.gradle.internal.work.DefaultWorkerLeaseService.withLocks(DefaultWorkerLeaseService.java:264)
	at org.gradle.internal.work.DefaultWorkerLeaseService.runAsWorkerThread(DefaultWorkerLeaseService.java:128)
	at org.gradle.launcher.exec.RunAsWorkerThreadBuildActionExecutor.execute(RunAsWorkerThreadBuildActionExecutor.java:36)
	at org.gradle.tooling.internal.provider.continuous.ContinuousBuildActionExecutor.execute(ContinuousBuildActionExecutor.java:110)
	at org.gradle.tooling.internal.provider.SubscribableBuildActionExecutor.execute(SubscribableBuildActionExecutor.java:64)
	at org.gradle.internal.session.DefaultBuildSessionContext.execute(DefaultBuildSessionContext.java:46)
	at org.gradle.tooling.internal.provider.BuildSessionLifecycleBuildActionExecuter$ActionImpl.apply(BuildSessionLifecycleBuildActionExecuter.java:92)
	at org.gradle.tooling.internal.provider.BuildSessionLifecycleBuildActionExecuter$ActionImpl.apply(BuildSessionLifecycleBuildActionExecuter.java:80)
	at org.gradle.internal.session.BuildSessionState.run(BuildSessionState.java:69)
	at org.gradle.tooling.internal.provider.BuildSessionLifecycleBuildActionExecuter.execute(BuildSessionLifecycleBuildActionExecuter.java:62)
	at org.gradle.tooling.internal.provider.BuildSessionLifecycleBuildActionExecuter.execute(BuildSessionLifecycleBuildActionExecuter.java:41)
	at org.gradle.tooling.internal.provider.StartParamsValidatingActionExecuter.execute(StartParamsValidatingActionExecuter.java:64)
	at org.gradle.tooling.internal.provider.StartParamsValidatingActionExecuter.execute(StartParamsValidatingActionExecuter.java:32)
	at org.gradle.tooling.internal.provider.SessionFailureReportingActionExecuter.execute(SessionFailureReportingActionExecuter.java:51)
	at org.gradle.tooling.internal.provider.SessionFailureReportingActionExecuter.execute(SessionFailureReportingActionExecuter.java:39)
	at org.gradle.tooling.internal.provider.SetupLoggingActionExecuter.execute(SetupLoggingActionExecuter.java:47)
	at org.gradle.tooling.internal.provider.SetupLoggingActionExecuter.execute(SetupLoggingActionExecuter.java:31)
	at org.gradle.launcher.daemon.server.exec.ExecuteBuild.doBuild(ExecuteBuild.java:65)
	at org.gradle.launcher.daemon.server.exec.BuildCommandOnly.execute(BuildCommandOnly.java:37)
	at org.gradle.launcher.daemon.server.api.DaemonCommandExecution.proceed(DaemonCommandExecution.java:104)
	at org.gradle.launcher.daemon.server.exec.WatchForDisconnection.execute(WatchForDisconnection.java:39)
	at org.gradle.launcher.daemon.server.api.DaemonCommandExecution.proceed(DaemonCommandExecution.java:104)
	at org.gradle.launcher.daemon.server.exec.ResetDeprecationLogger.execute(ResetDeprecationLogger.java:29)
	at org.gradle.launcher.daemon.server.api.DaemonCommandExecution.proceed(DaemonCommandExecution.java:104)
	at org.gradle.launcher.daemon.server.exec.RequestStopIfSingleUsedDaemon.execute(RequestStopIfSingleUsedDaemon.java:35)
	at org.gradle.launcher.daemon.server.api.DaemonCommandExecution.proceed(DaemonCommandExecution.java:104)
	at org.gradle.launcher.daemon.server.exec.ForwardClientInput$2.create(ForwardClientInput.java:78)
	at org.gradle.launcher.daemon.server.exec.ForwardClientInput$2.create(ForwardClientInput.java:75)
	at org.gradle.util.internal.Swapper.swap(Swapper.java:38)
	at org.gradle.launcher.daemon.server.exec.ForwardClientInput.execute(ForwardClientInput.java:75)
	at org.gradle.launcher.daemon.server.api.DaemonCommandExecution.proceed(DaemonCommandExecution.java:104)
	at org.gradle.launcher.daemon.server.exec.LogAndCheckHealth.execute(LogAndCheckHealth.java:64)
	at org.gradle.launcher.daemon.server.api.DaemonCommandExecution.proceed(DaemonCommandExecution.java:104)
	at org.gradle.launcher.daemon.server.exec.LogToClient.doBuild(LogToClient.java:63)
	at org.gradle.launcher.daemon.server.exec.BuildCommandOnly.execute(BuildCommandOnly.java:37)
	at org.gradle.launcher.daemon.server.api.DaemonCommandExecution.proceed(DaemonCommandExecution.java:104)
	at org.gradle.launcher.daemon.server.exec.EstablishBuildEnvironment.doBuild(EstablishBuildEnvironment.java:84)
	at org.gradle.launcher.daemon.server.exec.BuildCommandOnly.execute(BuildCommandOnly.java:37)
	at org.gradle.launcher.daemon.server.api.DaemonCommandExecution.proceed(DaemonCommandExecution.java:104)
	at org.gradle.launcher.daemon.server.exec.StartBuildOrRespondWithBusy$1.run(StartBuildOrRespondWithBusy.java:52)
	at org.gradle.launcher.daemon.server.DaemonStateCoordinator$1.run(DaemonStateCoordinator.java:297)
	at org.gradle.internal.concurrent.ExecutorPolicy$CatchAndRecordFailures.onExecute(ExecutorPolicy.java:64)
	at org.gradle.internal.concurrent.AbstractManagedExecutor$1.run(AbstractManagedExecutor.java:47)
	at java.base/java.util.concurrent.ThreadPoolExecutor.runWorker(ThreadPoolExecutor.java:1136)
	at java.base/java.util.concurrent.ThreadPoolExecutor$Worker.run(ThreadPoolExecutor.java:635)
	at java.base/java.lang.Thread.run(Thread.java:840)
[gradle-intellij-plugin :] Cannot create plugin from file '/opt/android-studio/plugins/copyright': Invalid plugin descriptor 'plugin.xml'. Unable to read the plugin descriptor: No enum constant com.jetbrains.plugin.structure.intellij.plugin.IdePluginContentDescriptor.ServiceType.APPLİCATİON.
Unable to read descriptor [../intellij.devkit.core.xml] from [/opt/android-studio/plugins/devkit/lib/devkit.jar]
java.lang.IllegalArgumentException: No enum constant com.jetbrains.plugin.structure.intellij.plugin.IdePluginContentDescriptor.ServiceType.APPLİCATİON
	at java.base/java.lang.Enum.valueOf(Enum.java:273)
	at com.jetbrains.plugin.structure.intellij.plugin.IdePluginContentDescriptor$ServiceType.valueOf(IdePluginContents.kt)
	at com.jetbrains.plugin.structure.intellij.plugin.PluginCreator.readServiceDescriptor(PluginCreator.kt:406)
	at com.jetbrains.plugin.structure.intellij.plugin.PluginCreator.readExtensions(PluginCreator.kt:341)
	at com.jetbrains.plugin.structure.intellij.plugin.PluginCreator.setInfoFromBean(PluginCreator.kt:320)
	at com.jetbrains.plugin.structure.intellij.plugin.PluginCreator.resolveDocumentAndValidateBean(PluginCreator.kt:664)
	at com.jetbrains.plugin.structure.intellij.plugin.PluginCreator.access$resolveDocumentAndValidateBean(PluginCreator.kt:31)
	at com.jetbrains.plugin.structure.intellij.plugin.PluginCreator$Companion.createPlugin(PluginCreator.kt:109)
	at com.jetbrains.plugin.structure.intellij.plugin.IdePluginManager.loadPluginInfoFromJarFile(IdePluginManager.kt:62)
	at com.jetbrains.plugin.structure.intellij.plugin.IdePluginManager.loadPluginInfoFromLibDirectory(IdePluginManager.kt:165)
	at com.jetbrains.plugin.structure.intellij.plugin.IdePluginManager.loadPluginInfoFromDirectory(IdePluginManager.kt:97)
	at com.jetbrains.plugin.structure.intellij.plugin.IdePluginManager.loadPluginInfoFromJarOrDirectory(IdePluginManager.kt:206)
	at com.jetbrains.plugin.structure.intellij.plugin.IdePluginManager.resolveContentModules(IdePluginManager.kt:238)
	at com.jetbrains.plugin.structure.intellij.plugin.IdePluginManager.getPluginCreatorWithResult(IdePluginManager.kt:349)
	at com.jetbrains.plugin.structure.intellij.plugin.IdePluginManager.createPlugin(IdePluginManager.kt:314)
	at com.jetbrains.plugin.structure.intellij.plugin.IdePluginManager.createPlugin$default(IdePluginManager.kt:312)
	at org.jetbrains.intellij.Utils.createPlugin(utils.kt:222)
	at org.jetbrains.intellij.dependency.BuiltinPluginsRegistry.add(BuiltinPluginsRegistry.kt:89)
	at org.jetbrains.intellij.dependency.BuiltinPluginsRegistry.fillFromDirectory(BuiltinPluginsRegistry.kt:47)
	at org.jetbrains.intellij.dependency.BuiltinPluginsRegistry.access$fillFromDirectory(BuiltinPluginsRegistry.kt:21)
	at org.jetbrains.intellij.dependency.BuiltinPluginsRegistry$Companion.fromDirectory(BuiltinPluginsRegistry.kt:127)
	at org.jetbrains.intellij.dependency.IdeaDependencyManager.createDependency(IdeaDependencyManager.kt:92)
	at org.jetbrains.intellij.dependency.IdeaDependencyManager.resolveLocal(IdeaDependencyManager.kt:430)
	at org.jetbrains.intellij.IntelliJPlugin$prepareIdeaDependencyProvider$1.call(IntelliJPlugin.kt:299)
	at org.jetbrains.intellij.IntelliJPlugin$prepareIdeaDependencyProvider$1.call(IntelliJPlugin.kt:266)
	at org.gradle.api.internal.provider.DefaultProvider.calculateOwnValue(DefaultProvider.java:72)
	at org.gradle.api.internal.provider.AbstractMinimalProvider.calculateValue(AbstractMinimalProvider.java:115)
	at org.gradle.api.internal.provider.TransformBackedProvider.calculateOwnValue(TransformBackedProvider.java:82)
	at org.gradle.api.internal.provider.AbstractMinimalProvider.calculateValue(AbstractMinimalProvider.java:115)
	at org.gradle.api.internal.provider.AbstractMinimalProvider.withFinalValue(AbstractMinimalProvider.java:168)
	at org.gradle.api.internal.provider.DefaultProperty.finalValue(DefaultProperty.java:133)
	at org.gradle.api.internal.provider.DefaultProperty.finalValue(DefaultProperty.java:26)
	at org.gradle.api.internal.provider.AbstractProperty.finalizeNow(AbstractProperty.java:245)
	at org.gradle.api.internal.provider.AbstractProperty.beforeRead(AbstractProperty.java:239)
	at org.gradle.api.internal.provider.AbstractProperty.calculateOwnValue(AbstractProperty.java:135)
	at org.gradle.api.internal.provider.AbstractMinimalProvider.calculateValue(AbstractMinimalProvider.java:115)
	at org.gradle.api.internal.provider.TransformBackedProvider.calculateOwnValue(TransformBackedProvider.java:82)
	at org.gradle.api.internal.provider.AbstractMinimalProvider.calculateValue(AbstractMinimalProvider.java:115)
	at org.gradle.api.internal.provider.TransformBackedProvider.calculateOwnValue(TransformBackedProvider.java:82)
	at org.gradle.api.internal.provider.AbstractMinimalProvider.calculateValue(AbstractMinimalProvider.java:115)
	at org.gradle.api.internal.provider.DefaultProperty.calculateValueFrom(DefaultProperty.java:128)
	at org.gradle.api.internal.provider.DefaultProperty.calculateValueFrom(DefaultProperty.java:26)
	at org.gradle.api.internal.provider.AbstractProperty.doCalculateValue(AbstractProperty.java:142)
	at org.gradle.api.internal.provider.AbstractProperty.calculateOwnValue(AbstractProperty.java:136)
	at org.gradle.api.internal.provider.AbstractMinimalProvider.getOrNull(AbstractMinimalProvider.java:105)
	at org.jetbrains.intellij.IntelliJPlugin$prepareConventionMappingsForRunIdeTask$8.call(IntelliJPlugin.kt:963)
	at org.jetbrains.intellij.IntelliJPlugin$prepareConventionMappingsForRunIdeTask$8.call(IntelliJPlugin.kt:958)
	at org.gradle.api.internal.provider.DefaultProvider.calculateOwnValue(DefaultProvider.java:72)
	at org.gradle.api.internal.provider.AbstractMinimalProvider.calculateValue(AbstractMinimalProvider.java:115)
	at org.gradle.api.internal.provider.TransformBackedProvider.calculateOwnValue(TransformBackedProvider.java:82)
	at org.gradle.api.internal.provider.AbstractMinimalProvider.calculateValue(AbstractMinimalProvider.java:115)
	at org.gradle.api.internal.provider.DefaultProperty.calculateValueFrom(DefaultProperty.java:128)
	at org.gradle.api.internal.provider.DefaultProperty.calculateValueFrom(DefaultProperty.java:26)
	at org.gradle.api.internal.provider.AbstractProperty.doCalculateValue(AbstractProperty.java:142)
	at org.gradle.api.internal.provider.AbstractProperty.calculateOwnValue(AbstractProperty.java:136)
	at org.gradle.api.internal.provider.AbstractMinimalProvider.calculateOwnPresentValue(AbstractMinimalProvider.java:80)
	at org.gradle.api.internal.provider.AbstractMinimalProvider.get(AbstractMinimalProvider.java:100)
	at org.jetbrains.intellij.tasks.RunIdeBase.getExecutable(RunIdeBase.kt:202)
	at org.jetbrains.intellij.tasks.BuildSearchableOptionsTask_Decorated.getExecutable(Unknown Source)
	at org.gradle.api.tasks.internal.JavaExecExecutableUtils.getExecutableOverrideToolchainSpec(JavaExecExecutableUtils.java:30)
	at org.gradle.api.tasks.JavaExec.lambda$new$0(JavaExec.java:144)
	at org.gradle.api.internal.provider.DefaultProvider.calculateOwnValue(DefaultProvider.java:72)
	at org.gradle.api.internal.provider.AbstractMinimalProvider.calculateValue(AbstractMinimalProvider.java:115)
	at org.gradle.api.internal.provider.FlatMapProvider.calculateOwnValue(FlatMapProvider.java:46)
	at org.gradle.api.internal.provider.AbstractMinimalProvider.calculateValue(AbstractMinimalProvider.java:115)
	at org.gradle.api.internal.provider.OrElseProvider.calculateOwnValue(OrElseProvider.java:76)
	at org.gradle.api.internal.provider.AbstractMinimalProvider.calculateValue(AbstractMinimalProvider.java:115)
	at org.gradle.api.internal.provider.TransformBackedProvider.calculateOwnValue(TransformBackedProvider.java:82)
	at org.gradle.api.internal.provider.AbstractMinimalProvider.calculateValue(AbstractMinimalProvider.java:115)
	at org.gradle.api.internal.provider.AbstractMinimalProvider.withFinalValue(AbstractMinimalProvider.java:168)
	at org.gradle.api.internal.provider.DefaultProperty.finalValue(DefaultProperty.java:133)
	at org.gradle.api.internal.provider.DefaultProperty.finalValue(DefaultProperty.java:26)
	at org.gradle.api.internal.provider.AbstractProperty.finalizeNow(AbstractProperty.java:245)
	at org.gradle.api.internal.provider.AbstractProperty.beforeRead(AbstractProperty.java:239)
	at org.gradle.api.internal.provider.AbstractProperty.calculateOwnValue(AbstractProperty.java:135)
	at org.gradle.api.internal.provider.AbstractMinimalProvider.getOrNull(AbstractMinimalProvider.java:105)
	at org.gradle.internal.properties.annotations.AbstractTypeMetadataWalker$InstanceTypeMetadataWalker.lambda$walkNestedProvider$0(AbstractTypeMetadataWalker.java:137)
	at org.gradle.internal.properties.annotations.AbstractTypeMetadataWalker$InstanceTypeMetadataWalker.walkNestedChild(AbstractTypeMetadataWalker.java:184)
	at org.gradle.internal.properties.annotations.AbstractTypeMetadataWalker$InstanceTypeMetadataWalker.walkNestedProvider(AbstractTypeMetadataWalker.java:136)
	at org.gradle.internal.properties.annotations.AbstractTypeMetadataWalker$InstanceTypeMetadataWalker.walkNestedProvider(AbstractTypeMetadataWalker.java:118)
	at org.gradle.internal.properties.annotations.AbstractTypeMetadataWalker.walkNested(AbstractTypeMetadataWalker.java:60)
	at org.gradle.internal.properties.annotations.AbstractTypeMetadataWalker.lambda$walkChildren$3(AbstractTypeMetadataWalker.java:85)
	at org.gradle.internal.properties.annotations.AbstractTypeMetadataWalker$InstanceTypeMetadataWalker.walkNestedChild(AbstractTypeMetadataWalker.java:190)
	at org.gradle.internal.properties.annotations.AbstractTypeMetadataWalker$InstanceTypeMetadataWalker.walkNestedChild(AbstractTypeMetadataWalker.java:171)
	at org.gradle.internal.properties.annotations.AbstractTypeMetadataWalker$InstanceTypeMetadataWalker.walkNestedChild(AbstractTypeMetadataWalker.java:118)
	at org.gradle.internal.properties.annotations.AbstractTypeMetadataWalker.lambda$walkChildren$4(AbstractTypeMetadataWalker.java:85)
	at java.base/java.lang.Iterable.forEach(Iterable.java:75)
	at org.gradle.internal.properties.annotations.AbstractTypeMetadataWalker.walkChildren(AbstractTypeMetadataWalker.java:83)
	at org.gradle.internal.properties.annotations.AbstractTypeMetadataWalker.walk(AbstractTypeMetadataWalker.java:53)
	at org.gradle.internal.properties.bean.DefaultPropertyWalker.visitProperties(DefaultPropertyWalker.java:65)
	at org.gradle.api.internal.tasks.TaskPropertyUtils.visitAnnotatedProperties(TaskPropertyUtils.java:58)
	at org.gradle.api.internal.tasks.TaskPropertyUtils.visitProperties(TaskPropertyUtils.java:45)
	at org.gradle.api.internal.tasks.TaskPropertyUtils.visitProperties(TaskPropertyUtils.java:35)
	at org.gradle.api.internal.tasks.DefaultTaskInputs.visitDependencies(DefaultTaskInputs.java:195)
	at org.gradle.api.internal.tasks.DefaultTaskDependency.visitDependencies(DefaultTaskDependency.java:112)
	at org.gradle.api.internal.tasks.CachingTaskDependencyResolveContext$TaskGraphImpl.getNodeValues(CachingTaskDependencyResolveContext.java:103)
	at org.gradle.internal.graph.CachingDirectedGraphWalker$GraphWithEmptyEdges.getNodeValues(CachingDirectedGraphWalker.java:213)
	at org.gradle.internal.graph.CachingDirectedGraphWalker.doSearch(CachingDirectedGraphWalker.java:121)
	at org.gradle.internal.graph.CachingDirectedGraphWalker.findValues(CachingDirectedGraphWalker.java:73)
	at org.gradle.api.internal.tasks.CachingTaskDependencyResolveContext.getDependencies(CachingTaskDependencyResolveContext.java:66)
	at org.gradle.execution.plan.TaskDependencyResolver.resolveDependenciesFor(TaskDependencyResolver.java:49)
	at org.gradle.execution.plan.LocalTaskNode.getDependencies(LocalTaskNode.java:148)
	at org.gradle.execution.plan.LocalTaskNode.resolveDependencies(LocalTaskNode.java:122)
	at org.gradle.execution.plan.DefaultExecutionPlan.discoverNodeRelationships(DefaultExecutionPlan.java:183)
	at org.gradle.execution.plan.DefaultExecutionPlan.doAddEntryNodes(DefaultExecutionPlan.java:155)
	at org.gradle.execution.plan.DefaultExecutionPlan.addEntryTasks(DefaultExecutionPlan.java:130)
	at org.gradle.execution.plan.DefaultExecutionPlan.addEntryTasks(DefaultExecutionPlan.java:122)
	at org.gradle.execution.TaskNameResolvingBuildTaskScheduler.scheduleRequestedTasks(TaskNameResolvingBuildTaskScheduler.java:54)
	at org.gradle.execution.DefaultTasksBuildTaskScheduler.scheduleRequestedTasks(DefaultTasksBuildTaskScheduler.java:72)
	at org.gradle.initialization.DefaultTaskExecutionPreparer.lambda$scheduleRequestedTasks$0(DefaultTaskExecutionPreparer.java:46)
	at org.gradle.internal.Factories$1.create(Factories.java:31)
	at org.gradle.internal.work.DefaultWorkerLeaseService.withReplacedLocks(DefaultWorkerLeaseService.java:360)
	at org.gradle.api.internal.project.DefaultProjectStateRegistry$DefaultBuildProjectRegistry.withMutableStateOfAllProjects(DefaultProjectStateRegistry.java:239)
	at org.gradle.api.internal.project.DefaultProjectStateRegistry$DefaultBuildProjectRegistry.withMutableStateOfAllProjects(DefaultProjectStateRegistry.java:232)
	at org.gradle.initialization.DefaultTaskExecutionPreparer.scheduleRequestedTasks(DefaultTaskExecutionPreparer.java:45)
	at org.gradle.initialization.VintageBuildModelController.lambda$scheduleRequestedTasks$0(VintageBuildModelController.java:76)
	at org.gradle.internal.model.StateTransitionController.lambda$inState$1(StateTransitionController.java:99)
	at org.gradle.internal.model.StateTransitionController.lambda$inState$2(StateTransitionController.java:114)
	at org.gradle.internal.work.DefaultSynchronizer.withLock(DefaultSynchronizer.java:44)
	at org.gradle.internal.model.StateTransitionController.inState(StateTransitionController.java:110)
	at org.gradle.internal.model.StateTransitionController.inState(StateTransitionController.java:98)
	at org.gradle.initialization.VintageBuildModelController.scheduleRequestedTasks(VintageBuildModelController.java:76)
	at org.gradle.internal.build.DefaultBuildLifecycleController$DefaultWorkGraphBuilder.addRequestedTasks(DefaultBuildLifecycleController.java:404)
	at org.gradle.internal.buildtree.DefaultBuildTreeWorkPreparer.lambda$scheduleRequestedTasks$0(DefaultBuildTreeWorkPreparer.java:41)
	at org.gradle.internal.build.DefaultBuildLifecycleController.lambda$populateWorkGraph$7(DefaultBuildLifecycleController.java:189)
	at org.gradle.internal.build.DefaultBuildWorkPreparer.populateWorkGraph(DefaultBuildWorkPreparer.java:42)
	at org.gradle.internal.build.BuildOperationFiringBuildWorkPreparer$PopulateWorkGraph.populateTaskGraph(BuildOperationFiringBuildWorkPreparer.java:106)
	at org.gradle.internal.build.BuildOperationFiringBuildWorkPreparer$PopulateWorkGraph.run(BuildOperationFiringBuildWorkPreparer.java:92)
	at org.gradle.internal.operations.DefaultBuildOperationRunner$1.execute(DefaultBuildOperationRunner.java:29)
	at org.gradle.internal.operations.DefaultBuildOperationRunner$1.execute(DefaultBuildOperationRunner.java:26)
	at org.gradle.internal.operations.DefaultBuildOperationRunner$2.execute(DefaultBuildOperationRunner.java:66)
	at org.gradle.internal.operations.DefaultBuildOperationRunner$2.execute(DefaultBuildOperationRunner.java:59)
	at org.gradle.internal.operations.DefaultBuildOperationRunner.execute(DefaultBuildOperationRunner.java:157)
	at org.gradle.internal.operations.DefaultBuildOperationRunner.execute(DefaultBuildOperationRunner.java:59)
	at org.gradle.internal.operations.DefaultBuildOperationRunner.run(DefaultBuildOperationRunner.java:47)
	at org.gradle.internal.operations.DefaultBuildOperationExecutor.run(DefaultBuildOperationExecutor.java:68)
	at org.gradle.internal.build.BuildOperationFiringBuildWorkPreparer.populateWorkGraph(BuildOperationFiringBuildWorkPreparer.java:67)
	at org.gradle.internal.build.DefaultBuildLifecycleController.lambda$populateWorkGraph$8(DefaultBuildLifecycleController.java:189)
	at org.gradle.internal.model.StateTransitionController.lambda$inState$1(StateTransitionController.java:99)
	at org.gradle.internal.model.StateTransitionController.lambda$inState$2(StateTransitionController.java:114)
	at org.gradle.internal.work.DefaultSynchronizer.withLock(DefaultSynchronizer.java:44)
	at org.gradle.internal.model.StateTransitionController.inState(StateTransitionController.java:110)
	at org.gradle.internal.model.StateTransitionController.inState(StateTransitionController.java:98)
	at org.gradle.internal.build.DefaultBuildLifecycleController.populateWorkGraph(DefaultBuildLifecycleController.java:189)
	at org.gradle.internal.build.DefaultBuildWorkGraphController$DefaultBuildWorkGraph.populateWorkGraph(DefaultBuildWorkGraphController.java:169)
	at org.gradle.composite.internal.DefaultBuildController.populateWorkGraph(DefaultBuildController.java:76)
	at org.gradle.composite.internal.DefaultIncludedBuildTaskGraph$DefaultBuildTreeWorkGraphBuilder.withWorkGraph(DefaultIncludedBuildTaskGraph.java:153)
	at org.gradle.internal.buildtree.DefaultBuildTreeWorkPreparer.lambda$scheduleRequestedTasks$1(DefaultBuildTreeWorkPreparer.java:41)
	at org.gradle.composite.internal.DefaultIncludedBuildTaskGraph$DefaultBuildTreeWorkGraph$1.run(DefaultIncludedBuildTaskGraph.java:209)
	at org.gradle.internal.operations.DefaultBuildOperationRunner$1.execute(DefaultBuildOperationRunner.java:29)
	at org.gradle.internal.operations.DefaultBuildOperationRunner$1.execute(DefaultBuildOperationRunner.java:26)
	at org.gradle.internal.operations.DefaultBuildOperationRunner$2.execute(DefaultBuildOperationRunner.java:66)
	at org.gradle.internal.operations.DefaultBuildOperationRunner$2.execute(DefaultBuildOperationRunner.java:59)
	at org.gradle.internal.operations.DefaultBuildOperationRunner.execute(DefaultBuildOperationRunner.java:157)
	at org.gradle.internal.operations.DefaultBuildOperationRunner.execute(DefaultBuildOperationRunner.java:59)
	at org.gradle.internal.operations.DefaultBuildOperationRunner.run(DefaultBuildOperationRunner.java:47)
	at org.gradle.internal.operations.DefaultBuildOperationExecutor.run(DefaultBuildOperationExecutor.java:68)
	at org.gradle.composite.internal.DefaultIncludedBuildTaskGraph$DefaultBuildTreeWorkGraph.scheduleWork(DefaultIncludedBuildTaskGraph.java:204)
	at org.gradle.internal.buildtree.DefaultBuildTreeWorkPreparer.scheduleRequestedTasks(DefaultBuildTreeWorkPreparer.java:37)
	at org.gradle.configurationcache.VintageBuildTreeWorkController$scheduleAndRunRequestedTasks$1.apply(VintageBuildTreeWorkController.kt:36)
	at org.gradle.configurationcache.VintageBuildTreeWorkController$scheduleAndRunRequestedTasks$1.apply(VintageBuildTreeWorkController.kt:35)
	at org.gradle.composite.internal.DefaultIncludedBuildTaskGraph.withNewWorkGraph(DefaultIncludedBuildTaskGraph.java:112)
	at org.gradle.configurationcache.VintageBuildTreeWorkController.scheduleAndRunRequestedTasks(VintageBuildTreeWorkController.kt:35)
	at org.gradle.internal.buildtree.DefaultBuildTreeLifecycleController.lambda$scheduleAndRunTasks$1(DefaultBuildTreeLifecycleController.java:76)
	at org.gradle.internal.buildtree.DefaultBuildTreeLifecycleController.lambda$runBuild$4(DefaultBuildTreeLifecycleController.java:119)
	at org.gradle.internal.model.StateTransitionController.lambda$transition$6(StateTransitionController.java:169)
	at org.gradle.internal.model.StateTransitionController.doTransition(StateTransitionController.java:266)
	at org.gradle.internal.model.StateTransitionController.lambda$transition$7(StateTransitionController.java:169)
	at org.gradle.internal.work.DefaultSynchronizer.withLock(DefaultSynchronizer.java:44)
	at org.gradle.internal.model.StateTransitionController.transition(StateTransitionController.java:169)
	at org.gradle.internal.buildtree.DefaultBuildTreeLifecycleController.runBuild(DefaultBuildTreeLifecycleController.java:116)
	at org.gradle.internal.buildtree.DefaultBuildTreeLifecycleController.scheduleAndRunTasks(DefaultBuildTreeLifecycleController.java:76)
	at org.gradle.internal.buildtree.DefaultBuildTreeLifecycleController.scheduleAndRunTasks(DefaultBuildTreeLifecycleController.java:71)
	at org.gradle.tooling.internal.provider.ExecuteBuildActionRunner.run(ExecuteBuildActionRunner.java:31)
	at org.gradle.launcher.exec.ChainingBuildActionRunner.run(ChainingBuildActionRunner.java:35)
	at org.gradle.internal.buildtree.ProblemReportingBuildActionRunner.run(ProblemReportingBuildActionRunner.java:49)
	at org.gradle.launcher.exec.BuildOutcomeReportingBuildActionRunner.run(BuildOutcomeReportingBuildActionRunner.java:65)
	at org.gradle.tooling.internal.provider.FileSystemWatchingBuildActionRunner.run(FileSystemWatchingBuildActionRunner.java:140)
	at org.gradle.launcher.exec.BuildCompletionNotifyingBuildActionRunner.run(BuildCompletionNotifyingBuildActionRunner.java:41)
	at org.gradle.launcher.exec.RootBuildLifecycleBuildActionExecutor.lambda$execute$0(RootBuildLifecycleBuildActionExecutor.java:40)
	at org.gradle.composite.internal.DefaultRootBuildState.run(DefaultRootBuildState.java:123)
	at org.gradle.launcher.exec.RootBuildLifecycleBuildActionExecutor.execute(RootBuildLifecycleBuildActionExecutor.java:40)
	at org.gradle.internal.buildtree.InitDeprecationLoggingActionExecutor.execute(InitDeprecationLoggingActionExecutor.java:62)
	at org.gradle.internal.buildtree.InitProblems.execute(InitProblems.java:38)
	at org.gradle.internal.buildtree.DefaultBuildTreeContext.execute(DefaultBuildTreeContext.java:40)
	at org.gradle.launcher.exec.BuildTreeLifecycleBuildActionExecutor.lambda$execute$0(BuildTreeLifecycleBuildActionExecutor.java:58)
	at org.gradle.internal.buildtree.BuildTreeState.run(BuildTreeState.java:58)
	at org.gradle.launcher.exec.BuildTreeLifecycleBuildActionExecutor.execute(BuildTreeLifecycleBuildActionExecutor.java:58)
	at org.gradle.launcher.exec.RunAsBuildOperationBuildActionExecutor$3.call(RunAsBuildOperationBuildActionExecutor.java:61)
	at org.gradle.launcher.exec.RunAsBuildOperationBuildActionExecutor$3.call(RunAsBuildOperationBuildActionExecutor.java:57)
	at org.gradle.internal.operations.DefaultBuildOperationRunner$CallableBuildOperationWorker.execute(DefaultBuildOperationRunner.java:204)
	at org.gradle.internal.operations.DefaultBuildOperationRunner$CallableBuildOperationWorker.execute(DefaultBuildOperationRunner.java:199)
	at org.gradle.internal.operations.DefaultBuildOperationRunner$2.execute(DefaultBuildOperationRunner.java:66)
	at org.gradle.internal.operations.DefaultBuildOperationRunner$2.execute(DefaultBuildOperationRunner.java:59)
	at org.gradle.internal.operations.DefaultBuildOperationRunner.execute(DefaultBuildOperationRunner.java:157)
	at org.gradle.internal.operations.DefaultBuildOperationRunner.execute(DefaultBuildOperationRunner.java:59)
	at org.gradle.internal.operations.DefaultBuildOperationRunner.call(DefaultBuildOperationRunner.java:53)
	at org.gradle.internal.operations.DefaultBuildOperationExecutor.call(DefaultBuildOperationExecutor.java:73)
	at org.gradle.launcher.exec.RunAsBuildOperationBuildActionExecutor.execute(RunAsBuildOperationBuildActionExecutor.java:57)
	at org.gradle.launcher.exec.RunAsWorkerThreadBuildActionExecutor.lambda$execute$0(RunAsWorkerThreadBuildActionExecutor.java:36)
	at org.gradle.internal.work.DefaultWorkerLeaseService.withLocks(DefaultWorkerLeaseService.java:264)
	at org.gradle.internal.work.DefaultWorkerLeaseService.runAsWorkerThread(DefaultWorkerLeaseService.java:128)
	at org.gradle.launcher.exec.RunAsWorkerThreadBuildActionExecutor.execute(RunAsWorkerThreadBuildActionExecutor.java:36)
	at org.gradle.tooling.internal.provider.continuous.ContinuousBuildActionExecutor.execute(ContinuousBuildActionExecutor.java:110)
	at org.gradle.tooling.internal.provider.SubscribableBuildActionExecutor.execute(SubscribableBuildActionExecutor.java:64)
	at org.gradle.internal.session.DefaultBuildSessionContext.execute(DefaultBuildSessionContext.java:46)
	at org.gradle.tooling.internal.provider.BuildSessionLifecycleBuildActionExecuter$ActionImpl.apply(BuildSessionLifecycleBuildActionExecuter.java:92)
	at org.gradle.tooling.internal.provider.BuildSessionLifecycleBuildActionExecuter$ActionImpl.apply(BuildSessionLifecycleBuildActionExecuter.java:80)
	at org.gradle.internal.session.BuildSessionState.run(BuildSessionState.java:69)
	at org.gradle.tooling.internal.provider.BuildSessionLifecycleBuildActionExecuter.execute(BuildSessionLifecycleBuildActionExecuter.java:62)
	at org.gradle.tooling.internal.provider.BuildSessionLifecycleBuildActionExecuter.execute(BuildSessionLifecycleBuildActionExecuter.java:41)
	at org.gradle.tooling.internal.provider.StartParamsValidatingActionExecuter.execute(StartParamsValidatingActionExecuter.java:64)
	at org.gradle.tooling.internal.provider.StartParamsValidatingActionExecuter.execute(StartParamsValidatingActionExecuter.java:32)
	at org.gradle.tooling.internal.provider.SessionFailureReportingActionExecuter.execute(SessionFailureReportingActionExecuter.java:51)
	at org.gradle.tooling.internal.provider.SessionFailureReportingActionExecuter.execute(SessionFailureReportingActionExecuter.java:39)
	at org.gradle.tooling.internal.provider.SetupLoggingActionExecuter.execute(SetupLoggingActionExecuter.java:47)
	at org.gradle.tooling.internal.provider.SetupLoggingActionExecuter.execute(SetupLoggingActionExecuter.java:31)
	at org.gradle.launcher.daemon.server.exec.ExecuteBuild.doBuild(ExecuteBuild.java:65)
	at org.gradle.launcher.daemon.server.exec.BuildCommandOnly.execute(BuildCommandOnly.java:37)
	at org.gradle.launcher.daemon.server.api.DaemonCommandExecution.proceed(DaemonCommandExecution.java:104)
	at org.gradle.launcher.daemon.server.exec.WatchForDisconnection.execute(WatchForDisconnection.java:39)
	at org.gradle.launcher.daemon.server.api.DaemonCommandExecution.proceed(DaemonCommandExecution.java:104)
	at org.gradle.launcher.daemon.server.exec.ResetDeprecationLogger.execute(ResetDeprecationLogger.java:29)
	at org.gradle.launcher.daemon.server.api.DaemonCommandExecution.proceed(DaemonCommandExecution.java:104)
	at org.gradle.launcher.daemon.server.exec.RequestStopIfSingleUsedDaemon.execute(RequestStopIfSingleUsedDaemon.java:35)
	at org.gradle.launcher.daemon.server.api.DaemonCommandExecution.proceed(DaemonCommandExecution.java:104)
	at org.gradle.launcher.daemon.server.exec.ForwardClientInput$2.create(ForwardClientInput.java:78)
	at org.gradle.launcher.daemon.server.exec.ForwardClientInput$2.create(ForwardClientInput.java:75)
	at org.gradle.util.internal.Swapper.swap(Swapper.java:38)
	at org.gradle.launcher.daemon.server.exec.ForwardClientInput.execute(ForwardClientInput.java:75)
	at org.gradle.launcher.daemon.server.api.DaemonCommandExecution.proceed(DaemonCommandExecution.java:104)
	at org.gradle.launcher.daemon.server.exec.LogAndCheckHealth.execute(LogAndCheckHealth.java:64)
	at org.gradle.launcher.daemon.server.api.DaemonCommandExecution.proceed(DaemonCommandExecution.java:104)
	at org.gradle.launcher.daemon.server.exec.LogToClient.doBuild(LogToClient.java:63)
	at org.gradle.launcher.daemon.server.exec.BuildCommandOnly.execute(BuildCommandOnly.java:37)
	at org.gradle.launcher.daemon.server.api.DaemonCommandExecution.proceed(DaemonCommandExecution.java:104)
	at org.gradle.launcher.daemon.server.exec.EstablishBuildEnvironment.doBuild(EstablishBuildEnvironment.java:84)
	at org.gradle.launcher.daemon.server.exec.BuildCommandOnly.execute(BuildCommandOnly.java:37)
	at org.gradle.launcher.daemon.server.api.DaemonCommandExecution.proceed(DaemonCommandExecution.java:104)
	at org.gradle.launcher.daemon.server.exec.StartBuildOrRespondWithBusy$1.run(StartBuildOrRespondWithBusy.java:52)
	at org.gradle.launcher.daemon.server.DaemonStateCoordinator$1.run(DaemonStateCoordinator.java:297)
	at org.gradle.internal.concurrent.ExecutorPolicy$CatchAndRecordFailures.onExecute(ExecutorPolicy.java:64)
	at org.gradle.internal.concurrent.AbstractManagedExecutor$1.run(AbstractManagedExecutor.java:47)
	at java.base/java.util.concurrent.ThreadPoolExecutor.runWorker(ThreadPoolExecutor.java:1136)
	at java.base/java.util.concurrent.ThreadPoolExecutor$Worker.run(ThreadPoolExecutor.java:635)
	at java.base/java.lang.Thread.run(Thread.java:840)
Unable to read descriptor [../intellij.devkit.debugger.xml] from [/opt/android-studio/plugins/devkit/lib/devkit.jar]
java.lang.IllegalArgumentException: No enum constant com.jetbrains.plugin.structure.intellij.plugin.IdePluginContentDescriptor.ListenerType.APPLİCATİON
	at java.base/java.lang.Enum.valueOf(Enum.java:273)
	at com.jetbrains.plugin.structure.intellij.plugin.IdePluginContentDescriptor$ListenerType.valueOf(IdePluginContents.kt)
	at com.jetbrains.plugin.structure.intellij.plugin.PluginCreator.readListeners(PluginCreator.kt:468)
	at com.jetbrains.plugin.structure.intellij.plugin.PluginCreator.setInfoFromBean(PluginCreator.kt:323)
	at com.jetbrains.plugin.structure.intellij.plugin.PluginCreator.resolveDocumentAndValidateBean(PluginCreator.kt:664)
	at com.jetbrains.plugin.structure.intellij.plugin.PluginCreator.access$resolveDocumentAndValidateBean(PluginCreator.kt:31)
	at com.jetbrains.plugin.structure.intellij.plugin.PluginCreator$Companion.createPlugin(PluginCreator.kt:109)
	at com.jetbrains.plugin.structure.intellij.plugin.IdePluginManager.loadPluginInfoFromJarFile(IdePluginManager.kt:62)
	at com.jetbrains.plugin.structure.intellij.plugin.IdePluginManager.loadPluginInfoFromLibDirectory(IdePluginManager.kt:165)
	at com.jetbrains.plugin.structure.intellij.plugin.IdePluginManager.loadPluginInfoFromDirectory(IdePluginManager.kt:97)
	at com.jetbrains.plugin.structure.intellij.plugin.IdePluginManager.loadPluginInfoFromJarOrDirectory(IdePluginManager.kt:206)
	at com.jetbrains.plugin.structure.intellij.plugin.IdePluginManager.resolveContentModules(IdePluginManager.kt:238)
	at com.jetbrains.plugin.structure.intellij.plugin.IdePluginManager.getPluginCreatorWithResult(IdePluginManager.kt:349)
	at com.jetbrains.plugin.structure.intellij.plugin.IdePluginManager.createPlugin(IdePluginManager.kt:314)
	at com.jetbrains.plugin.structure.intellij.plugin.IdePluginManager.createPlugin$default(IdePluginManager.kt:312)
	at org.jetbrains.intellij.Utils.createPlugin(utils.kt:222)
	at org.jetbrains.intellij.dependency.BuiltinPluginsRegistry.add(BuiltinPluginsRegistry.kt:89)
	at org.jetbrains.intellij.dependency.BuiltinPluginsRegistry.fillFromDirectory(BuiltinPluginsRegistry.kt:47)
	at org.jetbrains.intellij.dependency.BuiltinPluginsRegistry.access$fillFromDirectory(BuiltinPluginsRegistry.kt:21)
	at org.jetbrains.intellij.dependency.BuiltinPluginsRegistry$Companion.fromDirectory(BuiltinPluginsRegistry.kt:127)
	at org.jetbrains.intellij.dependency.IdeaDependencyManager.createDependency(IdeaDependencyManager.kt:92)
	at org.jetbrains.intellij.dependency.IdeaDependencyManager.resolveLocal(IdeaDependencyManager.kt:430)
	at org.jetbrains.intellij.IntelliJPlugin$prepareIdeaDependencyProvider$1.call(IntelliJPlugin.kt:299)
	at org.jetbrains.intellij.IntelliJPlugin$prepareIdeaDependencyProvider$1.call(IntelliJPlugin.kt:266)
	at org.gradle.api.internal.provider.DefaultProvider.calculateOwnValue(DefaultProvider.java:72)
	at org.gradle.api.internal.provider.AbstractMinimalProvider.calculateValue(AbstractMinimalProvider.java:115)
	at org.gradle.api.internal.provider.TransformBackedProvider.calculateOwnValue(TransformBackedProvider.java:82)
	at org.gradle.api.internal.provider.AbstractMinimalProvider.calculateValue(AbstractMinimalProvider.java:115)
	at org.gradle.api.internal.provider.AbstractMinimalProvider.withFinalValue(AbstractMinimalProvider.java:168)
	at org.gradle.api.internal.provider.DefaultProperty.finalValue(DefaultProperty.java:133)
	at org.gradle.api.internal.provider.DefaultProperty.finalValue(DefaultProperty.java:26)
	at org.gradle.api.internal.provider.AbstractProperty.finalizeNow(AbstractProperty.java:245)
	at org.gradle.api.internal.provider.AbstractProperty.beforeRead(AbstractProperty.java:239)
	at org.gradle.api.internal.provider.AbstractProperty.calculateOwnValue(AbstractProperty.java:135)
	at org.gradle.api.internal.provider.AbstractMinimalProvider.calculateValue(AbstractMinimalProvider.java:115)
	at org.gradle.api.internal.provider.TransformBackedProvider.calculateOwnValue(TransformBackedProvider.java:82)
	at org.gradle.api.internal.provider.AbstractMinimalProvider.calculateValue(AbstractMinimalProvider.java:115)
	at org.gradle.api.internal.provider.TransformBackedProvider.calculateOwnValue(TransformBackedProvider.java:82)
	at org.gradle.api.internal.provider.AbstractMinimalProvider.calculateValue(AbstractMinimalProvider.java:115)
	at org.gradle.api.internal.provider.DefaultProperty.calculateValueFrom(DefaultProperty.java:128)
	at org.gradle.api.internal.provider.DefaultProperty.calculateValueFrom(DefaultProperty.java:26)
	at org.gradle.api.internal.provider.AbstractProperty.doCalculateValue(AbstractProperty.java:142)
	at org.gradle.api.internal.provider.AbstractProperty.calculateOwnValue(AbstractProperty.java:136)
	at org.gradle.api.internal.provider.AbstractMinimalProvider.getOrNull(AbstractMinimalProvider.java:105)
	at org.jetbrains.intellij.IntelliJPlugin$prepareConventionMappingsForRunIdeTask$8.call(IntelliJPlugin.kt:963)
	at org.jetbrains.intellij.IntelliJPlugin$prepareConventionMappingsForRunIdeTask$8.call(IntelliJPlugin.kt:958)
	at org.gradle.api.internal.provider.DefaultProvider.calculateOwnValue(DefaultProvider.java:72)
	at org.gradle.api.internal.provider.AbstractMinimalProvider.calculateValue(AbstractMinimalProvider.java:115)
	at org.gradle.api.internal.provider.TransformBackedProvider.calculateOwnValue(TransformBackedProvider.java:82)
	at org.gradle.api.internal.provider.AbstractMinimalProvider.calculateValue(AbstractMinimalProvider.java:115)
	at org.gradle.api.internal.provider.DefaultProperty.calculateValueFrom(DefaultProperty.java:128)
	at org.gradle.api.internal.provider.DefaultProperty.calculateValueFrom(DefaultProperty.java:26)
	at org.gradle.api.internal.provider.AbstractProperty.doCalculateValue(AbstractProperty.java:142)
	at org.gradle.api.internal.provider.AbstractProperty.calculateOwnValue(AbstractProperty.java:136)
	at org.gradle.api.internal.provider.AbstractMinimalProvider.calculateOwnPresentValue(AbstractMinimalProvider.java:80)
	at org.gradle.api.internal.provider.AbstractMinimalProvider.get(AbstractMinimalProvider.java:100)
	at org.jetbrains.intellij.tasks.RunIdeBase.getExecutable(RunIdeBase.kt:202)
	at org.jetbrains.intellij.tasks.BuildSearchableOptionsTask_Decorated.getExecutable(Unknown Source)
	at org.gradle.api.tasks.internal.JavaExecExecutableUtils.getExecutableOverrideToolchainSpec(JavaExecExecutableUtils.java:30)
	at org.gradle.api.tasks.JavaExec.lambda$new$0(JavaExec.java:144)
	at org.gradle.api.internal.provider.DefaultProvider.calculateOwnValue(DefaultProvider.java:72)
	at org.gradle.api.internal.provider.AbstractMinimalProvider.calculateValue(AbstractMinimalProvider.java:115)
	at org.gradle.api.internal.provider.FlatMapProvider.calculateOwnValue(FlatMapProvider.java:46)
	at org.gradle.api.internal.provider.AbstractMinimalProvider.calculateValue(AbstractMinimalProvider.java:115)
	at org.gradle.api.internal.provider.OrElseProvider.calculateOwnValue(OrElseProvider.java:76)
	at org.gradle.api.internal.provider.AbstractMinimalProvider.calculateValue(AbstractMinimalProvider.java:115)
	at org.gradle.api.internal.provider.TransformBackedProvider.calculateOwnValue(TransformBackedProvider.java:82)
	at org.gradle.api.internal.provider.AbstractMinimalProvider.calculateValue(AbstractMinimalProvider.java:115)
	at org.gradle.api.internal.provider.AbstractMinimalProvider.withFinalValue(AbstractMinimalProvider.java:168)
	at org.gradle.api.internal.provider.DefaultProperty.finalValue(DefaultProperty.java:133)
	at org.gradle.api.internal.provider.DefaultProperty.finalValue(DefaultProperty.java:26)
	at org.gradle.api.internal.provider.AbstractProperty.finalizeNow(AbstractProperty.java:245)
	at org.gradle.api.internal.provider.AbstractProperty.beforeRead(AbstractProperty.java:239)
	at org.gradle.api.internal.provider.AbstractProperty.calculateOwnValue(AbstractProperty.java:135)
	at org.gradle.api.internal.provider.AbstractMinimalProvider.getOrNull(AbstractMinimalProvider.java:105)
	at org.gradle.internal.properties.annotations.AbstractTypeMetadataWalker$InstanceTypeMetadataWalker.lambda$walkNestedProvider$0(AbstractTypeMetadataWalker.java:137)
	at org.gradle.internal.properties.annotations.AbstractTypeMetadataWalker$InstanceTypeMetadataWalker.walkNestedChild(AbstractTypeMetadataWalker.java:184)
	at org.gradle.internal.properties.annotations.AbstractTypeMetadataWalker$InstanceTypeMetadataWalker.walkNestedProvider(AbstractTypeMetadataWalker.java:136)
	at org.gradle.internal.properties.annotations.AbstractTypeMetadataWalker$InstanceTypeMetadataWalker.walkNestedProvider(AbstractTypeMetadataWalker.java:118)
	at org.gradle.internal.properties.annotations.AbstractTypeMetadataWalker.walkNested(AbstractTypeMetadataWalker.java:60)
	at org.gradle.internal.properties.annotations.AbstractTypeMetadataWalker.lambda$walkChildren$3(AbstractTypeMetadataWalker.java:85)
	at org.gradle.internal.properties.annotations.AbstractTypeMetadataWalker$InstanceTypeMetadataWalker.walkNestedChild(AbstractTypeMetadataWalker.java:190)
	at org.gradle.internal.properties.annotations.AbstractTypeMetadataWalker$InstanceTypeMetadataWalker.walkNestedChild(AbstractTypeMetadataWalker.java:171)
	at org.gradle.internal.properties.annotations.AbstractTypeMetadataWalker$InstanceTypeMetadataWalker.walkNestedChild(AbstractTypeMetadataWalker.java:118)
	at org.gradle.internal.properties.annotations.AbstractTypeMetadataWalker.lambda$walkChildren$4(AbstractTypeMetadataWalker.java:85)
	at java.base/java.lang.Iterable.forEach(Iterable.java:75)
	at org.gradle.internal.properties.annotations.AbstractTypeMetadataWalker.walkChildren(AbstractTypeMetadataWalker.java:83)
	at org.gradle.internal.properties.annotations.AbstractTypeMetadataWalker.walk(AbstractTypeMetadataWalker.java:53)
	at org.gradle.internal.properties.bean.DefaultPropertyWalker.visitProperties(DefaultPropertyWalker.java:65)
	at org.gradle.api.internal.tasks.TaskPropertyUtils.visitAnnotatedProperties(TaskPropertyUtils.java:58)
	at org.gradle.api.internal.tasks.TaskPropertyUtils.visitProperties(TaskPropertyUtils.java:45)
	at org.gradle.api.internal.tasks.TaskPropertyUtils.visitProperties(TaskPropertyUtils.java:35)
	at org.gradle.api.internal.tasks.DefaultTaskInputs.visitDependencies(DefaultTaskInputs.java:195)
	at org.gradle.api.internal.tasks.DefaultTaskDependency.visitDependencies(DefaultTaskDependency.java:112)
	at org.gradle.api.internal.tasks.CachingTaskDependencyResolveContext$TaskGraphImpl.getNodeValues(CachingTaskDependencyResolveContext.java:103)
	at org.gradle.internal.graph.CachingDirectedGraphWalker$GraphWithEmptyEdges.getNodeValues(CachingDirectedGraphWalker.java:213)
	at org.gradle.internal.graph.CachingDirectedGraphWalker.doSearch(CachingDirectedGraphWalker.java:121)
	at org.gradle.internal.graph.CachingDirectedGraphWalker.findValues(CachingDirectedGraphWalker.java:73)
	at org.gradle.api.internal.tasks.CachingTaskDependencyResolveContext.getDependencies(CachingTaskDependencyResolveContext.java:66)
	at org.gradle.execution.plan.TaskDependencyResolver.resolveDependenciesFor(TaskDependencyResolver.java:49)
	at org.gradle.execution.plan.LocalTaskNode.getDependencies(LocalTaskNode.java:148)
	at org.gradle.execution.plan.LocalTaskNode.resolveDependencies(LocalTaskNode.java:122)
	at org.gradle.execution.plan.DefaultExecutionPlan.discoverNodeRelationships(DefaultExecutionPlan.java:183)
	at org.gradle.execution.plan.DefaultExecutionPlan.doAddEntryNodes(DefaultExecutionPlan.java:155)
	at org.gradle.execution.plan.DefaultExecutionPlan.addEntryTasks(DefaultExecutionPlan.java:130)
	at org.gradle.execution.plan.DefaultExecutionPlan.addEntryTasks(DefaultExecutionPlan.java:122)
	at org.gradle.execution.TaskNameResolvingBuildTaskScheduler.scheduleRequestedTasks(TaskNameResolvingBuildTaskScheduler.java:54)
	at org.gradle.execution.DefaultTasksBuildTaskScheduler.scheduleRequestedTasks(DefaultTasksBuildTaskScheduler.java:72)
	at org.gradle.initialization.DefaultTaskExecutionPreparer.lambda$scheduleRequestedTasks$0(DefaultTaskExecutionPreparer.java:46)
	at org.gradle.internal.Factories$1.create(Factories.java:31)
	at org.gradle.internal.work.DefaultWorkerLeaseService.withReplacedLocks(DefaultWorkerLeaseService.java:360)
	at org.gradle.api.internal.project.DefaultProjectStateRegistry$DefaultBuildProjectRegistry.withMutableStateOfAllProjects(DefaultProjectStateRegistry.java:239)
	at org.gradle.api.internal.project.DefaultProjectStateRegistry$DefaultBuildProjectRegistry.withMutableStateOfAllProjects(DefaultProjectStateRegistry.java:232)
	at org.gradle.initialization.DefaultTaskExecutionPreparer.scheduleRequestedTasks(DefaultTaskExecutionPreparer.java:45)
	at org.gradle.initialization.VintageBuildModelController.lambda$scheduleRequestedTasks$0(VintageBuildModelController.java:76)
	at org.gradle.internal.model.StateTransitionController.lambda$inState$1(StateTransitionController.java:99)
	at org.gradle.internal.model.StateTransitionController.lambda$inState$2(StateTransitionController.java:114)
	at org.gradle.internal.work.DefaultSynchronizer.withLock(DefaultSynchronizer.java:44)
	at org.gradle.internal.model.StateTransitionController.inState(StateTransitionController.java:110)
	at org.gradle.internal.model.StateTransitionController.inState(StateTransitionController.java:98)
	at org.gradle.initialization.VintageBuildModelController.scheduleRequestedTasks(VintageBuildModelController.java:76)
	at org.gradle.internal.build.DefaultBuildLifecycleController$DefaultWorkGraphBuilder.addRequestedTasks(DefaultBuildLifecycleController.java:404)
	at org.gradle.internal.buildtree.DefaultBuildTreeWorkPreparer.lambda$scheduleRequestedTasks$0(DefaultBuildTreeWorkPreparer.java:41)
	at org.gradle.internal.build.DefaultBuildLifecycleController.lambda$populateWorkGraph$7(DefaultBuildLifecycleController.java:189)
	at org.gradle.internal.build.DefaultBuildWorkPreparer.populateWorkGraph(DefaultBuildWorkPreparer.java:42)
	at org.gradle.internal.build.BuildOperationFiringBuildWorkPreparer$PopulateWorkGraph.populateTaskGraph(BuildOperationFiringBuildWorkPreparer.java:106)
	at org.gradle.internal.build.BuildOperationFiringBuildWorkPreparer$PopulateWorkGraph.run(BuildOperationFiringBuildWorkPreparer.java:92)
	at org.gradle.internal.operations.DefaultBuildOperationRunner$1.execute(DefaultBuildOperationRunner.java:29)
	at org.gradle.internal.operations.DefaultBuildOperationRunner$1.execute(DefaultBuildOperationRunner.java:26)
	at org.gradle.internal.operations.DefaultBuildOperationRunner$2.execute(DefaultBuildOperationRunner.java:66)
	at org.gradle.internal.operations.DefaultBuildOperationRunner$2.execute(DefaultBuildOperationRunner.java:59)
	at org.gradle.internal.operations.DefaultBuildOperationRunner.execute(DefaultBuildOperationRunner.java:157)
	at org.gradle.internal.operations.DefaultBuildOperationRunner.execute(DefaultBuildOperationRunner.java:59)
	at org.gradle.internal.operations.DefaultBuildOperationRunner.run(DefaultBuildOperationRunner.java:47)
	at org.gradle.internal.operations.DefaultBuildOperationExecutor.run(DefaultBuildOperationExecutor.java:68)
	at org.gradle.internal.build.BuildOperationFiringBuildWorkPreparer.populateWorkGraph(BuildOperationFiringBuildWorkPreparer.java:67)
	at org.gradle.internal.build.DefaultBuildLifecycleController.lambda$populateWorkGraph$8(DefaultBuildLifecycleController.java:189)
	at org.gradle.internal.model.StateTransitionController.lambda$inState$1(StateTransitionController.java:99)
	at org.gradle.internal.model.StateTransitionController.lambda$inState$2(StateTransitionController.java:114)
	at org.gradle.internal.work.DefaultSynchronizer.withLock(DefaultSynchronizer.java:44)
	at org.gradle.internal.model.StateTransitionController.inState(StateTransitionController.java:110)
	at org.gradle.internal.model.StateTransitionController.inState(StateTransitionController.java:98)
	at org.gradle.internal.build.DefaultBuildLifecycleController.populateWorkGraph(DefaultBuildLifecycleController.java:189)
	at org.gradle.internal.build.DefaultBuildWorkGraphController$DefaultBuildWorkGraph.populateWorkGraph(DefaultBuildWorkGraphController.java:169)
	at org.gradle.composite.internal.DefaultBuildController.populateWorkGraph(DefaultBuildController.java:76)
	at org.gradle.composite.internal.DefaultIncludedBuildTaskGraph$DefaultBuildTreeWorkGraphBuilder.withWorkGraph(DefaultIncludedBuildTaskGraph.java:153)
	at org.gradle.internal.buildtree.DefaultBuildTreeWorkPreparer.lambda$scheduleRequestedTasks$1(DefaultBuildTreeWorkPreparer.java:41)
	at org.gradle.composite.internal.DefaultIncludedBuildTaskGraph$DefaultBuildTreeWorkGraph$1.run(DefaultIncludedBuildTaskGraph.java:209)
	at org.gradle.internal.operations.DefaultBuildOperationRunner$1.execute(DefaultBuildOperationRunner.java:29)
	at org.gradle.internal.operations.DefaultBuildOperationRunner$1.execute(DefaultBuildOperationRunner.java:26)
	at org.gradle.internal.operations.DefaultBuildOperationRunner$2.execute(DefaultBuildOperationRunner.java:66)
	at org.gradle.internal.operations.DefaultBuildOperationRunner$2.execute(DefaultBuildOperationRunner.java:59)
	at org.gradle.internal.operations.DefaultBuildOperationRunner.execute(DefaultBuildOperationRunner.java:157)
	at org.gradle.internal.operations.DefaultBuildOperationRunner.execute(DefaultBuildOperationRunner.java:59)
	at org.gradle.internal.operations.DefaultBuildOperationRunner.run(DefaultBuildOperationRunner.java:47)
	at org.gradle.internal.operations.DefaultBuildOperationExecutor.run(DefaultBuildOperationExecutor.java:68)
	at org.gradle.composite.internal.DefaultIncludedBuildTaskGraph$DefaultBuildTreeWorkGraph.scheduleWork(DefaultIncludedBuildTaskGraph.java:204)
	at org.gradle.internal.buildtree.DefaultBuildTreeWorkPreparer.scheduleRequestedTasks(DefaultBuildTreeWorkPreparer.java:37)
	at org.gradle.configurationcache.VintageBuildTreeWorkController$scheduleAndRunRequestedTasks$1.apply(VintageBuildTreeWorkController.kt:36)
	at org.gradle.configurationcache.VintageBuildTreeWorkController$scheduleAndRunRequestedTasks$1.apply(VintageBuildTreeWorkController.kt:35)
	at org.gradle.composite.internal.DefaultIncludedBuildTaskGraph.withNewWorkGraph(DefaultIncludedBuildTaskGraph.java:112)
	at org.gradle.configurationcache.VintageBuildTreeWorkController.scheduleAndRunRequestedTasks(VintageBuildTreeWorkController.kt:35)
	at org.gradle.internal.buildtree.DefaultBuildTreeLifecycleController.lambda$scheduleAndRunTasks$1(DefaultBuildTreeLifecycleController.java:76)
	at org.gradle.internal.buildtree.DefaultBuildTreeLifecycleController.lambda$runBuild$4(DefaultBuildTreeLifecycleController.java:119)
	at org.gradle.internal.model.StateTransitionController.lambda$transition$6(StateTransitionController.java:169)
	at org.gradle.internal.model.StateTransitionController.doTransition(StateTransitionController.java:266)
	at org.gradle.internal.model.StateTransitionController.lambda$transition$7(StateTransitionController.java:169)
	at org.gradle.internal.work.DefaultSynchronizer.withLock(DefaultSynchronizer.java:44)
	at org.gradle.internal.model.StateTransitionController.transition(StateTransitionController.java:169)
	at org.gradle.internal.buildtree.DefaultBuildTreeLifecycleController.runBuild(DefaultBuildTreeLifecycleController.java:116)
	at org.gradle.internal.buildtree.DefaultBuildTreeLifecycleController.scheduleAndRunTasks(DefaultBuildTreeLifecycleController.java:76)
	at org.gradle.internal.buildtree.DefaultBuildTreeLifecycleController.scheduleAndRunTasks(DefaultBuildTreeLifecycleController.java:71)
	at org.gradle.tooling.internal.provider.ExecuteBuildActionRunner.run(ExecuteBuildActionRunner.java:31)
	at org.gradle.launcher.exec.ChainingBuildActionRunner.run(ChainingBuildActionRunner.java:35)
	at org.gradle.internal.buildtree.ProblemReportingBuildActionRunner.run(ProblemReportingBuildActionRunner.java:49)
	at org.gradle.launcher.exec.BuildOutcomeReportingBuildActionRunner.run(BuildOutcomeReportingBuildActionRunner.java:65)
	at org.gradle.tooling.internal.provider.FileSystemWatchingBuildActionRunner.run(FileSystemWatchingBuildActionRunner.java:140)
	at org.gradle.launcher.exec.BuildCompletionNotifyingBuildActionRunner.run(BuildCompletionNotifyingBuildActionRunner.java:41)
	at org.gradle.launcher.exec.RootBuildLifecycleBuildActionExecutor.lambda$execute$0(RootBuildLifecycleBuildActionExecutor.java:40)
	at org.gradle.composite.internal.DefaultRootBuildState.run(DefaultRootBuildState.java:123)
	at org.gradle.launcher.exec.RootBuildLifecycleBuildActionExecutor.execute(RootBuildLifecycleBuildActionExecutor.java:40)
	at org.gradle.internal.buildtree.InitDeprecationLoggingActionExecutor.execute(InitDeprecationLoggingActionExecutor.java:62)
	at org.gradle.internal.buildtree.InitProblems.execute(InitProblems.java:38)
	at org.gradle.internal.buildtree.DefaultBuildTreeContext.execute(DefaultBuildTreeContext.java:40)
	at org.gradle.launcher.exec.BuildTreeLifecycleBuildActionExecutor.lambda$execute$0(BuildTreeLifecycleBuildActionExecutor.java:58)
	at org.gradle.internal.buildtree.BuildTreeState.run(BuildTreeState.java:58)
	at org.gradle.launcher.exec.BuildTreeLifecycleBuildActionExecutor.execute(BuildTreeLifecycleBuildActionExecutor.java:58)
	at org.gradle.launcher.exec.RunAsBuildOperationBuildActionExecutor$3.call(RunAsBuildOperationBuildActionExecutor.java:61)
	at org.gradle.launcher.exec.RunAsBuildOperationBuildActionExecutor$3.call(RunAsBuildOperationBuildActionExecutor.java:57)
	at org.gradle.internal.operations.DefaultBuildOperationRunner$CallableBuildOperationWorker.execute(DefaultBuildOperationRunner.java:204)
	at org.gradle.internal.operations.DefaultBuildOperationRunner$CallableBuildOperationWorker.execute(DefaultBuildOperationRunner.java:199)
	at org.gradle.internal.operations.DefaultBuildOperationRunner$2.execute(DefaultBuildOperationRunner.java:66)
	at org.gradle.internal.operations.DefaultBuildOperationRunner$2.execute(DefaultBuildOperationRunner.java:59)
	at org.gradle.internal.operations.DefaultBuildOperationRunner.execute(DefaultBuildOperationRunner.java:157)
	at org.gradle.internal.operations.DefaultBuildOperationRunner.execute(DefaultBuildOperationRunner.java:59)
	at org.gradle.internal.operations.DefaultBuildOperationRunner.call(DefaultBuildOperationRunner.java:53)
	at org.gradle.internal.operations.DefaultBuildOperationExecutor.call(DefaultBuildOperationExecutor.java:73)
	at org.gradle.launcher.exec.RunAsBuildOperationBuildActionExecutor.execute(RunAsBuildOperationBuildActionExecutor.java:57)
	at org.gradle.launcher.exec.RunAsWorkerThreadBuildActionExecutor.lambda$execute$0(RunAsWorkerThreadBuildActionExecutor.java:36)
	at org.gradle.internal.work.DefaultWorkerLeaseService.withLocks(DefaultWorkerLeaseService.java:264)
	at org.gradle.internal.work.DefaultWorkerLeaseService.runAsWorkerThread(DefaultWorkerLeaseService.java:128)
	at org.gradle.launcher.exec.RunAsWorkerThreadBuildActionExecutor.execute(RunAsWorkerThreadBuildActionExecutor.java:36)
	at org.gradle.tooling.internal.provider.continuous.ContinuousBuildActionExecutor.execute(ContinuousBuildActionExecutor.java:110)
	at org.gradle.tooling.internal.provider.SubscribableBuildActionExecutor.execute(SubscribableBuildActionExecutor.java:64)
	at org.gradle.internal.session.DefaultBuildSessionContext.execute(DefaultBuildSessionContext.java:46)
	at org.gradle.tooling.internal.provider.BuildSessionLifecycleBuildActionExecuter$ActionImpl.apply(BuildSessionLifecycleBuildActionExecuter.java:92)
	at org.gradle.tooling.internal.provider.BuildSessionLifecycleBuildActionExecuter$ActionImpl.apply(BuildSessionLifecycleBuildActionExecuter.java:80)
	at org.gradle.internal.session.BuildSessionState.run(BuildSessionState.java:69)
	at org.gradle.tooling.internal.provider.BuildSessionLifecycleBuildActionExecuter.execute(BuildSessionLifecycleBuildActionExecuter.java:62)
	at org.gradle.tooling.internal.provider.BuildSessionLifecycleBuildActionExecuter.execute(BuildSessionLifecycleBuildActionExecuter.java:41)
	at org.gradle.tooling.internal.provider.StartParamsValidatingActionExecuter.execute(StartParamsValidatingActionExecuter.java:64)
	at org.gradle.tooling.internal.provider.StartParamsValidatingActionExecuter.execute(StartParamsValidatingActionExecuter.java:32)
	at org.gradle.tooling.internal.provider.SessionFailureReportingActionExecuter.execute(SessionFailureReportingActionExecuter.java:51)
	at org.gradle.tooling.internal.provider.SessionFailureReportingActionExecuter.execute(SessionFailureReportingActionExecuter.java:39)
	at org.gradle.tooling.internal.provider.SetupLoggingActionExecuter.execute(SetupLoggingActionExecuter.java:47)
	at org.gradle.tooling.internal.provider.SetupLoggingActionExecuter.execute(SetupLoggingActionExecuter.java:31)
	at org.gradle.launcher.daemon.server.exec.ExecuteBuild.doBuild(ExecuteBuild.java:65)
	at org.gradle.launcher.daemon.server.exec.BuildCommandOnly.execute(BuildCommandOnly.java:37)
	at org.gradle.launcher.daemon.server.api.DaemonCommandExecution.proceed(DaemonCommandExecution.java:104)
	at org.gradle.launcher.daemon.server.exec.WatchForDisconnection.execute(WatchForDisconnection.java:39)
	at org.gradle.launcher.daemon.server.api.DaemonCommandExecution.proceed(DaemonCommandExecution.java:104)
	at org.gradle.launcher.daemon.server.exec.ResetDeprecationLogger.execute(ResetDeprecationLogger.java:29)
	at org.gradle.launcher.daemon.server.api.DaemonCommandExecution.proceed(DaemonCommandExecution.java:104)
	at org.gradle.launcher.daemon.server.exec.RequestStopIfSingleUsedDaemon.execute(RequestStopIfSingleUsedDaemon.java:35)
	at org.gradle.launcher.daemon.server.api.DaemonCommandExecution.proceed(DaemonCommandExecution.java:104)
	at org.gradle.launcher.daemon.server.exec.ForwardClientInput$2.create(ForwardClientInput.java:78)
	at org.gradle.launcher.daemon.server.exec.ForwardClientInput$2.create(ForwardClientInput.java:75)
	at org.gradle.util.internal.Swapper.swap(Swapper.java:38)
	at org.gradle.launcher.daemon.server.exec.ForwardClientInput.execute(ForwardClientInput.java:75)
	at org.gradle.launcher.daemon.server.api.DaemonCommandExecution.proceed(DaemonCommandExecution.java:104)
	at org.gradle.launcher.daemon.server.exec.LogAndCheckHealth.execute(LogAndCheckHealth.java:64)
	at org.gradle.launcher.daemon.server.api.DaemonCommandExecution.proceed(DaemonCommandExecution.java:104)
	at org.gradle.launcher.daemon.server.exec.LogToClient.doBuild(LogToClient.java:63)
	at org.gradle.launcher.daemon.server.exec.BuildCommandOnly.execute(BuildCommandOnly.java:37)
	at org.gradle.launcher.daemon.server.api.DaemonCommandExecution.proceed(DaemonCommandExecution.java:104)
	at org.gradle.launcher.daemon.server.exec.EstablishBuildEnvironment.doBuild(EstablishBuildEnvironment.java:84)
	at org.gradle.launcher.daemon.server.exec.BuildCommandOnly.execute(BuildCommandOnly.java:37)
	at org.gradle.launcher.daemon.server.api.DaemonCommandExecution.proceed(DaemonCommandExecution.java:104)
	at org.gradle.launcher.daemon.server.exec.StartBuildOrRespondWithBusy$1.run(StartBuildOrRespondWithBusy.java:52)
	at org.gradle.launcher.daemon.server.DaemonStateCoordinator$1.run(DaemonStateCoordinator.java:297)
	at org.gradle.internal.concurrent.ExecutorPolicy$CatchAndRecordFailures.onExecute(ExecutorPolicy.java:64)
	at org.gradle.internal.concurrent.AbstractManagedExecutor$1.run(AbstractManagedExecutor.java:47)
	at java.base/java.util.concurrent.ThreadPoolExecutor.runWorker(ThreadPoolExecutor.java:1136)
	at java.base/java.util.concurrent.ThreadPoolExecutor$Worker.run(ThreadPoolExecutor.java:635)
	at java.base/java.lang.Thread.run(Thread.java:840)
Unable to read descriptor [plugin.xml] from [/opt/android-studio/plugins/editorconfig/lib/editorconfig.jar]
java.lang.IllegalArgumentException: No enum constant com.jetbrains.plugin.structure.intellij.plugin.IdePluginContentDescriptor.ListenerType.APPLİCATİON
	at java.base/java.lang.Enum.valueOf(Enum.java:273)
	at com.jetbrains.plugin.structure.intellij.plugin.IdePluginContentDescriptor$ListenerType.valueOf(IdePluginContents.kt)
	at com.jetbrains.plugin.structure.intellij.plugin.PluginCreator.readListeners(PluginCreator.kt:468)
	at com.jetbrains.plugin.structure.intellij.plugin.PluginCreator.setInfoFromBean(PluginCreator.kt:323)
	at com.jetbrains.plugin.structure.intellij.plugin.PluginCreator.resolveDocumentAndValidateBean(PluginCreator.kt:664)
	at com.jetbrains.plugin.structure.intellij.plugin.PluginCreator.access$resolveDocumentAndValidateBean(PluginCreator.kt:31)
	at com.jetbrains.plugin.structure.intellij.plugin.PluginCreator$Companion.createPlugin(PluginCreator.kt:109)
	at com.jetbrains.plugin.structure.intellij.plugin.IdePluginManager.loadPluginInfoFromJarFile(IdePluginManager.kt:62)
	at com.jetbrains.plugin.structure.intellij.plugin.IdePluginManager.loadPluginInfoFromLibDirectory(IdePluginManager.kt:165)
	at com.jetbrains.plugin.structure.intellij.plugin.IdePluginManager.loadPluginInfoFromDirectory(IdePluginManager.kt:97)
	at com.jetbrains.plugin.structure.intellij.plugin.IdePluginManager.loadPluginInfoFromJarOrDirectory(IdePluginManager.kt:206)
	at com.jetbrains.plugin.structure.intellij.plugin.IdePluginManager.getPluginCreatorWithResult(IdePluginManager.kt:347)
	at com.jetbrains.plugin.structure.intellij.plugin.IdePluginManager.createPlugin(IdePluginManager.kt:314)
	at com.jetbrains.plugin.structure.intellij.plugin.IdePluginManager.createPlugin$default(IdePluginManager.kt:312)
	at org.jetbrains.intellij.Utils.createPlugin(utils.kt:222)
	at org.jetbrains.intellij.dependency.BuiltinPluginsRegistry.add(BuiltinPluginsRegistry.kt:89)
	at org.jetbrains.intellij.dependency.BuiltinPluginsRegistry.fillFromDirectory(BuiltinPluginsRegistry.kt:47)
	at org.jetbrains.intellij.dependency.BuiltinPluginsRegistry.access$fillFromDirectory(BuiltinPluginsRegistry.kt:21)
	at org.jetbrains.intellij.dependency.BuiltinPluginsRegistry$Companion.fromDirectory(BuiltinPluginsRegistry.kt:127)
	at org.jetbrains.intellij.dependency.IdeaDependencyManager.createDependency(IdeaDependencyManager.kt:92)
	at org.jetbrains.intellij.dependency.IdeaDependencyManager.resolveLocal(IdeaDependencyManager.kt:430)
	at org.jetbrains.intellij.IntelliJPlugin$prepareIdeaDependencyProvider$1.call(IntelliJPlugin.kt:299)
	at org.jetbrains.intellij.IntelliJPlugin$prepareIdeaDependencyProvider$1.call(IntelliJPlugin.kt:266)
	at org.gradle.api.internal.provider.DefaultProvider.calculateOwnValue(DefaultProvider.java:72)
	at org.gradle.api.internal.provider.AbstractMinimalProvider.calculateValue(AbstractMinimalProvider.java:115)
	at org.gradle.api.internal.provider.TransformBackedProvider.calculateOwnValue(TransformBackedProvider.java:82)
	at org.gradle.api.internal.provider.AbstractMinimalProvider.calculateValue(AbstractMinimalProvider.java:115)
	at org.gradle.api.internal.provider.AbstractMinimalProvider.withFinalValue(AbstractMinimalProvider.java:168)
	at org.gradle.api.internal.provider.DefaultProperty.finalValue(DefaultProperty.java:133)
	at org.gradle.api.internal.provider.DefaultProperty.finalValue(DefaultProperty.java:26)
	at org.gradle.api.internal.provider.AbstractProperty.finalizeNow(AbstractProperty.java:245)
	at org.gradle.api.internal.provider.AbstractProperty.beforeRead(AbstractProperty.java:239)
	at org.gradle.api.internal.provider.AbstractProperty.calculateOwnValue(AbstractProperty.java:135)
	at org.gradle.api.internal.provider.AbstractMinimalProvider.calculateValue(AbstractMinimalProvider.java:115)
	at org.gradle.api.internal.provider.TransformBackedProvider.calculateOwnValue(TransformBackedProvider.java:82)
	at org.gradle.api.internal.provider.AbstractMinimalProvider.calculateValue(AbstractMinimalProvider.java:115)
	at org.gradle.api.internal.provider.TransformBackedProvider.calculateOwnValue(TransformBackedProvider.java:82)
	at org.gradle.api.internal.provider.AbstractMinimalProvider.calculateValue(AbstractMinimalProvider.java:115)
	at org.gradle.api.internal.provider.DefaultProperty.calculateValueFrom(DefaultProperty.java:128)
	at org.gradle.api.internal.provider.DefaultProperty.calculateValueFrom(DefaultProperty.java:26)
	at org.gradle.api.internal.provider.AbstractProperty.doCalculateValue(AbstractProperty.java:142)
	at org.gradle.api.internal.provider.AbstractProperty.calculateOwnValue(AbstractProperty.java:136)
	at org.gradle.api.internal.provider.AbstractMinimalProvider.getOrNull(AbstractMinimalProvider.java:105)
	at org.jetbrains.intellij.IntelliJPlugin$prepareConventionMappingsForRunIdeTask$8.call(IntelliJPlugin.kt:963)
	at org.jetbrains.intellij.IntelliJPlugin$prepareConventionMappingsForRunIdeTask$8.call(IntelliJPlugin.kt:958)
	at org.gradle.api.internal.provider.DefaultProvider.calculateOwnValue(DefaultProvider.java:72)
	at org.gradle.api.internal.provider.AbstractMinimalProvider.calculateValue(AbstractMinimalProvider.java:115)
	at org.gradle.api.internal.provider.TransformBackedProvider.calculateOwnValue(TransformBackedProvider.java:82)
	at org.gradle.api.internal.provider.AbstractMinimalProvider.calculateValue(AbstractMinimalProvider.java:115)
	at org.gradle.api.internal.provider.DefaultProperty.calculateValueFrom(DefaultProperty.java:128)
	at org.gradle.api.internal.provider.DefaultProperty.calculateValueFrom(DefaultProperty.java:26)
	at org.gradle.api.internal.provider.AbstractProperty.doCalculateValue(AbstractProperty.java:142)
	at org.gradle.api.internal.provider.AbstractProperty.calculateOwnValue(AbstractProperty.java:136)
	at org.gradle.api.internal.provider.AbstractMinimalProvider.calculateOwnPresentValue(AbstractMinimalProvider.java:80)
	at org.gradle.api.internal.provider.AbstractMinimalProvider.get(AbstractMinimalProvider.java:100)
	at org.jetbrains.intellij.tasks.RunIdeBase.getExecutable(RunIdeBase.kt:202)
	at org.jetbrains.intellij.tasks.BuildSearchableOptionsTask_Decorated.getExecutable(Unknown Source)
	at org.gradle.api.tasks.internal.JavaExecExecutableUtils.getExecutableOverrideToolchainSpec(JavaExecExecutableUtils.java:30)
	at org.gradle.api.tasks.JavaExec.lambda$new$0(JavaExec.java:144)
	at org.gradle.api.internal.provider.DefaultProvider.calculateOwnValue(DefaultProvider.java:72)
	at org.gradle.api.internal.provider.AbstractMinimalProvider.calculateValue(AbstractMinimalProvider.java:115)
	at org.gradle.api.internal.provider.FlatMapProvider.calculateOwnValue(FlatMapProvider.java:46)
	at org.gradle.api.internal.provider.AbstractMinimalProvider.calculateValue(AbstractMinimalProvider.java:115)
	at org.gradle.api.internal.provider.OrElseProvider.calculateOwnValue(OrElseProvider.java:76)
	at org.gradle.api.internal.provider.AbstractMinimalProvider.calculateValue(AbstractMinimalProvider.java:115)
	at org.gradle.api.internal.provider.TransformBackedProvider.calculateOwnValue(TransformBackedProvider.java:82)
	at org.gradle.api.internal.provider.AbstractMinimalProvider.calculateValue(AbstractMinimalProvider.java:115)
	at org.gradle.api.internal.provider.AbstractMinimalProvider.withFinalValue(AbstractMinimalProvider.java:168)
	at org.gradle.api.internal.provider.DefaultProperty.finalValue(DefaultProperty.java:133)
	at org.gradle.api.internal.provider.DefaultProperty.finalValue(DefaultProperty.java:26)
	at org.gradle.api.internal.provider.AbstractProperty.finalizeNow(AbstractProperty.java:245)
	at org.gradle.api.internal.provider.AbstractProperty.beforeRead(AbstractProperty.java:239)
	at org.gradle.api.internal.provider.AbstractProperty.calculateOwnValue(AbstractProperty.java:135)
	at org.gradle.api.internal.provider.AbstractMinimalProvider.getOrNull(AbstractMinimalProvider.java:105)
	at org.gradle.internal.properties.annotations.AbstractTypeMetadataWalker$InstanceTypeMetadataWalker.lambda$walkNestedProvider$0(AbstractTypeMetadataWalker.java:137)
	at org.gradle.internal.properties.annotations.AbstractTypeMetadataWalker$InstanceTypeMetadataWalker.walkNestedChild(AbstractTypeMetadataWalker.java:184)
	at org.gradle.internal.properties.annotations.AbstractTypeMetadataWalker$InstanceTypeMetadataWalker.walkNestedProvider(AbstractTypeMetadataWalker.java:136)
	at org.gradle.internal.properties.annotations.AbstractTypeMetadataWalker$InstanceTypeMetadataWalker.walkNestedProvider(AbstractTypeMetadataWalker.java:118)
	at org.gradle.internal.properties.annotations.AbstractTypeMetadataWalker.walkNested(AbstractTypeMetadataWalker.java:60)
	at org.gradle.internal.properties.annotations.AbstractTypeMetadataWalker.lambda$walkChildren$3(AbstractTypeMetadataWalker.java:85)
	at org.gradle.internal.properties.annotations.AbstractTypeMetadataWalker$InstanceTypeMetadataWalker.walkNestedChild(AbstractTypeMetadataWalker.java:190)
	at org.gradle.internal.properties.annotations.AbstractTypeMetadataWalker$InstanceTypeMetadataWalker.walkNestedChild(AbstractTypeMetadataWalker.java:171)
	at org.gradle.internal.properties.annotations.AbstractTypeMetadataWalker$InstanceTypeMetadataWalker.walkNestedChild(AbstractTypeMetadataWalker.java:118)
	at org.gradle.internal.properties.annotations.AbstractTypeMetadataWalker.lambda$walkChildren$4(AbstractTypeMetadataWalker.java:85)
	at java.base/java.lang.Iterable.forEach(Iterable.java:75)
	at org.gradle.internal.properties.annotations.AbstractTypeMetadataWalker.walkChildren(AbstractTypeMetadataWalker.java:83)
	at org.gradle.internal.properties.annotations.AbstractTypeMetadataWalker.walk(AbstractTypeMetadataWalker.java:53)
	at org.gradle.internal.properties.bean.DefaultPropertyWalker.visitProperties(DefaultPropertyWalker.java:65)
	at org.gradle.api.internal.tasks.TaskPropertyUtils.visitAnnotatedProperties(TaskPropertyUtils.java:58)
	at org.gradle.api.internal.tasks.TaskPropertyUtils.visitProperties(TaskPropertyUtils.java:45)
	at org.gradle.api.internal.tasks.TaskPropertyUtils.visitProperties(TaskPropertyUtils.java:35)
	at org.gradle.api.internal.tasks.DefaultTaskInputs.visitDependencies(DefaultTaskInputs.java:195)
	at org.gradle.api.internal.tasks.DefaultTaskDependency.visitDependencies(DefaultTaskDependency.java:112)
	at org.gradle.api.internal.tasks.CachingTaskDependencyResolveContext$TaskGraphImpl.getNodeValues(CachingTaskDependencyResolveContext.java:103)
	at org.gradle.internal.graph.CachingDirectedGraphWalker$GraphWithEmptyEdges.getNodeValues(CachingDirectedGraphWalker.java:213)
	at org.gradle.internal.graph.CachingDirectedGraphWalker.doSearch(CachingDirectedGraphWalker.java:121)
	at org.gradle.internal.graph.CachingDirectedGraphWalker.findValues(CachingDirectedGraphWalker.java:73)
	at org.gradle.api.internal.tasks.CachingTaskDependencyResolveContext.getDependencies(CachingTaskDependencyResolveContext.java:66)
	at org.gradle.execution.plan.TaskDependencyResolver.resolveDependenciesFor(TaskDependencyResolver.java:49)
	at org.gradle.execution.plan.LocalTaskNode.getDependencies(LocalTaskNode.java:148)
	at org.gradle.execution.plan.LocalTaskNode.resolveDependencies(LocalTaskNode.java:122)
	at org.gradle.execution.plan.DefaultExecutionPlan.discoverNodeRelationships(DefaultExecutionPlan.java:183)
	at org.gradle.execution.plan.DefaultExecutionPlan.doAddEntryNodes(DefaultExecutionPlan.java:155)
	at org.gradle.execution.plan.DefaultExecutionPlan.addEntryTasks(DefaultExecutionPlan.java:130)
	at org.gradle.execution.plan.DefaultExecutionPlan.addEntryTasks(DefaultExecutionPlan.java:122)
	at org.gradle.execution.TaskNameResolvingBuildTaskScheduler.scheduleRequestedTasks(TaskNameResolvingBuildTaskScheduler.java:54)
	at org.gradle.execution.DefaultTasksBuildTaskScheduler.scheduleRequestedTasks(DefaultTasksBuildTaskScheduler.java:72)
	at org.gradle.initialization.DefaultTaskExecutionPreparer.lambda$scheduleRequestedTasks$0(DefaultTaskExecutionPreparer.java:46)
	at org.gradle.internal.Factories$1.create(Factories.java:31)
	at org.gradle.internal.work.DefaultWorkerLeaseService.withReplacedLocks(DefaultWorkerLeaseService.java:360)
	at org.gradle.api.internal.project.DefaultProjectStateRegistry$DefaultBuildProjectRegistry.withMutableStateOfAllProjects(DefaultProjectStateRegistry.java:239)
	at org.gradle.api.internal.project.DefaultProjectStateRegistry$DefaultBuildProjectRegistry.withMutableStateOfAllProjects(DefaultProjectStateRegistry.java:232)
	at org.gradle.initialization.DefaultTaskExecutionPreparer.scheduleRequestedTasks(DefaultTaskExecutionPreparer.java:45)
	at org.gradle.initialization.VintageBuildModelController.lambda$scheduleRequestedTasks$0(VintageBuildModelController.java:76)
	at org.gradle.internal.model.StateTransitionController.lambda$inState$1(StateTransitionController.java:99)
	at org.gradle.internal.model.StateTransitionController.lambda$inState$2(StateTransitionController.java:114)
	at org.gradle.internal.work.DefaultSynchronizer.withLock(DefaultSynchronizer.java:44)
	at org.gradle.internal.model.StateTransitionController.inState(StateTransitionController.java:110)
	at org.gradle.internal.model.StateTransitionController.inState(StateTransitionController.java:98)
	at org.gradle.initialization.VintageBuildModelController.scheduleRequestedTasks(VintageBuildModelController.java:76)
	at org.gradle.internal.build.DefaultBuildLifecycleController$DefaultWorkGraphBuilder.addRequestedTasks(DefaultBuildLifecycleController.java:404)
	at org.gradle.internal.buildtree.DefaultBuildTreeWorkPreparer.lambda$scheduleRequestedTasks$0(DefaultBuildTreeWorkPreparer.java:41)
	at org.gradle.internal.build.DefaultBuildLifecycleController.lambda$populateWorkGraph$7(DefaultBuildLifecycleController.java:189)
	at org.gradle.internal.build.DefaultBuildWorkPreparer.populateWorkGraph(DefaultBuildWorkPreparer.java:42)
	at org.gradle.internal.build.BuildOperationFiringBuildWorkPreparer$PopulateWorkGraph.populateTaskGraph(BuildOperationFiringBuildWorkPreparer.java:106)
	at org.gradle.internal.build.BuildOperationFiringBuildWorkPreparer$PopulateWorkGraph.run(BuildOperationFiringBuildWorkPreparer.java:92)
	at org.gradle.internal.operations.DefaultBuildOperationRunner$1.execute(DefaultBuildOperationRunner.java:29)
	at org.gradle.internal.operations.DefaultBuildOperationRunner$1.execute(DefaultBuildOperationRunner.java:26)
	at org.gradle.internal.operations.DefaultBuildOperationRunner$2.execute(DefaultBuildOperationRunner.java:66)
	at org.gradle.internal.operations.DefaultBuildOperationRunner$2.execute(DefaultBuildOperationRunner.java:59)
	at org.gradle.internal.operations.DefaultBuildOperationRunner.execute(DefaultBuildOperationRunner.java:157)
	at org.gradle.internal.operations.DefaultBuildOperationRunner.execute(DefaultBuildOperationRunner.java:59)
	at org.gradle.internal.operations.DefaultBuildOperationRunner.run(DefaultBuildOperationRunner.java:47)
	at org.gradle.internal.operations.DefaultBuildOperationExecutor.run(DefaultBuildOperationExecutor.java:68)
	at org.gradle.internal.build.BuildOperationFiringBuildWorkPreparer.populateWorkGraph(BuildOperationFiringBuildWorkPreparer.java:67)
	at org.gradle.internal.build.DefaultBuildLifecycleController.lambda$populateWorkGraph$8(DefaultBuildLifecycleController.java:189)
	at org.gradle.internal.model.StateTransitionController.lambda$inState$1(StateTransitionController.java:99)
	at org.gradle.internal.model.StateTransitionController.lambda$inState$2(StateTransitionController.java:114)
	at org.gradle.internal.work.DefaultSynchronizer.withLock(DefaultSynchronizer.java:44)
	at org.gradle.internal.model.StateTransitionController.inState(StateTransitionController.java:110)
	at org.gradle.internal.model.StateTransitionController.inState(StateTransitionController.java:98)
	at org.gradle.internal.build.DefaultBuildLifecycleController.populateWorkGraph(DefaultBuildLifecycleController.java:189)
	at org.gradle.internal.build.DefaultBuildWorkGraphController$DefaultBuildWorkGraph.populateWorkGraph(DefaultBuildWorkGraphController.java:169)
	at org.gradle.composite.internal.DefaultBuildController.populateWorkGraph(DefaultBuildController.java:76)
	at org.gradle.composite.internal.DefaultIncludedBuildTaskGraph$DefaultBuildTreeWorkGraphBuilder.withWorkGraph(DefaultIncludedBuildTaskGraph.java:153)
	at org.gradle.internal.buildtree.DefaultBuildTreeWorkPreparer.lambda$scheduleRequestedTasks$1(DefaultBuildTreeWorkPreparer.java:41)
	at org.gradle.composite.internal.DefaultIncludedBuildTaskGraph$DefaultBuildTreeWorkGraph$1.run(DefaultIncludedBuildTaskGraph.java:209)
	at org.gradle.internal.operations.DefaultBuildOperationRunner$1.execute(DefaultBuildOperationRunner.java:29)
	at org.gradle.internal.operations.DefaultBuildOperationRunner$1.execute(DefaultBuildOperationRunner.java:26)
	at org.gradle.internal.operations.DefaultBuildOperationRunner$2.execute(DefaultBuildOperationRunner.java:66)
	at org.gradle.internal.operations.DefaultBuildOperationRunner$2.execute(DefaultBuildOperationRunner.java:59)
	at org.gradle.internal.operations.DefaultBuildOperationRunner.execute(DefaultBuildOperationRunner.java:157)
	at org.gradle.internal.operations.DefaultBuildOperationRunner.execute(DefaultBuildOperationRunner.java:59)
	at org.gradle.internal.operations.DefaultBuildOperationRunner.run(DefaultBuildOperationRunner.java:47)
	at org.gradle.internal.operations.DefaultBuildOperationExecutor.run(DefaultBuildOperationExecutor.java:68)
	at org.gradle.composite.internal.DefaultIncludedBuildTaskGraph$DefaultBuildTreeWorkGraph.scheduleWork(DefaultIncludedBuildTaskGraph.java:204)
	at org.gradle.internal.buildtree.DefaultBuildTreeWorkPreparer.scheduleRequestedTasks(DefaultBuildTreeWorkPreparer.java:37)
	at org.gradle.configurationcache.VintageBuildTreeWorkController$scheduleAndRunRequestedTasks$1.apply(VintageBuildTreeWorkController.kt:36)
	at org.gradle.configurationcache.VintageBuildTreeWorkController$scheduleAndRunRequestedTasks$1.apply(VintageBuildTreeWorkController.kt:35)
	at org.gradle.composite.internal.DefaultIncludedBuildTaskGraph.withNewWorkGraph(DefaultIncludedBuildTaskGraph.java:112)
	at org.gradle.configurationcache.VintageBuildTreeWorkController.scheduleAndRunRequestedTasks(VintageBuildTreeWorkController.kt:35)
	at org.gradle.internal.buildtree.DefaultBuildTreeLifecycleController.lambda$scheduleAndRunTasks$1(DefaultBuildTreeLifecycleController.java:76)
	at org.gradle.internal.buildtree.DefaultBuildTreeLifecycleController.lambda$runBuild$4(DefaultBuildTreeLifecycleController.java:119)
	at org.gradle.internal.model.StateTransitionController.lambda$transition$6(StateTransitionController.java:169)
	at org.gradle.internal.model.StateTransitionController.doTransition(StateTransitionController.java:266)
	at org.gradle.internal.model.StateTransitionController.lambda$transition$7(StateTransitionController.java:169)
	at org.gradle.internal.work.DefaultSynchronizer.withLock(DefaultSynchronizer.java:44)
	at org.gradle.internal.model.StateTransitionController.transition(StateTransitionController.java:169)
	at org.gradle.internal.buildtree.DefaultBuildTreeLifecycleController.runBuild(DefaultBuildTreeLifecycleController.java:116)
	at org.gradle.internal.buildtree.DefaultBuildTreeLifecycleController.scheduleAndRunTasks(DefaultBuildTreeLifecycleController.java:76)
	at org.gradle.internal.buildtree.DefaultBuildTreeLifecycleController.scheduleAndRunTasks(DefaultBuildTreeLifecycleController.java:71)
	at org.gradle.tooling.internal.provider.ExecuteBuildActionRunner.run(ExecuteBuildActionRunner.java:31)
	at org.gradle.launcher.exec.ChainingBuildActionRunner.run(ChainingBuildActionRunner.java:35)
	at org.gradle.internal.buildtree.ProblemReportingBuildActionRunner.run(ProblemReportingBuildActionRunner.java:49)
	at org.gradle.launcher.exec.BuildOutcomeReportingBuildActionRunner.run(BuildOutcomeReportingBuildActionRunner.java:65)
	at org.gradle.tooling.internal.provider.FileSystemWatchingBuildActionRunner.run(FileSystemWatchingBuildActionRunner.java:140)
	at org.gradle.launcher.exec.BuildCompletionNotifyingBuildActionRunner.run(BuildCompletionNotifyingBuildActionRunner.java:41)
	at org.gradle.launcher.exec.RootBuildLifecycleBuildActionExecutor.lambda$execute$0(RootBuildLifecycleBuildActionExecutor.java:40)
	at org.gradle.composite.internal.DefaultRootBuildState.run(DefaultRootBuildState.java:123)
	at org.gradle.launcher.exec.RootBuildLifecycleBuildActionExecutor.execute(RootBuildLifecycleBuildActionExecutor.java:40)
	at org.gradle.internal.buildtree.InitDeprecationLoggingActionExecutor.execute(InitDeprecationLoggingActionExecutor.java:62)
	at org.gradle.internal.buildtree.InitProblems.execute(InitProblems.java:38)
	at org.gradle.internal.buildtree.DefaultBuildTreeContext.execute(DefaultBuildTreeContext.java:40)
	at org.gradle.launcher.exec.BuildTreeLifecycleBuildActionExecutor.lambda$execute$0(BuildTreeLifecycleBuildActionExecutor.java:58)
	at org.gradle.internal.buildtree.BuildTreeState.run(BuildTreeState.java:58)
	at org.gradle.launcher.exec.BuildTreeLifecycleBuildActionExecutor.execute(BuildTreeLifecycleBuildActionExecutor.java:58)
	at org.gradle.launcher.exec.RunAsBuildOperationBuildActionExecutor$3.call(RunAsBuildOperationBuildActionExecutor.java:61)
	at org.gradle.launcher.exec.RunAsBuildOperationBuildActionExecutor$3.call(RunAsBuildOperationBuildActionExecutor.java:57)
	at org.gradle.internal.operations.DefaultBuildOperationRunner$CallableBuildOperationWorker.execute(DefaultBuildOperationRunner.java:204)
	at org.gradle.internal.operations.DefaultBuildOperationRunner$CallableBuildOperationWorker.execute(DefaultBuildOperationRunner.java:199)
	at org.gradle.internal.operations.DefaultBuildOperationRunner$2.execute(DefaultBuildOperationRunner.java:66)
	at org.gradle.internal.operations.DefaultBuildOperationRunner$2.execute(DefaultBuildOperationRunner.java:59)
	at org.gradle.internal.operations.DefaultBuildOperationRunner.execute(DefaultBuildOperationRunner.java:157)
	at org.gradle.internal.operations.DefaultBuildOperationRunner.execute(DefaultBuildOperationRunner.java:59)
	at org.gradle.internal.operations.DefaultBuildOperationRunner.call(DefaultBuildOperationRunner.java:53)
	at org.gradle.internal.operations.DefaultBuildOperationExecutor.call(DefaultBuildOperationExecutor.java:73)
	at org.gradle.launcher.exec.RunAsBuildOperationBuildActionExecutor.execute(RunAsBuildOperationBuildActionExecutor.java:57)
	at org.gradle.launcher.exec.RunAsWorkerThreadBuildActionExecutor.lambda$execute$0(RunAsWorkerThreadBuildActionExecutor.java:36)
	at org.gradle.internal.work.DefaultWorkerLeaseService.withLocks(DefaultWorkerLeaseService.java:264)
	at org.gradle.internal.work.DefaultWorkerLeaseService.runAsWorkerThread(DefaultWorkerLeaseService.java:128)
	at org.gradle.launcher.exec.RunAsWorkerThreadBuildActionExecutor.execute(RunAsWorkerThreadBuildActionExecutor.java:36)
	at org.gradle.tooling.internal.provider.continuous.ContinuousBuildActionExecutor.execute(ContinuousBuildActionExecutor.java:110)
	at org.gradle.tooling.internal.provider.SubscribableBuildActionExecutor.execute(SubscribableBuildActionExecutor.java:64)
	at org.gradle.internal.session.DefaultBuildSessionContext.execute(DefaultBuildSessionContext.java:46)
	at org.gradle.tooling.internal.provider.BuildSessionLifecycleBuildActionExecuter$ActionImpl.apply(BuildSessionLifecycleBuildActionExecuter.java:92)
	at org.gradle.tooling.internal.provider.BuildSessionLifecycleBuildActionExecuter$ActionImpl.apply(BuildSessionLifecycleBuildActionExecuter.java:80)
	at org.gradle.internal.session.BuildSessionState.run(BuildSessionState.java:69)
	at org.gradle.tooling.internal.provider.BuildSessionLifecycleBuildActionExecuter.execute(BuildSessionLifecycleBuildActionExecuter.java:62)
	at org.gradle.tooling.internal.provider.BuildSessionLifecycleBuildActionExecuter.execute(BuildSessionLifecycleBuildActionExecuter.java:41)
	at org.gradle.tooling.internal.provider.StartParamsValidatingActionExecuter.execute(StartParamsValidatingActionExecuter.java:64)
	at org.gradle.tooling.internal.provider.StartParamsValidatingActionExecuter.execute(StartParamsValidatingActionExecuter.java:32)
	at org.gradle.tooling.internal.provider.SessionFailureReportingActionExecuter.execute(SessionFailureReportingActionExecuter.java:51)
	at org.gradle.tooling.internal.provider.SessionFailureReportingActionExecuter.execute(SessionFailureReportingActionExecuter.java:39)
	at org.gradle.tooling.internal.provider.SetupLoggingActionExecuter.execute(SetupLoggingActionExecuter.java:47)
	at org.gradle.tooling.internal.provider.SetupLoggingActionExecuter.execute(SetupLoggingActionExecuter.java:31)
	at org.gradle.launcher.daemon.server.exec.ExecuteBuild.doBuild(ExecuteBuild.java:65)
	at org.gradle.launcher.daemon.server.exec.BuildCommandOnly.execute(BuildCommandOnly.java:37)
	at org.gradle.launcher.daemon.server.api.DaemonCommandExecution.proceed(DaemonCommandExecution.java:104)
	at org.gradle.launcher.daemon.server.exec.WatchForDisconnection.execute(WatchForDisconnection.java:39)
	at org.gradle.launcher.daemon.server.api.DaemonCommandExecution.proceed(DaemonCommandExecution.java:104)
	at org.gradle.launcher.daemon.server.exec.ResetDeprecationLogger.execute(ResetDeprecationLogger.java:29)
	at org.gradle.launcher.daemon.server.api.DaemonCommandExecution.proceed(DaemonCommandExecution.java:104)
	at org.gradle.launcher.daemon.server.exec.RequestStopIfSingleUsedDaemon.execute(RequestStopIfSingleUsedDaemon.java:35)
	at org.gradle.launcher.daemon.server.api.DaemonCommandExecution.proceed(DaemonCommandExecution.java:104)
	at org.gradle.launcher.daemon.server.exec.ForwardClientInput$2.create(ForwardClientInput.java:78)
	at org.gradle.launcher.daemon.server.exec.ForwardClientInput$2.create(ForwardClientInput.java:75)
	at org.gradle.util.internal.Swapper.swap(Swapper.java:38)
	at org.gradle.launcher.daemon.server.exec.ForwardClientInput.execute(ForwardClientInput.java:75)
	at org.gradle.launcher.daemon.server.api.DaemonCommandExecution.proceed(DaemonCommandExecution.java:104)
	at org.gradle.launcher.daemon.server.exec.LogAndCheckHealth.execute(LogAndCheckHealth.java:64)
	at org.gradle.launcher.daemon.server.api.DaemonCommandExecution.proceed(DaemonCommandExecution.java:104)
	at org.gradle.launcher.daemon.server.exec.LogToClient.doBuild(LogToClient.java:63)
	at org.gradle.launcher.daemon.server.exec.BuildCommandOnly.execute(BuildCommandOnly.java:37)
	at org.gradle.launcher.daemon.server.api.DaemonCommandExecution.proceed(DaemonCommandExecution.java:104)
	at org.gradle.launcher.daemon.server.exec.EstablishBuildEnvironment.doBuild(EstablishBuildEnvironment.java:84)
	at org.gradle.launcher.daemon.server.exec.BuildCommandOnly.execute(BuildCommandOnly.java:37)
	at org.gradle.launcher.daemon.server.api.DaemonCommandExecution.proceed(DaemonCommandExecution.java:104)
	at org.gradle.launcher.daemon.server.exec.StartBuildOrRespondWithBusy$1.run(StartBuildOrRespondWithBusy.java:52)
	at org.gradle.launcher.daemon.server.DaemonStateCoordinator$1.run(DaemonStateCoordinator.java:297)
	at org.gradle.internal.concurrent.ExecutorPolicy$CatchAndRecordFailures.onExecute(ExecutorPolicy.java:64)
	at org.gradle.internal.concurrent.AbstractManagedExecutor$1.run(AbstractManagedExecutor.java:47)
	at java.base/java.util.concurrent.ThreadPoolExecutor.runWorker(ThreadPoolExecutor.java:1136)
	at java.base/java.util.concurrent.ThreadPoolExecutor$Worker.run(ThreadPoolExecutor.java:635)
	at java.base/java.lang.Thread.run(Thread.java:840)
[gradle-intellij-plugin :] Cannot create plugin from file '/opt/android-studio/plugins/editorconfig': Invalid plugin descriptor 'plugin.xml'. Unable to read the plugin descriptor: No enum constant com.jetbrains.plugin.structure.intellij.plugin.IdePluginContentDescriptor.ListenerType.APPLİCATİON.
Unable to read descriptor [plugin.xml] from [/opt/android-studio/plugins/firebase/lib/firebase.jar]
java.lang.IllegalArgumentException: No enum constant com.jetbrains.plugin.structure.intellij.plugin.IdePluginContentDescriptor.ServiceType.APPLİCATİON
	at java.base/java.lang.Enum.valueOf(Enum.java:273)
	at com.jetbrains.plugin.structure.intellij.plugin.IdePluginContentDescriptor$ServiceType.valueOf(IdePluginContents.kt)
	at com.jetbrains.plugin.structure.intellij.plugin.PluginCreator.readServiceDescriptor(PluginCreator.kt:406)
	at com.jetbrains.plugin.structure.intellij.plugin.PluginCreator.readExtensions(PluginCreator.kt:341)
	at com.jetbrains.plugin.structure.intellij.plugin.PluginCreator.setInfoFromBean(PluginCreator.kt:320)
	at com.jetbrains.plugin.structure.intellij.plugin.PluginCreator.resolveDocumentAndValidateBean(PluginCreator.kt:664)
	at com.jetbrains.plugin.structure.intellij.plugin.PluginCreator.access$resolveDocumentAndValidateBean(PluginCreator.kt:31)
	at com.jetbrains.plugin.structure.intellij.plugin.PluginCreator$Companion.createPlugin(PluginCreator.kt:109)
	at com.jetbrains.plugin.structure.intellij.plugin.IdePluginManager.loadPluginInfoFromJarFile(IdePluginManager.kt:62)
	at com.jetbrains.plugin.structure.intellij.plugin.IdePluginManager.loadPluginInfoFromLibDirectory(IdePluginManager.kt:165)
	at com.jetbrains.plugin.structure.intellij.plugin.IdePluginManager.loadPluginInfoFromDirectory(IdePluginManager.kt:97)
	at com.jetbrains.plugin.structure.intellij.plugin.IdePluginManager.loadPluginInfoFromJarOrDirectory(IdePluginManager.kt:206)
	at com.jetbrains.plugin.structure.intellij.plugin.IdePluginManager.getPluginCreatorWithResult(IdePluginManager.kt:347)
	at com.jetbrains.plugin.structure.intellij.plugin.IdePluginManager.createPlugin(IdePluginManager.kt:314)
	at com.jetbrains.plugin.structure.intellij.plugin.IdePluginManager.createPlugin$default(IdePluginManager.kt:312)
	at org.jetbrains.intellij.Utils.createPlugin(utils.kt:222)
	at org.jetbrains.intellij.dependency.BuiltinPluginsRegistry.add(BuiltinPluginsRegistry.kt:89)
	at org.jetbrains.intellij.dependency.BuiltinPluginsRegistry.fillFromDirectory(BuiltinPluginsRegistry.kt:47)
	at org.jetbrains.intellij.dependency.BuiltinPluginsRegistry.access$fillFromDirectory(BuiltinPluginsRegistry.kt:21)
	at org.jetbrains.intellij.dependency.BuiltinPluginsRegistry$Companion.fromDirectory(BuiltinPluginsRegistry.kt:127)
	at org.jetbrains.intellij.dependency.IdeaDependencyManager.createDependency(IdeaDependencyManager.kt:92)
	at org.jetbrains.intellij.dependency.IdeaDependencyManager.resolveLocal(IdeaDependencyManager.kt:430)
	at org.jetbrains.intellij.IntelliJPlugin$prepareIdeaDependencyProvider$1.call(IntelliJPlugin.kt:299)
	at org.jetbrains.intellij.IntelliJPlugin$prepareIdeaDependencyProvider$1.call(IntelliJPlugin.kt:266)
	at org.gradle.api.internal.provider.DefaultProvider.calculateOwnValue(DefaultProvider.java:72)
	at org.gradle.api.internal.provider.AbstractMinimalProvider.calculateValue(AbstractMinimalProvider.java:115)
	at org.gradle.api.internal.provider.TransformBackedProvider.calculateOwnValue(TransformBackedProvider.java:82)
	at org.gradle.api.internal.provider.AbstractMinimalProvider.calculateValue(AbstractMinimalProvider.java:115)
	at org.gradle.api.internal.provider.AbstractMinimalProvider.withFinalValue(AbstractMinimalProvider.java:168)
	at org.gradle.api.internal.provider.DefaultProperty.finalValue(DefaultProperty.java:133)
	at org.gradle.api.internal.provider.DefaultProperty.finalValue(DefaultProperty.java:26)
	at org.gradle.api.internal.provider.AbstractProperty.finalizeNow(AbstractProperty.java:245)
	at org.gradle.api.internal.provider.AbstractProperty.beforeRead(AbstractProperty.java:239)
	at org.gradle.api.internal.provider.AbstractProperty.calculateOwnValue(AbstractProperty.java:135)
	at org.gradle.api.internal.provider.AbstractMinimalProvider.calculateValue(AbstractMinimalProvider.java:115)
	at org.gradle.api.internal.provider.TransformBackedProvider.calculateOwnValue(TransformBackedProvider.java:82)
	at org.gradle.api.internal.provider.AbstractMinimalProvider.calculateValue(AbstractMinimalProvider.java:115)
	at org.gradle.api.internal.provider.TransformBackedProvider.calculateOwnValue(TransformBackedProvider.java:82)
	at org.gradle.api.internal.provider.AbstractMinimalProvider.calculateValue(AbstractMinimalProvider.java:115)
	at org.gradle.api.internal.provider.DefaultProperty.calculateValueFrom(DefaultProperty.java:128)
	at org.gradle.api.internal.provider.DefaultProperty.calculateValueFrom(DefaultProperty.java:26)
	at org.gradle.api.internal.provider.AbstractProperty.doCalculateValue(AbstractProperty.java:142)
	at org.gradle.api.internal.provider.AbstractProperty.calculateOwnValue(AbstractProperty.java:136)
	at org.gradle.api.internal.provider.AbstractMinimalProvider.getOrNull(AbstractMinimalProvider.java:105)
	at org.jetbrains.intellij.IntelliJPlugin$prepareConventionMappingsForRunIdeTask$8.call(IntelliJPlugin.kt:963)
	at org.jetbrains.intellij.IntelliJPlugin$prepareConventionMappingsForRunIdeTask$8.call(IntelliJPlugin.kt:958)
	at org.gradle.api.internal.provider.DefaultProvider.calculateOwnValue(DefaultProvider.java:72)
	at org.gradle.api.internal.provider.AbstractMinimalProvider.calculateValue(AbstractMinimalProvider.java:115)
	at org.gradle.api.internal.provider.TransformBackedProvider.calculateOwnValue(TransformBackedProvider.java:82)
	at org.gradle.api.internal.provider.AbstractMinimalProvider.calculateValue(AbstractMinimalProvider.java:115)
	at org.gradle.api.internal.provider.DefaultProperty.calculateValueFrom(DefaultProperty.java:128)
	at org.gradle.api.internal.provider.DefaultProperty.calculateValueFrom(DefaultProperty.java:26)
	at org.gradle.api.internal.provider.AbstractProperty.doCalculateValue(AbstractProperty.java:142)
	at org.gradle.api.internal.provider.AbstractProperty.calculateOwnValue(AbstractProperty.java:136)
	at org.gradle.api.internal.provider.AbstractMinimalProvider.calculateOwnPresentValue(AbstractMinimalProvider.java:80)
	at org.gradle.api.internal.provider.AbstractMinimalProvider.get(AbstractMinimalProvider.java:100)
	at org.jetbrains.intellij.tasks.RunIdeBase.getExecutable(RunIdeBase.kt:202)
	at org.jetbrains.intellij.tasks.BuildSearchableOptionsTask_Decorated.getExecutable(Unknown Source)
	at org.gradle.api.tasks.internal.JavaExecExecutableUtils.getExecutableOverrideToolchainSpec(JavaExecExecutableUtils.java:30)
	at org.gradle.api.tasks.JavaExec.lambda$new$0(JavaExec.java:144)
	at org.gradle.api.internal.provider.DefaultProvider.calculateOwnValue(DefaultProvider.java:72)
	at org.gradle.api.internal.provider.AbstractMinimalProvider.calculateValue(AbstractMinimalProvider.java:115)
	at org.gradle.api.internal.provider.FlatMapProvider.calculateOwnValue(FlatMapProvider.java:46)
	at org.gradle.api.internal.provider.AbstractMinimalProvider.calculateValue(AbstractMinimalProvider.java:115)
	at org.gradle.api.internal.provider.OrElseProvider.calculateOwnValue(OrElseProvider.java:76)
	at org.gradle.api.internal.provider.AbstractMinimalProvider.calculateValue(AbstractMinimalProvider.java:115)
	at org.gradle.api.internal.provider.TransformBackedProvider.calculateOwnValue(TransformBackedProvider.java:82)
	at org.gradle.api.internal.provider.AbstractMinimalProvider.calculateValue(AbstractMinimalProvider.java:115)
	at org.gradle.api.internal.provider.AbstractMinimalProvider.withFinalValue(AbstractMinimalProvider.java:168)
	at org.gradle.api.internal.provider.DefaultProperty.finalValue(DefaultProperty.java:133)
	at org.gradle.api.internal.provider.DefaultProperty.finalValue(DefaultProperty.java:26)
	at org.gradle.api.internal.provider.AbstractProperty.finalizeNow(AbstractProperty.java:245)
	at org.gradle.api.internal.provider.AbstractProperty.beforeRead(AbstractProperty.java:239)
	at org.gradle.api.internal.provider.AbstractProperty.calculateOwnValue(AbstractProperty.java:135)
	at org.gradle.api.internal.provider.AbstractMinimalProvider.getOrNull(AbstractMinimalProvider.java:105)
	at org.gradle.internal.properties.annotations.AbstractTypeMetadataWalker$InstanceTypeMetadataWalker.lambda$walkNestedProvider$0(AbstractTypeMetadataWalker.java:137)
	at org.gradle.internal.properties.annotations.AbstractTypeMetadataWalker$InstanceTypeMetadataWalker.walkNestedChild(AbstractTypeMetadataWalker.java:184)
	at org.gradle.internal.properties.annotations.AbstractTypeMetadataWalker$InstanceTypeMetadataWalker.walkNestedProvider(AbstractTypeMetadataWalker.java:136)
	at org.gradle.internal.properties.annotations.AbstractTypeMetadataWalker$InstanceTypeMetadataWalker.walkNestedProvider(AbstractTypeMetadataWalker.java:118)
	at org.gradle.internal.properties.annotations.AbstractTypeMetadataWalker.walkNested(AbstractTypeMetadataWalker.java:60)
	at org.gradle.internal.properties.annotations.AbstractTypeMetadataWalker.lambda$walkChildren$3(AbstractTypeMetadataWalker.java:85)
	at org.gradle.internal.properties.annotations.AbstractTypeMetadataWalker$InstanceTypeMetadataWalker.walkNestedChild(AbstractTypeMetadataWalker.java:190)
	at org.gradle.internal.properties.annotations.AbstractTypeMetadataWalker$InstanceTypeMetadataWalker.walkNestedChild(AbstractTypeMetadataWalker.java:171)
	at org.gradle.internal.properties.annotations.AbstractTypeMetadataWalker$InstanceTypeMetadataWalker.walkNestedChild(AbstractTypeMetadataWalker.java:118)
	at org.gradle.internal.properties.annotations.AbstractTypeMetadataWalker.lambda$walkChildren$4(AbstractTypeMetadataWalker.java:85)
	at java.base/java.lang.Iterable.forEach(Iterable.java:75)
	at org.gradle.internal.properties.annotations.AbstractTypeMetadataWalker.walkChildren(AbstractTypeMetadataWalker.java:83)
	at org.gradle.internal.properties.annotations.AbstractTypeMetadataWalker.walk(AbstractTypeMetadataWalker.java:53)
	at org.gradle.internal.properties.bean.DefaultPropertyWalker.visitProperties(DefaultPropertyWalker.java:65)
	at org.gradle.api.internal.tasks.TaskPropertyUtils.visitAnnotatedProperties(TaskPropertyUtils.java:58)
	at org.gradle.api.internal.tasks.TaskPropertyUtils.visitProperties(TaskPropertyUtils.java:45)
	at org.gradle.api.internal.tasks.TaskPropertyUtils.visitProperties(TaskPropertyUtils.java:35)
	at org.gradle.api.internal.tasks.DefaultTaskInputs.visitDependencies(DefaultTaskInputs.java:195)
	at org.gradle.api.internal.tasks.DefaultTaskDependency.visitDependencies(DefaultTaskDependency.java:112)
	at org.gradle.api.internal.tasks.CachingTaskDependencyResolveContext$TaskGraphImpl.getNodeValues(CachingTaskDependencyResolveContext.java:103)
	at org.gradle.internal.graph.CachingDirectedGraphWalker$GraphWithEmptyEdges.getNodeValues(CachingDirectedGraphWalker.java:213)
	at org.gradle.internal.graph.CachingDirectedGraphWalker.doSearch(CachingDirectedGraphWalker.java:121)
	at org.gradle.internal.graph.CachingDirectedGraphWalker.findValues(CachingDirectedGraphWalker.java:73)
	at org.gradle.api.internal.tasks.CachingTaskDependencyResolveContext.getDependencies(CachingTaskDependencyResolveContext.java:66)
	at org.gradle.execution.plan.TaskDependencyResolver.resolveDependenciesFor(TaskDependencyResolver.java:49)
	at org.gradle.execution.plan.LocalTaskNode.getDependencies(LocalTaskNode.java:148)
	at org.gradle.execution.plan.LocalTaskNode.resolveDependencies(LocalTaskNode.java:122)
	at org.gradle.execution.plan.DefaultExecutionPlan.discoverNodeRelationships(DefaultExecutionPlan.java:183)
	at org.gradle.execution.plan.DefaultExecutionPlan.doAddEntryNodes(DefaultExecutionPlan.java:155)
	at org.gradle.execution.plan.DefaultExecutionPlan.addEntryTasks(DefaultExecutionPlan.java:130)
	at org.gradle.execution.plan.DefaultExecutionPlan.addEntryTasks(DefaultExecutionPlan.java:122)
	at org.gradle.execution.TaskNameResolvingBuildTaskScheduler.scheduleRequestedTasks(TaskNameResolvingBuildTaskScheduler.java:54)
	at org.gradle.execution.DefaultTasksBuildTaskScheduler.scheduleRequestedTasks(DefaultTasksBuildTaskScheduler.java:72)
	at org.gradle.initialization.DefaultTaskExecutionPreparer.lambda$scheduleRequestedTasks$0(DefaultTaskExecutionPreparer.java:46)
	at org.gradle.internal.Factories$1.create(Factories.java:31)
	at org.gradle.internal.work.DefaultWorkerLeaseService.withReplacedLocks(DefaultWorkerLeaseService.java:360)
	at org.gradle.api.internal.project.DefaultProjectStateRegistry$DefaultBuildProjectRegistry.withMutableStateOfAllProjects(DefaultProjectStateRegistry.java:239)
	at org.gradle.api.internal.project.DefaultProjectStateRegistry$DefaultBuildProjectRegistry.withMutableStateOfAllProjects(DefaultProjectStateRegistry.java:232)
	at org.gradle.initialization.DefaultTaskExecutionPreparer.scheduleRequestedTasks(DefaultTaskExecutionPreparer.java:45)
	at org.gradle.initialization.VintageBuildModelController.lambda$scheduleRequestedTasks$0(VintageBuildModelController.java:76)
	at org.gradle.internal.model.StateTransitionController.lambda$inState$1(StateTransitionController.java:99)
	at org.gradle.internal.model.StateTransitionController.lambda$inState$2(StateTransitionController.java:114)
	at org.gradle.internal.work.DefaultSynchronizer.withLock(DefaultSynchronizer.java:44)
	at org.gradle.internal.model.StateTransitionController.inState(StateTransitionController.java:110)
	at org.gradle.internal.model.StateTransitionController.inState(StateTransitionController.java:98)
	at org.gradle.initialization.VintageBuildModelController.scheduleRequestedTasks(VintageBuildModelController.java:76)
	at org.gradle.internal.build.DefaultBuildLifecycleController$DefaultWorkGraphBuilder.addRequestedTasks(DefaultBuildLifecycleController.java:404)
	at org.gradle.internal.buildtree.DefaultBuildTreeWorkPreparer.lambda$scheduleRequestedTasks$0(DefaultBuildTreeWorkPreparer.java:41)
	at org.gradle.internal.build.DefaultBuildLifecycleController.lambda$populateWorkGraph$7(DefaultBuildLifecycleController.java:189)
	at org.gradle.internal.build.DefaultBuildWorkPreparer.populateWorkGraph(DefaultBuildWorkPreparer.java:42)
	at org.gradle.internal.build.BuildOperationFiringBuildWorkPreparer$PopulateWorkGraph.populateTaskGraph(BuildOperationFiringBuildWorkPreparer.java:106)
	at org.gradle.internal.build.BuildOperationFiringBuildWorkPreparer$PopulateWorkGraph.run(BuildOperationFiringBuildWorkPreparer.java:92)
	at org.gradle.internal.operations.DefaultBuildOperationRunner$1.execute(DefaultBuildOperationRunner.java:29)
	at org.gradle.internal.operations.DefaultBuildOperationRunner$1.execute(DefaultBuildOperationRunner.java:26)
	at org.gradle.internal.operations.DefaultBuildOperationRunner$2.execute(DefaultBuildOperationRunner.java:66)
	at org.gradle.internal.operations.DefaultBuildOperationRunner$2.execute(DefaultBuildOperationRunner.java:59)
	at org.gradle.internal.operations.DefaultBuildOperationRunner.execute(DefaultBuildOperationRunner.java:157)
	at org.gradle.internal.operations.DefaultBuildOperationRunner.execute(DefaultBuildOperationRunner.java:59)
	at org.gradle.internal.operations.DefaultBuildOperationRunner.run(DefaultBuildOperationRunner.java:47)
	at org.gradle.internal.operations.DefaultBuildOperationExecutor.run(DefaultBuildOperationExecutor.java:68)
	at org.gradle.internal.build.BuildOperationFiringBuildWorkPreparer.populateWorkGraph(BuildOperationFiringBuildWorkPreparer.java:67)
	at org.gradle.internal.build.DefaultBuildLifecycleController.lambda$populateWorkGraph$8(DefaultBuildLifecycleController.java:189)
	at org.gradle.internal.model.StateTransitionController.lambda$inState$1(StateTransitionController.java:99)
	at org.gradle.internal.model.StateTransitionController.lambda$inState$2(StateTransitionController.java:114)
	at org.gradle.internal.work.DefaultSynchronizer.withLock(DefaultSynchronizer.java:44)
	at org.gradle.internal.model.StateTransitionController.inState(StateTransitionController.java:110)
	at org.gradle.internal.model.StateTransitionController.inState(StateTransitionController.java:98)
	at org.gradle.internal.build.DefaultBuildLifecycleController.populateWorkGraph(DefaultBuildLifecycleController.java:189)
	at org.gradle.internal.build.DefaultBuildWorkGraphController$DefaultBuildWorkGraph.populateWorkGraph(DefaultBuildWorkGraphController.java:169)
	at org.gradle.composite.internal.DefaultBuildController.populateWorkGraph(DefaultBuildController.java:76)
	at org.gradle.composite.internal.DefaultIncludedBuildTaskGraph$DefaultBuildTreeWorkGraphBuilder.withWorkGraph(DefaultIncludedBuildTaskGraph.java:153)
	at org.gradle.internal.buildtree.DefaultBuildTreeWorkPreparer.lambda$scheduleRequestedTasks$1(DefaultBuildTreeWorkPreparer.java:41)
	at org.gradle.composite.internal.DefaultIncludedBuildTaskGraph$DefaultBuildTreeWorkGraph$1.run(DefaultIncludedBuildTaskGraph.java:209)
	at org.gradle.internal.operations.DefaultBuildOperationRunner$1.execute(DefaultBuildOperationRunner.java:29)
	at org.gradle.internal.operations.DefaultBuildOperationRunner$1.execute(DefaultBuildOperationRunner.java:26)
	at org.gradle.internal.operations.DefaultBuildOperationRunner$2.execute(DefaultBuildOperationRunner.java:66)
	at org.gradle.internal.operations.DefaultBuildOperationRunner$2.execute(DefaultBuildOperationRunner.java:59)
	at org.gradle.internal.operations.DefaultBuildOperationRunner.execute(DefaultBuildOperationRunner.java:157)
	at org.gradle.internal.operations.DefaultBuildOperationRunner.execute(DefaultBuildOperationRunner.java:59)
	at org.gradle.internal.operations.DefaultBuildOperationRunner.run(DefaultBuildOperationRunner.java:47)
	at org.gradle.internal.operations.DefaultBuildOperationExecutor.run(DefaultBuildOperationExecutor.java:68)
	at org.gradle.composite.internal.DefaultIncludedBuildTaskGraph$DefaultBuildTreeWorkGraph.scheduleWork(DefaultIncludedBuildTaskGraph.java:204)
	at org.gradle.internal.buildtree.DefaultBuildTreeWorkPreparer.scheduleRequestedTasks(DefaultBuildTreeWorkPreparer.java:37)
	at org.gradle.configurationcache.VintageBuildTreeWorkController$scheduleAndRunRequestedTasks$1.apply(VintageBuildTreeWorkController.kt:36)
	at org.gradle.configurationcache.VintageBuildTreeWorkController$scheduleAndRunRequestedTasks$1.apply(VintageBuildTreeWorkController.kt:35)
	at org.gradle.composite.internal.DefaultIncludedBuildTaskGraph.withNewWorkGraph(DefaultIncludedBuildTaskGraph.java:112)
	at org.gradle.configurationcache.VintageBuildTreeWorkController.scheduleAndRunRequestedTasks(VintageBuildTreeWorkController.kt:35)
	at org.gradle.internal.buildtree.DefaultBuildTreeLifecycleController.lambda$scheduleAndRunTasks$1(DefaultBuildTreeLifecycleController.java:76)
	at org.gradle.internal.buildtree.DefaultBuildTreeLifecycleController.lambda$runBuild$4(DefaultBuildTreeLifecycleController.java:119)
	at org.gradle.internal.model.StateTransitionController.lambda$transition$6(StateTransitionController.java:169)
	at org.gradle.internal.model.StateTransitionController.doTransition(StateTransitionController.java:266)
	at org.gradle.internal.model.StateTransitionController.lambda$transition$7(StateTransitionController.java:169)
	at org.gradle.internal.work.DefaultSynchronizer.withLock(DefaultSynchronizer.java:44)
	at org.gradle.internal.model.StateTransitionController.transition(StateTransitionController.java:169)
	at org.gradle.internal.buildtree.DefaultBuildTreeLifecycleController.runBuild(DefaultBuildTreeLifecycleController.java:116)
	at org.gradle.internal.buildtree.DefaultBuildTreeLifecycleController.scheduleAndRunTasks(DefaultBuildTreeLifecycleController.java:76)
	at org.gradle.internal.buildtree.DefaultBuildTreeLifecycleController.scheduleAndRunTasks(DefaultBuildTreeLifecycleController.java:71)
	at org.gradle.tooling.internal.provider.ExecuteBuildActionRunner.run(ExecuteBuildActionRunner.java:31)
	at org.gradle.launcher.exec.ChainingBuildActionRunner.run(ChainingBuildActionRunner.java:35)
	at org.gradle.internal.buildtree.ProblemReportingBuildActionRunner.run(ProblemReportingBuildActionRunner.java:49)
	at org.gradle.launcher.exec.BuildOutcomeReportingBuildActionRunner.run(BuildOutcomeReportingBuildActionRunner.java:65)
	at org.gradle.tooling.internal.provider.FileSystemWatchingBuildActionRunner.run(FileSystemWatchingBuildActionRunner.java:140)
	at org.gradle.launcher.exec.BuildCompletionNotifyingBuildActionRunner.run(BuildCompletionNotifyingBuildActionRunner.java:41)
	at org.gradle.launcher.exec.RootBuildLifecycleBuildActionExecutor.lambda$execute$0(RootBuildLifecycleBuildActionExecutor.java:40)
	at org.gradle.composite.internal.DefaultRootBuildState.run(DefaultRootBuildState.java:123)
	at org.gradle.launcher.exec.RootBuildLifecycleBuildActionExecutor.execute(RootBuildLifecycleBuildActionExecutor.java:40)
	at org.gradle.internal.buildtree.InitDeprecationLoggingActionExecutor.execute(InitDeprecationLoggingActionExecutor.java:62)
	at org.gradle.internal.buildtree.InitProblems.execute(InitProblems.java:38)
	at org.gradle.internal.buildtree.DefaultBuildTreeContext.execute(DefaultBuildTreeContext.java:40)
	at org.gradle.launcher.exec.BuildTreeLifecycleBuildActionExecutor.lambda$execute$0(BuildTreeLifecycleBuildActionExecutor.java:58)
	at org.gradle.internal.buildtree.BuildTreeState.run(BuildTreeState.java:58)
	at org.gradle.launcher.exec.BuildTreeLifecycleBuildActionExecutor.execute(BuildTreeLifecycleBuildActionExecutor.java:58)
	at org.gradle.launcher.exec.RunAsBuildOperationBuildActionExecutor$3.call(RunAsBuildOperationBuildActionExecutor.java:61)
	at org.gradle.launcher.exec.RunAsBuildOperationBuildActionExecutor$3.call(RunAsBuildOperationBuildActionExecutor.java:57)
	at org.gradle.internal.operations.DefaultBuildOperationRunner$CallableBuildOperationWorker.execute(DefaultBuildOperationRunner.java:204)
	at org.gradle.internal.operations.DefaultBuildOperationRunner$CallableBuildOperationWorker.execute(DefaultBuildOperationRunner.java:199)
	at org.gradle.internal.operations.DefaultBuildOperationRunner$2.execute(DefaultBuildOperationRunner.java:66)
	at org.gradle.internal.operations.DefaultBuildOperationRunner$2.execute(DefaultBuildOperationRunner.java:59)
	at org.gradle.internal.operations.DefaultBuildOperationRunner.execute(DefaultBuildOperationRunner.java:157)
	at org.gradle.internal.operations.DefaultBuildOperationRunner.execute(DefaultBuildOperationRunner.java:59)
	at org.gradle.internal.operations.DefaultBuildOperationRunner.call(DefaultBuildOperationRunner.java:53)
	at org.gradle.internal.operations.DefaultBuildOperationExecutor.call(DefaultBuildOperationExecutor.java:73)
	at org.gradle.launcher.exec.RunAsBuildOperationBuildActionExecutor.execute(RunAsBuildOperationBuildActionExecutor.java:57)
	at org.gradle.launcher.exec.RunAsWorkerThreadBuildActionExecutor.lambda$execute$0(RunAsWorkerThreadBuildActionExecutor.java:36)
	at org.gradle.internal.work.DefaultWorkerLeaseService.withLocks(DefaultWorkerLeaseService.java:264)
	at org.gradle.internal.work.DefaultWorkerLeaseService.runAsWorkerThread(DefaultWorkerLeaseService.java:128)
	at org.gradle.launcher.exec.RunAsWorkerThreadBuildActionExecutor.execute(RunAsWorkerThreadBuildActionExecutor.java:36)
	at org.gradle.tooling.internal.provider.continuous.ContinuousBuildActionExecutor.execute(ContinuousBuildActionExecutor.java:110)
	at org.gradle.tooling.internal.provider.SubscribableBuildActionExecutor.execute(SubscribableBuildActionExecutor.java:64)
	at org.gradle.internal.session.DefaultBuildSessionContext.execute(DefaultBuildSessionContext.java:46)
	at org.gradle.tooling.internal.provider.BuildSessionLifecycleBuildActionExecuter$ActionImpl.apply(BuildSessionLifecycleBuildActionExecuter.java:92)
	at org.gradle.tooling.internal.provider.BuildSessionLifecycleBuildActionExecuter$ActionImpl.apply(BuildSessionLifecycleBuildActionExecuter.java:80)
	at org.gradle.internal.session.BuildSessionState.run(BuildSessionState.java:69)
	at org.gradle.tooling.internal.provider.BuildSessionLifecycleBuildActionExecuter.execute(BuildSessionLifecycleBuildActionExecuter.java:62)
	at org.gradle.tooling.internal.provider.BuildSessionLifecycleBuildActionExecuter.execute(BuildSessionLifecycleBuildActionExecuter.java:41)
	at org.gradle.tooling.internal.provider.StartParamsValidatingActionExecuter.execute(StartParamsValidatingActionExecuter.java:64)
	at org.gradle.tooling.internal.provider.StartParamsValidatingActionExecuter.execute(StartParamsValidatingActionExecuter.java:32)
	at org.gradle.tooling.internal.provider.SessionFailureReportingActionExecuter.execute(SessionFailureReportingActionExecuter.java:51)
	at org.gradle.tooling.internal.provider.SessionFailureReportingActionExecuter.execute(SessionFailureReportingActionExecuter.java:39)
	at org.gradle.tooling.internal.provider.SetupLoggingActionExecuter.execute(SetupLoggingActionExecuter.java:47)
	at org.gradle.tooling.internal.provider.SetupLoggingActionExecuter.execute(SetupLoggingActionExecuter.java:31)
	at org.gradle.launcher.daemon.server.exec.ExecuteBuild.doBuild(ExecuteBuild.java:65)
	at org.gradle.launcher.daemon.server.exec.BuildCommandOnly.execute(BuildCommandOnly.java:37)
	at org.gradle.launcher.daemon.server.api.DaemonCommandExecution.proceed(DaemonCommandExecution.java:104)
	at org.gradle.launcher.daemon.server.exec.WatchForDisconnection.execute(WatchForDisconnection.java:39)
	at org.gradle.launcher.daemon.server.api.DaemonCommandExecution.proceed(DaemonCommandExecution.java:104)
	at org.gradle.launcher.daemon.server.exec.ResetDeprecationLogger.execute(ResetDeprecationLogger.java:29)
	at org.gradle.launcher.daemon.server.api.DaemonCommandExecution.proceed(DaemonCommandExecution.java:104)
	at org.gradle.launcher.daemon.server.exec.RequestStopIfSingleUsedDaemon.execute(RequestStopIfSingleUsedDaemon.java:35)
	at org.gradle.launcher.daemon.server.api.DaemonCommandExecution.proceed(DaemonCommandExecution.java:104)
	at org.gradle.launcher.daemon.server.exec.ForwardClientInput$2.create(ForwardClientInput.java:78)
	at org.gradle.launcher.daemon.server.exec.ForwardClientInput$2.create(ForwardClientInput.java:75)
	at org.gradle.util.internal.Swapper.swap(Swapper.java:38)
	at org.gradle.launcher.daemon.server.exec.ForwardClientInput.execute(ForwardClientInput.java:75)
	at org.gradle.launcher.daemon.server.api.DaemonCommandExecution.proceed(DaemonCommandExecution.java:104)
	at org.gradle.launcher.daemon.server.exec.LogAndCheckHealth.execute(LogAndCheckHealth.java:64)
	at org.gradle.launcher.daemon.server.api.DaemonCommandExecution.proceed(DaemonCommandExecution.java:104)
	at org.gradle.launcher.daemon.server.exec.LogToClient.doBuild(LogToClient.java:63)
	at org.gradle.launcher.daemon.server.exec.BuildCommandOnly.execute(BuildCommandOnly.java:37)
	at org.gradle.launcher.daemon.server.api.DaemonCommandExecution.proceed(DaemonCommandExecution.java:104)
	at org.gradle.launcher.daemon.server.exec.EstablishBuildEnvironment.doBuild(EstablishBuildEnvironment.java:84)
	at org.gradle.launcher.daemon.server.exec.BuildCommandOnly.execute(BuildCommandOnly.java:37)
	at org.gradle.launcher.daemon.server.api.DaemonCommandExecution.proceed(DaemonCommandExecution.java:104)
	at org.gradle.launcher.daemon.server.exec.StartBuildOrRespondWithBusy$1.run(StartBuildOrRespondWithBusy.java:52)
	at org.gradle.launcher.daemon.server.DaemonStateCoordinator$1.run(DaemonStateCoordinator.java:297)
	at org.gradle.internal.concurrent.ExecutorPolicy$CatchAndRecordFailures.onExecute(ExecutorPolicy.java:64)
	at org.gradle.internal.concurrent.AbstractManagedExecutor$1.run(AbstractManagedExecutor.java:47)
	at java.base/java.util.concurrent.ThreadPoolExecutor.runWorker(ThreadPoolExecutor.java:1136)
	at java.base/java.util.concurrent.ThreadPoolExecutor$Worker.run(ThreadPoolExecutor.java:635)
	at java.base/java.lang.Thread.run(Thread.java:840)
[gradle-intellij-plugin :] Cannot create plugin from file '/opt/android-studio/plugins/firebase': Invalid plugin descriptor 'plugin.xml'. Unable to read the plugin descriptor: No enum constant com.jetbrains.plugin.structure.intellij.plugin.IdePluginContentDescriptor.ServiceType.APPLİCATİON.
Unable to read descriptor [plugin.xml] from [/opt/android-studio/plugins/gemini/lib/aiplugin.jar]
java.lang.IllegalArgumentException: No enum constant com.jetbrains.plugin.structure.intellij.plugin.IdePluginContentDescriptor.ServiceType.APPLİCATİON
	at java.base/java.lang.Enum.valueOf(Enum.java:273)
	at com.jetbrains.plugin.structure.intellij.plugin.IdePluginContentDescriptor$ServiceType.valueOf(IdePluginContents.kt)
	at com.jetbrains.plugin.structure.intellij.plugin.PluginCreator.readServiceDescriptor(PluginCreator.kt:406)
	at com.jetbrains.plugin.structure.intellij.plugin.PluginCreator.readExtensions(PluginCreator.kt:341)
	at com.jetbrains.plugin.structure.intellij.plugin.PluginCreator.setInfoFromBean(PluginCreator.kt:320)
	at com.jetbrains.plugin.structure.intellij.plugin.PluginCreator.resolveDocumentAndValidateBean(PluginCreator.kt:664)
	at com.jetbrains.plugin.structure.intellij.plugin.PluginCreator.access$resolveDocumentAndValidateBean(PluginCreator.kt:31)
	at com.jetbrains.plugin.structure.intellij.plugin.PluginCreator$Companion.createPlugin(PluginCreator.kt:109)
	at com.jetbrains.plugin.structure.intellij.plugin.IdePluginManager.loadPluginInfoFromJarFile(IdePluginManager.kt:62)
	at com.jetbrains.plugin.structure.intellij.plugin.IdePluginManager.loadPluginInfoFromLibDirectory(IdePluginManager.kt:165)
	at com.jetbrains.plugin.structure.intellij.plugin.IdePluginManager.loadPluginInfoFromDirectory(IdePluginManager.kt:97)
	at com.jetbrains.plugin.structure.intellij.plugin.IdePluginManager.loadPluginInfoFromJarOrDirectory(IdePluginManager.kt:206)
	at com.jetbrains.plugin.structure.intellij.plugin.IdePluginManager.getPluginCreatorWithResult(IdePluginManager.kt:347)
	at com.jetbrains.plugin.structure.intellij.plugin.IdePluginManager.createPlugin(IdePluginManager.kt:314)
	at com.jetbrains.plugin.structure.intellij.plugin.IdePluginManager.createPlugin$default(IdePluginManager.kt:312)
	at org.jetbrains.intellij.Utils.createPlugin(utils.kt:222)
	at org.jetbrains.intellij.dependency.BuiltinPluginsRegistry.add(BuiltinPluginsRegistry.kt:89)
	at org.jetbrains.intellij.dependency.BuiltinPluginsRegistry.fillFromDirectory(BuiltinPluginsRegistry.kt:47)
	at org.jetbrains.intellij.dependency.BuiltinPluginsRegistry.access$fillFromDirectory(BuiltinPluginsRegistry.kt:21)
	at org.jetbrains.intellij.dependency.BuiltinPluginsRegistry$Companion.fromDirectory(BuiltinPluginsRegistry.kt:127)
	at org.jetbrains.intellij.dependency.IdeaDependencyManager.createDependency(IdeaDependencyManager.kt:92)
	at org.jetbrains.intellij.dependency.IdeaDependencyManager.resolveLocal(IdeaDependencyManager.kt:430)
	at org.jetbrains.intellij.IntelliJPlugin$prepareIdeaDependencyProvider$1.call(IntelliJPlugin.kt:299)
	at org.jetbrains.intellij.IntelliJPlugin$prepareIdeaDependencyProvider$1.call(IntelliJPlugin.kt:266)
	at org.gradle.api.internal.provider.DefaultProvider.calculateOwnValue(DefaultProvider.java:72)
	at org.gradle.api.internal.provider.AbstractMinimalProvider.calculateValue(AbstractMinimalProvider.java:115)
	at org.gradle.api.internal.provider.TransformBackedProvider.calculateOwnValue(TransformBackedProvider.java:82)
	at org.gradle.api.internal.provider.AbstractMinimalProvider.calculateValue(AbstractMinimalProvider.java:115)
	at org.gradle.api.internal.provider.AbstractMinimalProvider.withFinalValue(AbstractMinimalProvider.java:168)
	at org.gradle.api.internal.provider.DefaultProperty.finalValue(DefaultProperty.java:133)
	at org.gradle.api.internal.provider.DefaultProperty.finalValue(DefaultProperty.java:26)
	at org.gradle.api.internal.provider.AbstractProperty.finalizeNow(AbstractProperty.java:245)
	at org.gradle.api.internal.provider.AbstractProperty.beforeRead(AbstractProperty.java:239)
	at org.gradle.api.internal.provider.AbstractProperty.calculateOwnValue(AbstractProperty.java:135)
	at org.gradle.api.internal.provider.AbstractMinimalProvider.calculateValue(AbstractMinimalProvider.java:115)
	at org.gradle.api.internal.provider.TransformBackedProvider.calculateOwnValue(TransformBackedProvider.java:82)
	at org.gradle.api.internal.provider.AbstractMinimalProvider.calculateValue(AbstractMinimalProvider.java:115)
	at org.gradle.api.internal.provider.TransformBackedProvider.calculateOwnValue(TransformBackedProvider.java:82)
	at org.gradle.api.internal.provider.AbstractMinimalProvider.calculateValue(AbstractMinimalProvider.java:115)
	at org.gradle.api.internal.provider.DefaultProperty.calculateValueFrom(DefaultProperty.java:128)
	at org.gradle.api.internal.provider.DefaultProperty.calculateValueFrom(DefaultProperty.java:26)
	at org.gradle.api.internal.provider.AbstractProperty.doCalculateValue(AbstractProperty.java:142)
	at org.gradle.api.internal.provider.AbstractProperty.calculateOwnValue(AbstractProperty.java:136)
	at org.gradle.api.internal.provider.AbstractMinimalProvider.getOrNull(AbstractMinimalProvider.java:105)
	at org.jetbrains.intellij.IntelliJPlugin$prepareConventionMappingsForRunIdeTask$8.call(IntelliJPlugin.kt:963)
	at org.jetbrains.intellij.IntelliJPlugin$prepareConventionMappingsForRunIdeTask$8.call(IntelliJPlugin.kt:958)
	at org.gradle.api.internal.provider.DefaultProvider.calculateOwnValue(DefaultProvider.java:72)
	at org.gradle.api.internal.provider.AbstractMinimalProvider.calculateValue(AbstractMinimalProvider.java:115)
	at org.gradle.api.internal.provider.TransformBackedProvider.calculateOwnValue(TransformBackedProvider.java:82)
	at org.gradle.api.internal.provider.AbstractMinimalProvider.calculateValue(AbstractMinimalProvider.java:115)
	at org.gradle.api.internal.provider.DefaultProperty.calculateValueFrom(DefaultProperty.java:128)
	at org.gradle.api.internal.provider.DefaultProperty.calculateValueFrom(DefaultProperty.java:26)
	at org.gradle.api.internal.provider.AbstractProperty.doCalculateValue(AbstractProperty.java:142)
	at org.gradle.api.internal.provider.AbstractProperty.calculateOwnValue(AbstractProperty.java:136)
	at org.gradle.api.internal.provider.AbstractMinimalProvider.calculateOwnPresentValue(AbstractMinimalProvider.java:80)
	at org.gradle.api.internal.provider.AbstractMinimalProvider.get(AbstractMinimalProvider.java:100)
	at org.jetbrains.intellij.tasks.RunIdeBase.getExecutable(RunIdeBase.kt:202)
	at org.jetbrains.intellij.tasks.BuildSearchableOptionsTask_Decorated.getExecutable(Unknown Source)
	at org.gradle.api.tasks.internal.JavaExecExecutableUtils.getExecutableOverrideToolchainSpec(JavaExecExecutableUtils.java:30)
	at org.gradle.api.tasks.JavaExec.lambda$new$0(JavaExec.java:144)
	at org.gradle.api.internal.provider.DefaultProvider.calculateOwnValue(DefaultProvider.java:72)
	at org.gradle.api.internal.provider.AbstractMinimalProvider.calculateValue(AbstractMinimalProvider.java:115)
	at org.gradle.api.internal.provider.FlatMapProvider.calculateOwnValue(FlatMapProvider.java:46)
	at org.gradle.api.internal.provider.AbstractMinimalProvider.calculateValue(AbstractMinimalProvider.java:115)
	at org.gradle.api.internal.provider.OrElseProvider.calculateOwnValue(OrElseProvider.java:76)
	at org.gradle.api.internal.provider.AbstractMinimalProvider.calculateValue(AbstractMinimalProvider.java:115)
	at org.gradle.api.internal.provider.TransformBackedProvider.calculateOwnValue(TransformBackedProvider.java:82)
	at org.gradle.api.internal.provider.AbstractMinimalProvider.calculateValue(AbstractMinimalProvider.java:115)
	at org.gradle.api.internal.provider.AbstractMinimalProvider.withFinalValue(AbstractMinimalProvider.java:168)
	at org.gradle.api.internal.provider.DefaultProperty.finalValue(DefaultProperty.java:133)
	at org.gradle.api.internal.provider.DefaultProperty.finalValue(DefaultProperty.java:26)
	at org.gradle.api.internal.provider.AbstractProperty.finalizeNow(AbstractProperty.java:245)
	at org.gradle.api.internal.provider.AbstractProperty.beforeRead(AbstractProperty.java:239)
	at org.gradle.api.internal.provider.AbstractProperty.calculateOwnValue(AbstractProperty.java:135)
	at org.gradle.api.internal.provider.AbstractMinimalProvider.getOrNull(AbstractMinimalProvider.java:105)
	at org.gradle.internal.properties.annotations.AbstractTypeMetadataWalker$InstanceTypeMetadataWalker.lambda$walkNestedProvider$0(AbstractTypeMetadataWalker.java:137)
	at org.gradle.internal.properties.annotations.AbstractTypeMetadataWalker$InstanceTypeMetadataWalker.walkNestedChild(AbstractTypeMetadataWalker.java:184)
	at org.gradle.internal.properties.annotations.AbstractTypeMetadataWalker$InstanceTypeMetadataWalker.walkNestedProvider(AbstractTypeMetadataWalker.java:136)
	at org.gradle.internal.properties.annotations.AbstractTypeMetadataWalker$InstanceTypeMetadataWalker.walkNestedProvider(AbstractTypeMetadataWalker.java:118)
	at org.gradle.internal.properties.annotations.AbstractTypeMetadataWalker.walkNested(AbstractTypeMetadataWalker.java:60)
	at org.gradle.internal.properties.annotations.AbstractTypeMetadataWalker.lambda$walkChildren$3(AbstractTypeMetadataWalker.java:85)
	at org.gradle.internal.properties.annotations.AbstractTypeMetadataWalker$InstanceTypeMetadataWalker.walkNestedChild(AbstractTypeMetadataWalker.java:190)
	at org.gradle.internal.properties.annotations.AbstractTypeMetadataWalker$InstanceTypeMetadataWalker.walkNestedChild(AbstractTypeMetadataWalker.java:171)
	at org.gradle.internal.properties.annotations.AbstractTypeMetadataWalker$InstanceTypeMetadataWalker.walkNestedChild(AbstractTypeMetadataWalker.java:118)
	at org.gradle.internal.properties.annotations.AbstractTypeMetadataWalker.lambda$walkChildren$4(AbstractTypeMetadataWalker.java:85)
	at java.base/java.lang.Iterable.forEach(Iterable.java:75)
	at org.gradle.internal.properties.annotations.AbstractTypeMetadataWalker.walkChildren(AbstractTypeMetadataWalker.java:83)
	at org.gradle.internal.properties.annotations.AbstractTypeMetadataWalker.walk(AbstractTypeMetadataWalker.java:53)
	at org.gradle.internal.properties.bean.DefaultPropertyWalker.visitProperties(DefaultPropertyWalker.java:65)
	at org.gradle.api.internal.tasks.TaskPropertyUtils.visitAnnotatedProperties(TaskPropertyUtils.java:58)
	at org.gradle.api.internal.tasks.TaskPropertyUtils.visitProperties(TaskPropertyUtils.java:45)
	at org.gradle.api.internal.tasks.TaskPropertyUtils.visitProperties(TaskPropertyUtils.java:35)
	at org.gradle.api.internal.tasks.DefaultTaskInputs.visitDependencies(DefaultTaskInputs.java:195)
	at org.gradle.api.internal.tasks.DefaultTaskDependency.visitDependencies(DefaultTaskDependency.java:112)
	at org.gradle.api.internal.tasks.CachingTaskDependencyResolveContext$TaskGraphImpl.getNodeValues(CachingTaskDependencyResolveContext.java:103)
	at org.gradle.internal.graph.CachingDirectedGraphWalker$GraphWithEmptyEdges.getNodeValues(CachingDirectedGraphWalker.java:213)
	at org.gradle.internal.graph.CachingDirectedGraphWalker.doSearch(CachingDirectedGraphWalker.java:121)
	at org.gradle.internal.graph.CachingDirectedGraphWalker.findValues(CachingDirectedGraphWalker.java:73)
	at org.gradle.api.internal.tasks.CachingTaskDependencyResolveContext.getDependencies(CachingTaskDependencyResolveContext.java:66)
	at org.gradle.execution.plan.TaskDependencyResolver.resolveDependenciesFor(TaskDependencyResolver.java:49)
	at org.gradle.execution.plan.LocalTaskNode.getDependencies(LocalTaskNode.java:148)
	at org.gradle.execution.plan.LocalTaskNode.resolveDependencies(LocalTaskNode.java:122)
	at org.gradle.execution.plan.DefaultExecutionPlan.discoverNodeRelationships(DefaultExecutionPlan.java:183)
	at org.gradle.execution.plan.DefaultExecutionPlan.doAddEntryNodes(DefaultExecutionPlan.java:155)
	at org.gradle.execution.plan.DefaultExecutionPlan.addEntryTasks(DefaultExecutionPlan.java:130)
	at org.gradle.execution.plan.DefaultExecutionPlan.addEntryTasks(DefaultExecutionPlan.java:122)
	at org.gradle.execution.TaskNameResolvingBuildTaskScheduler.scheduleRequestedTasks(TaskNameResolvingBuildTaskScheduler.java:54)
	at org.gradle.execution.DefaultTasksBuildTaskScheduler.scheduleRequestedTasks(DefaultTasksBuildTaskScheduler.java:72)
	at org.gradle.initialization.DefaultTaskExecutionPreparer.lambda$scheduleRequestedTasks$0(DefaultTaskExecutionPreparer.java:46)
	at org.gradle.internal.Factories$1.create(Factories.java:31)
	at org.gradle.internal.work.DefaultWorkerLeaseService.withReplacedLocks(DefaultWorkerLeaseService.java:360)
	at org.gradle.api.internal.project.DefaultProjectStateRegistry$DefaultBuildProjectRegistry.withMutableStateOfAllProjects(DefaultProjectStateRegistry.java:239)
	at org.gradle.api.internal.project.DefaultProjectStateRegistry$DefaultBuildProjectRegistry.withMutableStateOfAllProjects(DefaultProjectStateRegistry.java:232)
	at org.gradle.initialization.DefaultTaskExecutionPreparer.scheduleRequestedTasks(DefaultTaskExecutionPreparer.java:45)
	at org.gradle.initialization.VintageBuildModelController.lambda$scheduleRequestedTasks$0(VintageBuildModelController.java:76)
	at org.gradle.internal.model.StateTransitionController.lambda$inState$1(StateTransitionController.java:99)
	at org.gradle.internal.model.StateTransitionController.lambda$inState$2(StateTransitionController.java:114)
	at org.gradle.internal.work.DefaultSynchronizer.withLock(DefaultSynchronizer.java:44)
	at org.gradle.internal.model.StateTransitionController.inState(StateTransitionController.java:110)
	at org.gradle.internal.model.StateTransitionController.inState(StateTransitionController.java:98)
	at org.gradle.initialization.VintageBuildModelController.scheduleRequestedTasks(VintageBuildModelController.java:76)
	at org.gradle.internal.build.DefaultBuildLifecycleController$DefaultWorkGraphBuilder.addRequestedTasks(DefaultBuildLifecycleController.java:404)
	at org.gradle.internal.buildtree.DefaultBuildTreeWorkPreparer.lambda$scheduleRequestedTasks$0(DefaultBuildTreeWorkPreparer.java:41)
	at org.gradle.internal.build.DefaultBuildLifecycleController.lambda$populateWorkGraph$7(DefaultBuildLifecycleController.java:189)
	at org.gradle.internal.build.DefaultBuildWorkPreparer.populateWorkGraph(DefaultBuildWorkPreparer.java:42)
	at org.gradle.internal.build.BuildOperationFiringBuildWorkPreparer$PopulateWorkGraph.populateTaskGraph(BuildOperationFiringBuildWorkPreparer.java:106)
	at org.gradle.internal.build.BuildOperationFiringBuildWorkPreparer$PopulateWorkGraph.run(BuildOperationFiringBuildWorkPreparer.java:92)
	at org.gradle.internal.operations.DefaultBuildOperationRunner$1.execute(DefaultBuildOperationRunner.java:29)
	at org.gradle.internal.operations.DefaultBuildOperationRunner$1.execute(DefaultBuildOperationRunner.java:26)
	at org.gradle.internal.operations.DefaultBuildOperationRunner$2.execute(DefaultBuildOperationRunner.java:66)
	at org.gradle.internal.operations.DefaultBuildOperationRunner$2.execute(DefaultBuildOperationRunner.java:59)
	at org.gradle.internal.operations.DefaultBuildOperationRunner.execute(DefaultBuildOperationRunner.java:157)
	at org.gradle.internal.operations.DefaultBuildOperationRunner.execute(DefaultBuildOperationRunner.java:59)
	at org.gradle.internal.operations.DefaultBuildOperationRunner.run(DefaultBuildOperationRunner.java:47)
	at org.gradle.internal.operations.DefaultBuildOperationExecutor.run(DefaultBuildOperationExecutor.java:68)
	at org.gradle.internal.build.BuildOperationFiringBuildWorkPreparer.populateWorkGraph(BuildOperationFiringBuildWorkPreparer.java:67)
	at org.gradle.internal.build.DefaultBuildLifecycleController.lambda$populateWorkGraph$8(DefaultBuildLifecycleController.java:189)
	at org.gradle.internal.model.StateTransitionController.lambda$inState$1(StateTransitionController.java:99)
	at org.gradle.internal.model.StateTransitionController.lambda$inState$2(StateTransitionController.java:114)
	at org.gradle.internal.work.DefaultSynchronizer.withLock(DefaultSynchronizer.java:44)
	at org.gradle.internal.model.StateTransitionController.inState(StateTransitionController.java:110)
	at org.gradle.internal.model.StateTransitionController.inState(StateTransitionController.java:98)
	at org.gradle.internal.build.DefaultBuildLifecycleController.populateWorkGraph(DefaultBuildLifecycleController.java:189)
	at org.gradle.internal.build.DefaultBuildWorkGraphController$DefaultBuildWorkGraph.populateWorkGraph(DefaultBuildWorkGraphController.java:169)
	at org.gradle.composite.internal.DefaultBuildController.populateWorkGraph(DefaultBuildController.java:76)
	at org.gradle.composite.internal.DefaultIncludedBuildTaskGraph$DefaultBuildTreeWorkGraphBuilder.withWorkGraph(DefaultIncludedBuildTaskGraph.java:153)
	at org.gradle.internal.buildtree.DefaultBuildTreeWorkPreparer.lambda$scheduleRequestedTasks$1(DefaultBuildTreeWorkPreparer.java:41)
	at org.gradle.composite.internal.DefaultIncludedBuildTaskGraph$DefaultBuildTreeWorkGraph$1.run(DefaultIncludedBuildTaskGraph.java:209)
	at org.gradle.internal.operations.DefaultBuildOperationRunner$1.execute(DefaultBuildOperationRunner.java:29)
	at org.gradle.internal.operations.DefaultBuildOperationRunner$1.execute(DefaultBuildOperationRunner.java:26)
	at org.gradle.internal.operations.DefaultBuildOperationRunner$2.execute(DefaultBuildOperationRunner.java:66)
	at org.gradle.internal.operations.DefaultBuildOperationRunner$2.execute(DefaultBuildOperationRunner.java:59)
	at org.gradle.internal.operations.DefaultBuildOperationRunner.execute(DefaultBuildOperationRunner.java:157)
	at org.gradle.internal.operations.DefaultBuildOperationRunner.execute(DefaultBuildOperationRunner.java:59)
	at org.gradle.internal.operations.DefaultBuildOperationRunner.run(DefaultBuildOperationRunner.java:47)
	at org.gradle.internal.operations.DefaultBuildOperationExecutor.run(DefaultBuildOperationExecutor.java:68)
	at org.gradle.composite.internal.DefaultIncludedBuildTaskGraph$DefaultBuildTreeWorkGraph.scheduleWork(DefaultIncludedBuildTaskGraph.java:204)
	at org.gradle.internal.buildtree.DefaultBuildTreeWorkPreparer.scheduleRequestedTasks(DefaultBuildTreeWorkPreparer.java:37)
	at org.gradle.configurationcache.VintageBuildTreeWorkController$scheduleAndRunRequestedTasks$1.apply(VintageBuildTreeWorkController.kt:36)
	at org.gradle.configurationcache.VintageBuildTreeWorkController$scheduleAndRunRequestedTasks$1.apply(VintageBuildTreeWorkController.kt:35)
	at org.gradle.composite.internal.DefaultIncludedBuildTaskGraph.withNewWorkGraph(DefaultIncludedBuildTaskGraph.java:112)
	at org.gradle.configurationcache.VintageBuildTreeWorkController.scheduleAndRunRequestedTasks(VintageBuildTreeWorkController.kt:35)
	at org.gradle.internal.buildtree.DefaultBuildTreeLifecycleController.lambda$scheduleAndRunTasks$1(DefaultBuildTreeLifecycleController.java:76)
	at org.gradle.internal.buildtree.DefaultBuildTreeLifecycleController.lambda$runBuild$4(DefaultBuildTreeLifecycleController.java:119)
	at org.gradle.internal.model.StateTransitionController.lambda$transition$6(StateTransitionController.java:169)
	at org.gradle.internal.model.StateTransitionController.doTransition(StateTransitionController.java:266)
	at org.gradle.internal.model.StateTransitionController.lambda$transition$7(StateTransitionController.java:169)
	at org.gradle.internal.work.DefaultSynchronizer.withLock(DefaultSynchronizer.java:44)
	at org.gradle.internal.model.StateTransitionController.transition(StateTransitionController.java:169)
	at org.gradle.internal.buildtree.DefaultBuildTreeLifecycleController.runBuild(DefaultBuildTreeLifecycleController.java:116)
	at org.gradle.internal.buildtree.DefaultBuildTreeLifecycleController.scheduleAndRunTasks(DefaultBuildTreeLifecycleController.java:76)
	at org.gradle.internal.buildtree.DefaultBuildTreeLifecycleController.scheduleAndRunTasks(DefaultBuildTreeLifecycleController.java:71)
	at org.gradle.tooling.internal.provider.ExecuteBuildActionRunner.run(ExecuteBuildActionRunner.java:31)
	at org.gradle.launcher.exec.ChainingBuildActionRunner.run(ChainingBuildActionRunner.java:35)
	at org.gradle.internal.buildtree.ProblemReportingBuildActionRunner.run(ProblemReportingBuildActionRunner.java:49)
	at org.gradle.launcher.exec.BuildOutcomeReportingBuildActionRunner.run(BuildOutcomeReportingBuildActionRunner.java:65)
	at org.gradle.tooling.internal.provider.FileSystemWatchingBuildActionRunner.run(FileSystemWatchingBuildActionRunner.java:140)
	at org.gradle.launcher.exec.BuildCompletionNotifyingBuildActionRunner.run(BuildCompletionNotifyingBuildActionRunner.java:41)
	at org.gradle.launcher.exec.RootBuildLifecycleBuildActionExecutor.lambda$execute$0(RootBuildLifecycleBuildActionExecutor.java:40)
	at org.gradle.composite.internal.DefaultRootBuildState.run(DefaultRootBuildState.java:123)
	at org.gradle.launcher.exec.RootBuildLifecycleBuildActionExecutor.execute(RootBuildLifecycleBuildActionExecutor.java:40)
	at org.gradle.internal.buildtree.InitDeprecationLoggingActionExecutor.execute(InitDeprecationLoggingActionExecutor.java:62)
	at org.gradle.internal.buildtree.InitProblems.execute(InitProblems.java:38)
	at org.gradle.internal.buildtree.DefaultBuildTreeContext.execute(DefaultBuildTreeContext.java:40)
	at org.gradle.launcher.exec.BuildTreeLifecycleBuildActionExecutor.lambda$execute$0(BuildTreeLifecycleBuildActionExecutor.java:58)
	at org.gradle.internal.buildtree.BuildTreeState.run(BuildTreeState.java:58)
	at org.gradle.launcher.exec.BuildTreeLifecycleBuildActionExecutor.execute(BuildTreeLifecycleBuildActionExecutor.java:58)
	at org.gradle.launcher.exec.RunAsBuildOperationBuildActionExecutor$3.call(RunAsBuildOperationBuildActionExecutor.java:61)
	at org.gradle.launcher.exec.RunAsBuildOperationBuildActionExecutor$3.call(RunAsBuildOperationBuildActionExecutor.java:57)
	at org.gradle.internal.operations.DefaultBuildOperationRunner$CallableBuildOperationWorker.execute(DefaultBuildOperationRunner.java:204)
	at org.gradle.internal.operations.DefaultBuildOperationRunner$CallableBuildOperationWorker.execute(DefaultBuildOperationRunner.java:199)
	at org.gradle.internal.operations.DefaultBuildOperationRunner$2.execute(DefaultBuildOperationRunner.java:66)
	at org.gradle.internal.operations.DefaultBuildOperationRunner$2.execute(DefaultBuildOperationRunner.java:59)
	at org.gradle.internal.operations.DefaultBuildOperationRunner.execute(DefaultBuildOperationRunner.java:157)
	at org.gradle.internal.operations.DefaultBuildOperationRunner.execute(DefaultBuildOperationRunner.java:59)
	at org.gradle.internal.operations.DefaultBuildOperationRunner.call(DefaultBuildOperationRunner.java:53)
	at org.gradle.internal.operations.DefaultBuildOperationExecutor.call(DefaultBuildOperationExecutor.java:73)
	at org.gradle.launcher.exec.RunAsBuildOperationBuildActionExecutor.execute(RunAsBuildOperationBuildActionExecutor.java:57)
	at org.gradle.launcher.exec.RunAsWorkerThreadBuildActionExecutor.lambda$execute$0(RunAsWorkerThreadBuildActionExecutor.java:36)
	at org.gradle.internal.work.DefaultWorkerLeaseService.withLocks(DefaultWorkerLeaseService.java:264)
	at org.gradle.internal.work.DefaultWorkerLeaseService.runAsWorkerThread(DefaultWorkerLeaseService.java:128)
	at org.gradle.launcher.exec.RunAsWorkerThreadBuildActionExecutor.execute(RunAsWorkerThreadBuildActionExecutor.java:36)
	at org.gradle.tooling.internal.provider.continuous.ContinuousBuildActionExecutor.execute(ContinuousBuildActionExecutor.java:110)
	at org.gradle.tooling.internal.provider.SubscribableBuildActionExecutor.execute(SubscribableBuildActionExecutor.java:64)
	at org.gradle.internal.session.DefaultBuildSessionContext.execute(DefaultBuildSessionContext.java:46)
	at org.gradle.tooling.internal.provider.BuildSessionLifecycleBuildActionExecuter$ActionImpl.apply(BuildSessionLifecycleBuildActionExecuter.java:92)
	at org.gradle.tooling.internal.provider.BuildSessionLifecycleBuildActionExecuter$ActionImpl.apply(BuildSessionLifecycleBuildActionExecuter.java:80)
	at org.gradle.internal.session.BuildSessionState.run(BuildSessionState.java:69)
	at org.gradle.tooling.internal.provider.BuildSessionLifecycleBuildActionExecuter.execute(BuildSessionLifecycleBuildActionExecuter.java:62)
	at org.gradle.tooling.internal.provider.BuildSessionLifecycleBuildActionExecuter.execute(BuildSessionLifecycleBuildActionExecuter.java:41)
	at org.gradle.tooling.internal.provider.StartParamsValidatingActionExecuter.execute(StartParamsValidatingActionExecuter.java:64)
	at org.gradle.tooling.internal.provider.StartParamsValidatingActionExecuter.execute(StartParamsValidatingActionExecuter.java:32)
	at org.gradle.tooling.internal.provider.SessionFailureReportingActionExecuter.execute(SessionFailureReportingActionExecuter.java:51)
	at org.gradle.tooling.internal.provider.SessionFailureReportingActionExecuter.execute(SessionFailureReportingActionExecuter.java:39)
	at org.gradle.tooling.internal.provider.SetupLoggingActionExecuter.execute(SetupLoggingActionExecuter.java:47)
	at org.gradle.tooling.internal.provider.SetupLoggingActionExecuter.execute(SetupLoggingActionExecuter.java:31)
	at org.gradle.launcher.daemon.server.exec.ExecuteBuild.doBuild(ExecuteBuild.java:65)
	at org.gradle.launcher.daemon.server.exec.BuildCommandOnly.execute(BuildCommandOnly.java:37)
	at org.gradle.launcher.daemon.server.api.DaemonCommandExecution.proceed(DaemonCommandExecution.java:104)
	at org.gradle.launcher.daemon.server.exec.WatchForDisconnection.execute(WatchForDisconnection.java:39)
	at org.gradle.launcher.daemon.server.api.DaemonCommandExecution.proceed(DaemonCommandExecution.java:104)
	at org.gradle.launcher.daemon.server.exec.ResetDeprecationLogger.execute(ResetDeprecationLogger.java:29)
	at org.gradle.launcher.daemon.server.api.DaemonCommandExecution.proceed(DaemonCommandExecution.java:104)
	at org.gradle.launcher.daemon.server.exec.RequestStopIfSingleUsedDaemon.execute(RequestStopIfSingleUsedDaemon.java:35)
	at org.gradle.launcher.daemon.server.api.DaemonCommandExecution.proceed(DaemonCommandExecution.java:104)
	at org.gradle.launcher.daemon.server.exec.ForwardClientInput$2.create(ForwardClientInput.java:78)
	at org.gradle.launcher.daemon.server.exec.ForwardClientInput$2.create(ForwardClientInput.java:75)
	at org.gradle.util.internal.Swapper.swap(Swapper.java:38)
	at org.gradle.launcher.daemon.server.exec.ForwardClientInput.execute(ForwardClientInput.java:75)
	at org.gradle.launcher.daemon.server.api.DaemonCommandExecution.proceed(DaemonCommandExecution.java:104)
	at org.gradle.launcher.daemon.server.exec.LogAndCheckHealth.execute(LogAndCheckHealth.java:64)
	at org.gradle.launcher.daemon.server.api.DaemonCommandExecution.proceed(DaemonCommandExecution.java:104)
	at org.gradle.launcher.daemon.server.exec.LogToClient.doBuild(LogToClient.java:63)
	at org.gradle.launcher.daemon.server.exec.BuildCommandOnly.execute(BuildCommandOnly.java:37)
	at org.gradle.launcher.daemon.server.api.DaemonCommandExecution.proceed(DaemonCommandExecution.java:104)
	at org.gradle.launcher.daemon.server.exec.EstablishBuildEnvironment.doBuild(EstablishBuildEnvironment.java:84)
	at org.gradle.launcher.daemon.server.exec.BuildCommandOnly.execute(BuildCommandOnly.java:37)
	at org.gradle.launcher.daemon.server.api.DaemonCommandExecution.proceed(DaemonCommandExecution.java:104)
	at org.gradle.launcher.daemon.server.exec.StartBuildOrRespondWithBusy$1.run(StartBuildOrRespondWithBusy.java:52)
	at org.gradle.launcher.daemon.server.DaemonStateCoordinator$1.run(DaemonStateCoordinator.java:297)
	at org.gradle.internal.concurrent.ExecutorPolicy$CatchAndRecordFailures.onExecute(ExecutorPolicy.java:64)
	at org.gradle.internal.concurrent.AbstractManagedExecutor$1.run(AbstractManagedExecutor.java:47)
	at java.base/java.util.concurrent.ThreadPoolExecutor.runWorker(ThreadPoolExecutor.java:1136)
	at java.base/java.util.concurrent.ThreadPoolExecutor$Worker.run(ThreadPoolExecutor.java:635)
	at java.base/java.lang.Thread.run(Thread.java:840)
[gradle-intellij-plugin :] Cannot create plugin from file '/opt/android-studio/plugins/gemini': Invalid plugin descriptor 'plugin.xml'. Unable to read the plugin descriptor: No enum constant com.jetbrains.plugin.structure.intellij.plugin.IdePluginContentDescriptor.ServiceType.APPLİCATİON.
Unable to read descriptor [plugin.xml] from [/opt/android-studio/plugins/google-cloud-tools-as/lib/google-cloud-tools-as.jar]
java.lang.IllegalArgumentException: No enum constant com.jetbrains.plugin.structure.intellij.plugin.IdePluginContentDescriptor.ServiceType.APPLİCATİON
	at java.base/java.lang.Enum.valueOf(Enum.java:273)
	at com.jetbrains.plugin.structure.intellij.plugin.IdePluginContentDescriptor$ServiceType.valueOf(IdePluginContents.kt)
	at com.jetbrains.plugin.structure.intellij.plugin.PluginCreator.readServiceDescriptor(PluginCreator.kt:406)
	at com.jetbrains.plugin.structure.intellij.plugin.PluginCreator.readExtensions(PluginCreator.kt:341)
	at com.jetbrains.plugin.structure.intellij.plugin.PluginCreator.setInfoFromBean(PluginCreator.kt:320)
	at com.jetbrains.plugin.structure.intellij.plugin.PluginCreator.resolveDocumentAndValidateBean(PluginCreator.kt:664)
	at com.jetbrains.plugin.structure.intellij.plugin.PluginCreator.access$resolveDocumentAndValidateBean(PluginCreator.kt:31)
	at com.jetbrains.plugin.structure.intellij.plugin.PluginCreator$Companion.createPlugin(PluginCreator.kt:109)
	at com.jetbrains.plugin.structure.intellij.plugin.IdePluginManager.loadPluginInfoFromJarFile(IdePluginManager.kt:62)
	at com.jetbrains.plugin.structure.intellij.plugin.IdePluginManager.loadPluginInfoFromLibDirectory(IdePluginManager.kt:165)
	at com.jetbrains.plugin.structure.intellij.plugin.IdePluginManager.loadPluginInfoFromDirectory(IdePluginManager.kt:97)
	at com.jetbrains.plugin.structure.intellij.plugin.IdePluginManager.loadPluginInfoFromJarOrDirectory(IdePluginManager.kt:206)
	at com.jetbrains.plugin.structure.intellij.plugin.IdePluginManager.getPluginCreatorWithResult(IdePluginManager.kt:347)
	at com.jetbrains.plugin.structure.intellij.plugin.IdePluginManager.createPlugin(IdePluginManager.kt:314)
	at com.jetbrains.plugin.structure.intellij.plugin.IdePluginManager.createPlugin$default(IdePluginManager.kt:312)
	at org.jetbrains.intellij.Utils.createPlugin(utils.kt:222)
	at org.jetbrains.intellij.dependency.BuiltinPluginsRegistry.add(BuiltinPluginsRegistry.kt:89)
	at org.jetbrains.intellij.dependency.BuiltinPluginsRegistry.fillFromDirectory(BuiltinPluginsRegistry.kt:47)
	at org.jetbrains.intellij.dependency.BuiltinPluginsRegistry.access$fillFromDirectory(BuiltinPluginsRegistry.kt:21)
	at org.jetbrains.intellij.dependency.BuiltinPluginsRegistry$Companion.fromDirectory(BuiltinPluginsRegistry.kt:127)
	at org.jetbrains.intellij.dependency.IdeaDependencyManager.createDependency(IdeaDependencyManager.kt:92)
	at org.jetbrains.intellij.dependency.IdeaDependencyManager.resolveLocal(IdeaDependencyManager.kt:430)
	at org.jetbrains.intellij.IntelliJPlugin$prepareIdeaDependencyProvider$1.call(IntelliJPlugin.kt:299)
	at org.jetbrains.intellij.IntelliJPlugin$prepareIdeaDependencyProvider$1.call(IntelliJPlugin.kt:266)
	at org.gradle.api.internal.provider.DefaultProvider.calculateOwnValue(DefaultProvider.java:72)
	at org.gradle.api.internal.provider.AbstractMinimalProvider.calculateValue(AbstractMinimalProvider.java:115)
	at org.gradle.api.internal.provider.TransformBackedProvider.calculateOwnValue(TransformBackedProvider.java:82)
	at org.gradle.api.internal.provider.AbstractMinimalProvider.calculateValue(AbstractMinimalProvider.java:115)
	at org.gradle.api.internal.provider.AbstractMinimalProvider.withFinalValue(AbstractMinimalProvider.java:168)
	at org.gradle.api.internal.provider.DefaultProperty.finalValue(DefaultProperty.java:133)
	at org.gradle.api.internal.provider.DefaultProperty.finalValue(DefaultProperty.java:26)
	at org.gradle.api.internal.provider.AbstractProperty.finalizeNow(AbstractProperty.java:245)
	at org.gradle.api.internal.provider.AbstractProperty.beforeRead(AbstractProperty.java:239)
	at org.gradle.api.internal.provider.AbstractProperty.calculateOwnValue(AbstractProperty.java:135)
	at org.gradle.api.internal.provider.AbstractMinimalProvider.calculateValue(AbstractMinimalProvider.java:115)
	at org.gradle.api.internal.provider.TransformBackedProvider.calculateOwnValue(TransformBackedProvider.java:82)
	at org.gradle.api.internal.provider.AbstractMinimalProvider.calculateValue(AbstractMinimalProvider.java:115)
	at org.gradle.api.internal.provider.TransformBackedProvider.calculateOwnValue(TransformBackedProvider.java:82)
	at org.gradle.api.internal.provider.AbstractMinimalProvider.calculateValue(AbstractMinimalProvider.java:115)
	at org.gradle.api.internal.provider.DefaultProperty.calculateValueFrom(DefaultProperty.java:128)
	at org.gradle.api.internal.provider.DefaultProperty.calculateValueFrom(DefaultProperty.java:26)
	at org.gradle.api.internal.provider.AbstractProperty.doCalculateValue(AbstractProperty.java:142)
	at org.gradle.api.internal.provider.AbstractProperty.calculateOwnValue(AbstractProperty.java:136)
	at org.gradle.api.internal.provider.AbstractMinimalProvider.getOrNull(AbstractMinimalProvider.java:105)
	at org.jetbrains.intellij.IntelliJPlugin$prepareConventionMappingsForRunIdeTask$8.call(IntelliJPlugin.kt:963)
	at org.jetbrains.intellij.IntelliJPlugin$prepareConventionMappingsForRunIdeTask$8.call(IntelliJPlugin.kt:958)
	at org.gradle.api.internal.provider.DefaultProvider.calculateOwnValue(DefaultProvider.java:72)
	at org.gradle.api.internal.provider.AbstractMinimalProvider.calculateValue(AbstractMinimalProvider.java:115)
	at org.gradle.api.internal.provider.TransformBackedProvider.calculateOwnValue(TransformBackedProvider.java:82)
	at org.gradle.api.internal.provider.AbstractMinimalProvider.calculateValue(AbstractMinimalProvider.java:115)
	at org.gradle.api.internal.provider.DefaultProperty.calculateValueFrom(DefaultProperty.java:128)
	at org.gradle.api.internal.provider.DefaultProperty.calculateValueFrom(DefaultProperty.java:26)
	at org.gradle.api.internal.provider.AbstractProperty.doCalculateValue(AbstractProperty.java:142)
	at org.gradle.api.internal.provider.AbstractProperty.calculateOwnValue(AbstractProperty.java:136)
	at org.gradle.api.internal.provider.AbstractMinimalProvider.calculateOwnPresentValue(AbstractMinimalProvider.java:80)
	at org.gradle.api.internal.provider.AbstractMinimalProvider.get(AbstractMinimalProvider.java:100)
	at org.jetbrains.intellij.tasks.RunIdeBase.getExecutable(RunIdeBase.kt:202)
	at org.jetbrains.intellij.tasks.BuildSearchableOptionsTask_Decorated.getExecutable(Unknown Source)
	at org.gradle.api.tasks.internal.JavaExecExecutableUtils.getExecutableOverrideToolchainSpec(JavaExecExecutableUtils.java:30)
	at org.gradle.api.tasks.JavaExec.lambda$new$0(JavaExec.java:144)
	at org.gradle.api.internal.provider.DefaultProvider.calculateOwnValue(DefaultProvider.java:72)
	at org.gradle.api.internal.provider.AbstractMinimalProvider.calculateValue(AbstractMinimalProvider.java:115)
	at org.gradle.api.internal.provider.FlatMapProvider.calculateOwnValue(FlatMapProvider.java:46)
	at org.gradle.api.internal.provider.AbstractMinimalProvider.calculateValue(AbstractMinimalProvider.java:115)
	at org.gradle.api.internal.provider.OrElseProvider.calculateOwnValue(OrElseProvider.java:76)
	at org.gradle.api.internal.provider.AbstractMinimalProvider.calculateValue(AbstractMinimalProvider.java:115)
	at org.gradle.api.internal.provider.TransformBackedProvider.calculateOwnValue(TransformBackedProvider.java:82)
	at org.gradle.api.internal.provider.AbstractMinimalProvider.calculateValue(AbstractMinimalProvider.java:115)
	at org.gradle.api.internal.provider.AbstractMinimalProvider.withFinalValue(AbstractMinimalProvider.java:168)
	at org.gradle.api.internal.provider.DefaultProperty.finalValue(DefaultProperty.java:133)
	at org.gradle.api.internal.provider.DefaultProperty.finalValue(DefaultProperty.java:26)
	at org.gradle.api.internal.provider.AbstractProperty.finalizeNow(AbstractProperty.java:245)
	at org.gradle.api.internal.provider.AbstractProperty.beforeRead(AbstractProperty.java:239)
	at org.gradle.api.internal.provider.AbstractProperty.calculateOwnValue(AbstractProperty.java:135)
	at org.gradle.api.internal.provider.AbstractMinimalProvider.getOrNull(AbstractMinimalProvider.java:105)
	at org.gradle.internal.properties.annotations.AbstractTypeMetadataWalker$InstanceTypeMetadataWalker.lambda$walkNestedProvider$0(AbstractTypeMetadataWalker.java:137)
	at org.gradle.internal.properties.annotations.AbstractTypeMetadataWalker$InstanceTypeMetadataWalker.walkNestedChild(AbstractTypeMetadataWalker.java:184)
	at org.gradle.internal.properties.annotations.AbstractTypeMetadataWalker$InstanceTypeMetadataWalker.walkNestedProvider(AbstractTypeMetadataWalker.java:136)
	at org.gradle.internal.properties.annotations.AbstractTypeMetadataWalker$InstanceTypeMetadataWalker.walkNestedProvider(AbstractTypeMetadataWalker.java:118)
	at org.gradle.internal.properties.annotations.AbstractTypeMetadataWalker.walkNested(AbstractTypeMetadataWalker.java:60)
	at org.gradle.internal.properties.annotations.AbstractTypeMetadataWalker.lambda$walkChildren$3(AbstractTypeMetadataWalker.java:85)
	at org.gradle.internal.properties.annotations.AbstractTypeMetadataWalker$InstanceTypeMetadataWalker.walkNestedChild(AbstractTypeMetadataWalker.java:190)
	at org.gradle.internal.properties.annotations.AbstractTypeMetadataWalker$InstanceTypeMetadataWalker.walkNestedChild(AbstractTypeMetadataWalker.java:171)
	at org.gradle.internal.properties.annotations.AbstractTypeMetadataWalker$InstanceTypeMetadataWalker.walkNestedChild(AbstractTypeMetadataWalker.java:118)
	at org.gradle.internal.properties.annotations.AbstractTypeMetadataWalker.lambda$walkChildren$4(AbstractTypeMetadataWalker.java:85)
	at java.base/java.lang.Iterable.forEach(Iterable.java:75)
	at org.gradle.internal.properties.annotations.AbstractTypeMetadataWalker.walkChildren(AbstractTypeMetadataWalker.java:83)
	at org.gradle.internal.properties.annotations.AbstractTypeMetadataWalker.walk(AbstractTypeMetadataWalker.java:53)
	at org.gradle.internal.properties.bean.DefaultPropertyWalker.visitProperties(DefaultPropertyWalker.java:65)
	at org.gradle.api.internal.tasks.TaskPropertyUtils.visitAnnotatedProperties(TaskPropertyUtils.java:58)
	at org.gradle.api.internal.tasks.TaskPropertyUtils.visitProperties(TaskPropertyUtils.java:45)
	at org.gradle.api.internal.tasks.TaskPropertyUtils.visitProperties(TaskPropertyUtils.java:35)
	at org.gradle.api.internal.tasks.DefaultTaskInputs.visitDependencies(DefaultTaskInputs.java:195)
	at org.gradle.api.internal.tasks.DefaultTaskDependency.visitDependencies(DefaultTaskDependency.java:112)
	at org.gradle.api.internal.tasks.CachingTaskDependencyResolveContext$TaskGraphImpl.getNodeValues(CachingTaskDependencyResolveContext.java:103)
	at org.gradle.internal.graph.CachingDirectedGraphWalker$GraphWithEmptyEdges.getNodeValues(CachingDirectedGraphWalker.java:213)
	at org.gradle.internal.graph.CachingDirectedGraphWalker.doSearch(CachingDirectedGraphWalker.java:121)
	at org.gradle.internal.graph.CachingDirectedGraphWalker.findValues(CachingDirectedGraphWalker.java:73)
	at org.gradle.api.internal.tasks.CachingTaskDependencyResolveContext.getDependencies(CachingTaskDependencyResolveContext.java:66)
	at org.gradle.execution.plan.TaskDependencyResolver.resolveDependenciesFor(TaskDependencyResolver.java:49)
	at org.gradle.execution.plan.LocalTaskNode.getDependencies(LocalTaskNode.java:148)
	at org.gradle.execution.plan.LocalTaskNode.resolveDependencies(LocalTaskNode.java:122)
	at org.gradle.execution.plan.DefaultExecutionPlan.discoverNodeRelationships(DefaultExecutionPlan.java:183)
	at org.gradle.execution.plan.DefaultExecutionPlan.doAddEntryNodes(DefaultExecutionPlan.java:155)
	at org.gradle.execution.plan.DefaultExecutionPlan.addEntryTasks(DefaultExecutionPlan.java:130)
	at org.gradle.execution.plan.DefaultExecutionPlan.addEntryTasks(DefaultExecutionPlan.java:122)
	at org.gradle.execution.TaskNameResolvingBuildTaskScheduler.scheduleRequestedTasks(TaskNameResolvingBuildTaskScheduler.java:54)
	at org.gradle.execution.DefaultTasksBuildTaskScheduler.scheduleRequestedTasks(DefaultTasksBuildTaskScheduler.java:72)
	at org.gradle.initialization.DefaultTaskExecutionPreparer.lambda$scheduleRequestedTasks$0(DefaultTaskExecutionPreparer.java:46)
	at org.gradle.internal.Factories$1.create(Factories.java:31)
	at org.gradle.internal.work.DefaultWorkerLeaseService.withReplacedLocks(DefaultWorkerLeaseService.java:360)
	at org.gradle.api.internal.project.DefaultProjectStateRegistry$DefaultBuildProjectRegistry.withMutableStateOfAllProjects(DefaultProjectStateRegistry.java:239)
	at org.gradle.api.internal.project.DefaultProjectStateRegistry$DefaultBuildProjectRegistry.withMutableStateOfAllProjects(DefaultProjectStateRegistry.java:232)
	at org.gradle.initialization.DefaultTaskExecutionPreparer.scheduleRequestedTasks(DefaultTaskExecutionPreparer.java:45)
	at org.gradle.initialization.VintageBuildModelController.lambda$scheduleRequestedTasks$0(VintageBuildModelController.java:76)
	at org.gradle.internal.model.StateTransitionController.lambda$inState$1(StateTransitionController.java:99)
	at org.gradle.internal.model.StateTransitionController.lambda$inState$2(StateTransitionController.java:114)
	at org.gradle.internal.work.DefaultSynchronizer.withLock(DefaultSynchronizer.java:44)
	at org.gradle.internal.model.StateTransitionController.inState(StateTransitionController.java:110)
	at org.gradle.internal.model.StateTransitionController.inState(StateTransitionController.java:98)
	at org.gradle.initialization.VintageBuildModelController.scheduleRequestedTasks(VintageBuildModelController.java:76)
	at org.gradle.internal.build.DefaultBuildLifecycleController$DefaultWorkGraphBuilder.addRequestedTasks(DefaultBuildLifecycleController.java:404)
	at org.gradle.internal.buildtree.DefaultBuildTreeWorkPreparer.lambda$scheduleRequestedTasks$0(DefaultBuildTreeWorkPreparer.java:41)
	at org.gradle.internal.build.DefaultBuildLifecycleController.lambda$populateWorkGraph$7(DefaultBuildLifecycleController.java:189)
	at org.gradle.internal.build.DefaultBuildWorkPreparer.populateWorkGraph(DefaultBuildWorkPreparer.java:42)
	at org.gradle.internal.build.BuildOperationFiringBuildWorkPreparer$PopulateWorkGraph.populateTaskGraph(BuildOperationFiringBuildWorkPreparer.java:106)
	at org.gradle.internal.build.BuildOperationFiringBuildWorkPreparer$PopulateWorkGraph.run(BuildOperationFiringBuildWorkPreparer.java:92)
	at org.gradle.internal.operations.DefaultBuildOperationRunner$1.execute(DefaultBuildOperationRunner.java:29)
	at org.gradle.internal.operations.DefaultBuildOperationRunner$1.execute(DefaultBuildOperationRunner.java:26)
	at org.gradle.internal.operations.DefaultBuildOperationRunner$2.execute(DefaultBuildOperationRunner.java:66)
	at org.gradle.internal.operations.DefaultBuildOperationRunner$2.execute(DefaultBuildOperationRunner.java:59)
	at org.gradle.internal.operations.DefaultBuildOperationRunner.execute(DefaultBuildOperationRunner.java:157)
	at org.gradle.internal.operations.DefaultBuildOperationRunner.execute(DefaultBuildOperationRunner.java:59)
	at org.gradle.internal.operations.DefaultBuildOperationRunner.run(DefaultBuildOperationRunner.java:47)
	at org.gradle.internal.operations.DefaultBuildOperationExecutor.run(DefaultBuildOperationExecutor.java:68)
	at org.gradle.internal.build.BuildOperationFiringBuildWorkPreparer.populateWorkGraph(BuildOperationFiringBuildWorkPreparer.java:67)
	at org.gradle.internal.build.DefaultBuildLifecycleController.lambda$populateWorkGraph$8(DefaultBuildLifecycleController.java:189)
	at org.gradle.internal.model.StateTransitionController.lambda$inState$1(StateTransitionController.java:99)
	at org.gradle.internal.model.StateTransitionController.lambda$inState$2(StateTransitionController.java:114)
	at org.gradle.internal.work.DefaultSynchronizer.withLock(DefaultSynchronizer.java:44)
	at org.gradle.internal.model.StateTransitionController.inState(StateTransitionController.java:110)
	at org.gradle.internal.model.StateTransitionController.inState(StateTransitionController.java:98)
	at org.gradle.internal.build.DefaultBuildLifecycleController.populateWorkGraph(DefaultBuildLifecycleController.java:189)
	at org.gradle.internal.build.DefaultBuildWorkGraphController$DefaultBuildWorkGraph.populateWorkGraph(DefaultBuildWorkGraphController.java:169)
	at org.gradle.composite.internal.DefaultBuildController.populateWorkGraph(DefaultBuildController.java:76)
	at org.gradle.composite.internal.DefaultIncludedBuildTaskGraph$DefaultBuildTreeWorkGraphBuilder.withWorkGraph(DefaultIncludedBuildTaskGraph.java:153)
	at org.gradle.internal.buildtree.DefaultBuildTreeWorkPreparer.lambda$scheduleRequestedTasks$1(DefaultBuildTreeWorkPreparer.java:41)
	at org.gradle.composite.internal.DefaultIncludedBuildTaskGraph$DefaultBuildTreeWorkGraph$1.run(DefaultIncludedBuildTaskGraph.java:209)
	at org.gradle.internal.operations.DefaultBuildOperationRunner$1.execute(DefaultBuildOperationRunner.java:29)
	at org.gradle.internal.operations.DefaultBuildOperationRunner$1.execute(DefaultBuildOperationRunner.java:26)
	at org.gradle.internal.operations.DefaultBuildOperationRunner$2.execute(DefaultBuildOperationRunner.java:66)
	at org.gradle.internal.operations.DefaultBuildOperationRunner$2.execute(DefaultBuildOperationRunner.java:59)
	at org.gradle.internal.operations.DefaultBuildOperationRunner.execute(DefaultBuildOperationRunner.java:157)
	at org.gradle.internal.operations.DefaultBuildOperationRunner.execute(DefaultBuildOperationRunner.java:59)
	at org.gradle.internal.operations.DefaultBuildOperationRunner.run(DefaultBuildOperationRunner.java:47)
	at org.gradle.internal.operations.DefaultBuildOperationExecutor.run(DefaultBuildOperationExecutor.java:68)
	at org.gradle.composite.internal.DefaultIncludedBuildTaskGraph$DefaultBuildTreeWorkGraph.scheduleWork(DefaultIncludedBuildTaskGraph.java:204)
	at org.gradle.internal.buildtree.DefaultBuildTreeWorkPreparer.scheduleRequestedTasks(DefaultBuildTreeWorkPreparer.java:37)
	at org.gradle.configurationcache.VintageBuildTreeWorkController$scheduleAndRunRequestedTasks$1.apply(VintageBuildTreeWorkController.kt:36)
	at org.gradle.configurationcache.VintageBuildTreeWorkController$scheduleAndRunRequestedTasks$1.apply(VintageBuildTreeWorkController.kt:35)
	at org.gradle.composite.internal.DefaultIncludedBuildTaskGraph.withNewWorkGraph(DefaultIncludedBuildTaskGraph.java:112)
	at org.gradle.configurationcache.VintageBuildTreeWorkController.scheduleAndRunRequestedTasks(VintageBuildTreeWorkController.kt:35)
	at org.gradle.internal.buildtree.DefaultBuildTreeLifecycleController.lambda$scheduleAndRunTasks$1(DefaultBuildTreeLifecycleController.java:76)
	at org.gradle.internal.buildtree.DefaultBuildTreeLifecycleController.lambda$runBuild$4(DefaultBuildTreeLifecycleController.java:119)
	at org.gradle.internal.model.StateTransitionController.lambda$transition$6(StateTransitionController.java:169)
	at org.gradle.internal.model.StateTransitionController.doTransition(StateTransitionController.java:266)
	at org.gradle.internal.model.StateTransitionController.lambda$transition$7(StateTransitionController.java:169)
	at org.gradle.internal.work.DefaultSynchronizer.withLock(DefaultSynchronizer.java:44)
	at org.gradle.internal.model.StateTransitionController.transition(StateTransitionController.java:169)
	at org.gradle.internal.buildtree.DefaultBuildTreeLifecycleController.runBuild(DefaultBuildTreeLifecycleController.java:116)
	at org.gradle.internal.buildtree.DefaultBuildTreeLifecycleController.scheduleAndRunTasks(DefaultBuildTreeLifecycleController.java:76)
	at org.gradle.internal.buildtree.DefaultBuildTreeLifecycleController.scheduleAndRunTasks(DefaultBuildTreeLifecycleController.java:71)
	at org.gradle.tooling.internal.provider.ExecuteBuildActionRunner.run(ExecuteBuildActionRunner.java:31)
	at org.gradle.launcher.exec.ChainingBuildActionRunner.run(ChainingBuildActionRunner.java:35)
	at org.gradle.internal.buildtree.ProblemReportingBuildActionRunner.run(ProblemReportingBuildActionRunner.java:49)
	at org.gradle.launcher.exec.BuildOutcomeReportingBuildActionRunner.run(BuildOutcomeReportingBuildActionRunner.java:65)
	at org.gradle.tooling.internal.provider.FileSystemWatchingBuildActionRunner.run(FileSystemWatchingBuildActionRunner.java:140)
	at org.gradle.launcher.exec.BuildCompletionNotifyingBuildActionRunner.run(BuildCompletionNotifyingBuildActionRunner.java:41)
	at org.gradle.launcher.exec.RootBuildLifecycleBuildActionExecutor.lambda$execute$0(RootBuildLifecycleBuildActionExecutor.java:40)
	at org.gradle.composite.internal.DefaultRootBuildState.run(DefaultRootBuildState.java:123)
	at org.gradle.launcher.exec.RootBuildLifecycleBuildActionExecutor.execute(RootBuildLifecycleBuildActionExecutor.java:40)
	at org.gradle.internal.buildtree.InitDeprecationLoggingActionExecutor.execute(InitDeprecationLoggingActionExecutor.java:62)
	at org.gradle.internal.buildtree.InitProblems.execute(InitProblems.java:38)
	at org.gradle.internal.buildtree.DefaultBuildTreeContext.execute(DefaultBuildTreeContext.java:40)
	at org.gradle.launcher.exec.BuildTreeLifecycleBuildActionExecutor.lambda$execute$0(BuildTreeLifecycleBuildActionExecutor.java:58)
	at org.gradle.internal.buildtree.BuildTreeState.run(BuildTreeState.java:58)
	at org.gradle.launcher.exec.BuildTreeLifecycleBuildActionExecutor.execute(BuildTreeLifecycleBuildActionExecutor.java:58)
	at org.gradle.launcher.exec.RunAsBuildOperationBuildActionExecutor$3.call(RunAsBuildOperationBuildActionExecutor.java:61)
	at org.gradle.launcher.exec.RunAsBuildOperationBuildActionExecutor$3.call(RunAsBuildOperationBuildActionExecutor.java:57)
	at org.gradle.internal.operations.DefaultBuildOperationRunner$CallableBuildOperationWorker.execute(DefaultBuildOperationRunner.java:204)
	at org.gradle.internal.operations.DefaultBuildOperationRunner$CallableBuildOperationWorker.execute(DefaultBuildOperationRunner.java:199)
	at org.gradle.internal.operations.DefaultBuildOperationRunner$2.execute(DefaultBuildOperationRunner.java:66)
	at org.gradle.internal.operations.DefaultBuildOperationRunner$2.execute(DefaultBuildOperationRunner.java:59)
	at org.gradle.internal.operations.DefaultBuildOperationRunner.execute(DefaultBuildOperationRunner.java:157)
	at org.gradle.internal.operations.DefaultBuildOperationRunner.execute(DefaultBuildOperationRunner.java:59)
	at org.gradle.internal.operations.DefaultBuildOperationRunner.call(DefaultBuildOperationRunner.java:53)
	at org.gradle.internal.operations.DefaultBuildOperationExecutor.call(DefaultBuildOperationExecutor.java:73)
	at org.gradle.launcher.exec.RunAsBuildOperationBuildActionExecutor.execute(RunAsBuildOperationBuildActionExecutor.java:57)
	at org.gradle.launcher.exec.RunAsWorkerThreadBuildActionExecutor.lambda$execute$0(RunAsWorkerThreadBuildActionExecutor.java:36)
	at org.gradle.internal.work.DefaultWorkerLeaseService.withLocks(DefaultWorkerLeaseService.java:264)
	at org.gradle.internal.work.DefaultWorkerLeaseService.runAsWorkerThread(DefaultWorkerLeaseService.java:128)
	at org.gradle.launcher.exec.RunAsWorkerThreadBuildActionExecutor.execute(RunAsWorkerThreadBuildActionExecutor.java:36)
	at org.gradle.tooling.internal.provider.continuous.ContinuousBuildActionExecutor.execute(ContinuousBuildActionExecutor.java:110)
	at org.gradle.tooling.internal.provider.SubscribableBuildActionExecutor.execute(SubscribableBuildActionExecutor.java:64)
	at org.gradle.internal.session.DefaultBuildSessionContext.execute(DefaultBuildSessionContext.java:46)
	at org.gradle.tooling.internal.provider.BuildSessionLifecycleBuildActionExecuter$ActionImpl.apply(BuildSessionLifecycleBuildActionExecuter.java:92)
	at org.gradle.tooling.internal.provider.BuildSessionLifecycleBuildActionExecuter$ActionImpl.apply(BuildSessionLifecycleBuildActionExecuter.java:80)
	at org.gradle.internal.session.BuildSessionState.run(BuildSessionState.java:69)
	at org.gradle.tooling.internal.provider.BuildSessionLifecycleBuildActionExecuter.execute(BuildSessionLifecycleBuildActionExecuter.java:62)
	at org.gradle.tooling.internal.provider.BuildSessionLifecycleBuildActionExecuter.execute(BuildSessionLifecycleBuildActionExecuter.java:41)
	at org.gradle.tooling.internal.provider.StartParamsValidatingActionExecuter.execute(StartParamsValidatingActionExecuter.java:64)
	at org.gradle.tooling.internal.provider.StartParamsValidatingActionExecuter.execute(StartParamsValidatingActionExecuter.java:32)
	at org.gradle.tooling.internal.provider.SessionFailureReportingActionExecuter.execute(SessionFailureReportingActionExecuter.java:51)
	at org.gradle.tooling.internal.provider.SessionFailureReportingActionExecuter.execute(SessionFailureReportingActionExecuter.java:39)
	at org.gradle.tooling.internal.provider.SetupLoggingActionExecuter.execute(SetupLoggingActionExecuter.java:47)
	at org.gradle.tooling.internal.provider.SetupLoggingActionExecuter.execute(SetupLoggingActionExecuter.java:31)
	at org.gradle.launcher.daemon.server.exec.ExecuteBuild.doBuild(ExecuteBuild.java:65)
	at org.gradle.launcher.daemon.server.exec.BuildCommandOnly.execute(BuildCommandOnly.java:37)
	at org.gradle.launcher.daemon.server.api.DaemonCommandExecution.proceed(DaemonCommandExecution.java:104)
	at org.gradle.launcher.daemon.server.exec.WatchForDisconnection.execute(WatchForDisconnection.java:39)
	at org.gradle.launcher.daemon.server.api.DaemonCommandExecution.proceed(DaemonCommandExecution.java:104)
	at org.gradle.launcher.daemon.server.exec.ResetDeprecationLogger.execute(ResetDeprecationLogger.java:29)
	at org.gradle.launcher.daemon.server.api.DaemonCommandExecution.proceed(DaemonCommandExecution.java:104)
	at org.gradle.launcher.daemon.server.exec.RequestStopIfSingleUsedDaemon.execute(RequestStopIfSingleUsedDaemon.java:35)
	at org.gradle.launcher.daemon.server.api.DaemonCommandExecution.proceed(DaemonCommandExecution.java:104)
	at org.gradle.launcher.daemon.server.exec.ForwardClientInput$2.create(ForwardClientInput.java:78)
	at org.gradle.launcher.daemon.server.exec.ForwardClientInput$2.create(ForwardClientInput.java:75)
	at org.gradle.util.internal.Swapper.swap(Swapper.java:38)
	at org.gradle.launcher.daemon.server.exec.ForwardClientInput.execute(ForwardClientInput.java:75)
	at org.gradle.launcher.daemon.server.api.DaemonCommandExecution.proceed(DaemonCommandExecution.java:104)
	at org.gradle.launcher.daemon.server.exec.LogAndCheckHealth.execute(LogAndCheckHealth.java:64)
	at org.gradle.launcher.daemon.server.api.DaemonCommandExecution.proceed(DaemonCommandExecution.java:104)
	at org.gradle.launcher.daemon.server.exec.LogToClient.doBuild(LogToClient.java:63)
	at org.gradle.launcher.daemon.server.exec.BuildCommandOnly.execute(BuildCommandOnly.java:37)
	at org.gradle.launcher.daemon.server.api.DaemonCommandExecution.proceed(DaemonCommandExecution.java:104)
	at org.gradle.launcher.daemon.server.exec.EstablishBuildEnvironment.doBuild(EstablishBuildEnvironment.java:84)
	at org.gradle.launcher.daemon.server.exec.BuildCommandOnly.execute(BuildCommandOnly.java:37)
	at org.gradle.launcher.daemon.server.api.DaemonCommandExecution.proceed(DaemonCommandExecution.java:104)
	at org.gradle.launcher.daemon.server.exec.StartBuildOrRespondWithBusy$1.run(StartBuildOrRespondWithBusy.java:52)
	at org.gradle.launcher.daemon.server.DaemonStateCoordinator$1.run(DaemonStateCoordinator.java:297)
	at org.gradle.internal.concurrent.ExecutorPolicy$CatchAndRecordFailures.onExecute(ExecutorPolicy.java:64)
	at org.gradle.internal.concurrent.AbstractManagedExecutor$1.run(AbstractManagedExecutor.java:47)
	at java.base/java.util.concurrent.ThreadPoolExecutor.runWorker(ThreadPoolExecutor.java:1136)
	at java.base/java.util.concurrent.ThreadPoolExecutor$Worker.run(ThreadPoolExecutor.java:635)
	at java.base/java.lang.Thread.run(Thread.java:840)
[gradle-intellij-plugin :] Cannot create plugin from file '/opt/android-studio/plugins/google-cloud-tools-as': Invalid plugin descriptor 'plugin.xml'. Unable to read the plugin descriptor: No enum constant com.jetbrains.plugin.structure.intellij.plugin.IdePluginContentDescriptor.ServiceType.APPLİCATİON.
Unable to read descriptor [plugin.xml] from [/opt/android-studio/plugins/gradle/lib/gradle.jar]
java.lang.IllegalArgumentException: No enum constant com.jetbrains.plugin.structure.intellij.plugin.IdePluginContentDescriptor.ServiceType.APPLİCATİON
	at java.base/java.lang.Enum.valueOf(Enum.java:273)
	at com.jetbrains.plugin.structure.intellij.plugin.IdePluginContentDescriptor$ServiceType.valueOf(IdePluginContents.kt)
	at com.jetbrains.plugin.structure.intellij.plugin.PluginCreator.readServiceDescriptor(PluginCreator.kt:406)
	at com.jetbrains.plugin.structure.intellij.plugin.PluginCreator.readExtensions(PluginCreator.kt:341)
	at com.jetbrains.plugin.structure.intellij.plugin.PluginCreator.setInfoFromBean(PluginCreator.kt:320)
	at com.jetbrains.plugin.structure.intellij.plugin.PluginCreator.resolveDocumentAndValidateBean(PluginCreator.kt:664)
	at com.jetbrains.plugin.structure.intellij.plugin.PluginCreator.access$resolveDocumentAndValidateBean(PluginCreator.kt:31)
	at com.jetbrains.plugin.structure.intellij.plugin.PluginCreator$Companion.createPlugin(PluginCreator.kt:109)
	at com.jetbrains.plugin.structure.intellij.plugin.IdePluginManager.loadPluginInfoFromJarFile(IdePluginManager.kt:62)
	at com.jetbrains.plugin.structure.intellij.plugin.IdePluginManager.loadPluginInfoFromLibDirectory(IdePluginManager.kt:165)
	at com.jetbrains.plugin.structure.intellij.plugin.IdePluginManager.loadPluginInfoFromDirectory(IdePluginManager.kt:97)
	at com.jetbrains.plugin.structure.intellij.plugin.IdePluginManager.loadPluginInfoFromJarOrDirectory(IdePluginManager.kt:206)
	at com.jetbrains.plugin.structure.intellij.plugin.IdePluginManager.getPluginCreatorWithResult(IdePluginManager.kt:347)
	at com.jetbrains.plugin.structure.intellij.plugin.IdePluginManager.createPlugin(IdePluginManager.kt:314)
	at com.jetbrains.plugin.structure.intellij.plugin.IdePluginManager.createPlugin$default(IdePluginManager.kt:312)
	at org.jetbrains.intellij.Utils.createPlugin(utils.kt:222)
	at org.jetbrains.intellij.dependency.BuiltinPluginsRegistry.add(BuiltinPluginsRegistry.kt:89)
	at org.jetbrains.intellij.dependency.BuiltinPluginsRegistry.fillFromDirectory(BuiltinPluginsRegistry.kt:47)
	at org.jetbrains.intellij.dependency.BuiltinPluginsRegistry.access$fillFromDirectory(BuiltinPluginsRegistry.kt:21)
	at org.jetbrains.intellij.dependency.BuiltinPluginsRegistry$Companion.fromDirectory(BuiltinPluginsRegistry.kt:127)
	at org.jetbrains.intellij.dependency.IdeaDependencyManager.createDependency(IdeaDependencyManager.kt:92)
	at org.jetbrains.intellij.dependency.IdeaDependencyManager.resolveLocal(IdeaDependencyManager.kt:430)
	at org.jetbrains.intellij.IntelliJPlugin$prepareIdeaDependencyProvider$1.call(IntelliJPlugin.kt:299)
	at org.jetbrains.intellij.IntelliJPlugin$prepareIdeaDependencyProvider$1.call(IntelliJPlugin.kt:266)
	at org.gradle.api.internal.provider.DefaultProvider.calculateOwnValue(DefaultProvider.java:72)
	at org.gradle.api.internal.provider.AbstractMinimalProvider.calculateValue(AbstractMinimalProvider.java:115)
	at org.gradle.api.internal.provider.TransformBackedProvider.calculateOwnValue(TransformBackedProvider.java:82)
	at org.gradle.api.internal.provider.AbstractMinimalProvider.calculateValue(AbstractMinimalProvider.java:115)
	at org.gradle.api.internal.provider.AbstractMinimalProvider.withFinalValue(AbstractMinimalProvider.java:168)
	at org.gradle.api.internal.provider.DefaultProperty.finalValue(DefaultProperty.java:133)
	at org.gradle.api.internal.provider.DefaultProperty.finalValue(DefaultProperty.java:26)
	at org.gradle.api.internal.provider.AbstractProperty.finalizeNow(AbstractProperty.java:245)
	at org.gradle.api.internal.provider.AbstractProperty.beforeRead(AbstractProperty.java:239)
	at org.gradle.api.internal.provider.AbstractProperty.calculateOwnValue(AbstractProperty.java:135)
	at org.gradle.api.internal.provider.AbstractMinimalProvider.calculateValue(AbstractMinimalProvider.java:115)
	at org.gradle.api.internal.provider.TransformBackedProvider.calculateOwnValue(TransformBackedProvider.java:82)
	at org.gradle.api.internal.provider.AbstractMinimalProvider.calculateValue(AbstractMinimalProvider.java:115)
	at org.gradle.api.internal.provider.TransformBackedProvider.calculateOwnValue(TransformBackedProvider.java:82)
	at org.gradle.api.internal.provider.AbstractMinimalProvider.calculateValue(AbstractMinimalProvider.java:115)
	at org.gradle.api.internal.provider.DefaultProperty.calculateValueFrom(DefaultProperty.java:128)
	at org.gradle.api.internal.provider.DefaultProperty.calculateValueFrom(DefaultProperty.java:26)
	at org.gradle.api.internal.provider.AbstractProperty.doCalculateValue(AbstractProperty.java:142)
	at org.gradle.api.internal.provider.AbstractProperty.calculateOwnValue(AbstractProperty.java:136)
	at org.gradle.api.internal.provider.AbstractMinimalProvider.getOrNull(AbstractMinimalProvider.java:105)
	at org.jetbrains.intellij.IntelliJPlugin$prepareConventionMappingsForRunIdeTask$8.call(IntelliJPlugin.kt:963)
	at org.jetbrains.intellij.IntelliJPlugin$prepareConventionMappingsForRunIdeTask$8.call(IntelliJPlugin.kt:958)
	at org.gradle.api.internal.provider.DefaultProvider.calculateOwnValue(DefaultProvider.java:72)
	at org.gradle.api.internal.provider.AbstractMinimalProvider.calculateValue(AbstractMinimalProvider.java:115)
	at org.gradle.api.internal.provider.TransformBackedProvider.calculateOwnValue(TransformBackedProvider.java:82)
	at org.gradle.api.internal.provider.AbstractMinimalProvider.calculateValue(AbstractMinimalProvider.java:115)
	at org.gradle.api.internal.provider.DefaultProperty.calculateValueFrom(DefaultProperty.java:128)
	at org.gradle.api.internal.provider.DefaultProperty.calculateValueFrom(DefaultProperty.java:26)
	at org.gradle.api.internal.provider.AbstractProperty.doCalculateValue(AbstractProperty.java:142)
	at org.gradle.api.internal.provider.AbstractProperty.calculateOwnValue(AbstractProperty.java:136)
	at org.gradle.api.internal.provider.AbstractMinimalProvider.calculateOwnPresentValue(AbstractMinimalProvider.java:80)
	at org.gradle.api.internal.provider.AbstractMinimalProvider.get(AbstractMinimalProvider.java:100)
	at org.jetbrains.intellij.tasks.RunIdeBase.getExecutable(RunIdeBase.kt:202)
	at org.jetbrains.intellij.tasks.BuildSearchableOptionsTask_Decorated.getExecutable(Unknown Source)
	at org.gradle.api.tasks.internal.JavaExecExecutableUtils.getExecutableOverrideToolchainSpec(JavaExecExecutableUtils.java:30)
	at org.gradle.api.tasks.JavaExec.lambda$new$0(JavaExec.java:144)
	at org.gradle.api.internal.provider.DefaultProvider.calculateOwnValue(DefaultProvider.java:72)
	at org.gradle.api.internal.provider.AbstractMinimalProvider.calculateValue(AbstractMinimalProvider.java:115)
	at org.gradle.api.internal.provider.FlatMapProvider.calculateOwnValue(FlatMapProvider.java:46)
	at org.gradle.api.internal.provider.AbstractMinimalProvider.calculateValue(AbstractMinimalProvider.java:115)
	at org.gradle.api.internal.provider.OrElseProvider.calculateOwnValue(OrElseProvider.java:76)
	at org.gradle.api.internal.provider.AbstractMinimalProvider.calculateValue(AbstractMinimalProvider.java:115)
	at org.gradle.api.internal.provider.TransformBackedProvider.calculateOwnValue(TransformBackedProvider.java:82)
	at org.gradle.api.internal.provider.AbstractMinimalProvider.calculateValue(AbstractMinimalProvider.java:115)
	at org.gradle.api.internal.provider.AbstractMinimalProvider.withFinalValue(AbstractMinimalProvider.java:168)
	at org.gradle.api.internal.provider.DefaultProperty.finalValue(DefaultProperty.java:133)
	at org.gradle.api.internal.provider.DefaultProperty.finalValue(DefaultProperty.java:26)
	at org.gradle.api.internal.provider.AbstractProperty.finalizeNow(AbstractProperty.java:245)
	at org.gradle.api.internal.provider.AbstractProperty.beforeRead(AbstractProperty.java:239)
	at org.gradle.api.internal.provider.AbstractProperty.calculateOwnValue(AbstractProperty.java:135)
	at org.gradle.api.internal.provider.AbstractMinimalProvider.getOrNull(AbstractMinimalProvider.java:105)
	at org.gradle.internal.properties.annotations.AbstractTypeMetadataWalker$InstanceTypeMetadataWalker.lambda$walkNestedProvider$0(AbstractTypeMetadataWalker.java:137)
	at org.gradle.internal.properties.annotations.AbstractTypeMetadataWalker$InstanceTypeMetadataWalker.walkNestedChild(AbstractTypeMetadataWalker.java:184)
	at org.gradle.internal.properties.annotations.AbstractTypeMetadataWalker$InstanceTypeMetadataWalker.walkNestedProvider(AbstractTypeMetadataWalker.java:136)
	at org.gradle.internal.properties.annotations.AbstractTypeMetadataWalker$InstanceTypeMetadataWalker.walkNestedProvider(AbstractTypeMetadataWalker.java:118)
	at org.gradle.internal.properties.annotations.AbstractTypeMetadataWalker.walkNested(AbstractTypeMetadataWalker.java:60)
	at org.gradle.internal.properties.annotations.AbstractTypeMetadataWalker.lambda$walkChildren$3(AbstractTypeMetadataWalker.java:85)
	at org.gradle.internal.properties.annotations.AbstractTypeMetadataWalker$InstanceTypeMetadataWalker.walkNestedChild(AbstractTypeMetadataWalker.java:190)
	at org.gradle.internal.properties.annotations.AbstractTypeMetadataWalker$InstanceTypeMetadataWalker.walkNestedChild(AbstractTypeMetadataWalker.java:171)
	at org.gradle.internal.properties.annotations.AbstractTypeMetadataWalker$InstanceTypeMetadataWalker.walkNestedChild(AbstractTypeMetadataWalker.java:118)
	at org.gradle.internal.properties.annotations.AbstractTypeMetadataWalker.lambda$walkChildren$4(AbstractTypeMetadataWalker.java:85)
	at java.base/java.lang.Iterable.forEach(Iterable.java:75)
	at org.gradle.internal.properties.annotations.AbstractTypeMetadataWalker.walkChildren(AbstractTypeMetadataWalker.java:83)
	at org.gradle.internal.properties.annotations.AbstractTypeMetadataWalker.walk(AbstractTypeMetadataWalker.java:53)
	at org.gradle.internal.properties.bean.DefaultPropertyWalker.visitProperties(DefaultPropertyWalker.java:65)
	at org.gradle.api.internal.tasks.TaskPropertyUtils.visitAnnotatedProperties(TaskPropertyUtils.java:58)
	at org.gradle.api.internal.tasks.TaskPropertyUtils.visitProperties(TaskPropertyUtils.java:45)
	at org.gradle.api.internal.tasks.TaskPropertyUtils.visitProperties(TaskPropertyUtils.java:35)
	at org.gradle.api.internal.tasks.DefaultTaskInputs.visitDependencies(DefaultTaskInputs.java:195)
	at org.gradle.api.internal.tasks.DefaultTaskDependency.visitDependencies(DefaultTaskDependency.java:112)
	at org.gradle.api.internal.tasks.CachingTaskDependencyResolveContext$TaskGraphImpl.getNodeValues(CachingTaskDependencyResolveContext.java:103)
	at org.gradle.internal.graph.CachingDirectedGraphWalker$GraphWithEmptyEdges.getNodeValues(CachingDirectedGraphWalker.java:213)
	at org.gradle.internal.graph.CachingDirectedGraphWalker.doSearch(CachingDirectedGraphWalker.java:121)
	at org.gradle.internal.graph.CachingDirectedGraphWalker.findValues(CachingDirectedGraphWalker.java:73)
	at org.gradle.api.internal.tasks.CachingTaskDependencyResolveContext.getDependencies(CachingTaskDependencyResolveContext.java:66)
	at org.gradle.execution.plan.TaskDependencyResolver.resolveDependenciesFor(TaskDependencyResolver.java:49)
	at org.gradle.execution.plan.LocalTaskNode.getDependencies(LocalTaskNode.java:148)
	at org.gradle.execution.plan.LocalTaskNode.resolveDependencies(LocalTaskNode.java:122)
	at org.gradle.execution.plan.DefaultExecutionPlan.discoverNodeRelationships(DefaultExecutionPlan.java:183)
	at org.gradle.execution.plan.DefaultExecutionPlan.doAddEntryNodes(DefaultExecutionPlan.java:155)
	at org.gradle.execution.plan.DefaultExecutionPlan.addEntryTasks(DefaultExecutionPlan.java:130)
	at org.gradle.execution.plan.DefaultExecutionPlan.addEntryTasks(DefaultExecutionPlan.java:122)
	at org.gradle.execution.TaskNameResolvingBuildTaskScheduler.scheduleRequestedTasks(TaskNameResolvingBuildTaskScheduler.java:54)
	at org.gradle.execution.DefaultTasksBuildTaskScheduler.scheduleRequestedTasks(DefaultTasksBuildTaskScheduler.java:72)
	at org.gradle.initialization.DefaultTaskExecutionPreparer.lambda$scheduleRequestedTasks$0(DefaultTaskExecutionPreparer.java:46)
	at org.gradle.internal.Factories$1.create(Factories.java:31)
	at org.gradle.internal.work.DefaultWorkerLeaseService.withReplacedLocks(DefaultWorkerLeaseService.java:360)
	at org.gradle.api.internal.project.DefaultProjectStateRegistry$DefaultBuildProjectRegistry.withMutableStateOfAllProjects(DefaultProjectStateRegistry.java:239)
	at org.gradle.api.internal.project.DefaultProjectStateRegistry$DefaultBuildProjectRegistry.withMutableStateOfAllProjects(DefaultProjectStateRegistry.java:232)
	at org.gradle.initialization.DefaultTaskExecutionPreparer.scheduleRequestedTasks(DefaultTaskExecutionPreparer.java:45)
	at org.gradle.initialization.VintageBuildModelController.lambda$scheduleRequestedTasks$0(VintageBuildModelController.java:76)
	at org.gradle.internal.model.StateTransitionController.lambda$inState$1(StateTransitionController.java:99)
	at org.gradle.internal.model.StateTransitionController.lambda$inState$2(StateTransitionController.java:114)
	at org.gradle.internal.work.DefaultSynchronizer.withLock(DefaultSynchronizer.java:44)
	at org.gradle.internal.model.StateTransitionController.inState(StateTransitionController.java:110)
	at org.gradle.internal.model.StateTransitionController.inState(StateTransitionController.java:98)
	at org.gradle.initialization.VintageBuildModelController.scheduleRequestedTasks(VintageBuildModelController.java:76)
	at org.gradle.internal.build.DefaultBuildLifecycleController$DefaultWorkGraphBuilder.addRequestedTasks(DefaultBuildLifecycleController.java:404)
	at org.gradle.internal.buildtree.DefaultBuildTreeWorkPreparer.lambda$scheduleRequestedTasks$0(DefaultBuildTreeWorkPreparer.java:41)
	at org.gradle.internal.build.DefaultBuildLifecycleController.lambda$populateWorkGraph$7(DefaultBuildLifecycleController.java:189)
	at org.gradle.internal.build.DefaultBuildWorkPreparer.populateWorkGraph(DefaultBuildWorkPreparer.java:42)
	at org.gradle.internal.build.BuildOperationFiringBuildWorkPreparer$PopulateWorkGraph.populateTaskGraph(BuildOperationFiringBuildWorkPreparer.java:106)
	at org.gradle.internal.build.BuildOperationFiringBuildWorkPreparer$PopulateWorkGraph.run(BuildOperationFiringBuildWorkPreparer.java:92)
	at org.gradle.internal.operations.DefaultBuildOperationRunner$1.execute(DefaultBuildOperationRunner.java:29)
	at org.gradle.internal.operations.DefaultBuildOperationRunner$1.execute(DefaultBuildOperationRunner.java:26)
	at org.gradle.internal.operations.DefaultBuildOperationRunner$2.execute(DefaultBuildOperationRunner.java:66)
	at org.gradle.internal.operations.DefaultBuildOperationRunner$2.execute(DefaultBuildOperationRunner.java:59)
	at org.gradle.internal.operations.DefaultBuildOperationRunner.execute(DefaultBuildOperationRunner.java:157)
	at org.gradle.internal.operations.DefaultBuildOperationRunner.execute(DefaultBuildOperationRunner.java:59)
	at org.gradle.internal.operations.DefaultBuildOperationRunner.run(DefaultBuildOperationRunner.java:47)
	at org.gradle.internal.operations.DefaultBuildOperationExecutor.run(DefaultBuildOperationExecutor.java:68)
	at org.gradle.internal.build.BuildOperationFiringBuildWorkPreparer.populateWorkGraph(BuildOperationFiringBuildWorkPreparer.java:67)
	at org.gradle.internal.build.DefaultBuildLifecycleController.lambda$populateWorkGraph$8(DefaultBuildLifecycleController.java:189)
	at org.gradle.internal.model.StateTransitionController.lambda$inState$1(StateTransitionController.java:99)
	at org.gradle.internal.model.StateTransitionController.lambda$inState$2(StateTransitionController.java:114)
	at org.gradle.internal.work.DefaultSynchronizer.withLock(DefaultSynchronizer.java:44)
	at org.gradle.internal.model.StateTransitionController.inState(StateTransitionController.java:110)
	at org.gradle.internal.model.StateTransitionController.inState(StateTransitionController.java:98)
	at org.gradle.internal.build.DefaultBuildLifecycleController.populateWorkGraph(DefaultBuildLifecycleController.java:189)
	at org.gradle.internal.build.DefaultBuildWorkGraphController$DefaultBuildWorkGraph.populateWorkGraph(DefaultBuildWorkGraphController.java:169)
	at org.gradle.composite.internal.DefaultBuildController.populateWorkGraph(DefaultBuildController.java:76)
	at org.gradle.composite.internal.DefaultIncludedBuildTaskGraph$DefaultBuildTreeWorkGraphBuilder.withWorkGraph(DefaultIncludedBuildTaskGraph.java:153)
	at org.gradle.internal.buildtree.DefaultBuildTreeWorkPreparer.lambda$scheduleRequestedTasks$1(DefaultBuildTreeWorkPreparer.java:41)
	at org.gradle.composite.internal.DefaultIncludedBuildTaskGraph$DefaultBuildTreeWorkGraph$1.run(DefaultIncludedBuildTaskGraph.java:209)
	at org.gradle.internal.operations.DefaultBuildOperationRunner$1.execute(DefaultBuildOperationRunner.java:29)
	at org.gradle.internal.operations.DefaultBuildOperationRunner$1.execute(DefaultBuildOperationRunner.java:26)
	at org.gradle.internal.operations.DefaultBuildOperationRunner$2.execute(DefaultBuildOperationRunner.java:66)
	at org.gradle.internal.operations.DefaultBuildOperationRunner$2.execute(DefaultBuildOperationRunner.java:59)
	at org.gradle.internal.operations.DefaultBuildOperationRunner.execute(DefaultBuildOperationRunner.java:157)
	at org.gradle.internal.operations.DefaultBuildOperationRunner.execute(DefaultBuildOperationRunner.java:59)
	at org.gradle.internal.operations.DefaultBuildOperationRunner.run(DefaultBuildOperationRunner.java:47)
	at org.gradle.internal.operations.DefaultBuildOperationExecutor.run(DefaultBuildOperationExecutor.java:68)
	at org.gradle.composite.internal.DefaultIncludedBuildTaskGraph$DefaultBuildTreeWorkGraph.scheduleWork(DefaultIncludedBuildTaskGraph.java:204)
	at org.gradle.internal.buildtree.DefaultBuildTreeWorkPreparer.scheduleRequestedTasks(DefaultBuildTreeWorkPreparer.java:37)
	at org.gradle.configurationcache.VintageBuildTreeWorkController$scheduleAndRunRequestedTasks$1.apply(VintageBuildTreeWorkController.kt:36)
	at org.gradle.configurationcache.VintageBuildTreeWorkController$scheduleAndRunRequestedTasks$1.apply(VintageBuildTreeWorkController.kt:35)
	at org.gradle.composite.internal.DefaultIncludedBuildTaskGraph.withNewWorkGraph(DefaultIncludedBuildTaskGraph.java:112)
	at org.gradle.configurationcache.VintageBuildTreeWorkController.scheduleAndRunRequestedTasks(VintageBuildTreeWorkController.kt:35)
	at org.gradle.internal.buildtree.DefaultBuildTreeLifecycleController.lambda$scheduleAndRunTasks$1(DefaultBuildTreeLifecycleController.java:76)
	at org.gradle.internal.buildtree.DefaultBuildTreeLifecycleController.lambda$runBuild$4(DefaultBuildTreeLifecycleController.java:119)
	at org.gradle.internal.model.StateTransitionController.lambda$transition$6(StateTransitionController.java:169)
	at org.gradle.internal.model.StateTransitionController.doTransition(StateTransitionController.java:266)
	at org.gradle.internal.model.StateTransitionController.lambda$transition$7(StateTransitionController.java:169)
	at org.gradle.internal.work.DefaultSynchronizer.withLock(DefaultSynchronizer.java:44)
	at org.gradle.internal.model.StateTransitionController.transition(StateTransitionController.java:169)
	at org.gradle.internal.buildtree.DefaultBuildTreeLifecycleController.runBuild(DefaultBuildTreeLifecycleController.java:116)
	at org.gradle.internal.buildtree.DefaultBuildTreeLifecycleController.scheduleAndRunTasks(DefaultBuildTreeLifecycleController.java:76)
	at org.gradle.internal.buildtree.DefaultBuildTreeLifecycleController.scheduleAndRunTasks(DefaultBuildTreeLifecycleController.java:71)
	at org.gradle.tooling.internal.provider.ExecuteBuildActionRunner.run(ExecuteBuildActionRunner.java:31)
	at org.gradle.launcher.exec.ChainingBuildActionRunner.run(ChainingBuildActionRunner.java:35)
	at org.gradle.internal.buildtree.ProblemReportingBuildActionRunner.run(ProblemReportingBuildActionRunner.java:49)
	at org.gradle.launcher.exec.BuildOutcomeReportingBuildActionRunner.run(BuildOutcomeReportingBuildActionRunner.java:65)
	at org.gradle.tooling.internal.provider.FileSystemWatchingBuildActionRunner.run(FileSystemWatchingBuildActionRunner.java:140)
	at org.gradle.launcher.exec.BuildCompletionNotifyingBuildActionRunner.run(BuildCompletionNotifyingBuildActionRunner.java:41)
	at org.gradle.launcher.exec.RootBuildLifecycleBuildActionExecutor.lambda$execute$0(RootBuildLifecycleBuildActionExecutor.java:40)
	at org.gradle.composite.internal.DefaultRootBuildState.run(DefaultRootBuildState.java:123)
	at org.gradle.launcher.exec.RootBuildLifecycleBuildActionExecutor.execute(RootBuildLifecycleBuildActionExecutor.java:40)
	at org.gradle.internal.buildtree.InitDeprecationLoggingActionExecutor.execute(InitDeprecationLoggingActionExecutor.java:62)
	at org.gradle.internal.buildtree.InitProblems.execute(InitProblems.java:38)
	at org.gradle.internal.buildtree.DefaultBuildTreeContext.execute(DefaultBuildTreeContext.java:40)
	at org.gradle.launcher.exec.BuildTreeLifecycleBuildActionExecutor.lambda$execute$0(BuildTreeLifecycleBuildActionExecutor.java:58)
	at org.gradle.internal.buildtree.BuildTreeState.run(BuildTreeState.java:58)
	at org.gradle.launcher.exec.BuildTreeLifecycleBuildActionExecutor.execute(BuildTreeLifecycleBuildActionExecutor.java:58)
	at org.gradle.launcher.exec.RunAsBuildOperationBuildActionExecutor$3.call(RunAsBuildOperationBuildActionExecutor.java:61)
	at org.gradle.launcher.exec.RunAsBuildOperationBuildActionExecutor$3.call(RunAsBuildOperationBuildActionExecutor.java:57)
	at org.gradle.internal.operations.DefaultBuildOperationRunner$CallableBuildOperationWorker.execute(DefaultBuildOperationRunner.java:204)
	at org.gradle.internal.operations.DefaultBuildOperationRunner$CallableBuildOperationWorker.execute(DefaultBuildOperationRunner.java:199)
	at org.gradle.internal.operations.DefaultBuildOperationRunner$2.execute(DefaultBuildOperationRunner.java:66)
	at org.gradle.internal.operations.DefaultBuildOperationRunner$2.execute(DefaultBuildOperationRunner.java:59)
	at org.gradle.internal.operations.DefaultBuildOperationRunner.execute(DefaultBuildOperationRunner.java:157)
	at org.gradle.internal.operations.DefaultBuildOperationRunner.execute(DefaultBuildOperationRunner.java:59)
	at org.gradle.internal.operations.DefaultBuildOperationRunner.call(DefaultBuildOperationRunner.java:53)
	at org.gradle.internal.operations.DefaultBuildOperationExecutor.call(DefaultBuildOperationExecutor.java:73)
	at org.gradle.launcher.exec.RunAsBuildOperationBuildActionExecutor.execute(RunAsBuildOperationBuildActionExecutor.java:57)
	at org.gradle.launcher.exec.RunAsWorkerThreadBuildActionExecutor.lambda$execute$0(RunAsWorkerThreadBuildActionExecutor.java:36)
	at org.gradle.internal.work.DefaultWorkerLeaseService.withLocks(DefaultWorkerLeaseService.java:264)
	at org.gradle.internal.work.DefaultWorkerLeaseService.runAsWorkerThread(DefaultWorkerLeaseService.java:128)
	at org.gradle.launcher.exec.RunAsWorkerThreadBuildActionExecutor.execute(RunAsWorkerThreadBuildActionExecutor.java:36)
	at org.gradle.tooling.internal.provider.continuous.ContinuousBuildActionExecutor.execute(ContinuousBuildActionExecutor.java:110)
	at org.gradle.tooling.internal.provider.SubscribableBuildActionExecutor.execute(SubscribableBuildActionExecutor.java:64)
	at org.gradle.internal.session.DefaultBuildSessionContext.execute(DefaultBuildSessionContext.java:46)
	at org.gradle.tooling.internal.provider.BuildSessionLifecycleBuildActionExecuter$ActionImpl.apply(BuildSessionLifecycleBuildActionExecuter.java:92)
	at org.gradle.tooling.internal.provider.BuildSessionLifecycleBuildActionExecuter$ActionImpl.apply(BuildSessionLifecycleBuildActionExecuter.java:80)
	at org.gradle.internal.session.BuildSessionState.run(BuildSessionState.java:69)
	at org.gradle.tooling.internal.provider.BuildSessionLifecycleBuildActionExecuter.execute(BuildSessionLifecycleBuildActionExecuter.java:62)
	at org.gradle.tooling.internal.provider.BuildSessionLifecycleBuildActionExecuter.execute(BuildSessionLifecycleBuildActionExecuter.java:41)
	at org.gradle.tooling.internal.provider.StartParamsValidatingActionExecuter.execute(StartParamsValidatingActionExecuter.java:64)
	at org.gradle.tooling.internal.provider.StartParamsValidatingActionExecuter.execute(StartParamsValidatingActionExecuter.java:32)
	at org.gradle.tooling.internal.provider.SessionFailureReportingActionExecuter.execute(SessionFailureReportingActionExecuter.java:51)
	at org.gradle.tooling.internal.provider.SessionFailureReportingActionExecuter.execute(SessionFailureReportingActionExecuter.java:39)
	at org.gradle.tooling.internal.provider.SetupLoggingActionExecuter.execute(SetupLoggingActionExecuter.java:47)
	at org.gradle.tooling.internal.provider.SetupLoggingActionExecuter.execute(SetupLoggingActionExecuter.java:31)
	at org.gradle.launcher.daemon.server.exec.ExecuteBuild.doBuild(ExecuteBuild.java:65)
	at org.gradle.launcher.daemon.server.exec.BuildCommandOnly.execute(BuildCommandOnly.java:37)
	at org.gradle.launcher.daemon.server.api.DaemonCommandExecution.proceed(DaemonCommandExecution.java:104)
	at org.gradle.launcher.daemon.server.exec.WatchForDisconnection.execute(WatchForDisconnection.java:39)
	at org.gradle.launcher.daemon.server.api.DaemonCommandExecution.proceed(DaemonCommandExecution.java:104)
	at org.gradle.launcher.daemon.server.exec.ResetDeprecationLogger.execute(ResetDeprecationLogger.java:29)
	at org.gradle.launcher.daemon.server.api.DaemonCommandExecution.proceed(DaemonCommandExecution.java:104)
	at org.gradle.launcher.daemon.server.exec.RequestStopIfSingleUsedDaemon.execute(RequestStopIfSingleUsedDaemon.java:35)
	at org.gradle.launcher.daemon.server.api.DaemonCommandExecution.proceed(DaemonCommandExecution.java:104)
	at org.gradle.launcher.daemon.server.exec.ForwardClientInput$2.create(ForwardClientInput.java:78)
	at org.gradle.launcher.daemon.server.exec.ForwardClientInput$2.create(ForwardClientInput.java:75)
	at org.gradle.util.internal.Swapper.swap(Swapper.java:38)
	at org.gradle.launcher.daemon.server.exec.ForwardClientInput.execute(ForwardClientInput.java:75)
	at org.gradle.launcher.daemon.server.api.DaemonCommandExecution.proceed(DaemonCommandExecution.java:104)
	at org.gradle.launcher.daemon.server.exec.LogAndCheckHealth.execute(LogAndCheckHealth.java:64)
	at org.gradle.launcher.daemon.server.api.DaemonCommandExecution.proceed(DaemonCommandExecution.java:104)
	at org.gradle.launcher.daemon.server.exec.LogToClient.doBuild(LogToClient.java:63)
	at org.gradle.launcher.daemon.server.exec.BuildCommandOnly.execute(BuildCommandOnly.java:37)
	at org.gradle.launcher.daemon.server.api.DaemonCommandExecution.proceed(DaemonCommandExecution.java:104)
	at org.gradle.launcher.daemon.server.exec.EstablishBuildEnvironment.doBuild(EstablishBuildEnvironment.java:84)
	at org.gradle.launcher.daemon.server.exec.BuildCommandOnly.execute(BuildCommandOnly.java:37)
	at org.gradle.launcher.daemon.server.api.DaemonCommandExecution.proceed(DaemonCommandExecution.java:104)
	at org.gradle.launcher.daemon.server.exec.StartBuildOrRespondWithBusy$1.run(StartBuildOrRespondWithBusy.java:52)
	at org.gradle.launcher.daemon.server.DaemonStateCoordinator$1.run(DaemonStateCoordinator.java:297)
	at org.gradle.internal.concurrent.ExecutorPolicy$CatchAndRecordFailures.onExecute(ExecutorPolicy.java:64)
	at org.gradle.internal.concurrent.AbstractManagedExecutor$1.run(AbstractManagedExecutor.java:47)
	at java.base/java.util.concurrent.ThreadPoolExecutor.runWorker(ThreadPoolExecutor.java:1136)
	at java.base/java.util.concurrent.ThreadPoolExecutor$Worker.run(ThreadPoolExecutor.java:635)
	at java.base/java.lang.Thread.run(Thread.java:840)
[gradle-intellij-plugin :] Cannot create plugin from file '/opt/android-studio/plugins/gradle': Invalid plugin descriptor 'plugin.xml'. Unable to read the plugin descriptor: No enum constant com.jetbrains.plugin.structure.intellij.plugin.IdePluginContentDescriptor.ServiceType.APPLİCATİON.
Unable to read descriptor [plugin.xml] from [/opt/android-studio/plugins/gradle-declarative/lib/gradle-declarative.jar]
java.lang.IllegalArgumentException: No enum constant com.jetbrains.plugin.structure.intellij.plugin.IdePluginContentDescriptor.ServiceType.APPLİCATİON
	at java.base/java.lang.Enum.valueOf(Enum.java:273)
	at com.jetbrains.plugin.structure.intellij.plugin.IdePluginContentDescriptor$ServiceType.valueOf(IdePluginContents.kt)
	at com.jetbrains.plugin.structure.intellij.plugin.PluginCreator.readServiceDescriptor(PluginCreator.kt:406)
	at com.jetbrains.plugin.structure.intellij.plugin.PluginCreator.readExtensions(PluginCreator.kt:341)
	at com.jetbrains.plugin.structure.intellij.plugin.PluginCreator.setInfoFromBean(PluginCreator.kt:320)
	at com.jetbrains.plugin.structure.intellij.plugin.PluginCreator.resolveDocumentAndValidateBean(PluginCreator.kt:664)
	at com.jetbrains.plugin.structure.intellij.plugin.PluginCreator.access$resolveDocumentAndValidateBean(PluginCreator.kt:31)
	at com.jetbrains.plugin.structure.intellij.plugin.PluginCreator$Companion.createPlugin(PluginCreator.kt:109)
	at com.jetbrains.plugin.structure.intellij.plugin.IdePluginManager.loadPluginInfoFromJarFile(IdePluginManager.kt:62)
	at com.jetbrains.plugin.structure.intellij.plugin.IdePluginManager.loadPluginInfoFromLibDirectory(IdePluginManager.kt:165)
	at com.jetbrains.plugin.structure.intellij.plugin.IdePluginManager.loadPluginInfoFromDirectory(IdePluginManager.kt:97)
	at com.jetbrains.plugin.structure.intellij.plugin.IdePluginManager.loadPluginInfoFromJarOrDirectory(IdePluginManager.kt:206)
	at com.jetbrains.plugin.structure.intellij.plugin.IdePluginManager.getPluginCreatorWithResult(IdePluginManager.kt:347)
	at com.jetbrains.plugin.structure.intellij.plugin.IdePluginManager.createPlugin(IdePluginManager.kt:314)
	at com.jetbrains.plugin.structure.intellij.plugin.IdePluginManager.createPlugin$default(IdePluginManager.kt:312)
	at org.jetbrains.intellij.Utils.createPlugin(utils.kt:222)
	at org.jetbrains.intellij.dependency.BuiltinPluginsRegistry.add(BuiltinPluginsRegistry.kt:89)
	at org.jetbrains.intellij.dependency.BuiltinPluginsRegistry.fillFromDirectory(BuiltinPluginsRegistry.kt:47)
	at org.jetbrains.intellij.dependency.BuiltinPluginsRegistry.access$fillFromDirectory(BuiltinPluginsRegistry.kt:21)
	at org.jetbrains.intellij.dependency.BuiltinPluginsRegistry$Companion.fromDirectory(BuiltinPluginsRegistry.kt:127)
	at org.jetbrains.intellij.dependency.IdeaDependencyManager.createDependency(IdeaDependencyManager.kt:92)
	at org.jetbrains.intellij.dependency.IdeaDependencyManager.resolveLocal(IdeaDependencyManager.kt:430)
	at org.jetbrains.intellij.IntelliJPlugin$prepareIdeaDependencyProvider$1.call(IntelliJPlugin.kt:299)
	at org.jetbrains.intellij.IntelliJPlugin$prepareIdeaDependencyProvider$1.call(IntelliJPlugin.kt:266)
	at org.gradle.api.internal.provider.DefaultProvider.calculateOwnValue(DefaultProvider.java:72)
	at org.gradle.api.internal.provider.AbstractMinimalProvider.calculateValue(AbstractMinimalProvider.java:115)
	at org.gradle.api.internal.provider.TransformBackedProvider.calculateOwnValue(TransformBackedProvider.java:82)
	at org.gradle.api.internal.provider.AbstractMinimalProvider.calculateValue(AbstractMinimalProvider.java:115)
	at org.gradle.api.internal.provider.AbstractMinimalProvider.withFinalValue(AbstractMinimalProvider.java:168)
	at org.gradle.api.internal.provider.DefaultProperty.finalValue(DefaultProperty.java:133)
	at org.gradle.api.internal.provider.DefaultProperty.finalValue(DefaultProperty.java:26)
	at org.gradle.api.internal.provider.AbstractProperty.finalizeNow(AbstractProperty.java:245)
	at org.gradle.api.internal.provider.AbstractProperty.beforeRead(AbstractProperty.java:239)
	at org.gradle.api.internal.provider.AbstractProperty.calculateOwnValue(AbstractProperty.java:135)
	at org.gradle.api.internal.provider.AbstractMinimalProvider.calculateValue(AbstractMinimalProvider.java:115)
	at org.gradle.api.internal.provider.TransformBackedProvider.calculateOwnValue(TransformBackedProvider.java:82)
	at org.gradle.api.internal.provider.AbstractMinimalProvider.calculateValue(AbstractMinimalProvider.java:115)
	at org.gradle.api.internal.provider.TransformBackedProvider.calculateOwnValue(TransformBackedProvider.java:82)
	at org.gradle.api.internal.provider.AbstractMinimalProvider.calculateValue(AbstractMinimalProvider.java:115)
	at org.gradle.api.internal.provider.DefaultProperty.calculateValueFrom(DefaultProperty.java:128)
	at org.gradle.api.internal.provider.DefaultProperty.calculateValueFrom(DefaultProperty.java:26)
	at org.gradle.api.internal.provider.AbstractProperty.doCalculateValue(AbstractProperty.java:142)
	at org.gradle.api.internal.provider.AbstractProperty.calculateOwnValue(AbstractProperty.java:136)
	at org.gradle.api.internal.provider.AbstractMinimalProvider.getOrNull(AbstractMinimalProvider.java:105)
	at org.jetbrains.intellij.IntelliJPlugin$prepareConventionMappingsForRunIdeTask$8.call(IntelliJPlugin.kt:963)
	at org.jetbrains.intellij.IntelliJPlugin$prepareConventionMappingsForRunIdeTask$8.call(IntelliJPlugin.kt:958)
	at org.gradle.api.internal.provider.DefaultProvider.calculateOwnValue(DefaultProvider.java:72)
	at org.gradle.api.internal.provider.AbstractMinimalProvider.calculateValue(AbstractMinimalProvider.java:115)
	at org.gradle.api.internal.provider.TransformBackedProvider.calculateOwnValue(TransformBackedProvider.java:82)
	at org.gradle.api.internal.provider.AbstractMinimalProvider.calculateValue(AbstractMinimalProvider.java:115)
	at org.gradle.api.internal.provider.DefaultProperty.calculateValueFrom(DefaultProperty.java:128)
	at org.gradle.api.internal.provider.DefaultProperty.calculateValueFrom(DefaultProperty.java:26)
	at org.gradle.api.internal.provider.AbstractProperty.doCalculateValue(AbstractProperty.java:142)
	at org.gradle.api.internal.provider.AbstractProperty.calculateOwnValue(AbstractProperty.java:136)
	at org.gradle.api.internal.provider.AbstractMinimalProvider.calculateOwnPresentValue(AbstractMinimalProvider.java:80)
	at org.gradle.api.internal.provider.AbstractMinimalProvider.get(AbstractMinimalProvider.java:100)
	at org.jetbrains.intellij.tasks.RunIdeBase.getExecutable(RunIdeBase.kt:202)
	at org.jetbrains.intellij.tasks.BuildSearchableOptionsTask_Decorated.getExecutable(Unknown Source)
	at org.gradle.api.tasks.internal.JavaExecExecutableUtils.getExecutableOverrideToolchainSpec(JavaExecExecutableUtils.java:30)
	at org.gradle.api.tasks.JavaExec.lambda$new$0(JavaExec.java:144)
	at org.gradle.api.internal.provider.DefaultProvider.calculateOwnValue(DefaultProvider.java:72)
	at org.gradle.api.internal.provider.AbstractMinimalProvider.calculateValue(AbstractMinimalProvider.java:115)
	at org.gradle.api.internal.provider.FlatMapProvider.calculateOwnValue(FlatMapProvider.java:46)
	at org.gradle.api.internal.provider.AbstractMinimalProvider.calculateValue(AbstractMinimalProvider.java:115)
	at org.gradle.api.internal.provider.OrElseProvider.calculateOwnValue(OrElseProvider.java:76)
	at org.gradle.api.internal.provider.AbstractMinimalProvider.calculateValue(AbstractMinimalProvider.java:115)
	at org.gradle.api.internal.provider.TransformBackedProvider.calculateOwnValue(TransformBackedProvider.java:82)
	at org.gradle.api.internal.provider.AbstractMinimalProvider.calculateValue(AbstractMinimalProvider.java:115)
	at org.gradle.api.internal.provider.AbstractMinimalProvider.withFinalValue(AbstractMinimalProvider.java:168)
	at org.gradle.api.internal.provider.DefaultProperty.finalValue(DefaultProperty.java:133)
	at org.gradle.api.internal.provider.DefaultProperty.finalValue(DefaultProperty.java:26)
	at org.gradle.api.internal.provider.AbstractProperty.finalizeNow(AbstractProperty.java:245)
	at org.gradle.api.internal.provider.AbstractProperty.beforeRead(AbstractProperty.java:239)
	at org.gradle.api.internal.provider.AbstractProperty.calculateOwnValue(AbstractProperty.java:135)
	at org.gradle.api.internal.provider.AbstractMinimalProvider.getOrNull(AbstractMinimalProvider.java:105)
	at org.gradle.internal.properties.annotations.AbstractTypeMetadataWalker$InstanceTypeMetadataWalker.lambda$walkNestedProvider$0(AbstractTypeMetadataWalker.java:137)
	at org.gradle.internal.properties.annotations.AbstractTypeMetadataWalker$InstanceTypeMetadataWalker.walkNestedChild(AbstractTypeMetadataWalker.java:184)
	at org.gradle.internal.properties.annotations.AbstractTypeMetadataWalker$InstanceTypeMetadataWalker.walkNestedProvider(AbstractTypeMetadataWalker.java:136)
	at org.gradle.internal.properties.annotations.AbstractTypeMetadataWalker$InstanceTypeMetadataWalker.walkNestedProvider(AbstractTypeMetadataWalker.java:118)
	at org.gradle.internal.properties.annotations.AbstractTypeMetadataWalker.walkNested(AbstractTypeMetadataWalker.java:60)
	at org.gradle.internal.properties.annotations.AbstractTypeMetadataWalker.lambda$walkChildren$3(AbstractTypeMetadataWalker.java:85)
	at org.gradle.internal.properties.annotations.AbstractTypeMetadataWalker$InstanceTypeMetadataWalker.walkNestedChild(AbstractTypeMetadataWalker.java:190)
	at org.gradle.internal.properties.annotations.AbstractTypeMetadataWalker$InstanceTypeMetadataWalker.walkNestedChild(AbstractTypeMetadataWalker.java:171)
	at org.gradle.internal.properties.annotations.AbstractTypeMetadataWalker$InstanceTypeMetadataWalker.walkNestedChild(AbstractTypeMetadataWalker.java:118)
	at org.gradle.internal.properties.annotations.AbstractTypeMetadataWalker.lambda$walkChildren$4(AbstractTypeMetadataWalker.java:85)
	at java.base/java.lang.Iterable.forEach(Iterable.java:75)
	at org.gradle.internal.properties.annotations.AbstractTypeMetadataWalker.walkChildren(AbstractTypeMetadataWalker.java:83)
	at org.gradle.internal.properties.annotations.AbstractTypeMetadataWalker.walk(AbstractTypeMetadataWalker.java:53)
	at org.gradle.internal.properties.bean.DefaultPropertyWalker.visitProperties(DefaultPropertyWalker.java:65)
	at org.gradle.api.internal.tasks.TaskPropertyUtils.visitAnnotatedProperties(TaskPropertyUtils.java:58)
	at org.gradle.api.internal.tasks.TaskPropertyUtils.visitProperties(TaskPropertyUtils.java:45)
	at org.gradle.api.internal.tasks.TaskPropertyUtils.visitProperties(TaskPropertyUtils.java:35)
	at org.gradle.api.internal.tasks.DefaultTaskInputs.visitDependencies(DefaultTaskInputs.java:195)
	at org.gradle.api.internal.tasks.DefaultTaskDependency.visitDependencies(DefaultTaskDependency.java:112)
	at org.gradle.api.internal.tasks.CachingTaskDependencyResolveContext$TaskGraphImpl.getNodeValues(CachingTaskDependencyResolveContext.java:103)
	at org.gradle.internal.graph.CachingDirectedGraphWalker$GraphWithEmptyEdges.getNodeValues(CachingDirectedGraphWalker.java:213)
	at org.gradle.internal.graph.CachingDirectedGraphWalker.doSearch(CachingDirectedGraphWalker.java:121)
	at org.gradle.internal.graph.CachingDirectedGraphWalker.findValues(CachingDirectedGraphWalker.java:73)
	at org.gradle.api.internal.tasks.CachingTaskDependencyResolveContext.getDependencies(CachingTaskDependencyResolveContext.java:66)
	at org.gradle.execution.plan.TaskDependencyResolver.resolveDependenciesFor(TaskDependencyResolver.java:49)
	at org.gradle.execution.plan.LocalTaskNode.getDependencies(LocalTaskNode.java:148)
	at org.gradle.execution.plan.LocalTaskNode.resolveDependencies(LocalTaskNode.java:122)
	at org.gradle.execution.plan.DefaultExecutionPlan.discoverNodeRelationships(DefaultExecutionPlan.java:183)
	at org.gradle.execution.plan.DefaultExecutionPlan.doAddEntryNodes(DefaultExecutionPlan.java:155)
	at org.gradle.execution.plan.DefaultExecutionPlan.addEntryTasks(DefaultExecutionPlan.java:130)
	at org.gradle.execution.plan.DefaultExecutionPlan.addEntryTasks(DefaultExecutionPlan.java:122)
	at org.gradle.execution.TaskNameResolvingBuildTaskScheduler.scheduleRequestedTasks(TaskNameResolvingBuildTaskScheduler.java:54)
	at org.gradle.execution.DefaultTasksBuildTaskScheduler.scheduleRequestedTasks(DefaultTasksBuildTaskScheduler.java:72)
	at org.gradle.initialization.DefaultTaskExecutionPreparer.lambda$scheduleRequestedTasks$0(DefaultTaskExecutionPreparer.java:46)
	at org.gradle.internal.Factories$1.create(Factories.java:31)
	at org.gradle.internal.work.DefaultWorkerLeaseService.withReplacedLocks(DefaultWorkerLeaseService.java:360)
	at org.gradle.api.internal.project.DefaultProjectStateRegistry$DefaultBuildProjectRegistry.withMutableStateOfAllProjects(DefaultProjectStateRegistry.java:239)
	at org.gradle.api.internal.project.DefaultProjectStateRegistry$DefaultBuildProjectRegistry.withMutableStateOfAllProjects(DefaultProjectStateRegistry.java:232)
	at org.gradle.initialization.DefaultTaskExecutionPreparer.scheduleRequestedTasks(DefaultTaskExecutionPreparer.java:45)
	at org.gradle.initialization.VintageBuildModelController.lambda$scheduleRequestedTasks$0(VintageBuildModelController.java:76)
	at org.gradle.internal.model.StateTransitionController.lambda$inState$1(StateTransitionController.java:99)
	at org.gradle.internal.model.StateTransitionController.lambda$inState$2(StateTransitionController.java:114)
	at org.gradle.internal.work.DefaultSynchronizer.withLock(DefaultSynchronizer.java:44)
	at org.gradle.internal.model.StateTransitionController.inState(StateTransitionController.java:110)
	at org.gradle.internal.model.StateTransitionController.inState(StateTransitionController.java:98)
	at org.gradle.initialization.VintageBuildModelController.scheduleRequestedTasks(VintageBuildModelController.java:76)
	at org.gradle.internal.build.DefaultBuildLifecycleController$DefaultWorkGraphBuilder.addRequestedTasks(DefaultBuildLifecycleController.java:404)
	at org.gradle.internal.buildtree.DefaultBuildTreeWorkPreparer.lambda$scheduleRequestedTasks$0(DefaultBuildTreeWorkPreparer.java:41)
	at org.gradle.internal.build.DefaultBuildLifecycleController.lambda$populateWorkGraph$7(DefaultBuildLifecycleController.java:189)
	at org.gradle.internal.build.DefaultBuildWorkPreparer.populateWorkGraph(DefaultBuildWorkPreparer.java:42)
	at org.gradle.internal.build.BuildOperationFiringBuildWorkPreparer$PopulateWorkGraph.populateTaskGraph(BuildOperationFiringBuildWorkPreparer.java:106)
	at org.gradle.internal.build.BuildOperationFiringBuildWorkPreparer$PopulateWorkGraph.run(BuildOperationFiringBuildWorkPreparer.java:92)
	at org.gradle.internal.operations.DefaultBuildOperationRunner$1.execute(DefaultBuildOperationRunner.java:29)
	at org.gradle.internal.operations.DefaultBuildOperationRunner$1.execute(DefaultBuildOperationRunner.java:26)
	at org.gradle.internal.operations.DefaultBuildOperationRunner$2.execute(DefaultBuildOperationRunner.java:66)
	at org.gradle.internal.operations.DefaultBuildOperationRunner$2.execute(DefaultBuildOperationRunner.java:59)
	at org.gradle.internal.operations.DefaultBuildOperationRunner.execute(DefaultBuildOperationRunner.java:157)
	at org.gradle.internal.operations.DefaultBuildOperationRunner.execute(DefaultBuildOperationRunner.java:59)
	at org.gradle.internal.operations.DefaultBuildOperationRunner.run(DefaultBuildOperationRunner.java:47)
	at org.gradle.internal.operations.DefaultBuildOperationExecutor.run(DefaultBuildOperationExecutor.java:68)
	at org.gradle.internal.build.BuildOperationFiringBuildWorkPreparer.populateWorkGraph(BuildOperationFiringBuildWorkPreparer.java:67)
	at org.gradle.internal.build.DefaultBuildLifecycleController.lambda$populateWorkGraph$8(DefaultBuildLifecycleController.java:189)
	at org.gradle.internal.model.StateTransitionController.lambda$inState$1(StateTransitionController.java:99)
	at org.gradle.internal.model.StateTransitionController.lambda$inState$2(StateTransitionController.java:114)
	at org.gradle.internal.work.DefaultSynchronizer.withLock(DefaultSynchronizer.java:44)
	at org.gradle.internal.model.StateTransitionController.inState(StateTransitionController.java:110)
	at org.gradle.internal.model.StateTransitionController.inState(StateTransitionController.java:98)
	at org.gradle.internal.build.DefaultBuildLifecycleController.populateWorkGraph(DefaultBuildLifecycleController.java:189)
	at org.gradle.internal.build.DefaultBuildWorkGraphController$DefaultBuildWorkGraph.populateWorkGraph(DefaultBuildWorkGraphController.java:169)
	at org.gradle.composite.internal.DefaultBuildController.populateWorkGraph(DefaultBuildController.java:76)
	at org.gradle.composite.internal.DefaultIncludedBuildTaskGraph$DefaultBuildTreeWorkGraphBuilder.withWorkGraph(DefaultIncludedBuildTaskGraph.java:153)
	at org.gradle.internal.buildtree.DefaultBuildTreeWorkPreparer.lambda$scheduleRequestedTasks$1(DefaultBuildTreeWorkPreparer.java:41)
	at org.gradle.composite.internal.DefaultIncludedBuildTaskGraph$DefaultBuildTreeWorkGraph$1.run(DefaultIncludedBuildTaskGraph.java:209)
	at org.gradle.internal.operations.DefaultBuildOperationRunner$1.execute(DefaultBuildOperationRunner.java:29)
	at org.gradle.internal.operations.DefaultBuildOperationRunner$1.execute(DefaultBuildOperationRunner.java:26)
	at org.gradle.internal.operations.DefaultBuildOperationRunner$2.execute(DefaultBuildOperationRunner.java:66)
	at org.gradle.internal.operations.DefaultBuildOperationRunner$2.execute(DefaultBuildOperationRunner.java:59)
	at org.gradle.internal.operations.DefaultBuildOperationRunner.execute(DefaultBuildOperationRunner.java:157)
	at org.gradle.internal.operations.DefaultBuildOperationRunner.execute(DefaultBuildOperationRunner.java:59)
	at org.gradle.internal.operations.DefaultBuildOperationRunner.run(DefaultBuildOperationRunner.java:47)
	at org.gradle.internal.operations.DefaultBuildOperationExecutor.run(DefaultBuildOperationExecutor.java:68)
	at org.gradle.composite.internal.DefaultIncludedBuildTaskGraph$DefaultBuildTreeWorkGraph.scheduleWork(DefaultIncludedBuildTaskGraph.java:204)
	at org.gradle.internal.buildtree.DefaultBuildTreeWorkPreparer.scheduleRequestedTasks(DefaultBuildTreeWorkPreparer.java:37)
	at org.gradle.configurationcache.VintageBuildTreeWorkController$scheduleAndRunRequestedTasks$1.apply(VintageBuildTreeWorkController.kt:36)
	at org.gradle.configurationcache.VintageBuildTreeWorkController$scheduleAndRunRequestedTasks$1.apply(VintageBuildTreeWorkController.kt:35)
	at org.gradle.composite.internal.DefaultIncludedBuildTaskGraph.withNewWorkGraph(DefaultIncludedBuildTaskGraph.java:112)
	at org.gradle.configurationcache.VintageBuildTreeWorkController.scheduleAndRunRequestedTasks(VintageBuildTreeWorkController.kt:35)
	at org.gradle.internal.buildtree.DefaultBuildTreeLifecycleController.lambda$scheduleAndRunTasks$1(DefaultBuildTreeLifecycleController.java:76)
	at org.gradle.internal.buildtree.DefaultBuildTreeLifecycleController.lambda$runBuild$4(DefaultBuildTreeLifecycleController.java:119)
	at org.gradle.internal.model.StateTransitionController.lambda$transition$6(StateTransitionController.java:169)
	at org.gradle.internal.model.StateTransitionController.doTransition(StateTransitionController.java:266)
	at org.gradle.internal.model.StateTransitionController.lambda$transition$7(StateTransitionController.java:169)
	at org.gradle.internal.work.DefaultSynchronizer.withLock(DefaultSynchronizer.java:44)
	at org.gradle.internal.model.StateTransitionController.transition(StateTransitionController.java:169)
	at org.gradle.internal.buildtree.DefaultBuildTreeLifecycleController.runBuild(DefaultBuildTreeLifecycleController.java:116)
	at org.gradle.internal.buildtree.DefaultBuildTreeLifecycleController.scheduleAndRunTasks(DefaultBuildTreeLifecycleController.java:76)
	at org.gradle.internal.buildtree.DefaultBuildTreeLifecycleController.scheduleAndRunTasks(DefaultBuildTreeLifecycleController.java:71)
	at org.gradle.tooling.internal.provider.ExecuteBuildActionRunner.run(ExecuteBuildActionRunner.java:31)
	at org.gradle.launcher.exec.ChainingBuildActionRunner.run(ChainingBuildActionRunner.java:35)
	at org.gradle.internal.buildtree.ProblemReportingBuildActionRunner.run(ProblemReportingBuildActionRunner.java:49)
	at org.gradle.launcher.exec.BuildOutcomeReportingBuildActionRunner.run(BuildOutcomeReportingBuildActionRunner.java:65)
	at org.gradle.tooling.internal.provider.FileSystemWatchingBuildActionRunner.run(FileSystemWatchingBuildActionRunner.java:140)
	at org.gradle.launcher.exec.BuildCompletionNotifyingBuildActionRunner.run(BuildCompletionNotifyingBuildActionRunner.java:41)
	at org.gradle.launcher.exec.RootBuildLifecycleBuildActionExecutor.lambda$execute$0(RootBuildLifecycleBuildActionExecutor.java:40)
	at org.gradle.composite.internal.DefaultRootBuildState.run(DefaultRootBuildState.java:123)
	at org.gradle.launcher.exec.RootBuildLifecycleBuildActionExecutor.execute(RootBuildLifecycleBuildActionExecutor.java:40)
	at org.gradle.internal.buildtree.InitDeprecationLoggingActionExecutor.execute(InitDeprecationLoggingActionExecutor.java:62)
	at org.gradle.internal.buildtree.InitProblems.execute(InitProblems.java:38)
	at org.gradle.internal.buildtree.DefaultBuildTreeContext.execute(DefaultBuildTreeContext.java:40)
	at org.gradle.launcher.exec.BuildTreeLifecycleBuildActionExecutor.lambda$execute$0(BuildTreeLifecycleBuildActionExecutor.java:58)
	at org.gradle.internal.buildtree.BuildTreeState.run(BuildTreeState.java:58)
	at org.gradle.launcher.exec.BuildTreeLifecycleBuildActionExecutor.execute(BuildTreeLifecycleBuildActionExecutor.java:58)
	at org.gradle.launcher.exec.RunAsBuildOperationBuildActionExecutor$3.call(RunAsBuildOperationBuildActionExecutor.java:61)
	at org.gradle.launcher.exec.RunAsBuildOperationBuildActionExecutor$3.call(RunAsBuildOperationBuildActionExecutor.java:57)
	at org.gradle.internal.operations.DefaultBuildOperationRunner$CallableBuildOperationWorker.execute(DefaultBuildOperationRunner.java:204)
	at org.gradle.internal.operations.DefaultBuildOperationRunner$CallableBuildOperationWorker.execute(DefaultBuildOperationRunner.java:199)
	at org.gradle.internal.operations.DefaultBuildOperationRunner$2.execute(DefaultBuildOperationRunner.java:66)
	at org.gradle.internal.operations.DefaultBuildOperationRunner$2.execute(DefaultBuildOperationRunner.java:59)
	at org.gradle.internal.operations.DefaultBuildOperationRunner.execute(DefaultBuildOperationRunner.java:157)
	at org.gradle.internal.operations.DefaultBuildOperationRunner.execute(DefaultBuildOperationRunner.java:59)
	at org.gradle.internal.operations.DefaultBuildOperationRunner.call(DefaultBuildOperationRunner.java:53)
	at org.gradle.internal.operations.DefaultBuildOperationExecutor.call(DefaultBuildOperationExecutor.java:73)
	at org.gradle.launcher.exec.RunAsBuildOperationBuildActionExecutor.execute(RunAsBuildOperationBuildActionExecutor.java:57)
	at org.gradle.launcher.exec.RunAsWorkerThreadBuildActionExecutor.lambda$execute$0(RunAsWorkerThreadBuildActionExecutor.java:36)
	at org.gradle.internal.work.DefaultWorkerLeaseService.withLocks(DefaultWorkerLeaseService.java:264)
	at org.gradle.internal.work.DefaultWorkerLeaseService.runAsWorkerThread(DefaultWorkerLeaseService.java:128)
	at org.gradle.launcher.exec.RunAsWorkerThreadBuildActionExecutor.execute(RunAsWorkerThreadBuildActionExecutor.java:36)
	at org.gradle.tooling.internal.provider.continuous.ContinuousBuildActionExecutor.execute(ContinuousBuildActionExecutor.java:110)
	at org.gradle.tooling.internal.provider.SubscribableBuildActionExecutor.execute(SubscribableBuildActionExecutor.java:64)
	at org.gradle.internal.session.DefaultBuildSessionContext.execute(DefaultBuildSessionContext.java:46)
	at org.gradle.tooling.internal.provider.BuildSessionLifecycleBuildActionExecuter$ActionImpl.apply(BuildSessionLifecycleBuildActionExecuter.java:92)
	at org.gradle.tooling.internal.provider.BuildSessionLifecycleBuildActionExecuter$ActionImpl.apply(BuildSessionLifecycleBuildActionExecuter.java:80)
	at org.gradle.internal.session.BuildSessionState.run(BuildSessionState.java:69)
	at org.gradle.tooling.internal.provider.BuildSessionLifecycleBuildActionExecuter.execute(BuildSessionLifecycleBuildActionExecuter.java:62)
	at org.gradle.tooling.internal.provider.BuildSessionLifecycleBuildActionExecuter.execute(BuildSessionLifecycleBuildActionExecuter.java:41)
	at org.gradle.tooling.internal.provider.StartParamsValidatingActionExecuter.execute(StartParamsValidatingActionExecuter.java:64)
	at org.gradle.tooling.internal.provider.StartParamsValidatingActionExecuter.execute(StartParamsValidatingActionExecuter.java:32)
	at org.gradle.tooling.internal.provider.SessionFailureReportingActionExecuter.execute(SessionFailureReportingActionExecuter.java:51)
	at org.gradle.tooling.internal.provider.SessionFailureReportingActionExecuter.execute(SessionFailureReportingActionExecuter.java:39)
	at org.gradle.tooling.internal.provider.SetupLoggingActionExecuter.execute(SetupLoggingActionExecuter.java:47)
	at org.gradle.tooling.internal.provider.SetupLoggingActionExecuter.execute(SetupLoggingActionExecuter.java:31)
	at org.gradle.launcher.daemon.server.exec.ExecuteBuild.doBuild(ExecuteBuild.java:65)
	at org.gradle.launcher.daemon.server.exec.BuildCommandOnly.execute(BuildCommandOnly.java:37)
	at org.gradle.launcher.daemon.server.api.DaemonCommandExecution.proceed(DaemonCommandExecution.java:104)
	at org.gradle.launcher.daemon.server.exec.WatchForDisconnection.execute(WatchForDisconnection.java:39)
	at org.gradle.launcher.daemon.server.api.DaemonCommandExecution.proceed(DaemonCommandExecution.java:104)
	at org.gradle.launcher.daemon.server.exec.ResetDeprecationLogger.execute(ResetDeprecationLogger.java:29)
	at org.gradle.launcher.daemon.server.api.DaemonCommandExecution.proceed(DaemonCommandExecution.java:104)
	at org.gradle.launcher.daemon.server.exec.RequestStopIfSingleUsedDaemon.execute(RequestStopIfSingleUsedDaemon.java:35)
	at org.gradle.launcher.daemon.server.api.DaemonCommandExecution.proceed(DaemonCommandExecution.java:104)
	at org.gradle.launcher.daemon.server.exec.ForwardClientInput$2.create(ForwardClientInput.java:78)
	at org.gradle.launcher.daemon.server.exec.ForwardClientInput$2.create(ForwardClientInput.java:75)
	at org.gradle.util.internal.Swapper.swap(Swapper.java:38)
	at org.gradle.launcher.daemon.server.exec.ForwardClientInput.execute(ForwardClientInput.java:75)
	at org.gradle.launcher.daemon.server.api.DaemonCommandExecution.proceed(DaemonCommandExecution.java:104)
	at org.gradle.launcher.daemon.server.exec.LogAndCheckHealth.execute(LogAndCheckHealth.java:64)
	at org.gradle.launcher.daemon.server.api.DaemonCommandExecution.proceed(DaemonCommandExecution.java:104)
	at org.gradle.launcher.daemon.server.exec.LogToClient.doBuild(LogToClient.java:63)
	at org.gradle.launcher.daemon.server.exec.BuildCommandOnly.execute(BuildCommandOnly.java:37)
	at org.gradle.launcher.daemon.server.api.DaemonCommandExecution.proceed(DaemonCommandExecution.java:104)
	at org.gradle.launcher.daemon.server.exec.EstablishBuildEnvironment.doBuild(EstablishBuildEnvironment.java:84)
	at org.gradle.launcher.daemon.server.exec.BuildCommandOnly.execute(BuildCommandOnly.java:37)
	at org.gradle.launcher.daemon.server.api.DaemonCommandExecution.proceed(DaemonCommandExecution.java:104)
	at org.gradle.launcher.daemon.server.exec.StartBuildOrRespondWithBusy$1.run(StartBuildOrRespondWithBusy.java:52)
	at org.gradle.launcher.daemon.server.DaemonStateCoordinator$1.run(DaemonStateCoordinator.java:297)
	at org.gradle.internal.concurrent.ExecutorPolicy$CatchAndRecordFailures.onExecute(ExecutorPolicy.java:64)
	at org.gradle.internal.concurrent.AbstractManagedExecutor$1.run(AbstractManagedExecutor.java:47)
	at java.base/java.util.concurrent.ThreadPoolExecutor.runWorker(ThreadPoolExecutor.java:1136)
	at java.base/java.util.concurrent.ThreadPoolExecutor$Worker.run(ThreadPoolExecutor.java:635)
	at java.base/java.lang.Thread.run(Thread.java:840)
[gradle-intellij-plugin :] Cannot create plugin from file '/opt/android-studio/plugins/gradle-declarative': Invalid plugin descriptor 'plugin.xml'. Unable to read the plugin descriptor: No enum constant com.jetbrains.plugin.structure.intellij.plugin.IdePluginContentDescriptor.ServiceType.APPLİCATİON.
Unable to read descriptor [plugin.xml] from [/opt/android-studio/plugins/gradle-java/lib/gradle-java.jar]
java.lang.IllegalArgumentException: No enum constant com.jetbrains.plugin.structure.intellij.plugin.IdePluginContentDescriptor.ServiceType.APPLİCATİON
	at java.base/java.lang.Enum.valueOf(Enum.java:273)
	at com.jetbrains.plugin.structure.intellij.plugin.IdePluginContentDescriptor$ServiceType.valueOf(IdePluginContents.kt)
	at com.jetbrains.plugin.structure.intellij.plugin.PluginCreator.readServiceDescriptor(PluginCreator.kt:406)
	at com.jetbrains.plugin.structure.intellij.plugin.PluginCreator.readExtensions(PluginCreator.kt:341)
	at com.jetbrains.plugin.structure.intellij.plugin.PluginCreator.setInfoFromBean(PluginCreator.kt:320)
	at com.jetbrains.plugin.structure.intellij.plugin.PluginCreator.resolveDocumentAndValidateBean(PluginCreator.kt:664)
	at com.jetbrains.plugin.structure.intellij.plugin.PluginCreator.access$resolveDocumentAndValidateBean(PluginCreator.kt:31)
	at com.jetbrains.plugin.structure.intellij.plugin.PluginCreator$Companion.createPlugin(PluginCreator.kt:109)
	at com.jetbrains.plugin.structure.intellij.plugin.IdePluginManager.loadPluginInfoFromJarFile(IdePluginManager.kt:62)
	at com.jetbrains.plugin.structure.intellij.plugin.IdePluginManager.loadPluginInfoFromLibDirectory(IdePluginManager.kt:165)
	at com.jetbrains.plugin.structure.intellij.plugin.IdePluginManager.loadPluginInfoFromDirectory(IdePluginManager.kt:97)
	at com.jetbrains.plugin.structure.intellij.plugin.IdePluginManager.loadPluginInfoFromJarOrDirectory(IdePluginManager.kt:206)
	at com.jetbrains.plugin.structure.intellij.plugin.IdePluginManager.getPluginCreatorWithResult(IdePluginManager.kt:347)
	at com.jetbrains.plugin.structure.intellij.plugin.IdePluginManager.createPlugin(IdePluginManager.kt:314)
	at com.jetbrains.plugin.structure.intellij.plugin.IdePluginManager.createPlugin$default(IdePluginManager.kt:312)
	at org.jetbrains.intellij.Utils.createPlugin(utils.kt:222)
	at org.jetbrains.intellij.dependency.BuiltinPluginsRegistry.add(BuiltinPluginsRegistry.kt:89)
	at org.jetbrains.intellij.dependency.BuiltinPluginsRegistry.fillFromDirectory(BuiltinPluginsRegistry.kt:47)
	at org.jetbrains.intellij.dependency.BuiltinPluginsRegistry.access$fillFromDirectory(BuiltinPluginsRegistry.kt:21)
	at org.jetbrains.intellij.dependency.BuiltinPluginsRegistry$Companion.fromDirectory(BuiltinPluginsRegistry.kt:127)
	at org.jetbrains.intellij.dependency.IdeaDependencyManager.createDependency(IdeaDependencyManager.kt:92)
	at org.jetbrains.intellij.dependency.IdeaDependencyManager.resolveLocal(IdeaDependencyManager.kt:430)
	at org.jetbrains.intellij.IntelliJPlugin$prepareIdeaDependencyProvider$1.call(IntelliJPlugin.kt:299)
	at org.jetbrains.intellij.IntelliJPlugin$prepareIdeaDependencyProvider$1.call(IntelliJPlugin.kt:266)
	at org.gradle.api.internal.provider.DefaultProvider.calculateOwnValue(DefaultProvider.java:72)
	at org.gradle.api.internal.provider.AbstractMinimalProvider.calculateValue(AbstractMinimalProvider.java:115)
	at org.gradle.api.internal.provider.TransformBackedProvider.calculateOwnValue(TransformBackedProvider.java:82)
	at org.gradle.api.internal.provider.AbstractMinimalProvider.calculateValue(AbstractMinimalProvider.java:115)
	at org.gradle.api.internal.provider.AbstractMinimalProvider.withFinalValue(AbstractMinimalProvider.java:168)
	at org.gradle.api.internal.provider.DefaultProperty.finalValue(DefaultProperty.java:133)
	at org.gradle.api.internal.provider.DefaultProperty.finalValue(DefaultProperty.java:26)
	at org.gradle.api.internal.provider.AbstractProperty.finalizeNow(AbstractProperty.java:245)
	at org.gradle.api.internal.provider.AbstractProperty.beforeRead(AbstractProperty.java:239)
	at org.gradle.api.internal.provider.AbstractProperty.calculateOwnValue(AbstractProperty.java:135)
	at org.gradle.api.internal.provider.AbstractMinimalProvider.calculateValue(AbstractMinimalProvider.java:115)
	at org.gradle.api.internal.provider.TransformBackedProvider.calculateOwnValue(TransformBackedProvider.java:82)
	at org.gradle.api.internal.provider.AbstractMinimalProvider.calculateValue(AbstractMinimalProvider.java:115)
	at org.gradle.api.internal.provider.TransformBackedProvider.calculateOwnValue(TransformBackedProvider.java:82)
	at org.gradle.api.internal.provider.AbstractMinimalProvider.calculateValue(AbstractMinimalProvider.java:115)
	at org.gradle.api.internal.provider.DefaultProperty.calculateValueFrom(DefaultProperty.java:128)
	at org.gradle.api.internal.provider.DefaultProperty.calculateValueFrom(DefaultProperty.java:26)
	at org.gradle.api.internal.provider.AbstractProperty.doCalculateValue(AbstractProperty.java:142)
	at org.gradle.api.internal.provider.AbstractProperty.calculateOwnValue(AbstractProperty.java:136)
	at org.gradle.api.internal.provider.AbstractMinimalProvider.getOrNull(AbstractMinimalProvider.java:105)
	at org.jetbrains.intellij.IntelliJPlugin$prepareConventionMappingsForRunIdeTask$8.call(IntelliJPlugin.kt:963)
	at org.jetbrains.intellij.IntelliJPlugin$prepareConventionMappingsForRunIdeTask$8.call(IntelliJPlugin.kt:958)
	at org.gradle.api.internal.provider.DefaultProvider.calculateOwnValue(DefaultProvider.java:72)
	at org.gradle.api.internal.provider.AbstractMinimalProvider.calculateValue(AbstractMinimalProvider.java:115)
	at org.gradle.api.internal.provider.TransformBackedProvider.calculateOwnValue(TransformBackedProvider.java:82)
	at org.gradle.api.internal.provider.AbstractMinimalProvider.calculateValue(AbstractMinimalProvider.java:115)
	at org.gradle.api.internal.provider.DefaultProperty.calculateValueFrom(DefaultProperty.java:128)
	at org.gradle.api.internal.provider.DefaultProperty.calculateValueFrom(DefaultProperty.java:26)
	at org.gradle.api.internal.provider.AbstractProperty.doCalculateValue(AbstractProperty.java:142)
	at org.gradle.api.internal.provider.AbstractProperty.calculateOwnValue(AbstractProperty.java:136)
	at org.gradle.api.internal.provider.AbstractMinimalProvider.calculateOwnPresentValue(AbstractMinimalProvider.java:80)
	at org.gradle.api.internal.provider.AbstractMinimalProvider.get(AbstractMinimalProvider.java:100)
	at org.jetbrains.intellij.tasks.RunIdeBase.getExecutable(RunIdeBase.kt:202)
	at org.jetbrains.intellij.tasks.BuildSearchableOptionsTask_Decorated.getExecutable(Unknown Source)
	at org.gradle.api.tasks.internal.JavaExecExecutableUtils.getExecutableOverrideToolchainSpec(JavaExecExecutableUtils.java:30)
	at org.gradle.api.tasks.JavaExec.lambda$new$0(JavaExec.java:144)
	at org.gradle.api.internal.provider.DefaultProvider.calculateOwnValue(DefaultProvider.java:72)
	at org.gradle.api.internal.provider.AbstractMinimalProvider.calculateValue(AbstractMinimalProvider.java:115)
	at org.gradle.api.internal.provider.FlatMapProvider.calculateOwnValue(FlatMapProvider.java:46)
	at org.gradle.api.internal.provider.AbstractMinimalProvider.calculateValue(AbstractMinimalProvider.java:115)
	at org.gradle.api.internal.provider.OrElseProvider.calculateOwnValue(OrElseProvider.java:76)
	at org.gradle.api.internal.provider.AbstractMinimalProvider.calculateValue(AbstractMinimalProvider.java:115)
	at org.gradle.api.internal.provider.TransformBackedProvider.calculateOwnValue(TransformBackedProvider.java:82)
	at org.gradle.api.internal.provider.AbstractMinimalProvider.calculateValue(AbstractMinimalProvider.java:115)
	at org.gradle.api.internal.provider.AbstractMinimalProvider.withFinalValue(AbstractMinimalProvider.java:168)
	at org.gradle.api.internal.provider.DefaultProperty.finalValue(DefaultProperty.java:133)
	at org.gradle.api.internal.provider.DefaultProperty.finalValue(DefaultProperty.java:26)
	at org.gradle.api.internal.provider.AbstractProperty.finalizeNow(AbstractProperty.java:245)
	at org.gradle.api.internal.provider.AbstractProperty.beforeRead(AbstractProperty.java:239)
	at org.gradle.api.internal.provider.AbstractProperty.calculateOwnValue(AbstractProperty.java:135)
	at org.gradle.api.internal.provider.AbstractMinimalProvider.getOrNull(AbstractMinimalProvider.java:105)
	at org.gradle.internal.properties.annotations.AbstractTypeMetadataWalker$InstanceTypeMetadataWalker.lambda$walkNestedProvider$0(AbstractTypeMetadataWalker.java:137)
	at org.gradle.internal.properties.annotations.AbstractTypeMetadataWalker$InstanceTypeMetadataWalker.walkNestedChild(AbstractTypeMetadataWalker.java:184)
	at org.gradle.internal.properties.annotations.AbstractTypeMetadataWalker$InstanceTypeMetadataWalker.walkNestedProvider(AbstractTypeMetadataWalker.java:136)
	at org.gradle.internal.properties.annotations.AbstractTypeMetadataWalker$InstanceTypeMetadataWalker.walkNestedProvider(AbstractTypeMetadataWalker.java:118)
	at org.gradle.internal.properties.annotations.AbstractTypeMetadataWalker.walkNested(AbstractTypeMetadataWalker.java:60)
	at org.gradle.internal.properties.annotations.AbstractTypeMetadataWalker.lambda$walkChildren$3(AbstractTypeMetadataWalker.java:85)
	at org.gradle.internal.properties.annotations.AbstractTypeMetadataWalker$InstanceTypeMetadataWalker.walkNestedChild(AbstractTypeMetadataWalker.java:190)
	at org.gradle.internal.properties.annotations.AbstractTypeMetadataWalker$InstanceTypeMetadataWalker.walkNestedChild(AbstractTypeMetadataWalker.java:171)
	at org.gradle.internal.properties.annotations.AbstractTypeMetadataWalker$InstanceTypeMetadataWalker.walkNestedChild(AbstractTypeMetadataWalker.java:118)
	at org.gradle.internal.properties.annotations.AbstractTypeMetadataWalker.lambda$walkChildren$4(AbstractTypeMetadataWalker.java:85)
	at java.base/java.lang.Iterable.forEach(Iterable.java:75)
	at org.gradle.internal.properties.annotations.AbstractTypeMetadataWalker.walkChildren(AbstractTypeMetadataWalker.java:83)
	at org.gradle.internal.properties.annotations.AbstractTypeMetadataWalker.walk(AbstractTypeMetadataWalker.java:53)
	at org.gradle.internal.properties.bean.DefaultPropertyWalker.visitProperties(DefaultPropertyWalker.java:65)
	at org.gradle.api.internal.tasks.TaskPropertyUtils.visitAnnotatedProperties(TaskPropertyUtils.java:58)
	at org.gradle.api.internal.tasks.TaskPropertyUtils.visitProperties(TaskPropertyUtils.java:45)
	at org.gradle.api.internal.tasks.TaskPropertyUtils.visitProperties(TaskPropertyUtils.java:35)
	at org.gradle.api.internal.tasks.DefaultTaskInputs.visitDependencies(DefaultTaskInputs.java:195)
	at org.gradle.api.internal.tasks.DefaultTaskDependency.visitDependencies(DefaultTaskDependency.java:112)
	at org.gradle.api.internal.tasks.CachingTaskDependencyResolveContext$TaskGraphImpl.getNodeValues(CachingTaskDependencyResolveContext.java:103)
	at org.gradle.internal.graph.CachingDirectedGraphWalker$GraphWithEmptyEdges.getNodeValues(CachingDirectedGraphWalker.java:213)
	at org.gradle.internal.graph.CachingDirectedGraphWalker.doSearch(CachingDirectedGraphWalker.java:121)
	at org.gradle.internal.graph.CachingDirectedGraphWalker.findValues(CachingDirectedGraphWalker.java:73)
	at org.gradle.api.internal.tasks.CachingTaskDependencyResolveContext.getDependencies(CachingTaskDependencyResolveContext.java:66)
	at org.gradle.execution.plan.TaskDependencyResolver.resolveDependenciesFor(TaskDependencyResolver.java:49)
	at org.gradle.execution.plan.LocalTaskNode.getDependencies(LocalTaskNode.java:148)
	at org.gradle.execution.plan.LocalTaskNode.resolveDependencies(LocalTaskNode.java:122)
	at org.gradle.execution.plan.DefaultExecutionPlan.discoverNodeRelationships(DefaultExecutionPlan.java:183)
	at org.gradle.execution.plan.DefaultExecutionPlan.doAddEntryNodes(DefaultExecutionPlan.java:155)
	at org.gradle.execution.plan.DefaultExecutionPlan.addEntryTasks(DefaultExecutionPlan.java:130)
	at org.gradle.execution.plan.DefaultExecutionPlan.addEntryTasks(DefaultExecutionPlan.java:122)
	at org.gradle.execution.TaskNameResolvingBuildTaskScheduler.scheduleRequestedTasks(TaskNameResolvingBuildTaskScheduler.java:54)
	at org.gradle.execution.DefaultTasksBuildTaskScheduler.scheduleRequestedTasks(DefaultTasksBuildTaskScheduler.java:72)
	at org.gradle.initialization.DefaultTaskExecutionPreparer.lambda$scheduleRequestedTasks$0(DefaultTaskExecutionPreparer.java:46)
	at org.gradle.internal.Factories$1.create(Factories.java:31)
	at org.gradle.internal.work.DefaultWorkerLeaseService.withReplacedLocks(DefaultWorkerLeaseService.java:360)
	at org.gradle.api.internal.project.DefaultProjectStateRegistry$DefaultBuildProjectRegistry.withMutableStateOfAllProjects(DefaultProjectStateRegistry.java:239)
	at org.gradle.api.internal.project.DefaultProjectStateRegistry$DefaultBuildProjectRegistry.withMutableStateOfAllProjects(DefaultProjectStateRegistry.java:232)
	at org.gradle.initialization.DefaultTaskExecutionPreparer.scheduleRequestedTasks(DefaultTaskExecutionPreparer.java:45)
	at org.gradle.initialization.VintageBuildModelController.lambda$scheduleRequestedTasks$0(VintageBuildModelController.java:76)
	at org.gradle.internal.model.StateTransitionController.lambda$inState$1(StateTransitionController.java:99)
	at org.gradle.internal.model.StateTransitionController.lambda$inState$2(StateTransitionController.java:114)
	at org.gradle.internal.work.DefaultSynchronizer.withLock(DefaultSynchronizer.java:44)
	at org.gradle.internal.model.StateTransitionController.inState(StateTransitionController.java:110)
	at org.gradle.internal.model.StateTransitionController.inState(StateTransitionController.java:98)
	at org.gradle.initialization.VintageBuildModelController.scheduleRequestedTasks(VintageBuildModelController.java:76)
	at org.gradle.internal.build.DefaultBuildLifecycleController$DefaultWorkGraphBuilder.addRequestedTasks(DefaultBuildLifecycleController.java:404)
	at org.gradle.internal.buildtree.DefaultBuildTreeWorkPreparer.lambda$scheduleRequestedTasks$0(DefaultBuildTreeWorkPreparer.java:41)
	at org.gradle.internal.build.DefaultBuildLifecycleController.lambda$populateWorkGraph$7(DefaultBuildLifecycleController.java:189)
	at org.gradle.internal.build.DefaultBuildWorkPreparer.populateWorkGraph(DefaultBuildWorkPreparer.java:42)
	at org.gradle.internal.build.BuildOperationFiringBuildWorkPreparer$PopulateWorkGraph.populateTaskGraph(BuildOperationFiringBuildWorkPreparer.java:106)
	at org.gradle.internal.build.BuildOperationFiringBuildWorkPreparer$PopulateWorkGraph.run(BuildOperationFiringBuildWorkPreparer.java:92)
	at org.gradle.internal.operations.DefaultBuildOperationRunner$1.execute(DefaultBuildOperationRunner.java:29)
	at org.gradle.internal.operations.DefaultBuildOperationRunner$1.execute(DefaultBuildOperationRunner.java:26)
	at org.gradle.internal.operations.DefaultBuildOperationRunner$2.execute(DefaultBuildOperationRunner.java:66)
	at org.gradle.internal.operations.DefaultBuildOperationRunner$2.execute(DefaultBuildOperationRunner.java:59)
	at org.gradle.internal.operations.DefaultBuildOperationRunner.execute(DefaultBuildOperationRunner.java:157)
	at org.gradle.internal.operations.DefaultBuildOperationRunner.execute(DefaultBuildOperationRunner.java:59)
	at org.gradle.internal.operations.DefaultBuildOperationRunner.run(DefaultBuildOperationRunner.java:47)
	at org.gradle.internal.operations.DefaultBuildOperationExecutor.run(DefaultBuildOperationExecutor.java:68)
	at org.gradle.internal.build.BuildOperationFiringBuildWorkPreparer.populateWorkGraph(BuildOperationFiringBuildWorkPreparer.java:67)
	at org.gradle.internal.build.DefaultBuildLifecycleController.lambda$populateWorkGraph$8(DefaultBuildLifecycleController.java:189)
	at org.gradle.internal.model.StateTransitionController.lambda$inState$1(StateTransitionController.java:99)
	at org.gradle.internal.model.StateTransitionController.lambda$inState$2(StateTransitionController.java:114)
	at org.gradle.internal.work.DefaultSynchronizer.withLock(DefaultSynchronizer.java:44)
	at org.gradle.internal.model.StateTransitionController.inState(StateTransitionController.java:110)
	at org.gradle.internal.model.StateTransitionController.inState(StateTransitionController.java:98)
	at org.gradle.internal.build.DefaultBuildLifecycleController.populateWorkGraph(DefaultBuildLifecycleController.java:189)
	at org.gradle.internal.build.DefaultBuildWorkGraphController$DefaultBuildWorkGraph.populateWorkGraph(DefaultBuildWorkGraphController.java:169)
	at org.gradle.composite.internal.DefaultBuildController.populateWorkGraph(DefaultBuildController.java:76)
	at org.gradle.composite.internal.DefaultIncludedBuildTaskGraph$DefaultBuildTreeWorkGraphBuilder.withWorkGraph(DefaultIncludedBuildTaskGraph.java:153)
	at org.gradle.internal.buildtree.DefaultBuildTreeWorkPreparer.lambda$scheduleRequestedTasks$1(DefaultBuildTreeWorkPreparer.java:41)
	at org.gradle.composite.internal.DefaultIncludedBuildTaskGraph$DefaultBuildTreeWorkGraph$1.run(DefaultIncludedBuildTaskGraph.java:209)
	at org.gradle.internal.operations.DefaultBuildOperationRunner$1.execute(DefaultBuildOperationRunner.java:29)
	at org.gradle.internal.operations.DefaultBuildOperationRunner$1.execute(DefaultBuildOperationRunner.java:26)
	at org.gradle.internal.operations.DefaultBuildOperationRunner$2.execute(DefaultBuildOperationRunner.java:66)
	at org.gradle.internal.operations.DefaultBuildOperationRunner$2.execute(DefaultBuildOperationRunner.java:59)
	at org.gradle.internal.operations.DefaultBuildOperationRunner.execute(DefaultBuildOperationRunner.java:157)
	at org.gradle.internal.operations.DefaultBuildOperationRunner.execute(DefaultBuildOperationRunner.java:59)
	at org.gradle.internal.operations.DefaultBuildOperationRunner.run(DefaultBuildOperationRunner.java:47)
	at org.gradle.internal.operations.DefaultBuildOperationExecutor.run(DefaultBuildOperationExecutor.java:68)
	at org.gradle.composite.internal.DefaultIncludedBuildTaskGraph$DefaultBuildTreeWorkGraph.scheduleWork(DefaultIncludedBuildTaskGraph.java:204)
	at org.gradle.internal.buildtree.DefaultBuildTreeWorkPreparer.scheduleRequestedTasks(DefaultBuildTreeWorkPreparer.java:37)
	at org.gradle.configurationcache.VintageBuildTreeWorkController$scheduleAndRunRequestedTasks$1.apply(VintageBuildTreeWorkController.kt:36)
	at org.gradle.configurationcache.VintageBuildTreeWorkController$scheduleAndRunRequestedTasks$1.apply(VintageBuildTreeWorkController.kt:35)
	at org.gradle.composite.internal.DefaultIncludedBuildTaskGraph.withNewWorkGraph(DefaultIncludedBuildTaskGraph.java:112)
	at org.gradle.configurationcache.VintageBuildTreeWorkController.scheduleAndRunRequestedTasks(VintageBuildTreeWorkController.kt:35)
	at org.gradle.internal.buildtree.DefaultBuildTreeLifecycleController.lambda$scheduleAndRunTasks$1(DefaultBuildTreeLifecycleController.java:76)
	at org.gradle.internal.buildtree.DefaultBuildTreeLifecycleController.lambda$runBuild$4(DefaultBuildTreeLifecycleController.java:119)
	at org.gradle.internal.model.StateTransitionController.lambda$transition$6(StateTransitionController.java:169)
	at org.gradle.internal.model.StateTransitionController.doTransition(StateTransitionController.java:266)
	at org.gradle.internal.model.StateTransitionController.lambda$transition$7(StateTransitionController.java:169)
	at org.gradle.internal.work.DefaultSynchronizer.withLock(DefaultSynchronizer.java:44)
	at org.gradle.internal.model.StateTransitionController.transition(StateTransitionController.java:169)
	at org.gradle.internal.buildtree.DefaultBuildTreeLifecycleController.runBuild(DefaultBuildTreeLifecycleController.java:116)
	at org.gradle.internal.buildtree.DefaultBuildTreeLifecycleController.scheduleAndRunTasks(DefaultBuildTreeLifecycleController.java:76)
	at org.gradle.internal.buildtree.DefaultBuildTreeLifecycleController.scheduleAndRunTasks(DefaultBuildTreeLifecycleController.java:71)
	at org.gradle.tooling.internal.provider.ExecuteBuildActionRunner.run(ExecuteBuildActionRunner.java:31)
	at org.gradle.launcher.exec.ChainingBuildActionRunner.run(ChainingBuildActionRunner.java:35)
	at org.gradle.internal.buildtree.ProblemReportingBuildActionRunner.run(ProblemReportingBuildActionRunner.java:49)
	at org.gradle.launcher.exec.BuildOutcomeReportingBuildActionRunner.run(BuildOutcomeReportingBuildActionRunner.java:65)
	at org.gradle.tooling.internal.provider.FileSystemWatchingBuildActionRunner.run(FileSystemWatchingBuildActionRunner.java:140)
	at org.gradle.launcher.exec.BuildCompletionNotifyingBuildActionRunner.run(BuildCompletionNotifyingBuildActionRunner.java:41)
	at org.gradle.launcher.exec.RootBuildLifecycleBuildActionExecutor.lambda$execute$0(RootBuildLifecycleBuildActionExecutor.java:40)
	at org.gradle.composite.internal.DefaultRootBuildState.run(DefaultRootBuildState.java:123)
	at org.gradle.launcher.exec.RootBuildLifecycleBuildActionExecutor.execute(RootBuildLifecycleBuildActionExecutor.java:40)
	at org.gradle.internal.buildtree.InitDeprecationLoggingActionExecutor.execute(InitDeprecationLoggingActionExecutor.java:62)
	at org.gradle.internal.buildtree.InitProblems.execute(InitProblems.java:38)
	at org.gradle.internal.buildtree.DefaultBuildTreeContext.execute(DefaultBuildTreeContext.java:40)
	at org.gradle.launcher.exec.BuildTreeLifecycleBuildActionExecutor.lambda$execute$0(BuildTreeLifecycleBuildActionExecutor.java:58)
	at org.gradle.internal.buildtree.BuildTreeState.run(BuildTreeState.java:58)
	at org.gradle.launcher.exec.BuildTreeLifecycleBuildActionExecutor.execute(BuildTreeLifecycleBuildActionExecutor.java:58)
	at org.gradle.launcher.exec.RunAsBuildOperationBuildActionExecutor$3.call(RunAsBuildOperationBuildActionExecutor.java:61)
	at org.gradle.launcher.exec.RunAsBuildOperationBuildActionExecutor$3.call(RunAsBuildOperationBuildActionExecutor.java:57)
	at org.gradle.internal.operations.DefaultBuildOperationRunner$CallableBuildOperationWorker.execute(DefaultBuildOperationRunner.java:204)
	at org.gradle.internal.operations.DefaultBuildOperationRunner$CallableBuildOperationWorker.execute(DefaultBuildOperationRunner.java:199)
	at org.gradle.internal.operations.DefaultBuildOperationRunner$2.execute(DefaultBuildOperationRunner.java:66)
	at org.gradle.internal.operations.DefaultBuildOperationRunner$2.execute(DefaultBuildOperationRunner.java:59)
	at org.gradle.internal.operations.DefaultBuildOperationRunner.execute(DefaultBuildOperationRunner.java:157)
	at org.gradle.internal.operations.DefaultBuildOperationRunner.execute(DefaultBuildOperationRunner.java:59)
	at org.gradle.internal.operations.DefaultBuildOperationRunner.call(DefaultBuildOperationRunner.java:53)
	at org.gradle.internal.operations.DefaultBuildOperationExecutor.call(DefaultBuildOperationExecutor.java:73)
	at org.gradle.launcher.exec.RunAsBuildOperationBuildActionExecutor.execute(RunAsBuildOperationBuildActionExecutor.java:57)
	at org.gradle.launcher.exec.RunAsWorkerThreadBuildActionExecutor.lambda$execute$0(RunAsWorkerThreadBuildActionExecutor.java:36)
	at org.gradle.internal.work.DefaultWorkerLeaseService.withLocks(DefaultWorkerLeaseService.java:264)
	at org.gradle.internal.work.DefaultWorkerLeaseService.runAsWorkerThread(DefaultWorkerLeaseService.java:128)
	at org.gradle.launcher.exec.RunAsWorkerThreadBuildActionExecutor.execute(RunAsWorkerThreadBuildActionExecutor.java:36)
	at org.gradle.tooling.internal.provider.continuous.ContinuousBuildActionExecutor.execute(ContinuousBuildActionExecutor.java:110)
	at org.gradle.tooling.internal.provider.SubscribableBuildActionExecutor.execute(SubscribableBuildActionExecutor.java:64)
	at org.gradle.internal.session.DefaultBuildSessionContext.execute(DefaultBuildSessionContext.java:46)
	at org.gradle.tooling.internal.provider.BuildSessionLifecycleBuildActionExecuter$ActionImpl.apply(BuildSessionLifecycleBuildActionExecuter.java:92)
	at org.gradle.tooling.internal.provider.BuildSessionLifecycleBuildActionExecuter$ActionImpl.apply(BuildSessionLifecycleBuildActionExecuter.java:80)
	at org.gradle.internal.session.BuildSessionState.run(BuildSessionState.java:69)
	at org.gradle.tooling.internal.provider.BuildSessionLifecycleBuildActionExecuter.execute(BuildSessionLifecycleBuildActionExecuter.java:62)
	at org.gradle.tooling.internal.provider.BuildSessionLifecycleBuildActionExecuter.execute(BuildSessionLifecycleBuildActionExecuter.java:41)
	at org.gradle.tooling.internal.provider.StartParamsValidatingActionExecuter.execute(StartParamsValidatingActionExecuter.java:64)
	at org.gradle.tooling.internal.provider.StartParamsValidatingActionExecuter.execute(StartParamsValidatingActionExecuter.java:32)
	at org.gradle.tooling.internal.provider.SessionFailureReportingActionExecuter.execute(SessionFailureReportingActionExecuter.java:51)
	at org.gradle.tooling.internal.provider.SessionFailureReportingActionExecuter.execute(SessionFailureReportingActionExecuter.java:39)
	at org.gradle.tooling.internal.provider.SetupLoggingActionExecuter.execute(SetupLoggingActionExecuter.java:47)
	at org.gradle.tooling.internal.provider.SetupLoggingActionExecuter.execute(SetupLoggingActionExecuter.java:31)
	at org.gradle.launcher.daemon.server.exec.ExecuteBuild.doBuild(ExecuteBuild.java:65)
	at org.gradle.launcher.daemon.server.exec.BuildCommandOnly.execute(BuildCommandOnly.java:37)
	at org.gradle.launcher.daemon.server.api.DaemonCommandExecution.proceed(DaemonCommandExecution.java:104)
	at org.gradle.launcher.daemon.server.exec.WatchForDisconnection.execute(WatchForDisconnection.java:39)
	at org.gradle.launcher.daemon.server.api.DaemonCommandExecution.proceed(DaemonCommandExecution.java:104)
	at org.gradle.launcher.daemon.server.exec.ResetDeprecationLogger.execute(ResetDeprecationLogger.java:29)
	at org.gradle.launcher.daemon.server.api.DaemonCommandExecution.proceed(DaemonCommandExecution.java:104)
	at org.gradle.launcher.daemon.server.exec.RequestStopIfSingleUsedDaemon.execute(RequestStopIfSingleUsedDaemon.java:35)
	at org.gradle.launcher.daemon.server.api.DaemonCommandExecution.proceed(DaemonCommandExecution.java:104)
	at org.gradle.launcher.daemon.server.exec.ForwardClientInput$2.create(ForwardClientInput.java:78)
	at org.gradle.launcher.daemon.server.exec.ForwardClientInput$2.create(ForwardClientInput.java:75)
	at org.gradle.util.internal.Swapper.swap(Swapper.java:38)
	at org.gradle.launcher.daemon.server.exec.ForwardClientInput.execute(ForwardClientInput.java:75)
	at org.gradle.launcher.daemon.server.api.DaemonCommandExecution.proceed(DaemonCommandExecution.java:104)
	at org.gradle.launcher.daemon.server.exec.LogAndCheckHealth.execute(LogAndCheckHealth.java:64)
	at org.gradle.launcher.daemon.server.api.DaemonCommandExecution.proceed(DaemonCommandExecution.java:104)
	at org.gradle.launcher.daemon.server.exec.LogToClient.doBuild(LogToClient.java:63)
	at org.gradle.launcher.daemon.server.exec.BuildCommandOnly.execute(BuildCommandOnly.java:37)
	at org.gradle.launcher.daemon.server.api.DaemonCommandExecution.proceed(DaemonCommandExecution.java:104)
	at org.gradle.launcher.daemon.server.exec.EstablishBuildEnvironment.doBuild(EstablishBuildEnvironment.java:84)
	at org.gradle.launcher.daemon.server.exec.BuildCommandOnly.execute(BuildCommandOnly.java:37)
	at org.gradle.launcher.daemon.server.api.DaemonCommandExecution.proceed(DaemonCommandExecution.java:104)
	at org.gradle.launcher.daemon.server.exec.StartBuildOrRespondWithBusy$1.run(StartBuildOrRespondWithBusy.java:52)
	at org.gradle.launcher.daemon.server.DaemonStateCoordinator$1.run(DaemonStateCoordinator.java:297)
	at org.gradle.internal.concurrent.ExecutorPolicy$CatchAndRecordFailures.onExecute(ExecutorPolicy.java:64)
	at org.gradle.internal.concurrent.AbstractManagedExecutor$1.run(AbstractManagedExecutor.java:47)
	at java.base/java.util.concurrent.ThreadPoolExecutor.runWorker(ThreadPoolExecutor.java:1136)
	at java.base/java.util.concurrent.ThreadPoolExecutor$Worker.run(ThreadPoolExecutor.java:635)
	at java.base/java.lang.Thread.run(Thread.java:840)
[gradle-intellij-plugin :] Cannot create plugin from file '/opt/android-studio/plugins/gradle-java': Invalid plugin descriptor 'plugin.xml'. Unable to read the plugin descriptor: No enum constant com.jetbrains.plugin.structure.intellij.plugin.IdePluginContentDescriptor.ServiceType.APPLİCATİON.
Unable to read descriptor [plugin.xml] from [/opt/android-studio/plugins/java/lib/java-impl.jar]
java.lang.IllegalArgumentException: No enum constant com.jetbrains.plugin.structure.intellij.plugin.IdePluginContentDescriptor.ServiceType.APPLİCATİON
	at java.base/java.lang.Enum.valueOf(Enum.java:273)
	at com.jetbrains.plugin.structure.intellij.plugin.IdePluginContentDescriptor$ServiceType.valueOf(IdePluginContents.kt)
	at com.jetbrains.plugin.structure.intellij.plugin.PluginCreator.readServiceDescriptor(PluginCreator.kt:406)
	at com.jetbrains.plugin.structure.intellij.plugin.PluginCreator.readExtensions(PluginCreator.kt:341)
	at com.jetbrains.plugin.structure.intellij.plugin.PluginCreator.setInfoFromBean(PluginCreator.kt:320)
	at com.jetbrains.plugin.structure.intellij.plugin.PluginCreator.resolveDocumentAndValidateBean(PluginCreator.kt:664)
	at com.jetbrains.plugin.structure.intellij.plugin.PluginCreator.access$resolveDocumentAndValidateBean(PluginCreator.kt:31)
	at com.jetbrains.plugin.structure.intellij.plugin.PluginCreator$Companion.createPlugin(PluginCreator.kt:109)
	at com.jetbrains.plugin.structure.intellij.plugin.IdePluginManager.loadPluginInfoFromJarFile(IdePluginManager.kt:62)
	at com.jetbrains.plugin.structure.intellij.plugin.IdePluginManager.loadPluginInfoFromLibDirectory(IdePluginManager.kt:165)
	at com.jetbrains.plugin.structure.intellij.plugin.IdePluginManager.loadPluginInfoFromDirectory(IdePluginManager.kt:97)
	at com.jetbrains.plugin.structure.intellij.plugin.IdePluginManager.loadPluginInfoFromJarOrDirectory(IdePluginManager.kt:206)
	at com.jetbrains.plugin.structure.intellij.plugin.IdePluginManager.getPluginCreatorWithResult(IdePluginManager.kt:347)
	at com.jetbrains.plugin.structure.intellij.plugin.IdePluginManager.createPlugin(IdePluginManager.kt:314)
	at com.jetbrains.plugin.structure.intellij.plugin.IdePluginManager.createPlugin$default(IdePluginManager.kt:312)
	at org.jetbrains.intellij.Utils.createPlugin(utils.kt:222)
	at org.jetbrains.intellij.dependency.BuiltinPluginsRegistry.add(BuiltinPluginsRegistry.kt:89)
	at org.jetbrains.intellij.dependency.BuiltinPluginsRegistry.fillFromDirectory(BuiltinPluginsRegistry.kt:47)
	at org.jetbrains.intellij.dependency.BuiltinPluginsRegistry.access$fillFromDirectory(BuiltinPluginsRegistry.kt:21)
	at org.jetbrains.intellij.dependency.BuiltinPluginsRegistry$Companion.fromDirectory(BuiltinPluginsRegistry.kt:127)
	at org.jetbrains.intellij.dependency.IdeaDependencyManager.createDependency(IdeaDependencyManager.kt:92)
	at org.jetbrains.intellij.dependency.IdeaDependencyManager.resolveLocal(IdeaDependencyManager.kt:430)
	at org.jetbrains.intellij.IntelliJPlugin$prepareIdeaDependencyProvider$1.call(IntelliJPlugin.kt:299)
	at org.jetbrains.intellij.IntelliJPlugin$prepareIdeaDependencyProvider$1.call(IntelliJPlugin.kt:266)
	at org.gradle.api.internal.provider.DefaultProvider.calculateOwnValue(DefaultProvider.java:72)
	at org.gradle.api.internal.provider.AbstractMinimalProvider.calculateValue(AbstractMinimalProvider.java:115)
	at org.gradle.api.internal.provider.TransformBackedProvider.calculateOwnValue(TransformBackedProvider.java:82)
	at org.gradle.api.internal.provider.AbstractMinimalProvider.calculateValue(AbstractMinimalProvider.java:115)
	at org.gradle.api.internal.provider.AbstractMinimalProvider.withFinalValue(AbstractMinimalProvider.java:168)
	at org.gradle.api.internal.provider.DefaultProperty.finalValue(DefaultProperty.java:133)
	at org.gradle.api.internal.provider.DefaultProperty.finalValue(DefaultProperty.java:26)
	at org.gradle.api.internal.provider.AbstractProperty.finalizeNow(AbstractProperty.java:245)
	at org.gradle.api.internal.provider.AbstractProperty.beforeRead(AbstractProperty.java:239)
	at org.gradle.api.internal.provider.AbstractProperty.calculateOwnValue(AbstractProperty.java:135)
	at org.gradle.api.internal.provider.AbstractMinimalProvider.calculateValue(AbstractMinimalProvider.java:115)
	at org.gradle.api.internal.provider.TransformBackedProvider.calculateOwnValue(TransformBackedProvider.java:82)
	at org.gradle.api.internal.provider.AbstractMinimalProvider.calculateValue(AbstractMinimalProvider.java:115)
	at org.gradle.api.internal.provider.TransformBackedProvider.calculateOwnValue(TransformBackedProvider.java:82)
	at org.gradle.api.internal.provider.AbstractMinimalProvider.calculateValue(AbstractMinimalProvider.java:115)
	at org.gradle.api.internal.provider.DefaultProperty.calculateValueFrom(DefaultProperty.java:128)
	at org.gradle.api.internal.provider.DefaultProperty.calculateValueFrom(DefaultProperty.java:26)
	at org.gradle.api.internal.provider.AbstractProperty.doCalculateValue(AbstractProperty.java:142)
	at org.gradle.api.internal.provider.AbstractProperty.calculateOwnValue(AbstractProperty.java:136)
	at org.gradle.api.internal.provider.AbstractMinimalProvider.getOrNull(AbstractMinimalProvider.java:105)
	at org.jetbrains.intellij.IntelliJPlugin$prepareConventionMappingsForRunIdeTask$8.call(IntelliJPlugin.kt:963)
	at org.jetbrains.intellij.IntelliJPlugin$prepareConventionMappingsForRunIdeTask$8.call(IntelliJPlugin.kt:958)
	at org.gradle.api.internal.provider.DefaultProvider.calculateOwnValue(DefaultProvider.java:72)
	at org.gradle.api.internal.provider.AbstractMinimalProvider.calculateValue(AbstractMinimalProvider.java:115)
	at org.gradle.api.internal.provider.TransformBackedProvider.calculateOwnValue(TransformBackedProvider.java:82)
	at org.gradle.api.internal.provider.AbstractMinimalProvider.calculateValue(AbstractMinimalProvider.java:115)
	at org.gradle.api.internal.provider.DefaultProperty.calculateValueFrom(DefaultProperty.java:128)
	at org.gradle.api.internal.provider.DefaultProperty.calculateValueFrom(DefaultProperty.java:26)
	at org.gradle.api.internal.provider.AbstractProperty.doCalculateValue(AbstractProperty.java:142)
	at org.gradle.api.internal.provider.AbstractProperty.calculateOwnValue(AbstractProperty.java:136)
	at org.gradle.api.internal.provider.AbstractMinimalProvider.calculateOwnPresentValue(AbstractMinimalProvider.java:80)
	at org.gradle.api.internal.provider.AbstractMinimalProvider.get(AbstractMinimalProvider.java:100)
	at org.jetbrains.intellij.tasks.RunIdeBase.getExecutable(RunIdeBase.kt:202)
	at org.jetbrains.intellij.tasks.BuildSearchableOptionsTask_Decorated.getExecutable(Unknown Source)
	at org.gradle.api.tasks.internal.JavaExecExecutableUtils.getExecutableOverrideToolchainSpec(JavaExecExecutableUtils.java:30)
	at org.gradle.api.tasks.JavaExec.lambda$new$0(JavaExec.java:144)
	at org.gradle.api.internal.provider.DefaultProvider.calculateOwnValue(DefaultProvider.java:72)
	at org.gradle.api.internal.provider.AbstractMinimalProvider.calculateValue(AbstractMinimalProvider.java:115)
	at org.gradle.api.internal.provider.FlatMapProvider.calculateOwnValue(FlatMapProvider.java:46)
	at org.gradle.api.internal.provider.AbstractMinimalProvider.calculateValue(AbstractMinimalProvider.java:115)
	at org.gradle.api.internal.provider.OrElseProvider.calculateOwnValue(OrElseProvider.java:76)
	at org.gradle.api.internal.provider.AbstractMinimalProvider.calculateValue(AbstractMinimalProvider.java:115)
	at org.gradle.api.internal.provider.TransformBackedProvider.calculateOwnValue(TransformBackedProvider.java:82)
	at org.gradle.api.internal.provider.AbstractMinimalProvider.calculateValue(AbstractMinimalProvider.java:115)
	at org.gradle.api.internal.provider.AbstractMinimalProvider.withFinalValue(AbstractMinimalProvider.java:168)
	at org.gradle.api.internal.provider.DefaultProperty.finalValue(DefaultProperty.java:133)
	at org.gradle.api.internal.provider.DefaultProperty.finalValue(DefaultProperty.java:26)
	at org.gradle.api.internal.provider.AbstractProperty.finalizeNow(AbstractProperty.java:245)
	at org.gradle.api.internal.provider.AbstractProperty.beforeRead(AbstractProperty.java:239)
	at org.gradle.api.internal.provider.AbstractProperty.calculateOwnValue(AbstractProperty.java:135)
	at org.gradle.api.internal.provider.AbstractMinimalProvider.getOrNull(AbstractMinimalProvider.java:105)
	at org.gradle.internal.properties.annotations.AbstractTypeMetadataWalker$InstanceTypeMetadataWalker.lambda$walkNestedProvider$0(AbstractTypeMetadataWalker.java:137)
	at org.gradle.internal.properties.annotations.AbstractTypeMetadataWalker$InstanceTypeMetadataWalker.walkNestedChild(AbstractTypeMetadataWalker.java:184)
	at org.gradle.internal.properties.annotations.AbstractTypeMetadataWalker$InstanceTypeMetadataWalker.walkNestedProvider(AbstractTypeMetadataWalker.java:136)
	at org.gradle.internal.properties.annotations.AbstractTypeMetadataWalker$InstanceTypeMetadataWalker.walkNestedProvider(AbstractTypeMetadataWalker.java:118)
	at org.gradle.internal.properties.annotations.AbstractTypeMetadataWalker.walkNested(AbstractTypeMetadataWalker.java:60)
	at org.gradle.internal.properties.annotations.AbstractTypeMetadataWalker.lambda$walkChildren$3(AbstractTypeMetadataWalker.java:85)
	at org.gradle.internal.properties.annotations.AbstractTypeMetadataWalker$InstanceTypeMetadataWalker.walkNestedChild(AbstractTypeMetadataWalker.java:190)
	at org.gradle.internal.properties.annotations.AbstractTypeMetadataWalker$InstanceTypeMetadataWalker.walkNestedChild(AbstractTypeMetadataWalker.java:171)
	at org.gradle.internal.properties.annotations.AbstractTypeMetadataWalker$InstanceTypeMetadataWalker.walkNestedChild(AbstractTypeMetadataWalker.java:118)
	at org.gradle.internal.properties.annotations.AbstractTypeMetadataWalker.lambda$walkChildren$4(AbstractTypeMetadataWalker.java:85)
	at java.base/java.lang.Iterable.forEach(Iterable.java:75)
	at org.gradle.internal.properties.annotations.AbstractTypeMetadataWalker.walkChildren(AbstractTypeMetadataWalker.java:83)
	at org.gradle.internal.properties.annotations.AbstractTypeMetadataWalker.walk(AbstractTypeMetadataWalker.java:53)
	at org.gradle.internal.properties.bean.DefaultPropertyWalker.visitProperties(DefaultPropertyWalker.java:65)
	at org.gradle.api.internal.tasks.TaskPropertyUtils.visitAnnotatedProperties(TaskPropertyUtils.java:58)
	at org.gradle.api.internal.tasks.TaskPropertyUtils.visitProperties(TaskPropertyUtils.java:45)
	at org.gradle.api.internal.tasks.TaskPropertyUtils.visitProperties(TaskPropertyUtils.java:35)
	at org.gradle.api.internal.tasks.DefaultTaskInputs.visitDependencies(DefaultTaskInputs.java:195)
	at org.gradle.api.internal.tasks.DefaultTaskDependency.visitDependencies(DefaultTaskDependency.java:112)
	at org.gradle.api.internal.tasks.CachingTaskDependencyResolveContext$TaskGraphImpl.getNodeValues(CachingTaskDependencyResolveContext.java:103)
	at org.gradle.internal.graph.CachingDirectedGraphWalker$GraphWithEmptyEdges.getNodeValues(CachingDirectedGraphWalker.java:213)
	at org.gradle.internal.graph.CachingDirectedGraphWalker.doSearch(CachingDirectedGraphWalker.java:121)
	at org.gradle.internal.graph.CachingDirectedGraphWalker.findValues(CachingDirectedGraphWalker.java:73)
	at org.gradle.api.internal.tasks.CachingTaskDependencyResolveContext.getDependencies(CachingTaskDependencyResolveContext.java:66)
	at org.gradle.execution.plan.TaskDependencyResolver.resolveDependenciesFor(TaskDependencyResolver.java:49)
	at org.gradle.execution.plan.LocalTaskNode.getDependencies(LocalTaskNode.java:148)
	at org.gradle.execution.plan.LocalTaskNode.resolveDependencies(LocalTaskNode.java:122)
	at org.gradle.execution.plan.DefaultExecutionPlan.discoverNodeRelationships(DefaultExecutionPlan.java:183)
	at org.gradle.execution.plan.DefaultExecutionPlan.doAddEntryNodes(DefaultExecutionPlan.java:155)
	at org.gradle.execution.plan.DefaultExecutionPlan.addEntryTasks(DefaultExecutionPlan.java:130)
	at org.gradle.execution.plan.DefaultExecutionPlan.addEntryTasks(DefaultExecutionPlan.java:122)
	at org.gradle.execution.TaskNameResolvingBuildTaskScheduler.scheduleRequestedTasks(TaskNameResolvingBuildTaskScheduler.java:54)
	at org.gradle.execution.DefaultTasksBuildTaskScheduler.scheduleRequestedTasks(DefaultTasksBuildTaskScheduler.java:72)
	at org.gradle.initialization.DefaultTaskExecutionPreparer.lambda$scheduleRequestedTasks$0(DefaultTaskExecutionPreparer.java:46)
	at org.gradle.internal.Factories$1.create(Factories.java:31)
	at org.gradle.internal.work.DefaultWorkerLeaseService.withReplacedLocks(DefaultWorkerLeaseService.java:360)
	at org.gradle.api.internal.project.DefaultProjectStateRegistry$DefaultBuildProjectRegistry.withMutableStateOfAllProjects(DefaultProjectStateRegistry.java:239)
	at org.gradle.api.internal.project.DefaultProjectStateRegistry$DefaultBuildProjectRegistry.withMutableStateOfAllProjects(DefaultProjectStateRegistry.java:232)
	at org.gradle.initialization.DefaultTaskExecutionPreparer.scheduleRequestedTasks(DefaultTaskExecutionPreparer.java:45)
	at org.gradle.initialization.VintageBuildModelController.lambda$scheduleRequestedTasks$0(VintageBuildModelController.java:76)
	at org.gradle.internal.model.StateTransitionController.lambda$inState$1(StateTransitionController.java:99)
	at org.gradle.internal.model.StateTransitionController.lambda$inState$2(StateTransitionController.java:114)
	at org.gradle.internal.work.DefaultSynchronizer.withLock(DefaultSynchronizer.java:44)
	at org.gradle.internal.model.StateTransitionController.inState(StateTransitionController.java:110)
	at org.gradle.internal.model.StateTransitionController.inState(StateTransitionController.java:98)
	at org.gradle.initialization.VintageBuildModelController.scheduleRequestedTasks(VintageBuildModelController.java:76)
	at org.gradle.internal.build.DefaultBuildLifecycleController$DefaultWorkGraphBuilder.addRequestedTasks(DefaultBuildLifecycleController.java:404)
	at org.gradle.internal.buildtree.DefaultBuildTreeWorkPreparer.lambda$scheduleRequestedTasks$0(DefaultBuildTreeWorkPreparer.java:41)
	at org.gradle.internal.build.DefaultBuildLifecycleController.lambda$populateWorkGraph$7(DefaultBuildLifecycleController.java:189)
	at org.gradle.internal.build.DefaultBuildWorkPreparer.populateWorkGraph(DefaultBuildWorkPreparer.java:42)
	at org.gradle.internal.build.BuildOperationFiringBuildWorkPreparer$PopulateWorkGraph.populateTaskGraph(BuildOperationFiringBuildWorkPreparer.java:106)
	at org.gradle.internal.build.BuildOperationFiringBuildWorkPreparer$PopulateWorkGraph.run(BuildOperationFiringBuildWorkPreparer.java:92)
	at org.gradle.internal.operations.DefaultBuildOperationRunner$1.execute(DefaultBuildOperationRunner.java:29)
	at org.gradle.internal.operations.DefaultBuildOperationRunner$1.execute(DefaultBuildOperationRunner.java:26)
	at org.gradle.internal.operations.DefaultBuildOperationRunner$2.execute(DefaultBuildOperationRunner.java:66)
	at org.gradle.internal.operations.DefaultBuildOperationRunner$2.execute(DefaultBuildOperationRunner.java:59)
	at org.gradle.internal.operations.DefaultBuildOperationRunner.execute(DefaultBuildOperationRunner.java:157)
	at org.gradle.internal.operations.DefaultBuildOperationRunner.execute(DefaultBuildOperationRunner.java:59)
	at org.gradle.internal.operations.DefaultBuildOperationRunner.run(DefaultBuildOperationRunner.java:47)
	at org.gradle.internal.operations.DefaultBuildOperationExecutor.run(DefaultBuildOperationExecutor.java:68)
	at org.gradle.internal.build.BuildOperationFiringBuildWorkPreparer.populateWorkGraph(BuildOperationFiringBuildWorkPreparer.java:67)
	at org.gradle.internal.build.DefaultBuildLifecycleController.lambda$populateWorkGraph$8(DefaultBuildLifecycleController.java:189)
	at org.gradle.internal.model.StateTransitionController.lambda$inState$1(StateTransitionController.java:99)
	at org.gradle.internal.model.StateTransitionController.lambda$inState$2(StateTransitionController.java:114)
	at org.gradle.internal.work.DefaultSynchronizer.withLock(DefaultSynchronizer.java:44)
	at org.gradle.internal.model.StateTransitionController.inState(StateTransitionController.java:110)
	at org.gradle.internal.model.StateTransitionController.inState(StateTransitionController.java:98)
	at org.gradle.internal.build.DefaultBuildLifecycleController.populateWorkGraph(DefaultBuildLifecycleController.java:189)
	at org.gradle.internal.build.DefaultBuildWorkGraphController$DefaultBuildWorkGraph.populateWorkGraph(DefaultBuildWorkGraphController.java:169)
	at org.gradle.composite.internal.DefaultBuildController.populateWorkGraph(DefaultBuildController.java:76)
	at org.gradle.composite.internal.DefaultIncludedBuildTaskGraph$DefaultBuildTreeWorkGraphBuilder.withWorkGraph(DefaultIncludedBuildTaskGraph.java:153)
	at org.gradle.internal.buildtree.DefaultBuildTreeWorkPreparer.lambda$scheduleRequestedTasks$1(DefaultBuildTreeWorkPreparer.java:41)
	at org.gradle.composite.internal.DefaultIncludedBuildTaskGraph$DefaultBuildTreeWorkGraph$1.run(DefaultIncludedBuildTaskGraph.java:209)
	at org.gradle.internal.operations.DefaultBuildOperationRunner$1.execute(DefaultBuildOperationRunner.java:29)
	at org.gradle.internal.operations.DefaultBuildOperationRunner$1.execute(DefaultBuildOperationRunner.java:26)
	at org.gradle.internal.operations.DefaultBuildOperationRunner$2.execute(DefaultBuildOperationRunner.java:66)
	at org.gradle.internal.operations.DefaultBuildOperationRunner$2.execute(DefaultBuildOperationRunner.java:59)
	at org.gradle.internal.operations.DefaultBuildOperationRunner.execute(DefaultBuildOperationRunner.java:157)
	at org.gradle.internal.operations.DefaultBuildOperationRunner.execute(DefaultBuildOperationRunner.java:59)
	at org.gradle.internal.operations.DefaultBuildOperationRunner.run(DefaultBuildOperationRunner.java:47)
	at org.gradle.internal.operations.DefaultBuildOperationExecutor.run(DefaultBuildOperationExecutor.java:68)
	at org.gradle.composite.internal.DefaultIncludedBuildTaskGraph$DefaultBuildTreeWorkGraph.scheduleWork(DefaultIncludedBuildTaskGraph.java:204)
	at org.gradle.internal.buildtree.DefaultBuildTreeWorkPreparer.scheduleRequestedTasks(DefaultBuildTreeWorkPreparer.java:37)
	at org.gradle.configurationcache.VintageBuildTreeWorkController$scheduleAndRunRequestedTasks$1.apply(VintageBuildTreeWorkController.kt:36)
	at org.gradle.configurationcache.VintageBuildTreeWorkController$scheduleAndRunRequestedTasks$1.apply(VintageBuildTreeWorkController.kt:35)
	at org.gradle.composite.internal.DefaultIncludedBuildTaskGraph.withNewWorkGraph(DefaultIncludedBuildTaskGraph.java:112)
	at org.gradle.configurationcache.VintageBuildTreeWorkController.scheduleAndRunRequestedTasks(VintageBuildTreeWorkController.kt:35)
	at org.gradle.internal.buildtree.DefaultBuildTreeLifecycleController.lambda$scheduleAndRunTasks$1(DefaultBuildTreeLifecycleController.java:76)
	at org.gradle.internal.buildtree.DefaultBuildTreeLifecycleController.lambda$runBuild$4(DefaultBuildTreeLifecycleController.java:119)
	at org.gradle.internal.model.StateTransitionController.lambda$transition$6(StateTransitionController.java:169)
	at org.gradle.internal.model.StateTransitionController.doTransition(StateTransitionController.java:266)
	at org.gradle.internal.model.StateTransitionController.lambda$transition$7(StateTransitionController.java:169)
	at org.gradle.internal.work.DefaultSynchronizer.withLock(DefaultSynchronizer.java:44)
	at org.gradle.internal.model.StateTransitionController.transition(StateTransitionController.java:169)
	at org.gradle.internal.buildtree.DefaultBuildTreeLifecycleController.runBuild(DefaultBuildTreeLifecycleController.java:116)
	at org.gradle.internal.buildtree.DefaultBuildTreeLifecycleController.scheduleAndRunTasks(DefaultBuildTreeLifecycleController.java:76)
	at org.gradle.internal.buildtree.DefaultBuildTreeLifecycleController.scheduleAndRunTasks(DefaultBuildTreeLifecycleController.java:71)
	at org.gradle.tooling.internal.provider.ExecuteBuildActionRunner.run(ExecuteBuildActionRunner.java:31)
	at org.gradle.launcher.exec.ChainingBuildActionRunner.run(ChainingBuildActionRunner.java:35)
	at org.gradle.internal.buildtree.ProblemReportingBuildActionRunner.run(ProblemReportingBuildActionRunner.java:49)
	at org.gradle.launcher.exec.BuildOutcomeReportingBuildActionRunner.run(BuildOutcomeReportingBuildActionRunner.java:65)
	at org.gradle.tooling.internal.provider.FileSystemWatchingBuildActionRunner.run(FileSystemWatchingBuildActionRunner.java:140)
	at org.gradle.launcher.exec.BuildCompletionNotifyingBuildActionRunner.run(BuildCompletionNotifyingBuildActionRunner.java:41)
	at org.gradle.launcher.exec.RootBuildLifecycleBuildActionExecutor.lambda$execute$0(RootBuildLifecycleBuildActionExecutor.java:40)
	at org.gradle.composite.internal.DefaultRootBuildState.run(DefaultRootBuildState.java:123)
	at org.gradle.launcher.exec.RootBuildLifecycleBuildActionExecutor.execute(RootBuildLifecycleBuildActionExecutor.java:40)
	at org.gradle.internal.buildtree.InitDeprecationLoggingActionExecutor.execute(InitDeprecationLoggingActionExecutor.java:62)
	at org.gradle.internal.buildtree.InitProblems.execute(InitProblems.java:38)
	at org.gradle.internal.buildtree.DefaultBuildTreeContext.execute(DefaultBuildTreeContext.java:40)
	at org.gradle.launcher.exec.BuildTreeLifecycleBuildActionExecutor.lambda$execute$0(BuildTreeLifecycleBuildActionExecutor.java:58)
	at org.gradle.internal.buildtree.BuildTreeState.run(BuildTreeState.java:58)
	at org.gradle.launcher.exec.BuildTreeLifecycleBuildActionExecutor.execute(BuildTreeLifecycleBuildActionExecutor.java:58)
	at org.gradle.launcher.exec.RunAsBuildOperationBuildActionExecutor$3.call(RunAsBuildOperationBuildActionExecutor.java:61)
	at org.gradle.launcher.exec.RunAsBuildOperationBuildActionExecutor$3.call(RunAsBuildOperationBuildActionExecutor.java:57)
	at org.gradle.internal.operations.DefaultBuildOperationRunner$CallableBuildOperationWorker.execute(DefaultBuildOperationRunner.java:204)
	at org.gradle.internal.operations.DefaultBuildOperationRunner$CallableBuildOperationWorker.execute(DefaultBuildOperationRunner.java:199)
	at org.gradle.internal.operations.DefaultBuildOperationRunner$2.execute(DefaultBuildOperationRunner.java:66)
	at org.gradle.internal.operations.DefaultBuildOperationRunner$2.execute(DefaultBuildOperationRunner.java:59)
	at org.gradle.internal.operations.DefaultBuildOperationRunner.execute(DefaultBuildOperationRunner.java:157)
	at org.gradle.internal.operations.DefaultBuildOperationRunner.execute(DefaultBuildOperationRunner.java:59)
	at org.gradle.internal.operations.DefaultBuildOperationRunner.call(DefaultBuildOperationRunner.java:53)
	at org.gradle.internal.operations.DefaultBuildOperationExecutor.call(DefaultBuildOperationExecutor.java:73)
	at org.gradle.launcher.exec.RunAsBuildOperationBuildActionExecutor.execute(RunAsBuildOperationBuildActionExecutor.java:57)
	at org.gradle.launcher.exec.RunAsWorkerThreadBuildActionExecutor.lambda$execute$0(RunAsWorkerThreadBuildActionExecutor.java:36)
	at org.gradle.internal.work.DefaultWorkerLeaseService.withLocks(DefaultWorkerLeaseService.java:264)
	at org.gradle.internal.work.DefaultWorkerLeaseService.runAsWorkerThread(DefaultWorkerLeaseService.java:128)
	at org.gradle.launcher.exec.RunAsWorkerThreadBuildActionExecutor.execute(RunAsWorkerThreadBuildActionExecutor.java:36)
	at org.gradle.tooling.internal.provider.continuous.ContinuousBuildActionExecutor.execute(ContinuousBuildActionExecutor.java:110)
	at org.gradle.tooling.internal.provider.SubscribableBuildActionExecutor.execute(SubscribableBuildActionExecutor.java:64)
	at org.gradle.internal.session.DefaultBuildSessionContext.execute(DefaultBuildSessionContext.java:46)
	at org.gradle.tooling.internal.provider.BuildSessionLifecycleBuildActionExecuter$ActionImpl.apply(BuildSessionLifecycleBuildActionExecuter.java:92)
	at org.gradle.tooling.internal.provider.BuildSessionLifecycleBuildActionExecuter$ActionImpl.apply(BuildSessionLifecycleBuildActionExecuter.java:80)
	at org.gradle.internal.session.BuildSessionState.run(BuildSessionState.java:69)
	at org.gradle.tooling.internal.provider.BuildSessionLifecycleBuildActionExecuter.execute(BuildSessionLifecycleBuildActionExecuter.java:62)
	at org.gradle.tooling.internal.provider.BuildSessionLifecycleBuildActionExecuter.execute(BuildSessionLifecycleBuildActionExecuter.java:41)
	at org.gradle.tooling.internal.provider.StartParamsValidatingActionExecuter.execute(StartParamsValidatingActionExecuter.java:64)
	at org.gradle.tooling.internal.provider.StartParamsValidatingActionExecuter.execute(StartParamsValidatingActionExecuter.java:32)
	at org.gradle.tooling.internal.provider.SessionFailureReportingActionExecuter.execute(SessionFailureReportingActionExecuter.java:51)
	at org.gradle.tooling.internal.provider.SessionFailureReportingActionExecuter.execute(SessionFailureReportingActionExecuter.java:39)
	at org.gradle.tooling.internal.provider.SetupLoggingActionExecuter.execute(SetupLoggingActionExecuter.java:47)
	at org.gradle.tooling.internal.provider.SetupLoggingActionExecuter.execute(SetupLoggingActionExecuter.java:31)
	at org.gradle.launcher.daemon.server.exec.ExecuteBuild.doBuild(ExecuteBuild.java:65)
	at org.gradle.launcher.daemon.server.exec.BuildCommandOnly.execute(BuildCommandOnly.java:37)
	at org.gradle.launcher.daemon.server.api.DaemonCommandExecution.proceed(DaemonCommandExecution.java:104)
	at org.gradle.launcher.daemon.server.exec.WatchForDisconnection.execute(WatchForDisconnection.java:39)
	at org.gradle.launcher.daemon.server.api.DaemonCommandExecution.proceed(DaemonCommandExecution.java:104)
	at org.gradle.launcher.daemon.server.exec.ResetDeprecationLogger.execute(ResetDeprecationLogger.java:29)
	at org.gradle.launcher.daemon.server.api.DaemonCommandExecution.proceed(DaemonCommandExecution.java:104)
	at org.gradle.launcher.daemon.server.exec.RequestStopIfSingleUsedDaemon.execute(RequestStopIfSingleUsedDaemon.java:35)
	at org.gradle.launcher.daemon.server.api.DaemonCommandExecution.proceed(DaemonCommandExecution.java:104)
	at org.gradle.launcher.daemon.server.exec.ForwardClientInput$2.create(ForwardClientInput.java:78)
	at org.gradle.launcher.daemon.server.exec.ForwardClientInput$2.create(ForwardClientInput.java:75)
	at org.gradle.util.internal.Swapper.swap(Swapper.java:38)
	at org.gradle.launcher.daemon.server.exec.ForwardClientInput.execute(ForwardClientInput.java:75)
	at org.gradle.launcher.daemon.server.api.DaemonCommandExecution.proceed(DaemonCommandExecution.java:104)
	at org.gradle.launcher.daemon.server.exec.LogAndCheckHealth.execute(LogAndCheckHealth.java:64)
	at org.gradle.launcher.daemon.server.api.DaemonCommandExecution.proceed(DaemonCommandExecution.java:104)
	at org.gradle.launcher.daemon.server.exec.LogToClient.doBuild(LogToClient.java:63)
	at org.gradle.launcher.daemon.server.exec.BuildCommandOnly.execute(BuildCommandOnly.java:37)
	at org.gradle.launcher.daemon.server.api.DaemonCommandExecution.proceed(DaemonCommandExecution.java:104)
	at org.gradle.launcher.daemon.server.exec.EstablishBuildEnvironment.doBuild(EstablishBuildEnvironment.java:84)
	at org.gradle.launcher.daemon.server.exec.BuildCommandOnly.execute(BuildCommandOnly.java:37)
	at org.gradle.launcher.daemon.server.api.DaemonCommandExecution.proceed(DaemonCommandExecution.java:104)
	at org.gradle.launcher.daemon.server.exec.StartBuildOrRespondWithBusy$1.run(StartBuildOrRespondWithBusy.java:52)
	at org.gradle.launcher.daemon.server.DaemonStateCoordinator$1.run(DaemonStateCoordinator.java:297)
	at org.gradle.internal.concurrent.ExecutorPolicy$CatchAndRecordFailures.onExecute(ExecutorPolicy.java:64)
	at org.gradle.internal.concurrent.AbstractManagedExecutor$1.run(AbstractManagedExecutor.java:47)
	at java.base/java.util.concurrent.ThreadPoolExecutor.runWorker(ThreadPoolExecutor.java:1136)
	at java.base/java.util.concurrent.ThreadPoolExecutor$Worker.run(ThreadPoolExecutor.java:635)
	at java.base/java.lang.Thread.run(Thread.java:840)
[gradle-intellij-plugin :] Cannot create plugin from file '/opt/android-studio/plugins/java': Invalid plugin descriptor 'plugin.xml'. Unable to read the plugin descriptor: No enum constant com.jetbrains.plugin.structure.intellij.plugin.IdePluginContentDescriptor.ServiceType.APPLİCATİON.
Unable to read descriptor [plugin.xml] from [/opt/android-studio/plugins/java-decompiler/lib/java-decompiler.jar]
java.lang.IllegalArgumentException: No enum constant com.jetbrains.plugin.structure.intellij.plugin.IdePluginContentDescriptor.ListenerType.APPLİCATİON
	at java.base/java.lang.Enum.valueOf(Enum.java:273)
	at com.jetbrains.plugin.structure.intellij.plugin.IdePluginContentDescriptor$ListenerType.valueOf(IdePluginContents.kt)
	at com.jetbrains.plugin.structure.intellij.plugin.PluginCreator.readListeners(PluginCreator.kt:468)
	at com.jetbrains.plugin.structure.intellij.plugin.PluginCreator.setInfoFromBean(PluginCreator.kt:323)
	at com.jetbrains.plugin.structure.intellij.plugin.PluginCreator.resolveDocumentAndValidateBean(PluginCreator.kt:664)
	at com.jetbrains.plugin.structure.intellij.plugin.PluginCreator.access$resolveDocumentAndValidateBean(PluginCreator.kt:31)
	at com.jetbrains.plugin.structure.intellij.plugin.PluginCreator$Companion.createPlugin(PluginCreator.kt:109)
	at com.jetbrains.plugin.structure.intellij.plugin.IdePluginManager.loadPluginInfoFromJarFile(IdePluginManager.kt:62)
	at com.jetbrains.plugin.structure.intellij.plugin.IdePluginManager.loadPluginInfoFromLibDirectory(IdePluginManager.kt:165)
	at com.jetbrains.plugin.structure.intellij.plugin.IdePluginManager.loadPluginInfoFromDirectory(IdePluginManager.kt:97)
	at com.jetbrains.plugin.structure.intellij.plugin.IdePluginManager.loadPluginInfoFromJarOrDirectory(IdePluginManager.kt:206)
	at com.jetbrains.plugin.structure.intellij.plugin.IdePluginManager.getPluginCreatorWithResult(IdePluginManager.kt:347)
	at com.jetbrains.plugin.structure.intellij.plugin.IdePluginManager.createPlugin(IdePluginManager.kt:314)
	at com.jetbrains.plugin.structure.intellij.plugin.IdePluginManager.createPlugin$default(IdePluginManager.kt:312)
	at org.jetbrains.intellij.Utils.createPlugin(utils.kt:222)
	at org.jetbrains.intellij.dependency.BuiltinPluginsRegistry.add(BuiltinPluginsRegistry.kt:89)
	at org.jetbrains.intellij.dependency.BuiltinPluginsRegistry.fillFromDirectory(BuiltinPluginsRegistry.kt:47)
	at org.jetbrains.intellij.dependency.BuiltinPluginsRegistry.access$fillFromDirectory(BuiltinPluginsRegistry.kt:21)
	at org.jetbrains.intellij.dependency.BuiltinPluginsRegistry$Companion.fromDirectory(BuiltinPluginsRegistry.kt:127)
	at org.jetbrains.intellij.dependency.IdeaDependencyManager.createDependency(IdeaDependencyManager.kt:92)
	at org.jetbrains.intellij.dependency.IdeaDependencyManager.resolveLocal(IdeaDependencyManager.kt:430)
	at org.jetbrains.intellij.IntelliJPlugin$prepareIdeaDependencyProvider$1.call(IntelliJPlugin.kt:299)
	at org.jetbrains.intellij.IntelliJPlugin$prepareIdeaDependencyProvider$1.call(IntelliJPlugin.kt:266)
	at org.gradle.api.internal.provider.DefaultProvider.calculateOwnValue(DefaultProvider.java:72)
	at org.gradle.api.internal.provider.AbstractMinimalProvider.calculateValue(AbstractMinimalProvider.java:115)
	at org.gradle.api.internal.provider.TransformBackedProvider.calculateOwnValue(TransformBackedProvider.java:82)
	at org.gradle.api.internal.provider.AbstractMinimalProvider.calculateValue(AbstractMinimalProvider.java:115)
	at org.gradle.api.internal.provider.AbstractMinimalProvider.withFinalValue(AbstractMinimalProvider.java:168)
	at org.gradle.api.internal.provider.DefaultProperty.finalValue(DefaultProperty.java:133)
	at org.gradle.api.internal.provider.DefaultProperty.finalValue(DefaultProperty.java:26)
	at org.gradle.api.internal.provider.AbstractProperty.finalizeNow(AbstractProperty.java:245)
	at org.gradle.api.internal.provider.AbstractProperty.beforeRead(AbstractProperty.java:239)
	at org.gradle.api.internal.provider.AbstractProperty.calculateOwnValue(AbstractProperty.java:135)
	at org.gradle.api.internal.provider.AbstractMinimalProvider.calculateValue(AbstractMinimalProvider.java:115)
	at org.gradle.api.internal.provider.TransformBackedProvider.calculateOwnValue(TransformBackedProvider.java:82)
	at org.gradle.api.internal.provider.AbstractMinimalProvider.calculateValue(AbstractMinimalProvider.java:115)
	at org.gradle.api.internal.provider.TransformBackedProvider.calculateOwnValue(TransformBackedProvider.java:82)
	at org.gradle.api.internal.provider.AbstractMinimalProvider.calculateValue(AbstractMinimalProvider.java:115)
	at org.gradle.api.internal.provider.DefaultProperty.calculateValueFrom(DefaultProperty.java:128)
	at org.gradle.api.internal.provider.DefaultProperty.calculateValueFrom(DefaultProperty.java:26)
	at org.gradle.api.internal.provider.AbstractProperty.doCalculateValue(AbstractProperty.java:142)
	at org.gradle.api.internal.provider.AbstractProperty.calculateOwnValue(AbstractProperty.java:136)
	at org.gradle.api.internal.provider.AbstractMinimalProvider.getOrNull(AbstractMinimalProvider.java:105)
	at org.jetbrains.intellij.IntelliJPlugin$prepareConventionMappingsForRunIdeTask$8.call(IntelliJPlugin.kt:963)
	at org.jetbrains.intellij.IntelliJPlugin$prepareConventionMappingsForRunIdeTask$8.call(IntelliJPlugin.kt:958)
	at org.gradle.api.internal.provider.DefaultProvider.calculateOwnValue(DefaultProvider.java:72)
	at org.gradle.api.internal.provider.AbstractMinimalProvider.calculateValue(AbstractMinimalProvider.java:115)
	at org.gradle.api.internal.provider.TransformBackedProvider.calculateOwnValue(TransformBackedProvider.java:82)
	at org.gradle.api.internal.provider.AbstractMinimalProvider.calculateValue(AbstractMinimalProvider.java:115)
	at org.gradle.api.internal.provider.DefaultProperty.calculateValueFrom(DefaultProperty.java:128)
	at org.gradle.api.internal.provider.DefaultProperty.calculateValueFrom(DefaultProperty.java:26)
	at org.gradle.api.internal.provider.AbstractProperty.doCalculateValue(AbstractProperty.java:142)
	at org.gradle.api.internal.provider.AbstractProperty.calculateOwnValue(AbstractProperty.java:136)
	at org.gradle.api.internal.provider.AbstractMinimalProvider.calculateOwnPresentValue(AbstractMinimalProvider.java:80)
	at org.gradle.api.internal.provider.AbstractMinimalProvider.get(AbstractMinimalProvider.java:100)
	at org.jetbrains.intellij.tasks.RunIdeBase.getExecutable(RunIdeBase.kt:202)
	at org.jetbrains.intellij.tasks.BuildSearchableOptionsTask_Decorated.getExecutable(Unknown Source)
	at org.gradle.api.tasks.internal.JavaExecExecutableUtils.getExecutableOverrideToolchainSpec(JavaExecExecutableUtils.java:30)
	at org.gradle.api.tasks.JavaExec.lambda$new$0(JavaExec.java:144)
	at org.gradle.api.internal.provider.DefaultProvider.calculateOwnValue(DefaultProvider.java:72)
	at org.gradle.api.internal.provider.AbstractMinimalProvider.calculateValue(AbstractMinimalProvider.java:115)
	at org.gradle.api.internal.provider.FlatMapProvider.calculateOwnValue(FlatMapProvider.java:46)
	at org.gradle.api.internal.provider.AbstractMinimalProvider.calculateValue(AbstractMinimalProvider.java:115)
	at org.gradle.api.internal.provider.OrElseProvider.calculateOwnValue(OrElseProvider.java:76)
	at org.gradle.api.internal.provider.AbstractMinimalProvider.calculateValue(AbstractMinimalProvider.java:115)
	at org.gradle.api.internal.provider.TransformBackedProvider.calculateOwnValue(TransformBackedProvider.java:82)
	at org.gradle.api.internal.provider.AbstractMinimalProvider.calculateValue(AbstractMinimalProvider.java:115)
	at org.gradle.api.internal.provider.AbstractMinimalProvider.withFinalValue(AbstractMinimalProvider.java:168)
	at org.gradle.api.internal.provider.DefaultProperty.finalValue(DefaultProperty.java:133)
	at org.gradle.api.internal.provider.DefaultProperty.finalValue(DefaultProperty.java:26)
	at org.gradle.api.internal.provider.AbstractProperty.finalizeNow(AbstractProperty.java:245)
	at org.gradle.api.internal.provider.AbstractProperty.beforeRead(AbstractProperty.java:239)
	at org.gradle.api.internal.provider.AbstractProperty.calculateOwnValue(AbstractProperty.java:135)
	at org.gradle.api.internal.provider.AbstractMinimalProvider.getOrNull(AbstractMinimalProvider.java:105)
	at org.gradle.internal.properties.annotations.AbstractTypeMetadataWalker$InstanceTypeMetadataWalker.lambda$walkNestedProvider$0(AbstractTypeMetadataWalker.java:137)
	at org.gradle.internal.properties.annotations.AbstractTypeMetadataWalker$InstanceTypeMetadataWalker.walkNestedChild(AbstractTypeMetadataWalker.java:184)
	at org.gradle.internal.properties.annotations.AbstractTypeMetadataWalker$InstanceTypeMetadataWalker.walkNestedProvider(AbstractTypeMetadataWalker.java:136)
	at org.gradle.internal.properties.annotations.AbstractTypeMetadataWalker$InstanceTypeMetadataWalker.walkNestedProvider(AbstractTypeMetadataWalker.java:118)
	at org.gradle.internal.properties.annotations.AbstractTypeMetadataWalker.walkNested(AbstractTypeMetadataWalker.java:60)
	at org.gradle.internal.properties.annotations.AbstractTypeMetadataWalker.lambda$walkChildren$3(AbstractTypeMetadataWalker.java:85)
	at org.gradle.internal.properties.annotations.AbstractTypeMetadataWalker$InstanceTypeMetadataWalker.walkNestedChild(AbstractTypeMetadataWalker.java:190)
	at org.gradle.internal.properties.annotations.AbstractTypeMetadataWalker$InstanceTypeMetadataWalker.walkNestedChild(AbstractTypeMetadataWalker.java:171)
	at org.gradle.internal.properties.annotations.AbstractTypeMetadataWalker$InstanceTypeMetadataWalker.walkNestedChild(AbstractTypeMetadataWalker.java:118)
	at org.gradle.internal.properties.annotations.AbstractTypeMetadataWalker.lambda$walkChildren$4(AbstractTypeMetadataWalker.java:85)
	at java.base/java.lang.Iterable.forEach(Iterable.java:75)
	at org.gradle.internal.properties.annotations.AbstractTypeMetadataWalker.walkChildren(AbstractTypeMetadataWalker.java:83)
	at org.gradle.internal.properties.annotations.AbstractTypeMetadataWalker.walk(AbstractTypeMetadataWalker.java:53)
	at org.gradle.internal.properties.bean.DefaultPropertyWalker.visitProperties(DefaultPropertyWalker.java:65)
	at org.gradle.api.internal.tasks.TaskPropertyUtils.visitAnnotatedProperties(TaskPropertyUtils.java:58)
	at org.gradle.api.internal.tasks.TaskPropertyUtils.visitProperties(TaskPropertyUtils.java:45)
	at org.gradle.api.internal.tasks.TaskPropertyUtils.visitProperties(TaskPropertyUtils.java:35)
	at org.gradle.api.internal.tasks.DefaultTaskInputs.visitDependencies(DefaultTaskInputs.java:195)
	at org.gradle.api.internal.tasks.DefaultTaskDependency.visitDependencies(DefaultTaskDependency.java:112)
	at org.gradle.api.internal.tasks.CachingTaskDependencyResolveContext$TaskGraphImpl.getNodeValues(CachingTaskDependencyResolveContext.java:103)
	at org.gradle.internal.graph.CachingDirectedGraphWalker$GraphWithEmptyEdges.getNodeValues(CachingDirectedGraphWalker.java:213)
	at org.gradle.internal.graph.CachingDirectedGraphWalker.doSearch(CachingDirectedGraphWalker.java:121)
	at org.gradle.internal.graph.CachingDirectedGraphWalker.findValues(CachingDirectedGraphWalker.java:73)
	at org.gradle.api.internal.tasks.CachingTaskDependencyResolveContext.getDependencies(CachingTaskDependencyResolveContext.java:66)
	at org.gradle.execution.plan.TaskDependencyResolver.resolveDependenciesFor(TaskDependencyResolver.java:49)
	at org.gradle.execution.plan.LocalTaskNode.getDependencies(LocalTaskNode.java:148)
	at org.gradle.execution.plan.LocalTaskNode.resolveDependencies(LocalTaskNode.java:122)
	at org.gradle.execution.plan.DefaultExecutionPlan.discoverNodeRelationships(DefaultExecutionPlan.java:183)
	at org.gradle.execution.plan.DefaultExecutionPlan.doAddEntryNodes(DefaultExecutionPlan.java:155)
	at org.gradle.execution.plan.DefaultExecutionPlan.addEntryTasks(DefaultExecutionPlan.java:130)
	at org.gradle.execution.plan.DefaultExecutionPlan.addEntryTasks(DefaultExecutionPlan.java:122)
	at org.gradle.execution.TaskNameResolvingBuildTaskScheduler.scheduleRequestedTasks(TaskNameResolvingBuildTaskScheduler.java:54)
	at org.gradle.execution.DefaultTasksBuildTaskScheduler.scheduleRequestedTasks(DefaultTasksBuildTaskScheduler.java:72)
	at org.gradle.initialization.DefaultTaskExecutionPreparer.lambda$scheduleRequestedTasks$0(DefaultTaskExecutionPreparer.java:46)
	at org.gradle.internal.Factories$1.create(Factories.java:31)
	at org.gradle.internal.work.DefaultWorkerLeaseService.withReplacedLocks(DefaultWorkerLeaseService.java:360)
	at org.gradle.api.internal.project.DefaultProjectStateRegistry$DefaultBuildProjectRegistry.withMutableStateOfAllProjects(DefaultProjectStateRegistry.java:239)
	at org.gradle.api.internal.project.DefaultProjectStateRegistry$DefaultBuildProjectRegistry.withMutableStateOfAllProjects(DefaultProjectStateRegistry.java:232)
	at org.gradle.initialization.DefaultTaskExecutionPreparer.scheduleRequestedTasks(DefaultTaskExecutionPreparer.java:45)
	at org.gradle.initialization.VintageBuildModelController.lambda$scheduleRequestedTasks$0(VintageBuildModelController.java:76)
	at org.gradle.internal.model.StateTransitionController.lambda$inState$1(StateTransitionController.java:99)
	at org.gradle.internal.model.StateTransitionController.lambda$inState$2(StateTransitionController.java:114)
	at org.gradle.internal.work.DefaultSynchronizer.withLock(DefaultSynchronizer.java:44)
	at org.gradle.internal.model.StateTransitionController.inState(StateTransitionController.java:110)
	at org.gradle.internal.model.StateTransitionController.inState(StateTransitionController.java:98)
	at org.gradle.initialization.VintageBuildModelController.scheduleRequestedTasks(VintageBuildModelController.java:76)
	at org.gradle.internal.build.DefaultBuildLifecycleController$DefaultWorkGraphBuilder.addRequestedTasks(DefaultBuildLifecycleController.java:404)
	at org.gradle.internal.buildtree.DefaultBuildTreeWorkPreparer.lambda$scheduleRequestedTasks$0(DefaultBuildTreeWorkPreparer.java:41)
	at org.gradle.internal.build.DefaultBuildLifecycleController.lambda$populateWorkGraph$7(DefaultBuildLifecycleController.java:189)
	at org.gradle.internal.build.DefaultBuildWorkPreparer.populateWorkGraph(DefaultBuildWorkPreparer.java:42)
	at org.gradle.internal.build.BuildOperationFiringBuildWorkPreparer$PopulateWorkGraph.populateTaskGraph(BuildOperationFiringBuildWorkPreparer.java:106)
	at org.gradle.internal.build.BuildOperationFiringBuildWorkPreparer$PopulateWorkGraph.run(BuildOperationFiringBuildWorkPreparer.java:92)
	at org.gradle.internal.operations.DefaultBuildOperationRunner$1.execute(DefaultBuildOperationRunner.java:29)
	at org.gradle.internal.operations.DefaultBuildOperationRunner$1.execute(DefaultBuildOperationRunner.java:26)
	at org.gradle.internal.operations.DefaultBuildOperationRunner$2.execute(DefaultBuildOperationRunner.java:66)
	at org.gradle.internal.operations.DefaultBuildOperationRunner$2.execute(DefaultBuildOperationRunner.java:59)
	at org.gradle.internal.operations.DefaultBuildOperationRunner.execute(DefaultBuildOperationRunner.java:157)
	at org.gradle.internal.operations.DefaultBuildOperationRunner.execute(DefaultBuildOperationRunner.java:59)
	at org.gradle.internal.operations.DefaultBuildOperationRunner.run(DefaultBuildOperationRunner.java:47)
	at org.gradle.internal.operations.DefaultBuildOperationExecutor.run(DefaultBuildOperationExecutor.java:68)
	at org.gradle.internal.build.BuildOperationFiringBuildWorkPreparer.populateWorkGraph(BuildOperationFiringBuildWorkPreparer.java:67)
	at org.gradle.internal.build.DefaultBuildLifecycleController.lambda$populateWorkGraph$8(DefaultBuildLifecycleController.java:189)
	at org.gradle.internal.model.StateTransitionController.lambda$inState$1(StateTransitionController.java:99)
	at org.gradle.internal.model.StateTransitionController.lambda$inState$2(StateTransitionController.java:114)
	at org.gradle.internal.work.DefaultSynchronizer.withLock(DefaultSynchronizer.java:44)
	at org.gradle.internal.model.StateTransitionController.inState(StateTransitionController.java:110)
	at org.gradle.internal.model.StateTransitionController.inState(StateTransitionController.java:98)
	at org.gradle.internal.build.DefaultBuildLifecycleController.populateWorkGraph(DefaultBuildLifecycleController.java:189)
	at org.gradle.internal.build.DefaultBuildWorkGraphController$DefaultBuildWorkGraph.populateWorkGraph(DefaultBuildWorkGraphController.java:169)
	at org.gradle.composite.internal.DefaultBuildController.populateWorkGraph(DefaultBuildController.java:76)
	at org.gradle.composite.internal.DefaultIncludedBuildTaskGraph$DefaultBuildTreeWorkGraphBuilder.withWorkGraph(DefaultIncludedBuildTaskGraph.java:153)
	at org.gradle.internal.buildtree.DefaultBuildTreeWorkPreparer.lambda$scheduleRequestedTasks$1(DefaultBuildTreeWorkPreparer.java:41)
	at org.gradle.composite.internal.DefaultIncludedBuildTaskGraph$DefaultBuildTreeWorkGraph$1.run(DefaultIncludedBuildTaskGraph.java:209)
	at org.gradle.internal.operations.DefaultBuildOperationRunner$1.execute(DefaultBuildOperationRunner.java:29)
	at org.gradle.internal.operations.DefaultBuildOperationRunner$1.execute(DefaultBuildOperationRunner.java:26)
	at org.gradle.internal.operations.DefaultBuildOperationRunner$2.execute(DefaultBuildOperationRunner.java:66)
	at org.gradle.internal.operations.DefaultBuildOperationRunner$2.execute(DefaultBuildOperationRunner.java:59)
	at org.gradle.internal.operations.DefaultBuildOperationRunner.execute(DefaultBuildOperationRunner.java:157)
	at org.gradle.internal.operations.DefaultBuildOperationRunner.execute(DefaultBuildOperationRunner.java:59)
	at org.gradle.internal.operations.DefaultBuildOperationRunner.run(DefaultBuildOperationRunner.java:47)
	at org.gradle.internal.operations.DefaultBuildOperationExecutor.run(DefaultBuildOperationExecutor.java:68)
	at org.gradle.composite.internal.DefaultIncludedBuildTaskGraph$DefaultBuildTreeWorkGraph.scheduleWork(DefaultIncludedBuildTaskGraph.java:204)
	at org.gradle.internal.buildtree.DefaultBuildTreeWorkPreparer.scheduleRequestedTasks(DefaultBuildTreeWorkPreparer.java:37)
	at org.gradle.configurationcache.VintageBuildTreeWorkController$scheduleAndRunRequestedTasks$1.apply(VintageBuildTreeWorkController.kt:36)
	at org.gradle.configurationcache.VintageBuildTreeWorkController$scheduleAndRunRequestedTasks$1.apply(VintageBuildTreeWorkController.kt:35)
	at org.gradle.composite.internal.DefaultIncludedBuildTaskGraph.withNewWorkGraph(DefaultIncludedBuildTaskGraph.java:112)
	at org.gradle.configurationcache.VintageBuildTreeWorkController.scheduleAndRunRequestedTasks(VintageBuildTreeWorkController.kt:35)
	at org.gradle.internal.buildtree.DefaultBuildTreeLifecycleController.lambda$scheduleAndRunTasks$1(DefaultBuildTreeLifecycleController.java:76)
	at org.gradle.internal.buildtree.DefaultBuildTreeLifecycleController.lambda$runBuild$4(DefaultBuildTreeLifecycleController.java:119)
	at org.gradle.internal.model.StateTransitionController.lambda$transition$6(StateTransitionController.java:169)
	at org.gradle.internal.model.StateTransitionController.doTransition(StateTransitionController.java:266)
	at org.gradle.internal.model.StateTransitionController.lambda$transition$7(StateTransitionController.java:169)
	at org.gradle.internal.work.DefaultSynchronizer.withLock(DefaultSynchronizer.java:44)
	at org.gradle.internal.model.StateTransitionController.transition(StateTransitionController.java:169)
	at org.gradle.internal.buildtree.DefaultBuildTreeLifecycleController.runBuild(DefaultBuildTreeLifecycleController.java:116)
	at org.gradle.internal.buildtree.DefaultBuildTreeLifecycleController.scheduleAndRunTasks(DefaultBuildTreeLifecycleController.java:76)
	at org.gradle.internal.buildtree.DefaultBuildTreeLifecycleController.scheduleAndRunTasks(DefaultBuildTreeLifecycleController.java:71)
	at org.gradle.tooling.internal.provider.ExecuteBuildActionRunner.run(ExecuteBuildActionRunner.java:31)
	at org.gradle.launcher.exec.ChainingBuildActionRunner.run(ChainingBuildActionRunner.java:35)
	at org.gradle.internal.buildtree.ProblemReportingBuildActionRunner.run(ProblemReportingBuildActionRunner.java:49)
	at org.gradle.launcher.exec.BuildOutcomeReportingBuildActionRunner.run(BuildOutcomeReportingBuildActionRunner.java:65)
	at org.gradle.tooling.internal.provider.FileSystemWatchingBuildActionRunner.run(FileSystemWatchingBuildActionRunner.java:140)
	at org.gradle.launcher.exec.BuildCompletionNotifyingBuildActionRunner.run(BuildCompletionNotifyingBuildActionRunner.java:41)
	at org.gradle.launcher.exec.RootBuildLifecycleBuildActionExecutor.lambda$execute$0(RootBuildLifecycleBuildActionExecutor.java:40)
	at org.gradle.composite.internal.DefaultRootBuildState.run(DefaultRootBuildState.java:123)
	at org.gradle.launcher.exec.RootBuildLifecycleBuildActionExecutor.execute(RootBuildLifecycleBuildActionExecutor.java:40)
	at org.gradle.internal.buildtree.InitDeprecationLoggingActionExecutor.execute(InitDeprecationLoggingActionExecutor.java:62)
	at org.gradle.internal.buildtree.InitProblems.execute(InitProblems.java:38)
	at org.gradle.internal.buildtree.DefaultBuildTreeContext.execute(DefaultBuildTreeContext.java:40)
	at org.gradle.launcher.exec.BuildTreeLifecycleBuildActionExecutor.lambda$execute$0(BuildTreeLifecycleBuildActionExecutor.java:58)
	at org.gradle.internal.buildtree.BuildTreeState.run(BuildTreeState.java:58)
	at org.gradle.launcher.exec.BuildTreeLifecycleBuildActionExecutor.execute(BuildTreeLifecycleBuildActionExecutor.java:58)
	at org.gradle.launcher.exec.RunAsBuildOperationBuildActionExecutor$3.call(RunAsBuildOperationBuildActionExecutor.java:61)
	at org.gradle.launcher.exec.RunAsBuildOperationBuildActionExecutor$3.call(RunAsBuildOperationBuildActionExecutor.java:57)
	at org.gradle.internal.operations.DefaultBuildOperationRunner$CallableBuildOperationWorker.execute(DefaultBuildOperationRunner.java:204)
	at org.gradle.internal.operations.DefaultBuildOperationRunner$CallableBuildOperationWorker.execute(DefaultBuildOperationRunner.java:199)
	at org.gradle.internal.operations.DefaultBuildOperationRunner$2.execute(DefaultBuildOperationRunner.java:66)
	at org.gradle.internal.operations.DefaultBuildOperationRunner$2.execute(DefaultBuildOperationRunner.java:59)
	at org.gradle.internal.operations.DefaultBuildOperationRunner.execute(DefaultBuildOperationRunner.java:157)
	at org.gradle.internal.operations.DefaultBuildOperationRunner.execute(DefaultBuildOperationRunner.java:59)
	at org.gradle.internal.operations.DefaultBuildOperationRunner.call(DefaultBuildOperationRunner.java:53)
	at org.gradle.internal.operations.DefaultBuildOperationExecutor.call(DefaultBuildOperationExecutor.java:73)
	at org.gradle.launcher.exec.RunAsBuildOperationBuildActionExecutor.execute(RunAsBuildOperationBuildActionExecutor.java:57)
	at org.gradle.launcher.exec.RunAsWorkerThreadBuildActionExecutor.lambda$execute$0(RunAsWorkerThreadBuildActionExecutor.java:36)
	at org.gradle.internal.work.DefaultWorkerLeaseService.withLocks(DefaultWorkerLeaseService.java:264)
	at org.gradle.internal.work.DefaultWorkerLeaseService.runAsWorkerThread(DefaultWorkerLeaseService.java:128)
	at org.gradle.launcher.exec.RunAsWorkerThreadBuildActionExecutor.execute(RunAsWorkerThreadBuildActionExecutor.java:36)
	at org.gradle.tooling.internal.provider.continuous.ContinuousBuildActionExecutor.execute(ContinuousBuildActionExecutor.java:110)
	at org.gradle.tooling.internal.provider.SubscribableBuildActionExecutor.execute(SubscribableBuildActionExecutor.java:64)
	at org.gradle.internal.session.DefaultBuildSessionContext.execute(DefaultBuildSessionContext.java:46)
	at org.gradle.tooling.internal.provider.BuildSessionLifecycleBuildActionExecuter$ActionImpl.apply(BuildSessionLifecycleBuildActionExecuter.java:92)
	at org.gradle.tooling.internal.provider.BuildSessionLifecycleBuildActionExecuter$ActionImpl.apply(BuildSessionLifecycleBuildActionExecuter.java:80)
	at org.gradle.internal.session.BuildSessionState.run(BuildSessionState.java:69)
	at org.gradle.tooling.internal.provider.BuildSessionLifecycleBuildActionExecuter.execute(BuildSessionLifecycleBuildActionExecuter.java:62)
	at org.gradle.tooling.internal.provider.BuildSessionLifecycleBuildActionExecuter.execute(BuildSessionLifecycleBuildActionExecuter.java:41)
	at org.gradle.tooling.internal.provider.StartParamsValidatingActionExecuter.execute(StartParamsValidatingActionExecuter.java:64)
	at org.gradle.tooling.internal.provider.StartParamsValidatingActionExecuter.execute(StartParamsValidatingActionExecuter.java:32)
	at org.gradle.tooling.internal.provider.SessionFailureReportingActionExecuter.execute(SessionFailureReportingActionExecuter.java:51)
	at org.gradle.tooling.internal.provider.SessionFailureReportingActionExecuter.execute(SessionFailureReportingActionExecuter.java:39)
	at org.gradle.tooling.internal.provider.SetupLoggingActionExecuter.execute(SetupLoggingActionExecuter.java:47)
	at org.gradle.tooling.internal.provider.SetupLoggingActionExecuter.execute(SetupLoggingActionExecuter.java:31)
	at org.gradle.launcher.daemon.server.exec.ExecuteBuild.doBuild(ExecuteBuild.java:65)
	at org.gradle.launcher.daemon.server.exec.BuildCommandOnly.execute(BuildCommandOnly.java:37)
	at org.gradle.launcher.daemon.server.api.DaemonCommandExecution.proceed(DaemonCommandExecution.java:104)
	at org.gradle.launcher.daemon.server.exec.WatchForDisconnection.execute(WatchForDisconnection.java:39)
	at org.gradle.launcher.daemon.server.api.DaemonCommandExecution.proceed(DaemonCommandExecution.java:104)
	at org.gradle.launcher.daemon.server.exec.ResetDeprecationLogger.execute(ResetDeprecationLogger.java:29)
	at org.gradle.launcher.daemon.server.api.DaemonCommandExecution.proceed(DaemonCommandExecution.java:104)
	at org.gradle.launcher.daemon.server.exec.RequestStopIfSingleUsedDaemon.execute(RequestStopIfSingleUsedDaemon.java:35)
	at org.gradle.launcher.daemon.server.api.DaemonCommandExecution.proceed(DaemonCommandExecution.java:104)
	at org.gradle.launcher.daemon.server.exec.ForwardClientInput$2.create(ForwardClientInput.java:78)
	at org.gradle.launcher.daemon.server.exec.ForwardClientInput$2.create(ForwardClientInput.java:75)
	at org.gradle.util.internal.Swapper.swap(Swapper.java:38)
	at org.gradle.launcher.daemon.server.exec.ForwardClientInput.execute(ForwardClientInput.java:75)
	at org.gradle.launcher.daemon.server.api.DaemonCommandExecution.proceed(DaemonCommandExecution.java:104)
	at org.gradle.launcher.daemon.server.exec.LogAndCheckHealth.execute(LogAndCheckHealth.java:64)
	at org.gradle.launcher.daemon.server.api.DaemonCommandExecution.proceed(DaemonCommandExecution.java:104)
	at org.gradle.launcher.daemon.server.exec.LogToClient.doBuild(LogToClient.java:63)
	at org.gradle.launcher.daemon.server.exec.BuildCommandOnly.execute(BuildCommandOnly.java:37)
	at org.gradle.launcher.daemon.server.api.DaemonCommandExecution.proceed(DaemonCommandExecution.java:104)
	at org.gradle.launcher.daemon.server.exec.EstablishBuildEnvironment.doBuild(EstablishBuildEnvironment.java:84)
	at org.gradle.launcher.daemon.server.exec.BuildCommandOnly.execute(BuildCommandOnly.java:37)
	at org.gradle.launcher.daemon.server.api.DaemonCommandExecution.proceed(DaemonCommandExecution.java:104)
	at org.gradle.launcher.daemon.server.exec.StartBuildOrRespondWithBusy$1.run(StartBuildOrRespondWithBusy.java:52)
	at org.gradle.launcher.daemon.server.DaemonStateCoordinator$1.run(DaemonStateCoordinator.java:297)
	at org.gradle.internal.concurrent.ExecutorPolicy$CatchAndRecordFailures.onExecute(ExecutorPolicy.java:64)
	at org.gradle.internal.concurrent.AbstractManagedExecutor$1.run(AbstractManagedExecutor.java:47)
	at java.base/java.util.concurrent.ThreadPoolExecutor.runWorker(ThreadPoolExecutor.java:1136)
	at java.base/java.util.concurrent.ThreadPoolExecutor$Worker.run(ThreadPoolExecutor.java:635)
	at java.base/java.lang.Thread.run(Thread.java:840)
[gradle-intellij-plugin :] Cannot create plugin from file '/opt/android-studio/plugins/java-decompiler': Invalid plugin descriptor 'plugin.xml'. Unable to read the plugin descriptor: No enum constant com.jetbrains.plugin.structure.intellij.plugin.IdePluginContentDescriptor.ListenerType.APPLİCATİON.
Unable to read descriptor [plugin.xml] from [/opt/android-studio/plugins/java-i18n/lib/java-i18n.jar]
java.lang.IllegalArgumentException: No enum constant com.jetbrains.plugin.structure.intellij.plugin.IdePluginContentDescriptor.ServiceType.APPLİCATİON
	at java.base/java.lang.Enum.valueOf(Enum.java:273)
	at com.jetbrains.plugin.structure.intellij.plugin.IdePluginContentDescriptor$ServiceType.valueOf(IdePluginContents.kt)
	at com.jetbrains.plugin.structure.intellij.plugin.PluginCreator.readServiceDescriptor(PluginCreator.kt:406)
	at com.jetbrains.plugin.structure.intellij.plugin.PluginCreator.readExtensions(PluginCreator.kt:341)
	at com.jetbrains.plugin.structure.intellij.plugin.PluginCreator.setInfoFromBean(PluginCreator.kt:320)
	at com.jetbrains.plugin.structure.intellij.plugin.PluginCreator.resolveDocumentAndValidateBean(PluginCreator.kt:664)
	at com.jetbrains.plugin.structure.intellij.plugin.PluginCreator.access$resolveDocumentAndValidateBean(PluginCreator.kt:31)
	at com.jetbrains.plugin.structure.intellij.plugin.PluginCreator$Companion.createPlugin(PluginCreator.kt:109)
	at com.jetbrains.plugin.structure.intellij.plugin.IdePluginManager.loadPluginInfoFromJarFile(IdePluginManager.kt:62)
	at com.jetbrains.plugin.structure.intellij.plugin.IdePluginManager.loadPluginInfoFromLibDirectory(IdePluginManager.kt:165)
	at com.jetbrains.plugin.structure.intellij.plugin.IdePluginManager.loadPluginInfoFromDirectory(IdePluginManager.kt:97)
	at com.jetbrains.plugin.structure.intellij.plugin.IdePluginManager.loadPluginInfoFromJarOrDirectory(IdePluginManager.kt:206)
	at com.jetbrains.plugin.structure.intellij.plugin.IdePluginManager.getPluginCreatorWithResult(IdePluginManager.kt:347)
	at com.jetbrains.plugin.structure.intellij.plugin.IdePluginManager.createPlugin(IdePluginManager.kt:314)
	at com.jetbrains.plugin.structure.intellij.plugin.IdePluginManager.createPlugin$default(IdePluginManager.kt:312)
	at org.jetbrains.intellij.Utils.createPlugin(utils.kt:222)
	at org.jetbrains.intellij.dependency.BuiltinPluginsRegistry.add(BuiltinPluginsRegistry.kt:89)
	at org.jetbrains.intellij.dependency.BuiltinPluginsRegistry.fillFromDirectory(BuiltinPluginsRegistry.kt:47)
	at org.jetbrains.intellij.dependency.BuiltinPluginsRegistry.access$fillFromDirectory(BuiltinPluginsRegistry.kt:21)
	at org.jetbrains.intellij.dependency.BuiltinPluginsRegistry$Companion.fromDirectory(BuiltinPluginsRegistry.kt:127)
	at org.jetbrains.intellij.dependency.IdeaDependencyManager.createDependency(IdeaDependencyManager.kt:92)
	at org.jetbrains.intellij.dependency.IdeaDependencyManager.resolveLocal(IdeaDependencyManager.kt:430)
	at org.jetbrains.intellij.IntelliJPlugin$prepareIdeaDependencyProvider$1.call(IntelliJPlugin.kt:299)
	at org.jetbrains.intellij.IntelliJPlugin$prepareIdeaDependencyProvider$1.call(IntelliJPlugin.kt:266)
	at org.gradle.api.internal.provider.DefaultProvider.calculateOwnValue(DefaultProvider.java:72)
	at org.gradle.api.internal.provider.AbstractMinimalProvider.calculateValue(AbstractMinimalProvider.java:115)
	at org.gradle.api.internal.provider.TransformBackedProvider.calculateOwnValue(TransformBackedProvider.java:82)
	at org.gradle.api.internal.provider.AbstractMinimalProvider.calculateValue(AbstractMinimalProvider.java:115)
	at org.gradle.api.internal.provider.AbstractMinimalProvider.withFinalValue(AbstractMinimalProvider.java:168)
	at org.gradle.api.internal.provider.DefaultProperty.finalValue(DefaultProperty.java:133)
	at org.gradle.api.internal.provider.DefaultProperty.finalValue(DefaultProperty.java:26)
	at org.gradle.api.internal.provider.AbstractProperty.finalizeNow(AbstractProperty.java:245)
	at org.gradle.api.internal.provider.AbstractProperty.beforeRead(AbstractProperty.java:239)
	at org.gradle.api.internal.provider.AbstractProperty.calculateOwnValue(AbstractProperty.java:135)
	at org.gradle.api.internal.provider.AbstractMinimalProvider.calculateValue(AbstractMinimalProvider.java:115)
	at org.gradle.api.internal.provider.TransformBackedProvider.calculateOwnValue(TransformBackedProvider.java:82)
	at org.gradle.api.internal.provider.AbstractMinimalProvider.calculateValue(AbstractMinimalProvider.java:115)
	at org.gradle.api.internal.provider.TransformBackedProvider.calculateOwnValue(TransformBackedProvider.java:82)
	at org.gradle.api.internal.provider.AbstractMinimalProvider.calculateValue(AbstractMinimalProvider.java:115)
	at org.gradle.api.internal.provider.DefaultProperty.calculateValueFrom(DefaultProperty.java:128)
	at org.gradle.api.internal.provider.DefaultProperty.calculateValueFrom(DefaultProperty.java:26)
	at org.gradle.api.internal.provider.AbstractProperty.doCalculateValue(AbstractProperty.java:142)
	at org.gradle.api.internal.provider.AbstractProperty.calculateOwnValue(AbstractProperty.java:136)
	at org.gradle.api.internal.provider.AbstractMinimalProvider.getOrNull(AbstractMinimalProvider.java:105)
	at org.jetbrains.intellij.IntelliJPlugin$prepareConventionMappingsForRunIdeTask$8.call(IntelliJPlugin.kt:963)
	at org.jetbrains.intellij.IntelliJPlugin$prepareConventionMappingsForRunIdeTask$8.call(IntelliJPlugin.kt:958)
	at org.gradle.api.internal.provider.DefaultProvider.calculateOwnValue(DefaultProvider.java:72)
	at org.gradle.api.internal.provider.AbstractMinimalProvider.calculateValue(AbstractMinimalProvider.java:115)
	at org.gradle.api.internal.provider.TransformBackedProvider.calculateOwnValue(TransformBackedProvider.java:82)
	at org.gradle.api.internal.provider.AbstractMinimalProvider.calculateValue(AbstractMinimalProvider.java:115)
	at org.gradle.api.internal.provider.DefaultProperty.calculateValueFrom(DefaultProperty.java:128)
	at org.gradle.api.internal.provider.DefaultProperty.calculateValueFrom(DefaultProperty.java:26)
	at org.gradle.api.internal.provider.AbstractProperty.doCalculateValue(AbstractProperty.java:142)
	at org.gradle.api.internal.provider.AbstractProperty.calculateOwnValue(AbstractProperty.java:136)
	at org.gradle.api.internal.provider.AbstractMinimalProvider.calculateOwnPresentValue(AbstractMinimalProvider.java:80)
	at org.gradle.api.internal.provider.AbstractMinimalProvider.get(AbstractMinimalProvider.java:100)
	at org.jetbrains.intellij.tasks.RunIdeBase.getExecutable(RunIdeBase.kt:202)
	at org.jetbrains.intellij.tasks.BuildSearchableOptionsTask_Decorated.getExecutable(Unknown Source)
	at org.gradle.api.tasks.internal.JavaExecExecutableUtils.getExecutableOverrideToolchainSpec(JavaExecExecutableUtils.java:30)
	at org.gradle.api.tasks.JavaExec.lambda$new$0(JavaExec.java:144)
	at org.gradle.api.internal.provider.DefaultProvider.calculateOwnValue(DefaultProvider.java:72)
	at org.gradle.api.internal.provider.AbstractMinimalProvider.calculateValue(AbstractMinimalProvider.java:115)
	at org.gradle.api.internal.provider.FlatMapProvider.calculateOwnValue(FlatMapProvider.java:46)
	at org.gradle.api.internal.provider.AbstractMinimalProvider.calculateValue(AbstractMinimalProvider.java:115)
	at org.gradle.api.internal.provider.OrElseProvider.calculateOwnValue(OrElseProvider.java:76)
	at org.gradle.api.internal.provider.AbstractMinimalProvider.calculateValue(AbstractMinimalProvider.java:115)
	at org.gradle.api.internal.provider.TransformBackedProvider.calculateOwnValue(TransformBackedProvider.java:82)
	at org.gradle.api.internal.provider.AbstractMinimalProvider.calculateValue(AbstractMinimalProvider.java:115)
	at org.gradle.api.internal.provider.AbstractMinimalProvider.withFinalValue(AbstractMinimalProvider.java:168)
	at org.gradle.api.internal.provider.DefaultProperty.finalValue(DefaultProperty.java:133)
	at org.gradle.api.internal.provider.DefaultProperty.finalValue(DefaultProperty.java:26)
	at org.gradle.api.internal.provider.AbstractProperty.finalizeNow(AbstractProperty.java:245)
	at org.gradle.api.internal.provider.AbstractProperty.beforeRead(AbstractProperty.java:239)
	at org.gradle.api.internal.provider.AbstractProperty.calculateOwnValue(AbstractProperty.java:135)
	at org.gradle.api.internal.provider.AbstractMinimalProvider.getOrNull(AbstractMinimalProvider.java:105)
	at org.gradle.internal.properties.annotations.AbstractTypeMetadataWalker$InstanceTypeMetadataWalker.lambda$walkNestedProvider$0(AbstractTypeMetadataWalker.java:137)
	at org.gradle.internal.properties.annotations.AbstractTypeMetadataWalker$InstanceTypeMetadataWalker.walkNestedChild(AbstractTypeMetadataWalker.java:184)
	at org.gradle.internal.properties.annotations.AbstractTypeMetadataWalker$InstanceTypeMetadataWalker.walkNestedProvider(AbstractTypeMetadataWalker.java:136)
	at org.gradle.internal.properties.annotations.AbstractTypeMetadataWalker$InstanceTypeMetadataWalker.walkNestedProvider(AbstractTypeMetadataWalker.java:118)
	at org.gradle.internal.properties.annotations.AbstractTypeMetadataWalker.walkNested(AbstractTypeMetadataWalker.java:60)
	at org.gradle.internal.properties.annotations.AbstractTypeMetadataWalker.lambda$walkChildren$3(AbstractTypeMetadataWalker.java:85)
	at org.gradle.internal.properties.annotations.AbstractTypeMetadataWalker$InstanceTypeMetadataWalker.walkNestedChild(AbstractTypeMetadataWalker.java:190)
	at org.gradle.internal.properties.annotations.AbstractTypeMetadataWalker$InstanceTypeMetadataWalker.walkNestedChild(AbstractTypeMetadataWalker.java:171)
	at org.gradle.internal.properties.annotations.AbstractTypeMetadataWalker$InstanceTypeMetadataWalker.walkNestedChild(AbstractTypeMetadataWalker.java:118)
	at org.gradle.internal.properties.annotations.AbstractTypeMetadataWalker.lambda$walkChildren$4(AbstractTypeMetadataWalker.java:85)
	at java.base/java.lang.Iterable.forEach(Iterable.java:75)
	at org.gradle.internal.properties.annotations.AbstractTypeMetadataWalker.walkChildren(AbstractTypeMetadataWalker.java:83)
	at org.gradle.internal.properties.annotations.AbstractTypeMetadataWalker.walk(AbstractTypeMetadataWalker.java:53)
	at org.gradle.internal.properties.bean.DefaultPropertyWalker.visitProperties(DefaultPropertyWalker.java:65)
	at org.gradle.api.internal.tasks.TaskPropertyUtils.visitAnnotatedProperties(TaskPropertyUtils.java:58)
	at org.gradle.api.internal.tasks.TaskPropertyUtils.visitProperties(TaskPropertyUtils.java:45)
	at org.gradle.api.internal.tasks.TaskPropertyUtils.visitProperties(TaskPropertyUtils.java:35)
	at org.gradle.api.internal.tasks.DefaultTaskInputs.visitDependencies(DefaultTaskInputs.java:195)
	at org.gradle.api.internal.tasks.DefaultTaskDependency.visitDependencies(DefaultTaskDependency.java:112)
	at org.gradle.api.internal.tasks.CachingTaskDependencyResolveContext$TaskGraphImpl.getNodeValues(CachingTaskDependencyResolveContext.java:103)
	at org.gradle.internal.graph.CachingDirectedGraphWalker$GraphWithEmptyEdges.getNodeValues(CachingDirectedGraphWalker.java:213)
	at org.gradle.internal.graph.CachingDirectedGraphWalker.doSearch(CachingDirectedGraphWalker.java:121)
	at org.gradle.internal.graph.CachingDirectedGraphWalker.findValues(CachingDirectedGraphWalker.java:73)
	at org.gradle.api.internal.tasks.CachingTaskDependencyResolveContext.getDependencies(CachingTaskDependencyResolveContext.java:66)
	at org.gradle.execution.plan.TaskDependencyResolver.resolveDependenciesFor(TaskDependencyResolver.java:49)
	at org.gradle.execution.plan.LocalTaskNode.getDependencies(LocalTaskNode.java:148)
	at org.gradle.execution.plan.LocalTaskNode.resolveDependencies(LocalTaskNode.java:122)
	at org.gradle.execution.plan.DefaultExecutionPlan.discoverNodeRelationships(DefaultExecutionPlan.java:183)
	at org.gradle.execution.plan.DefaultExecutionPlan.doAddEntryNodes(DefaultExecutionPlan.java:155)
	at org.gradle.execution.plan.DefaultExecutionPlan.addEntryTasks(DefaultExecutionPlan.java:130)
	at org.gradle.execution.plan.DefaultExecutionPlan.addEntryTasks(DefaultExecutionPlan.java:122)
	at org.gradle.execution.TaskNameResolvingBuildTaskScheduler.scheduleRequestedTasks(TaskNameResolvingBuildTaskScheduler.java:54)
	at org.gradle.execution.DefaultTasksBuildTaskScheduler.scheduleRequestedTasks(DefaultTasksBuildTaskScheduler.java:72)
	at org.gradle.initialization.DefaultTaskExecutionPreparer.lambda$scheduleRequestedTasks$0(DefaultTaskExecutionPreparer.java:46)
	at org.gradle.internal.Factories$1.create(Factories.java:31)
	at org.gradle.internal.work.DefaultWorkerLeaseService.withReplacedLocks(DefaultWorkerLeaseService.java:360)
	at org.gradle.api.internal.project.DefaultProjectStateRegistry$DefaultBuildProjectRegistry.withMutableStateOfAllProjects(DefaultProjectStateRegistry.java:239)
	at org.gradle.api.internal.project.DefaultProjectStateRegistry$DefaultBuildProjectRegistry.withMutableStateOfAllProjects(DefaultProjectStateRegistry.java:232)
	at org.gradle.initialization.DefaultTaskExecutionPreparer.scheduleRequestedTasks(DefaultTaskExecutionPreparer.java:45)
	at org.gradle.initialization.VintageBuildModelController.lambda$scheduleRequestedTasks$0(VintageBuildModelController.java:76)
	at org.gradle.internal.model.StateTransitionController.lambda$inState$1(StateTransitionController.java:99)
	at org.gradle.internal.model.StateTransitionController.lambda$inState$2(StateTransitionController.java:114)
	at org.gradle.internal.work.DefaultSynchronizer.withLock(DefaultSynchronizer.java:44)
	at org.gradle.internal.model.StateTransitionController.inState(StateTransitionController.java:110)
	at org.gradle.internal.model.StateTransitionController.inState(StateTransitionController.java:98)
	at org.gradle.initialization.VintageBuildModelController.scheduleRequestedTasks(VintageBuildModelController.java:76)
	at org.gradle.internal.build.DefaultBuildLifecycleController$DefaultWorkGraphBuilder.addRequestedTasks(DefaultBuildLifecycleController.java:404)
	at org.gradle.internal.buildtree.DefaultBuildTreeWorkPreparer.lambda$scheduleRequestedTasks$0(DefaultBuildTreeWorkPreparer.java:41)
	at org.gradle.internal.build.DefaultBuildLifecycleController.lambda$populateWorkGraph$7(DefaultBuildLifecycleController.java:189)
	at org.gradle.internal.build.DefaultBuildWorkPreparer.populateWorkGraph(DefaultBuildWorkPreparer.java:42)
	at org.gradle.internal.build.BuildOperationFiringBuildWorkPreparer$PopulateWorkGraph.populateTaskGraph(BuildOperationFiringBuildWorkPreparer.java:106)
	at org.gradle.internal.build.BuildOperationFiringBuildWorkPreparer$PopulateWorkGraph.run(BuildOperationFiringBuildWorkPreparer.java:92)
	at org.gradle.internal.operations.DefaultBuildOperationRunner$1.execute(DefaultBuildOperationRunner.java:29)
	at org.gradle.internal.operations.DefaultBuildOperationRunner$1.execute(DefaultBuildOperationRunner.java:26)
	at org.gradle.internal.operations.DefaultBuildOperationRunner$2.execute(DefaultBuildOperationRunner.java:66)
	at org.gradle.internal.operations.DefaultBuildOperationRunner$2.execute(DefaultBuildOperationRunner.java:59)
	at org.gradle.internal.operations.DefaultBuildOperationRunner.execute(DefaultBuildOperationRunner.java:157)
	at org.gradle.internal.operations.DefaultBuildOperationRunner.execute(DefaultBuildOperationRunner.java:59)
	at org.gradle.internal.operations.DefaultBuildOperationRunner.run(DefaultBuildOperationRunner.java:47)
	at org.gradle.internal.operations.DefaultBuildOperationExecutor.run(DefaultBuildOperationExecutor.java:68)
	at org.gradle.internal.build.BuildOperationFiringBuildWorkPreparer.populateWorkGraph(BuildOperationFiringBuildWorkPreparer.java:67)
	at org.gradle.internal.build.DefaultBuildLifecycleController.lambda$populateWorkGraph$8(DefaultBuildLifecycleController.java:189)
	at org.gradle.internal.model.StateTransitionController.lambda$inState$1(StateTransitionController.java:99)
	at org.gradle.internal.model.StateTransitionController.lambda$inState$2(StateTransitionController.java:114)
	at org.gradle.internal.work.DefaultSynchronizer.withLock(DefaultSynchronizer.java:44)
	at org.gradle.internal.model.StateTransitionController.inState(StateTransitionController.java:110)
	at org.gradle.internal.model.StateTransitionController.inState(StateTransitionController.java:98)
	at org.gradle.internal.build.DefaultBuildLifecycleController.populateWorkGraph(DefaultBuildLifecycleController.java:189)
	at org.gradle.internal.build.DefaultBuildWorkGraphController$DefaultBuildWorkGraph.populateWorkGraph(DefaultBuildWorkGraphController.java:169)
	at org.gradle.composite.internal.DefaultBuildController.populateWorkGraph(DefaultBuildController.java:76)
	at org.gradle.composite.internal.DefaultIncludedBuildTaskGraph$DefaultBuildTreeWorkGraphBuilder.withWorkGraph(DefaultIncludedBuildTaskGraph.java:153)
	at org.gradle.internal.buildtree.DefaultBuildTreeWorkPreparer.lambda$scheduleRequestedTasks$1(DefaultBuildTreeWorkPreparer.java:41)
	at org.gradle.composite.internal.DefaultIncludedBuildTaskGraph$DefaultBuildTreeWorkGraph$1.run(DefaultIncludedBuildTaskGraph.java:209)
	at org.gradle.internal.operations.DefaultBuildOperationRunner$1.execute(DefaultBuildOperationRunner.java:29)
	at org.gradle.internal.operations.DefaultBuildOperationRunner$1.execute(DefaultBuildOperationRunner.java:26)
	at org.gradle.internal.operations.DefaultBuildOperationRunner$2.execute(DefaultBuildOperationRunner.java:66)
	at org.gradle.internal.operations.DefaultBuildOperationRunner$2.execute(DefaultBuildOperationRunner.java:59)
	at org.gradle.internal.operations.DefaultBuildOperationRunner.execute(DefaultBuildOperationRunner.java:157)
	at org.gradle.internal.operations.DefaultBuildOperationRunner.execute(DefaultBuildOperationRunner.java:59)
	at org.gradle.internal.operations.DefaultBuildOperationRunner.run(DefaultBuildOperationRunner.java:47)
	at org.gradle.internal.operations.DefaultBuildOperationExecutor.run(DefaultBuildOperationExecutor.java:68)
	at org.gradle.composite.internal.DefaultIncludedBuildTaskGraph$DefaultBuildTreeWorkGraph.scheduleWork(DefaultIncludedBuildTaskGraph.java:204)
	at org.gradle.internal.buildtree.DefaultBuildTreeWorkPreparer.scheduleRequestedTasks(DefaultBuildTreeWorkPreparer.java:37)
	at org.gradle.configurationcache.VintageBuildTreeWorkController$scheduleAndRunRequestedTasks$1.apply(VintageBuildTreeWorkController.kt:36)
	at org.gradle.configurationcache.VintageBuildTreeWorkController$scheduleAndRunRequestedTasks$1.apply(VintageBuildTreeWorkController.kt:35)
	at org.gradle.composite.internal.DefaultIncludedBuildTaskGraph.withNewWorkGraph(DefaultIncludedBuildTaskGraph.java:112)
	at org.gradle.configurationcache.VintageBuildTreeWorkController.scheduleAndRunRequestedTasks(VintageBuildTreeWorkController.kt:35)
	at org.gradle.internal.buildtree.DefaultBuildTreeLifecycleController.lambda$scheduleAndRunTasks$1(DefaultBuildTreeLifecycleController.java:76)
	at org.gradle.internal.buildtree.DefaultBuildTreeLifecycleController.lambda$runBuild$4(DefaultBuildTreeLifecycleController.java:119)
	at org.gradle.internal.model.StateTransitionController.lambda$transition$6(StateTransitionController.java:169)
	at org.gradle.internal.model.StateTransitionController.doTransition(StateTransitionController.java:266)
	at org.gradle.internal.model.StateTransitionController.lambda$transition$7(StateTransitionController.java:169)
	at org.gradle.internal.work.DefaultSynchronizer.withLock(DefaultSynchronizer.java:44)
	at org.gradle.internal.model.StateTransitionController.transition(StateTransitionController.java:169)
	at org.gradle.internal.buildtree.DefaultBuildTreeLifecycleController.runBuild(DefaultBuildTreeLifecycleController.java:116)
	at org.gradle.internal.buildtree.DefaultBuildTreeLifecycleController.scheduleAndRunTasks(DefaultBuildTreeLifecycleController.java:76)
	at org.gradle.internal.buildtree.DefaultBuildTreeLifecycleController.scheduleAndRunTasks(DefaultBuildTreeLifecycleController.java:71)
	at org.gradle.tooling.internal.provider.ExecuteBuildActionRunner.run(ExecuteBuildActionRunner.java:31)
	at org.gradle.launcher.exec.ChainingBuildActionRunner.run(ChainingBuildActionRunner.java:35)
	at org.gradle.internal.buildtree.ProblemReportingBuildActionRunner.run(ProblemReportingBuildActionRunner.java:49)
	at org.gradle.launcher.exec.BuildOutcomeReportingBuildActionRunner.run(BuildOutcomeReportingBuildActionRunner.java:65)
	at org.gradle.tooling.internal.provider.FileSystemWatchingBuildActionRunner.run(FileSystemWatchingBuildActionRunner.java:140)
	at org.gradle.launcher.exec.BuildCompletionNotifyingBuildActionRunner.run(BuildCompletionNotifyingBuildActionRunner.java:41)
	at org.gradle.launcher.exec.RootBuildLifecycleBuildActionExecutor.lambda$execute$0(RootBuildLifecycleBuildActionExecutor.java:40)
	at org.gradle.composite.internal.DefaultRootBuildState.run(DefaultRootBuildState.java:123)
	at org.gradle.launcher.exec.RootBuildLifecycleBuildActionExecutor.execute(RootBuildLifecycleBuildActionExecutor.java:40)
	at org.gradle.internal.buildtree.InitDeprecationLoggingActionExecutor.execute(InitDeprecationLoggingActionExecutor.java:62)
	at org.gradle.internal.buildtree.InitProblems.execute(InitProblems.java:38)
	at org.gradle.internal.buildtree.DefaultBuildTreeContext.execute(DefaultBuildTreeContext.java:40)
	at org.gradle.launcher.exec.BuildTreeLifecycleBuildActionExecutor.lambda$execute$0(BuildTreeLifecycleBuildActionExecutor.java:58)
	at org.gradle.internal.buildtree.BuildTreeState.run(BuildTreeState.java:58)
	at org.gradle.launcher.exec.BuildTreeLifecycleBuildActionExecutor.execute(BuildTreeLifecycleBuildActionExecutor.java:58)
	at org.gradle.launcher.exec.RunAsBuildOperationBuildActionExecutor$3.call(RunAsBuildOperationBuildActionExecutor.java:61)
	at org.gradle.launcher.exec.RunAsBuildOperationBuildActionExecutor$3.call(RunAsBuildOperationBuildActionExecutor.java:57)
	at org.gradle.internal.operations.DefaultBuildOperationRunner$CallableBuildOperationWorker.execute(DefaultBuildOperationRunner.java:204)
	at org.gradle.internal.operations.DefaultBuildOperationRunner$CallableBuildOperationWorker.execute(DefaultBuildOperationRunner.java:199)
	at org.gradle.internal.operations.DefaultBuildOperationRunner$2.execute(DefaultBuildOperationRunner.java:66)
	at org.gradle.internal.operations.DefaultBuildOperationRunner$2.execute(DefaultBuildOperationRunner.java:59)
	at org.gradle.internal.operations.DefaultBuildOperationRunner.execute(DefaultBuildOperationRunner.java:157)
	at org.gradle.internal.operations.DefaultBuildOperationRunner.execute(DefaultBuildOperationRunner.java:59)
	at org.gradle.internal.operations.DefaultBuildOperationRunner.call(DefaultBuildOperationRunner.java:53)
	at org.gradle.internal.operations.DefaultBuildOperationExecutor.call(DefaultBuildOperationExecutor.java:73)
	at org.gradle.launcher.exec.RunAsBuildOperationBuildActionExecutor.execute(RunAsBuildOperationBuildActionExecutor.java:57)
	at org.gradle.launcher.exec.RunAsWorkerThreadBuildActionExecutor.lambda$execute$0(RunAsWorkerThreadBuildActionExecutor.java:36)
	at org.gradle.internal.work.DefaultWorkerLeaseService.withLocks(DefaultWorkerLeaseService.java:264)
	at org.gradle.internal.work.DefaultWorkerLeaseService.runAsWorkerThread(DefaultWorkerLeaseService.java:128)
	at org.gradle.launcher.exec.RunAsWorkerThreadBuildActionExecutor.execute(RunAsWorkerThreadBuildActionExecutor.java:36)
	at org.gradle.tooling.internal.provider.continuous.ContinuousBuildActionExecutor.execute(ContinuousBuildActionExecutor.java:110)
	at org.gradle.tooling.internal.provider.SubscribableBuildActionExecutor.execute(SubscribableBuildActionExecutor.java:64)
	at org.gradle.internal.session.DefaultBuildSessionContext.execute(DefaultBuildSessionContext.java:46)
	at org.gradle.tooling.internal.provider.BuildSessionLifecycleBuildActionExecuter$ActionImpl.apply(BuildSessionLifecycleBuildActionExecuter.java:92)
	at org.gradle.tooling.internal.provider.BuildSessionLifecycleBuildActionExecuter$ActionImpl.apply(BuildSessionLifecycleBuildActionExecuter.java:80)
	at org.gradle.internal.session.BuildSessionState.run(BuildSessionState.java:69)
	at org.gradle.tooling.internal.provider.BuildSessionLifecycleBuildActionExecuter.execute(BuildSessionLifecycleBuildActionExecuter.java:62)
	at org.gradle.tooling.internal.provider.BuildSessionLifecycleBuildActionExecuter.execute(BuildSessionLifecycleBuildActionExecuter.java:41)
	at org.gradle.tooling.internal.provider.StartParamsValidatingActionExecuter.execute(StartParamsValidatingActionExecuter.java:64)
	at org.gradle.tooling.internal.provider.StartParamsValidatingActionExecuter.execute(StartParamsValidatingActionExecuter.java:32)
	at org.gradle.tooling.internal.provider.SessionFailureReportingActionExecuter.execute(SessionFailureReportingActionExecuter.java:51)
	at org.gradle.tooling.internal.provider.SessionFailureReportingActionExecuter.execute(SessionFailureReportingActionExecuter.java:39)
	at org.gradle.tooling.internal.provider.SetupLoggingActionExecuter.execute(SetupLoggingActionExecuter.java:47)
	at org.gradle.tooling.internal.provider.SetupLoggingActionExecuter.execute(SetupLoggingActionExecuter.java:31)
	at org.gradle.launcher.daemon.server.exec.ExecuteBuild.doBuild(ExecuteBuild.java:65)
	at org.gradle.launcher.daemon.server.exec.BuildCommandOnly.execute(BuildCommandOnly.java:37)
	at org.gradle.launcher.daemon.server.api.DaemonCommandExecution.proceed(DaemonCommandExecution.java:104)
	at org.gradle.launcher.daemon.server.exec.WatchForDisconnection.execute(WatchForDisconnection.java:39)
	at org.gradle.launcher.daemon.server.api.DaemonCommandExecution.proceed(DaemonCommandExecution.java:104)
	at org.gradle.launcher.daemon.server.exec.ResetDeprecationLogger.execute(ResetDeprecationLogger.java:29)
	at org.gradle.launcher.daemon.server.api.DaemonCommandExecution.proceed(DaemonCommandExecution.java:104)
	at org.gradle.launcher.daemon.server.exec.RequestStopIfSingleUsedDaemon.execute(RequestStopIfSingleUsedDaemon.java:35)
	at org.gradle.launcher.daemon.server.api.DaemonCommandExecution.proceed(DaemonCommandExecution.java:104)
	at org.gradle.launcher.daemon.server.exec.ForwardClientInput$2.create(ForwardClientInput.java:78)
	at org.gradle.launcher.daemon.server.exec.ForwardClientInput$2.create(ForwardClientInput.java:75)
	at org.gradle.util.internal.Swapper.swap(Swapper.java:38)
	at org.gradle.launcher.daemon.server.exec.ForwardClientInput.execute(ForwardClientInput.java:75)
	at org.gradle.launcher.daemon.server.api.DaemonCommandExecution.proceed(DaemonCommandExecution.java:104)
	at org.gradle.launcher.daemon.server.exec.LogAndCheckHealth.execute(LogAndCheckHealth.java:64)
	at org.gradle.launcher.daemon.server.api.DaemonCommandExecution.proceed(DaemonCommandExecution.java:104)
	at org.gradle.launcher.daemon.server.exec.LogToClient.doBuild(LogToClient.java:63)
	at org.gradle.launcher.daemon.server.exec.BuildCommandOnly.execute(BuildCommandOnly.java:37)
	at org.gradle.launcher.daemon.server.api.DaemonCommandExecution.proceed(DaemonCommandExecution.java:104)
	at org.gradle.launcher.daemon.server.exec.EstablishBuildEnvironment.doBuild(EstablishBuildEnvironment.java:84)
	at org.gradle.launcher.daemon.server.exec.BuildCommandOnly.execute(BuildCommandOnly.java:37)
	at org.gradle.launcher.daemon.server.api.DaemonCommandExecution.proceed(DaemonCommandExecution.java:104)
	at org.gradle.launcher.daemon.server.exec.StartBuildOrRespondWithBusy$1.run(StartBuildOrRespondWithBusy.java:52)
	at org.gradle.launcher.daemon.server.DaemonStateCoordinator$1.run(DaemonStateCoordinator.java:297)
	at org.gradle.internal.concurrent.ExecutorPolicy$CatchAndRecordFailures.onExecute(ExecutorPolicy.java:64)
	at org.gradle.internal.concurrent.AbstractManagedExecutor$1.run(AbstractManagedExecutor.java:47)
	at java.base/java.util.concurrent.ThreadPoolExecutor.runWorker(ThreadPoolExecutor.java:1136)
	at java.base/java.util.concurrent.ThreadPoolExecutor$Worker.run(ThreadPoolExecutor.java:635)
	at java.base/java.lang.Thread.run(Thread.java:840)
[gradle-intellij-plugin :] Cannot create plugin from file '/opt/android-studio/plugins/java-i18n': Invalid plugin descriptor 'plugin.xml'. Unable to read the plugin descriptor: No enum constant com.jetbrains.plugin.structure.intellij.plugin.IdePluginContentDescriptor.ServiceType.APPLİCATİON.
Unable to read descriptor [plugin.xml] from [/opt/android-studio/plugins/java-ide-customization/lib/java-ide-customization.jar]
java.lang.IllegalArgumentException: No enum constant com.jetbrains.plugin.structure.intellij.plugin.IdePluginContentDescriptor.ServiceType.APPLİCATİON
	at java.base/java.lang.Enum.valueOf(Enum.java:273)
	at com.jetbrains.plugin.structure.intellij.plugin.IdePluginContentDescriptor$ServiceType.valueOf(IdePluginContents.kt)
	at com.jetbrains.plugin.structure.intellij.plugin.PluginCreator.readServiceDescriptor(PluginCreator.kt:406)
	at com.jetbrains.plugin.structure.intellij.plugin.PluginCreator.readExtensions(PluginCreator.kt:341)
	at com.jetbrains.plugin.structure.intellij.plugin.PluginCreator.setInfoFromBean(PluginCreator.kt:320)
	at com.jetbrains.plugin.structure.intellij.plugin.PluginCreator.resolveDocumentAndValidateBean(PluginCreator.kt:664)
	at com.jetbrains.plugin.structure.intellij.plugin.PluginCreator.access$resolveDocumentAndValidateBean(PluginCreator.kt:31)
	at com.jetbrains.plugin.structure.intellij.plugin.PluginCreator$Companion.createPlugin(PluginCreator.kt:109)
	at com.jetbrains.plugin.structure.intellij.plugin.IdePluginManager.loadPluginInfoFromJarFile(IdePluginManager.kt:62)
	at com.jetbrains.plugin.structure.intellij.plugin.IdePluginManager.loadPluginInfoFromLibDirectory(IdePluginManager.kt:165)
	at com.jetbrains.plugin.structure.intellij.plugin.IdePluginManager.loadPluginInfoFromDirectory(IdePluginManager.kt:97)
	at com.jetbrains.plugin.structure.intellij.plugin.IdePluginManager.loadPluginInfoFromJarOrDirectory(IdePluginManager.kt:206)
	at com.jetbrains.plugin.structure.intellij.plugin.IdePluginManager.getPluginCreatorWithResult(IdePluginManager.kt:347)
	at com.jetbrains.plugin.structure.intellij.plugin.IdePluginManager.createPlugin(IdePluginManager.kt:314)
	at com.jetbrains.plugin.structure.intellij.plugin.IdePluginManager.createPlugin$default(IdePluginManager.kt:312)
	at org.jetbrains.intellij.Utils.createPlugin(utils.kt:222)
	at org.jetbrains.intellij.dependency.BuiltinPluginsRegistry.add(BuiltinPluginsRegistry.kt:89)
	at org.jetbrains.intellij.dependency.BuiltinPluginsRegistry.fillFromDirectory(BuiltinPluginsRegistry.kt:47)
	at org.jetbrains.intellij.dependency.BuiltinPluginsRegistry.access$fillFromDirectory(BuiltinPluginsRegistry.kt:21)
	at org.jetbrains.intellij.dependency.BuiltinPluginsRegistry$Companion.fromDirectory(BuiltinPluginsRegistry.kt:127)
	at org.jetbrains.intellij.dependency.IdeaDependencyManager.createDependency(IdeaDependencyManager.kt:92)
	at org.jetbrains.intellij.dependency.IdeaDependencyManager.resolveLocal(IdeaDependencyManager.kt:430)
	at org.jetbrains.intellij.IntelliJPlugin$prepareIdeaDependencyProvider$1.call(IntelliJPlugin.kt:299)
	at org.jetbrains.intellij.IntelliJPlugin$prepareIdeaDependencyProvider$1.call(IntelliJPlugin.kt:266)
	at org.gradle.api.internal.provider.DefaultProvider.calculateOwnValue(DefaultProvider.java:72)
	at org.gradle.api.internal.provider.AbstractMinimalProvider.calculateValue(AbstractMinimalProvider.java:115)
	at org.gradle.api.internal.provider.TransformBackedProvider.calculateOwnValue(TransformBackedProvider.java:82)
	at org.gradle.api.internal.provider.AbstractMinimalProvider.calculateValue(AbstractMinimalProvider.java:115)
	at org.gradle.api.internal.provider.AbstractMinimalProvider.withFinalValue(AbstractMinimalProvider.java:168)
	at org.gradle.api.internal.provider.DefaultProperty.finalValue(DefaultProperty.java:133)
	at org.gradle.api.internal.provider.DefaultProperty.finalValue(DefaultProperty.java:26)
	at org.gradle.api.internal.provider.AbstractProperty.finalizeNow(AbstractProperty.java:245)
	at org.gradle.api.internal.provider.AbstractProperty.beforeRead(AbstractProperty.java:239)
	at org.gradle.api.internal.provider.AbstractProperty.calculateOwnValue(AbstractProperty.java:135)
	at org.gradle.api.internal.provider.AbstractMinimalProvider.calculateValue(AbstractMinimalProvider.java:115)
	at org.gradle.api.internal.provider.TransformBackedProvider.calculateOwnValue(TransformBackedProvider.java:82)
	at org.gradle.api.internal.provider.AbstractMinimalProvider.calculateValue(AbstractMinimalProvider.java:115)
	at org.gradle.api.internal.provider.TransformBackedProvider.calculateOwnValue(TransformBackedProvider.java:82)
	at org.gradle.api.internal.provider.AbstractMinimalProvider.calculateValue(AbstractMinimalProvider.java:115)
	at org.gradle.api.internal.provider.DefaultProperty.calculateValueFrom(DefaultProperty.java:128)
	at org.gradle.api.internal.provider.DefaultProperty.calculateValueFrom(DefaultProperty.java:26)
	at org.gradle.api.internal.provider.AbstractProperty.doCalculateValue(AbstractProperty.java:142)
	at org.gradle.api.internal.provider.AbstractProperty.calculateOwnValue(AbstractProperty.java:136)
	at org.gradle.api.internal.provider.AbstractMinimalProvider.getOrNull(AbstractMinimalProvider.java:105)
	at org.jetbrains.intellij.IntelliJPlugin$prepareConventionMappingsForRunIdeTask$8.call(IntelliJPlugin.kt:963)
	at org.jetbrains.intellij.IntelliJPlugin$prepareConventionMappingsForRunIdeTask$8.call(IntelliJPlugin.kt:958)
	at org.gradle.api.internal.provider.DefaultProvider.calculateOwnValue(DefaultProvider.java:72)
	at org.gradle.api.internal.provider.AbstractMinimalProvider.calculateValue(AbstractMinimalProvider.java:115)
	at org.gradle.api.internal.provider.TransformBackedProvider.calculateOwnValue(TransformBackedProvider.java:82)
	at org.gradle.api.internal.provider.AbstractMinimalProvider.calculateValue(AbstractMinimalProvider.java:115)
	at org.gradle.api.internal.provider.DefaultProperty.calculateValueFrom(DefaultProperty.java:128)
	at org.gradle.api.internal.provider.DefaultProperty.calculateValueFrom(DefaultProperty.java:26)
	at org.gradle.api.internal.provider.AbstractProperty.doCalculateValue(AbstractProperty.java:142)
	at org.gradle.api.internal.provider.AbstractProperty.calculateOwnValue(AbstractProperty.java:136)
	at org.gradle.api.internal.provider.AbstractMinimalProvider.calculateOwnPresentValue(AbstractMinimalProvider.java:80)
	at org.gradle.api.internal.provider.AbstractMinimalProvider.get(AbstractMinimalProvider.java:100)
	at org.jetbrains.intellij.tasks.RunIdeBase.getExecutable(RunIdeBase.kt:202)
	at org.jetbrains.intellij.tasks.BuildSearchableOptionsTask_Decorated.getExecutable(Unknown Source)
	at org.gradle.api.tasks.internal.JavaExecExecutableUtils.getExecutableOverrideToolchainSpec(JavaExecExecutableUtils.java:30)
	at org.gradle.api.tasks.JavaExec.lambda$new$0(JavaExec.java:144)
	at org.gradle.api.internal.provider.DefaultProvider.calculateOwnValue(DefaultProvider.java:72)
	at org.gradle.api.internal.provider.AbstractMinimalProvider.calculateValue(AbstractMinimalProvider.java:115)
	at org.gradle.api.internal.provider.FlatMapProvider.calculateOwnValue(FlatMapProvider.java:46)
	at org.gradle.api.internal.provider.AbstractMinimalProvider.calculateValue(AbstractMinimalProvider.java:115)
	at org.gradle.api.internal.provider.OrElseProvider.calculateOwnValue(OrElseProvider.java:76)
	at org.gradle.api.internal.provider.AbstractMinimalProvider.calculateValue(AbstractMinimalProvider.java:115)
	at org.gradle.api.internal.provider.TransformBackedProvider.calculateOwnValue(TransformBackedProvider.java:82)
	at org.gradle.api.internal.provider.AbstractMinimalProvider.calculateValue(AbstractMinimalProvider.java:115)
	at org.gradle.api.internal.provider.AbstractMinimalProvider.withFinalValue(AbstractMinimalProvider.java:168)
	at org.gradle.api.internal.provider.DefaultProperty.finalValue(DefaultProperty.java:133)
	at org.gradle.api.internal.provider.DefaultProperty.finalValue(DefaultProperty.java:26)
	at org.gradle.api.internal.provider.AbstractProperty.finalizeNow(AbstractProperty.java:245)
	at org.gradle.api.internal.provider.AbstractProperty.beforeRead(AbstractProperty.java:239)
	at org.gradle.api.internal.provider.AbstractProperty.calculateOwnValue(AbstractProperty.java:135)
	at org.gradle.api.internal.provider.AbstractMinimalProvider.getOrNull(AbstractMinimalProvider.java:105)
	at org.gradle.internal.properties.annotations.AbstractTypeMetadataWalker$InstanceTypeMetadataWalker.lambda$walkNestedProvider$0(AbstractTypeMetadataWalker.java:137)
	at org.gradle.internal.properties.annotations.AbstractTypeMetadataWalker$InstanceTypeMetadataWalker.walkNestedChild(AbstractTypeMetadataWalker.java:184)
	at org.gradle.internal.properties.annotations.AbstractTypeMetadataWalker$InstanceTypeMetadataWalker.walkNestedProvider(AbstractTypeMetadataWalker.java:136)
	at org.gradle.internal.properties.annotations.AbstractTypeMetadataWalker$InstanceTypeMetadataWalker.walkNestedProvider(AbstractTypeMetadataWalker.java:118)
	at org.gradle.internal.properties.annotations.AbstractTypeMetadataWalker.walkNested(AbstractTypeMetadataWalker.java:60)
	at org.gradle.internal.properties.annotations.AbstractTypeMetadataWalker.lambda$walkChildren$3(AbstractTypeMetadataWalker.java:85)
	at org.gradle.internal.properties.annotations.AbstractTypeMetadataWalker$InstanceTypeMetadataWalker.walkNestedChild(AbstractTypeMetadataWalker.java:190)
	at org.gradle.internal.properties.annotations.AbstractTypeMetadataWalker$InstanceTypeMetadataWalker.walkNestedChild(AbstractTypeMetadataWalker.java:171)
	at org.gradle.internal.properties.annotations.AbstractTypeMetadataWalker$InstanceTypeMetadataWalker.walkNestedChild(AbstractTypeMetadataWalker.java:118)
	at org.gradle.internal.properties.annotations.AbstractTypeMetadataWalker.lambda$walkChildren$4(AbstractTypeMetadataWalker.java:85)
	at java.base/java.lang.Iterable.forEach(Iterable.java:75)
	at org.gradle.internal.properties.annotations.AbstractTypeMetadataWalker.walkChildren(AbstractTypeMetadataWalker.java:83)
	at org.gradle.internal.properties.annotations.AbstractTypeMetadataWalker.walk(AbstractTypeMetadataWalker.java:53)
	at org.gradle.internal.properties.bean.DefaultPropertyWalker.visitProperties(DefaultPropertyWalker.java:65)
	at org.gradle.api.internal.tasks.TaskPropertyUtils.visitAnnotatedProperties(TaskPropertyUtils.java:58)
	at org.gradle.api.internal.tasks.TaskPropertyUtils.visitProperties(TaskPropertyUtils.java:45)
	at org.gradle.api.internal.tasks.TaskPropertyUtils.visitProperties(TaskPropertyUtils.java:35)
	at org.gradle.api.internal.tasks.DefaultTaskInputs.visitDependencies(DefaultTaskInputs.java:195)
	at org.gradle.api.internal.tasks.DefaultTaskDependency.visitDependencies(DefaultTaskDependency.java:112)
	at org.gradle.api.internal.tasks.CachingTaskDependencyResolveContext$TaskGraphImpl.getNodeValues(CachingTaskDependencyResolveContext.java:103)
	at org.gradle.internal.graph.CachingDirectedGraphWalker$GraphWithEmptyEdges.getNodeValues(CachingDirectedGraphWalker.java:213)
	at org.gradle.internal.graph.CachingDirectedGraphWalker.doSearch(CachingDirectedGraphWalker.java:121)
	at org.gradle.internal.graph.CachingDirectedGraphWalker.findValues(CachingDirectedGraphWalker.java:73)
	at org.gradle.api.internal.tasks.CachingTaskDependencyResolveContext.getDependencies(CachingTaskDependencyResolveContext.java:66)
	at org.gradle.execution.plan.TaskDependencyResolver.resolveDependenciesFor(TaskDependencyResolver.java:49)
	at org.gradle.execution.plan.LocalTaskNode.getDependencies(LocalTaskNode.java:148)
	at org.gradle.execution.plan.LocalTaskNode.resolveDependencies(LocalTaskNode.java:122)
	at org.gradle.execution.plan.DefaultExecutionPlan.discoverNodeRelationships(DefaultExecutionPlan.java:183)
	at org.gradle.execution.plan.DefaultExecutionPlan.doAddEntryNodes(DefaultExecutionPlan.java:155)
	at org.gradle.execution.plan.DefaultExecutionPlan.addEntryTasks(DefaultExecutionPlan.java:130)
	at org.gradle.execution.plan.DefaultExecutionPlan.addEntryTasks(DefaultExecutionPlan.java:122)
	at org.gradle.execution.TaskNameResolvingBuildTaskScheduler.scheduleRequestedTasks(TaskNameResolvingBuildTaskScheduler.java:54)
	at org.gradle.execution.DefaultTasksBuildTaskScheduler.scheduleRequestedTasks(DefaultTasksBuildTaskScheduler.java:72)
	at org.gradle.initialization.DefaultTaskExecutionPreparer.lambda$scheduleRequestedTasks$0(DefaultTaskExecutionPreparer.java:46)
	at org.gradle.internal.Factories$1.create(Factories.java:31)
	at org.gradle.internal.work.DefaultWorkerLeaseService.withReplacedLocks(DefaultWorkerLeaseService.java:360)
	at org.gradle.api.internal.project.DefaultProjectStateRegistry$DefaultBuildProjectRegistry.withMutableStateOfAllProjects(DefaultProjectStateRegistry.java:239)
	at org.gradle.api.internal.project.DefaultProjectStateRegistry$DefaultBuildProjectRegistry.withMutableStateOfAllProjects(DefaultProjectStateRegistry.java:232)
	at org.gradle.initialization.DefaultTaskExecutionPreparer.scheduleRequestedTasks(DefaultTaskExecutionPreparer.java:45)
	at org.gradle.initialization.VintageBuildModelController.lambda$scheduleRequestedTasks$0(VintageBuildModelController.java:76)
	at org.gradle.internal.model.StateTransitionController.lambda$inState$1(StateTransitionController.java:99)
	at org.gradle.internal.model.StateTransitionController.lambda$inState$2(StateTransitionController.java:114)
	at org.gradle.internal.work.DefaultSynchronizer.withLock(DefaultSynchronizer.java:44)
	at org.gradle.internal.model.StateTransitionController.inState(StateTransitionController.java:110)
	at org.gradle.internal.model.StateTransitionController.inState(StateTransitionController.java:98)
	at org.gradle.initialization.VintageBuildModelController.scheduleRequestedTasks(VintageBuildModelController.java:76)
	at org.gradle.internal.build.DefaultBuildLifecycleController$DefaultWorkGraphBuilder.addRequestedTasks(DefaultBuildLifecycleController.java:404)
	at org.gradle.internal.buildtree.DefaultBuildTreeWorkPreparer.lambda$scheduleRequestedTasks$0(DefaultBuildTreeWorkPreparer.java:41)
	at org.gradle.internal.build.DefaultBuildLifecycleController.lambda$populateWorkGraph$7(DefaultBuildLifecycleController.java:189)
	at org.gradle.internal.build.DefaultBuildWorkPreparer.populateWorkGraph(DefaultBuildWorkPreparer.java:42)
	at org.gradle.internal.build.BuildOperationFiringBuildWorkPreparer$PopulateWorkGraph.populateTaskGraph(BuildOperationFiringBuildWorkPreparer.java:106)
	at org.gradle.internal.build.BuildOperationFiringBuildWorkPreparer$PopulateWorkGraph.run(BuildOperationFiringBuildWorkPreparer.java:92)
	at org.gradle.internal.operations.DefaultBuildOperationRunner$1.execute(DefaultBuildOperationRunner.java:29)
	at org.gradle.internal.operations.DefaultBuildOperationRunner$1.execute(DefaultBuildOperationRunner.java:26)
	at org.gradle.internal.operations.DefaultBuildOperationRunner$2.execute(DefaultBuildOperationRunner.java:66)
	at org.gradle.internal.operations.DefaultBuildOperationRunner$2.execute(DefaultBuildOperationRunner.java:59)
	at org.gradle.internal.operations.DefaultBuildOperationRunner.execute(DefaultBuildOperationRunner.java:157)
	at org.gradle.internal.operations.DefaultBuildOperationRunner.execute(DefaultBuildOperationRunner.java:59)
	at org.gradle.internal.operations.DefaultBuildOperationRunner.run(DefaultBuildOperationRunner.java:47)
	at org.gradle.internal.operations.DefaultBuildOperationExecutor.run(DefaultBuildOperationExecutor.java:68)
	at org.gradle.internal.build.BuildOperationFiringBuildWorkPreparer.populateWorkGraph(BuildOperationFiringBuildWorkPreparer.java:67)
	at org.gradle.internal.build.DefaultBuildLifecycleController.lambda$populateWorkGraph$8(DefaultBuildLifecycleController.java:189)
	at org.gradle.internal.model.StateTransitionController.lambda$inState$1(StateTransitionController.java:99)
	at org.gradle.internal.model.StateTransitionController.lambda$inState$2(StateTransitionController.java:114)
	at org.gradle.internal.work.DefaultSynchronizer.withLock(DefaultSynchronizer.java:44)
	at org.gradle.internal.model.StateTransitionController.inState(StateTransitionController.java:110)
	at org.gradle.internal.model.StateTransitionController.inState(StateTransitionController.java:98)
	at org.gradle.internal.build.DefaultBuildLifecycleController.populateWorkGraph(DefaultBuildLifecycleController.java:189)
	at org.gradle.internal.build.DefaultBuildWorkGraphController$DefaultBuildWorkGraph.populateWorkGraph(DefaultBuildWorkGraphController.java:169)
	at org.gradle.composite.internal.DefaultBuildController.populateWorkGraph(DefaultBuildController.java:76)
	at org.gradle.composite.internal.DefaultIncludedBuildTaskGraph$DefaultBuildTreeWorkGraphBuilder.withWorkGraph(DefaultIncludedBuildTaskGraph.java:153)
	at org.gradle.internal.buildtree.DefaultBuildTreeWorkPreparer.lambda$scheduleRequestedTasks$1(DefaultBuildTreeWorkPreparer.java:41)
	at org.gradle.composite.internal.DefaultIncludedBuildTaskGraph$DefaultBuildTreeWorkGraph$1.run(DefaultIncludedBuildTaskGraph.java:209)
	at org.gradle.internal.operations.DefaultBuildOperationRunner$1.execute(DefaultBuildOperationRunner.java:29)
	at org.gradle.internal.operations.DefaultBuildOperationRunner$1.execute(DefaultBuildOperationRunner.java:26)
	at org.gradle.internal.operations.DefaultBuildOperationRunner$2.execute(DefaultBuildOperationRunner.java:66)
	at org.gradle.internal.operations.DefaultBuildOperationRunner$2.execute(DefaultBuildOperationRunner.java:59)
	at org.gradle.internal.operations.DefaultBuildOperationRunner.execute(DefaultBuildOperationRunner.java:157)
	at org.gradle.internal.operations.DefaultBuildOperationRunner.execute(DefaultBuildOperationRunner.java:59)
	at org.gradle.internal.operations.DefaultBuildOperationRunner.run(DefaultBuildOperationRunner.java:47)
	at org.gradle.internal.operations.DefaultBuildOperationExecutor.run(DefaultBuildOperationExecutor.java:68)
	at org.gradle.composite.internal.DefaultIncludedBuildTaskGraph$DefaultBuildTreeWorkGraph.scheduleWork(DefaultIncludedBuildTaskGraph.java:204)
	at org.gradle.internal.buildtree.DefaultBuildTreeWorkPreparer.scheduleRequestedTasks(DefaultBuildTreeWorkPreparer.java:37)
	at org.gradle.configurationcache.VintageBuildTreeWorkController$scheduleAndRunRequestedTasks$1.apply(VintageBuildTreeWorkController.kt:36)
	at org.gradle.configurationcache.VintageBuildTreeWorkController$scheduleAndRunRequestedTasks$1.apply(VintageBuildTreeWorkController.kt:35)
	at org.gradle.composite.internal.DefaultIncludedBuildTaskGraph.withNewWorkGraph(DefaultIncludedBuildTaskGraph.java:112)
	at org.gradle.configurationcache.VintageBuildTreeWorkController.scheduleAndRunRequestedTasks(VintageBuildTreeWorkController.kt:35)
	at org.gradle.internal.buildtree.DefaultBuildTreeLifecycleController.lambda$scheduleAndRunTasks$1(DefaultBuildTreeLifecycleController.java:76)
	at org.gradle.internal.buildtree.DefaultBuildTreeLifecycleController.lambda$runBuild$4(DefaultBuildTreeLifecycleController.java:119)
	at org.gradle.internal.model.StateTransitionController.lambda$transition$6(StateTransitionController.java:169)
	at org.gradle.internal.model.StateTransitionController.doTransition(StateTransitionController.java:266)
	at org.gradle.internal.model.StateTransitionController.lambda$transition$7(StateTransitionController.java:169)
	at org.gradle.internal.work.DefaultSynchronizer.withLock(DefaultSynchronizer.java:44)
	at org.gradle.internal.model.StateTransitionController.transition(StateTransitionController.java:169)
	at org.gradle.internal.buildtree.DefaultBuildTreeLifecycleController.runBuild(DefaultBuildTreeLifecycleController.java:116)
	at org.gradle.internal.buildtree.DefaultBuildTreeLifecycleController.scheduleAndRunTasks(DefaultBuildTreeLifecycleController.java:76)
	at org.gradle.internal.buildtree.DefaultBuildTreeLifecycleController.scheduleAndRunTasks(DefaultBuildTreeLifecycleController.java:71)
	at org.gradle.tooling.internal.provider.ExecuteBuildActionRunner.run(ExecuteBuildActionRunner.java:31)
	at org.gradle.launcher.exec.ChainingBuildActionRunner.run(ChainingBuildActionRunner.java:35)
	at org.gradle.internal.buildtree.ProblemReportingBuildActionRunner.run(ProblemReportingBuildActionRunner.java:49)
	at org.gradle.launcher.exec.BuildOutcomeReportingBuildActionRunner.run(BuildOutcomeReportingBuildActionRunner.java:65)
	at org.gradle.tooling.internal.provider.FileSystemWatchingBuildActionRunner.run(FileSystemWatchingBuildActionRunner.java:140)
	at org.gradle.launcher.exec.BuildCompletionNotifyingBuildActionRunner.run(BuildCompletionNotifyingBuildActionRunner.java:41)
	at org.gradle.launcher.exec.RootBuildLifecycleBuildActionExecutor.lambda$execute$0(RootBuildLifecycleBuildActionExecutor.java:40)
	at org.gradle.composite.internal.DefaultRootBuildState.run(DefaultRootBuildState.java:123)
	at org.gradle.launcher.exec.RootBuildLifecycleBuildActionExecutor.execute(RootBuildLifecycleBuildActionExecutor.java:40)
	at org.gradle.internal.buildtree.InitDeprecationLoggingActionExecutor.execute(InitDeprecationLoggingActionExecutor.java:62)
	at org.gradle.internal.buildtree.InitProblems.execute(InitProblems.java:38)
	at org.gradle.internal.buildtree.DefaultBuildTreeContext.execute(DefaultBuildTreeContext.java:40)
	at org.gradle.launcher.exec.BuildTreeLifecycleBuildActionExecutor.lambda$execute$0(BuildTreeLifecycleBuildActionExecutor.java:58)
	at org.gradle.internal.buildtree.BuildTreeState.run(BuildTreeState.java:58)
	at org.gradle.launcher.exec.BuildTreeLifecycleBuildActionExecutor.execute(BuildTreeLifecycleBuildActionExecutor.java:58)
	at org.gradle.launcher.exec.RunAsBuildOperationBuildActionExecutor$3.call(RunAsBuildOperationBuildActionExecutor.java:61)
	at org.gradle.launcher.exec.RunAsBuildOperationBuildActionExecutor$3.call(RunAsBuildOperationBuildActionExecutor.java:57)
	at org.gradle.internal.operations.DefaultBuildOperationRunner$CallableBuildOperationWorker.execute(DefaultBuildOperationRunner.java:204)
	at org.gradle.internal.operations.DefaultBuildOperationRunner$CallableBuildOperationWorker.execute(DefaultBuildOperationRunner.java:199)
	at org.gradle.internal.operations.DefaultBuildOperationRunner$2.execute(DefaultBuildOperationRunner.java:66)
	at org.gradle.internal.operations.DefaultBuildOperationRunner$2.execute(DefaultBuildOperationRunner.java:59)
	at org.gradle.internal.operations.DefaultBuildOperationRunner.execute(DefaultBuildOperationRunner.java:157)
	at org.gradle.internal.operations.DefaultBuildOperationRunner.execute(DefaultBuildOperationRunner.java:59)
	at org.gradle.internal.operations.DefaultBuildOperationRunner.call(DefaultBuildOperationRunner.java:53)
	at org.gradle.internal.operations.DefaultBuildOperationExecutor.call(DefaultBuildOperationExecutor.java:73)
	at org.gradle.launcher.exec.RunAsBuildOperationBuildActionExecutor.execute(RunAsBuildOperationBuildActionExecutor.java:57)
	at org.gradle.launcher.exec.RunAsWorkerThreadBuildActionExecutor.lambda$execute$0(RunAsWorkerThreadBuildActionExecutor.java:36)
	at org.gradle.internal.work.DefaultWorkerLeaseService.withLocks(DefaultWorkerLeaseService.java:264)
	at org.gradle.internal.work.DefaultWorkerLeaseService.runAsWorkerThread(DefaultWorkerLeaseService.java:128)
	at org.gradle.launcher.exec.RunAsWorkerThreadBuildActionExecutor.execute(RunAsWorkerThreadBuildActionExecutor.java:36)
	at org.gradle.tooling.internal.provider.continuous.ContinuousBuildActionExecutor.execute(ContinuousBuildActionExecutor.java:110)
	at org.gradle.tooling.internal.provider.SubscribableBuildActionExecutor.execute(SubscribableBuildActionExecutor.java:64)
	at org.gradle.internal.session.DefaultBuildSessionContext.execute(DefaultBuildSessionContext.java:46)
	at org.gradle.tooling.internal.provider.BuildSessionLifecycleBuildActionExecuter$ActionImpl.apply(BuildSessionLifecycleBuildActionExecuter.java:92)
	at org.gradle.tooling.internal.provider.BuildSessionLifecycleBuildActionExecuter$ActionImpl.apply(BuildSessionLifecycleBuildActionExecuter.java:80)
	at org.gradle.internal.session.BuildSessionState.run(BuildSessionState.java:69)
	at org.gradle.tooling.internal.provider.BuildSessionLifecycleBuildActionExecuter.execute(BuildSessionLifecycleBuildActionExecuter.java:62)
	at org.gradle.tooling.internal.provider.BuildSessionLifecycleBuildActionExecuter.execute(BuildSessionLifecycleBuildActionExecuter.java:41)
	at org.gradle.tooling.internal.provider.StartParamsValidatingActionExecuter.execute(StartParamsValidatingActionExecuter.java:64)
	at org.gradle.tooling.internal.provider.StartParamsValidatingActionExecuter.execute(StartParamsValidatingActionExecuter.java:32)
	at org.gradle.tooling.internal.provider.SessionFailureReportingActionExecuter.execute(SessionFailureReportingActionExecuter.java:51)
	at org.gradle.tooling.internal.provider.SessionFailureReportingActionExecuter.execute(SessionFailureReportingActionExecuter.java:39)
	at org.gradle.tooling.internal.provider.SetupLoggingActionExecuter.execute(SetupLoggingActionExecuter.java:47)
	at org.gradle.tooling.internal.provider.SetupLoggingActionExecuter.execute(SetupLoggingActionExecuter.java:31)
	at org.gradle.launcher.daemon.server.exec.ExecuteBuild.doBuild(ExecuteBuild.java:65)
	at org.gradle.launcher.daemon.server.exec.BuildCommandOnly.execute(BuildCommandOnly.java:37)
	at org.gradle.launcher.daemon.server.api.DaemonCommandExecution.proceed(DaemonCommandExecution.java:104)
	at org.gradle.launcher.daemon.server.exec.WatchForDisconnection.execute(WatchForDisconnection.java:39)
	at org.gradle.launcher.daemon.server.api.DaemonCommandExecution.proceed(DaemonCommandExecution.java:104)
	at org.gradle.launcher.daemon.server.exec.ResetDeprecationLogger.execute(ResetDeprecationLogger.java:29)
	at org.gradle.launcher.daemon.server.api.DaemonCommandExecution.proceed(DaemonCommandExecution.java:104)
	at org.gradle.launcher.daemon.server.exec.RequestStopIfSingleUsedDaemon.execute(RequestStopIfSingleUsedDaemon.java:35)
	at org.gradle.launcher.daemon.server.api.DaemonCommandExecution.proceed(DaemonCommandExecution.java:104)
	at org.gradle.launcher.daemon.server.exec.ForwardClientInput$2.create(ForwardClientInput.java:78)
	at org.gradle.launcher.daemon.server.exec.ForwardClientInput$2.create(ForwardClientInput.java:75)
	at org.gradle.util.internal.Swapper.swap(Swapper.java:38)
	at org.gradle.launcher.daemon.server.exec.ForwardClientInput.execute(ForwardClientInput.java:75)
	at org.gradle.launcher.daemon.server.api.DaemonCommandExecution.proceed(DaemonCommandExecution.java:104)
	at org.gradle.launcher.daemon.server.exec.LogAndCheckHealth.execute(LogAndCheckHealth.java:64)
	at org.gradle.launcher.daemon.server.api.DaemonCommandExecution.proceed(DaemonCommandExecution.java:104)
	at org.gradle.launcher.daemon.server.exec.LogToClient.doBuild(LogToClient.java:63)
	at org.gradle.launcher.daemon.server.exec.BuildCommandOnly.execute(BuildCommandOnly.java:37)
	at org.gradle.launcher.daemon.server.api.DaemonCommandExecution.proceed(DaemonCommandExecution.java:104)
	at org.gradle.launcher.daemon.server.exec.EstablishBuildEnvironment.doBuild(EstablishBuildEnvironment.java:84)
	at org.gradle.launcher.daemon.server.exec.BuildCommandOnly.execute(BuildCommandOnly.java:37)
	at org.gradle.launcher.daemon.server.api.DaemonCommandExecution.proceed(DaemonCommandExecution.java:104)
	at org.gradle.launcher.daemon.server.exec.StartBuildOrRespondWithBusy$1.run(StartBuildOrRespondWithBusy.java:52)
	at org.gradle.launcher.daemon.server.DaemonStateCoordinator$1.run(DaemonStateCoordinator.java:297)
	at org.gradle.internal.concurrent.ExecutorPolicy$CatchAndRecordFailures.onExecute(ExecutorPolicy.java:64)
	at org.gradle.internal.concurrent.AbstractManagedExecutor$1.run(AbstractManagedExecutor.java:47)
	at java.base/java.util.concurrent.ThreadPoolExecutor.runWorker(ThreadPoolExecutor.java:1136)
	at java.base/java.util.concurrent.ThreadPoolExecutor$Worker.run(ThreadPoolExecutor.java:635)
	at java.base/java.lang.Thread.run(Thread.java:840)
[gradle-intellij-plugin :] Cannot create plugin from file '/opt/android-studio/plugins/java-ide-customization': Invalid plugin descriptor 'plugin.xml'. Unable to read the plugin descriptor: No enum constant com.jetbrains.plugin.structure.intellij.plugin.IdePluginContentDescriptor.ServiceType.APPLİCATİON.
Unable to read descriptor [plugin.xml] from [/opt/android-studio/plugins/json/lib/json.jar]
java.lang.IllegalArgumentException: No enum constant com.jetbrains.plugin.structure.intellij.plugin.IdePluginContentDescriptor.ServiceType.APPLİCATİON
	at java.base/java.lang.Enum.valueOf(Enum.java:273)
	at com.jetbrains.plugin.structure.intellij.plugin.IdePluginContentDescriptor$ServiceType.valueOf(IdePluginContents.kt)
	at com.jetbrains.plugin.structure.intellij.plugin.PluginCreator.readServiceDescriptor(PluginCreator.kt:406)
	at com.jetbrains.plugin.structure.intellij.plugin.PluginCreator.readExtensions(PluginCreator.kt:341)
	at com.jetbrains.plugin.structure.intellij.plugin.PluginCreator.setInfoFromBean(PluginCreator.kt:320)
	at com.jetbrains.plugin.structure.intellij.plugin.PluginCreator.resolveDocumentAndValidateBean(PluginCreator.kt:664)
	at com.jetbrains.plugin.structure.intellij.plugin.PluginCreator.access$resolveDocumentAndValidateBean(PluginCreator.kt:31)
	at com.jetbrains.plugin.structure.intellij.plugin.PluginCreator$Companion.createPlugin(PluginCreator.kt:109)
	at com.jetbrains.plugin.structure.intellij.plugin.IdePluginManager.loadPluginInfoFromJarFile(IdePluginManager.kt:62)
	at com.jetbrains.plugin.structure.intellij.plugin.IdePluginManager.loadPluginInfoFromLibDirectory(IdePluginManager.kt:165)
	at com.jetbrains.plugin.structure.intellij.plugin.IdePluginManager.loadPluginInfoFromDirectory(IdePluginManager.kt:97)
	at com.jetbrains.plugin.structure.intellij.plugin.IdePluginManager.loadPluginInfoFromJarOrDirectory(IdePluginManager.kt:206)
	at com.jetbrains.plugin.structure.intellij.plugin.IdePluginManager.getPluginCreatorWithResult(IdePluginManager.kt:347)
	at com.jetbrains.plugin.structure.intellij.plugin.IdePluginManager.createPlugin(IdePluginManager.kt:314)
	at com.jetbrains.plugin.structure.intellij.plugin.IdePluginManager.createPlugin$default(IdePluginManager.kt:312)
	at org.jetbrains.intellij.Utils.createPlugin(utils.kt:222)
	at org.jetbrains.intellij.dependency.BuiltinPluginsRegistry.add(BuiltinPluginsRegistry.kt:89)
	at org.jetbrains.intellij.dependency.BuiltinPluginsRegistry.fillFromDirectory(BuiltinPluginsRegistry.kt:47)
	at org.jetbrains.intellij.dependency.BuiltinPluginsRegistry.access$fillFromDirectory(BuiltinPluginsRegistry.kt:21)
	at org.jetbrains.intellij.dependency.BuiltinPluginsRegistry$Companion.fromDirectory(BuiltinPluginsRegistry.kt:127)
	at org.jetbrains.intellij.dependency.IdeaDependencyManager.createDependency(IdeaDependencyManager.kt:92)
	at org.jetbrains.intellij.dependency.IdeaDependencyManager.resolveLocal(IdeaDependencyManager.kt:430)
	at org.jetbrains.intellij.IntelliJPlugin$prepareIdeaDependencyProvider$1.call(IntelliJPlugin.kt:299)
	at org.jetbrains.intellij.IntelliJPlugin$prepareIdeaDependencyProvider$1.call(IntelliJPlugin.kt:266)
	at org.gradle.api.internal.provider.DefaultProvider.calculateOwnValue(DefaultProvider.java:72)
	at org.gradle.api.internal.provider.AbstractMinimalProvider.calculateValue(AbstractMinimalProvider.java:115)
	at org.gradle.api.internal.provider.TransformBackedProvider.calculateOwnValue(TransformBackedProvider.java:82)
	at org.gradle.api.internal.provider.AbstractMinimalProvider.calculateValue(AbstractMinimalProvider.java:115)
	at org.gradle.api.internal.provider.AbstractMinimalProvider.withFinalValue(AbstractMinimalProvider.java:168)
	at org.gradle.api.internal.provider.DefaultProperty.finalValue(DefaultProperty.java:133)
	at org.gradle.api.internal.provider.DefaultProperty.finalValue(DefaultProperty.java:26)
	at org.gradle.api.internal.provider.AbstractProperty.finalizeNow(AbstractProperty.java:245)
	at org.gradle.api.internal.provider.AbstractProperty.beforeRead(AbstractProperty.java:239)
	at org.gradle.api.internal.provider.AbstractProperty.calculateOwnValue(AbstractProperty.java:135)
	at org.gradle.api.internal.provider.AbstractMinimalProvider.calculateValue(AbstractMinimalProvider.java:115)
	at org.gradle.api.internal.provider.TransformBackedProvider.calculateOwnValue(TransformBackedProvider.java:82)
	at org.gradle.api.internal.provider.AbstractMinimalProvider.calculateValue(AbstractMinimalProvider.java:115)
	at org.gradle.api.internal.provider.TransformBackedProvider.calculateOwnValue(TransformBackedProvider.java:82)
	at org.gradle.api.internal.provider.AbstractMinimalProvider.calculateValue(AbstractMinimalProvider.java:115)
	at org.gradle.api.internal.provider.DefaultProperty.calculateValueFrom(DefaultProperty.java:128)
	at org.gradle.api.internal.provider.DefaultProperty.calculateValueFrom(DefaultProperty.java:26)
	at org.gradle.api.internal.provider.AbstractProperty.doCalculateValue(AbstractProperty.java:142)
	at org.gradle.api.internal.provider.AbstractProperty.calculateOwnValue(AbstractProperty.java:136)
	at org.gradle.api.internal.provider.AbstractMinimalProvider.getOrNull(AbstractMinimalProvider.java:105)
	at org.jetbrains.intellij.IntelliJPlugin$prepareConventionMappingsForRunIdeTask$8.call(IntelliJPlugin.kt:963)
	at org.jetbrains.intellij.IntelliJPlugin$prepareConventionMappingsForRunIdeTask$8.call(IntelliJPlugin.kt:958)
	at org.gradle.api.internal.provider.DefaultProvider.calculateOwnValue(DefaultProvider.java:72)
	at org.gradle.api.internal.provider.AbstractMinimalProvider.calculateValue(AbstractMinimalProvider.java:115)
	at org.gradle.api.internal.provider.TransformBackedProvider.calculateOwnValue(TransformBackedProvider.java:82)
	at org.gradle.api.internal.provider.AbstractMinimalProvider.calculateValue(AbstractMinimalProvider.java:115)
	at org.gradle.api.internal.provider.DefaultProperty.calculateValueFrom(DefaultProperty.java:128)
	at org.gradle.api.internal.provider.DefaultProperty.calculateValueFrom(DefaultProperty.java:26)
	at org.gradle.api.internal.provider.AbstractProperty.doCalculateValue(AbstractProperty.java:142)
	at org.gradle.api.internal.provider.AbstractProperty.calculateOwnValue(AbstractProperty.java:136)
	at org.gradle.api.internal.provider.AbstractMinimalProvider.calculateOwnPresentValue(AbstractMinimalProvider.java:80)
	at org.gradle.api.internal.provider.AbstractMinimalProvider.get(AbstractMinimalProvider.java:100)
	at org.jetbrains.intellij.tasks.RunIdeBase.getExecutable(RunIdeBase.kt:202)
	at org.jetbrains.intellij.tasks.BuildSearchableOptionsTask_Decorated.getExecutable(Unknown Source)
	at org.gradle.api.tasks.internal.JavaExecExecutableUtils.getExecutableOverrideToolchainSpec(JavaExecExecutableUtils.java:30)
	at org.gradle.api.tasks.JavaExec.lambda$new$0(JavaExec.java:144)
	at org.gradle.api.internal.provider.DefaultProvider.calculateOwnValue(DefaultProvider.java:72)
	at org.gradle.api.internal.provider.AbstractMinimalProvider.calculateValue(AbstractMinimalProvider.java:115)
	at org.gradle.api.internal.provider.FlatMapProvider.calculateOwnValue(FlatMapProvider.java:46)
	at org.gradle.api.internal.provider.AbstractMinimalProvider.calculateValue(AbstractMinimalProvider.java:115)
	at org.gradle.api.internal.provider.OrElseProvider.calculateOwnValue(OrElseProvider.java:76)
	at org.gradle.api.internal.provider.AbstractMinimalProvider.calculateValue(AbstractMinimalProvider.java:115)
	at org.gradle.api.internal.provider.TransformBackedProvider.calculateOwnValue(TransformBackedProvider.java:82)
	at org.gradle.api.internal.provider.AbstractMinimalProvider.calculateValue(AbstractMinimalProvider.java:115)
	at org.gradle.api.internal.provider.AbstractMinimalProvider.withFinalValue(AbstractMinimalProvider.java:168)
	at org.gradle.api.internal.provider.DefaultProperty.finalValue(DefaultProperty.java:133)
	at org.gradle.api.internal.provider.DefaultProperty.finalValue(DefaultProperty.java:26)
	at org.gradle.api.internal.provider.AbstractProperty.finalizeNow(AbstractProperty.java:245)
	at org.gradle.api.internal.provider.AbstractProperty.beforeRead(AbstractProperty.java:239)
	at org.gradle.api.internal.provider.AbstractProperty.calculateOwnValue(AbstractProperty.java:135)
	at org.gradle.api.internal.provider.AbstractMinimalProvider.getOrNull(AbstractMinimalProvider.java:105)
	at org.gradle.internal.properties.annotations.AbstractTypeMetadataWalker$InstanceTypeMetadataWalker.lambda$walkNestedProvider$0(AbstractTypeMetadataWalker.java:137)
	at org.gradle.internal.properties.annotations.AbstractTypeMetadataWalker$InstanceTypeMetadataWalker.walkNestedChild(AbstractTypeMetadataWalker.java:184)
	at org.gradle.internal.properties.annotations.AbstractTypeMetadataWalker$InstanceTypeMetadataWalker.walkNestedProvider(AbstractTypeMetadataWalker.java:136)
	at org.gradle.internal.properties.annotations.AbstractTypeMetadataWalker$InstanceTypeMetadataWalker.walkNestedProvider(AbstractTypeMetadataWalker.java:118)
	at org.gradle.internal.properties.annotations.AbstractTypeMetadataWalker.walkNested(AbstractTypeMetadataWalker.java:60)
	at org.gradle.internal.properties.annotations.AbstractTypeMetadataWalker.lambda$walkChildren$3(AbstractTypeMetadataWalker.java:85)
	at org.gradle.internal.properties.annotations.AbstractTypeMetadataWalker$InstanceTypeMetadataWalker.walkNestedChild(AbstractTypeMetadataWalker.java:190)
	at org.gradle.internal.properties.annotations.AbstractTypeMetadataWalker$InstanceTypeMetadataWalker.walkNestedChild(AbstractTypeMetadataWalker.java:171)
	at org.gradle.internal.properties.annotations.AbstractTypeMetadataWalker$InstanceTypeMetadataWalker.walkNestedChild(AbstractTypeMetadataWalker.java:118)
	at org.gradle.internal.properties.annotations.AbstractTypeMetadataWalker.lambda$walkChildren$4(AbstractTypeMetadataWalker.java:85)
	at java.base/java.lang.Iterable.forEach(Iterable.java:75)
	at org.gradle.internal.properties.annotations.AbstractTypeMetadataWalker.walkChildren(AbstractTypeMetadataWalker.java:83)
	at org.gradle.internal.properties.annotations.AbstractTypeMetadataWalker.walk(AbstractTypeMetadataWalker.java:53)
	at org.gradle.internal.properties.bean.DefaultPropertyWalker.visitProperties(DefaultPropertyWalker.java:65)
	at org.gradle.api.internal.tasks.TaskPropertyUtils.visitAnnotatedProperties(TaskPropertyUtils.java:58)
	at org.gradle.api.internal.tasks.TaskPropertyUtils.visitProperties(TaskPropertyUtils.java:45)
	at org.gradle.api.internal.tasks.TaskPropertyUtils.visitProperties(TaskPropertyUtils.java:35)
	at org.gradle.api.internal.tasks.DefaultTaskInputs.visitDependencies(DefaultTaskInputs.java:195)
	at org.gradle.api.internal.tasks.DefaultTaskDependency.visitDependencies(DefaultTaskDependency.java:112)
	at org.gradle.api.internal.tasks.CachingTaskDependencyResolveContext$TaskGraphImpl.getNodeValues(CachingTaskDependencyResolveContext.java:103)
	at org.gradle.internal.graph.CachingDirectedGraphWalker$GraphWithEmptyEdges.getNodeValues(CachingDirectedGraphWalker.java:213)
	at org.gradle.internal.graph.CachingDirectedGraphWalker.doSearch(CachingDirectedGraphWalker.java:121)
	at org.gradle.internal.graph.CachingDirectedGraphWalker.findValues(CachingDirectedGraphWalker.java:73)
	at org.gradle.api.internal.tasks.CachingTaskDependencyResolveContext.getDependencies(CachingTaskDependencyResolveContext.java:66)
	at org.gradle.execution.plan.TaskDependencyResolver.resolveDependenciesFor(TaskDependencyResolver.java:49)
	at org.gradle.execution.plan.LocalTaskNode.getDependencies(LocalTaskNode.java:148)
	at org.gradle.execution.plan.LocalTaskNode.resolveDependencies(LocalTaskNode.java:122)
	at org.gradle.execution.plan.DefaultExecutionPlan.discoverNodeRelationships(DefaultExecutionPlan.java:183)
	at org.gradle.execution.plan.DefaultExecutionPlan.doAddEntryNodes(DefaultExecutionPlan.java:155)
	at org.gradle.execution.plan.DefaultExecutionPlan.addEntryTasks(DefaultExecutionPlan.java:130)
	at org.gradle.execution.plan.DefaultExecutionPlan.addEntryTasks(DefaultExecutionPlan.java:122)
	at org.gradle.execution.TaskNameResolvingBuildTaskScheduler.scheduleRequestedTasks(TaskNameResolvingBuildTaskScheduler.java:54)
	at org.gradle.execution.DefaultTasksBuildTaskScheduler.scheduleRequestedTasks(DefaultTasksBuildTaskScheduler.java:72)
	at org.gradle.initialization.DefaultTaskExecutionPreparer.lambda$scheduleRequestedTasks$0(DefaultTaskExecutionPreparer.java:46)
	at org.gradle.internal.Factories$1.create(Factories.java:31)
	at org.gradle.internal.work.DefaultWorkerLeaseService.withReplacedLocks(DefaultWorkerLeaseService.java:360)
	at org.gradle.api.internal.project.DefaultProjectStateRegistry$DefaultBuildProjectRegistry.withMutableStateOfAllProjects(DefaultProjectStateRegistry.java:239)
	at org.gradle.api.internal.project.DefaultProjectStateRegistry$DefaultBuildProjectRegistry.withMutableStateOfAllProjects(DefaultProjectStateRegistry.java:232)
	at org.gradle.initialization.DefaultTaskExecutionPreparer.scheduleRequestedTasks(DefaultTaskExecutionPreparer.java:45)
	at org.gradle.initialization.VintageBuildModelController.lambda$scheduleRequestedTasks$0(VintageBuildModelController.java:76)
	at org.gradle.internal.model.StateTransitionController.lambda$inState$1(StateTransitionController.java:99)
	at org.gradle.internal.model.StateTransitionController.lambda$inState$2(StateTransitionController.java:114)
	at org.gradle.internal.work.DefaultSynchronizer.withLock(DefaultSynchronizer.java:44)
	at org.gradle.internal.model.StateTransitionController.inState(StateTransitionController.java:110)
	at org.gradle.internal.model.StateTransitionController.inState(StateTransitionController.java:98)
	at org.gradle.initialization.VintageBuildModelController.scheduleRequestedTasks(VintageBuildModelController.java:76)
	at org.gradle.internal.build.DefaultBuildLifecycleController$DefaultWorkGraphBuilder.addRequestedTasks(DefaultBuildLifecycleController.java:404)
	at org.gradle.internal.buildtree.DefaultBuildTreeWorkPreparer.lambda$scheduleRequestedTasks$0(DefaultBuildTreeWorkPreparer.java:41)
	at org.gradle.internal.build.DefaultBuildLifecycleController.lambda$populateWorkGraph$7(DefaultBuildLifecycleController.java:189)
	at org.gradle.internal.build.DefaultBuildWorkPreparer.populateWorkGraph(DefaultBuildWorkPreparer.java:42)
	at org.gradle.internal.build.BuildOperationFiringBuildWorkPreparer$PopulateWorkGraph.populateTaskGraph(BuildOperationFiringBuildWorkPreparer.java:106)
	at org.gradle.internal.build.BuildOperationFiringBuildWorkPreparer$PopulateWorkGraph.run(BuildOperationFiringBuildWorkPreparer.java:92)
	at org.gradle.internal.operations.DefaultBuildOperationRunner$1.execute(DefaultBuildOperationRunner.java:29)
	at org.gradle.internal.operations.DefaultBuildOperationRunner$1.execute(DefaultBuildOperationRunner.java:26)
	at org.gradle.internal.operations.DefaultBuildOperationRunner$2.execute(DefaultBuildOperationRunner.java:66)
	at org.gradle.internal.operations.DefaultBuildOperationRunner$2.execute(DefaultBuildOperationRunner.java:59)
	at org.gradle.internal.operations.DefaultBuildOperationRunner.execute(DefaultBuildOperationRunner.java:157)
	at org.gradle.internal.operations.DefaultBuildOperationRunner.execute(DefaultBuildOperationRunner.java:59)
	at org.gradle.internal.operations.DefaultBuildOperationRunner.run(DefaultBuildOperationRunner.java:47)
	at org.gradle.internal.operations.DefaultBuildOperationExecutor.run(DefaultBuildOperationExecutor.java:68)
	at org.gradle.internal.build.BuildOperationFiringBuildWorkPreparer.populateWorkGraph(BuildOperationFiringBuildWorkPreparer.java:67)
	at org.gradle.internal.build.DefaultBuildLifecycleController.lambda$populateWorkGraph$8(DefaultBuildLifecycleController.java:189)
	at org.gradle.internal.model.StateTransitionController.lambda$inState$1(StateTransitionController.java:99)
	at org.gradle.internal.model.StateTransitionController.lambda$inState$2(StateTransitionController.java:114)
	at org.gradle.internal.work.DefaultSynchronizer.withLock(DefaultSynchronizer.java:44)
	at org.gradle.internal.model.StateTransitionController.inState(StateTransitionController.java:110)
	at org.gradle.internal.model.StateTransitionController.inState(StateTransitionController.java:98)
	at org.gradle.internal.build.DefaultBuildLifecycleController.populateWorkGraph(DefaultBuildLifecycleController.java:189)
	at org.gradle.internal.build.DefaultBuildWorkGraphController$DefaultBuildWorkGraph.populateWorkGraph(DefaultBuildWorkGraphController.java:169)
	at org.gradle.composite.internal.DefaultBuildController.populateWorkGraph(DefaultBuildController.java:76)
	at org.gradle.composite.internal.DefaultIncludedBuildTaskGraph$DefaultBuildTreeWorkGraphBuilder.withWorkGraph(DefaultIncludedBuildTaskGraph.java:153)
	at org.gradle.internal.buildtree.DefaultBuildTreeWorkPreparer.lambda$scheduleRequestedTasks$1(DefaultBuildTreeWorkPreparer.java:41)
	at org.gradle.composite.internal.DefaultIncludedBuildTaskGraph$DefaultBuildTreeWorkGraph$1.run(DefaultIncludedBuildTaskGraph.java:209)
	at org.gradle.internal.operations.DefaultBuildOperationRunner$1.execute(DefaultBuildOperationRunner.java:29)
	at org.gradle.internal.operations.DefaultBuildOperationRunner$1.execute(DefaultBuildOperationRunner.java:26)
	at org.gradle.internal.operations.DefaultBuildOperationRunner$2.execute(DefaultBuildOperationRunner.java:66)
	at org.gradle.internal.operations.DefaultBuildOperationRunner$2.execute(DefaultBuildOperationRunner.java:59)
	at org.gradle.internal.operations.DefaultBuildOperationRunner.execute(DefaultBuildOperationRunner.java:157)
	at org.gradle.internal.operations.DefaultBuildOperationRunner.execute(DefaultBuildOperationRunner.java:59)
	at org.gradle.internal.operations.DefaultBuildOperationRunner.run(DefaultBuildOperationRunner.java:47)
	at org.gradle.internal.operations.DefaultBuildOperationExecutor.run(DefaultBuildOperationExecutor.java:68)
	at org.gradle.composite.internal.DefaultIncludedBuildTaskGraph$DefaultBuildTreeWorkGraph.scheduleWork(DefaultIncludedBuildTaskGraph.java:204)
	at org.gradle.internal.buildtree.DefaultBuildTreeWorkPreparer.scheduleRequestedTasks(DefaultBuildTreeWorkPreparer.java:37)
	at org.gradle.configurationcache.VintageBuildTreeWorkController$scheduleAndRunRequestedTasks$1.apply(VintageBuildTreeWorkController.kt:36)
	at org.gradle.configurationcache.VintageBuildTreeWorkController$scheduleAndRunRequestedTasks$1.apply(VintageBuildTreeWorkController.kt:35)
	at org.gradle.composite.internal.DefaultIncludedBuildTaskGraph.withNewWorkGraph(DefaultIncludedBuildTaskGraph.java:112)
	at org.gradle.configurationcache.VintageBuildTreeWorkController.scheduleAndRunRequestedTasks(VintageBuildTreeWorkController.kt:35)
	at org.gradle.internal.buildtree.DefaultBuildTreeLifecycleController.lambda$scheduleAndRunTasks$1(DefaultBuildTreeLifecycleController.java:76)
	at org.gradle.internal.buildtree.DefaultBuildTreeLifecycleController.lambda$runBuild$4(DefaultBuildTreeLifecycleController.java:119)
	at org.gradle.internal.model.StateTransitionController.lambda$transition$6(StateTransitionController.java:169)
	at org.gradle.internal.model.StateTransitionController.doTransition(StateTransitionController.java:266)
	at org.gradle.internal.model.StateTransitionController.lambda$transition$7(StateTransitionController.java:169)
	at org.gradle.internal.work.DefaultSynchronizer.withLock(DefaultSynchronizer.java:44)
	at org.gradle.internal.model.StateTransitionController.transition(StateTransitionController.java:169)
	at org.gradle.internal.buildtree.DefaultBuildTreeLifecycleController.runBuild(DefaultBuildTreeLifecycleController.java:116)
	at org.gradle.internal.buildtree.DefaultBuildTreeLifecycleController.scheduleAndRunTasks(DefaultBuildTreeLifecycleController.java:76)
	at org.gradle.internal.buildtree.DefaultBuildTreeLifecycleController.scheduleAndRunTasks(DefaultBuildTreeLifecycleController.java:71)
	at org.gradle.tooling.internal.provider.ExecuteBuildActionRunner.run(ExecuteBuildActionRunner.java:31)
	at org.gradle.launcher.exec.ChainingBuildActionRunner.run(ChainingBuildActionRunner.java:35)
	at org.gradle.internal.buildtree.ProblemReportingBuildActionRunner.run(ProblemReportingBuildActionRunner.java:49)
	at org.gradle.launcher.exec.BuildOutcomeReportingBuildActionRunner.run(BuildOutcomeReportingBuildActionRunner.java:65)
	at org.gradle.tooling.internal.provider.FileSystemWatchingBuildActionRunner.run(FileSystemWatchingBuildActionRunner.java:140)
	at org.gradle.launcher.exec.BuildCompletionNotifyingBuildActionRunner.run(BuildCompletionNotifyingBuildActionRunner.java:41)
	at org.gradle.launcher.exec.RootBuildLifecycleBuildActionExecutor.lambda$execute$0(RootBuildLifecycleBuildActionExecutor.java:40)
	at org.gradle.composite.internal.DefaultRootBuildState.run(DefaultRootBuildState.java:123)
	at org.gradle.launcher.exec.RootBuildLifecycleBuildActionExecutor.execute(RootBuildLifecycleBuildActionExecutor.java:40)
	at org.gradle.internal.buildtree.InitDeprecationLoggingActionExecutor.execute(InitDeprecationLoggingActionExecutor.java:62)
	at org.gradle.internal.buildtree.InitProblems.execute(InitProblems.java:38)
	at org.gradle.internal.buildtree.DefaultBuildTreeContext.execute(DefaultBuildTreeContext.java:40)
	at org.gradle.launcher.exec.BuildTreeLifecycleBuildActionExecutor.lambda$execute$0(BuildTreeLifecycleBuildActionExecutor.java:58)
	at org.gradle.internal.buildtree.BuildTreeState.run(BuildTreeState.java:58)
	at org.gradle.launcher.exec.BuildTreeLifecycleBuildActionExecutor.execute(BuildTreeLifecycleBuildActionExecutor.java:58)
	at org.gradle.launcher.exec.RunAsBuildOperationBuildActionExecutor$3.call(RunAsBuildOperationBuildActionExecutor.java:61)
	at org.gradle.launcher.exec.RunAsBuildOperationBuildActionExecutor$3.call(RunAsBuildOperationBuildActionExecutor.java:57)
	at org.gradle.internal.operations.DefaultBuildOperationRunner$CallableBuildOperationWorker.execute(DefaultBuildOperationRunner.java:204)
	at org.gradle.internal.operations.DefaultBuildOperationRunner$CallableBuildOperationWorker.execute(DefaultBuildOperationRunner.java:199)
	at org.gradle.internal.operations.DefaultBuildOperationRunner$2.execute(DefaultBuildOperationRunner.java:66)
	at org.gradle.internal.operations.DefaultBuildOperationRunner$2.execute(DefaultBuildOperationRunner.java:59)
	at org.gradle.internal.operations.DefaultBuildOperationRunner.execute(DefaultBuildOperationRunner.java:157)
	at org.gradle.internal.operations.DefaultBuildOperationRunner.execute(DefaultBuildOperationRunner.java:59)
	at org.gradle.internal.operations.DefaultBuildOperationRunner.call(DefaultBuildOperationRunner.java:53)
	at org.gradle.internal.operations.DefaultBuildOperationExecutor.call(DefaultBuildOperationExecutor.java:73)
	at org.gradle.launcher.exec.RunAsBuildOperationBuildActionExecutor.execute(RunAsBuildOperationBuildActionExecutor.java:57)
	at org.gradle.launcher.exec.RunAsWorkerThreadBuildActionExecutor.lambda$execute$0(RunAsWorkerThreadBuildActionExecutor.java:36)
	at org.gradle.internal.work.DefaultWorkerLeaseService.withLocks(DefaultWorkerLeaseService.java:264)
	at org.gradle.internal.work.DefaultWorkerLeaseService.runAsWorkerThread(DefaultWorkerLeaseService.java:128)
	at org.gradle.launcher.exec.RunAsWorkerThreadBuildActionExecutor.execute(RunAsWorkerThreadBuildActionExecutor.java:36)
	at org.gradle.tooling.internal.provider.continuous.ContinuousBuildActionExecutor.execute(ContinuousBuildActionExecutor.java:110)
	at org.gradle.tooling.internal.provider.SubscribableBuildActionExecutor.execute(SubscribableBuildActionExecutor.java:64)
	at org.gradle.internal.session.DefaultBuildSessionContext.execute(DefaultBuildSessionContext.java:46)
	at org.gradle.tooling.internal.provider.BuildSessionLifecycleBuildActionExecuter$ActionImpl.apply(BuildSessionLifecycleBuildActionExecuter.java:92)
	at org.gradle.tooling.internal.provider.BuildSessionLifecycleBuildActionExecuter$ActionImpl.apply(BuildSessionLifecycleBuildActionExecuter.java:80)
	at org.gradle.internal.session.BuildSessionState.run(BuildSessionState.java:69)
	at org.gradle.tooling.internal.provider.BuildSessionLifecycleBuildActionExecuter.execute(BuildSessionLifecycleBuildActionExecuter.java:62)
	at org.gradle.tooling.internal.provider.BuildSessionLifecycleBuildActionExecuter.execute(BuildSessionLifecycleBuildActionExecuter.java:41)
	at org.gradle.tooling.internal.provider.StartParamsValidatingActionExecuter.execute(StartParamsValidatingActionExecuter.java:64)
	at org.gradle.tooling.internal.provider.StartParamsValidatingActionExecuter.execute(StartParamsValidatingActionExecuter.java:32)
	at org.gradle.tooling.internal.provider.SessionFailureReportingActionExecuter.execute(SessionFailureReportingActionExecuter.java:51)
	at org.gradle.tooling.internal.provider.SessionFailureReportingActionExecuter.execute(SessionFailureReportingActionExecuter.java:39)
	at org.gradle.tooling.internal.provider.SetupLoggingActionExecuter.execute(SetupLoggingActionExecuter.java:47)
	at org.gradle.tooling.internal.provider.SetupLoggingActionExecuter.execute(SetupLoggingActionExecuter.java:31)
	at org.gradle.launcher.daemon.server.exec.ExecuteBuild.doBuild(ExecuteBuild.java:65)
	at org.gradle.launcher.daemon.server.exec.BuildCommandOnly.execute(BuildCommandOnly.java:37)
	at org.gradle.launcher.daemon.server.api.DaemonCommandExecution.proceed(DaemonCommandExecution.java:104)
	at org.gradle.launcher.daemon.server.exec.WatchForDisconnection.execute(WatchForDisconnection.java:39)
	at org.gradle.launcher.daemon.server.api.DaemonCommandExecution.proceed(DaemonCommandExecution.java:104)
	at org.gradle.launcher.daemon.server.exec.ResetDeprecationLogger.execute(ResetDeprecationLogger.java:29)
	at org.gradle.launcher.daemon.server.api.DaemonCommandExecution.proceed(DaemonCommandExecution.java:104)
	at org.gradle.launcher.daemon.server.exec.RequestStopIfSingleUsedDaemon.execute(RequestStopIfSingleUsedDaemon.java:35)
	at org.gradle.launcher.daemon.server.api.DaemonCommandExecution.proceed(DaemonCommandExecution.java:104)
	at org.gradle.launcher.daemon.server.exec.ForwardClientInput$2.create(ForwardClientInput.java:78)
	at org.gradle.launcher.daemon.server.exec.ForwardClientInput$2.create(ForwardClientInput.java:75)
	at org.gradle.util.internal.Swapper.swap(Swapper.java:38)
	at org.gradle.launcher.daemon.server.exec.ForwardClientInput.execute(ForwardClientInput.java:75)
	at org.gradle.launcher.daemon.server.api.DaemonCommandExecution.proceed(DaemonCommandExecution.java:104)
	at org.gradle.launcher.daemon.server.exec.LogAndCheckHealth.execute(LogAndCheckHealth.java:64)
	at org.gradle.launcher.daemon.server.api.DaemonCommandExecution.proceed(DaemonCommandExecution.java:104)
	at org.gradle.launcher.daemon.server.exec.LogToClient.doBuild(LogToClient.java:63)
	at org.gradle.launcher.daemon.server.exec.BuildCommandOnly.execute(BuildCommandOnly.java:37)
	at org.gradle.launcher.daemon.server.api.DaemonCommandExecution.proceed(DaemonCommandExecution.java:104)
	at org.gradle.launcher.daemon.server.exec.EstablishBuildEnvironment.doBuild(EstablishBuildEnvironment.java:84)
	at org.gradle.launcher.daemon.server.exec.BuildCommandOnly.execute(BuildCommandOnly.java:37)
	at org.gradle.launcher.daemon.server.api.DaemonCommandExecution.proceed(DaemonCommandExecution.java:104)
	at org.gradle.launcher.daemon.server.exec.StartBuildOrRespondWithBusy$1.run(StartBuildOrRespondWithBusy.java:52)
	at org.gradle.launcher.daemon.server.DaemonStateCoordinator$1.run(DaemonStateCoordinator.java:297)
	at org.gradle.internal.concurrent.ExecutorPolicy$CatchAndRecordFailures.onExecute(ExecutorPolicy.java:64)
	at org.gradle.internal.concurrent.AbstractManagedExecutor$1.run(AbstractManagedExecutor.java:47)
	at java.base/java.util.concurrent.ThreadPoolExecutor.runWorker(ThreadPoolExecutor.java:1136)
	at java.base/java.util.concurrent.ThreadPoolExecutor$Worker.run(ThreadPoolExecutor.java:635)
	at java.base/java.lang.Thread.run(Thread.java:840)
[gradle-intellij-plugin :] Cannot create plugin from file '/opt/android-studio/plugins/json': Invalid plugin descriptor 'plugin.xml'. Unable to read the plugin descriptor: No enum constant com.jetbrains.plugin.structure.intellij.plugin.IdePluginContentDescriptor.ServiceType.APPLİCATİON.
Unable to read descriptor [plugin.xml] from [/opt/android-studio/plugins/markdown/lib/markdown.jar]
java.lang.IllegalArgumentException: No enum constant com.jetbrains.plugin.structure.intellij.plugin.IdePluginContentDescriptor.ServiceType.APPLİCATİON
	at java.base/java.lang.Enum.valueOf(Enum.java:273)
	at com.jetbrains.plugin.structure.intellij.plugin.IdePluginContentDescriptor$ServiceType.valueOf(IdePluginContents.kt)
	at com.jetbrains.plugin.structure.intellij.plugin.PluginCreator.readServiceDescriptor(PluginCreator.kt:406)
	at com.jetbrains.plugin.structure.intellij.plugin.PluginCreator.readExtensions(PluginCreator.kt:341)
	at com.jetbrains.plugin.structure.intellij.plugin.PluginCreator.setInfoFromBean(PluginCreator.kt:320)
	at com.jetbrains.plugin.structure.intellij.plugin.PluginCreator.resolveDocumentAndValidateBean(PluginCreator.kt:664)
	at com.jetbrains.plugin.structure.intellij.plugin.PluginCreator.access$resolveDocumentAndValidateBean(PluginCreator.kt:31)
	at com.jetbrains.plugin.structure.intellij.plugin.PluginCreator$Companion.createPlugin(PluginCreator.kt:109)
	at com.jetbrains.plugin.structure.intellij.plugin.IdePluginManager.loadPluginInfoFromJarFile(IdePluginManager.kt:62)
	at com.jetbrains.plugin.structure.intellij.plugin.IdePluginManager.loadPluginInfoFromLibDirectory(IdePluginManager.kt:165)
	at com.jetbrains.plugin.structure.intellij.plugin.IdePluginManager.loadPluginInfoFromDirectory(IdePluginManager.kt:97)
	at com.jetbrains.plugin.structure.intellij.plugin.IdePluginManager.loadPluginInfoFromJarOrDirectory(IdePluginManager.kt:206)
	at com.jetbrains.plugin.structure.intellij.plugin.IdePluginManager.getPluginCreatorWithResult(IdePluginManager.kt:347)
	at com.jetbrains.plugin.structure.intellij.plugin.IdePluginManager.createPlugin(IdePluginManager.kt:314)
	at com.jetbrains.plugin.structure.intellij.plugin.IdePluginManager.createPlugin$default(IdePluginManager.kt:312)
	at org.jetbrains.intellij.Utils.createPlugin(utils.kt:222)
	at org.jetbrains.intellij.dependency.BuiltinPluginsRegistry.add(BuiltinPluginsRegistry.kt:89)
	at org.jetbrains.intellij.dependency.BuiltinPluginsRegistry.fillFromDirectory(BuiltinPluginsRegistry.kt:47)
	at org.jetbrains.intellij.dependency.BuiltinPluginsRegistry.access$fillFromDirectory(BuiltinPluginsRegistry.kt:21)
	at org.jetbrains.intellij.dependency.BuiltinPluginsRegistry$Companion.fromDirectory(BuiltinPluginsRegistry.kt:127)
	at org.jetbrains.intellij.dependency.IdeaDependencyManager.createDependency(IdeaDependencyManager.kt:92)
	at org.jetbrains.intellij.dependency.IdeaDependencyManager.resolveLocal(IdeaDependencyManager.kt:430)
	at org.jetbrains.intellij.IntelliJPlugin$prepareIdeaDependencyProvider$1.call(IntelliJPlugin.kt:299)
	at org.jetbrains.intellij.IntelliJPlugin$prepareIdeaDependencyProvider$1.call(IntelliJPlugin.kt:266)
	at org.gradle.api.internal.provider.DefaultProvider.calculateOwnValue(DefaultProvider.java:72)
	at org.gradle.api.internal.provider.AbstractMinimalProvider.calculateValue(AbstractMinimalProvider.java:115)
	at org.gradle.api.internal.provider.TransformBackedProvider.calculateOwnValue(TransformBackedProvider.java:82)
	at org.gradle.api.internal.provider.AbstractMinimalProvider.calculateValue(AbstractMinimalProvider.java:115)
	at org.gradle.api.internal.provider.AbstractMinimalProvider.withFinalValue(AbstractMinimalProvider.java:168)
	at org.gradle.api.internal.provider.DefaultProperty.finalValue(DefaultProperty.java:133)
	at org.gradle.api.internal.provider.DefaultProperty.finalValue(DefaultProperty.java:26)
	at org.gradle.api.internal.provider.AbstractProperty.finalizeNow(AbstractProperty.java:245)
	at org.gradle.api.internal.provider.AbstractProperty.beforeRead(AbstractProperty.java:239)
	at org.gradle.api.internal.provider.AbstractProperty.calculateOwnValue(AbstractProperty.java:135)
	at org.gradle.api.internal.provider.AbstractMinimalProvider.calculateValue(AbstractMinimalProvider.java:115)
	at org.gradle.api.internal.provider.TransformBackedProvider.calculateOwnValue(TransformBackedProvider.java:82)
	at org.gradle.api.internal.provider.AbstractMinimalProvider.calculateValue(AbstractMinimalProvider.java:115)
	at org.gradle.api.internal.provider.TransformBackedProvider.calculateOwnValue(TransformBackedProvider.java:82)
	at org.gradle.api.internal.provider.AbstractMinimalProvider.calculateValue(AbstractMinimalProvider.java:115)
	at org.gradle.api.internal.provider.DefaultProperty.calculateValueFrom(DefaultProperty.java:128)
	at org.gradle.api.internal.provider.DefaultProperty.calculateValueFrom(DefaultProperty.java:26)
	at org.gradle.api.internal.provider.AbstractProperty.doCalculateValue(AbstractProperty.java:142)
	at org.gradle.api.internal.provider.AbstractProperty.calculateOwnValue(AbstractProperty.java:136)
	at org.gradle.api.internal.provider.AbstractMinimalProvider.getOrNull(AbstractMinimalProvider.java:105)
	at org.jetbrains.intellij.IntelliJPlugin$prepareConventionMappingsForRunIdeTask$8.call(IntelliJPlugin.kt:963)
	at org.jetbrains.intellij.IntelliJPlugin$prepareConventionMappingsForRunIdeTask$8.call(IntelliJPlugin.kt:958)
	at org.gradle.api.internal.provider.DefaultProvider.calculateOwnValue(DefaultProvider.java:72)
	at org.gradle.api.internal.provider.AbstractMinimalProvider.calculateValue(AbstractMinimalProvider.java:115)
	at org.gradle.api.internal.provider.TransformBackedProvider.calculateOwnValue(TransformBackedProvider.java:82)
	at org.gradle.api.internal.provider.AbstractMinimalProvider.calculateValue(AbstractMinimalProvider.java:115)
	at org.gradle.api.internal.provider.DefaultProperty.calculateValueFrom(DefaultProperty.java:128)
	at org.gradle.api.internal.provider.DefaultProperty.calculateValueFrom(DefaultProperty.java:26)
	at org.gradle.api.internal.provider.AbstractProperty.doCalculateValue(AbstractProperty.java:142)
	at org.gradle.api.internal.provider.AbstractProperty.calculateOwnValue(AbstractProperty.java:136)
	at org.gradle.api.internal.provider.AbstractMinimalProvider.calculateOwnPresentValue(AbstractMinimalProvider.java:80)
	at org.gradle.api.internal.provider.AbstractMinimalProvider.get(AbstractMinimalProvider.java:100)
	at org.jetbrains.intellij.tasks.RunIdeBase.getExecutable(RunIdeBase.kt:202)
	at org.jetbrains.intellij.tasks.BuildSearchableOptionsTask_Decorated.getExecutable(Unknown Source)
	at org.gradle.api.tasks.internal.JavaExecExecutableUtils.getExecutableOverrideToolchainSpec(JavaExecExecutableUtils.java:30)
	at org.gradle.api.tasks.JavaExec.lambda$new$0(JavaExec.java:144)
	at org.gradle.api.internal.provider.DefaultProvider.calculateOwnValue(DefaultProvider.java:72)
	at org.gradle.api.internal.provider.AbstractMinimalProvider.calculateValue(AbstractMinimalProvider.java:115)
	at org.gradle.api.internal.provider.FlatMapProvider.calculateOwnValue(FlatMapProvider.java:46)
	at org.gradle.api.internal.provider.AbstractMinimalProvider.calculateValue(AbstractMinimalProvider.java:115)
	at org.gradle.api.internal.provider.OrElseProvider.calculateOwnValue(OrElseProvider.java:76)
	at org.gradle.api.internal.provider.AbstractMinimalProvider.calculateValue(AbstractMinimalProvider.java:115)
	at org.gradle.api.internal.provider.TransformBackedProvider.calculateOwnValue(TransformBackedProvider.java:82)
	at org.gradle.api.internal.provider.AbstractMinimalProvider.calculateValue(AbstractMinimalProvider.java:115)
	at org.gradle.api.internal.provider.AbstractMinimalProvider.withFinalValue(AbstractMinimalProvider.java:168)
	at org.gradle.api.internal.provider.DefaultProperty.finalValue(DefaultProperty.java:133)
	at org.gradle.api.internal.provider.DefaultProperty.finalValue(DefaultProperty.java:26)
	at org.gradle.api.internal.provider.AbstractProperty.finalizeNow(AbstractProperty.java:245)
	at org.gradle.api.internal.provider.AbstractProperty.beforeRead(AbstractProperty.java:239)
	at org.gradle.api.internal.provider.AbstractProperty.calculateOwnValue(AbstractProperty.java:135)
	at org.gradle.api.internal.provider.AbstractMinimalProvider.getOrNull(AbstractMinimalProvider.java:105)
	at org.gradle.internal.properties.annotations.AbstractTypeMetadataWalker$InstanceTypeMetadataWalker.lambda$walkNestedProvider$0(AbstractTypeMetadataWalker.java:137)
	at org.gradle.internal.properties.annotations.AbstractTypeMetadataWalker$InstanceTypeMetadataWalker.walkNestedChild(AbstractTypeMetadataWalker.java:184)
	at org.gradle.internal.properties.annotations.AbstractTypeMetadataWalker$InstanceTypeMetadataWalker.walkNestedProvider(AbstractTypeMetadataWalker.java:136)
	at org.gradle.internal.properties.annotations.AbstractTypeMetadataWalker$InstanceTypeMetadataWalker.walkNestedProvider(AbstractTypeMetadataWalker.java:118)
	at org.gradle.internal.properties.annotations.AbstractTypeMetadataWalker.walkNested(AbstractTypeMetadataWalker.java:60)
	at org.gradle.internal.properties.annotations.AbstractTypeMetadataWalker.lambda$walkChildren$3(AbstractTypeMetadataWalker.java:85)
	at org.gradle.internal.properties.annotations.AbstractTypeMetadataWalker$InstanceTypeMetadataWalker.walkNestedChild(AbstractTypeMetadataWalker.java:190)
	at org.gradle.internal.properties.annotations.AbstractTypeMetadataWalker$InstanceTypeMetadataWalker.walkNestedChild(AbstractTypeMetadataWalker.java:171)
	at org.gradle.internal.properties.annotations.AbstractTypeMetadataWalker$InstanceTypeMetadataWalker.walkNestedChild(AbstractTypeMetadataWalker.java:118)
	at org.gradle.internal.properties.annotations.AbstractTypeMetadataWalker.lambda$walkChildren$4(AbstractTypeMetadataWalker.java:85)
	at java.base/java.lang.Iterable.forEach(Iterable.java:75)
	at org.gradle.internal.properties.annotations.AbstractTypeMetadataWalker.walkChildren(AbstractTypeMetadataWalker.java:83)
	at org.gradle.internal.properties.annotations.AbstractTypeMetadataWalker.walk(AbstractTypeMetadataWalker.java:53)
	at org.gradle.internal.properties.bean.DefaultPropertyWalker.visitProperties(DefaultPropertyWalker.java:65)
	at org.gradle.api.internal.tasks.TaskPropertyUtils.visitAnnotatedProperties(TaskPropertyUtils.java:58)
	at org.gradle.api.internal.tasks.TaskPropertyUtils.visitProperties(TaskPropertyUtils.java:45)
	at org.gradle.api.internal.tasks.TaskPropertyUtils.visitProperties(TaskPropertyUtils.java:35)
	at org.gradle.api.internal.tasks.DefaultTaskInputs.visitDependencies(DefaultTaskInputs.java:195)
	at org.gradle.api.internal.tasks.DefaultTaskDependency.visitDependencies(DefaultTaskDependency.java:112)
	at org.gradle.api.internal.tasks.CachingTaskDependencyResolveContext$TaskGraphImpl.getNodeValues(CachingTaskDependencyResolveContext.java:103)
	at org.gradle.internal.graph.CachingDirectedGraphWalker$GraphWithEmptyEdges.getNodeValues(CachingDirectedGraphWalker.java:213)
	at org.gradle.internal.graph.CachingDirectedGraphWalker.doSearch(CachingDirectedGraphWalker.java:121)
	at org.gradle.internal.graph.CachingDirectedGraphWalker.findValues(CachingDirectedGraphWalker.java:73)
	at org.gradle.api.internal.tasks.CachingTaskDependencyResolveContext.getDependencies(CachingTaskDependencyResolveContext.java:66)
	at org.gradle.execution.plan.TaskDependencyResolver.resolveDependenciesFor(TaskDependencyResolver.java:49)
	at org.gradle.execution.plan.LocalTaskNode.getDependencies(LocalTaskNode.java:148)
	at org.gradle.execution.plan.LocalTaskNode.resolveDependencies(LocalTaskNode.java:122)
	at org.gradle.execution.plan.DefaultExecutionPlan.discoverNodeRelationships(DefaultExecutionPlan.java:183)
	at org.gradle.execution.plan.DefaultExecutionPlan.doAddEntryNodes(DefaultExecutionPlan.java:155)
	at org.gradle.execution.plan.DefaultExecutionPlan.addEntryTasks(DefaultExecutionPlan.java:130)
	at org.gradle.execution.plan.DefaultExecutionPlan.addEntryTasks(DefaultExecutionPlan.java:122)
	at org.gradle.execution.TaskNameResolvingBuildTaskScheduler.scheduleRequestedTasks(TaskNameResolvingBuildTaskScheduler.java:54)
	at org.gradle.execution.DefaultTasksBuildTaskScheduler.scheduleRequestedTasks(DefaultTasksBuildTaskScheduler.java:72)
	at org.gradle.initialization.DefaultTaskExecutionPreparer.lambda$scheduleRequestedTasks$0(DefaultTaskExecutionPreparer.java:46)
	at org.gradle.internal.Factories$1.create(Factories.java:31)
	at org.gradle.internal.work.DefaultWorkerLeaseService.withReplacedLocks(DefaultWorkerLeaseService.java:360)
	at org.gradle.api.internal.project.DefaultProjectStateRegistry$DefaultBuildProjectRegistry.withMutableStateOfAllProjects(DefaultProjectStateRegistry.java:239)
	at org.gradle.api.internal.project.DefaultProjectStateRegistry$DefaultBuildProjectRegistry.withMutableStateOfAllProjects(DefaultProjectStateRegistry.java:232)
	at org.gradle.initialization.DefaultTaskExecutionPreparer.scheduleRequestedTasks(DefaultTaskExecutionPreparer.java:45)
	at org.gradle.initialization.VintageBuildModelController.lambda$scheduleRequestedTasks$0(VintageBuildModelController.java:76)
	at org.gradle.internal.model.StateTransitionController.lambda$inState$1(StateTransitionController.java:99)
	at org.gradle.internal.model.StateTransitionController.lambda$inState$2(StateTransitionController.java:114)
	at org.gradle.internal.work.DefaultSynchronizer.withLock(DefaultSynchronizer.java:44)
	at org.gradle.internal.model.StateTransitionController.inState(StateTransitionController.java:110)
	at org.gradle.internal.model.StateTransitionController.inState(StateTransitionController.java:98)
	at org.gradle.initialization.VintageBuildModelController.scheduleRequestedTasks(VintageBuildModelController.java:76)
	at org.gradle.internal.build.DefaultBuildLifecycleController$DefaultWorkGraphBuilder.addRequestedTasks(DefaultBuildLifecycleController.java:404)
	at org.gradle.internal.buildtree.DefaultBuildTreeWorkPreparer.lambda$scheduleRequestedTasks$0(DefaultBuildTreeWorkPreparer.java:41)
	at org.gradle.internal.build.DefaultBuildLifecycleController.lambda$populateWorkGraph$7(DefaultBuildLifecycleController.java:189)
	at org.gradle.internal.build.DefaultBuildWorkPreparer.populateWorkGraph(DefaultBuildWorkPreparer.java:42)
	at org.gradle.internal.build.BuildOperationFiringBuildWorkPreparer$PopulateWorkGraph.populateTaskGraph(BuildOperationFiringBuildWorkPreparer.java:106)
	at org.gradle.internal.build.BuildOperationFiringBuildWorkPreparer$PopulateWorkGraph.run(BuildOperationFiringBuildWorkPreparer.java:92)
	at org.gradle.internal.operations.DefaultBuildOperationRunner$1.execute(DefaultBuildOperationRunner.java:29)
	at org.gradle.internal.operations.DefaultBuildOperationRunner$1.execute(DefaultBuildOperationRunner.java:26)
	at org.gradle.internal.operations.DefaultBuildOperationRunner$2.execute(DefaultBuildOperationRunner.java:66)
	at org.gradle.internal.operations.DefaultBuildOperationRunner$2.execute(DefaultBuildOperationRunner.java:59)
	at org.gradle.internal.operations.DefaultBuildOperationRunner.execute(DefaultBuildOperationRunner.java:157)
	at org.gradle.internal.operations.DefaultBuildOperationRunner.execute(DefaultBuildOperationRunner.java:59)
	at org.gradle.internal.operations.DefaultBuildOperationRunner.run(DefaultBuildOperationRunner.java:47)
	at org.gradle.internal.operations.DefaultBuildOperationExecutor.run(DefaultBuildOperationExecutor.java:68)
	at org.gradle.internal.build.BuildOperationFiringBuildWorkPreparer.populateWorkGraph(BuildOperationFiringBuildWorkPreparer.java:67)
	at org.gradle.internal.build.DefaultBuildLifecycleController.lambda$populateWorkGraph$8(DefaultBuildLifecycleController.java:189)
	at org.gradle.internal.model.StateTransitionController.lambda$inState$1(StateTransitionController.java:99)
	at org.gradle.internal.model.StateTransitionController.lambda$inState$2(StateTransitionController.java:114)
	at org.gradle.internal.work.DefaultSynchronizer.withLock(DefaultSynchronizer.java:44)
	at org.gradle.internal.model.StateTransitionController.inState(StateTransitionController.java:110)
	at org.gradle.internal.model.StateTransitionController.inState(StateTransitionController.java:98)
	at org.gradle.internal.build.DefaultBuildLifecycleController.populateWorkGraph(DefaultBuildLifecycleController.java:189)
	at org.gradle.internal.build.DefaultBuildWorkGraphController$DefaultBuildWorkGraph.populateWorkGraph(DefaultBuildWorkGraphController.java:169)
	at org.gradle.composite.internal.DefaultBuildController.populateWorkGraph(DefaultBuildController.java:76)
	at org.gradle.composite.internal.DefaultIncludedBuildTaskGraph$DefaultBuildTreeWorkGraphBuilder.withWorkGraph(DefaultIncludedBuildTaskGraph.java:153)
	at org.gradle.internal.buildtree.DefaultBuildTreeWorkPreparer.lambda$scheduleRequestedTasks$1(DefaultBuildTreeWorkPreparer.java:41)
	at org.gradle.composite.internal.DefaultIncludedBuildTaskGraph$DefaultBuildTreeWorkGraph$1.run(DefaultIncludedBuildTaskGraph.java:209)
	at org.gradle.internal.operations.DefaultBuildOperationRunner$1.execute(DefaultBuildOperationRunner.java:29)
	at org.gradle.internal.operations.DefaultBuildOperationRunner$1.execute(DefaultBuildOperationRunner.java:26)
	at org.gradle.internal.operations.DefaultBuildOperationRunner$2.execute(DefaultBuildOperationRunner.java:66)
	at org.gradle.internal.operations.DefaultBuildOperationRunner$2.execute(DefaultBuildOperationRunner.java:59)
	at org.gradle.internal.operations.DefaultBuildOperationRunner.execute(DefaultBuildOperationRunner.java:157)
	at org.gradle.internal.operations.DefaultBuildOperationRunner.execute(DefaultBuildOperationRunner.java:59)
	at org.gradle.internal.operations.DefaultBuildOperationRunner.run(DefaultBuildOperationRunner.java:47)
	at org.gradle.internal.operations.DefaultBuildOperationExecutor.run(DefaultBuildOperationExecutor.java:68)
	at org.gradle.composite.internal.DefaultIncludedBuildTaskGraph$DefaultBuildTreeWorkGraph.scheduleWork(DefaultIncludedBuildTaskGraph.java:204)
	at org.gradle.internal.buildtree.DefaultBuildTreeWorkPreparer.scheduleRequestedTasks(DefaultBuildTreeWorkPreparer.java:37)
	at org.gradle.configurationcache.VintageBuildTreeWorkController$scheduleAndRunRequestedTasks$1.apply(VintageBuildTreeWorkController.kt:36)
	at org.gradle.configurationcache.VintageBuildTreeWorkController$scheduleAndRunRequestedTasks$1.apply(VintageBuildTreeWorkController.kt:35)
	at org.gradle.composite.internal.DefaultIncludedBuildTaskGraph.withNewWorkGraph(DefaultIncludedBuildTaskGraph.java:112)
	at org.gradle.configurationcache.VintageBuildTreeWorkController.scheduleAndRunRequestedTasks(VintageBuildTreeWorkController.kt:35)
	at org.gradle.internal.buildtree.DefaultBuildTreeLifecycleController.lambda$scheduleAndRunTasks$1(DefaultBuildTreeLifecycleController.java:76)
	at org.gradle.internal.buildtree.DefaultBuildTreeLifecycleController.lambda$runBuild$4(DefaultBuildTreeLifecycleController.java:119)
	at org.gradle.internal.model.StateTransitionController.lambda$transition$6(StateTransitionController.java:169)
	at org.gradle.internal.model.StateTransitionController.doTransition(StateTransitionController.java:266)
	at org.gradle.internal.model.StateTransitionController.lambda$transition$7(StateTransitionController.java:169)
	at org.gradle.internal.work.DefaultSynchronizer.withLock(DefaultSynchronizer.java:44)
	at org.gradle.internal.model.StateTransitionController.transition(StateTransitionController.java:169)
	at org.gradle.internal.buildtree.DefaultBuildTreeLifecycleController.runBuild(DefaultBuildTreeLifecycleController.java:116)
	at org.gradle.internal.buildtree.DefaultBuildTreeLifecycleController.scheduleAndRunTasks(DefaultBuildTreeLifecycleController.java:76)
	at org.gradle.internal.buildtree.DefaultBuildTreeLifecycleController.scheduleAndRunTasks(DefaultBuildTreeLifecycleController.java:71)
	at org.gradle.tooling.internal.provider.ExecuteBuildActionRunner.run(ExecuteBuildActionRunner.java:31)
	at org.gradle.launcher.exec.ChainingBuildActionRunner.run(ChainingBuildActionRunner.java:35)
	at org.gradle.internal.buildtree.ProblemReportingBuildActionRunner.run(ProblemReportingBuildActionRunner.java:49)
	at org.gradle.launcher.exec.BuildOutcomeReportingBuildActionRunner.run(BuildOutcomeReportingBuildActionRunner.java:65)
	at org.gradle.tooling.internal.provider.FileSystemWatchingBuildActionRunner.run(FileSystemWatchingBuildActionRunner.java:140)
	at org.gradle.launcher.exec.BuildCompletionNotifyingBuildActionRunner.run(BuildCompletionNotifyingBuildActionRunner.java:41)
	at org.gradle.launcher.exec.RootBuildLifecycleBuildActionExecutor.lambda$execute$0(RootBuildLifecycleBuildActionExecutor.java:40)
	at org.gradle.composite.internal.DefaultRootBuildState.run(DefaultRootBuildState.java:123)
	at org.gradle.launcher.exec.RootBuildLifecycleBuildActionExecutor.execute(RootBuildLifecycleBuildActionExecutor.java:40)
	at org.gradle.internal.buildtree.InitDeprecationLoggingActionExecutor.execute(InitDeprecationLoggingActionExecutor.java:62)
	at org.gradle.internal.buildtree.InitProblems.execute(InitProblems.java:38)
	at org.gradle.internal.buildtree.DefaultBuildTreeContext.execute(DefaultBuildTreeContext.java:40)
	at org.gradle.launcher.exec.BuildTreeLifecycleBuildActionExecutor.lambda$execute$0(BuildTreeLifecycleBuildActionExecutor.java:58)
	at org.gradle.internal.buildtree.BuildTreeState.run(BuildTreeState.java:58)
	at org.gradle.launcher.exec.BuildTreeLifecycleBuildActionExecutor.execute(BuildTreeLifecycleBuildActionExecutor.java:58)
	at org.gradle.launcher.exec.RunAsBuildOperationBuildActionExecutor$3.call(RunAsBuildOperationBuildActionExecutor.java:61)
	at org.gradle.launcher.exec.RunAsBuildOperationBuildActionExecutor$3.call(RunAsBuildOperationBuildActionExecutor.java:57)
	at org.gradle.internal.operations.DefaultBuildOperationRunner$CallableBuildOperationWorker.execute(DefaultBuildOperationRunner.java:204)
	at org.gradle.internal.operations.DefaultBuildOperationRunner$CallableBuildOperationWorker.execute(DefaultBuildOperationRunner.java:199)
	at org.gradle.internal.operations.DefaultBuildOperationRunner$2.execute(DefaultBuildOperationRunner.java:66)
	at org.gradle.internal.operations.DefaultBuildOperationRunner$2.execute(DefaultBuildOperationRunner.java:59)
	at org.gradle.internal.operations.DefaultBuildOperationRunner.execute(DefaultBuildOperationRunner.java:157)
	at org.gradle.internal.operations.DefaultBuildOperationRunner.execute(DefaultBuildOperationRunner.java:59)
	at org.gradle.internal.operations.DefaultBuildOperationRunner.call(DefaultBuildOperationRunner.java:53)
	at org.gradle.internal.operations.DefaultBuildOperationExecutor.call(DefaultBuildOperationExecutor.java:73)
	at org.gradle.launcher.exec.RunAsBuildOperationBuildActionExecutor.execute(RunAsBuildOperationBuildActionExecutor.java:57)
	at org.gradle.launcher.exec.RunAsWorkerThreadBuildActionExecutor.lambda$execute$0(RunAsWorkerThreadBuildActionExecutor.java:36)
	at org.gradle.internal.work.DefaultWorkerLeaseService.withLocks(DefaultWorkerLeaseService.java:264)
	at org.gradle.internal.work.DefaultWorkerLeaseService.runAsWorkerThread(DefaultWorkerLeaseService.java:128)
	at org.gradle.launcher.exec.RunAsWorkerThreadBuildActionExecutor.execute(RunAsWorkerThreadBuildActionExecutor.java:36)
	at org.gradle.tooling.internal.provider.continuous.ContinuousBuildActionExecutor.execute(ContinuousBuildActionExecutor.java:110)
	at org.gradle.tooling.internal.provider.SubscribableBuildActionExecutor.execute(SubscribableBuildActionExecutor.java:64)
	at org.gradle.internal.session.DefaultBuildSessionContext.execute(DefaultBuildSessionContext.java:46)
	at org.gradle.tooling.internal.provider.BuildSessionLifecycleBuildActionExecuter$ActionImpl.apply(BuildSessionLifecycleBuildActionExecuter.java:92)
	at org.gradle.tooling.internal.provider.BuildSessionLifecycleBuildActionExecuter$ActionImpl.apply(BuildSessionLifecycleBuildActionExecuter.java:80)
	at org.gradle.internal.session.BuildSessionState.run(BuildSessionState.java:69)
	at org.gradle.tooling.internal.provider.BuildSessionLifecycleBuildActionExecuter.execute(BuildSessionLifecycleBuildActionExecuter.java:62)
	at org.gradle.tooling.internal.provider.BuildSessionLifecycleBuildActionExecuter.execute(BuildSessionLifecycleBuildActionExecuter.java:41)
	at org.gradle.tooling.internal.provider.StartParamsValidatingActionExecuter.execute(StartParamsValidatingActionExecuter.java:64)
	at org.gradle.tooling.internal.provider.StartParamsValidatingActionExecuter.execute(StartParamsValidatingActionExecuter.java:32)
	at org.gradle.tooling.internal.provider.SessionFailureReportingActionExecuter.execute(SessionFailureReportingActionExecuter.java:51)
	at org.gradle.tooling.internal.provider.SessionFailureReportingActionExecuter.execute(SessionFailureReportingActionExecuter.java:39)
	at org.gradle.tooling.internal.provider.SetupLoggingActionExecuter.execute(SetupLoggingActionExecuter.java:47)
	at org.gradle.tooling.internal.provider.SetupLoggingActionExecuter.execute(SetupLoggingActionExecuter.java:31)
	at org.gradle.launcher.daemon.server.exec.ExecuteBuild.doBuild(ExecuteBuild.java:65)
	at org.gradle.launcher.daemon.server.exec.BuildCommandOnly.execute(BuildCommandOnly.java:37)
	at org.gradle.launcher.daemon.server.api.DaemonCommandExecution.proceed(DaemonCommandExecution.java:104)
	at org.gradle.launcher.daemon.server.exec.WatchForDisconnection.execute(WatchForDisconnection.java:39)
	at org.gradle.launcher.daemon.server.api.DaemonCommandExecution.proceed(DaemonCommandExecution.java:104)
	at org.gradle.launcher.daemon.server.exec.ResetDeprecationLogger.execute(ResetDeprecationLogger.java:29)
	at org.gradle.launcher.daemon.server.api.DaemonCommandExecution.proceed(DaemonCommandExecution.java:104)
	at org.gradle.launcher.daemon.server.exec.RequestStopIfSingleUsedDaemon.execute(RequestStopIfSingleUsedDaemon.java:35)
	at org.gradle.launcher.daemon.server.api.DaemonCommandExecution.proceed(DaemonCommandExecution.java:104)
	at org.gradle.launcher.daemon.server.exec.ForwardClientInput$2.create(ForwardClientInput.java:78)
	at org.gradle.launcher.daemon.server.exec.ForwardClientInput$2.create(ForwardClientInput.java:75)
	at org.gradle.util.internal.Swapper.swap(Swapper.java:38)
	at org.gradle.launcher.daemon.server.exec.ForwardClientInput.execute(ForwardClientInput.java:75)
	at org.gradle.launcher.daemon.server.api.DaemonCommandExecution.proceed(DaemonCommandExecution.java:104)
	at org.gradle.launcher.daemon.server.exec.LogAndCheckHealth.execute(LogAndCheckHealth.java:64)
	at org.gradle.launcher.daemon.server.api.DaemonCommandExecution.proceed(DaemonCommandExecution.java:104)
	at org.gradle.launcher.daemon.server.exec.LogToClient.doBuild(LogToClient.java:63)
	at org.gradle.launcher.daemon.server.exec.BuildCommandOnly.execute(BuildCommandOnly.java:37)
	at org.gradle.launcher.daemon.server.api.DaemonCommandExecution.proceed(DaemonCommandExecution.java:104)
	at org.gradle.launcher.daemon.server.exec.EstablishBuildEnvironment.doBuild(EstablishBuildEnvironment.java:84)
	at org.gradle.launcher.daemon.server.exec.BuildCommandOnly.execute(BuildCommandOnly.java:37)
	at org.gradle.launcher.daemon.server.api.DaemonCommandExecution.proceed(DaemonCommandExecution.java:104)
	at org.gradle.launcher.daemon.server.exec.StartBuildOrRespondWithBusy$1.run(StartBuildOrRespondWithBusy.java:52)
	at org.gradle.launcher.daemon.server.DaemonStateCoordinator$1.run(DaemonStateCoordinator.java:297)
	at org.gradle.internal.concurrent.ExecutorPolicy$CatchAndRecordFailures.onExecute(ExecutorPolicy.java:64)
	at org.gradle.internal.concurrent.AbstractManagedExecutor$1.run(AbstractManagedExecutor.java:47)
	at java.base/java.util.concurrent.ThreadPoolExecutor.runWorker(ThreadPoolExecutor.java:1136)
	at java.base/java.util.concurrent.ThreadPoolExecutor$Worker.run(ThreadPoolExecutor.java:635)
	at java.base/java.lang.Thread.run(Thread.java:840)
[gradle-intellij-plugin :] Cannot create plugin from file '/opt/android-studio/plugins/markdown': Invalid plugin descriptor 'plugin.xml'. Unable to read the plugin descriptor: No enum constant com.jetbrains.plugin.structure.intellij.plugin.IdePluginContentDescriptor.ServiceType.APPLİCATİON.
Unable to read descriptor [plugin.xml] from [/opt/android-studio/plugins/performanceTesting/lib/performanceTesting.jar]
java.lang.IllegalArgumentException: No enum constant com.jetbrains.plugin.structure.intellij.plugin.IdePluginContentDescriptor.ListenerType.APPLİCATİON
	at java.base/java.lang.Enum.valueOf(Enum.java:273)
	at com.jetbrains.plugin.structure.intellij.plugin.IdePluginContentDescriptor$ListenerType.valueOf(IdePluginContents.kt)
	at com.jetbrains.plugin.structure.intellij.plugin.PluginCreator.readListeners(PluginCreator.kt:468)
	at com.jetbrains.plugin.structure.intellij.plugin.PluginCreator.setInfoFromBean(PluginCreator.kt:323)
	at com.jetbrains.plugin.structure.intellij.plugin.PluginCreator.resolveDocumentAndValidateBean(PluginCreator.kt:664)
	at com.jetbrains.plugin.structure.intellij.plugin.PluginCreator.access$resolveDocumentAndValidateBean(PluginCreator.kt:31)
	at com.jetbrains.plugin.structure.intellij.plugin.PluginCreator$Companion.createPlugin(PluginCreator.kt:109)
	at com.jetbrains.plugin.structure.intellij.plugin.IdePluginManager.loadPluginInfoFromJarFile(IdePluginManager.kt:62)
	at com.jetbrains.plugin.structure.intellij.plugin.IdePluginManager.loadPluginInfoFromLibDirectory(IdePluginManager.kt:165)
	at com.jetbrains.plugin.structure.intellij.plugin.IdePluginManager.loadPluginInfoFromDirectory(IdePluginManager.kt:97)
	at com.jetbrains.plugin.structure.intellij.plugin.IdePluginManager.loadPluginInfoFromJarOrDirectory(IdePluginManager.kt:206)
	at com.jetbrains.plugin.structure.intellij.plugin.IdePluginManager.getPluginCreatorWithResult(IdePluginManager.kt:347)
	at com.jetbrains.plugin.structure.intellij.plugin.IdePluginManager.createPlugin(IdePluginManager.kt:314)
	at com.jetbrains.plugin.structure.intellij.plugin.IdePluginManager.createPlugin$default(IdePluginManager.kt:312)
	at org.jetbrains.intellij.Utils.createPlugin(utils.kt:222)
	at org.jetbrains.intellij.dependency.BuiltinPluginsRegistry.add(BuiltinPluginsRegistry.kt:89)
	at org.jetbrains.intellij.dependency.BuiltinPluginsRegistry.fillFromDirectory(BuiltinPluginsRegistry.kt:47)
	at org.jetbrains.intellij.dependency.BuiltinPluginsRegistry.access$fillFromDirectory(BuiltinPluginsRegistry.kt:21)
	at org.jetbrains.intellij.dependency.BuiltinPluginsRegistry$Companion.fromDirectory(BuiltinPluginsRegistry.kt:127)
	at org.jetbrains.intellij.dependency.IdeaDependencyManager.createDependency(IdeaDependencyManager.kt:92)
	at org.jetbrains.intellij.dependency.IdeaDependencyManager.resolveLocal(IdeaDependencyManager.kt:430)
	at org.jetbrains.intellij.IntelliJPlugin$prepareIdeaDependencyProvider$1.call(IntelliJPlugin.kt:299)
	at org.jetbrains.intellij.IntelliJPlugin$prepareIdeaDependencyProvider$1.call(IntelliJPlugin.kt:266)
	at org.gradle.api.internal.provider.DefaultProvider.calculateOwnValue(DefaultProvider.java:72)
	at org.gradle.api.internal.provider.AbstractMinimalProvider.calculateValue(AbstractMinimalProvider.java:115)
	at org.gradle.api.internal.provider.TransformBackedProvider.calculateOwnValue(TransformBackedProvider.java:82)
	at org.gradle.api.internal.provider.AbstractMinimalProvider.calculateValue(AbstractMinimalProvider.java:115)
	at org.gradle.api.internal.provider.AbstractMinimalProvider.withFinalValue(AbstractMinimalProvider.java:168)
	at org.gradle.api.internal.provider.DefaultProperty.finalValue(DefaultProperty.java:133)
	at org.gradle.api.internal.provider.DefaultProperty.finalValue(DefaultProperty.java:26)
	at org.gradle.api.internal.provider.AbstractProperty.finalizeNow(AbstractProperty.java:245)
	at org.gradle.api.internal.provider.AbstractProperty.beforeRead(AbstractProperty.java:239)
	at org.gradle.api.internal.provider.AbstractProperty.calculateOwnValue(AbstractProperty.java:135)
	at org.gradle.api.internal.provider.AbstractMinimalProvider.calculateValue(AbstractMinimalProvider.java:115)
	at org.gradle.api.internal.provider.TransformBackedProvider.calculateOwnValue(TransformBackedProvider.java:82)
	at org.gradle.api.internal.provider.AbstractMinimalProvider.calculateValue(AbstractMinimalProvider.java:115)
	at org.gradle.api.internal.provider.TransformBackedProvider.calculateOwnValue(TransformBackedProvider.java:82)
	at org.gradle.api.internal.provider.AbstractMinimalProvider.calculateValue(AbstractMinimalProvider.java:115)
	at org.gradle.api.internal.provider.DefaultProperty.calculateValueFrom(DefaultProperty.java:128)
	at org.gradle.api.internal.provider.DefaultProperty.calculateValueFrom(DefaultProperty.java:26)
	at org.gradle.api.internal.provider.AbstractProperty.doCalculateValue(AbstractProperty.java:142)
	at org.gradle.api.internal.provider.AbstractProperty.calculateOwnValue(AbstractProperty.java:136)
	at org.gradle.api.internal.provider.AbstractMinimalProvider.getOrNull(AbstractMinimalProvider.java:105)
	at org.jetbrains.intellij.IntelliJPlugin$prepareConventionMappingsForRunIdeTask$8.call(IntelliJPlugin.kt:963)
	at org.jetbrains.intellij.IntelliJPlugin$prepareConventionMappingsForRunIdeTask$8.call(IntelliJPlugin.kt:958)
	at org.gradle.api.internal.provider.DefaultProvider.calculateOwnValue(DefaultProvider.java:72)
	at org.gradle.api.internal.provider.AbstractMinimalProvider.calculateValue(AbstractMinimalProvider.java:115)
	at org.gradle.api.internal.provider.TransformBackedProvider.calculateOwnValue(TransformBackedProvider.java:82)
	at org.gradle.api.internal.provider.AbstractMinimalProvider.calculateValue(AbstractMinimalProvider.java:115)
	at org.gradle.api.internal.provider.DefaultProperty.calculateValueFrom(DefaultProperty.java:128)
	at org.gradle.api.internal.provider.DefaultProperty.calculateValueFrom(DefaultProperty.java:26)
	at org.gradle.api.internal.provider.AbstractProperty.doCalculateValue(AbstractProperty.java:142)
	at org.gradle.api.internal.provider.AbstractProperty.calculateOwnValue(AbstractProperty.java:136)
	at org.gradle.api.internal.provider.AbstractMinimalProvider.calculateOwnPresentValue(AbstractMinimalProvider.java:80)
	at org.gradle.api.internal.provider.AbstractMinimalProvider.get(AbstractMinimalProvider.java:100)
	at org.jetbrains.intellij.tasks.RunIdeBase.getExecutable(RunIdeBase.kt:202)
	at org.jetbrains.intellij.tasks.BuildSearchableOptionsTask_Decorated.getExecutable(Unknown Source)
	at org.gradle.api.tasks.internal.JavaExecExecutableUtils.getExecutableOverrideToolchainSpec(JavaExecExecutableUtils.java:30)
	at org.gradle.api.tasks.JavaExec.lambda$new$0(JavaExec.java:144)
	at org.gradle.api.internal.provider.DefaultProvider.calculateOwnValue(DefaultProvider.java:72)
	at org.gradle.api.internal.provider.AbstractMinimalProvider.calculateValue(AbstractMinimalProvider.java:115)
	at org.gradle.api.internal.provider.FlatMapProvider.calculateOwnValue(FlatMapProvider.java:46)
	at org.gradle.api.internal.provider.AbstractMinimalProvider.calculateValue(AbstractMinimalProvider.java:115)
	at org.gradle.api.internal.provider.OrElseProvider.calculateOwnValue(OrElseProvider.java:76)
	at org.gradle.api.internal.provider.AbstractMinimalProvider.calculateValue(AbstractMinimalProvider.java:115)
	at org.gradle.api.internal.provider.TransformBackedProvider.calculateOwnValue(TransformBackedProvider.java:82)
	at org.gradle.api.internal.provider.AbstractMinimalProvider.calculateValue(AbstractMinimalProvider.java:115)
	at org.gradle.api.internal.provider.AbstractMinimalProvider.withFinalValue(AbstractMinimalProvider.java:168)
	at org.gradle.api.internal.provider.DefaultProperty.finalValue(DefaultProperty.java:133)
	at org.gradle.api.internal.provider.DefaultProperty.finalValue(DefaultProperty.java:26)
	at org.gradle.api.internal.provider.AbstractProperty.finalizeNow(AbstractProperty.java:245)
	at org.gradle.api.internal.provider.AbstractProperty.beforeRead(AbstractProperty.java:239)
	at org.gradle.api.internal.provider.AbstractProperty.calculateOwnValue(AbstractProperty.java:135)
	at org.gradle.api.internal.provider.AbstractMinimalProvider.getOrNull(AbstractMinimalProvider.java:105)
	at org.gradle.internal.properties.annotations.AbstractTypeMetadataWalker$InstanceTypeMetadataWalker.lambda$walkNestedProvider$0(AbstractTypeMetadataWalker.java:137)
	at org.gradle.internal.properties.annotations.AbstractTypeMetadataWalker$InstanceTypeMetadataWalker.walkNestedChild(AbstractTypeMetadataWalker.java:184)
	at org.gradle.internal.properties.annotations.AbstractTypeMetadataWalker$InstanceTypeMetadataWalker.walkNestedProvider(AbstractTypeMetadataWalker.java:136)
	at org.gradle.internal.properties.annotations.AbstractTypeMetadataWalker$InstanceTypeMetadataWalker.walkNestedProvider(AbstractTypeMetadataWalker.java:118)
	at org.gradle.internal.properties.annotations.AbstractTypeMetadataWalker.walkNested(AbstractTypeMetadataWalker.java:60)
	at org.gradle.internal.properties.annotations.AbstractTypeMetadataWalker.lambda$walkChildren$3(AbstractTypeMetadataWalker.java:85)
	at org.gradle.internal.properties.annotations.AbstractTypeMetadataWalker$InstanceTypeMetadataWalker.walkNestedChild(AbstractTypeMetadataWalker.java:190)
	at org.gradle.internal.properties.annotations.AbstractTypeMetadataWalker$InstanceTypeMetadataWalker.walkNestedChild(AbstractTypeMetadataWalker.java:171)
	at org.gradle.internal.properties.annotations.AbstractTypeMetadataWalker$InstanceTypeMetadataWalker.walkNestedChild(AbstractTypeMetadataWalker.java:118)
	at org.gradle.internal.properties.annotations.AbstractTypeMetadataWalker.lambda$walkChildren$4(AbstractTypeMetadataWalker.java:85)
	at java.base/java.lang.Iterable.forEach(Iterable.java:75)
	at org.gradle.internal.properties.annotations.AbstractTypeMetadataWalker.walkChildren(AbstractTypeMetadataWalker.java:83)
	at org.gradle.internal.properties.annotations.AbstractTypeMetadataWalker.walk(AbstractTypeMetadataWalker.java:53)
	at org.gradle.internal.properties.bean.DefaultPropertyWalker.visitProperties(DefaultPropertyWalker.java:65)
	at org.gradle.api.internal.tasks.TaskPropertyUtils.visitAnnotatedProperties(TaskPropertyUtils.java:58)
	at org.gradle.api.internal.tasks.TaskPropertyUtils.visitProperties(TaskPropertyUtils.java:45)
	at org.gradle.api.internal.tasks.TaskPropertyUtils.visitProperties(TaskPropertyUtils.java:35)
	at org.gradle.api.internal.tasks.DefaultTaskInputs.visitDependencies(DefaultTaskInputs.java:195)
	at org.gradle.api.internal.tasks.DefaultTaskDependency.visitDependencies(DefaultTaskDependency.java:112)
	at org.gradle.api.internal.tasks.CachingTaskDependencyResolveContext$TaskGraphImpl.getNodeValues(CachingTaskDependencyResolveContext.java:103)
	at org.gradle.internal.graph.CachingDirectedGraphWalker$GraphWithEmptyEdges.getNodeValues(CachingDirectedGraphWalker.java:213)
	at org.gradle.internal.graph.CachingDirectedGraphWalker.doSearch(CachingDirectedGraphWalker.java:121)
	at org.gradle.internal.graph.CachingDirectedGraphWalker.findValues(CachingDirectedGraphWalker.java:73)
	at org.gradle.api.internal.tasks.CachingTaskDependencyResolveContext.getDependencies(CachingTaskDependencyResolveContext.java:66)
	at org.gradle.execution.plan.TaskDependencyResolver.resolveDependenciesFor(TaskDependencyResolver.java:49)
	at org.gradle.execution.plan.LocalTaskNode.getDependencies(LocalTaskNode.java:148)
	at org.gradle.execution.plan.LocalTaskNode.resolveDependencies(LocalTaskNode.java:122)
	at org.gradle.execution.plan.DefaultExecutionPlan.discoverNodeRelationships(DefaultExecutionPlan.java:183)
	at org.gradle.execution.plan.DefaultExecutionPlan.doAddEntryNodes(DefaultExecutionPlan.java:155)
	at org.gradle.execution.plan.DefaultExecutionPlan.addEntryTasks(DefaultExecutionPlan.java:130)
	at org.gradle.execution.plan.DefaultExecutionPlan.addEntryTasks(DefaultExecutionPlan.java:122)
	at org.gradle.execution.TaskNameResolvingBuildTaskScheduler.scheduleRequestedTasks(TaskNameResolvingBuildTaskScheduler.java:54)
	at org.gradle.execution.DefaultTasksBuildTaskScheduler.scheduleRequestedTasks(DefaultTasksBuildTaskScheduler.java:72)
	at org.gradle.initialization.DefaultTaskExecutionPreparer.lambda$scheduleRequestedTasks$0(DefaultTaskExecutionPreparer.java:46)
	at org.gradle.internal.Factories$1.create(Factories.java:31)
	at org.gradle.internal.work.DefaultWorkerLeaseService.withReplacedLocks(DefaultWorkerLeaseService.java:360)
	at org.gradle.api.internal.project.DefaultProjectStateRegistry$DefaultBuildProjectRegistry.withMutableStateOfAllProjects(DefaultProjectStateRegistry.java:239)
	at org.gradle.api.internal.project.DefaultProjectStateRegistry$DefaultBuildProjectRegistry.withMutableStateOfAllProjects(DefaultProjectStateRegistry.java:232)
	at org.gradle.initialization.DefaultTaskExecutionPreparer.scheduleRequestedTasks(DefaultTaskExecutionPreparer.java:45)
	at org.gradle.initialization.VintageBuildModelController.lambda$scheduleRequestedTasks$0(VintageBuildModelController.java:76)
	at org.gradle.internal.model.StateTransitionController.lambda$inState$1(StateTransitionController.java:99)
	at org.gradle.internal.model.StateTransitionController.lambda$inState$2(StateTransitionController.java:114)
	at org.gradle.internal.work.DefaultSynchronizer.withLock(DefaultSynchronizer.java:44)
	at org.gradle.internal.model.StateTransitionController.inState(StateTransitionController.java:110)
	at org.gradle.internal.model.StateTransitionController.inState(StateTransitionController.java:98)
	at org.gradle.initialization.VintageBuildModelController.scheduleRequestedTasks(VintageBuildModelController.java:76)
	at org.gradle.internal.build.DefaultBuildLifecycleController$DefaultWorkGraphBuilder.addRequestedTasks(DefaultBuildLifecycleController.java:404)
	at org.gradle.internal.buildtree.DefaultBuildTreeWorkPreparer.lambda$scheduleRequestedTasks$0(DefaultBuildTreeWorkPreparer.java:41)
	at org.gradle.internal.build.DefaultBuildLifecycleController.lambda$populateWorkGraph$7(DefaultBuildLifecycleController.java:189)
	at org.gradle.internal.build.DefaultBuildWorkPreparer.populateWorkGraph(DefaultBuildWorkPreparer.java:42)
	at org.gradle.internal.build.BuildOperationFiringBuildWorkPreparer$PopulateWorkGraph.populateTaskGraph(BuildOperationFiringBuildWorkPreparer.java:106)
	at org.gradle.internal.build.BuildOperationFiringBuildWorkPreparer$PopulateWorkGraph.run(BuildOperationFiringBuildWorkPreparer.java:92)
	at org.gradle.internal.operations.DefaultBuildOperationRunner$1.execute(DefaultBuildOperationRunner.java:29)
	at org.gradle.internal.operations.DefaultBuildOperationRunner$1.execute(DefaultBuildOperationRunner.java:26)
	at org.gradle.internal.operations.DefaultBuildOperationRunner$2.execute(DefaultBuildOperationRunner.java:66)
	at org.gradle.internal.operations.DefaultBuildOperationRunner$2.execute(DefaultBuildOperationRunner.java:59)
	at org.gradle.internal.operations.DefaultBuildOperationRunner.execute(DefaultBuildOperationRunner.java:157)
	at org.gradle.internal.operations.DefaultBuildOperationRunner.execute(DefaultBuildOperationRunner.java:59)
	at org.gradle.internal.operations.DefaultBuildOperationRunner.run(DefaultBuildOperationRunner.java:47)
	at org.gradle.internal.operations.DefaultBuildOperationExecutor.run(DefaultBuildOperationExecutor.java:68)
	at org.gradle.internal.build.BuildOperationFiringBuildWorkPreparer.populateWorkGraph(BuildOperationFiringBuildWorkPreparer.java:67)
	at org.gradle.internal.build.DefaultBuildLifecycleController.lambda$populateWorkGraph$8(DefaultBuildLifecycleController.java:189)
	at org.gradle.internal.model.StateTransitionController.lambda$inState$1(StateTransitionController.java:99)
	at org.gradle.internal.model.StateTransitionController.lambda$inState$2(StateTransitionController.java:114)
	at org.gradle.internal.work.DefaultSynchronizer.withLock(DefaultSynchronizer.java:44)
	at org.gradle.internal.model.StateTransitionController.inState(StateTransitionController.java:110)
	at org.gradle.internal.model.StateTransitionController.inState(StateTransitionController.java:98)
	at org.gradle.internal.build.DefaultBuildLifecycleController.populateWorkGraph(DefaultBuildLifecycleController.java:189)
	at org.gradle.internal.build.DefaultBuildWorkGraphController$DefaultBuildWorkGraph.populateWorkGraph(DefaultBuildWorkGraphController.java:169)
	at org.gradle.composite.internal.DefaultBuildController.populateWorkGraph(DefaultBuildController.java:76)
	at org.gradle.composite.internal.DefaultIncludedBuildTaskGraph$DefaultBuildTreeWorkGraphBuilder.withWorkGraph(DefaultIncludedBuildTaskGraph.java:153)
	at org.gradle.internal.buildtree.DefaultBuildTreeWorkPreparer.lambda$scheduleRequestedTasks$1(DefaultBuildTreeWorkPreparer.java:41)
	at org.gradle.composite.internal.DefaultIncludedBuildTaskGraph$DefaultBuildTreeWorkGraph$1.run(DefaultIncludedBuildTaskGraph.java:209)
	at org.gradle.internal.operations.DefaultBuildOperationRunner$1.execute(DefaultBuildOperationRunner.java:29)
	at org.gradle.internal.operations.DefaultBuildOperationRunner$1.execute(DefaultBuildOperationRunner.java:26)
	at org.gradle.internal.operations.DefaultBuildOperationRunner$2.execute(DefaultBuildOperationRunner.java:66)
	at org.gradle.internal.operations.DefaultBuildOperationRunner$2.execute(DefaultBuildOperationRunner.java:59)
	at org.gradle.internal.operations.DefaultBuildOperationRunner.execute(DefaultBuildOperationRunner.java:157)
	at org.gradle.internal.operations.DefaultBuildOperationRunner.execute(DefaultBuildOperationRunner.java:59)
	at org.gradle.internal.operations.DefaultBuildOperationRunner.run(DefaultBuildOperationRunner.java:47)
	at org.gradle.internal.operations.DefaultBuildOperationExecutor.run(DefaultBuildOperationExecutor.java:68)
	at org.gradle.composite.internal.DefaultIncludedBuildTaskGraph$DefaultBuildTreeWorkGraph.scheduleWork(DefaultIncludedBuildTaskGraph.java:204)
	at org.gradle.internal.buildtree.DefaultBuildTreeWorkPreparer.scheduleRequestedTasks(DefaultBuildTreeWorkPreparer.java:37)
	at org.gradle.configurationcache.VintageBuildTreeWorkController$scheduleAndRunRequestedTasks$1.apply(VintageBuildTreeWorkController.kt:36)
	at org.gradle.configurationcache.VintageBuildTreeWorkController$scheduleAndRunRequestedTasks$1.apply(VintageBuildTreeWorkController.kt:35)
	at org.gradle.composite.internal.DefaultIncludedBuildTaskGraph.withNewWorkGraph(DefaultIncludedBuildTaskGraph.java:112)
	at org.gradle.configurationcache.VintageBuildTreeWorkController.scheduleAndRunRequestedTasks(VintageBuildTreeWorkController.kt:35)
	at org.gradle.internal.buildtree.DefaultBuildTreeLifecycleController.lambda$scheduleAndRunTasks$1(DefaultBuildTreeLifecycleController.java:76)
	at org.gradle.internal.buildtree.DefaultBuildTreeLifecycleController.lambda$runBuild$4(DefaultBuildTreeLifecycleController.java:119)
	at org.gradle.internal.model.StateTransitionController.lambda$transition$6(StateTransitionController.java:169)
	at org.gradle.internal.model.StateTransitionController.doTransition(StateTransitionController.java:266)
	at org.gradle.internal.model.StateTransitionController.lambda$transition$7(StateTransitionController.java:169)
	at org.gradle.internal.work.DefaultSynchronizer.withLock(DefaultSynchronizer.java:44)
	at org.gradle.internal.model.StateTransitionController.transition(StateTransitionController.java:169)
	at org.gradle.internal.buildtree.DefaultBuildTreeLifecycleController.runBuild(DefaultBuildTreeLifecycleController.java:116)
	at org.gradle.internal.buildtree.DefaultBuildTreeLifecycleController.scheduleAndRunTasks(DefaultBuildTreeLifecycleController.java:76)
	at org.gradle.internal.buildtree.DefaultBuildTreeLifecycleController.scheduleAndRunTasks(DefaultBuildTreeLifecycleController.java:71)
	at org.gradle.tooling.internal.provider.ExecuteBuildActionRunner.run(ExecuteBuildActionRunner.java:31)
	at org.gradle.launcher.exec.ChainingBuildActionRunner.run(ChainingBuildActionRunner.java:35)
	at org.gradle.internal.buildtree.ProblemReportingBuildActionRunner.run(ProblemReportingBuildActionRunner.java:49)
	at org.gradle.launcher.exec.BuildOutcomeReportingBuildActionRunner.run(BuildOutcomeReportingBuildActionRunner.java:65)
	at org.gradle.tooling.internal.provider.FileSystemWatchingBuildActionRunner.run(FileSystemWatchingBuildActionRunner.java:140)
	at org.gradle.launcher.exec.BuildCompletionNotifyingBuildActionRunner.run(BuildCompletionNotifyingBuildActionRunner.java:41)
	at org.gradle.launcher.exec.RootBuildLifecycleBuildActionExecutor.lambda$execute$0(RootBuildLifecycleBuildActionExecutor.java:40)
	at org.gradle.composite.internal.DefaultRootBuildState.run(DefaultRootBuildState.java:123)
	at org.gradle.launcher.exec.RootBuildLifecycleBuildActionExecutor.execute(RootBuildLifecycleBuildActionExecutor.java:40)
	at org.gradle.internal.buildtree.InitDeprecationLoggingActionExecutor.execute(InitDeprecationLoggingActionExecutor.java:62)
	at org.gradle.internal.buildtree.InitProblems.execute(InitProblems.java:38)
	at org.gradle.internal.buildtree.DefaultBuildTreeContext.execute(DefaultBuildTreeContext.java:40)
	at org.gradle.launcher.exec.BuildTreeLifecycleBuildActionExecutor.lambda$execute$0(BuildTreeLifecycleBuildActionExecutor.java:58)
	at org.gradle.internal.buildtree.BuildTreeState.run(BuildTreeState.java:58)
	at org.gradle.launcher.exec.BuildTreeLifecycleBuildActionExecutor.execute(BuildTreeLifecycleBuildActionExecutor.java:58)
	at org.gradle.launcher.exec.RunAsBuildOperationBuildActionExecutor$3.call(RunAsBuildOperationBuildActionExecutor.java:61)
	at org.gradle.launcher.exec.RunAsBuildOperationBuildActionExecutor$3.call(RunAsBuildOperationBuildActionExecutor.java:57)
	at org.gradle.internal.operations.DefaultBuildOperationRunner$CallableBuildOperationWorker.execute(DefaultBuildOperationRunner.java:204)
	at org.gradle.internal.operations.DefaultBuildOperationRunner$CallableBuildOperationWorker.execute(DefaultBuildOperationRunner.java:199)
	at org.gradle.internal.operations.DefaultBuildOperationRunner$2.execute(DefaultBuildOperationRunner.java:66)
	at org.gradle.internal.operations.DefaultBuildOperationRunner$2.execute(DefaultBuildOperationRunner.java:59)
	at org.gradle.internal.operations.DefaultBuildOperationRunner.execute(DefaultBuildOperationRunner.java:157)
	at org.gradle.internal.operations.DefaultBuildOperationRunner.execute(DefaultBuildOperationRunner.java:59)
	at org.gradle.internal.operations.DefaultBuildOperationRunner.call(DefaultBuildOperationRunner.java:53)
	at org.gradle.internal.operations.DefaultBuildOperationExecutor.call(DefaultBuildOperationExecutor.java:73)
	at org.gradle.launcher.exec.RunAsBuildOperationBuildActionExecutor.execute(RunAsBuildOperationBuildActionExecutor.java:57)
	at org.gradle.launcher.exec.RunAsWorkerThreadBuildActionExecutor.lambda$execute$0(RunAsWorkerThreadBuildActionExecutor.java:36)
	at org.gradle.internal.work.DefaultWorkerLeaseService.withLocks(DefaultWorkerLeaseService.java:264)
	at org.gradle.internal.work.DefaultWorkerLeaseService.runAsWorkerThread(DefaultWorkerLeaseService.java:128)
	at org.gradle.launcher.exec.RunAsWorkerThreadBuildActionExecutor.execute(RunAsWorkerThreadBuildActionExecutor.java:36)
	at org.gradle.tooling.internal.provider.continuous.ContinuousBuildActionExecutor.execute(ContinuousBuildActionExecutor.java:110)
	at org.gradle.tooling.internal.provider.SubscribableBuildActionExecutor.execute(SubscribableBuildActionExecutor.java:64)
	at org.gradle.internal.session.DefaultBuildSessionContext.execute(DefaultBuildSessionContext.java:46)
	at org.gradle.tooling.internal.provider.BuildSessionLifecycleBuildActionExecuter$ActionImpl.apply(BuildSessionLifecycleBuildActionExecuter.java:92)
	at org.gradle.tooling.internal.provider.BuildSessionLifecycleBuildActionExecuter$ActionImpl.apply(BuildSessionLifecycleBuildActionExecuter.java:80)
	at org.gradle.internal.session.BuildSessionState.run(BuildSessionState.java:69)
	at org.gradle.tooling.internal.provider.BuildSessionLifecycleBuildActionExecuter.execute(BuildSessionLifecycleBuildActionExecuter.java:62)
	at org.gradle.tooling.internal.provider.BuildSessionLifecycleBuildActionExecuter.execute(BuildSessionLifecycleBuildActionExecuter.java:41)
	at org.gradle.tooling.internal.provider.StartParamsValidatingActionExecuter.execute(StartParamsValidatingActionExecuter.java:64)
	at org.gradle.tooling.internal.provider.StartParamsValidatingActionExecuter.execute(StartParamsValidatingActionExecuter.java:32)
	at org.gradle.tooling.internal.provider.SessionFailureReportingActionExecuter.execute(SessionFailureReportingActionExecuter.java:51)
	at org.gradle.tooling.internal.provider.SessionFailureReportingActionExecuter.execute(SessionFailureReportingActionExecuter.java:39)
	at org.gradle.tooling.internal.provider.SetupLoggingActionExecuter.execute(SetupLoggingActionExecuter.java:47)
	at org.gradle.tooling.internal.provider.SetupLoggingActionExecuter.execute(SetupLoggingActionExecuter.java:31)
	at org.gradle.launcher.daemon.server.exec.ExecuteBuild.doBuild(ExecuteBuild.java:65)
	at org.gradle.launcher.daemon.server.exec.BuildCommandOnly.execute(BuildCommandOnly.java:37)
	at org.gradle.launcher.daemon.server.api.DaemonCommandExecution.proceed(DaemonCommandExecution.java:104)
	at org.gradle.launcher.daemon.server.exec.WatchForDisconnection.execute(WatchForDisconnection.java:39)
	at org.gradle.launcher.daemon.server.api.DaemonCommandExecution.proceed(DaemonCommandExecution.java:104)
	at org.gradle.launcher.daemon.server.exec.ResetDeprecationLogger.execute(ResetDeprecationLogger.java:29)
	at org.gradle.launcher.daemon.server.api.DaemonCommandExecution.proceed(DaemonCommandExecution.java:104)
	at org.gradle.launcher.daemon.server.exec.RequestStopIfSingleUsedDaemon.execute(RequestStopIfSingleUsedDaemon.java:35)
	at org.gradle.launcher.daemon.server.api.DaemonCommandExecution.proceed(DaemonCommandExecution.java:104)
	at org.gradle.launcher.daemon.server.exec.ForwardClientInput$2.create(ForwardClientInput.java:78)
	at org.gradle.launcher.daemon.server.exec.ForwardClientInput$2.create(ForwardClientInput.java:75)
	at org.gradle.util.internal.Swapper.swap(Swapper.java:38)
	at org.gradle.launcher.daemon.server.exec.ForwardClientInput.execute(ForwardClientInput.java:75)
	at org.gradle.launcher.daemon.server.api.DaemonCommandExecution.proceed(DaemonCommandExecution.java:104)
	at org.gradle.launcher.daemon.server.exec.LogAndCheckHealth.execute(LogAndCheckHealth.java:64)
	at org.gradle.launcher.daemon.server.api.DaemonCommandExecution.proceed(DaemonCommandExecution.java:104)
	at org.gradle.launcher.daemon.server.exec.LogToClient.doBuild(LogToClient.java:63)
	at org.gradle.launcher.daemon.server.exec.BuildCommandOnly.execute(BuildCommandOnly.java:37)
	at org.gradle.launcher.daemon.server.api.DaemonCommandExecution.proceed(DaemonCommandExecution.java:104)
	at org.gradle.launcher.daemon.server.exec.EstablishBuildEnvironment.doBuild(EstablishBuildEnvironment.java:84)
	at org.gradle.launcher.daemon.server.exec.BuildCommandOnly.execute(BuildCommandOnly.java:37)
	at org.gradle.launcher.daemon.server.api.DaemonCommandExecution.proceed(DaemonCommandExecution.java:104)
	at org.gradle.launcher.daemon.server.exec.StartBuildOrRespondWithBusy$1.run(StartBuildOrRespondWithBusy.java:52)
	at org.gradle.launcher.daemon.server.DaemonStateCoordinator$1.run(DaemonStateCoordinator.java:297)
	at org.gradle.internal.concurrent.ExecutorPolicy$CatchAndRecordFailures.onExecute(ExecutorPolicy.java:64)
	at org.gradle.internal.concurrent.AbstractManagedExecutor$1.run(AbstractManagedExecutor.java:47)
	at java.base/java.util.concurrent.ThreadPoolExecutor.runWorker(ThreadPoolExecutor.java:1136)
	at java.base/java.util.concurrent.ThreadPoolExecutor$Worker.run(ThreadPoolExecutor.java:635)
	at java.base/java.lang.Thread.run(Thread.java:840)
[gradle-intellij-plugin :] Cannot create plugin from file '/opt/android-studio/plugins/performanceTesting': Invalid plugin descriptor 'plugin.xml'. Unable to read the plugin descriptor: No enum constant com.jetbrains.plugin.structure.intellij.plugin.IdePluginContentDescriptor.ListenerType.APPLİCATİON.
Unable to read descriptor [plugin.xml] from [/opt/android-studio/plugins/platform-images/lib/platform-images.jar]
java.lang.IllegalArgumentException: No enum constant com.jetbrains.plugin.structure.intellij.plugin.IdePluginContentDescriptor.ServiceType.APPLİCATİON
	at java.base/java.lang.Enum.valueOf(Enum.java:273)
	at com.jetbrains.plugin.structure.intellij.plugin.IdePluginContentDescriptor$ServiceType.valueOf(IdePluginContents.kt)
	at com.jetbrains.plugin.structure.intellij.plugin.PluginCreator.readServiceDescriptor(PluginCreator.kt:406)
	at com.jetbrains.plugin.structure.intellij.plugin.PluginCreator.readExtensions(PluginCreator.kt:341)
	at com.jetbrains.plugin.structure.intellij.plugin.PluginCreator.setInfoFromBean(PluginCreator.kt:320)
	at com.jetbrains.plugin.structure.intellij.plugin.PluginCreator.resolveDocumentAndValidateBean(PluginCreator.kt:664)
	at com.jetbrains.plugin.structure.intellij.plugin.PluginCreator.access$resolveDocumentAndValidateBean(PluginCreator.kt:31)
	at com.jetbrains.plugin.structure.intellij.plugin.PluginCreator$Companion.createPlugin(PluginCreator.kt:109)
	at com.jetbrains.plugin.structure.intellij.plugin.IdePluginManager.loadPluginInfoFromJarFile(IdePluginManager.kt:62)
	at com.jetbrains.plugin.structure.intellij.plugin.IdePluginManager.loadPluginInfoFromLibDirectory(IdePluginManager.kt:165)
	at com.jetbrains.plugin.structure.intellij.plugin.IdePluginManager.loadPluginInfoFromDirectory(IdePluginManager.kt:97)
	at com.jetbrains.plugin.structure.intellij.plugin.IdePluginManager.loadPluginInfoFromJarOrDirectory(IdePluginManager.kt:206)
	at com.jetbrains.plugin.structure.intellij.plugin.IdePluginManager.getPluginCreatorWithResult(IdePluginManager.kt:347)
	at com.jetbrains.plugin.structure.intellij.plugin.IdePluginManager.createPlugin(IdePluginManager.kt:314)
	at com.jetbrains.plugin.structure.intellij.plugin.IdePluginManager.createPlugin$default(IdePluginManager.kt:312)
	at org.jetbrains.intellij.Utils.createPlugin(utils.kt:222)
	at org.jetbrains.intellij.dependency.BuiltinPluginsRegistry.add(BuiltinPluginsRegistry.kt:89)
	at org.jetbrains.intellij.dependency.BuiltinPluginsRegistry.fillFromDirectory(BuiltinPluginsRegistry.kt:47)
	at org.jetbrains.intellij.dependency.BuiltinPluginsRegistry.access$fillFromDirectory(BuiltinPluginsRegistry.kt:21)
	at org.jetbrains.intellij.dependency.BuiltinPluginsRegistry$Companion.fromDirectory(BuiltinPluginsRegistry.kt:127)
	at org.jetbrains.intellij.dependency.IdeaDependencyManager.createDependency(IdeaDependencyManager.kt:92)
	at org.jetbrains.intellij.dependency.IdeaDependencyManager.resolveLocal(IdeaDependencyManager.kt:430)
	at org.jetbrains.intellij.IntelliJPlugin$prepareIdeaDependencyProvider$1.call(IntelliJPlugin.kt:299)
	at org.jetbrains.intellij.IntelliJPlugin$prepareIdeaDependencyProvider$1.call(IntelliJPlugin.kt:266)
	at org.gradle.api.internal.provider.DefaultProvider.calculateOwnValue(DefaultProvider.java:72)
	at org.gradle.api.internal.provider.AbstractMinimalProvider.calculateValue(AbstractMinimalProvider.java:115)
	at org.gradle.api.internal.provider.TransformBackedProvider.calculateOwnValue(TransformBackedProvider.java:82)
	at org.gradle.api.internal.provider.AbstractMinimalProvider.calculateValue(AbstractMinimalProvider.java:115)
	at org.gradle.api.internal.provider.AbstractMinimalProvider.withFinalValue(AbstractMinimalProvider.java:168)
	at org.gradle.api.internal.provider.DefaultProperty.finalValue(DefaultProperty.java:133)
	at org.gradle.api.internal.provider.DefaultProperty.finalValue(DefaultProperty.java:26)
	at org.gradle.api.internal.provider.AbstractProperty.finalizeNow(AbstractProperty.java:245)
	at org.gradle.api.internal.provider.AbstractProperty.beforeRead(AbstractProperty.java:239)
	at org.gradle.api.internal.provider.AbstractProperty.calculateOwnValue(AbstractProperty.java:135)
	at org.gradle.api.internal.provider.AbstractMinimalProvider.calculateValue(AbstractMinimalProvider.java:115)
	at org.gradle.api.internal.provider.TransformBackedProvider.calculateOwnValue(TransformBackedProvider.java:82)
	at org.gradle.api.internal.provider.AbstractMinimalProvider.calculateValue(AbstractMinimalProvider.java:115)
	at org.gradle.api.internal.provider.TransformBackedProvider.calculateOwnValue(TransformBackedProvider.java:82)
	at org.gradle.api.internal.provider.AbstractMinimalProvider.calculateValue(AbstractMinimalProvider.java:115)
	at org.gradle.api.internal.provider.DefaultProperty.calculateValueFrom(DefaultProperty.java:128)
	at org.gradle.api.internal.provider.DefaultProperty.calculateValueFrom(DefaultProperty.java:26)
	at org.gradle.api.internal.provider.AbstractProperty.doCalculateValue(AbstractProperty.java:142)
	at org.gradle.api.internal.provider.AbstractProperty.calculateOwnValue(AbstractProperty.java:136)
	at org.gradle.api.internal.provider.AbstractMinimalProvider.getOrNull(AbstractMinimalProvider.java:105)
	at org.jetbrains.intellij.IntelliJPlugin$prepareConventionMappingsForRunIdeTask$8.call(IntelliJPlugin.kt:963)
	at org.jetbrains.intellij.IntelliJPlugin$prepareConventionMappingsForRunIdeTask$8.call(IntelliJPlugin.kt:958)
	at org.gradle.api.internal.provider.DefaultProvider.calculateOwnValue(DefaultProvider.java:72)
	at org.gradle.api.internal.provider.AbstractMinimalProvider.calculateValue(AbstractMinimalProvider.java:115)
	at org.gradle.api.internal.provider.TransformBackedProvider.calculateOwnValue(TransformBackedProvider.java:82)
	at org.gradle.api.internal.provider.AbstractMinimalProvider.calculateValue(AbstractMinimalProvider.java:115)
	at org.gradle.api.internal.provider.DefaultProperty.calculateValueFrom(DefaultProperty.java:128)
	at org.gradle.api.internal.provider.DefaultProperty.calculateValueFrom(DefaultProperty.java:26)
	at org.gradle.api.internal.provider.AbstractProperty.doCalculateValue(AbstractProperty.java:142)
	at org.gradle.api.internal.provider.AbstractProperty.calculateOwnValue(AbstractProperty.java:136)
	at org.gradle.api.internal.provider.AbstractMinimalProvider.calculateOwnPresentValue(AbstractMinimalProvider.java:80)
	at org.gradle.api.internal.provider.AbstractMinimalProvider.get(AbstractMinimalProvider.java:100)
	at org.jetbrains.intellij.tasks.RunIdeBase.getExecutable(RunIdeBase.kt:202)
	at org.jetbrains.intellij.tasks.BuildSearchableOptionsTask_Decorated.getExecutable(Unknown Source)
	at org.gradle.api.tasks.internal.JavaExecExecutableUtils.getExecutableOverrideToolchainSpec(JavaExecExecutableUtils.java:30)
	at org.gradle.api.tasks.JavaExec.lambda$new$0(JavaExec.java:144)
	at org.gradle.api.internal.provider.DefaultProvider.calculateOwnValue(DefaultProvider.java:72)
	at org.gradle.api.internal.provider.AbstractMinimalProvider.calculateValue(AbstractMinimalProvider.java:115)
	at org.gradle.api.internal.provider.FlatMapProvider.calculateOwnValue(FlatMapProvider.java:46)
	at org.gradle.api.internal.provider.AbstractMinimalProvider.calculateValue(AbstractMinimalProvider.java:115)
	at org.gradle.api.internal.provider.OrElseProvider.calculateOwnValue(OrElseProvider.java:76)
	at org.gradle.api.internal.provider.AbstractMinimalProvider.calculateValue(AbstractMinimalProvider.java:115)
	at org.gradle.api.internal.provider.TransformBackedProvider.calculateOwnValue(TransformBackedProvider.java:82)
	at org.gradle.api.internal.provider.AbstractMinimalProvider.calculateValue(AbstractMinimalProvider.java:115)
	at org.gradle.api.internal.provider.AbstractMinimalProvider.withFinalValue(AbstractMinimalProvider.java:168)
	at org.gradle.api.internal.provider.DefaultProperty.finalValue(DefaultProperty.java:133)
	at org.gradle.api.internal.provider.DefaultProperty.finalValue(DefaultProperty.java:26)
	at org.gradle.api.internal.provider.AbstractProperty.finalizeNow(AbstractProperty.java:245)
	at org.gradle.api.internal.provider.AbstractProperty.beforeRead(AbstractProperty.java:239)
	at org.gradle.api.internal.provider.AbstractProperty.calculateOwnValue(AbstractProperty.java:135)
	at org.gradle.api.internal.provider.AbstractMinimalProvider.getOrNull(AbstractMinimalProvider.java:105)
	at org.gradle.internal.properties.annotations.AbstractTypeMetadataWalker$InstanceTypeMetadataWalker.lambda$walkNestedProvider$0(AbstractTypeMetadataWalker.java:137)
	at org.gradle.internal.properties.annotations.AbstractTypeMetadataWalker$InstanceTypeMetadataWalker.walkNestedChild(AbstractTypeMetadataWalker.java:184)
	at org.gradle.internal.properties.annotations.AbstractTypeMetadataWalker$InstanceTypeMetadataWalker.walkNestedProvider(AbstractTypeMetadataWalker.java:136)
	at org.gradle.internal.properties.annotations.AbstractTypeMetadataWalker$InstanceTypeMetadataWalker.walkNestedProvider(AbstractTypeMetadataWalker.java:118)
	at org.gradle.internal.properties.annotations.AbstractTypeMetadataWalker.walkNested(AbstractTypeMetadataWalker.java:60)
	at org.gradle.internal.properties.annotations.AbstractTypeMetadataWalker.lambda$walkChildren$3(AbstractTypeMetadataWalker.java:85)
	at org.gradle.internal.properties.annotations.AbstractTypeMetadataWalker$InstanceTypeMetadataWalker.walkNestedChild(AbstractTypeMetadataWalker.java:190)
	at org.gradle.internal.properties.annotations.AbstractTypeMetadataWalker$InstanceTypeMetadataWalker.walkNestedChild(AbstractTypeMetadataWalker.java:171)
	at org.gradle.internal.properties.annotations.AbstractTypeMetadataWalker$InstanceTypeMetadataWalker.walkNestedChild(AbstractTypeMetadataWalker.java:118)
	at org.gradle.internal.properties.annotations.AbstractTypeMetadataWalker.lambda$walkChildren$4(AbstractTypeMetadataWalker.java:85)
	at java.base/java.lang.Iterable.forEach(Iterable.java:75)
	at org.gradle.internal.properties.annotations.AbstractTypeMetadataWalker.walkChildren(AbstractTypeMetadataWalker.java:83)
	at org.gradle.internal.properties.annotations.AbstractTypeMetadataWalker.walk(AbstractTypeMetadataWalker.java:53)
	at org.gradle.internal.properties.bean.DefaultPropertyWalker.visitProperties(DefaultPropertyWalker.java:65)
	at org.gradle.api.internal.tasks.TaskPropertyUtils.visitAnnotatedProperties(TaskPropertyUtils.java:58)
	at org.gradle.api.internal.tasks.TaskPropertyUtils.visitProperties(TaskPropertyUtils.java:45)
	at org.gradle.api.internal.tasks.TaskPropertyUtils.visitProperties(TaskPropertyUtils.java:35)
	at org.gradle.api.internal.tasks.DefaultTaskInputs.visitDependencies(DefaultTaskInputs.java:195)
	at org.gradle.api.internal.tasks.DefaultTaskDependency.visitDependencies(DefaultTaskDependency.java:112)
	at org.gradle.api.internal.tasks.CachingTaskDependencyResolveContext$TaskGraphImpl.getNodeValues(CachingTaskDependencyResolveContext.java:103)
	at org.gradle.internal.graph.CachingDirectedGraphWalker$GraphWithEmptyEdges.getNodeValues(CachingDirectedGraphWalker.java:213)
	at org.gradle.internal.graph.CachingDirectedGraphWalker.doSearch(CachingDirectedGraphWalker.java:121)
	at org.gradle.internal.graph.CachingDirectedGraphWalker.findValues(CachingDirectedGraphWalker.java:73)
	at org.gradle.api.internal.tasks.CachingTaskDependencyResolveContext.getDependencies(CachingTaskDependencyResolveContext.java:66)
	at org.gradle.execution.plan.TaskDependencyResolver.resolveDependenciesFor(TaskDependencyResolver.java:49)
	at org.gradle.execution.plan.LocalTaskNode.getDependencies(LocalTaskNode.java:148)
	at org.gradle.execution.plan.LocalTaskNode.resolveDependencies(LocalTaskNode.java:122)
	at org.gradle.execution.plan.DefaultExecutionPlan.discoverNodeRelationships(DefaultExecutionPlan.java:183)
	at org.gradle.execution.plan.DefaultExecutionPlan.doAddEntryNodes(DefaultExecutionPlan.java:155)
	at org.gradle.execution.plan.DefaultExecutionPlan.addEntryTasks(DefaultExecutionPlan.java:130)
	at org.gradle.execution.plan.DefaultExecutionPlan.addEntryTasks(DefaultExecutionPlan.java:122)
	at org.gradle.execution.TaskNameResolvingBuildTaskScheduler.scheduleRequestedTasks(TaskNameResolvingBuildTaskScheduler.java:54)
	at org.gradle.execution.DefaultTasksBuildTaskScheduler.scheduleRequestedTasks(DefaultTasksBuildTaskScheduler.java:72)
	at org.gradle.initialization.DefaultTaskExecutionPreparer.lambda$scheduleRequestedTasks$0(DefaultTaskExecutionPreparer.java:46)
	at org.gradle.internal.Factories$1.create(Factories.java:31)
	at org.gradle.internal.work.DefaultWorkerLeaseService.withReplacedLocks(DefaultWorkerLeaseService.java:360)
	at org.gradle.api.internal.project.DefaultProjectStateRegistry$DefaultBuildProjectRegistry.withMutableStateOfAllProjects(DefaultProjectStateRegistry.java:239)
	at org.gradle.api.internal.project.DefaultProjectStateRegistry$DefaultBuildProjectRegistry.withMutableStateOfAllProjects(DefaultProjectStateRegistry.java:232)
	at org.gradle.initialization.DefaultTaskExecutionPreparer.scheduleRequestedTasks(DefaultTaskExecutionPreparer.java:45)
	at org.gradle.initialization.VintageBuildModelController.lambda$scheduleRequestedTasks$0(VintageBuildModelController.java:76)
	at org.gradle.internal.model.StateTransitionController.lambda$inState$1(StateTransitionController.java:99)
	at org.gradle.internal.model.StateTransitionController.lambda$inState$2(StateTransitionController.java:114)
	at org.gradle.internal.work.DefaultSynchronizer.withLock(DefaultSynchronizer.java:44)
	at org.gradle.internal.model.StateTransitionController.inState(StateTransitionController.java:110)
	at org.gradle.internal.model.StateTransitionController.inState(StateTransitionController.java:98)
	at org.gradle.initialization.VintageBuildModelController.scheduleRequestedTasks(VintageBuildModelController.java:76)
	at org.gradle.internal.build.DefaultBuildLifecycleController$DefaultWorkGraphBuilder.addRequestedTasks(DefaultBuildLifecycleController.java:404)
	at org.gradle.internal.buildtree.DefaultBuildTreeWorkPreparer.lambda$scheduleRequestedTasks$0(DefaultBuildTreeWorkPreparer.java:41)
	at org.gradle.internal.build.DefaultBuildLifecycleController.lambda$populateWorkGraph$7(DefaultBuildLifecycleController.java:189)
	at org.gradle.internal.build.DefaultBuildWorkPreparer.populateWorkGraph(DefaultBuildWorkPreparer.java:42)
	at org.gradle.internal.build.BuildOperationFiringBuildWorkPreparer$PopulateWorkGraph.populateTaskGraph(BuildOperationFiringBuildWorkPreparer.java:106)
	at org.gradle.internal.build.BuildOperationFiringBuildWorkPreparer$PopulateWorkGraph.run(BuildOperationFiringBuildWorkPreparer.java:92)
	at org.gradle.internal.operations.DefaultBuildOperationRunner$1.execute(DefaultBuildOperationRunner.java:29)
	at org.gradle.internal.operations.DefaultBuildOperationRunner$1.execute(DefaultBuildOperationRunner.java:26)
	at org.gradle.internal.operations.DefaultBuildOperationRunner$2.execute(DefaultBuildOperationRunner.java:66)
	at org.gradle.internal.operations.DefaultBuildOperationRunner$2.execute(DefaultBuildOperationRunner.java:59)
	at org.gradle.internal.operations.DefaultBuildOperationRunner.execute(DefaultBuildOperationRunner.java:157)
	at org.gradle.internal.operations.DefaultBuildOperationRunner.execute(DefaultBuildOperationRunner.java:59)
	at org.gradle.internal.operations.DefaultBuildOperationRunner.run(DefaultBuildOperationRunner.java:47)
	at org.gradle.internal.operations.DefaultBuildOperationExecutor.run(DefaultBuildOperationExecutor.java:68)
	at org.gradle.internal.build.BuildOperationFiringBuildWorkPreparer.populateWorkGraph(BuildOperationFiringBuildWorkPreparer.java:67)
	at org.gradle.internal.build.DefaultBuildLifecycleController.lambda$populateWorkGraph$8(DefaultBuildLifecycleController.java:189)
	at org.gradle.internal.model.StateTransitionController.lambda$inState$1(StateTransitionController.java:99)
	at org.gradle.internal.model.StateTransitionController.lambda$inState$2(StateTransitionController.java:114)
	at org.gradle.internal.work.DefaultSynchronizer.withLock(DefaultSynchronizer.java:44)
	at org.gradle.internal.model.StateTransitionController.inState(StateTransitionController.java:110)
	at org.gradle.internal.model.StateTransitionController.inState(StateTransitionController.java:98)
	at org.gradle.internal.build.DefaultBuildLifecycleController.populateWorkGraph(DefaultBuildLifecycleController.java:189)
	at org.gradle.internal.build.DefaultBuildWorkGraphController$DefaultBuildWorkGraph.populateWorkGraph(DefaultBuildWorkGraphController.java:169)
	at org.gradle.composite.internal.DefaultBuildController.populateWorkGraph(DefaultBuildController.java:76)
	at org.gradle.composite.internal.DefaultIncludedBuildTaskGraph$DefaultBuildTreeWorkGraphBuilder.withWorkGraph(DefaultIncludedBuildTaskGraph.java:153)
	at org.gradle.internal.buildtree.DefaultBuildTreeWorkPreparer.lambda$scheduleRequestedTasks$1(DefaultBuildTreeWorkPreparer.java:41)
	at org.gradle.composite.internal.DefaultIncludedBuildTaskGraph$DefaultBuildTreeWorkGraph$1.run(DefaultIncludedBuildTaskGraph.java:209)
	at org.gradle.internal.operations.DefaultBuildOperationRunner$1.execute(DefaultBuildOperationRunner.java:29)
	at org.gradle.internal.operations.DefaultBuildOperationRunner$1.execute(DefaultBuildOperationRunner.java:26)
	at org.gradle.internal.operations.DefaultBuildOperationRunner$2.execute(DefaultBuildOperationRunner.java:66)
	at org.gradle.internal.operations.DefaultBuildOperationRunner$2.execute(DefaultBuildOperationRunner.java:59)
	at org.gradle.internal.operations.DefaultBuildOperationRunner.execute(DefaultBuildOperationRunner.java:157)
	at org.gradle.internal.operations.DefaultBuildOperationRunner.execute(DefaultBuildOperationRunner.java:59)
	at org.gradle.internal.operations.DefaultBuildOperationRunner.run(DefaultBuildOperationRunner.java:47)
	at org.gradle.internal.operations.DefaultBuildOperationExecutor.run(DefaultBuildOperationExecutor.java:68)
	at org.gradle.composite.internal.DefaultIncludedBuildTaskGraph$DefaultBuildTreeWorkGraph.scheduleWork(DefaultIncludedBuildTaskGraph.java:204)
	at org.gradle.internal.buildtree.DefaultBuildTreeWorkPreparer.scheduleRequestedTasks(DefaultBuildTreeWorkPreparer.java:37)
	at org.gradle.configurationcache.VintageBuildTreeWorkController$scheduleAndRunRequestedTasks$1.apply(VintageBuildTreeWorkController.kt:36)
	at org.gradle.configurationcache.VintageBuildTreeWorkController$scheduleAndRunRequestedTasks$1.apply(VintageBuildTreeWorkController.kt:35)
	at org.gradle.composite.internal.DefaultIncludedBuildTaskGraph.withNewWorkGraph(DefaultIncludedBuildTaskGraph.java:112)
	at org.gradle.configurationcache.VintageBuildTreeWorkController.scheduleAndRunRequestedTasks(VintageBuildTreeWorkController.kt:35)
	at org.gradle.internal.buildtree.DefaultBuildTreeLifecycleController.lambda$scheduleAndRunTasks$1(DefaultBuildTreeLifecycleController.java:76)
	at org.gradle.internal.buildtree.DefaultBuildTreeLifecycleController.lambda$runBuild$4(DefaultBuildTreeLifecycleController.java:119)
	at org.gradle.internal.model.StateTransitionController.lambda$transition$6(StateTransitionController.java:169)
	at org.gradle.internal.model.StateTransitionController.doTransition(StateTransitionController.java:266)
	at org.gradle.internal.model.StateTransitionController.lambda$transition$7(StateTransitionController.java:169)
	at org.gradle.internal.work.DefaultSynchronizer.withLock(DefaultSynchronizer.java:44)
	at org.gradle.internal.model.StateTransitionController.transition(StateTransitionController.java:169)
	at org.gradle.internal.buildtree.DefaultBuildTreeLifecycleController.runBuild(DefaultBuildTreeLifecycleController.java:116)
	at org.gradle.internal.buildtree.DefaultBuildTreeLifecycleController.scheduleAndRunTasks(DefaultBuildTreeLifecycleController.java:76)
	at org.gradle.internal.buildtree.DefaultBuildTreeLifecycleController.scheduleAndRunTasks(DefaultBuildTreeLifecycleController.java:71)
	at org.gradle.tooling.internal.provider.ExecuteBuildActionRunner.run(ExecuteBuildActionRunner.java:31)
	at org.gradle.launcher.exec.ChainingBuildActionRunner.run(ChainingBuildActionRunner.java:35)
	at org.gradle.internal.buildtree.ProblemReportingBuildActionRunner.run(ProblemReportingBuildActionRunner.java:49)
	at org.gradle.launcher.exec.BuildOutcomeReportingBuildActionRunner.run(BuildOutcomeReportingBuildActionRunner.java:65)
	at org.gradle.tooling.internal.provider.FileSystemWatchingBuildActionRunner.run(FileSystemWatchingBuildActionRunner.java:140)
	at org.gradle.launcher.exec.BuildCompletionNotifyingBuildActionRunner.run(BuildCompletionNotifyingBuildActionRunner.java:41)
	at org.gradle.launcher.exec.RootBuildLifecycleBuildActionExecutor.lambda$execute$0(RootBuildLifecycleBuildActionExecutor.java:40)
	at org.gradle.composite.internal.DefaultRootBuildState.run(DefaultRootBuildState.java:123)
	at org.gradle.launcher.exec.RootBuildLifecycleBuildActionExecutor.execute(RootBuildLifecycleBuildActionExecutor.java:40)
	at org.gradle.internal.buildtree.InitDeprecationLoggingActionExecutor.execute(InitDeprecationLoggingActionExecutor.java:62)
	at org.gradle.internal.buildtree.InitProblems.execute(InitProblems.java:38)
	at org.gradle.internal.buildtree.DefaultBuildTreeContext.execute(DefaultBuildTreeContext.java:40)
	at org.gradle.launcher.exec.BuildTreeLifecycleBuildActionExecutor.lambda$execute$0(BuildTreeLifecycleBuildActionExecutor.java:58)
	at org.gradle.internal.buildtree.BuildTreeState.run(BuildTreeState.java:58)
	at org.gradle.launcher.exec.BuildTreeLifecycleBuildActionExecutor.execute(BuildTreeLifecycleBuildActionExecutor.java:58)
	at org.gradle.launcher.exec.RunAsBuildOperationBuildActionExecutor$3.call(RunAsBuildOperationBuildActionExecutor.java:61)
	at org.gradle.launcher.exec.RunAsBuildOperationBuildActionExecutor$3.call(RunAsBuildOperationBuildActionExecutor.java:57)
	at org.gradle.internal.operations.DefaultBuildOperationRunner$CallableBuildOperationWorker.execute(DefaultBuildOperationRunner.java:204)
	at org.gradle.internal.operations.DefaultBuildOperationRunner$CallableBuildOperationWorker.execute(DefaultBuildOperationRunner.java:199)
	at org.gradle.internal.operations.DefaultBuildOperationRunner$2.execute(DefaultBuildOperationRunner.java:66)
	at org.gradle.internal.operations.DefaultBuildOperationRunner$2.execute(DefaultBuildOperationRunner.java:59)
	at org.gradle.internal.operations.DefaultBuildOperationRunner.execute(DefaultBuildOperationRunner.java:157)
	at org.gradle.internal.operations.DefaultBuildOperationRunner.execute(DefaultBuildOperationRunner.java:59)
	at org.gradle.internal.operations.DefaultBuildOperationRunner.call(DefaultBuildOperationRunner.java:53)
	at org.gradle.internal.operations.DefaultBuildOperationExecutor.call(DefaultBuildOperationExecutor.java:73)
	at org.gradle.launcher.exec.RunAsBuildOperationBuildActionExecutor.execute(RunAsBuildOperationBuildActionExecutor.java:57)
	at org.gradle.launcher.exec.RunAsWorkerThreadBuildActionExecutor.lambda$execute$0(RunAsWorkerThreadBuildActionExecutor.java:36)
	at org.gradle.internal.work.DefaultWorkerLeaseService.withLocks(DefaultWorkerLeaseService.java:264)
	at org.gradle.internal.work.DefaultWorkerLeaseService.runAsWorkerThread(DefaultWorkerLeaseService.java:128)
	at org.gradle.launcher.exec.RunAsWorkerThreadBuildActionExecutor.execute(RunAsWorkerThreadBuildActionExecutor.java:36)
	at org.gradle.tooling.internal.provider.continuous.ContinuousBuildActionExecutor.execute(ContinuousBuildActionExecutor.java:110)
	at org.gradle.tooling.internal.provider.SubscribableBuildActionExecutor.execute(SubscribableBuildActionExecutor.java:64)
	at org.gradle.internal.session.DefaultBuildSessionContext.execute(DefaultBuildSessionContext.java:46)
	at org.gradle.tooling.internal.provider.BuildSessionLifecycleBuildActionExecuter$ActionImpl.apply(BuildSessionLifecycleBuildActionExecuter.java:92)
	at org.gradle.tooling.internal.provider.BuildSessionLifecycleBuildActionExecuter$ActionImpl.apply(BuildSessionLifecycleBuildActionExecuter.java:80)
	at org.gradle.internal.session.BuildSessionState.run(BuildSessionState.java:69)
	at org.gradle.tooling.internal.provider.BuildSessionLifecycleBuildActionExecuter.execute(BuildSessionLifecycleBuildActionExecuter.java:62)
	at org.gradle.tooling.internal.provider.BuildSessionLifecycleBuildActionExecuter.execute(BuildSessionLifecycleBuildActionExecuter.java:41)
	at org.gradle.tooling.internal.provider.StartParamsValidatingActionExecuter.execute(StartParamsValidatingActionExecuter.java:64)
	at org.gradle.tooling.internal.provider.StartParamsValidatingActionExecuter.execute(StartParamsValidatingActionExecuter.java:32)
	at org.gradle.tooling.internal.provider.SessionFailureReportingActionExecuter.execute(SessionFailureReportingActionExecuter.java:51)
	at org.gradle.tooling.internal.provider.SessionFailureReportingActionExecuter.execute(SessionFailureReportingActionExecuter.java:39)
	at org.gradle.tooling.internal.provider.SetupLoggingActionExecuter.execute(SetupLoggingActionExecuter.java:47)
	at org.gradle.tooling.internal.provider.SetupLoggingActionExecuter.execute(SetupLoggingActionExecuter.java:31)
	at org.gradle.launcher.daemon.server.exec.ExecuteBuild.doBuild(ExecuteBuild.java:65)
	at org.gradle.launcher.daemon.server.exec.BuildCommandOnly.execute(BuildCommandOnly.java:37)
	at org.gradle.launcher.daemon.server.api.DaemonCommandExecution.proceed(DaemonCommandExecution.java:104)
	at org.gradle.launcher.daemon.server.exec.WatchForDisconnection.execute(WatchForDisconnection.java:39)
	at org.gradle.launcher.daemon.server.api.DaemonCommandExecution.proceed(DaemonCommandExecution.java:104)
	at org.gradle.launcher.daemon.server.exec.ResetDeprecationLogger.execute(ResetDeprecationLogger.java:29)
	at org.gradle.launcher.daemon.server.api.DaemonCommandExecution.proceed(DaemonCommandExecution.java:104)
	at org.gradle.launcher.daemon.server.exec.RequestStopIfSingleUsedDaemon.execute(RequestStopIfSingleUsedDaemon.java:35)
	at org.gradle.launcher.daemon.server.api.DaemonCommandExecution.proceed(DaemonCommandExecution.java:104)
	at org.gradle.launcher.daemon.server.exec.ForwardClientInput$2.create(ForwardClientInput.java:78)
	at org.gradle.launcher.daemon.server.exec.ForwardClientInput$2.create(ForwardClientInput.java:75)
	at org.gradle.util.internal.Swapper.swap(Swapper.java:38)
	at org.gradle.launcher.daemon.server.exec.ForwardClientInput.execute(ForwardClientInput.java:75)
	at org.gradle.launcher.daemon.server.api.DaemonCommandExecution.proceed(DaemonCommandExecution.java:104)
	at org.gradle.launcher.daemon.server.exec.LogAndCheckHealth.execute(LogAndCheckHealth.java:64)
	at org.gradle.launcher.daemon.server.api.DaemonCommandExecution.proceed(DaemonCommandExecution.java:104)
	at org.gradle.launcher.daemon.server.exec.LogToClient.doBuild(LogToClient.java:63)
	at org.gradle.launcher.daemon.server.exec.BuildCommandOnly.execute(BuildCommandOnly.java:37)
	at org.gradle.launcher.daemon.server.api.DaemonCommandExecution.proceed(DaemonCommandExecution.java:104)
	at org.gradle.launcher.daemon.server.exec.EstablishBuildEnvironment.doBuild(EstablishBuildEnvironment.java:84)
	at org.gradle.launcher.daemon.server.exec.BuildCommandOnly.execute(BuildCommandOnly.java:37)
	at org.gradle.launcher.daemon.server.api.DaemonCommandExecution.proceed(DaemonCommandExecution.java:104)
	at org.gradle.launcher.daemon.server.exec.StartBuildOrRespondWithBusy$1.run(StartBuildOrRespondWithBusy.java:52)
	at org.gradle.launcher.daemon.server.DaemonStateCoordinator$1.run(DaemonStateCoordinator.java:297)
	at org.gradle.internal.concurrent.ExecutorPolicy$CatchAndRecordFailures.onExecute(ExecutorPolicy.java:64)
	at org.gradle.internal.concurrent.AbstractManagedExecutor$1.run(AbstractManagedExecutor.java:47)
	at java.base/java.util.concurrent.ThreadPoolExecutor.runWorker(ThreadPoolExecutor.java:1136)
	at java.base/java.util.concurrent.ThreadPoolExecutor$Worker.run(ThreadPoolExecutor.java:635)
	at java.base/java.lang.Thread.run(Thread.java:840)
[gradle-intellij-plugin :] Cannot create plugin from file '/opt/android-studio/plugins/platform-images': Invalid plugin descriptor 'plugin.xml'. Unable to read the plugin descriptor: No enum constant com.jetbrains.plugin.structure.intellij.plugin.IdePluginContentDescriptor.ServiceType.APPLİCATİON.
Unable to read descriptor [plugin.xml] from [/opt/android-studio/plugins/platform-langInjection/lib/platform-langInjection.jar]
java.lang.IllegalArgumentException: No enum constant com.jetbrains.plugin.structure.intellij.plugin.IdePluginContentDescriptor.ServiceType.APPLİCATİON
	at java.base/java.lang.Enum.valueOf(Enum.java:273)
	at com.jetbrains.plugin.structure.intellij.plugin.IdePluginContentDescriptor$ServiceType.valueOf(IdePluginContents.kt)
	at com.jetbrains.plugin.structure.intellij.plugin.PluginCreator.readServiceDescriptor(PluginCreator.kt:406)
	at com.jetbrains.plugin.structure.intellij.plugin.PluginCreator.readExtensions(PluginCreator.kt:341)
	at com.jetbrains.plugin.structure.intellij.plugin.PluginCreator.setInfoFromBean(PluginCreator.kt:320)
	at com.jetbrains.plugin.structure.intellij.plugin.PluginCreator.resolveDocumentAndValidateBean(PluginCreator.kt:664)
	at com.jetbrains.plugin.structure.intellij.plugin.PluginCreator.access$resolveDocumentAndValidateBean(PluginCreator.kt:31)
	at com.jetbrains.plugin.structure.intellij.plugin.PluginCreator$Companion.createPlugin(PluginCreator.kt:109)
	at com.jetbrains.plugin.structure.intellij.plugin.IdePluginManager.loadPluginInfoFromJarFile(IdePluginManager.kt:62)
	at com.jetbrains.plugin.structure.intellij.plugin.IdePluginManager.loadPluginInfoFromLibDirectory(IdePluginManager.kt:165)
	at com.jetbrains.plugin.structure.intellij.plugin.IdePluginManager.loadPluginInfoFromDirectory(IdePluginManager.kt:97)
	at com.jetbrains.plugin.structure.intellij.plugin.IdePluginManager.loadPluginInfoFromJarOrDirectory(IdePluginManager.kt:206)
	at com.jetbrains.plugin.structure.intellij.plugin.IdePluginManager.getPluginCreatorWithResult(IdePluginManager.kt:347)
	at com.jetbrains.plugin.structure.intellij.plugin.IdePluginManager.createPlugin(IdePluginManager.kt:314)
	at com.jetbrains.plugin.structure.intellij.plugin.IdePluginManager.createPlugin$default(IdePluginManager.kt:312)
	at org.jetbrains.intellij.Utils.createPlugin(utils.kt:222)
	at org.jetbrains.intellij.dependency.BuiltinPluginsRegistry.add(BuiltinPluginsRegistry.kt:89)
	at org.jetbrains.intellij.dependency.BuiltinPluginsRegistry.fillFromDirectory(BuiltinPluginsRegistry.kt:47)
	at org.jetbrains.intellij.dependency.BuiltinPluginsRegistry.access$fillFromDirectory(BuiltinPluginsRegistry.kt:21)
	at org.jetbrains.intellij.dependency.BuiltinPluginsRegistry$Companion.fromDirectory(BuiltinPluginsRegistry.kt:127)
	at org.jetbrains.intellij.dependency.IdeaDependencyManager.createDependency(IdeaDependencyManager.kt:92)
	at org.jetbrains.intellij.dependency.IdeaDependencyManager.resolveLocal(IdeaDependencyManager.kt:430)
	at org.jetbrains.intellij.IntelliJPlugin$prepareIdeaDependencyProvider$1.call(IntelliJPlugin.kt:299)
	at org.jetbrains.intellij.IntelliJPlugin$prepareIdeaDependencyProvider$1.call(IntelliJPlugin.kt:266)
	at org.gradle.api.internal.provider.DefaultProvider.calculateOwnValue(DefaultProvider.java:72)
	at org.gradle.api.internal.provider.AbstractMinimalProvider.calculateValue(AbstractMinimalProvider.java:115)
	at org.gradle.api.internal.provider.TransformBackedProvider.calculateOwnValue(TransformBackedProvider.java:82)
	at org.gradle.api.internal.provider.AbstractMinimalProvider.calculateValue(AbstractMinimalProvider.java:115)
	at org.gradle.api.internal.provider.AbstractMinimalProvider.withFinalValue(AbstractMinimalProvider.java:168)
	at org.gradle.api.internal.provider.DefaultProperty.finalValue(DefaultProperty.java:133)
	at org.gradle.api.internal.provider.DefaultProperty.finalValue(DefaultProperty.java:26)
	at org.gradle.api.internal.provider.AbstractProperty.finalizeNow(AbstractProperty.java:245)
	at org.gradle.api.internal.provider.AbstractProperty.beforeRead(AbstractProperty.java:239)
	at org.gradle.api.internal.provider.AbstractProperty.calculateOwnValue(AbstractProperty.java:135)
	at org.gradle.api.internal.provider.AbstractMinimalProvider.calculateValue(AbstractMinimalProvider.java:115)
	at org.gradle.api.internal.provider.TransformBackedProvider.calculateOwnValue(TransformBackedProvider.java:82)
	at org.gradle.api.internal.provider.AbstractMinimalProvider.calculateValue(AbstractMinimalProvider.java:115)
	at org.gradle.api.internal.provider.TransformBackedProvider.calculateOwnValue(TransformBackedProvider.java:82)
	at org.gradle.api.internal.provider.AbstractMinimalProvider.calculateValue(AbstractMinimalProvider.java:115)
	at org.gradle.api.internal.provider.DefaultProperty.calculateValueFrom(DefaultProperty.java:128)
	at org.gradle.api.internal.provider.DefaultProperty.calculateValueFrom(DefaultProperty.java:26)
	at org.gradle.api.internal.provider.AbstractProperty.doCalculateValue(AbstractProperty.java:142)
	at org.gradle.api.internal.provider.AbstractProperty.calculateOwnValue(AbstractProperty.java:136)
	at org.gradle.api.internal.provider.AbstractMinimalProvider.getOrNull(AbstractMinimalProvider.java:105)
	at org.jetbrains.intellij.IntelliJPlugin$prepareConventionMappingsForRunIdeTask$8.call(IntelliJPlugin.kt:963)
	at org.jetbrains.intellij.IntelliJPlugin$prepareConventionMappingsForRunIdeTask$8.call(IntelliJPlugin.kt:958)
	at org.gradle.api.internal.provider.DefaultProvider.calculateOwnValue(DefaultProvider.java:72)
	at org.gradle.api.internal.provider.AbstractMinimalProvider.calculateValue(AbstractMinimalProvider.java:115)
	at org.gradle.api.internal.provider.TransformBackedProvider.calculateOwnValue(TransformBackedProvider.java:82)
	at org.gradle.api.internal.provider.AbstractMinimalProvider.calculateValue(AbstractMinimalProvider.java:115)
	at org.gradle.api.internal.provider.DefaultProperty.calculateValueFrom(DefaultProperty.java:128)
	at org.gradle.api.internal.provider.DefaultProperty.calculateValueFrom(DefaultProperty.java:26)
	at org.gradle.api.internal.provider.AbstractProperty.doCalculateValue(AbstractProperty.java:142)
	at org.gradle.api.internal.provider.AbstractProperty.calculateOwnValue(AbstractProperty.java:136)
	at org.gradle.api.internal.provider.AbstractMinimalProvider.calculateOwnPresentValue(AbstractMinimalProvider.java:80)
	at org.gradle.api.internal.provider.AbstractMinimalProvider.get(AbstractMinimalProvider.java:100)
	at org.jetbrains.intellij.tasks.RunIdeBase.getExecutable(RunIdeBase.kt:202)
	at org.jetbrains.intellij.tasks.BuildSearchableOptionsTask_Decorated.getExecutable(Unknown Source)
	at org.gradle.api.tasks.internal.JavaExecExecutableUtils.getExecutableOverrideToolchainSpec(JavaExecExecutableUtils.java:30)
	at org.gradle.api.tasks.JavaExec.lambda$new$0(JavaExec.java:144)
	at org.gradle.api.internal.provider.DefaultProvider.calculateOwnValue(DefaultProvider.java:72)
	at org.gradle.api.internal.provider.AbstractMinimalProvider.calculateValue(AbstractMinimalProvider.java:115)
	at org.gradle.api.internal.provider.FlatMapProvider.calculateOwnValue(FlatMapProvider.java:46)
	at org.gradle.api.internal.provider.AbstractMinimalProvider.calculateValue(AbstractMinimalProvider.java:115)
	at org.gradle.api.internal.provider.OrElseProvider.calculateOwnValue(OrElseProvider.java:76)
	at org.gradle.api.internal.provider.AbstractMinimalProvider.calculateValue(AbstractMinimalProvider.java:115)
	at org.gradle.api.internal.provider.TransformBackedProvider.calculateOwnValue(TransformBackedProvider.java:82)
	at org.gradle.api.internal.provider.AbstractMinimalProvider.calculateValue(AbstractMinimalProvider.java:115)
	at org.gradle.api.internal.provider.AbstractMinimalProvider.withFinalValue(AbstractMinimalProvider.java:168)
	at org.gradle.api.internal.provider.DefaultProperty.finalValue(DefaultProperty.java:133)
	at org.gradle.api.internal.provider.DefaultProperty.finalValue(DefaultProperty.java:26)
	at org.gradle.api.internal.provider.AbstractProperty.finalizeNow(AbstractProperty.java:245)
	at org.gradle.api.internal.provider.AbstractProperty.beforeRead(AbstractProperty.java:239)
	at org.gradle.api.internal.provider.AbstractProperty.calculateOwnValue(AbstractProperty.java:135)
	at org.gradle.api.internal.provider.AbstractMinimalProvider.getOrNull(AbstractMinimalProvider.java:105)
	at org.gradle.internal.properties.annotations.AbstractTypeMetadataWalker$InstanceTypeMetadataWalker.lambda$walkNestedProvider$0(AbstractTypeMetadataWalker.java:137)
	at org.gradle.internal.properties.annotations.AbstractTypeMetadataWalker$InstanceTypeMetadataWalker.walkNestedChild(AbstractTypeMetadataWalker.java:184)
	at org.gradle.internal.properties.annotations.AbstractTypeMetadataWalker$InstanceTypeMetadataWalker.walkNestedProvider(AbstractTypeMetadataWalker.java:136)
	at org.gradle.internal.properties.annotations.AbstractTypeMetadataWalker$InstanceTypeMetadataWalker.walkNestedProvider(AbstractTypeMetadataWalker.java:118)
	at org.gradle.internal.properties.annotations.AbstractTypeMetadataWalker.walkNested(AbstractTypeMetadataWalker.java:60)
	at org.gradle.internal.properties.annotations.AbstractTypeMetadataWalker.lambda$walkChildren$3(AbstractTypeMetadataWalker.java:85)
	at org.gradle.internal.properties.annotations.AbstractTypeMetadataWalker$InstanceTypeMetadataWalker.walkNestedChild(AbstractTypeMetadataWalker.java:190)
	at org.gradle.internal.properties.annotations.AbstractTypeMetadataWalker$InstanceTypeMetadataWalker.walkNestedChild(AbstractTypeMetadataWalker.java:171)
	at org.gradle.internal.properties.annotations.AbstractTypeMetadataWalker$InstanceTypeMetadataWalker.walkNestedChild(AbstractTypeMetadataWalker.java:118)
	at org.gradle.internal.properties.annotations.AbstractTypeMetadataWalker.lambda$walkChildren$4(AbstractTypeMetadataWalker.java:85)
	at java.base/java.lang.Iterable.forEach(Iterable.java:75)
	at org.gradle.internal.properties.annotations.AbstractTypeMetadataWalker.walkChildren(AbstractTypeMetadataWalker.java:83)
	at org.gradle.internal.properties.annotations.AbstractTypeMetadataWalker.walk(AbstractTypeMetadataWalker.java:53)
	at org.gradle.internal.properties.bean.DefaultPropertyWalker.visitProperties(DefaultPropertyWalker.java:65)
	at org.gradle.api.internal.tasks.TaskPropertyUtils.visitAnnotatedProperties(TaskPropertyUtils.java:58)
	at org.gradle.api.internal.tasks.TaskPropertyUtils.visitProperties(TaskPropertyUtils.java:45)
	at org.gradle.api.internal.tasks.TaskPropertyUtils.visitProperties(TaskPropertyUtils.java:35)
	at org.gradle.api.internal.tasks.DefaultTaskInputs.visitDependencies(DefaultTaskInputs.java:195)
	at org.gradle.api.internal.tasks.DefaultTaskDependency.visitDependencies(DefaultTaskDependency.java:112)
	at org.gradle.api.internal.tasks.CachingTaskDependencyResolveContext$TaskGraphImpl.getNodeValues(CachingTaskDependencyResolveContext.java:103)
	at org.gradle.internal.graph.CachingDirectedGraphWalker$GraphWithEmptyEdges.getNodeValues(CachingDirectedGraphWalker.java:213)
	at org.gradle.internal.graph.CachingDirectedGraphWalker.doSearch(CachingDirectedGraphWalker.java:121)
	at org.gradle.internal.graph.CachingDirectedGraphWalker.findValues(CachingDirectedGraphWalker.java:73)
	at org.gradle.api.internal.tasks.CachingTaskDependencyResolveContext.getDependencies(CachingTaskDependencyResolveContext.java:66)
	at org.gradle.execution.plan.TaskDependencyResolver.resolveDependenciesFor(TaskDependencyResolver.java:49)
	at org.gradle.execution.plan.LocalTaskNode.getDependencies(LocalTaskNode.java:148)
	at org.gradle.execution.plan.LocalTaskNode.resolveDependencies(LocalTaskNode.java:122)
	at org.gradle.execution.plan.DefaultExecutionPlan.discoverNodeRelationships(DefaultExecutionPlan.java:183)
	at org.gradle.execution.plan.DefaultExecutionPlan.doAddEntryNodes(DefaultExecutionPlan.java:155)
	at org.gradle.execution.plan.DefaultExecutionPlan.addEntryTasks(DefaultExecutionPlan.java:130)
	at org.gradle.execution.plan.DefaultExecutionPlan.addEntryTasks(DefaultExecutionPlan.java:122)
	at org.gradle.execution.TaskNameResolvingBuildTaskScheduler.scheduleRequestedTasks(TaskNameResolvingBuildTaskScheduler.java:54)
	at org.gradle.execution.DefaultTasksBuildTaskScheduler.scheduleRequestedTasks(DefaultTasksBuildTaskScheduler.java:72)
	at org.gradle.initialization.DefaultTaskExecutionPreparer.lambda$scheduleRequestedTasks$0(DefaultTaskExecutionPreparer.java:46)
	at org.gradle.internal.Factories$1.create(Factories.java:31)
	at org.gradle.internal.work.DefaultWorkerLeaseService.withReplacedLocks(DefaultWorkerLeaseService.java:360)
	at org.gradle.api.internal.project.DefaultProjectStateRegistry$DefaultBuildProjectRegistry.withMutableStateOfAllProjects(DefaultProjectStateRegistry.java:239)
	at org.gradle.api.internal.project.DefaultProjectStateRegistry$DefaultBuildProjectRegistry.withMutableStateOfAllProjects(DefaultProjectStateRegistry.java:232)
	at org.gradle.initialization.DefaultTaskExecutionPreparer.scheduleRequestedTasks(DefaultTaskExecutionPreparer.java:45)
	at org.gradle.initialization.VintageBuildModelController.lambda$scheduleRequestedTasks$0(VintageBuildModelController.java:76)
	at org.gradle.internal.model.StateTransitionController.lambda$inState$1(StateTransitionController.java:99)
	at org.gradle.internal.model.StateTransitionController.lambda$inState$2(StateTransitionController.java:114)
	at org.gradle.internal.work.DefaultSynchronizer.withLock(DefaultSynchronizer.java:44)
	at org.gradle.internal.model.StateTransitionController.inState(StateTransitionController.java:110)
	at org.gradle.internal.model.StateTransitionController.inState(StateTransitionController.java:98)
	at org.gradle.initialization.VintageBuildModelController.scheduleRequestedTasks(VintageBuildModelController.java:76)
	at org.gradle.internal.build.DefaultBuildLifecycleController$DefaultWorkGraphBuilder.addRequestedTasks(DefaultBuildLifecycleController.java:404)
	at org.gradle.internal.buildtree.DefaultBuildTreeWorkPreparer.lambda$scheduleRequestedTasks$0(DefaultBuildTreeWorkPreparer.java:41)
	at org.gradle.internal.build.DefaultBuildLifecycleController.lambda$populateWorkGraph$7(DefaultBuildLifecycleController.java:189)
	at org.gradle.internal.build.DefaultBuildWorkPreparer.populateWorkGraph(DefaultBuildWorkPreparer.java:42)
	at org.gradle.internal.build.BuildOperationFiringBuildWorkPreparer$PopulateWorkGraph.populateTaskGraph(BuildOperationFiringBuildWorkPreparer.java:106)
	at org.gradle.internal.build.BuildOperationFiringBuildWorkPreparer$PopulateWorkGraph.run(BuildOperationFiringBuildWorkPreparer.java:92)
	at org.gradle.internal.operations.DefaultBuildOperationRunner$1.execute(DefaultBuildOperationRunner.java:29)
	at org.gradle.internal.operations.DefaultBuildOperationRunner$1.execute(DefaultBuildOperationRunner.java:26)
	at org.gradle.internal.operations.DefaultBuildOperationRunner$2.execute(DefaultBuildOperationRunner.java:66)
	at org.gradle.internal.operations.DefaultBuildOperationRunner$2.execute(DefaultBuildOperationRunner.java:59)
	at org.gradle.internal.operations.DefaultBuildOperationRunner.execute(DefaultBuildOperationRunner.java:157)
	at org.gradle.internal.operations.DefaultBuildOperationRunner.execute(DefaultBuildOperationRunner.java:59)
	at org.gradle.internal.operations.DefaultBuildOperationRunner.run(DefaultBuildOperationRunner.java:47)
	at org.gradle.internal.operations.DefaultBuildOperationExecutor.run(DefaultBuildOperationExecutor.java:68)
	at org.gradle.internal.build.BuildOperationFiringBuildWorkPreparer.populateWorkGraph(BuildOperationFiringBuildWorkPreparer.java:67)
	at org.gradle.internal.build.DefaultBuildLifecycleController.lambda$populateWorkGraph$8(DefaultBuildLifecycleController.java:189)
	at org.gradle.internal.model.StateTransitionController.lambda$inState$1(StateTransitionController.java:99)
	at org.gradle.internal.model.StateTransitionController.lambda$inState$2(StateTransitionController.java:114)
	at org.gradle.internal.work.DefaultSynchronizer.withLock(DefaultSynchronizer.java:44)
	at org.gradle.internal.model.StateTransitionController.inState(StateTransitionController.java:110)
	at org.gradle.internal.model.StateTransitionController.inState(StateTransitionController.java:98)
	at org.gradle.internal.build.DefaultBuildLifecycleController.populateWorkGraph(DefaultBuildLifecycleController.java:189)
	at org.gradle.internal.build.DefaultBuildWorkGraphController$DefaultBuildWorkGraph.populateWorkGraph(DefaultBuildWorkGraphController.java:169)
	at org.gradle.composite.internal.DefaultBuildController.populateWorkGraph(DefaultBuildController.java:76)
	at org.gradle.composite.internal.DefaultIncludedBuildTaskGraph$DefaultBuildTreeWorkGraphBuilder.withWorkGraph(DefaultIncludedBuildTaskGraph.java:153)
	at org.gradle.internal.buildtree.DefaultBuildTreeWorkPreparer.lambda$scheduleRequestedTasks$1(DefaultBuildTreeWorkPreparer.java:41)
	at org.gradle.composite.internal.DefaultIncludedBuildTaskGraph$DefaultBuildTreeWorkGraph$1.run(DefaultIncludedBuildTaskGraph.java:209)
	at org.gradle.internal.operations.DefaultBuildOperationRunner$1.execute(DefaultBuildOperationRunner.java:29)
	at org.gradle.internal.operations.DefaultBuildOperationRunner$1.execute(DefaultBuildOperationRunner.java:26)
	at org.gradle.internal.operations.DefaultBuildOperationRunner$2.execute(DefaultBuildOperationRunner.java:66)
	at org.gradle.internal.operations.DefaultBuildOperationRunner$2.execute(DefaultBuildOperationRunner.java:59)
	at org.gradle.internal.operations.DefaultBuildOperationRunner.execute(DefaultBuildOperationRunner.java:157)
	at org.gradle.internal.operations.DefaultBuildOperationRunner.execute(DefaultBuildOperationRunner.java:59)
	at org.gradle.internal.operations.DefaultBuildOperationRunner.run(DefaultBuildOperationRunner.java:47)
	at org.gradle.internal.operations.DefaultBuildOperationExecutor.run(DefaultBuildOperationExecutor.java:68)
	at org.gradle.composite.internal.DefaultIncludedBuildTaskGraph$DefaultBuildTreeWorkGraph.scheduleWork(DefaultIncludedBuildTaskGraph.java:204)
	at org.gradle.internal.buildtree.DefaultBuildTreeWorkPreparer.scheduleRequestedTasks(DefaultBuildTreeWorkPreparer.java:37)
	at org.gradle.configurationcache.VintageBuildTreeWorkController$scheduleAndRunRequestedTasks$1.apply(VintageBuildTreeWorkController.kt:36)
	at org.gradle.configurationcache.VintageBuildTreeWorkController$scheduleAndRunRequestedTasks$1.apply(VintageBuildTreeWorkController.kt:35)
	at org.gradle.composite.internal.DefaultIncludedBuildTaskGraph.withNewWorkGraph(DefaultIncludedBuildTaskGraph.java:112)
	at org.gradle.configurationcache.VintageBuildTreeWorkController.scheduleAndRunRequestedTasks(VintageBuildTreeWorkController.kt:35)
	at org.gradle.internal.buildtree.DefaultBuildTreeLifecycleController.lambda$scheduleAndRunTasks$1(DefaultBuildTreeLifecycleController.java:76)
	at org.gradle.internal.buildtree.DefaultBuildTreeLifecycleController.lambda$runBuild$4(DefaultBuildTreeLifecycleController.java:119)
	at org.gradle.internal.model.StateTransitionController.lambda$transition$6(StateTransitionController.java:169)
	at org.gradle.internal.model.StateTransitionController.doTransition(StateTransitionController.java:266)
	at org.gradle.internal.model.StateTransitionController.lambda$transition$7(StateTransitionController.java:169)
	at org.gradle.internal.work.DefaultSynchronizer.withLock(DefaultSynchronizer.java:44)
	at org.gradle.internal.model.StateTransitionController.transition(StateTransitionController.java:169)
	at org.gradle.internal.buildtree.DefaultBuildTreeLifecycleController.runBuild(DefaultBuildTreeLifecycleController.java:116)
	at org.gradle.internal.buildtree.DefaultBuildTreeLifecycleController.scheduleAndRunTasks(DefaultBuildTreeLifecycleController.java:76)
	at org.gradle.internal.buildtree.DefaultBuildTreeLifecycleController.scheduleAndRunTasks(DefaultBuildTreeLifecycleController.java:71)
	at org.gradle.tooling.internal.provider.ExecuteBuildActionRunner.run(ExecuteBuildActionRunner.java:31)
	at org.gradle.launcher.exec.ChainingBuildActionRunner.run(ChainingBuildActionRunner.java:35)
	at org.gradle.internal.buildtree.ProblemReportingBuildActionRunner.run(ProblemReportingBuildActionRunner.java:49)
	at org.gradle.launcher.exec.BuildOutcomeReportingBuildActionRunner.run(BuildOutcomeReportingBuildActionRunner.java:65)
	at org.gradle.tooling.internal.provider.FileSystemWatchingBuildActionRunner.run(FileSystemWatchingBuildActionRunner.java:140)
	at org.gradle.launcher.exec.BuildCompletionNotifyingBuildActionRunner.run(BuildCompletionNotifyingBuildActionRunner.java:41)
	at org.gradle.launcher.exec.RootBuildLifecycleBuildActionExecutor.lambda$execute$0(RootBuildLifecycleBuildActionExecutor.java:40)
	at org.gradle.composite.internal.DefaultRootBuildState.run(DefaultRootBuildState.java:123)
	at org.gradle.launcher.exec.RootBuildLifecycleBuildActionExecutor.execute(RootBuildLifecycleBuildActionExecutor.java:40)
	at org.gradle.internal.buildtree.InitDeprecationLoggingActionExecutor.execute(InitDeprecationLoggingActionExecutor.java:62)
	at org.gradle.internal.buildtree.InitProblems.execute(InitProblems.java:38)
	at org.gradle.internal.buildtree.DefaultBuildTreeContext.execute(DefaultBuildTreeContext.java:40)
	at org.gradle.launcher.exec.BuildTreeLifecycleBuildActionExecutor.lambda$execute$0(BuildTreeLifecycleBuildActionExecutor.java:58)
	at org.gradle.internal.buildtree.BuildTreeState.run(BuildTreeState.java:58)
	at org.gradle.launcher.exec.BuildTreeLifecycleBuildActionExecutor.execute(BuildTreeLifecycleBuildActionExecutor.java:58)
	at org.gradle.launcher.exec.RunAsBuildOperationBuildActionExecutor$3.call(RunAsBuildOperationBuildActionExecutor.java:61)
	at org.gradle.launcher.exec.RunAsBuildOperationBuildActionExecutor$3.call(RunAsBuildOperationBuildActionExecutor.java:57)
	at org.gradle.internal.operations.DefaultBuildOperationRunner$CallableBuildOperationWorker.execute(DefaultBuildOperationRunner.java:204)
	at org.gradle.internal.operations.DefaultBuildOperationRunner$CallableBuildOperationWorker.execute(DefaultBuildOperationRunner.java:199)
	at org.gradle.internal.operations.DefaultBuildOperationRunner$2.execute(DefaultBuildOperationRunner.java:66)
	at org.gradle.internal.operations.DefaultBuildOperationRunner$2.execute(DefaultBuildOperationRunner.java:59)
	at org.gradle.internal.operations.DefaultBuildOperationRunner.execute(DefaultBuildOperationRunner.java:157)
	at org.gradle.internal.operations.DefaultBuildOperationRunner.execute(DefaultBuildOperationRunner.java:59)
	at org.gradle.internal.operations.DefaultBuildOperationRunner.call(DefaultBuildOperationRunner.java:53)
	at org.gradle.internal.operations.DefaultBuildOperationExecutor.call(DefaultBuildOperationExecutor.java:73)
	at org.gradle.launcher.exec.RunAsBuildOperationBuildActionExecutor.execute(RunAsBuildOperationBuildActionExecutor.java:57)
	at org.gradle.launcher.exec.RunAsWorkerThreadBuildActionExecutor.lambda$execute$0(RunAsWorkerThreadBuildActionExecutor.java:36)
	at org.gradle.internal.work.DefaultWorkerLeaseService.withLocks(DefaultWorkerLeaseService.java:264)
	at org.gradle.internal.work.DefaultWorkerLeaseService.runAsWorkerThread(DefaultWorkerLeaseService.java:128)
	at org.gradle.launcher.exec.RunAsWorkerThreadBuildActionExecutor.execute(RunAsWorkerThreadBuildActionExecutor.java:36)
	at org.gradle.tooling.internal.provider.continuous.ContinuousBuildActionExecutor.execute(ContinuousBuildActionExecutor.java:110)
	at org.gradle.tooling.internal.provider.SubscribableBuildActionExecutor.execute(SubscribableBuildActionExecutor.java:64)
	at org.gradle.internal.session.DefaultBuildSessionContext.execute(DefaultBuildSessionContext.java:46)
	at org.gradle.tooling.internal.provider.BuildSessionLifecycleBuildActionExecuter$ActionImpl.apply(BuildSessionLifecycleBuildActionExecuter.java:92)
	at org.gradle.tooling.internal.provider.BuildSessionLifecycleBuildActionExecuter$ActionImpl.apply(BuildSessionLifecycleBuildActionExecuter.java:80)
	at org.gradle.internal.session.BuildSessionState.run(BuildSessionState.java:69)
	at org.gradle.tooling.internal.provider.BuildSessionLifecycleBuildActionExecuter.execute(BuildSessionLifecycleBuildActionExecuter.java:62)
	at org.gradle.tooling.internal.provider.BuildSessionLifecycleBuildActionExecuter.execute(BuildSessionLifecycleBuildActionExecuter.java:41)
	at org.gradle.tooling.internal.provider.StartParamsValidatingActionExecuter.execute(StartParamsValidatingActionExecuter.java:64)
	at org.gradle.tooling.internal.provider.StartParamsValidatingActionExecuter.execute(StartParamsValidatingActionExecuter.java:32)
	at org.gradle.tooling.internal.provider.SessionFailureReportingActionExecuter.execute(SessionFailureReportingActionExecuter.java:51)
	at org.gradle.tooling.internal.provider.SessionFailureReportingActionExecuter.execute(SessionFailureReportingActionExecuter.java:39)
	at org.gradle.tooling.internal.provider.SetupLoggingActionExecuter.execute(SetupLoggingActionExecuter.java:47)
	at org.gradle.tooling.internal.provider.SetupLoggingActionExecuter.execute(SetupLoggingActionExecuter.java:31)
	at org.gradle.launcher.daemon.server.exec.ExecuteBuild.doBuild(ExecuteBuild.java:65)
	at org.gradle.launcher.daemon.server.exec.BuildCommandOnly.execute(BuildCommandOnly.java:37)
	at org.gradle.launcher.daemon.server.api.DaemonCommandExecution.proceed(DaemonCommandExecution.java:104)
	at org.gradle.launcher.daemon.server.exec.WatchForDisconnection.execute(WatchForDisconnection.java:39)
	at org.gradle.launcher.daemon.server.api.DaemonCommandExecution.proceed(DaemonCommandExecution.java:104)
	at org.gradle.launcher.daemon.server.exec.ResetDeprecationLogger.execute(ResetDeprecationLogger.java:29)
	at org.gradle.launcher.daemon.server.api.DaemonCommandExecution.proceed(DaemonCommandExecution.java:104)
	at org.gradle.launcher.daemon.server.exec.RequestStopIfSingleUsedDaemon.execute(RequestStopIfSingleUsedDaemon.java:35)
	at org.gradle.launcher.daemon.server.api.DaemonCommandExecution.proceed(DaemonCommandExecution.java:104)
	at org.gradle.launcher.daemon.server.exec.ForwardClientInput$2.create(ForwardClientInput.java:78)
	at org.gradle.launcher.daemon.server.exec.ForwardClientInput$2.create(ForwardClientInput.java:75)
	at org.gradle.util.internal.Swapper.swap(Swapper.java:38)
	at org.gradle.launcher.daemon.server.exec.ForwardClientInput.execute(ForwardClientInput.java:75)
	at org.gradle.launcher.daemon.server.api.DaemonCommandExecution.proceed(DaemonCommandExecution.java:104)
	at org.gradle.launcher.daemon.server.exec.LogAndCheckHealth.execute(LogAndCheckHealth.java:64)
	at org.gradle.launcher.daemon.server.api.DaemonCommandExecution.proceed(DaemonCommandExecution.java:104)
	at org.gradle.launcher.daemon.server.exec.LogToClient.doBuild(LogToClient.java:63)
	at org.gradle.launcher.daemon.server.exec.BuildCommandOnly.execute(BuildCommandOnly.java:37)
	at org.gradle.launcher.daemon.server.api.DaemonCommandExecution.proceed(DaemonCommandExecution.java:104)
	at org.gradle.launcher.daemon.server.exec.EstablishBuildEnvironment.doBuild(EstablishBuildEnvironment.java:84)
	at org.gradle.launcher.daemon.server.exec.BuildCommandOnly.execute(BuildCommandOnly.java:37)
	at org.gradle.launcher.daemon.server.api.DaemonCommandExecution.proceed(DaemonCommandExecution.java:104)
	at org.gradle.launcher.daemon.server.exec.StartBuildOrRespondWithBusy$1.run(StartBuildOrRespondWithBusy.java:52)
	at org.gradle.launcher.daemon.server.DaemonStateCoordinator$1.run(DaemonStateCoordinator.java:297)
	at org.gradle.internal.concurrent.ExecutorPolicy$CatchAndRecordFailures.onExecute(ExecutorPolicy.java:64)
	at org.gradle.internal.concurrent.AbstractManagedExecutor$1.run(AbstractManagedExecutor.java:47)
	at java.base/java.util.concurrent.ThreadPoolExecutor.runWorker(ThreadPoolExecutor.java:1136)
	at java.base/java.util.concurrent.ThreadPoolExecutor$Worker.run(ThreadPoolExecutor.java:635)
	at java.base/java.lang.Thread.run(Thread.java:840)
[gradle-intellij-plugin :] Cannot create plugin from file '/opt/android-studio/plugins/platform-langInjection': Invalid plugin descriptor 'plugin.xml'. Unable to read the plugin descriptor: No enum constant com.jetbrains.plugin.structure.intellij.plugin.IdePluginContentDescriptor.ServiceType.APPLİCATİON.
Unable to read descriptor [plugin.xml] from [/opt/android-studio/plugins/properties/lib/properties.jar]
java.lang.IllegalArgumentException: No enum constant com.jetbrains.plugin.structure.intellij.plugin.IdePluginContentDescriptor.ServiceType.APPLİCATİON
	at java.base/java.lang.Enum.valueOf(Enum.java:273)
	at com.jetbrains.plugin.structure.intellij.plugin.IdePluginContentDescriptor$ServiceType.valueOf(IdePluginContents.kt)
	at com.jetbrains.plugin.structure.intellij.plugin.PluginCreator.readServiceDescriptor(PluginCreator.kt:406)
	at com.jetbrains.plugin.structure.intellij.plugin.PluginCreator.readExtensions(PluginCreator.kt:341)
	at com.jetbrains.plugin.structure.intellij.plugin.PluginCreator.setInfoFromBean(PluginCreator.kt:320)
	at com.jetbrains.plugin.structure.intellij.plugin.PluginCreator.resolveDocumentAndValidateBean(PluginCreator.kt:664)
	at com.jetbrains.plugin.structure.intellij.plugin.PluginCreator.access$resolveDocumentAndValidateBean(PluginCreator.kt:31)
	at com.jetbrains.plugin.structure.intellij.plugin.PluginCreator$Companion.createPlugin(PluginCreator.kt:109)
	at com.jetbrains.plugin.structure.intellij.plugin.IdePluginManager.loadPluginInfoFromJarFile(IdePluginManager.kt:62)
	at com.jetbrains.plugin.structure.intellij.plugin.IdePluginManager.loadPluginInfoFromLibDirectory(IdePluginManager.kt:165)
	at com.jetbrains.plugin.structure.intellij.plugin.IdePluginManager.loadPluginInfoFromDirectory(IdePluginManager.kt:97)
	at com.jetbrains.plugin.structure.intellij.plugin.IdePluginManager.loadPluginInfoFromJarOrDirectory(IdePluginManager.kt:206)
	at com.jetbrains.plugin.structure.intellij.plugin.IdePluginManager.getPluginCreatorWithResult(IdePluginManager.kt:347)
	at com.jetbrains.plugin.structure.intellij.plugin.IdePluginManager.createPlugin(IdePluginManager.kt:314)
	at com.jetbrains.plugin.structure.intellij.plugin.IdePluginManager.createPlugin$default(IdePluginManager.kt:312)
	at org.jetbrains.intellij.Utils.createPlugin(utils.kt:222)
	at org.jetbrains.intellij.dependency.BuiltinPluginsRegistry.add(BuiltinPluginsRegistry.kt:89)
	at org.jetbrains.intellij.dependency.BuiltinPluginsRegistry.fillFromDirectory(BuiltinPluginsRegistry.kt:47)
	at org.jetbrains.intellij.dependency.BuiltinPluginsRegistry.access$fillFromDirectory(BuiltinPluginsRegistry.kt:21)
	at org.jetbrains.intellij.dependency.BuiltinPluginsRegistry$Companion.fromDirectory(BuiltinPluginsRegistry.kt:127)
	at org.jetbrains.intellij.dependency.IdeaDependencyManager.createDependency(IdeaDependencyManager.kt:92)
	at org.jetbrains.intellij.dependency.IdeaDependencyManager.resolveLocal(IdeaDependencyManager.kt:430)
	at org.jetbrains.intellij.IntelliJPlugin$prepareIdeaDependencyProvider$1.call(IntelliJPlugin.kt:299)
	at org.jetbrains.intellij.IntelliJPlugin$prepareIdeaDependencyProvider$1.call(IntelliJPlugin.kt:266)
	at org.gradle.api.internal.provider.DefaultProvider.calculateOwnValue(DefaultProvider.java:72)
	at org.gradle.api.internal.provider.AbstractMinimalProvider.calculateValue(AbstractMinimalProvider.java:115)
	at org.gradle.api.internal.provider.TransformBackedProvider.calculateOwnValue(TransformBackedProvider.java:82)
	at org.gradle.api.internal.provider.AbstractMinimalProvider.calculateValue(AbstractMinimalProvider.java:115)
	at org.gradle.api.internal.provider.AbstractMinimalProvider.withFinalValue(AbstractMinimalProvider.java:168)
	at org.gradle.api.internal.provider.DefaultProperty.finalValue(DefaultProperty.java:133)
	at org.gradle.api.internal.provider.DefaultProperty.finalValue(DefaultProperty.java:26)
	at org.gradle.api.internal.provider.AbstractProperty.finalizeNow(AbstractProperty.java:245)
	at org.gradle.api.internal.provider.AbstractProperty.beforeRead(AbstractProperty.java:239)
	at org.gradle.api.internal.provider.AbstractProperty.calculateOwnValue(AbstractProperty.java:135)
	at org.gradle.api.internal.provider.AbstractMinimalProvider.calculateValue(AbstractMinimalProvider.java:115)
	at org.gradle.api.internal.provider.TransformBackedProvider.calculateOwnValue(TransformBackedProvider.java:82)
	at org.gradle.api.internal.provider.AbstractMinimalProvider.calculateValue(AbstractMinimalProvider.java:115)
	at org.gradle.api.internal.provider.TransformBackedProvider.calculateOwnValue(TransformBackedProvider.java:82)
	at org.gradle.api.internal.provider.AbstractMinimalProvider.calculateValue(AbstractMinimalProvider.java:115)
	at org.gradle.api.internal.provider.DefaultProperty.calculateValueFrom(DefaultProperty.java:128)
	at org.gradle.api.internal.provider.DefaultProperty.calculateValueFrom(DefaultProperty.java:26)
	at org.gradle.api.internal.provider.AbstractProperty.doCalculateValue(AbstractProperty.java:142)
	at org.gradle.api.internal.provider.AbstractProperty.calculateOwnValue(AbstractProperty.java:136)
	at org.gradle.api.internal.provider.AbstractMinimalProvider.getOrNull(AbstractMinimalProvider.java:105)
	at org.jetbrains.intellij.IntelliJPlugin$prepareConventionMappingsForRunIdeTask$8.call(IntelliJPlugin.kt:963)
	at org.jetbrains.intellij.IntelliJPlugin$prepareConventionMappingsForRunIdeTask$8.call(IntelliJPlugin.kt:958)
	at org.gradle.api.internal.provider.DefaultProvider.calculateOwnValue(DefaultProvider.java:72)
	at org.gradle.api.internal.provider.AbstractMinimalProvider.calculateValue(AbstractMinimalProvider.java:115)
	at org.gradle.api.internal.provider.TransformBackedProvider.calculateOwnValue(TransformBackedProvider.java:82)
	at org.gradle.api.internal.provider.AbstractMinimalProvider.calculateValue(AbstractMinimalProvider.java:115)
	at org.gradle.api.internal.provider.DefaultProperty.calculateValueFrom(DefaultProperty.java:128)
	at org.gradle.api.internal.provider.DefaultProperty.calculateValueFrom(DefaultProperty.java:26)
	at org.gradle.api.internal.provider.AbstractProperty.doCalculateValue(AbstractProperty.java:142)
	at org.gradle.api.internal.provider.AbstractProperty.calculateOwnValue(AbstractProperty.java:136)
	at org.gradle.api.internal.provider.AbstractMinimalProvider.calculateOwnPresentValue(AbstractMinimalProvider.java:80)
	at org.gradle.api.internal.provider.AbstractMinimalProvider.get(AbstractMinimalProvider.java:100)
	at org.jetbrains.intellij.tasks.RunIdeBase.getExecutable(RunIdeBase.kt:202)
	at org.jetbrains.intellij.tasks.BuildSearchableOptionsTask_Decorated.getExecutable(Unknown Source)
	at org.gradle.api.tasks.internal.JavaExecExecutableUtils.getExecutableOverrideToolchainSpec(JavaExecExecutableUtils.java:30)
	at org.gradle.api.tasks.JavaExec.lambda$new$0(JavaExec.java:144)
	at org.gradle.api.internal.provider.DefaultProvider.calculateOwnValue(DefaultProvider.java:72)
	at org.gradle.api.internal.provider.AbstractMinimalProvider.calculateValue(AbstractMinimalProvider.java:115)
	at org.gradle.api.internal.provider.FlatMapProvider.calculateOwnValue(FlatMapProvider.java:46)
	at org.gradle.api.internal.provider.AbstractMinimalProvider.calculateValue(AbstractMinimalProvider.java:115)
	at org.gradle.api.internal.provider.OrElseProvider.calculateOwnValue(OrElseProvider.java:76)
	at org.gradle.api.internal.provider.AbstractMinimalProvider.calculateValue(AbstractMinimalProvider.java:115)
	at org.gradle.api.internal.provider.TransformBackedProvider.calculateOwnValue(TransformBackedProvider.java:82)
	at org.gradle.api.internal.provider.AbstractMinimalProvider.calculateValue(AbstractMinimalProvider.java:115)
	at org.gradle.api.internal.provider.AbstractMinimalProvider.withFinalValue(AbstractMinimalProvider.java:168)
	at org.gradle.api.internal.provider.DefaultProperty.finalValue(DefaultProperty.java:133)
	at org.gradle.api.internal.provider.DefaultProperty.finalValue(DefaultProperty.java:26)
	at org.gradle.api.internal.provider.AbstractProperty.finalizeNow(AbstractProperty.java:245)
	at org.gradle.api.internal.provider.AbstractProperty.beforeRead(AbstractProperty.java:239)
	at org.gradle.api.internal.provider.AbstractProperty.calculateOwnValue(AbstractProperty.java:135)
	at org.gradle.api.internal.provider.AbstractMinimalProvider.getOrNull(AbstractMinimalProvider.java:105)
	at org.gradle.internal.properties.annotations.AbstractTypeMetadataWalker$InstanceTypeMetadataWalker.lambda$walkNestedProvider$0(AbstractTypeMetadataWalker.java:137)
	at org.gradle.internal.properties.annotations.AbstractTypeMetadataWalker$InstanceTypeMetadataWalker.walkNestedChild(AbstractTypeMetadataWalker.java:184)
	at org.gradle.internal.properties.annotations.AbstractTypeMetadataWalker$InstanceTypeMetadataWalker.walkNestedProvider(AbstractTypeMetadataWalker.java:136)
	at org.gradle.internal.properties.annotations.AbstractTypeMetadataWalker$InstanceTypeMetadataWalker.walkNestedProvider(AbstractTypeMetadataWalker.java:118)
	at org.gradle.internal.properties.annotations.AbstractTypeMetadataWalker.walkNested(AbstractTypeMetadataWalker.java:60)
	at org.gradle.internal.properties.annotations.AbstractTypeMetadataWalker.lambda$walkChildren$3(AbstractTypeMetadataWalker.java:85)
	at org.gradle.internal.properties.annotations.AbstractTypeMetadataWalker$InstanceTypeMetadataWalker.walkNestedChild(AbstractTypeMetadataWalker.java:190)
	at org.gradle.internal.properties.annotations.AbstractTypeMetadataWalker$InstanceTypeMetadataWalker.walkNestedChild(AbstractTypeMetadataWalker.java:171)
	at org.gradle.internal.properties.annotations.AbstractTypeMetadataWalker$InstanceTypeMetadataWalker.walkNestedChild(AbstractTypeMetadataWalker.java:118)
	at org.gradle.internal.properties.annotations.AbstractTypeMetadataWalker.lambda$walkChildren$4(AbstractTypeMetadataWalker.java:85)
	at java.base/java.lang.Iterable.forEach(Iterable.java:75)
	at org.gradle.internal.properties.annotations.AbstractTypeMetadataWalker.walkChildren(AbstractTypeMetadataWalker.java:83)
	at org.gradle.internal.properties.annotations.AbstractTypeMetadataWalker.walk(AbstractTypeMetadataWalker.java:53)
	at org.gradle.internal.properties.bean.DefaultPropertyWalker.visitProperties(DefaultPropertyWalker.java:65)
	at org.gradle.api.internal.tasks.TaskPropertyUtils.visitAnnotatedProperties(TaskPropertyUtils.java:58)
	at org.gradle.api.internal.tasks.TaskPropertyUtils.visitProperties(TaskPropertyUtils.java:45)
	at org.gradle.api.internal.tasks.TaskPropertyUtils.visitProperties(TaskPropertyUtils.java:35)
	at org.gradle.api.internal.tasks.DefaultTaskInputs.visitDependencies(DefaultTaskInputs.java:195)
	at org.gradle.api.internal.tasks.DefaultTaskDependency.visitDependencies(DefaultTaskDependency.java:112)
	at org.gradle.api.internal.tasks.CachingTaskDependencyResolveContext$TaskGraphImpl.getNodeValues(CachingTaskDependencyResolveContext.java:103)
	at org.gradle.internal.graph.CachingDirectedGraphWalker$GraphWithEmptyEdges.getNodeValues(CachingDirectedGraphWalker.java:213)
	at org.gradle.internal.graph.CachingDirectedGraphWalker.doSearch(CachingDirectedGraphWalker.java:121)
	at org.gradle.internal.graph.CachingDirectedGraphWalker.findValues(CachingDirectedGraphWalker.java:73)
	at org.gradle.api.internal.tasks.CachingTaskDependencyResolveContext.getDependencies(CachingTaskDependencyResolveContext.java:66)
	at org.gradle.execution.plan.TaskDependencyResolver.resolveDependenciesFor(TaskDependencyResolver.java:49)
	at org.gradle.execution.plan.LocalTaskNode.getDependencies(LocalTaskNode.java:148)
	at org.gradle.execution.plan.LocalTaskNode.resolveDependencies(LocalTaskNode.java:122)
	at org.gradle.execution.plan.DefaultExecutionPlan.discoverNodeRelationships(DefaultExecutionPlan.java:183)
	at org.gradle.execution.plan.DefaultExecutionPlan.doAddEntryNodes(DefaultExecutionPlan.java:155)
	at org.gradle.execution.plan.DefaultExecutionPlan.addEntryTasks(DefaultExecutionPlan.java:130)
	at org.gradle.execution.plan.DefaultExecutionPlan.addEntryTasks(DefaultExecutionPlan.java:122)
	at org.gradle.execution.TaskNameResolvingBuildTaskScheduler.scheduleRequestedTasks(TaskNameResolvingBuildTaskScheduler.java:54)
	at org.gradle.execution.DefaultTasksBuildTaskScheduler.scheduleRequestedTasks(DefaultTasksBuildTaskScheduler.java:72)
	at org.gradle.initialization.DefaultTaskExecutionPreparer.lambda$scheduleRequestedTasks$0(DefaultTaskExecutionPreparer.java:46)
	at org.gradle.internal.Factories$1.create(Factories.java:31)
	at org.gradle.internal.work.DefaultWorkerLeaseService.withReplacedLocks(DefaultWorkerLeaseService.java:360)
	at org.gradle.api.internal.project.DefaultProjectStateRegistry$DefaultBuildProjectRegistry.withMutableStateOfAllProjects(DefaultProjectStateRegistry.java:239)
	at org.gradle.api.internal.project.DefaultProjectStateRegistry$DefaultBuildProjectRegistry.withMutableStateOfAllProjects(DefaultProjectStateRegistry.java:232)
	at org.gradle.initialization.DefaultTaskExecutionPreparer.scheduleRequestedTasks(DefaultTaskExecutionPreparer.java:45)
	at org.gradle.initialization.VintageBuildModelController.lambda$scheduleRequestedTasks$0(VintageBuildModelController.java:76)
	at org.gradle.internal.model.StateTransitionController.lambda$inState$1(StateTransitionController.java:99)
	at org.gradle.internal.model.StateTransitionController.lambda$inState$2(StateTransitionController.java:114)
	at org.gradle.internal.work.DefaultSynchronizer.withLock(DefaultSynchronizer.java:44)
	at org.gradle.internal.model.StateTransitionController.inState(StateTransitionController.java:110)
	at org.gradle.internal.model.StateTransitionController.inState(StateTransitionController.java:98)
	at org.gradle.initialization.VintageBuildModelController.scheduleRequestedTasks(VintageBuildModelController.java:76)
	at org.gradle.internal.build.DefaultBuildLifecycleController$DefaultWorkGraphBuilder.addRequestedTasks(DefaultBuildLifecycleController.java:404)
	at org.gradle.internal.buildtree.DefaultBuildTreeWorkPreparer.lambda$scheduleRequestedTasks$0(DefaultBuildTreeWorkPreparer.java:41)
	at org.gradle.internal.build.DefaultBuildLifecycleController.lambda$populateWorkGraph$7(DefaultBuildLifecycleController.java:189)
	at org.gradle.internal.build.DefaultBuildWorkPreparer.populateWorkGraph(DefaultBuildWorkPreparer.java:42)
	at org.gradle.internal.build.BuildOperationFiringBuildWorkPreparer$PopulateWorkGraph.populateTaskGraph(BuildOperationFiringBuildWorkPreparer.java:106)
	at org.gradle.internal.build.BuildOperationFiringBuildWorkPreparer$PopulateWorkGraph.run(BuildOperationFiringBuildWorkPreparer.java:92)
	at org.gradle.internal.operations.DefaultBuildOperationRunner$1.execute(DefaultBuildOperationRunner.java:29)
	at org.gradle.internal.operations.DefaultBuildOperationRunner$1.execute(DefaultBuildOperationRunner.java:26)
	at org.gradle.internal.operations.DefaultBuildOperationRunner$2.execute(DefaultBuildOperationRunner.java:66)
	at org.gradle.internal.operations.DefaultBuildOperationRunner$2.execute(DefaultBuildOperationRunner.java:59)
	at org.gradle.internal.operations.DefaultBuildOperationRunner.execute(DefaultBuildOperationRunner.java:157)
	at org.gradle.internal.operations.DefaultBuildOperationRunner.execute(DefaultBuildOperationRunner.java:59)
	at org.gradle.internal.operations.DefaultBuildOperationRunner.run(DefaultBuildOperationRunner.java:47)
	at org.gradle.internal.operations.DefaultBuildOperationExecutor.run(DefaultBuildOperationExecutor.java:68)
	at org.gradle.internal.build.BuildOperationFiringBuildWorkPreparer.populateWorkGraph(BuildOperationFiringBuildWorkPreparer.java:67)
	at org.gradle.internal.build.DefaultBuildLifecycleController.lambda$populateWorkGraph$8(DefaultBuildLifecycleController.java:189)
	at org.gradle.internal.model.StateTransitionController.lambda$inState$1(StateTransitionController.java:99)
	at org.gradle.internal.model.StateTransitionController.lambda$inState$2(StateTransitionController.java:114)
	at org.gradle.internal.work.DefaultSynchronizer.withLock(DefaultSynchronizer.java:44)
	at org.gradle.internal.model.StateTransitionController.inState(StateTransitionController.java:110)
	at org.gradle.internal.model.StateTransitionController.inState(StateTransitionController.java:98)
	at org.gradle.internal.build.DefaultBuildLifecycleController.populateWorkGraph(DefaultBuildLifecycleController.java:189)
	at org.gradle.internal.build.DefaultBuildWorkGraphController$DefaultBuildWorkGraph.populateWorkGraph(DefaultBuildWorkGraphController.java:169)
	at org.gradle.composite.internal.DefaultBuildController.populateWorkGraph(DefaultBuildController.java:76)
	at org.gradle.composite.internal.DefaultIncludedBuildTaskGraph$DefaultBuildTreeWorkGraphBuilder.withWorkGraph(DefaultIncludedBuildTaskGraph.java:153)
	at org.gradle.internal.buildtree.DefaultBuildTreeWorkPreparer.lambda$scheduleRequestedTasks$1(DefaultBuildTreeWorkPreparer.java:41)
	at org.gradle.composite.internal.DefaultIncludedBuildTaskGraph$DefaultBuildTreeWorkGraph$1.run(DefaultIncludedBuildTaskGraph.java:209)
	at org.gradle.internal.operations.DefaultBuildOperationRunner$1.execute(DefaultBuildOperationRunner.java:29)
	at org.gradle.internal.operations.DefaultBuildOperationRunner$1.execute(DefaultBuildOperationRunner.java:26)
	at org.gradle.internal.operations.DefaultBuildOperationRunner$2.execute(DefaultBuildOperationRunner.java:66)
	at org.gradle.internal.operations.DefaultBuildOperationRunner$2.execute(DefaultBuildOperationRunner.java:59)
	at org.gradle.internal.operations.DefaultBuildOperationRunner.execute(DefaultBuildOperationRunner.java:157)
	at org.gradle.internal.operations.DefaultBuildOperationRunner.execute(DefaultBuildOperationRunner.java:59)
	at org.gradle.internal.operations.DefaultBuildOperationRunner.run(DefaultBuildOperationRunner.java:47)
	at org.gradle.internal.operations.DefaultBuildOperationExecutor.run(DefaultBuildOperationExecutor.java:68)
	at org.gradle.composite.internal.DefaultIncludedBuildTaskGraph$DefaultBuildTreeWorkGraph.scheduleWork(DefaultIncludedBuildTaskGraph.java:204)
	at org.gradle.internal.buildtree.DefaultBuildTreeWorkPreparer.scheduleRequestedTasks(DefaultBuildTreeWorkPreparer.java:37)
	at org.gradle.configurationcache.VintageBuildTreeWorkController$scheduleAndRunRequestedTasks$1.apply(VintageBuildTreeWorkController.kt:36)
	at org.gradle.configurationcache.VintageBuildTreeWorkController$scheduleAndRunRequestedTasks$1.apply(VintageBuildTreeWorkController.kt:35)
	at org.gradle.composite.internal.DefaultIncludedBuildTaskGraph.withNewWorkGraph(DefaultIncludedBuildTaskGraph.java:112)
	at org.gradle.configurationcache.VintageBuildTreeWorkController.scheduleAndRunRequestedTasks(VintageBuildTreeWorkController.kt:35)
	at org.gradle.internal.buildtree.DefaultBuildTreeLifecycleController.lambda$scheduleAndRunTasks$1(DefaultBuildTreeLifecycleController.java:76)
	at org.gradle.internal.buildtree.DefaultBuildTreeLifecycleController.lambda$runBuild$4(DefaultBuildTreeLifecycleController.java:119)
	at org.gradle.internal.model.StateTransitionController.lambda$transition$6(StateTransitionController.java:169)
	at org.gradle.internal.model.StateTransitionController.doTransition(StateTransitionController.java:266)
	at org.gradle.internal.model.StateTransitionController.lambda$transition$7(StateTransitionController.java:169)
	at org.gradle.internal.work.DefaultSynchronizer.withLock(DefaultSynchronizer.java:44)
	at org.gradle.internal.model.StateTransitionController.transition(StateTransitionController.java:169)
	at org.gradle.internal.buildtree.DefaultBuildTreeLifecycleController.runBuild(DefaultBuildTreeLifecycleController.java:116)
	at org.gradle.internal.buildtree.DefaultBuildTreeLifecycleController.scheduleAndRunTasks(DefaultBuildTreeLifecycleController.java:76)
	at org.gradle.internal.buildtree.DefaultBuildTreeLifecycleController.scheduleAndRunTasks(DefaultBuildTreeLifecycleController.java:71)
	at org.gradle.tooling.internal.provider.ExecuteBuildActionRunner.run(ExecuteBuildActionRunner.java:31)
	at org.gradle.launcher.exec.ChainingBuildActionRunner.run(ChainingBuildActionRunner.java:35)
	at org.gradle.internal.buildtree.ProblemReportingBuildActionRunner.run(ProblemReportingBuildActionRunner.java:49)
	at org.gradle.launcher.exec.BuildOutcomeReportingBuildActionRunner.run(BuildOutcomeReportingBuildActionRunner.java:65)
	at org.gradle.tooling.internal.provider.FileSystemWatchingBuildActionRunner.run(FileSystemWatchingBuildActionRunner.java:140)
	at org.gradle.launcher.exec.BuildCompletionNotifyingBuildActionRunner.run(BuildCompletionNotifyingBuildActionRunner.java:41)
	at org.gradle.launcher.exec.RootBuildLifecycleBuildActionExecutor.lambda$execute$0(RootBuildLifecycleBuildActionExecutor.java:40)
	at org.gradle.composite.internal.DefaultRootBuildState.run(DefaultRootBuildState.java:123)
	at org.gradle.launcher.exec.RootBuildLifecycleBuildActionExecutor.execute(RootBuildLifecycleBuildActionExecutor.java:40)
	at org.gradle.internal.buildtree.InitDeprecationLoggingActionExecutor.execute(InitDeprecationLoggingActionExecutor.java:62)
	at org.gradle.internal.buildtree.InitProblems.execute(InitProblems.java:38)
	at org.gradle.internal.buildtree.DefaultBuildTreeContext.execute(DefaultBuildTreeContext.java:40)
	at org.gradle.launcher.exec.BuildTreeLifecycleBuildActionExecutor.lambda$execute$0(BuildTreeLifecycleBuildActionExecutor.java:58)
	at org.gradle.internal.buildtree.BuildTreeState.run(BuildTreeState.java:58)
	at org.gradle.launcher.exec.BuildTreeLifecycleBuildActionExecutor.execute(BuildTreeLifecycleBuildActionExecutor.java:58)
	at org.gradle.launcher.exec.RunAsBuildOperationBuildActionExecutor$3.call(RunAsBuildOperationBuildActionExecutor.java:61)
	at org.gradle.launcher.exec.RunAsBuildOperationBuildActionExecutor$3.call(RunAsBuildOperationBuildActionExecutor.java:57)
	at org.gradle.internal.operations.DefaultBuildOperationRunner$CallableBuildOperationWorker.execute(DefaultBuildOperationRunner.java:204)
	at org.gradle.internal.operations.DefaultBuildOperationRunner$CallableBuildOperationWorker.execute(DefaultBuildOperationRunner.java:199)
	at org.gradle.internal.operations.DefaultBuildOperationRunner$2.execute(DefaultBuildOperationRunner.java:66)
	at org.gradle.internal.operations.DefaultBuildOperationRunner$2.execute(DefaultBuildOperationRunner.java:59)
	at org.gradle.internal.operations.DefaultBuildOperationRunner.execute(DefaultBuildOperationRunner.java:157)
	at org.gradle.internal.operations.DefaultBuildOperationRunner.execute(DefaultBuildOperationRunner.java:59)
	at org.gradle.internal.operations.DefaultBuildOperationRunner.call(DefaultBuildOperationRunner.java:53)
	at org.gradle.internal.operations.DefaultBuildOperationExecutor.call(DefaultBuildOperationExecutor.java:73)
	at org.gradle.launcher.exec.RunAsBuildOperationBuildActionExecutor.execute(RunAsBuildOperationBuildActionExecutor.java:57)
	at org.gradle.launcher.exec.RunAsWorkerThreadBuildActionExecutor.lambda$execute$0(RunAsWorkerThreadBuildActionExecutor.java:36)
	at org.gradle.internal.work.DefaultWorkerLeaseService.withLocks(DefaultWorkerLeaseService.java:264)
	at org.gradle.internal.work.DefaultWorkerLeaseService.runAsWorkerThread(DefaultWorkerLeaseService.java:128)
	at org.gradle.launcher.exec.RunAsWorkerThreadBuildActionExecutor.execute(RunAsWorkerThreadBuildActionExecutor.java:36)
	at org.gradle.tooling.internal.provider.continuous.ContinuousBuildActionExecutor.execute(ContinuousBuildActionExecutor.java:110)
	at org.gradle.tooling.internal.provider.SubscribableBuildActionExecutor.execute(SubscribableBuildActionExecutor.java:64)
	at org.gradle.internal.session.DefaultBuildSessionContext.execute(DefaultBuildSessionContext.java:46)
	at org.gradle.tooling.internal.provider.BuildSessionLifecycleBuildActionExecuter$ActionImpl.apply(BuildSessionLifecycleBuildActionExecuter.java:92)
	at org.gradle.tooling.internal.provider.BuildSessionLifecycleBuildActionExecuter$ActionImpl.apply(BuildSessionLifecycleBuildActionExecuter.java:80)
	at org.gradle.internal.session.BuildSessionState.run(BuildSessionState.java:69)
	at org.gradle.tooling.internal.provider.BuildSessionLifecycleBuildActionExecuter.execute(BuildSessionLifecycleBuildActionExecuter.java:62)
	at org.gradle.tooling.internal.provider.BuildSessionLifecycleBuildActionExecuter.execute(BuildSessionLifecycleBuildActionExecuter.java:41)
	at org.gradle.tooling.internal.provider.StartParamsValidatingActionExecuter.execute(StartParamsValidatingActionExecuter.java:64)
	at org.gradle.tooling.internal.provider.StartParamsValidatingActionExecuter.execute(StartParamsValidatingActionExecuter.java:32)
	at org.gradle.tooling.internal.provider.SessionFailureReportingActionExecuter.execute(SessionFailureReportingActionExecuter.java:51)
	at org.gradle.tooling.internal.provider.SessionFailureReportingActionExecuter.execute(SessionFailureReportingActionExecuter.java:39)
	at org.gradle.tooling.internal.provider.SetupLoggingActionExecuter.execute(SetupLoggingActionExecuter.java:47)
	at org.gradle.tooling.internal.provider.SetupLoggingActionExecuter.execute(SetupLoggingActionExecuter.java:31)
	at org.gradle.launcher.daemon.server.exec.ExecuteBuild.doBuild(ExecuteBuild.java:65)
	at org.gradle.launcher.daemon.server.exec.BuildCommandOnly.execute(BuildCommandOnly.java:37)
	at org.gradle.launcher.daemon.server.api.DaemonCommandExecution.proceed(DaemonCommandExecution.java:104)
	at org.gradle.launcher.daemon.server.exec.WatchForDisconnection.execute(WatchForDisconnection.java:39)
	at org.gradle.launcher.daemon.server.api.DaemonCommandExecution.proceed(DaemonCommandExecution.java:104)
	at org.gradle.launcher.daemon.server.exec.ResetDeprecationLogger.execute(ResetDeprecationLogger.java:29)
	at org.gradle.launcher.daemon.server.api.DaemonCommandExecution.proceed(DaemonCommandExecution.java:104)
	at org.gradle.launcher.daemon.server.exec.RequestStopIfSingleUsedDaemon.execute(RequestStopIfSingleUsedDaemon.java:35)
	at org.gradle.launcher.daemon.server.api.DaemonCommandExecution.proceed(DaemonCommandExecution.java:104)
	at org.gradle.launcher.daemon.server.exec.ForwardClientInput$2.create(ForwardClientInput.java:78)
	at org.gradle.launcher.daemon.server.exec.ForwardClientInput$2.create(ForwardClientInput.java:75)
	at org.gradle.util.internal.Swapper.swap(Swapper.java:38)
	at org.gradle.launcher.daemon.server.exec.ForwardClientInput.execute(ForwardClientInput.java:75)
	at org.gradle.launcher.daemon.server.api.DaemonCommandExecution.proceed(DaemonCommandExecution.java:104)
	at org.gradle.launcher.daemon.server.exec.LogAndCheckHealth.execute(LogAndCheckHealth.java:64)
	at org.gradle.launcher.daemon.server.api.DaemonCommandExecution.proceed(DaemonCommandExecution.java:104)
	at org.gradle.launcher.daemon.server.exec.LogToClient.doBuild(LogToClient.java:63)
	at org.gradle.launcher.daemon.server.exec.BuildCommandOnly.execute(BuildCommandOnly.java:37)
	at org.gradle.launcher.daemon.server.api.DaemonCommandExecution.proceed(DaemonCommandExecution.java:104)
	at org.gradle.launcher.daemon.server.exec.EstablishBuildEnvironment.doBuild(EstablishBuildEnvironment.java:84)
	at org.gradle.launcher.daemon.server.exec.BuildCommandOnly.execute(BuildCommandOnly.java:37)
	at org.gradle.launcher.daemon.server.api.DaemonCommandExecution.proceed(DaemonCommandExecution.java:104)
	at org.gradle.launcher.daemon.server.exec.StartBuildOrRespondWithBusy$1.run(StartBuildOrRespondWithBusy.java:52)
	at org.gradle.launcher.daemon.server.DaemonStateCoordinator$1.run(DaemonStateCoordinator.java:297)
	at org.gradle.internal.concurrent.ExecutorPolicy$CatchAndRecordFailures.onExecute(ExecutorPolicy.java:64)
	at org.gradle.internal.concurrent.AbstractManagedExecutor$1.run(AbstractManagedExecutor.java:47)
	at java.base/java.util.concurrent.ThreadPoolExecutor.runWorker(ThreadPoolExecutor.java:1136)
	at java.base/java.util.concurrent.ThreadPoolExecutor$Worker.run(ThreadPoolExecutor.java:635)
	at java.base/java.lang.Thread.run(Thread.java:840)
[gradle-intellij-plugin :] Cannot create plugin from file '/opt/android-studio/plugins/properties': Invalid plugin descriptor 'plugin.xml'. Unable to read the plugin descriptor: No enum constant com.jetbrains.plugin.structure.intellij.plugin.IdePluginContentDescriptor.ServiceType.APPLİCATİON.
Unable to read descriptor [../intellij.sh.terminal.xml] from [/opt/android-studio/plugins/sh/lib/sh.jar]
java.lang.IllegalArgumentException: No enum constant com.jetbrains.plugin.structure.intellij.plugin.IdePluginContentDescriptor.ServiceType.APPLİCATİON
	at java.base/java.lang.Enum.valueOf(Enum.java:273)
	at com.jetbrains.plugin.structure.intellij.plugin.IdePluginContentDescriptor$ServiceType.valueOf(IdePluginContents.kt)
	at com.jetbrains.plugin.structure.intellij.plugin.PluginCreator.readServiceDescriptor(PluginCreator.kt:406)
	at com.jetbrains.plugin.structure.intellij.plugin.PluginCreator.readExtensions(PluginCreator.kt:341)
	at com.jetbrains.plugin.structure.intellij.plugin.PluginCreator.setInfoFromBean(PluginCreator.kt:320)
	at com.jetbrains.plugin.structure.intellij.plugin.PluginCreator.resolveDocumentAndValidateBean(PluginCreator.kt:664)
	at com.jetbrains.plugin.structure.intellij.plugin.PluginCreator.access$resolveDocumentAndValidateBean(PluginCreator.kt:31)
	at com.jetbrains.plugin.structure.intellij.plugin.PluginCreator$Companion.createPlugin(PluginCreator.kt:109)
	at com.jetbrains.plugin.structure.intellij.plugin.IdePluginManager.loadPluginInfoFromJarFile(IdePluginManager.kt:62)
	at com.jetbrains.plugin.structure.intellij.plugin.IdePluginManager.loadPluginInfoFromLibDirectory(IdePluginManager.kt:165)
	at com.jetbrains.plugin.structure.intellij.plugin.IdePluginManager.loadPluginInfoFromDirectory(IdePluginManager.kt:97)
	at com.jetbrains.plugin.structure.intellij.plugin.IdePluginManager.loadPluginInfoFromJarOrDirectory(IdePluginManager.kt:206)
	at com.jetbrains.plugin.structure.intellij.plugin.IdePluginManager.resolveContentModules(IdePluginManager.kt:238)
	at com.jetbrains.plugin.structure.intellij.plugin.IdePluginManager.getPluginCreatorWithResult(IdePluginManager.kt:349)
	at com.jetbrains.plugin.structure.intellij.plugin.IdePluginManager.createPlugin(IdePluginManager.kt:314)
	at com.jetbrains.plugin.structure.intellij.plugin.IdePluginManager.createPlugin$default(IdePluginManager.kt:312)
	at org.jetbrains.intellij.Utils.createPlugin(utils.kt:222)
	at org.jetbrains.intellij.dependency.BuiltinPluginsRegistry.add(BuiltinPluginsRegistry.kt:89)
	at org.jetbrains.intellij.dependency.BuiltinPluginsRegistry.fillFromDirectory(BuiltinPluginsRegistry.kt:47)
	at org.jetbrains.intellij.dependency.BuiltinPluginsRegistry.access$fillFromDirectory(BuiltinPluginsRegistry.kt:21)
	at org.jetbrains.intellij.dependency.BuiltinPluginsRegistry$Companion.fromDirectory(BuiltinPluginsRegistry.kt:127)
	at org.jetbrains.intellij.dependency.IdeaDependencyManager.createDependency(IdeaDependencyManager.kt:92)
	at org.jetbrains.intellij.dependency.IdeaDependencyManager.resolveLocal(IdeaDependencyManager.kt:430)
	at org.jetbrains.intellij.IntelliJPlugin$prepareIdeaDependencyProvider$1.call(IntelliJPlugin.kt:299)
	at org.jetbrains.intellij.IntelliJPlugin$prepareIdeaDependencyProvider$1.call(IntelliJPlugin.kt:266)
	at org.gradle.api.internal.provider.DefaultProvider.calculateOwnValue(DefaultProvider.java:72)
	at org.gradle.api.internal.provider.AbstractMinimalProvider.calculateValue(AbstractMinimalProvider.java:115)
	at org.gradle.api.internal.provider.TransformBackedProvider.calculateOwnValue(TransformBackedProvider.java:82)
	at org.gradle.api.internal.provider.AbstractMinimalProvider.calculateValue(AbstractMinimalProvider.java:115)
	at org.gradle.api.internal.provider.AbstractMinimalProvider.withFinalValue(AbstractMinimalProvider.java:168)
	at org.gradle.api.internal.provider.DefaultProperty.finalValue(DefaultProperty.java:133)
	at org.gradle.api.internal.provider.DefaultProperty.finalValue(DefaultProperty.java:26)
	at org.gradle.api.internal.provider.AbstractProperty.finalizeNow(AbstractProperty.java:245)
	at org.gradle.api.internal.provider.AbstractProperty.beforeRead(AbstractProperty.java:239)
	at org.gradle.api.internal.provider.AbstractProperty.calculateOwnValue(AbstractProperty.java:135)
	at org.gradle.api.internal.provider.AbstractMinimalProvider.calculateValue(AbstractMinimalProvider.java:115)
	at org.gradle.api.internal.provider.TransformBackedProvider.calculateOwnValue(TransformBackedProvider.java:82)
	at org.gradle.api.internal.provider.AbstractMinimalProvider.calculateValue(AbstractMinimalProvider.java:115)
	at org.gradle.api.internal.provider.TransformBackedProvider.calculateOwnValue(TransformBackedProvider.java:82)
	at org.gradle.api.internal.provider.AbstractMinimalProvider.calculateValue(AbstractMinimalProvider.java:115)
	at org.gradle.api.internal.provider.DefaultProperty.calculateValueFrom(DefaultProperty.java:128)
	at org.gradle.api.internal.provider.DefaultProperty.calculateValueFrom(DefaultProperty.java:26)
	at org.gradle.api.internal.provider.AbstractProperty.doCalculateValue(AbstractProperty.java:142)
	at org.gradle.api.internal.provider.AbstractProperty.calculateOwnValue(AbstractProperty.java:136)
	at org.gradle.api.internal.provider.AbstractMinimalProvider.getOrNull(AbstractMinimalProvider.java:105)
	at org.jetbrains.intellij.IntelliJPlugin$prepareConventionMappingsForRunIdeTask$8.call(IntelliJPlugin.kt:963)
	at org.jetbrains.intellij.IntelliJPlugin$prepareConventionMappingsForRunIdeTask$8.call(IntelliJPlugin.kt:958)
	at org.gradle.api.internal.provider.DefaultProvider.calculateOwnValue(DefaultProvider.java:72)
	at org.gradle.api.internal.provider.AbstractMinimalProvider.calculateValue(AbstractMinimalProvider.java:115)
	at org.gradle.api.internal.provider.TransformBackedProvider.calculateOwnValue(TransformBackedProvider.java:82)
	at org.gradle.api.internal.provider.AbstractMinimalProvider.calculateValue(AbstractMinimalProvider.java:115)
	at org.gradle.api.internal.provider.DefaultProperty.calculateValueFrom(DefaultProperty.java:128)
	at org.gradle.api.internal.provider.DefaultProperty.calculateValueFrom(DefaultProperty.java:26)
	at org.gradle.api.internal.provider.AbstractProperty.doCalculateValue(AbstractProperty.java:142)
	at org.gradle.api.internal.provider.AbstractProperty.calculateOwnValue(AbstractProperty.java:136)
	at org.gradle.api.internal.provider.AbstractMinimalProvider.calculateOwnPresentValue(AbstractMinimalProvider.java:80)
	at org.gradle.api.internal.provider.AbstractMinimalProvider.get(AbstractMinimalProvider.java:100)
	at org.jetbrains.intellij.tasks.RunIdeBase.getExecutable(RunIdeBase.kt:202)
	at org.jetbrains.intellij.tasks.BuildSearchableOptionsTask_Decorated.getExecutable(Unknown Source)
	at org.gradle.api.tasks.internal.JavaExecExecutableUtils.getExecutableOverrideToolchainSpec(JavaExecExecutableUtils.java:30)
	at org.gradle.api.tasks.JavaExec.lambda$new$0(JavaExec.java:144)
	at org.gradle.api.internal.provider.DefaultProvider.calculateOwnValue(DefaultProvider.java:72)
	at org.gradle.api.internal.provider.AbstractMinimalProvider.calculateValue(AbstractMinimalProvider.java:115)
	at org.gradle.api.internal.provider.FlatMapProvider.calculateOwnValue(FlatMapProvider.java:46)
	at org.gradle.api.internal.provider.AbstractMinimalProvider.calculateValue(AbstractMinimalProvider.java:115)
	at org.gradle.api.internal.provider.OrElseProvider.calculateOwnValue(OrElseProvider.java:76)
	at org.gradle.api.internal.provider.AbstractMinimalProvider.calculateValue(AbstractMinimalProvider.java:115)
	at org.gradle.api.internal.provider.TransformBackedProvider.calculateOwnValue(TransformBackedProvider.java:82)
	at org.gradle.api.internal.provider.AbstractMinimalProvider.calculateValue(AbstractMinimalProvider.java:115)
	at org.gradle.api.internal.provider.AbstractMinimalProvider.withFinalValue(AbstractMinimalProvider.java:168)
	at org.gradle.api.internal.provider.DefaultProperty.finalValue(DefaultProperty.java:133)
	at org.gradle.api.internal.provider.DefaultProperty.finalValue(DefaultProperty.java:26)
	at org.gradle.api.internal.provider.AbstractProperty.finalizeNow(AbstractProperty.java:245)
	at org.gradle.api.internal.provider.AbstractProperty.beforeRead(AbstractProperty.java:239)
	at org.gradle.api.internal.provider.AbstractProperty.calculateOwnValue(AbstractProperty.java:135)
	at org.gradle.api.internal.provider.AbstractMinimalProvider.getOrNull(AbstractMinimalProvider.java:105)
	at org.gradle.internal.properties.annotations.AbstractTypeMetadataWalker$InstanceTypeMetadataWalker.lambda$walkNestedProvider$0(AbstractTypeMetadataWalker.java:137)
	at org.gradle.internal.properties.annotations.AbstractTypeMetadataWalker$InstanceTypeMetadataWalker.walkNestedChild(AbstractTypeMetadataWalker.java:184)
	at org.gradle.internal.properties.annotations.AbstractTypeMetadataWalker$InstanceTypeMetadataWalker.walkNestedProvider(AbstractTypeMetadataWalker.java:136)
	at org.gradle.internal.properties.annotations.AbstractTypeMetadataWalker$InstanceTypeMetadataWalker.walkNestedProvider(AbstractTypeMetadataWalker.java:118)
	at org.gradle.internal.properties.annotations.AbstractTypeMetadataWalker.walkNested(AbstractTypeMetadataWalker.java:60)
	at org.gradle.internal.properties.annotations.AbstractTypeMetadataWalker.lambda$walkChildren$3(AbstractTypeMetadataWalker.java:85)
	at org.gradle.internal.properties.annotations.AbstractTypeMetadataWalker$InstanceTypeMetadataWalker.walkNestedChild(AbstractTypeMetadataWalker.java:190)
	at org.gradle.internal.properties.annotations.AbstractTypeMetadataWalker$InstanceTypeMetadataWalker.walkNestedChild(AbstractTypeMetadataWalker.java:171)
	at org.gradle.internal.properties.annotations.AbstractTypeMetadataWalker$InstanceTypeMetadataWalker.walkNestedChild(AbstractTypeMetadataWalker.java:118)
	at org.gradle.internal.properties.annotations.AbstractTypeMetadataWalker.lambda$walkChildren$4(AbstractTypeMetadataWalker.java:85)
	at java.base/java.lang.Iterable.forEach(Iterable.java:75)
	at org.gradle.internal.properties.annotations.AbstractTypeMetadataWalker.walkChildren(AbstractTypeMetadataWalker.java:83)
	at org.gradle.internal.properties.annotations.AbstractTypeMetadataWalker.walk(AbstractTypeMetadataWalker.java:53)
	at org.gradle.internal.properties.bean.DefaultPropertyWalker.visitProperties(DefaultPropertyWalker.java:65)
	at org.gradle.api.internal.tasks.TaskPropertyUtils.visitAnnotatedProperties(TaskPropertyUtils.java:58)
	at org.gradle.api.internal.tasks.TaskPropertyUtils.visitProperties(TaskPropertyUtils.java:45)
	at org.gradle.api.internal.tasks.TaskPropertyUtils.visitProperties(TaskPropertyUtils.java:35)
	at org.gradle.api.internal.tasks.DefaultTaskInputs.visitDependencies(DefaultTaskInputs.java:195)
	at org.gradle.api.internal.tasks.DefaultTaskDependency.visitDependencies(DefaultTaskDependency.java:112)
	at org.gradle.api.internal.tasks.CachingTaskDependencyResolveContext$TaskGraphImpl.getNodeValues(CachingTaskDependencyResolveContext.java:103)
	at org.gradle.internal.graph.CachingDirectedGraphWalker$GraphWithEmptyEdges.getNodeValues(CachingDirectedGraphWalker.java:213)
	at org.gradle.internal.graph.CachingDirectedGraphWalker.doSearch(CachingDirectedGraphWalker.java:121)
	at org.gradle.internal.graph.CachingDirectedGraphWalker.findValues(CachingDirectedGraphWalker.java:73)
	at org.gradle.api.internal.tasks.CachingTaskDependencyResolveContext.getDependencies(CachingTaskDependencyResolveContext.java:66)
	at org.gradle.execution.plan.TaskDependencyResolver.resolveDependenciesFor(TaskDependencyResolver.java:49)
	at org.gradle.execution.plan.LocalTaskNode.getDependencies(LocalTaskNode.java:148)
	at org.gradle.execution.plan.LocalTaskNode.resolveDependencies(LocalTaskNode.java:122)
	at org.gradle.execution.plan.DefaultExecutionPlan.discoverNodeRelationships(DefaultExecutionPlan.java:183)
	at org.gradle.execution.plan.DefaultExecutionPlan.doAddEntryNodes(DefaultExecutionPlan.java:155)
	at org.gradle.execution.plan.DefaultExecutionPlan.addEntryTasks(DefaultExecutionPlan.java:130)
	at org.gradle.execution.plan.DefaultExecutionPlan.addEntryTasks(DefaultExecutionPlan.java:122)
	at org.gradle.execution.TaskNameResolvingBuildTaskScheduler.scheduleRequestedTasks(TaskNameResolvingBuildTaskScheduler.java:54)
	at org.gradle.execution.DefaultTasksBuildTaskScheduler.scheduleRequestedTasks(DefaultTasksBuildTaskScheduler.java:72)
	at org.gradle.initialization.DefaultTaskExecutionPreparer.lambda$scheduleRequestedTasks$0(DefaultTaskExecutionPreparer.java:46)
	at org.gradle.internal.Factories$1.create(Factories.java:31)
	at org.gradle.internal.work.DefaultWorkerLeaseService.withReplacedLocks(DefaultWorkerLeaseService.java:360)
	at org.gradle.api.internal.project.DefaultProjectStateRegistry$DefaultBuildProjectRegistry.withMutableStateOfAllProjects(DefaultProjectStateRegistry.java:239)
	at org.gradle.api.internal.project.DefaultProjectStateRegistry$DefaultBuildProjectRegistry.withMutableStateOfAllProjects(DefaultProjectStateRegistry.java:232)
	at org.gradle.initialization.DefaultTaskExecutionPreparer.scheduleRequestedTasks(DefaultTaskExecutionPreparer.java:45)
	at org.gradle.initialization.VintageBuildModelController.lambda$scheduleRequestedTasks$0(VintageBuildModelController.java:76)
	at org.gradle.internal.model.StateTransitionController.lambda$inState$1(StateTransitionController.java:99)
	at org.gradle.internal.model.StateTransitionController.lambda$inState$2(StateTransitionController.java:114)
	at org.gradle.internal.work.DefaultSynchronizer.withLock(DefaultSynchronizer.java:44)
	at org.gradle.internal.model.StateTransitionController.inState(StateTransitionController.java:110)
	at org.gradle.internal.model.StateTransitionController.inState(StateTransitionController.java:98)
	at org.gradle.initialization.VintageBuildModelController.scheduleRequestedTasks(VintageBuildModelController.java:76)
	at org.gradle.internal.build.DefaultBuildLifecycleController$DefaultWorkGraphBuilder.addRequestedTasks(DefaultBuildLifecycleController.java:404)
	at org.gradle.internal.buildtree.DefaultBuildTreeWorkPreparer.lambda$scheduleRequestedTasks$0(DefaultBuildTreeWorkPreparer.java:41)
	at org.gradle.internal.build.DefaultBuildLifecycleController.lambda$populateWorkGraph$7(DefaultBuildLifecycleController.java:189)
	at org.gradle.internal.build.DefaultBuildWorkPreparer.populateWorkGraph(DefaultBuildWorkPreparer.java:42)
	at org.gradle.internal.build.BuildOperationFiringBuildWorkPreparer$PopulateWorkGraph.populateTaskGraph(BuildOperationFiringBuildWorkPreparer.java:106)
	at org.gradle.internal.build.BuildOperationFiringBuildWorkPreparer$PopulateWorkGraph.run(BuildOperationFiringBuildWorkPreparer.java:92)
	at org.gradle.internal.operations.DefaultBuildOperationRunner$1.execute(DefaultBuildOperationRunner.java:29)
	at org.gradle.internal.operations.DefaultBuildOperationRunner$1.execute(DefaultBuildOperationRunner.java:26)
	at org.gradle.internal.operations.DefaultBuildOperationRunner$2.execute(DefaultBuildOperationRunner.java:66)
	at org.gradle.internal.operations.DefaultBuildOperationRunner$2.execute(DefaultBuildOperationRunner.java:59)
	at org.gradle.internal.operations.DefaultBuildOperationRunner.execute(DefaultBuildOperationRunner.java:157)
	at org.gradle.internal.operations.DefaultBuildOperationRunner.execute(DefaultBuildOperationRunner.java:59)
	at org.gradle.internal.operations.DefaultBuildOperationRunner.run(DefaultBuildOperationRunner.java:47)
	at org.gradle.internal.operations.DefaultBuildOperationExecutor.run(DefaultBuildOperationExecutor.java:68)
	at org.gradle.internal.build.BuildOperationFiringBuildWorkPreparer.populateWorkGraph(BuildOperationFiringBuildWorkPreparer.java:67)
	at org.gradle.internal.build.DefaultBuildLifecycleController.lambda$populateWorkGraph$8(DefaultBuildLifecycleController.java:189)
	at org.gradle.internal.model.StateTransitionController.lambda$inState$1(StateTransitionController.java:99)
	at org.gradle.internal.model.StateTransitionController.lambda$inState$2(StateTransitionController.java:114)
	at org.gradle.internal.work.DefaultSynchronizer.withLock(DefaultSynchronizer.java:44)
	at org.gradle.internal.model.StateTransitionController.inState(StateTransitionController.java:110)
	at org.gradle.internal.model.StateTransitionController.inState(StateTransitionController.java:98)
	at org.gradle.internal.build.DefaultBuildLifecycleController.populateWorkGraph(DefaultBuildLifecycleController.java:189)
	at org.gradle.internal.build.DefaultBuildWorkGraphController$DefaultBuildWorkGraph.populateWorkGraph(DefaultBuildWorkGraphController.java:169)
	at org.gradle.composite.internal.DefaultBuildController.populateWorkGraph(DefaultBuildController.java:76)
	at org.gradle.composite.internal.DefaultIncludedBuildTaskGraph$DefaultBuildTreeWorkGraphBuilder.withWorkGraph(DefaultIncludedBuildTaskGraph.java:153)
	at org.gradle.internal.buildtree.DefaultBuildTreeWorkPreparer.lambda$scheduleRequestedTasks$1(DefaultBuildTreeWorkPreparer.java:41)
	at org.gradle.composite.internal.DefaultIncludedBuildTaskGraph$DefaultBuildTreeWorkGraph$1.run(DefaultIncludedBuildTaskGraph.java:209)
	at org.gradle.internal.operations.DefaultBuildOperationRunner$1.execute(DefaultBuildOperationRunner.java:29)
	at org.gradle.internal.operations.DefaultBuildOperationRunner$1.execute(DefaultBuildOperationRunner.java:26)
	at org.gradle.internal.operations.DefaultBuildOperationRunner$2.execute(DefaultBuildOperationRunner.java:66)
	at org.gradle.internal.operations.DefaultBuildOperationRunner$2.execute(DefaultBuildOperationRunner.java:59)
	at org.gradle.internal.operations.DefaultBuildOperationRunner.execute(DefaultBuildOperationRunner.java:157)
	at org.gradle.internal.operations.DefaultBuildOperationRunner.execute(DefaultBuildOperationRunner.java:59)
	at org.gradle.internal.operations.DefaultBuildOperationRunner.run(DefaultBuildOperationRunner.java:47)
	at org.gradle.internal.operations.DefaultBuildOperationExecutor.run(DefaultBuildOperationExecutor.java:68)
	at org.gradle.composite.internal.DefaultIncludedBuildTaskGraph$DefaultBuildTreeWorkGraph.scheduleWork(DefaultIncludedBuildTaskGraph.java:204)
	at org.gradle.internal.buildtree.DefaultBuildTreeWorkPreparer.scheduleRequestedTasks(DefaultBuildTreeWorkPreparer.java:37)
	at org.gradle.configurationcache.VintageBuildTreeWorkController$scheduleAndRunRequestedTasks$1.apply(VintageBuildTreeWorkController.kt:36)
	at org.gradle.configurationcache.VintageBuildTreeWorkController$scheduleAndRunRequestedTasks$1.apply(VintageBuildTreeWorkController.kt:35)
	at org.gradle.composite.internal.DefaultIncludedBuildTaskGraph.withNewWorkGraph(DefaultIncludedBuildTaskGraph.java:112)
	at org.gradle.configurationcache.VintageBuildTreeWorkController.scheduleAndRunRequestedTasks(VintageBuildTreeWorkController.kt:35)
	at org.gradle.internal.buildtree.DefaultBuildTreeLifecycleController.lambda$scheduleAndRunTasks$1(DefaultBuildTreeLifecycleController.java:76)
	at org.gradle.internal.buildtree.DefaultBuildTreeLifecycleController.lambda$runBuild$4(DefaultBuildTreeLifecycleController.java:119)
	at org.gradle.internal.model.StateTransitionController.lambda$transition$6(StateTransitionController.java:169)
	at org.gradle.internal.model.StateTransitionController.doTransition(StateTransitionController.java:266)
	at org.gradle.internal.model.StateTransitionController.lambda$transition$7(StateTransitionController.java:169)
	at org.gradle.internal.work.DefaultSynchronizer.withLock(DefaultSynchronizer.java:44)
	at org.gradle.internal.model.StateTransitionController.transition(StateTransitionController.java:169)
	at org.gradle.internal.buildtree.DefaultBuildTreeLifecycleController.runBuild(DefaultBuildTreeLifecycleController.java:116)
	at org.gradle.internal.buildtree.DefaultBuildTreeLifecycleController.scheduleAndRunTasks(DefaultBuildTreeLifecycleController.java:76)
	at org.gradle.internal.buildtree.DefaultBuildTreeLifecycleController.scheduleAndRunTasks(DefaultBuildTreeLifecycleController.java:71)
	at org.gradle.tooling.internal.provider.ExecuteBuildActionRunner.run(ExecuteBuildActionRunner.java:31)
	at org.gradle.launcher.exec.ChainingBuildActionRunner.run(ChainingBuildActionRunner.java:35)
	at org.gradle.internal.buildtree.ProblemReportingBuildActionRunner.run(ProblemReportingBuildActionRunner.java:49)
	at org.gradle.launcher.exec.BuildOutcomeReportingBuildActionRunner.run(BuildOutcomeReportingBuildActionRunner.java:65)
	at org.gradle.tooling.internal.provider.FileSystemWatchingBuildActionRunner.run(FileSystemWatchingBuildActionRunner.java:140)
	at org.gradle.launcher.exec.BuildCompletionNotifyingBuildActionRunner.run(BuildCompletionNotifyingBuildActionRunner.java:41)
	at org.gradle.launcher.exec.RootBuildLifecycleBuildActionExecutor.lambda$execute$0(RootBuildLifecycleBuildActionExecutor.java:40)
	at org.gradle.composite.internal.DefaultRootBuildState.run(DefaultRootBuildState.java:123)
	at org.gradle.launcher.exec.RootBuildLifecycleBuildActionExecutor.execute(RootBuildLifecycleBuildActionExecutor.java:40)
	at org.gradle.internal.buildtree.InitDeprecationLoggingActionExecutor.execute(InitDeprecationLoggingActionExecutor.java:62)
	at org.gradle.internal.buildtree.InitProblems.execute(InitProblems.java:38)
	at org.gradle.internal.buildtree.DefaultBuildTreeContext.execute(DefaultBuildTreeContext.java:40)
	at org.gradle.launcher.exec.BuildTreeLifecycleBuildActionExecutor.lambda$execute$0(BuildTreeLifecycleBuildActionExecutor.java:58)
	at org.gradle.internal.buildtree.BuildTreeState.run(BuildTreeState.java:58)
	at org.gradle.launcher.exec.BuildTreeLifecycleBuildActionExecutor.execute(BuildTreeLifecycleBuildActionExecutor.java:58)
	at org.gradle.launcher.exec.RunAsBuildOperationBuildActionExecutor$3.call(RunAsBuildOperationBuildActionExecutor.java:61)
	at org.gradle.launcher.exec.RunAsBuildOperationBuildActionExecutor$3.call(RunAsBuildOperationBuildActionExecutor.java:57)
	at org.gradle.internal.operations.DefaultBuildOperationRunner$CallableBuildOperationWorker.execute(DefaultBuildOperationRunner.java:204)
	at org.gradle.internal.operations.DefaultBuildOperationRunner$CallableBuildOperationWorker.execute(DefaultBuildOperationRunner.java:199)
	at org.gradle.internal.operations.DefaultBuildOperationRunner$2.execute(DefaultBuildOperationRunner.java:66)
	at org.gradle.internal.operations.DefaultBuildOperationRunner$2.execute(DefaultBuildOperationRunner.java:59)
	at org.gradle.internal.operations.DefaultBuildOperationRunner.execute(DefaultBuildOperationRunner.java:157)
	at org.gradle.internal.operations.DefaultBuildOperationRunner.execute(DefaultBuildOperationRunner.java:59)
	at org.gradle.internal.operations.DefaultBuildOperationRunner.call(DefaultBuildOperationRunner.java:53)
	at org.gradle.internal.operations.DefaultBuildOperationExecutor.call(DefaultBuildOperationExecutor.java:73)
	at org.gradle.launcher.exec.RunAsBuildOperationBuildActionExecutor.execute(RunAsBuildOperationBuildActionExecutor.java:57)
	at org.gradle.launcher.exec.RunAsWorkerThreadBuildActionExecutor.lambda$execute$0(RunAsWorkerThreadBuildActionExecutor.java:36)
	at org.gradle.internal.work.DefaultWorkerLeaseService.withLocks(DefaultWorkerLeaseService.java:264)
	at org.gradle.internal.work.DefaultWorkerLeaseService.runAsWorkerThread(DefaultWorkerLeaseService.java:128)
	at org.gradle.launcher.exec.RunAsWorkerThreadBuildActionExecutor.execute(RunAsWorkerThreadBuildActionExecutor.java:36)
	at org.gradle.tooling.internal.provider.continuous.ContinuousBuildActionExecutor.execute(ContinuousBuildActionExecutor.java:110)
	at org.gradle.tooling.internal.provider.SubscribableBuildActionExecutor.execute(SubscribableBuildActionExecutor.java:64)
	at org.gradle.internal.session.DefaultBuildSessionContext.execute(DefaultBuildSessionContext.java:46)
	at org.gradle.tooling.internal.provider.BuildSessionLifecycleBuildActionExecuter$ActionImpl.apply(BuildSessionLifecycleBuildActionExecuter.java:92)
	at org.gradle.tooling.internal.provider.BuildSessionLifecycleBuildActionExecuter$ActionImpl.apply(BuildSessionLifecycleBuildActionExecuter.java:80)
	at org.gradle.internal.session.BuildSessionState.run(BuildSessionState.java:69)
	at org.gradle.tooling.internal.provider.BuildSessionLifecycleBuildActionExecuter.execute(BuildSessionLifecycleBuildActionExecuter.java:62)
	at org.gradle.tooling.internal.provider.BuildSessionLifecycleBuildActionExecuter.execute(BuildSessionLifecycleBuildActionExecuter.java:41)
	at org.gradle.tooling.internal.provider.StartParamsValidatingActionExecuter.execute(StartParamsValidatingActionExecuter.java:64)
	at org.gradle.tooling.internal.provider.StartParamsValidatingActionExecuter.execute(StartParamsValidatingActionExecuter.java:32)
	at org.gradle.tooling.internal.provider.SessionFailureReportingActionExecuter.execute(SessionFailureReportingActionExecuter.java:51)
	at org.gradle.tooling.internal.provider.SessionFailureReportingActionExecuter.execute(SessionFailureReportingActionExecuter.java:39)
	at org.gradle.tooling.internal.provider.SetupLoggingActionExecuter.execute(SetupLoggingActionExecuter.java:47)
	at org.gradle.tooling.internal.provider.SetupLoggingActionExecuter.execute(SetupLoggingActionExecuter.java:31)
	at org.gradle.launcher.daemon.server.exec.ExecuteBuild.doBuild(ExecuteBuild.java:65)
	at org.gradle.launcher.daemon.server.exec.BuildCommandOnly.execute(BuildCommandOnly.java:37)
	at org.gradle.launcher.daemon.server.api.DaemonCommandExecution.proceed(DaemonCommandExecution.java:104)
	at org.gradle.launcher.daemon.server.exec.WatchForDisconnection.execute(WatchForDisconnection.java:39)
	at org.gradle.launcher.daemon.server.api.DaemonCommandExecution.proceed(DaemonCommandExecution.java:104)
	at org.gradle.launcher.daemon.server.exec.ResetDeprecationLogger.execute(ResetDeprecationLogger.java:29)
	at org.gradle.launcher.daemon.server.api.DaemonCommandExecution.proceed(DaemonCommandExecution.java:104)
	at org.gradle.launcher.daemon.server.exec.RequestStopIfSingleUsedDaemon.execute(RequestStopIfSingleUsedDaemon.java:35)
	at org.gradle.launcher.daemon.server.api.DaemonCommandExecution.proceed(DaemonCommandExecution.java:104)
	at org.gradle.launcher.daemon.server.exec.ForwardClientInput$2.create(ForwardClientInput.java:78)
	at org.gradle.launcher.daemon.server.exec.ForwardClientInput$2.create(ForwardClientInput.java:75)
	at org.gradle.util.internal.Swapper.swap(Swapper.java:38)
	at org.gradle.launcher.daemon.server.exec.ForwardClientInput.execute(ForwardClientInput.java:75)
	at org.gradle.launcher.daemon.server.api.DaemonCommandExecution.proceed(DaemonCommandExecution.java:104)
	at org.gradle.launcher.daemon.server.exec.LogAndCheckHealth.execute(LogAndCheckHealth.java:64)
	at org.gradle.launcher.daemon.server.api.DaemonCommandExecution.proceed(DaemonCommandExecution.java:104)
	at org.gradle.launcher.daemon.server.exec.LogToClient.doBuild(LogToClient.java:63)
	at org.gradle.launcher.daemon.server.exec.BuildCommandOnly.execute(BuildCommandOnly.java:37)
	at org.gradle.launcher.daemon.server.api.DaemonCommandExecution.proceed(DaemonCommandExecution.java:104)
	at org.gradle.launcher.daemon.server.exec.EstablishBuildEnvironment.doBuild(EstablishBuildEnvironment.java:84)
	at org.gradle.launcher.daemon.server.exec.BuildCommandOnly.execute(BuildCommandOnly.java:37)
	at org.gradle.launcher.daemon.server.api.DaemonCommandExecution.proceed(DaemonCommandExecution.java:104)
	at org.gradle.launcher.daemon.server.exec.StartBuildOrRespondWithBusy$1.run(StartBuildOrRespondWithBusy.java:52)
	at org.gradle.launcher.daemon.server.DaemonStateCoordinator$1.run(DaemonStateCoordinator.java:297)
	at org.gradle.internal.concurrent.ExecutorPolicy$CatchAndRecordFailures.onExecute(ExecutorPolicy.java:64)
	at org.gradle.internal.concurrent.AbstractManagedExecutor$1.run(AbstractManagedExecutor.java:47)
	at java.base/java.util.concurrent.ThreadPoolExecutor.runWorker(ThreadPoolExecutor.java:1136)
	at java.base/java.util.concurrent.ThreadPoolExecutor$Worker.run(ThreadPoolExecutor.java:635)
	at java.base/java.lang.Thread.run(Thread.java:840)
Unable to read descriptor [plugin.xml] from [/opt/android-studio/plugins/tasks/lib/tasks-core.jar]
java.lang.IllegalArgumentException: No enum constant com.jetbrains.plugin.structure.intellij.plugin.IdePluginContentDescriptor.ServiceType.APPLİCATİON
	at java.base/java.lang.Enum.valueOf(Enum.java:273)
	at com.jetbrains.plugin.structure.intellij.plugin.IdePluginContentDescriptor$ServiceType.valueOf(IdePluginContents.kt)
	at com.jetbrains.plugin.structure.intellij.plugin.PluginCreator.readServiceDescriptor(PluginCreator.kt:406)
	at com.jetbrains.plugin.structure.intellij.plugin.PluginCreator.readExtensions(PluginCreator.kt:341)
	at com.jetbrains.plugin.structure.intellij.plugin.PluginCreator.setInfoFromBean(PluginCreator.kt:320)
	at com.jetbrains.plugin.structure.intellij.plugin.PluginCreator.resolveDocumentAndValidateBean(PluginCreator.kt:664)
	at com.jetbrains.plugin.structure.intellij.plugin.PluginCreator.access$resolveDocumentAndValidateBean(PluginCreator.kt:31)
	at com.jetbrains.plugin.structure.intellij.plugin.PluginCreator$Companion.createPlugin(PluginCreator.kt:109)
	at com.jetbrains.plugin.structure.intellij.plugin.IdePluginManager.loadPluginInfoFromJarFile(IdePluginManager.kt:62)
	at com.jetbrains.plugin.structure.intellij.plugin.IdePluginManager.loadPluginInfoFromLibDirectory(IdePluginManager.kt:165)
	at com.jetbrains.plugin.structure.intellij.plugin.IdePluginManager.loadPluginInfoFromDirectory(IdePluginManager.kt:97)
	at com.jetbrains.plugin.structure.intellij.plugin.IdePluginManager.loadPluginInfoFromJarOrDirectory(IdePluginManager.kt:206)
	at com.jetbrains.plugin.structure.intellij.plugin.IdePluginManager.getPluginCreatorWithResult(IdePluginManager.kt:347)
	at com.jetbrains.plugin.structure.intellij.plugin.IdePluginManager.createPlugin(IdePluginManager.kt:314)
	at com.jetbrains.plugin.structure.intellij.plugin.IdePluginManager.createPlugin$default(IdePluginManager.kt:312)
	at org.jetbrains.intellij.Utils.createPlugin(utils.kt:222)
	at org.jetbrains.intellij.dependency.BuiltinPluginsRegistry.add(BuiltinPluginsRegistry.kt:89)
	at org.jetbrains.intellij.dependency.BuiltinPluginsRegistry.fillFromDirectory(BuiltinPluginsRegistry.kt:47)
	at org.jetbrains.intellij.dependency.BuiltinPluginsRegistry.access$fillFromDirectory(BuiltinPluginsRegistry.kt:21)
	at org.jetbrains.intellij.dependency.BuiltinPluginsRegistry$Companion.fromDirectory(BuiltinPluginsRegistry.kt:127)
	at org.jetbrains.intellij.dependency.IdeaDependencyManager.createDependency(IdeaDependencyManager.kt:92)
	at org.jetbrains.intellij.dependency.IdeaDependencyManager.resolveLocal(IdeaDependencyManager.kt:430)
	at org.jetbrains.intellij.IntelliJPlugin$prepareIdeaDependencyProvider$1.call(IntelliJPlugin.kt:299)
	at org.jetbrains.intellij.IntelliJPlugin$prepareIdeaDependencyProvider$1.call(IntelliJPlugin.kt:266)
	at org.gradle.api.internal.provider.DefaultProvider.calculateOwnValue(DefaultProvider.java:72)
	at org.gradle.api.internal.provider.AbstractMinimalProvider.calculateValue(AbstractMinimalProvider.java:115)
	at org.gradle.api.internal.provider.TransformBackedProvider.calculateOwnValue(TransformBackedProvider.java:82)
	at org.gradle.api.internal.provider.AbstractMinimalProvider.calculateValue(AbstractMinimalProvider.java:115)
	at org.gradle.api.internal.provider.AbstractMinimalProvider.withFinalValue(AbstractMinimalProvider.java:168)
	at org.gradle.api.internal.provider.DefaultProperty.finalValue(DefaultProperty.java:133)
	at org.gradle.api.internal.provider.DefaultProperty.finalValue(DefaultProperty.java:26)
	at org.gradle.api.internal.provider.AbstractProperty.finalizeNow(AbstractProperty.java:245)
	at org.gradle.api.internal.provider.AbstractProperty.beforeRead(AbstractProperty.java:239)
	at org.gradle.api.internal.provider.AbstractProperty.calculateOwnValue(AbstractProperty.java:135)
	at org.gradle.api.internal.provider.AbstractMinimalProvider.calculateValue(AbstractMinimalProvider.java:115)
	at org.gradle.api.internal.provider.TransformBackedProvider.calculateOwnValue(TransformBackedProvider.java:82)
	at org.gradle.api.internal.provider.AbstractMinimalProvider.calculateValue(AbstractMinimalProvider.java:115)
	at org.gradle.api.internal.provider.TransformBackedProvider.calculateOwnValue(TransformBackedProvider.java:82)
	at org.gradle.api.internal.provider.AbstractMinimalProvider.calculateValue(AbstractMinimalProvider.java:115)
	at org.gradle.api.internal.provider.DefaultProperty.calculateValueFrom(DefaultProperty.java:128)
	at org.gradle.api.internal.provider.DefaultProperty.calculateValueFrom(DefaultProperty.java:26)
	at org.gradle.api.internal.provider.AbstractProperty.doCalculateValue(AbstractProperty.java:142)
	at org.gradle.api.internal.provider.AbstractProperty.calculateOwnValue(AbstractProperty.java:136)
	at org.gradle.api.internal.provider.AbstractMinimalProvider.getOrNull(AbstractMinimalProvider.java:105)
	at org.jetbrains.intellij.IntelliJPlugin$prepareConventionMappingsForRunIdeTask$8.call(IntelliJPlugin.kt:963)
	at org.jetbrains.intellij.IntelliJPlugin$prepareConventionMappingsForRunIdeTask$8.call(IntelliJPlugin.kt:958)
	at org.gradle.api.internal.provider.DefaultProvider.calculateOwnValue(DefaultProvider.java:72)
	at org.gradle.api.internal.provider.AbstractMinimalProvider.calculateValue(AbstractMinimalProvider.java:115)
	at org.gradle.api.internal.provider.TransformBackedProvider.calculateOwnValue(TransformBackedProvider.java:82)
	at org.gradle.api.internal.provider.AbstractMinimalProvider.calculateValue(AbstractMinimalProvider.java:115)
	at org.gradle.api.internal.provider.DefaultProperty.calculateValueFrom(DefaultProperty.java:128)
	at org.gradle.api.internal.provider.DefaultProperty.calculateValueFrom(DefaultProperty.java:26)
	at org.gradle.api.internal.provider.AbstractProperty.doCalculateValue(AbstractProperty.java:142)
	at org.gradle.api.internal.provider.AbstractProperty.calculateOwnValue(AbstractProperty.java:136)
	at org.gradle.api.internal.provider.AbstractMinimalProvider.calculateOwnPresentValue(AbstractMinimalProvider.java:80)
	at org.gradle.api.internal.provider.AbstractMinimalProvider.get(AbstractMinimalProvider.java:100)
	at org.jetbrains.intellij.tasks.RunIdeBase.getExecutable(RunIdeBase.kt:202)
	at org.jetbrains.intellij.tasks.BuildSearchableOptionsTask_Decorated.getExecutable(Unknown Source)
	at org.gradle.api.tasks.internal.JavaExecExecutableUtils.getExecutableOverrideToolchainSpec(JavaExecExecutableUtils.java:30)
	at org.gradle.api.tasks.JavaExec.lambda$new$0(JavaExec.java:144)
	at org.gradle.api.internal.provider.DefaultProvider.calculateOwnValue(DefaultProvider.java:72)
	at org.gradle.api.internal.provider.AbstractMinimalProvider.calculateValue(AbstractMinimalProvider.java:115)
	at org.gradle.api.internal.provider.FlatMapProvider.calculateOwnValue(FlatMapProvider.java:46)
	at org.gradle.api.internal.provider.AbstractMinimalProvider.calculateValue(AbstractMinimalProvider.java:115)
	at org.gradle.api.internal.provider.OrElseProvider.calculateOwnValue(OrElseProvider.java:76)
	at org.gradle.api.internal.provider.AbstractMinimalProvider.calculateValue(AbstractMinimalProvider.java:115)
	at org.gradle.api.internal.provider.TransformBackedProvider.calculateOwnValue(TransformBackedProvider.java:82)
	at org.gradle.api.internal.provider.AbstractMinimalProvider.calculateValue(AbstractMinimalProvider.java:115)
	at org.gradle.api.internal.provider.AbstractMinimalProvider.withFinalValue(AbstractMinimalProvider.java:168)
	at org.gradle.api.internal.provider.DefaultProperty.finalValue(DefaultProperty.java:133)
	at org.gradle.api.internal.provider.DefaultProperty.finalValue(DefaultProperty.java:26)
	at org.gradle.api.internal.provider.AbstractProperty.finalizeNow(AbstractProperty.java:245)
	at org.gradle.api.internal.provider.AbstractProperty.beforeRead(AbstractProperty.java:239)
	at org.gradle.api.internal.provider.AbstractProperty.calculateOwnValue(AbstractProperty.java:135)
	at org.gradle.api.internal.provider.AbstractMinimalProvider.getOrNull(AbstractMinimalProvider.java:105)
	at org.gradle.internal.properties.annotations.AbstractTypeMetadataWalker$InstanceTypeMetadataWalker.lambda$walkNestedProvider$0(AbstractTypeMetadataWalker.java:137)
	at org.gradle.internal.properties.annotations.AbstractTypeMetadataWalker$InstanceTypeMetadataWalker.walkNestedChild(AbstractTypeMetadataWalker.java:184)
	at org.gradle.internal.properties.annotations.AbstractTypeMetadataWalker$InstanceTypeMetadataWalker.walkNestedProvider(AbstractTypeMetadataWalker.java:136)
	at org.gradle.internal.properties.annotations.AbstractTypeMetadataWalker$InstanceTypeMetadataWalker.walkNestedProvider(AbstractTypeMetadataWalker.java:118)
	at org.gradle.internal.properties.annotations.AbstractTypeMetadataWalker.walkNested(AbstractTypeMetadataWalker.java:60)
	at org.gradle.internal.properties.annotations.AbstractTypeMetadataWalker.lambda$walkChildren$3(AbstractTypeMetadataWalker.java:85)
	at org.gradle.internal.properties.annotations.AbstractTypeMetadataWalker$InstanceTypeMetadataWalker.walkNestedChild(AbstractTypeMetadataWalker.java:190)
	at org.gradle.internal.properties.annotations.AbstractTypeMetadataWalker$InstanceTypeMetadataWalker.walkNestedChild(AbstractTypeMetadataWalker.java:171)
	at org.gradle.internal.properties.annotations.AbstractTypeMetadataWalker$InstanceTypeMetadataWalker.walkNestedChild(AbstractTypeMetadataWalker.java:118)
	at org.gradle.internal.properties.annotations.AbstractTypeMetadataWalker.lambda$walkChildren$4(AbstractTypeMetadataWalker.java:85)
	at java.base/java.lang.Iterable.forEach(Iterable.java:75)
	at org.gradle.internal.properties.annotations.AbstractTypeMetadataWalker.walkChildren(AbstractTypeMetadataWalker.java:83)
	at org.gradle.internal.properties.annotations.AbstractTypeMetadataWalker.walk(AbstractTypeMetadataWalker.java:53)
	at org.gradle.internal.properties.bean.DefaultPropertyWalker.visitProperties(DefaultPropertyWalker.java:65)
	at org.gradle.api.internal.tasks.TaskPropertyUtils.visitAnnotatedProperties(TaskPropertyUtils.java:58)
	at org.gradle.api.internal.tasks.TaskPropertyUtils.visitProperties(TaskPropertyUtils.java:45)
	at org.gradle.api.internal.tasks.TaskPropertyUtils.visitProperties(TaskPropertyUtils.java:35)
	at org.gradle.api.internal.tasks.DefaultTaskInputs.visitDependencies(DefaultTaskInputs.java:195)
	at org.gradle.api.internal.tasks.DefaultTaskDependency.visitDependencies(DefaultTaskDependency.java:112)
	at org.gradle.api.internal.tasks.CachingTaskDependencyResolveContext$TaskGraphImpl.getNodeValues(CachingTaskDependencyResolveContext.java:103)
	at org.gradle.internal.graph.CachingDirectedGraphWalker$GraphWithEmptyEdges.getNodeValues(CachingDirectedGraphWalker.java:213)
	at org.gradle.internal.graph.CachingDirectedGraphWalker.doSearch(CachingDirectedGraphWalker.java:121)
	at org.gradle.internal.graph.CachingDirectedGraphWalker.findValues(CachingDirectedGraphWalker.java:73)
	at org.gradle.api.internal.tasks.CachingTaskDependencyResolveContext.getDependencies(CachingTaskDependencyResolveContext.java:66)
	at org.gradle.execution.plan.TaskDependencyResolver.resolveDependenciesFor(TaskDependencyResolver.java:49)
	at org.gradle.execution.plan.LocalTaskNode.getDependencies(LocalTaskNode.java:148)
	at org.gradle.execution.plan.LocalTaskNode.resolveDependencies(LocalTaskNode.java:122)
	at org.gradle.execution.plan.DefaultExecutionPlan.discoverNodeRelationships(DefaultExecutionPlan.java:183)
	at org.gradle.execution.plan.DefaultExecutionPlan.doAddEntryNodes(DefaultExecutionPlan.java:155)
	at org.gradle.execution.plan.DefaultExecutionPlan.addEntryTasks(DefaultExecutionPlan.java:130)
	at org.gradle.execution.plan.DefaultExecutionPlan.addEntryTasks(DefaultExecutionPlan.java:122)
	at org.gradle.execution.TaskNameResolvingBuildTaskScheduler.scheduleRequestedTasks(TaskNameResolvingBuildTaskScheduler.java:54)
	at org.gradle.execution.DefaultTasksBuildTaskScheduler.scheduleRequestedTasks(DefaultTasksBuildTaskScheduler.java:72)
	at org.gradle.initialization.DefaultTaskExecutionPreparer.lambda$scheduleRequestedTasks$0(DefaultTaskExecutionPreparer.java:46)
	at org.gradle.internal.Factories$1.create(Factories.java:31)
	at org.gradle.internal.work.DefaultWorkerLeaseService.withReplacedLocks(DefaultWorkerLeaseService.java:360)
	at org.gradle.api.internal.project.DefaultProjectStateRegistry$DefaultBuildProjectRegistry.withMutableStateOfAllProjects(DefaultProjectStateRegistry.java:239)
	at org.gradle.api.internal.project.DefaultProjectStateRegistry$DefaultBuildProjectRegistry.withMutableStateOfAllProjects(DefaultProjectStateRegistry.java:232)
	at org.gradle.initialization.DefaultTaskExecutionPreparer.scheduleRequestedTasks(DefaultTaskExecutionPreparer.java:45)
	at org.gradle.initialization.VintageBuildModelController.lambda$scheduleRequestedTasks$0(VintageBuildModelController.java:76)
	at org.gradle.internal.model.StateTransitionController.lambda$inState$1(StateTransitionController.java:99)
	at org.gradle.internal.model.StateTransitionController.lambda$inState$2(StateTransitionController.java:114)
	at org.gradle.internal.work.DefaultSynchronizer.withLock(DefaultSynchronizer.java:44)
	at org.gradle.internal.model.StateTransitionController.inState(StateTransitionController.java:110)
	at org.gradle.internal.model.StateTransitionController.inState(StateTransitionController.java:98)
	at org.gradle.initialization.VintageBuildModelController.scheduleRequestedTasks(VintageBuildModelController.java:76)
	at org.gradle.internal.build.DefaultBuildLifecycleController$DefaultWorkGraphBuilder.addRequestedTasks(DefaultBuildLifecycleController.java:404)
	at org.gradle.internal.buildtree.DefaultBuildTreeWorkPreparer.lambda$scheduleRequestedTasks$0(DefaultBuildTreeWorkPreparer.java:41)
	at org.gradle.internal.build.DefaultBuildLifecycleController.lambda$populateWorkGraph$7(DefaultBuildLifecycleController.java:189)
	at org.gradle.internal.build.DefaultBuildWorkPreparer.populateWorkGraph(DefaultBuildWorkPreparer.java:42)
	at org.gradle.internal.build.BuildOperationFiringBuildWorkPreparer$PopulateWorkGraph.populateTaskGraph(BuildOperationFiringBuildWorkPreparer.java:106)
	at org.gradle.internal.build.BuildOperationFiringBuildWorkPreparer$PopulateWorkGraph.run(BuildOperationFiringBuildWorkPreparer.java:92)
	at org.gradle.internal.operations.DefaultBuildOperationRunner$1.execute(DefaultBuildOperationRunner.java:29)
	at org.gradle.internal.operations.DefaultBuildOperationRunner$1.execute(DefaultBuildOperationRunner.java:26)
	at org.gradle.internal.operations.DefaultBuildOperationRunner$2.execute(DefaultBuildOperationRunner.java:66)
	at org.gradle.internal.operations.DefaultBuildOperationRunner$2.execute(DefaultBuildOperationRunner.java:59)
	at org.gradle.internal.operations.DefaultBuildOperationRunner.execute(DefaultBuildOperationRunner.java:157)
	at org.gradle.internal.operations.DefaultBuildOperationRunner.execute(DefaultBuildOperationRunner.java:59)
	at org.gradle.internal.operations.DefaultBuildOperationRunner.run(DefaultBuildOperationRunner.java:47)
	at org.gradle.internal.operations.DefaultBuildOperationExecutor.run(DefaultBuildOperationExecutor.java:68)
	at org.gradle.internal.build.BuildOperationFiringBuildWorkPreparer.populateWorkGraph(BuildOperationFiringBuildWorkPreparer.java:67)
	at org.gradle.internal.build.DefaultBuildLifecycleController.lambda$populateWorkGraph$8(DefaultBuildLifecycleController.java:189)
	at org.gradle.internal.model.StateTransitionController.lambda$inState$1(StateTransitionController.java:99)
	at org.gradle.internal.model.StateTransitionController.lambda$inState$2(StateTransitionController.java:114)
	at org.gradle.internal.work.DefaultSynchronizer.withLock(DefaultSynchronizer.java:44)
	at org.gradle.internal.model.StateTransitionController.inState(StateTransitionController.java:110)
	at org.gradle.internal.model.StateTransitionController.inState(StateTransitionController.java:98)
	at org.gradle.internal.build.DefaultBuildLifecycleController.populateWorkGraph(DefaultBuildLifecycleController.java:189)
	at org.gradle.internal.build.DefaultBuildWorkGraphController$DefaultBuildWorkGraph.populateWorkGraph(DefaultBuildWorkGraphController.java:169)
	at org.gradle.composite.internal.DefaultBuildController.populateWorkGraph(DefaultBuildController.java:76)
	at org.gradle.composite.internal.DefaultIncludedBuildTaskGraph$DefaultBuildTreeWorkGraphBuilder.withWorkGraph(DefaultIncludedBuildTaskGraph.java:153)
	at org.gradle.internal.buildtree.DefaultBuildTreeWorkPreparer.lambda$scheduleRequestedTasks$1(DefaultBuildTreeWorkPreparer.java:41)
	at org.gradle.composite.internal.DefaultIncludedBuildTaskGraph$DefaultBuildTreeWorkGraph$1.run(DefaultIncludedBuildTaskGraph.java:209)
	at org.gradle.internal.operations.DefaultBuildOperationRunner$1.execute(DefaultBuildOperationRunner.java:29)
	at org.gradle.internal.operations.DefaultBuildOperationRunner$1.execute(DefaultBuildOperationRunner.java:26)
	at org.gradle.internal.operations.DefaultBuildOperationRunner$2.execute(DefaultBuildOperationRunner.java:66)
	at org.gradle.internal.operations.DefaultBuildOperationRunner$2.execute(DefaultBuildOperationRunner.java:59)
	at org.gradle.internal.operations.DefaultBuildOperationRunner.execute(DefaultBuildOperationRunner.java:157)
	at org.gradle.internal.operations.DefaultBuildOperationRunner.execute(DefaultBuildOperationRunner.java:59)
	at org.gradle.internal.operations.DefaultBuildOperationRunner.run(DefaultBuildOperationRunner.java:47)
	at org.gradle.internal.operations.DefaultBuildOperationExecutor.run(DefaultBuildOperationExecutor.java:68)
	at org.gradle.composite.internal.DefaultIncludedBuildTaskGraph$DefaultBuildTreeWorkGraph.scheduleWork(DefaultIncludedBuildTaskGraph.java:204)
	at org.gradle.internal.buildtree.DefaultBuildTreeWorkPreparer.scheduleRequestedTasks(DefaultBuildTreeWorkPreparer.java:37)
	at org.gradle.configurationcache.VintageBuildTreeWorkController$scheduleAndRunRequestedTasks$1.apply(VintageBuildTreeWorkController.kt:36)
	at org.gradle.configurationcache.VintageBuildTreeWorkController$scheduleAndRunRequestedTasks$1.apply(VintageBuildTreeWorkController.kt:35)
	at org.gradle.composite.internal.DefaultIncludedBuildTaskGraph.withNewWorkGraph(DefaultIncludedBuildTaskGraph.java:112)
	at org.gradle.configurationcache.VintageBuildTreeWorkController.scheduleAndRunRequestedTasks(VintageBuildTreeWorkController.kt:35)
	at org.gradle.internal.buildtree.DefaultBuildTreeLifecycleController.lambda$scheduleAndRunTasks$1(DefaultBuildTreeLifecycleController.java:76)
	at org.gradle.internal.buildtree.DefaultBuildTreeLifecycleController.lambda$runBuild$4(DefaultBuildTreeLifecycleController.java:119)
	at org.gradle.internal.model.StateTransitionController.lambda$transition$6(StateTransitionController.java:169)
	at org.gradle.internal.model.StateTransitionController.doTransition(StateTransitionController.java:266)
	at org.gradle.internal.model.StateTransitionController.lambda$transition$7(StateTransitionController.java:169)
	at org.gradle.internal.work.DefaultSynchronizer.withLock(DefaultSynchronizer.java:44)
	at org.gradle.internal.model.StateTransitionController.transition(StateTransitionController.java:169)
	at org.gradle.internal.buildtree.DefaultBuildTreeLifecycleController.runBuild(DefaultBuildTreeLifecycleController.java:116)
	at org.gradle.internal.buildtree.DefaultBuildTreeLifecycleController.scheduleAndRunTasks(DefaultBuildTreeLifecycleController.java:76)
	at org.gradle.internal.buildtree.DefaultBuildTreeLifecycleController.scheduleAndRunTasks(DefaultBuildTreeLifecycleController.java:71)
	at org.gradle.tooling.internal.provider.ExecuteBuildActionRunner.run(ExecuteBuildActionRunner.java:31)
	at org.gradle.launcher.exec.ChainingBuildActionRunner.run(ChainingBuildActionRunner.java:35)
	at org.gradle.internal.buildtree.ProblemReportingBuildActionRunner.run(ProblemReportingBuildActionRunner.java:49)
	at org.gradle.launcher.exec.BuildOutcomeReportingBuildActionRunner.run(BuildOutcomeReportingBuildActionRunner.java:65)
	at org.gradle.tooling.internal.provider.FileSystemWatchingBuildActionRunner.run(FileSystemWatchingBuildActionRunner.java:140)
	at org.gradle.launcher.exec.BuildCompletionNotifyingBuildActionRunner.run(BuildCompletionNotifyingBuildActionRunner.java:41)
	at org.gradle.launcher.exec.RootBuildLifecycleBuildActionExecutor.lambda$execute$0(RootBuildLifecycleBuildActionExecutor.java:40)
	at org.gradle.composite.internal.DefaultRootBuildState.run(DefaultRootBuildState.java:123)
	at org.gradle.launcher.exec.RootBuildLifecycleBuildActionExecutor.execute(RootBuildLifecycleBuildActionExecutor.java:40)
	at org.gradle.internal.buildtree.InitDeprecationLoggingActionExecutor.execute(InitDeprecationLoggingActionExecutor.java:62)
	at org.gradle.internal.buildtree.InitProblems.execute(InitProblems.java:38)
	at org.gradle.internal.buildtree.DefaultBuildTreeContext.execute(DefaultBuildTreeContext.java:40)
	at org.gradle.launcher.exec.BuildTreeLifecycleBuildActionExecutor.lambda$execute$0(BuildTreeLifecycleBuildActionExecutor.java:58)
	at org.gradle.internal.buildtree.BuildTreeState.run(BuildTreeState.java:58)
	at org.gradle.launcher.exec.BuildTreeLifecycleBuildActionExecutor.execute(BuildTreeLifecycleBuildActionExecutor.java:58)
	at org.gradle.launcher.exec.RunAsBuildOperationBuildActionExecutor$3.call(RunAsBuildOperationBuildActionExecutor.java:61)
	at org.gradle.launcher.exec.RunAsBuildOperationBuildActionExecutor$3.call(RunAsBuildOperationBuildActionExecutor.java:57)
	at org.gradle.internal.operations.DefaultBuildOperationRunner$CallableBuildOperationWorker.execute(DefaultBuildOperationRunner.java:204)
	at org.gradle.internal.operations.DefaultBuildOperationRunner$CallableBuildOperationWorker.execute(DefaultBuildOperationRunner.java:199)
	at org.gradle.internal.operations.DefaultBuildOperationRunner$2.execute(DefaultBuildOperationRunner.java:66)
	at org.gradle.internal.operations.DefaultBuildOperationRunner$2.execute(DefaultBuildOperationRunner.java:59)
	at org.gradle.internal.operations.DefaultBuildOperationRunner.execute(DefaultBuildOperationRunner.java:157)
	at org.gradle.internal.operations.DefaultBuildOperationRunner.execute(DefaultBuildOperationRunner.java:59)
	at org.gradle.internal.operations.DefaultBuildOperationRunner.call(DefaultBuildOperationRunner.java:53)
	at org.gradle.internal.operations.DefaultBuildOperationExecutor.call(DefaultBuildOperationExecutor.java:73)
	at org.gradle.launcher.exec.RunAsBuildOperationBuildActionExecutor.execute(RunAsBuildOperationBuildActionExecutor.java:57)
	at org.gradle.launcher.exec.RunAsWorkerThreadBuildActionExecutor.lambda$execute$0(RunAsWorkerThreadBuildActionExecutor.java:36)
	at org.gradle.internal.work.DefaultWorkerLeaseService.withLocks(DefaultWorkerLeaseService.java:264)
	at org.gradle.internal.work.DefaultWorkerLeaseService.runAsWorkerThread(DefaultWorkerLeaseService.java:128)
	at org.gradle.launcher.exec.RunAsWorkerThreadBuildActionExecutor.execute(RunAsWorkerThreadBuildActionExecutor.java:36)
	at org.gradle.tooling.internal.provider.continuous.ContinuousBuildActionExecutor.execute(ContinuousBuildActionExecutor.java:110)
	at org.gradle.tooling.internal.provider.SubscribableBuildActionExecutor.execute(SubscribableBuildActionExecutor.java:64)
	at org.gradle.internal.session.DefaultBuildSessionContext.execute(DefaultBuildSessionContext.java:46)
	at org.gradle.tooling.internal.provider.BuildSessionLifecycleBuildActionExecuter$ActionImpl.apply(BuildSessionLifecycleBuildActionExecuter.java:92)
	at org.gradle.tooling.internal.provider.BuildSessionLifecycleBuildActionExecuter$ActionImpl.apply(BuildSessionLifecycleBuildActionExecuter.java:80)
	at org.gradle.internal.session.BuildSessionState.run(BuildSessionState.java:69)
	at org.gradle.tooling.internal.provider.BuildSessionLifecycleBuildActionExecuter.execute(BuildSessionLifecycleBuildActionExecuter.java:62)
	at org.gradle.tooling.internal.provider.BuildSessionLifecycleBuildActionExecuter.execute(BuildSessionLifecycleBuildActionExecuter.java:41)
	at org.gradle.tooling.internal.provider.StartParamsValidatingActionExecuter.execute(StartParamsValidatingActionExecuter.java:64)
	at org.gradle.tooling.internal.provider.StartParamsValidatingActionExecuter.execute(StartParamsValidatingActionExecuter.java:32)
	at org.gradle.tooling.internal.provider.SessionFailureReportingActionExecuter.execute(SessionFailureReportingActionExecuter.java:51)
	at org.gradle.tooling.internal.provider.SessionFailureReportingActionExecuter.execute(SessionFailureReportingActionExecuter.java:39)
	at org.gradle.tooling.internal.provider.SetupLoggingActionExecuter.execute(SetupLoggingActionExecuter.java:47)
	at org.gradle.tooling.internal.provider.SetupLoggingActionExecuter.execute(SetupLoggingActionExecuter.java:31)
	at org.gradle.launcher.daemon.server.exec.ExecuteBuild.doBuild(ExecuteBuild.java:65)
	at org.gradle.launcher.daemon.server.exec.BuildCommandOnly.execute(BuildCommandOnly.java:37)
	at org.gradle.launcher.daemon.server.api.DaemonCommandExecution.proceed(DaemonCommandExecution.java:104)
	at org.gradle.launcher.daemon.server.exec.WatchForDisconnection.execute(WatchForDisconnection.java:39)
	at org.gradle.launcher.daemon.server.api.DaemonCommandExecution.proceed(DaemonCommandExecution.java:104)
	at org.gradle.launcher.daemon.server.exec.ResetDeprecationLogger.execute(ResetDeprecationLogger.java:29)
	at org.gradle.launcher.daemon.server.api.DaemonCommandExecution.proceed(DaemonCommandExecution.java:104)
	at org.gradle.launcher.daemon.server.exec.RequestStopIfSingleUsedDaemon.execute(RequestStopIfSingleUsedDaemon.java:35)
	at org.gradle.launcher.daemon.server.api.DaemonCommandExecution.proceed(DaemonCommandExecution.java:104)
	at org.gradle.launcher.daemon.server.exec.ForwardClientInput$2.create(ForwardClientInput.java:78)
	at org.gradle.launcher.daemon.server.exec.ForwardClientInput$2.create(ForwardClientInput.java:75)
	at org.gradle.util.internal.Swapper.swap(Swapper.java:38)
	at org.gradle.launcher.daemon.server.exec.ForwardClientInput.execute(ForwardClientInput.java:75)
	at org.gradle.launcher.daemon.server.api.DaemonCommandExecution.proceed(DaemonCommandExecution.java:104)
	at org.gradle.launcher.daemon.server.exec.LogAndCheckHealth.execute(LogAndCheckHealth.java:64)
	at org.gradle.launcher.daemon.server.api.DaemonCommandExecution.proceed(DaemonCommandExecution.java:104)
	at org.gradle.launcher.daemon.server.exec.LogToClient.doBuild(LogToClient.java:63)
	at org.gradle.launcher.daemon.server.exec.BuildCommandOnly.execute(BuildCommandOnly.java:37)
	at org.gradle.launcher.daemon.server.api.DaemonCommandExecution.proceed(DaemonCommandExecution.java:104)
	at org.gradle.launcher.daemon.server.exec.EstablishBuildEnvironment.doBuild(EstablishBuildEnvironment.java:84)
	at org.gradle.launcher.daemon.server.exec.BuildCommandOnly.execute(BuildCommandOnly.java:37)
	at org.gradle.launcher.daemon.server.api.DaemonCommandExecution.proceed(DaemonCommandExecution.java:104)
	at org.gradle.launcher.daemon.server.exec.StartBuildOrRespondWithBusy$1.run(StartBuildOrRespondWithBusy.java:52)
	at org.gradle.launcher.daemon.server.DaemonStateCoordinator$1.run(DaemonStateCoordinator.java:297)
	at org.gradle.internal.concurrent.ExecutorPolicy$CatchAndRecordFailures.onExecute(ExecutorPolicy.java:64)
	at org.gradle.internal.concurrent.AbstractManagedExecutor$1.run(AbstractManagedExecutor.java:47)
	at java.base/java.util.concurrent.ThreadPoolExecutor.runWorker(ThreadPoolExecutor.java:1136)
	at java.base/java.util.concurrent.ThreadPoolExecutor$Worker.run(ThreadPoolExecutor.java:635)
	at java.base/java.lang.Thread.run(Thread.java:840)
[gradle-intellij-plugin :] Cannot create plugin from file '/opt/android-studio/plugins/tasks': Invalid plugin descriptor 'plugin.xml'. Unable to read the plugin descriptor: No enum constant com.jetbrains.plugin.structure.intellij.plugin.IdePluginContentDescriptor.ServiceType.APPLİCATİON.
Unable to read descriptor [plugin.xml] from [/opt/android-studio/plugins/terminal/lib/terminal.jar]
java.lang.IllegalArgumentException: No enum constant com.jetbrains.plugin.structure.intellij.plugin.IdePluginContentDescriptor.ServiceType.APPLİCATİON
	at java.base/java.lang.Enum.valueOf(Enum.java:273)
	at com.jetbrains.plugin.structure.intellij.plugin.IdePluginContentDescriptor$ServiceType.valueOf(IdePluginContents.kt)
	at com.jetbrains.plugin.structure.intellij.plugin.PluginCreator.readServiceDescriptor(PluginCreator.kt:406)
	at com.jetbrains.plugin.structure.intellij.plugin.PluginCreator.readExtensions(PluginCreator.kt:341)
	at com.jetbrains.plugin.structure.intellij.plugin.PluginCreator.setInfoFromBean(PluginCreator.kt:320)
	at com.jetbrains.plugin.structure.intellij.plugin.PluginCreator.resolveDocumentAndValidateBean(PluginCreator.kt:664)
	at com.jetbrains.plugin.structure.intellij.plugin.PluginCreator.access$resolveDocumentAndValidateBean(PluginCreator.kt:31)
	at com.jetbrains.plugin.structure.intellij.plugin.PluginCreator$Companion.createPlugin(PluginCreator.kt:109)
	at com.jetbrains.plugin.structure.intellij.plugin.IdePluginManager.loadPluginInfoFromJarFile(IdePluginManager.kt:62)
	at com.jetbrains.plugin.structure.intellij.plugin.IdePluginManager.loadPluginInfoFromLibDirectory(IdePluginManager.kt:165)
	at com.jetbrains.plugin.structure.intellij.plugin.IdePluginManager.loadPluginInfoFromDirectory(IdePluginManager.kt:97)
	at com.jetbrains.plugin.structure.intellij.plugin.IdePluginManager.loadPluginInfoFromJarOrDirectory(IdePluginManager.kt:206)
	at com.jetbrains.plugin.structure.intellij.plugin.IdePluginManager.getPluginCreatorWithResult(IdePluginManager.kt:347)
	at com.jetbrains.plugin.structure.intellij.plugin.IdePluginManager.createPlugin(IdePluginManager.kt:314)
	at com.jetbrains.plugin.structure.intellij.plugin.IdePluginManager.createPlugin$default(IdePluginManager.kt:312)
	at org.jetbrains.intellij.Utils.createPlugin(utils.kt:222)
	at org.jetbrains.intellij.dependency.BuiltinPluginsRegistry.add(BuiltinPluginsRegistry.kt:89)
	at org.jetbrains.intellij.dependency.BuiltinPluginsRegistry.fillFromDirectory(BuiltinPluginsRegistry.kt:47)
	at org.jetbrains.intellij.dependency.BuiltinPluginsRegistry.access$fillFromDirectory(BuiltinPluginsRegistry.kt:21)
	at org.jetbrains.intellij.dependency.BuiltinPluginsRegistry$Companion.fromDirectory(BuiltinPluginsRegistry.kt:127)
	at org.jetbrains.intellij.dependency.IdeaDependencyManager.createDependency(IdeaDependencyManager.kt:92)
	at org.jetbrains.intellij.dependency.IdeaDependencyManager.resolveLocal(IdeaDependencyManager.kt:430)
	at org.jetbrains.intellij.IntelliJPlugin$prepareIdeaDependencyProvider$1.call(IntelliJPlugin.kt:299)
	at org.jetbrains.intellij.IntelliJPlugin$prepareIdeaDependencyProvider$1.call(IntelliJPlugin.kt:266)
	at org.gradle.api.internal.provider.DefaultProvider.calculateOwnValue(DefaultProvider.java:72)
	at org.gradle.api.internal.provider.AbstractMinimalProvider.calculateValue(AbstractMinimalProvider.java:115)
	at org.gradle.api.internal.provider.TransformBackedProvider.calculateOwnValue(TransformBackedProvider.java:82)
	at org.gradle.api.internal.provider.AbstractMinimalProvider.calculateValue(AbstractMinimalProvider.java:115)
	at org.gradle.api.internal.provider.AbstractMinimalProvider.withFinalValue(AbstractMinimalProvider.java:168)
	at org.gradle.api.internal.provider.DefaultProperty.finalValue(DefaultProperty.java:133)
	at org.gradle.api.internal.provider.DefaultProperty.finalValue(DefaultProperty.java:26)
	at org.gradle.api.internal.provider.AbstractProperty.finalizeNow(AbstractProperty.java:245)
	at org.gradle.api.internal.provider.AbstractProperty.beforeRead(AbstractProperty.java:239)
	at org.gradle.api.internal.provider.AbstractProperty.calculateOwnValue(AbstractProperty.java:135)
	at org.gradle.api.internal.provider.AbstractMinimalProvider.calculateValue(AbstractMinimalProvider.java:115)
	at org.gradle.api.internal.provider.TransformBackedProvider.calculateOwnValue(TransformBackedProvider.java:82)
	at org.gradle.api.internal.provider.AbstractMinimalProvider.calculateValue(AbstractMinimalProvider.java:115)
	at org.gradle.api.internal.provider.TransformBackedProvider.calculateOwnValue(TransformBackedProvider.java:82)
	at org.gradle.api.internal.provider.AbstractMinimalProvider.calculateValue(AbstractMinimalProvider.java:115)
	at org.gradle.api.internal.provider.DefaultProperty.calculateValueFrom(DefaultProperty.java:128)
	at org.gradle.api.internal.provider.DefaultProperty.calculateValueFrom(DefaultProperty.java:26)
	at org.gradle.api.internal.provider.AbstractProperty.doCalculateValue(AbstractProperty.java:142)
	at org.gradle.api.internal.provider.AbstractProperty.calculateOwnValue(AbstractProperty.java:136)
	at org.gradle.api.internal.provider.AbstractMinimalProvider.getOrNull(AbstractMinimalProvider.java:105)
	at org.jetbrains.intellij.IntelliJPlugin$prepareConventionMappingsForRunIdeTask$8.call(IntelliJPlugin.kt:963)
	at org.jetbrains.intellij.IntelliJPlugin$prepareConventionMappingsForRunIdeTask$8.call(IntelliJPlugin.kt:958)
	at org.gradle.api.internal.provider.DefaultProvider.calculateOwnValue(DefaultProvider.java:72)
	at org.gradle.api.internal.provider.AbstractMinimalProvider.calculateValue(AbstractMinimalProvider.java:115)
	at org.gradle.api.internal.provider.TransformBackedProvider.calculateOwnValue(TransformBackedProvider.java:82)
	at org.gradle.api.internal.provider.AbstractMinimalProvider.calculateValue(AbstractMinimalProvider.java:115)
	at org.gradle.api.internal.provider.DefaultProperty.calculateValueFrom(DefaultProperty.java:128)
	at org.gradle.api.internal.provider.DefaultProperty.calculateValueFrom(DefaultProperty.java:26)
	at org.gradle.api.internal.provider.AbstractProperty.doCalculateValue(AbstractProperty.java:142)
	at org.gradle.api.internal.provider.AbstractProperty.calculateOwnValue(AbstractProperty.java:136)
	at org.gradle.api.internal.provider.AbstractMinimalProvider.calculateOwnPresentValue(AbstractMinimalProvider.java:80)
	at org.gradle.api.internal.provider.AbstractMinimalProvider.get(AbstractMinimalProvider.java:100)
	at org.jetbrains.intellij.tasks.RunIdeBase.getExecutable(RunIdeBase.kt:202)
	at org.jetbrains.intellij.tasks.BuildSearchableOptionsTask_Decorated.getExecutable(Unknown Source)
	at org.gradle.api.tasks.internal.JavaExecExecutableUtils.getExecutableOverrideToolchainSpec(JavaExecExecutableUtils.java:30)
	at org.gradle.api.tasks.JavaExec.lambda$new$0(JavaExec.java:144)
	at org.gradle.api.internal.provider.DefaultProvider.calculateOwnValue(DefaultProvider.java:72)
	at org.gradle.api.internal.provider.AbstractMinimalProvider.calculateValue(AbstractMinimalProvider.java:115)
	at org.gradle.api.internal.provider.FlatMapProvider.calculateOwnValue(FlatMapProvider.java:46)
	at org.gradle.api.internal.provider.AbstractMinimalProvider.calculateValue(AbstractMinimalProvider.java:115)
	at org.gradle.api.internal.provider.OrElseProvider.calculateOwnValue(OrElseProvider.java:76)
	at org.gradle.api.internal.provider.AbstractMinimalProvider.calculateValue(AbstractMinimalProvider.java:115)
	at org.gradle.api.internal.provider.TransformBackedProvider.calculateOwnValue(TransformBackedProvider.java:82)
	at org.gradle.api.internal.provider.AbstractMinimalProvider.calculateValue(AbstractMinimalProvider.java:115)
	at org.gradle.api.internal.provider.AbstractMinimalProvider.withFinalValue(AbstractMinimalProvider.java:168)
	at org.gradle.api.internal.provider.DefaultProperty.finalValue(DefaultProperty.java:133)
	at org.gradle.api.internal.provider.DefaultProperty.finalValue(DefaultProperty.java:26)
	at org.gradle.api.internal.provider.AbstractProperty.finalizeNow(AbstractProperty.java:245)
	at org.gradle.api.internal.provider.AbstractProperty.beforeRead(AbstractProperty.java:239)
	at org.gradle.api.internal.provider.AbstractProperty.calculateOwnValue(AbstractProperty.java:135)
	at org.gradle.api.internal.provider.AbstractMinimalProvider.getOrNull(AbstractMinimalProvider.java:105)
	at org.gradle.internal.properties.annotations.AbstractTypeMetadataWalker$InstanceTypeMetadataWalker.lambda$walkNestedProvider$0(AbstractTypeMetadataWalker.java:137)
	at org.gradle.internal.properties.annotations.AbstractTypeMetadataWalker$InstanceTypeMetadataWalker.walkNestedChild(AbstractTypeMetadataWalker.java:184)
	at org.gradle.internal.properties.annotations.AbstractTypeMetadataWalker$InstanceTypeMetadataWalker.walkNestedProvider(AbstractTypeMetadataWalker.java:136)
	at org.gradle.internal.properties.annotations.AbstractTypeMetadataWalker$InstanceTypeMetadataWalker.walkNestedProvider(AbstractTypeMetadataWalker.java:118)
	at org.gradle.internal.properties.annotations.AbstractTypeMetadataWalker.walkNested(AbstractTypeMetadataWalker.java:60)
	at org.gradle.internal.properties.annotations.AbstractTypeMetadataWalker.lambda$walkChildren$3(AbstractTypeMetadataWalker.java:85)
	at org.gradle.internal.properties.annotations.AbstractTypeMetadataWalker$InstanceTypeMetadataWalker.walkNestedChild(AbstractTypeMetadataWalker.java:190)
	at org.gradle.internal.properties.annotations.AbstractTypeMetadataWalker$InstanceTypeMetadataWalker.walkNestedChild(AbstractTypeMetadataWalker.java:171)
	at org.gradle.internal.properties.annotations.AbstractTypeMetadataWalker$InstanceTypeMetadataWalker.walkNestedChild(AbstractTypeMetadataWalker.java:118)
	at org.gradle.internal.properties.annotations.AbstractTypeMetadataWalker.lambda$walkChildren$4(AbstractTypeMetadataWalker.java:85)
	at java.base/java.lang.Iterable.forEach(Iterable.java:75)
	at org.gradle.internal.properties.annotations.AbstractTypeMetadataWalker.walkChildren(AbstractTypeMetadataWalker.java:83)
	at org.gradle.internal.properties.annotations.AbstractTypeMetadataWalker.walk(AbstractTypeMetadataWalker.java:53)
	at org.gradle.internal.properties.bean.DefaultPropertyWalker.visitProperties(DefaultPropertyWalker.java:65)
	at org.gradle.api.internal.tasks.TaskPropertyUtils.visitAnnotatedProperties(TaskPropertyUtils.java:58)
	at org.gradle.api.internal.tasks.TaskPropertyUtils.visitProperties(TaskPropertyUtils.java:45)
	at org.gradle.api.internal.tasks.TaskPropertyUtils.visitProperties(TaskPropertyUtils.java:35)
	at org.gradle.api.internal.tasks.DefaultTaskInputs.visitDependencies(DefaultTaskInputs.java:195)
	at org.gradle.api.internal.tasks.DefaultTaskDependency.visitDependencies(DefaultTaskDependency.java:112)
	at org.gradle.api.internal.tasks.CachingTaskDependencyResolveContext$TaskGraphImpl.getNodeValues(CachingTaskDependencyResolveContext.java:103)
	at org.gradle.internal.graph.CachingDirectedGraphWalker$GraphWithEmptyEdges.getNodeValues(CachingDirectedGraphWalker.java:213)
	at org.gradle.internal.graph.CachingDirectedGraphWalker.doSearch(CachingDirectedGraphWalker.java:121)
	at org.gradle.internal.graph.CachingDirectedGraphWalker.findValues(CachingDirectedGraphWalker.java:73)
	at org.gradle.api.internal.tasks.CachingTaskDependencyResolveContext.getDependencies(CachingTaskDependencyResolveContext.java:66)
	at org.gradle.execution.plan.TaskDependencyResolver.resolveDependenciesFor(TaskDependencyResolver.java:49)
	at org.gradle.execution.plan.LocalTaskNode.getDependencies(LocalTaskNode.java:148)
	at org.gradle.execution.plan.LocalTaskNode.resolveDependencies(LocalTaskNode.java:122)
	at org.gradle.execution.plan.DefaultExecutionPlan.discoverNodeRelationships(DefaultExecutionPlan.java:183)
	at org.gradle.execution.plan.DefaultExecutionPlan.doAddEntryNodes(DefaultExecutionPlan.java:155)
	at org.gradle.execution.plan.DefaultExecutionPlan.addEntryTasks(DefaultExecutionPlan.java:130)
	at org.gradle.execution.plan.DefaultExecutionPlan.addEntryTasks(DefaultExecutionPlan.java:122)
	at org.gradle.execution.TaskNameResolvingBuildTaskScheduler.scheduleRequestedTasks(TaskNameResolvingBuildTaskScheduler.java:54)
	at org.gradle.execution.DefaultTasksBuildTaskScheduler.scheduleRequestedTasks(DefaultTasksBuildTaskScheduler.java:72)
	at org.gradle.initialization.DefaultTaskExecutionPreparer.lambda$scheduleRequestedTasks$0(DefaultTaskExecutionPreparer.java:46)
	at org.gradle.internal.Factories$1.create(Factories.java:31)
	at org.gradle.internal.work.DefaultWorkerLeaseService.withReplacedLocks(DefaultWorkerLeaseService.java:360)
	at org.gradle.api.internal.project.DefaultProjectStateRegistry$DefaultBuildProjectRegistry.withMutableStateOfAllProjects(DefaultProjectStateRegistry.java:239)
	at org.gradle.api.internal.project.DefaultProjectStateRegistry$DefaultBuildProjectRegistry.withMutableStateOfAllProjects(DefaultProjectStateRegistry.java:232)
	at org.gradle.initialization.DefaultTaskExecutionPreparer.scheduleRequestedTasks(DefaultTaskExecutionPreparer.java:45)
	at org.gradle.initialization.VintageBuildModelController.lambda$scheduleRequestedTasks$0(VintageBuildModelController.java:76)
	at org.gradle.internal.model.StateTransitionController.lambda$inState$1(StateTransitionController.java:99)
	at org.gradle.internal.model.StateTransitionController.lambda$inState$2(StateTransitionController.java:114)
	at org.gradle.internal.work.DefaultSynchronizer.withLock(DefaultSynchronizer.java:44)
	at org.gradle.internal.model.StateTransitionController.inState(StateTransitionController.java:110)
	at org.gradle.internal.model.StateTransitionController.inState(StateTransitionController.java:98)
	at org.gradle.initialization.VintageBuildModelController.scheduleRequestedTasks(VintageBuildModelController.java:76)
	at org.gradle.internal.build.DefaultBuildLifecycleController$DefaultWorkGraphBuilder.addRequestedTasks(DefaultBuildLifecycleController.java:404)
	at org.gradle.internal.buildtree.DefaultBuildTreeWorkPreparer.lambda$scheduleRequestedTasks$0(DefaultBuildTreeWorkPreparer.java:41)
	at org.gradle.internal.build.DefaultBuildLifecycleController.lambda$populateWorkGraph$7(DefaultBuildLifecycleController.java:189)
	at org.gradle.internal.build.DefaultBuildWorkPreparer.populateWorkGraph(DefaultBuildWorkPreparer.java:42)
	at org.gradle.internal.build.BuildOperationFiringBuildWorkPreparer$PopulateWorkGraph.populateTaskGraph(BuildOperationFiringBuildWorkPreparer.java:106)
	at org.gradle.internal.build.BuildOperationFiringBuildWorkPreparer$PopulateWorkGraph.run(BuildOperationFiringBuildWorkPreparer.java:92)
	at org.gradle.internal.operations.DefaultBuildOperationRunner$1.execute(DefaultBuildOperationRunner.java:29)
	at org.gradle.internal.operations.DefaultBuildOperationRunner$1.execute(DefaultBuildOperationRunner.java:26)
	at org.gradle.internal.operations.DefaultBuildOperationRunner$2.execute(DefaultBuildOperationRunner.java:66)
	at org.gradle.internal.operations.DefaultBuildOperationRunner$2.execute(DefaultBuildOperationRunner.java:59)
	at org.gradle.internal.operations.DefaultBuildOperationRunner.execute(DefaultBuildOperationRunner.java:157)
	at org.gradle.internal.operations.DefaultBuildOperationRunner.execute(DefaultBuildOperationRunner.java:59)
	at org.gradle.internal.operations.DefaultBuildOperationRunner.run(DefaultBuildOperationRunner.java:47)
	at org.gradle.internal.operations.DefaultBuildOperationExecutor.run(DefaultBuildOperationExecutor.java:68)
	at org.gradle.internal.build.BuildOperationFiringBuildWorkPreparer.populateWorkGraph(BuildOperationFiringBuildWorkPreparer.java:67)
	at org.gradle.internal.build.DefaultBuildLifecycleController.lambda$populateWorkGraph$8(DefaultBuildLifecycleController.java:189)
	at org.gradle.internal.model.StateTransitionController.lambda$inState$1(StateTransitionController.java:99)
	at org.gradle.internal.model.StateTransitionController.lambda$inState$2(StateTransitionController.java:114)
	at org.gradle.internal.work.DefaultSynchronizer.withLock(DefaultSynchronizer.java:44)
	at org.gradle.internal.model.StateTransitionController.inState(StateTransitionController.java:110)
	at org.gradle.internal.model.StateTransitionController.inState(StateTransitionController.java:98)
	at org.gradle.internal.build.DefaultBuildLifecycleController.populateWorkGraph(DefaultBuildLifecycleController.java:189)
	at org.gradle.internal.build.DefaultBuildWorkGraphController$DefaultBuildWorkGraph.populateWorkGraph(DefaultBuildWorkGraphController.java:169)
	at org.gradle.composite.internal.DefaultBuildController.populateWorkGraph(DefaultBuildController.java:76)
	at org.gradle.composite.internal.DefaultIncludedBuildTaskGraph$DefaultBuildTreeWorkGraphBuilder.withWorkGraph(DefaultIncludedBuildTaskGraph.java:153)
	at org.gradle.internal.buildtree.DefaultBuildTreeWorkPreparer.lambda$scheduleRequestedTasks$1(DefaultBuildTreeWorkPreparer.java:41)
	at org.gradle.composite.internal.DefaultIncludedBuildTaskGraph$DefaultBuildTreeWorkGraph$1.run(DefaultIncludedBuildTaskGraph.java:209)
	at org.gradle.internal.operations.DefaultBuildOperationRunner$1.execute(DefaultBuildOperationRunner.java:29)
	at org.gradle.internal.operations.DefaultBuildOperationRunner$1.execute(DefaultBuildOperationRunner.java:26)
	at org.gradle.internal.operations.DefaultBuildOperationRunner$2.execute(DefaultBuildOperationRunner.java:66)
	at org.gradle.internal.operations.DefaultBuildOperationRunner$2.execute(DefaultBuildOperationRunner.java:59)
	at org.gradle.internal.operations.DefaultBuildOperationRunner.execute(DefaultBuildOperationRunner.java:157)
	at org.gradle.internal.operations.DefaultBuildOperationRunner.execute(DefaultBuildOperationRunner.java:59)
	at org.gradle.internal.operations.DefaultBuildOperationRunner.run(DefaultBuildOperationRunner.java:47)
	at org.gradle.internal.operations.DefaultBuildOperationExecutor.run(DefaultBuildOperationExecutor.java:68)
	at org.gradle.composite.internal.DefaultIncludedBuildTaskGraph$DefaultBuildTreeWorkGraph.scheduleWork(DefaultIncludedBuildTaskGraph.java:204)
	at org.gradle.internal.buildtree.DefaultBuildTreeWorkPreparer.scheduleRequestedTasks(DefaultBuildTreeWorkPreparer.java:37)
	at org.gradle.configurationcache.VintageBuildTreeWorkController$scheduleAndRunRequestedTasks$1.apply(VintageBuildTreeWorkController.kt:36)
	at org.gradle.configurationcache.VintageBuildTreeWorkController$scheduleAndRunRequestedTasks$1.apply(VintageBuildTreeWorkController.kt:35)
	at org.gradle.composite.internal.DefaultIncludedBuildTaskGraph.withNewWorkGraph(DefaultIncludedBuildTaskGraph.java:112)
	at org.gradle.configurationcache.VintageBuildTreeWorkController.scheduleAndRunRequestedTasks(VintageBuildTreeWorkController.kt:35)
	at org.gradle.internal.buildtree.DefaultBuildTreeLifecycleController.lambda$scheduleAndRunTasks$1(DefaultBuildTreeLifecycleController.java:76)
	at org.gradle.internal.buildtree.DefaultBuildTreeLifecycleController.lambda$runBuild$4(DefaultBuildTreeLifecycleController.java:119)
	at org.gradle.internal.model.StateTransitionController.lambda$transition$6(StateTransitionController.java:169)
	at org.gradle.internal.model.StateTransitionController.doTransition(StateTransitionController.java:266)
	at org.gradle.internal.model.StateTransitionController.lambda$transition$7(StateTransitionController.java:169)
	at org.gradle.internal.work.DefaultSynchronizer.withLock(DefaultSynchronizer.java:44)
	at org.gradle.internal.model.StateTransitionController.transition(StateTransitionController.java:169)
	at org.gradle.internal.buildtree.DefaultBuildTreeLifecycleController.runBuild(DefaultBuildTreeLifecycleController.java:116)
	at org.gradle.internal.buildtree.DefaultBuildTreeLifecycleController.scheduleAndRunTasks(DefaultBuildTreeLifecycleController.java:76)
	at org.gradle.internal.buildtree.DefaultBuildTreeLifecycleController.scheduleAndRunTasks(DefaultBuildTreeLifecycleController.java:71)
	at org.gradle.tooling.internal.provider.ExecuteBuildActionRunner.run(ExecuteBuildActionRunner.java:31)
	at org.gradle.launcher.exec.ChainingBuildActionRunner.run(ChainingBuildActionRunner.java:35)
	at org.gradle.internal.buildtree.ProblemReportingBuildActionRunner.run(ProblemReportingBuildActionRunner.java:49)
	at org.gradle.launcher.exec.BuildOutcomeReportingBuildActionRunner.run(BuildOutcomeReportingBuildActionRunner.java:65)
	at org.gradle.tooling.internal.provider.FileSystemWatchingBuildActionRunner.run(FileSystemWatchingBuildActionRunner.java:140)
	at org.gradle.launcher.exec.BuildCompletionNotifyingBuildActionRunner.run(BuildCompletionNotifyingBuildActionRunner.java:41)
	at org.gradle.launcher.exec.RootBuildLifecycleBuildActionExecutor.lambda$execute$0(RootBuildLifecycleBuildActionExecutor.java:40)
	at org.gradle.composite.internal.DefaultRootBuildState.run(DefaultRootBuildState.java:123)
	at org.gradle.launcher.exec.RootBuildLifecycleBuildActionExecutor.execute(RootBuildLifecycleBuildActionExecutor.java:40)
	at org.gradle.internal.buildtree.InitDeprecationLoggingActionExecutor.execute(InitDeprecationLoggingActionExecutor.java:62)
	at org.gradle.internal.buildtree.InitProblems.execute(InitProblems.java:38)
	at org.gradle.internal.buildtree.DefaultBuildTreeContext.execute(DefaultBuildTreeContext.java:40)
	at org.gradle.launcher.exec.BuildTreeLifecycleBuildActionExecutor.lambda$execute$0(BuildTreeLifecycleBuildActionExecutor.java:58)
	at org.gradle.internal.buildtree.BuildTreeState.run(BuildTreeState.java:58)
	at org.gradle.launcher.exec.BuildTreeLifecycleBuildActionExecutor.execute(BuildTreeLifecycleBuildActionExecutor.java:58)
	at org.gradle.launcher.exec.RunAsBuildOperationBuildActionExecutor$3.call(RunAsBuildOperationBuildActionExecutor.java:61)
	at org.gradle.launcher.exec.RunAsBuildOperationBuildActionExecutor$3.call(RunAsBuildOperationBuildActionExecutor.java:57)
	at org.gradle.internal.operations.DefaultBuildOperationRunner$CallableBuildOperationWorker.execute(DefaultBuildOperationRunner.java:204)
	at org.gradle.internal.operations.DefaultBuildOperationRunner$CallableBuildOperationWorker.execute(DefaultBuildOperationRunner.java:199)
	at org.gradle.internal.operations.DefaultBuildOperationRunner$2.execute(DefaultBuildOperationRunner.java:66)
	at org.gradle.internal.operations.DefaultBuildOperationRunner$2.execute(DefaultBuildOperationRunner.java:59)
	at org.gradle.internal.operations.DefaultBuildOperationRunner.execute(DefaultBuildOperationRunner.java:157)
	at org.gradle.internal.operations.DefaultBuildOperationRunner.execute(DefaultBuildOperationRunner.java:59)
	at org.gradle.internal.operations.DefaultBuildOperationRunner.call(DefaultBuildOperationRunner.java:53)
	at org.gradle.internal.operations.DefaultBuildOperationExecutor.call(DefaultBuildOperationExecutor.java:73)
	at org.gradle.launcher.exec.RunAsBuildOperationBuildActionExecutor.execute(RunAsBuildOperationBuildActionExecutor.java:57)
	at org.gradle.launcher.exec.RunAsWorkerThreadBuildActionExecutor.lambda$execute$0(RunAsWorkerThreadBuildActionExecutor.java:36)
	at org.gradle.internal.work.DefaultWorkerLeaseService.withLocks(DefaultWorkerLeaseService.java:264)
	at org.gradle.internal.work.DefaultWorkerLeaseService.runAsWorkerThread(DefaultWorkerLeaseService.java:128)
	at org.gradle.launcher.exec.RunAsWorkerThreadBuildActionExecutor.execute(RunAsWorkerThreadBuildActionExecutor.java:36)
	at org.gradle.tooling.internal.provider.continuous.ContinuousBuildActionExecutor.execute(ContinuousBuildActionExecutor.java:110)
	at org.gradle.tooling.internal.provider.SubscribableBuildActionExecutor.execute(SubscribableBuildActionExecutor.java:64)
	at org.gradle.internal.session.DefaultBuildSessionContext.execute(DefaultBuildSessionContext.java:46)
	at org.gradle.tooling.internal.provider.BuildSessionLifecycleBuildActionExecuter$ActionImpl.apply(BuildSessionLifecycleBuildActionExecuter.java:92)
	at org.gradle.tooling.internal.provider.BuildSessionLifecycleBuildActionExecuter$ActionImpl.apply(BuildSessionLifecycleBuildActionExecuter.java:80)
	at org.gradle.internal.session.BuildSessionState.run(BuildSessionState.java:69)
	at org.gradle.tooling.internal.provider.BuildSessionLifecycleBuildActionExecuter.execute(BuildSessionLifecycleBuildActionExecuter.java:62)
	at org.gradle.tooling.internal.provider.BuildSessionLifecycleBuildActionExecuter.execute(BuildSessionLifecycleBuildActionExecuter.java:41)
	at org.gradle.tooling.internal.provider.StartParamsValidatingActionExecuter.execute(StartParamsValidatingActionExecuter.java:64)
	at org.gradle.tooling.internal.provider.StartParamsValidatingActionExecuter.execute(StartParamsValidatingActionExecuter.java:32)
	at org.gradle.tooling.internal.provider.SessionFailureReportingActionExecuter.execute(SessionFailureReportingActionExecuter.java:51)
	at org.gradle.tooling.internal.provider.SessionFailureReportingActionExecuter.execute(SessionFailureReportingActionExecuter.java:39)
	at org.gradle.tooling.internal.provider.SetupLoggingActionExecuter.execute(SetupLoggingActionExecuter.java:47)
	at org.gradle.tooling.internal.provider.SetupLoggingActionExecuter.execute(SetupLoggingActionExecuter.java:31)
	at org.gradle.launcher.daemon.server.exec.ExecuteBuild.doBuild(ExecuteBuild.java:65)
	at org.gradle.launcher.daemon.server.exec.BuildCommandOnly.execute(BuildCommandOnly.java:37)
	at org.gradle.launcher.daemon.server.api.DaemonCommandExecution.proceed(DaemonCommandExecution.java:104)
	at org.gradle.launcher.daemon.server.exec.WatchForDisconnection.execute(WatchForDisconnection.java:39)
	at org.gradle.launcher.daemon.server.api.DaemonCommandExecution.proceed(DaemonCommandExecution.java:104)
	at org.gradle.launcher.daemon.server.exec.ResetDeprecationLogger.execute(ResetDeprecationLogger.java:29)
	at org.gradle.launcher.daemon.server.api.DaemonCommandExecution.proceed(DaemonCommandExecution.java:104)
	at org.gradle.launcher.daemon.server.exec.RequestStopIfSingleUsedDaemon.execute(RequestStopIfSingleUsedDaemon.java:35)
	at org.gradle.launcher.daemon.server.api.DaemonCommandExecution.proceed(DaemonCommandExecution.java:104)
	at org.gradle.launcher.daemon.server.exec.ForwardClientInput$2.create(ForwardClientInput.java:78)
	at org.gradle.launcher.daemon.server.exec.ForwardClientInput$2.create(ForwardClientInput.java:75)
	at org.gradle.util.internal.Swapper.swap(Swapper.java:38)
	at org.gradle.launcher.daemon.server.exec.ForwardClientInput.execute(ForwardClientInput.java:75)
	at org.gradle.launcher.daemon.server.api.DaemonCommandExecution.proceed(DaemonCommandExecution.java:104)
	at org.gradle.launcher.daemon.server.exec.LogAndCheckHealth.execute(LogAndCheckHealth.java:64)
	at org.gradle.launcher.daemon.server.api.DaemonCommandExecution.proceed(DaemonCommandExecution.java:104)
	at org.gradle.launcher.daemon.server.exec.LogToClient.doBuild(LogToClient.java:63)
	at org.gradle.launcher.daemon.server.exec.BuildCommandOnly.execute(BuildCommandOnly.java:37)
	at org.gradle.launcher.daemon.server.api.DaemonCommandExecution.proceed(DaemonCommandExecution.java:104)
	at org.gradle.launcher.daemon.server.exec.EstablishBuildEnvironment.doBuild(EstablishBuildEnvironment.java:84)
	at org.gradle.launcher.daemon.server.exec.BuildCommandOnly.execute(BuildCommandOnly.java:37)
	at org.gradle.launcher.daemon.server.api.DaemonCommandExecution.proceed(DaemonCommandExecution.java:104)
	at org.gradle.launcher.daemon.server.exec.StartBuildOrRespondWithBusy$1.run(StartBuildOrRespondWithBusy.java:52)
	at org.gradle.launcher.daemon.server.DaemonStateCoordinator$1.run(DaemonStateCoordinator.java:297)
	at org.gradle.internal.concurrent.ExecutorPolicy$CatchAndRecordFailures.onExecute(ExecutorPolicy.java:64)
	at org.gradle.internal.concurrent.AbstractManagedExecutor$1.run(AbstractManagedExecutor.java:47)
	at java.base/java.util.concurrent.ThreadPoolExecutor.runWorker(ThreadPoolExecutor.java:1136)
	at java.base/java.util.concurrent.ThreadPoolExecutor$Worker.run(ThreadPoolExecutor.java:635)
	at java.base/java.lang.Thread.run(Thread.java:840)
[gradle-intellij-plugin :] Cannot create plugin from file '/opt/android-studio/plugins/terminal': Invalid plugin descriptor 'plugin.xml'. Unable to read the plugin descriptor: No enum constant com.jetbrains.plugin.structure.intellij.plugin.IdePluginContentDescriptor.ServiceType.APPLİCATİON.
Unable to read descriptor [plugin.xml] from [/opt/android-studio/plugins/test-recorder/lib/test-recorder.jar]
java.lang.IllegalArgumentException: No enum constant com.jetbrains.plugin.structure.intellij.plugin.IdePluginContentDescriptor.ServiceType.APPLİCATİON
	at java.base/java.lang.Enum.valueOf(Enum.java:273)
	at com.jetbrains.plugin.structure.intellij.plugin.IdePluginContentDescriptor$ServiceType.valueOf(IdePluginContents.kt)
	at com.jetbrains.plugin.structure.intellij.plugin.PluginCreator.readServiceDescriptor(PluginCreator.kt:406)
	at com.jetbrains.plugin.structure.intellij.plugin.PluginCreator.readExtensions(PluginCreator.kt:341)
	at com.jetbrains.plugin.structure.intellij.plugin.PluginCreator.setInfoFromBean(PluginCreator.kt:320)
	at com.jetbrains.plugin.structure.intellij.plugin.PluginCreator.resolveDocumentAndValidateBean(PluginCreator.kt:664)
	at com.jetbrains.plugin.structure.intellij.plugin.PluginCreator.access$resolveDocumentAndValidateBean(PluginCreator.kt:31)
	at com.jetbrains.plugin.structure.intellij.plugin.PluginCreator$Companion.createPlugin(PluginCreator.kt:109)
	at com.jetbrains.plugin.structure.intellij.plugin.IdePluginManager.loadPluginInfoFromJarFile(IdePluginManager.kt:62)
	at com.jetbrains.plugin.structure.intellij.plugin.IdePluginManager.loadPluginInfoFromLibDirectory(IdePluginManager.kt:165)
	at com.jetbrains.plugin.structure.intellij.plugin.IdePluginManager.loadPluginInfoFromDirectory(IdePluginManager.kt:97)
	at com.jetbrains.plugin.structure.intellij.plugin.IdePluginManager.loadPluginInfoFromJarOrDirectory(IdePluginManager.kt:206)
	at com.jetbrains.plugin.structure.intellij.plugin.IdePluginManager.getPluginCreatorWithResult(IdePluginManager.kt:347)
	at com.jetbrains.plugin.structure.intellij.plugin.IdePluginManager.createPlugin(IdePluginManager.kt:314)
	at com.jetbrains.plugin.structure.intellij.plugin.IdePluginManager.createPlugin$default(IdePluginManager.kt:312)
	at org.jetbrains.intellij.Utils.createPlugin(utils.kt:222)
	at org.jetbrains.intellij.dependency.BuiltinPluginsRegistry.add(BuiltinPluginsRegistry.kt:89)
	at org.jetbrains.intellij.dependency.BuiltinPluginsRegistry.fillFromDirectory(BuiltinPluginsRegistry.kt:47)
	at org.jetbrains.intellij.dependency.BuiltinPluginsRegistry.access$fillFromDirectory(BuiltinPluginsRegistry.kt:21)
	at org.jetbrains.intellij.dependency.BuiltinPluginsRegistry$Companion.fromDirectory(BuiltinPluginsRegistry.kt:127)
	at org.jetbrains.intellij.dependency.IdeaDependencyManager.createDependency(IdeaDependencyManager.kt:92)
	at org.jetbrains.intellij.dependency.IdeaDependencyManager.resolveLocal(IdeaDependencyManager.kt:430)
	at org.jetbrains.intellij.IntelliJPlugin$prepareIdeaDependencyProvider$1.call(IntelliJPlugin.kt:299)
	at org.jetbrains.intellij.IntelliJPlugin$prepareIdeaDependencyProvider$1.call(IntelliJPlugin.kt:266)
	at org.gradle.api.internal.provider.DefaultProvider.calculateOwnValue(DefaultProvider.java:72)
	at org.gradle.api.internal.provider.AbstractMinimalProvider.calculateValue(AbstractMinimalProvider.java:115)
	at org.gradle.api.internal.provider.TransformBackedProvider.calculateOwnValue(TransformBackedProvider.java:82)
	at org.gradle.api.internal.provider.AbstractMinimalProvider.calculateValue(AbstractMinimalProvider.java:115)
	at org.gradle.api.internal.provider.AbstractMinimalProvider.withFinalValue(AbstractMinimalProvider.java:168)
	at org.gradle.api.internal.provider.DefaultProperty.finalValue(DefaultProperty.java:133)
	at org.gradle.api.internal.provider.DefaultProperty.finalValue(DefaultProperty.java:26)
	at org.gradle.api.internal.provider.AbstractProperty.finalizeNow(AbstractProperty.java:245)
	at org.gradle.api.internal.provider.AbstractProperty.beforeRead(AbstractProperty.java:239)
	at org.gradle.api.internal.provider.AbstractProperty.calculateOwnValue(AbstractProperty.java:135)
	at org.gradle.api.internal.provider.AbstractMinimalProvider.calculateValue(AbstractMinimalProvider.java:115)
	at org.gradle.api.internal.provider.TransformBackedProvider.calculateOwnValue(TransformBackedProvider.java:82)
	at org.gradle.api.internal.provider.AbstractMinimalProvider.calculateValue(AbstractMinimalProvider.java:115)
	at org.gradle.api.internal.provider.TransformBackedProvider.calculateOwnValue(TransformBackedProvider.java:82)
	at org.gradle.api.internal.provider.AbstractMinimalProvider.calculateValue(AbstractMinimalProvider.java:115)
	at org.gradle.api.internal.provider.DefaultProperty.calculateValueFrom(DefaultProperty.java:128)
	at org.gradle.api.internal.provider.DefaultProperty.calculateValueFrom(DefaultProperty.java:26)
	at org.gradle.api.internal.provider.AbstractProperty.doCalculateValue(AbstractProperty.java:142)
	at org.gradle.api.internal.provider.AbstractProperty.calculateOwnValue(AbstractProperty.java:136)
	at org.gradle.api.internal.provider.AbstractMinimalProvider.getOrNull(AbstractMinimalProvider.java:105)
	at org.jetbrains.intellij.IntelliJPlugin$prepareConventionMappingsForRunIdeTask$8.call(IntelliJPlugin.kt:963)
	at org.jetbrains.intellij.IntelliJPlugin$prepareConventionMappingsForRunIdeTask$8.call(IntelliJPlugin.kt:958)
	at org.gradle.api.internal.provider.DefaultProvider.calculateOwnValue(DefaultProvider.java:72)
	at org.gradle.api.internal.provider.AbstractMinimalProvider.calculateValue(AbstractMinimalProvider.java:115)
	at org.gradle.api.internal.provider.TransformBackedProvider.calculateOwnValue(TransformBackedProvider.java:82)
	at org.gradle.api.internal.provider.AbstractMinimalProvider.calculateValue(AbstractMinimalProvider.java:115)
	at org.gradle.api.internal.provider.DefaultProperty.calculateValueFrom(DefaultProperty.java:128)
	at org.gradle.api.internal.provider.DefaultProperty.calculateValueFrom(DefaultProperty.java:26)
	at org.gradle.api.internal.provider.AbstractProperty.doCalculateValue(AbstractProperty.java:142)
	at org.gradle.api.internal.provider.AbstractProperty.calculateOwnValue(AbstractProperty.java:136)
	at org.gradle.api.internal.provider.AbstractMinimalProvider.calculateOwnPresentValue(AbstractMinimalProvider.java:80)
	at org.gradle.api.internal.provider.AbstractMinimalProvider.get(AbstractMinimalProvider.java:100)
	at org.jetbrains.intellij.tasks.RunIdeBase.getExecutable(RunIdeBase.kt:202)
	at org.jetbrains.intellij.tasks.BuildSearchableOptionsTask_Decorated.getExecutable(Unknown Source)
	at org.gradle.api.tasks.internal.JavaExecExecutableUtils.getExecutableOverrideToolchainSpec(JavaExecExecutableUtils.java:30)
	at org.gradle.api.tasks.JavaExec.lambda$new$0(JavaExec.java:144)
	at org.gradle.api.internal.provider.DefaultProvider.calculateOwnValue(DefaultProvider.java:72)
	at org.gradle.api.internal.provider.AbstractMinimalProvider.calculateValue(AbstractMinimalProvider.java:115)
	at org.gradle.api.internal.provider.FlatMapProvider.calculateOwnValue(FlatMapProvider.java:46)
	at org.gradle.api.internal.provider.AbstractMinimalProvider.calculateValue(AbstractMinimalProvider.java:115)
	at org.gradle.api.internal.provider.OrElseProvider.calculateOwnValue(OrElseProvider.java:76)
	at org.gradle.api.internal.provider.AbstractMinimalProvider.calculateValue(AbstractMinimalProvider.java:115)
	at org.gradle.api.internal.provider.TransformBackedProvider.calculateOwnValue(TransformBackedProvider.java:82)
	at org.gradle.api.internal.provider.AbstractMinimalProvider.calculateValue(AbstractMinimalProvider.java:115)
	at org.gradle.api.internal.provider.AbstractMinimalProvider.withFinalValue(AbstractMinimalProvider.java:168)
	at org.gradle.api.internal.provider.DefaultProperty.finalValue(DefaultProperty.java:133)
	at org.gradle.api.internal.provider.DefaultProperty.finalValue(DefaultProperty.java:26)
	at org.gradle.api.internal.provider.AbstractProperty.finalizeNow(AbstractProperty.java:245)
	at org.gradle.api.internal.provider.AbstractProperty.beforeRead(AbstractProperty.java:239)
	at org.gradle.api.internal.provider.AbstractProperty.calculateOwnValue(AbstractProperty.java:135)
	at org.gradle.api.internal.provider.AbstractMinimalProvider.getOrNull(AbstractMinimalProvider.java:105)
	at org.gradle.internal.properties.annotations.AbstractTypeMetadataWalker$InstanceTypeMetadataWalker.lambda$walkNestedProvider$0(AbstractTypeMetadataWalker.java:137)
	at org.gradle.internal.properties.annotations.AbstractTypeMetadataWalker$InstanceTypeMetadataWalker.walkNestedChild(AbstractTypeMetadataWalker.java:184)
	at org.gradle.internal.properties.annotations.AbstractTypeMetadataWalker$InstanceTypeMetadataWalker.walkNestedProvider(AbstractTypeMetadataWalker.java:136)
	at org.gradle.internal.properties.annotations.AbstractTypeMetadataWalker$InstanceTypeMetadataWalker.walkNestedProvider(AbstractTypeMetadataWalker.java:118)
	at org.gradle.internal.properties.annotations.AbstractTypeMetadataWalker.walkNested(AbstractTypeMetadataWalker.java:60)
	at org.gradle.internal.properties.annotations.AbstractTypeMetadataWalker.lambda$walkChildren$3(AbstractTypeMetadataWalker.java:85)
	at org.gradle.internal.properties.annotations.AbstractTypeMetadataWalker$InstanceTypeMetadataWalker.walkNestedChild(AbstractTypeMetadataWalker.java:190)
	at org.gradle.internal.properties.annotations.AbstractTypeMetadataWalker$InstanceTypeMetadataWalker.walkNestedChild(AbstractTypeMetadataWalker.java:171)
	at org.gradle.internal.properties.annotations.AbstractTypeMetadataWalker$InstanceTypeMetadataWalker.walkNestedChild(AbstractTypeMetadataWalker.java:118)
	at org.gradle.internal.properties.annotations.AbstractTypeMetadataWalker.lambda$walkChildren$4(AbstractTypeMetadataWalker.java:85)
	at java.base/java.lang.Iterable.forEach(Iterable.java:75)
	at org.gradle.internal.properties.annotations.AbstractTypeMetadataWalker.walkChildren(AbstractTypeMetadataWalker.java:83)
	at org.gradle.internal.properties.annotations.AbstractTypeMetadataWalker.walk(AbstractTypeMetadataWalker.java:53)
	at org.gradle.internal.properties.bean.DefaultPropertyWalker.visitProperties(DefaultPropertyWalker.java:65)
	at org.gradle.api.internal.tasks.TaskPropertyUtils.visitAnnotatedProperties(TaskPropertyUtils.java:58)
	at org.gradle.api.internal.tasks.TaskPropertyUtils.visitProperties(TaskPropertyUtils.java:45)
	at org.gradle.api.internal.tasks.TaskPropertyUtils.visitProperties(TaskPropertyUtils.java:35)
	at org.gradle.api.internal.tasks.DefaultTaskInputs.visitDependencies(DefaultTaskInputs.java:195)
	at org.gradle.api.internal.tasks.DefaultTaskDependency.visitDependencies(DefaultTaskDependency.java:112)
	at org.gradle.api.internal.tasks.CachingTaskDependencyResolveContext$TaskGraphImpl.getNodeValues(CachingTaskDependencyResolveContext.java:103)
	at org.gradle.internal.graph.CachingDirectedGraphWalker$GraphWithEmptyEdges.getNodeValues(CachingDirectedGraphWalker.java:213)
	at org.gradle.internal.graph.CachingDirectedGraphWalker.doSearch(CachingDirectedGraphWalker.java:121)
	at org.gradle.internal.graph.CachingDirectedGraphWalker.findValues(CachingDirectedGraphWalker.java:73)
	at org.gradle.api.internal.tasks.CachingTaskDependencyResolveContext.getDependencies(CachingTaskDependencyResolveContext.java:66)
	at org.gradle.execution.plan.TaskDependencyResolver.resolveDependenciesFor(TaskDependencyResolver.java:49)
	at org.gradle.execution.plan.LocalTaskNode.getDependencies(LocalTaskNode.java:148)
	at org.gradle.execution.plan.LocalTaskNode.resolveDependencies(LocalTaskNode.java:122)
	at org.gradle.execution.plan.DefaultExecutionPlan.discoverNodeRelationships(DefaultExecutionPlan.java:183)
	at org.gradle.execution.plan.DefaultExecutionPlan.doAddEntryNodes(DefaultExecutionPlan.java:155)
	at org.gradle.execution.plan.DefaultExecutionPlan.addEntryTasks(DefaultExecutionPlan.java:130)
	at org.gradle.execution.plan.DefaultExecutionPlan.addEntryTasks(DefaultExecutionPlan.java:122)
	at org.gradle.execution.TaskNameResolvingBuildTaskScheduler.scheduleRequestedTasks(TaskNameResolvingBuildTaskScheduler.java:54)
	at org.gradle.execution.DefaultTasksBuildTaskScheduler.scheduleRequestedTasks(DefaultTasksBuildTaskScheduler.java:72)
	at org.gradle.initialization.DefaultTaskExecutionPreparer.lambda$scheduleRequestedTasks$0(DefaultTaskExecutionPreparer.java:46)
	at org.gradle.internal.Factories$1.create(Factories.java:31)
	at org.gradle.internal.work.DefaultWorkerLeaseService.withReplacedLocks(DefaultWorkerLeaseService.java:360)
	at org.gradle.api.internal.project.DefaultProjectStateRegistry$DefaultBuildProjectRegistry.withMutableStateOfAllProjects(DefaultProjectStateRegistry.java:239)
	at org.gradle.api.internal.project.DefaultProjectStateRegistry$DefaultBuildProjectRegistry.withMutableStateOfAllProjects(DefaultProjectStateRegistry.java:232)
	at org.gradle.initialization.DefaultTaskExecutionPreparer.scheduleRequestedTasks(DefaultTaskExecutionPreparer.java:45)
	at org.gradle.initialization.VintageBuildModelController.lambda$scheduleRequestedTasks$0(VintageBuildModelController.java:76)
	at org.gradle.internal.model.StateTransitionController.lambda$inState$1(StateTransitionController.java:99)
	at org.gradle.internal.model.StateTransitionController.lambda$inState$2(StateTransitionController.java:114)
	at org.gradle.internal.work.DefaultSynchronizer.withLock(DefaultSynchronizer.java:44)
	at org.gradle.internal.model.StateTransitionController.inState(StateTransitionController.java:110)
	at org.gradle.internal.model.StateTransitionController.inState(StateTransitionController.java:98)
	at org.gradle.initialization.VintageBuildModelController.scheduleRequestedTasks(VintageBuildModelController.java:76)
	at org.gradle.internal.build.DefaultBuildLifecycleController$DefaultWorkGraphBuilder.addRequestedTasks(DefaultBuildLifecycleController.java:404)
	at org.gradle.internal.buildtree.DefaultBuildTreeWorkPreparer.lambda$scheduleRequestedTasks$0(DefaultBuildTreeWorkPreparer.java:41)
	at org.gradle.internal.build.DefaultBuildLifecycleController.lambda$populateWorkGraph$7(DefaultBuildLifecycleController.java:189)
	at org.gradle.internal.build.DefaultBuildWorkPreparer.populateWorkGraph(DefaultBuildWorkPreparer.java:42)
	at org.gradle.internal.build.BuildOperationFiringBuildWorkPreparer$PopulateWorkGraph.populateTaskGraph(BuildOperationFiringBuildWorkPreparer.java:106)
	at org.gradle.internal.build.BuildOperationFiringBuildWorkPreparer$PopulateWorkGraph.run(BuildOperationFiringBuildWorkPreparer.java:92)
	at org.gradle.internal.operations.DefaultBuildOperationRunner$1.execute(DefaultBuildOperationRunner.java:29)
	at org.gradle.internal.operations.DefaultBuildOperationRunner$1.execute(DefaultBuildOperationRunner.java:26)
	at org.gradle.internal.operations.DefaultBuildOperationRunner$2.execute(DefaultBuildOperationRunner.java:66)
	at org.gradle.internal.operations.DefaultBuildOperationRunner$2.execute(DefaultBuildOperationRunner.java:59)
	at org.gradle.internal.operations.DefaultBuildOperationRunner.execute(DefaultBuildOperationRunner.java:157)
	at org.gradle.internal.operations.DefaultBuildOperationRunner.execute(DefaultBuildOperationRunner.java:59)
	at org.gradle.internal.operations.DefaultBuildOperationRunner.run(DefaultBuildOperationRunner.java:47)
	at org.gradle.internal.operations.DefaultBuildOperationExecutor.run(DefaultBuildOperationExecutor.java:68)
	at org.gradle.internal.build.BuildOperationFiringBuildWorkPreparer.populateWorkGraph(BuildOperationFiringBuildWorkPreparer.java:67)
	at org.gradle.internal.build.DefaultBuildLifecycleController.lambda$populateWorkGraph$8(DefaultBuildLifecycleController.java:189)
	at org.gradle.internal.model.StateTransitionController.lambda$inState$1(StateTransitionController.java:99)
	at org.gradle.internal.model.StateTransitionController.lambda$inState$2(StateTransitionController.java:114)
	at org.gradle.internal.work.DefaultSynchronizer.withLock(DefaultSynchronizer.java:44)
	at org.gradle.internal.model.StateTransitionController.inState(StateTransitionController.java:110)
	at org.gradle.internal.model.StateTransitionController.inState(StateTransitionController.java:98)
	at org.gradle.internal.build.DefaultBuildLifecycleController.populateWorkGraph(DefaultBuildLifecycleController.java:189)
	at org.gradle.internal.build.DefaultBuildWorkGraphController$DefaultBuildWorkGraph.populateWorkGraph(DefaultBuildWorkGraphController.java:169)
	at org.gradle.composite.internal.DefaultBuildController.populateWorkGraph(DefaultBuildController.java:76)
	at org.gradle.composite.internal.DefaultIncludedBuildTaskGraph$DefaultBuildTreeWorkGraphBuilder.withWorkGraph(DefaultIncludedBuildTaskGraph.java:153)
	at org.gradle.internal.buildtree.DefaultBuildTreeWorkPreparer.lambda$scheduleRequestedTasks$1(DefaultBuildTreeWorkPreparer.java:41)
	at org.gradle.composite.internal.DefaultIncludedBuildTaskGraph$DefaultBuildTreeWorkGraph$1.run(DefaultIncludedBuildTaskGraph.java:209)
	at org.gradle.internal.operations.DefaultBuildOperationRunner$1.execute(DefaultBuildOperationRunner.java:29)
	at org.gradle.internal.operations.DefaultBuildOperationRunner$1.execute(DefaultBuildOperationRunner.java:26)
	at org.gradle.internal.operations.DefaultBuildOperationRunner$2.execute(DefaultBuildOperationRunner.java:66)
	at org.gradle.internal.operations.DefaultBuildOperationRunner$2.execute(DefaultBuildOperationRunner.java:59)
	at org.gradle.internal.operations.DefaultBuildOperationRunner.execute(DefaultBuildOperationRunner.java:157)
	at org.gradle.internal.operations.DefaultBuildOperationRunner.execute(DefaultBuildOperationRunner.java:59)
	at org.gradle.internal.operations.DefaultBuildOperationRunner.run(DefaultBuildOperationRunner.java:47)
	at org.gradle.internal.operations.DefaultBuildOperationExecutor.run(DefaultBuildOperationExecutor.java:68)
	at org.gradle.composite.internal.DefaultIncludedBuildTaskGraph$DefaultBuildTreeWorkGraph.scheduleWork(DefaultIncludedBuildTaskGraph.java:204)
	at org.gradle.internal.buildtree.DefaultBuildTreeWorkPreparer.scheduleRequestedTasks(DefaultBuildTreeWorkPreparer.java:37)
	at org.gradle.configurationcache.VintageBuildTreeWorkController$scheduleAndRunRequestedTasks$1.apply(VintageBuildTreeWorkController.kt:36)
	at org.gradle.configurationcache.VintageBuildTreeWorkController$scheduleAndRunRequestedTasks$1.apply(VintageBuildTreeWorkController.kt:35)
	at org.gradle.composite.internal.DefaultIncludedBuildTaskGraph.withNewWorkGraph(DefaultIncludedBuildTaskGraph.java:112)
	at org.gradle.configurationcache.VintageBuildTreeWorkController.scheduleAndRunRequestedTasks(VintageBuildTreeWorkController.kt:35)
	at org.gradle.internal.buildtree.DefaultBuildTreeLifecycleController.lambda$scheduleAndRunTasks$1(DefaultBuildTreeLifecycleController.java:76)
	at org.gradle.internal.buildtree.DefaultBuildTreeLifecycleController.lambda$runBuild$4(DefaultBuildTreeLifecycleController.java:119)
	at org.gradle.internal.model.StateTransitionController.lambda$transition$6(StateTransitionController.java:169)
	at org.gradle.internal.model.StateTransitionController.doTransition(StateTransitionController.java:266)
	at org.gradle.internal.model.StateTransitionController.lambda$transition$7(StateTransitionController.java:169)
	at org.gradle.internal.work.DefaultSynchronizer.withLock(DefaultSynchronizer.java:44)
	at org.gradle.internal.model.StateTransitionController.transition(StateTransitionController.java:169)
	at org.gradle.internal.buildtree.DefaultBuildTreeLifecycleController.runBuild(DefaultBuildTreeLifecycleController.java:116)
	at org.gradle.internal.buildtree.DefaultBuildTreeLifecycleController.scheduleAndRunTasks(DefaultBuildTreeLifecycleController.java:76)
	at org.gradle.internal.buildtree.DefaultBuildTreeLifecycleController.scheduleAndRunTasks(DefaultBuildTreeLifecycleController.java:71)
	at org.gradle.tooling.internal.provider.ExecuteBuildActionRunner.run(ExecuteBuildActionRunner.java:31)
	at org.gradle.launcher.exec.ChainingBuildActionRunner.run(ChainingBuildActionRunner.java:35)
	at org.gradle.internal.buildtree.ProblemReportingBuildActionRunner.run(ProblemReportingBuildActionRunner.java:49)
	at org.gradle.launcher.exec.BuildOutcomeReportingBuildActionRunner.run(BuildOutcomeReportingBuildActionRunner.java:65)
	at org.gradle.tooling.internal.provider.FileSystemWatchingBuildActionRunner.run(FileSystemWatchingBuildActionRunner.java:140)
	at org.gradle.launcher.exec.BuildCompletionNotifyingBuildActionRunner.run(BuildCompletionNotifyingBuildActionRunner.java:41)
	at org.gradle.launcher.exec.RootBuildLifecycleBuildActionExecutor.lambda$execute$0(RootBuildLifecycleBuildActionExecutor.java:40)
	at org.gradle.composite.internal.DefaultRootBuildState.run(DefaultRootBuildState.java:123)
	at org.gradle.launcher.exec.RootBuildLifecycleBuildActionExecutor.execute(RootBuildLifecycleBuildActionExecutor.java:40)
	at org.gradle.internal.buildtree.InitDeprecationLoggingActionExecutor.execute(InitDeprecationLoggingActionExecutor.java:62)
	at org.gradle.internal.buildtree.InitProblems.execute(InitProblems.java:38)
	at org.gradle.internal.buildtree.DefaultBuildTreeContext.execute(DefaultBuildTreeContext.java:40)
	at org.gradle.launcher.exec.BuildTreeLifecycleBuildActionExecutor.lambda$execute$0(BuildTreeLifecycleBuildActionExecutor.java:58)
	at org.gradle.internal.buildtree.BuildTreeState.run(BuildTreeState.java:58)
	at org.gradle.launcher.exec.BuildTreeLifecycleBuildActionExecutor.execute(BuildTreeLifecycleBuildActionExecutor.java:58)
	at org.gradle.launcher.exec.RunAsBuildOperationBuildActionExecutor$3.call(RunAsBuildOperationBuildActionExecutor.java:61)
	at org.gradle.launcher.exec.RunAsBuildOperationBuildActionExecutor$3.call(RunAsBuildOperationBuildActionExecutor.java:57)
	at org.gradle.internal.operations.DefaultBuildOperationRunner$CallableBuildOperationWorker.execute(DefaultBuildOperationRunner.java:204)
	at org.gradle.internal.operations.DefaultBuildOperationRunner$CallableBuildOperationWorker.execute(DefaultBuildOperationRunner.java:199)
	at org.gradle.internal.operations.DefaultBuildOperationRunner$2.execute(DefaultBuildOperationRunner.java:66)
	at org.gradle.internal.operations.DefaultBuildOperationRunner$2.execute(DefaultBuildOperationRunner.java:59)
	at org.gradle.internal.operations.DefaultBuildOperationRunner.execute(DefaultBuildOperationRunner.java:157)
	at org.gradle.internal.operations.DefaultBuildOperationRunner.execute(DefaultBuildOperationRunner.java:59)
	at org.gradle.internal.operations.DefaultBuildOperationRunner.call(DefaultBuildOperationRunner.java:53)
	at org.gradle.internal.operations.DefaultBuildOperationExecutor.call(DefaultBuildOperationExecutor.java:73)
	at org.gradle.launcher.exec.RunAsBuildOperationBuildActionExecutor.execute(RunAsBuildOperationBuildActionExecutor.java:57)
	at org.gradle.launcher.exec.RunAsWorkerThreadBuildActionExecutor.lambda$execute$0(RunAsWorkerThreadBuildActionExecutor.java:36)
	at org.gradle.internal.work.DefaultWorkerLeaseService.withLocks(DefaultWorkerLeaseService.java:264)
	at org.gradle.internal.work.DefaultWorkerLeaseService.runAsWorkerThread(DefaultWorkerLeaseService.java:128)
	at org.gradle.launcher.exec.RunAsWorkerThreadBuildActionExecutor.execute(RunAsWorkerThreadBuildActionExecutor.java:36)
	at org.gradle.tooling.internal.provider.continuous.ContinuousBuildActionExecutor.execute(ContinuousBuildActionExecutor.java:110)
	at org.gradle.tooling.internal.provider.SubscribableBuildActionExecutor.execute(SubscribableBuildActionExecutor.java:64)
	at org.gradle.internal.session.DefaultBuildSessionContext.execute(DefaultBuildSessionContext.java:46)
	at org.gradle.tooling.internal.provider.BuildSessionLifecycleBuildActionExecuter$ActionImpl.apply(BuildSessionLifecycleBuildActionExecuter.java:92)
	at org.gradle.tooling.internal.provider.BuildSessionLifecycleBuildActionExecuter$ActionImpl.apply(BuildSessionLifecycleBuildActionExecuter.java:80)
	at org.gradle.internal.session.BuildSessionState.run(BuildSessionState.java:69)
	at org.gradle.tooling.internal.provider.BuildSessionLifecycleBuildActionExecuter.execute(BuildSessionLifecycleBuildActionExecuter.java:62)
	at org.gradle.tooling.internal.provider.BuildSessionLifecycleBuildActionExecuter.execute(BuildSessionLifecycleBuildActionExecuter.java:41)
	at org.gradle.tooling.internal.provider.StartParamsValidatingActionExecuter.execute(StartParamsValidatingActionExecuter.java:64)
	at org.gradle.tooling.internal.provider.StartParamsValidatingActionExecuter.execute(StartParamsValidatingActionExecuter.java:32)
	at org.gradle.tooling.internal.provider.SessionFailureReportingActionExecuter.execute(SessionFailureReportingActionExecuter.java:51)
	at org.gradle.tooling.internal.provider.SessionFailureReportingActionExecuter.execute(SessionFailureReportingActionExecuter.java:39)
	at org.gradle.tooling.internal.provider.SetupLoggingActionExecuter.execute(SetupLoggingActionExecuter.java:47)
	at org.gradle.tooling.internal.provider.SetupLoggingActionExecuter.execute(SetupLoggingActionExecuter.java:31)
	at org.gradle.launcher.daemon.server.exec.ExecuteBuild.doBuild(ExecuteBuild.java:65)
	at org.gradle.launcher.daemon.server.exec.BuildCommandOnly.execute(BuildCommandOnly.java:37)
	at org.gradle.launcher.daemon.server.api.DaemonCommandExecution.proceed(DaemonCommandExecution.java:104)
	at org.gradle.launcher.daemon.server.exec.WatchForDisconnection.execute(WatchForDisconnection.java:39)
	at org.gradle.launcher.daemon.server.api.DaemonCommandExecution.proceed(DaemonCommandExecution.java:104)
	at org.gradle.launcher.daemon.server.exec.ResetDeprecationLogger.execute(ResetDeprecationLogger.java:29)
	at org.gradle.launcher.daemon.server.api.DaemonCommandExecution.proceed(DaemonCommandExecution.java:104)
	at org.gradle.launcher.daemon.server.exec.RequestStopIfSingleUsedDaemon.execute(RequestStopIfSingleUsedDaemon.java:35)
	at org.gradle.launcher.daemon.server.api.DaemonCommandExecution.proceed(DaemonCommandExecution.java:104)
	at org.gradle.launcher.daemon.server.exec.ForwardClientInput$2.create(ForwardClientInput.java:78)
	at org.gradle.launcher.daemon.server.exec.ForwardClientInput$2.create(ForwardClientInput.java:75)
	at org.gradle.util.internal.Swapper.swap(Swapper.java:38)
	at org.gradle.launcher.daemon.server.exec.ForwardClientInput.execute(ForwardClientInput.java:75)
	at org.gradle.launcher.daemon.server.api.DaemonCommandExecution.proceed(DaemonCommandExecution.java:104)
	at org.gradle.launcher.daemon.server.exec.LogAndCheckHealth.execute(LogAndCheckHealth.java:64)
	at org.gradle.launcher.daemon.server.api.DaemonCommandExecution.proceed(DaemonCommandExecution.java:104)
	at org.gradle.launcher.daemon.server.exec.LogToClient.doBuild(LogToClient.java:63)
	at org.gradle.launcher.daemon.server.exec.BuildCommandOnly.execute(BuildCommandOnly.java:37)
	at org.gradle.launcher.daemon.server.api.DaemonCommandExecution.proceed(DaemonCommandExecution.java:104)
	at org.gradle.launcher.daemon.server.exec.EstablishBuildEnvironment.doBuild(EstablishBuildEnvironment.java:84)
	at org.gradle.launcher.daemon.server.exec.BuildCommandOnly.execute(BuildCommandOnly.java:37)
	at org.gradle.launcher.daemon.server.api.DaemonCommandExecution.proceed(DaemonCommandExecution.java:104)
	at org.gradle.launcher.daemon.server.exec.StartBuildOrRespondWithBusy$1.run(StartBuildOrRespondWithBusy.java:52)
	at org.gradle.launcher.daemon.server.DaemonStateCoordinator$1.run(DaemonStateCoordinator.java:297)
	at org.gradle.internal.concurrent.ExecutorPolicy$CatchAndRecordFailures.onExecute(ExecutorPolicy.java:64)
	at org.gradle.internal.concurrent.AbstractManagedExecutor$1.run(AbstractManagedExecutor.java:47)
	at java.base/java.util.concurrent.ThreadPoolExecutor.runWorker(ThreadPoolExecutor.java:1136)
	at java.base/java.util.concurrent.ThreadPoolExecutor$Worker.run(ThreadPoolExecutor.java:635)
	at java.base/java.lang.Thread.run(Thread.java:840)
[gradle-intellij-plugin :] Cannot create plugin from file '/opt/android-studio/plugins/test-recorder': Invalid plugin descriptor 'plugin.xml'. Unable to read the plugin descriptor: No enum constant com.jetbrains.plugin.structure.intellij.plugin.IdePluginContentDescriptor.ServiceType.APPLİCATİON.
Unable to read descriptor [plugin.xml] from [/opt/android-studio/plugins/textmate/lib/textmate.jar]
java.lang.IllegalArgumentException: No enum constant com.jetbrains.plugin.structure.intellij.plugin.IdePluginContentDescriptor.ServiceType.APPLİCATİON
	at java.base/java.lang.Enum.valueOf(Enum.java:273)
	at com.jetbrains.plugin.structure.intellij.plugin.IdePluginContentDescriptor$ServiceType.valueOf(IdePluginContents.kt)
	at com.jetbrains.plugin.structure.intellij.plugin.PluginCreator.readServiceDescriptor(PluginCreator.kt:406)
	at com.jetbrains.plugin.structure.intellij.plugin.PluginCreator.readExtensions(PluginCreator.kt:341)
	at com.jetbrains.plugin.structure.intellij.plugin.PluginCreator.setInfoFromBean(PluginCreator.kt:320)
	at com.jetbrains.plugin.structure.intellij.plugin.PluginCreator.resolveDocumentAndValidateBean(PluginCreator.kt:664)
	at com.jetbrains.plugin.structure.intellij.plugin.PluginCreator.access$resolveDocumentAndValidateBean(PluginCreator.kt:31)
	at com.jetbrains.plugin.structure.intellij.plugin.PluginCreator$Companion.createPlugin(PluginCreator.kt:109)
	at com.jetbrains.plugin.structure.intellij.plugin.IdePluginManager.loadPluginInfoFromJarFile(IdePluginManager.kt:62)
	at com.jetbrains.plugin.structure.intellij.plugin.IdePluginManager.loadPluginInfoFromLibDirectory(IdePluginManager.kt:165)
	at com.jetbrains.plugin.structure.intellij.plugin.IdePluginManager.loadPluginInfoFromDirectory(IdePluginManager.kt:97)
	at com.jetbrains.plugin.structure.intellij.plugin.IdePluginManager.loadPluginInfoFromJarOrDirectory(IdePluginManager.kt:206)
	at com.jetbrains.plugin.structure.intellij.plugin.IdePluginManager.getPluginCreatorWithResult(IdePluginManager.kt:347)
	at com.jetbrains.plugin.structure.intellij.plugin.IdePluginManager.createPlugin(IdePluginManager.kt:314)
	at com.jetbrains.plugin.structure.intellij.plugin.IdePluginManager.createPlugin$default(IdePluginManager.kt:312)
	at org.jetbrains.intellij.Utils.createPlugin(utils.kt:222)
	at org.jetbrains.intellij.dependency.BuiltinPluginsRegistry.add(BuiltinPluginsRegistry.kt:89)
	at org.jetbrains.intellij.dependency.BuiltinPluginsRegistry.fillFromDirectory(BuiltinPluginsRegistry.kt:47)
	at org.jetbrains.intellij.dependency.BuiltinPluginsRegistry.access$fillFromDirectory(BuiltinPluginsRegistry.kt:21)
	at org.jetbrains.intellij.dependency.BuiltinPluginsRegistry$Companion.fromDirectory(BuiltinPluginsRegistry.kt:127)
	at org.jetbrains.intellij.dependency.IdeaDependencyManager.createDependency(IdeaDependencyManager.kt:92)
	at org.jetbrains.intellij.dependency.IdeaDependencyManager.resolveLocal(IdeaDependencyManager.kt:430)
	at org.jetbrains.intellij.IntelliJPlugin$prepareIdeaDependencyProvider$1.call(IntelliJPlugin.kt:299)
	at org.jetbrains.intellij.IntelliJPlugin$prepareIdeaDependencyProvider$1.call(IntelliJPlugin.kt:266)
	at org.gradle.api.internal.provider.DefaultProvider.calculateOwnValue(DefaultProvider.java:72)
	at org.gradle.api.internal.provider.AbstractMinimalProvider.calculateValue(AbstractMinimalProvider.java:115)
	at org.gradle.api.internal.provider.TransformBackedProvider.calculateOwnValue(TransformBackedProvider.java:82)
	at org.gradle.api.internal.provider.AbstractMinimalProvider.calculateValue(AbstractMinimalProvider.java:115)
	at org.gradle.api.internal.provider.AbstractMinimalProvider.withFinalValue(AbstractMinimalProvider.java:168)
	at org.gradle.api.internal.provider.DefaultProperty.finalValue(DefaultProperty.java:133)
	at org.gradle.api.internal.provider.DefaultProperty.finalValue(DefaultProperty.java:26)
	at org.gradle.api.internal.provider.AbstractProperty.finalizeNow(AbstractProperty.java:245)
	at org.gradle.api.internal.provider.AbstractProperty.beforeRead(AbstractProperty.java:239)
	at org.gradle.api.internal.provider.AbstractProperty.calculateOwnValue(AbstractProperty.java:135)
	at org.gradle.api.internal.provider.AbstractMinimalProvider.calculateValue(AbstractMinimalProvider.java:115)
	at org.gradle.api.internal.provider.TransformBackedProvider.calculateOwnValue(TransformBackedProvider.java:82)
	at org.gradle.api.internal.provider.AbstractMinimalProvider.calculateValue(AbstractMinimalProvider.java:115)
	at org.gradle.api.internal.provider.TransformBackedProvider.calculateOwnValue(TransformBackedProvider.java:82)
	at org.gradle.api.internal.provider.AbstractMinimalProvider.calculateValue(AbstractMinimalProvider.java:115)
	at org.gradle.api.internal.provider.DefaultProperty.calculateValueFrom(DefaultProperty.java:128)
	at org.gradle.api.internal.provider.DefaultProperty.calculateValueFrom(DefaultProperty.java:26)
	at org.gradle.api.internal.provider.AbstractProperty.doCalculateValue(AbstractProperty.java:142)
	at org.gradle.api.internal.provider.AbstractProperty.calculateOwnValue(AbstractProperty.java:136)
	at org.gradle.api.internal.provider.AbstractMinimalProvider.getOrNull(AbstractMinimalProvider.java:105)
	at org.jetbrains.intellij.IntelliJPlugin$prepareConventionMappingsForRunIdeTask$8.call(IntelliJPlugin.kt:963)
	at org.jetbrains.intellij.IntelliJPlugin$prepareConventionMappingsForRunIdeTask$8.call(IntelliJPlugin.kt:958)
	at org.gradle.api.internal.provider.DefaultProvider.calculateOwnValue(DefaultProvider.java:72)
	at org.gradle.api.internal.provider.AbstractMinimalProvider.calculateValue(AbstractMinimalProvider.java:115)
	at org.gradle.api.internal.provider.TransformBackedProvider.calculateOwnValue(TransformBackedProvider.java:82)
	at org.gradle.api.internal.provider.AbstractMinimalProvider.calculateValue(AbstractMinimalProvider.java:115)
	at org.gradle.api.internal.provider.DefaultProperty.calculateValueFrom(DefaultProperty.java:128)
	at org.gradle.api.internal.provider.DefaultProperty.calculateValueFrom(DefaultProperty.java:26)
	at org.gradle.api.internal.provider.AbstractProperty.doCalculateValue(AbstractProperty.java:142)
	at org.gradle.api.internal.provider.AbstractProperty.calculateOwnValue(AbstractProperty.java:136)
	at org.gradle.api.internal.provider.AbstractMinimalProvider.calculateOwnPresentValue(AbstractMinimalProvider.java:80)
	at org.gradle.api.internal.provider.AbstractMinimalProvider.get(AbstractMinimalProvider.java:100)
	at org.jetbrains.intellij.tasks.RunIdeBase.getExecutable(RunIdeBase.kt:202)
	at org.jetbrains.intellij.tasks.BuildSearchableOptionsTask_Decorated.getExecutable(Unknown Source)
	at org.gradle.api.tasks.internal.JavaExecExecutableUtils.getExecutableOverrideToolchainSpec(JavaExecExecutableUtils.java:30)
	at org.gradle.api.tasks.JavaExec.lambda$new$0(JavaExec.java:144)
	at org.gradle.api.internal.provider.DefaultProvider.calculateOwnValue(DefaultProvider.java:72)
	at org.gradle.api.internal.provider.AbstractMinimalProvider.calculateValue(AbstractMinimalProvider.java:115)
	at org.gradle.api.internal.provider.FlatMapProvider.calculateOwnValue(FlatMapProvider.java:46)
	at org.gradle.api.internal.provider.AbstractMinimalProvider.calculateValue(AbstractMinimalProvider.java:115)
	at org.gradle.api.internal.provider.OrElseProvider.calculateOwnValue(OrElseProvider.java:76)
	at org.gradle.api.internal.provider.AbstractMinimalProvider.calculateValue(AbstractMinimalProvider.java:115)
	at org.gradle.api.internal.provider.TransformBackedProvider.calculateOwnValue(TransformBackedProvider.java:82)
	at org.gradle.api.internal.provider.AbstractMinimalProvider.calculateValue(AbstractMinimalProvider.java:115)
	at org.gradle.api.internal.provider.AbstractMinimalProvider.withFinalValue(AbstractMinimalProvider.java:168)
	at org.gradle.api.internal.provider.DefaultProperty.finalValue(DefaultProperty.java:133)
	at org.gradle.api.internal.provider.DefaultProperty.finalValue(DefaultProperty.java:26)
	at org.gradle.api.internal.provider.AbstractProperty.finalizeNow(AbstractProperty.java:245)
	at org.gradle.api.internal.provider.AbstractProperty.beforeRead(AbstractProperty.java:239)
	at org.gradle.api.internal.provider.AbstractProperty.calculateOwnValue(AbstractProperty.java:135)
	at org.gradle.api.internal.provider.AbstractMinimalProvider.getOrNull(AbstractMinimalProvider.java:105)
	at org.gradle.internal.properties.annotations.AbstractTypeMetadataWalker$InstanceTypeMetadataWalker.lambda$walkNestedProvider$0(AbstractTypeMetadataWalker.java:137)
	at org.gradle.internal.properties.annotations.AbstractTypeMetadataWalker$InstanceTypeMetadataWalker.walkNestedChild(AbstractTypeMetadataWalker.java:184)
	at org.gradle.internal.properties.annotations.AbstractTypeMetadataWalker$InstanceTypeMetadataWalker.walkNestedProvider(AbstractTypeMetadataWalker.java:136)
	at org.gradle.internal.properties.annotations.AbstractTypeMetadataWalker$InstanceTypeMetadataWalker.walkNestedProvider(AbstractTypeMetadataWalker.java:118)
	at org.gradle.internal.properties.annotations.AbstractTypeMetadataWalker.walkNested(AbstractTypeMetadataWalker.java:60)
	at org.gradle.internal.properties.annotations.AbstractTypeMetadataWalker.lambda$walkChildren$3(AbstractTypeMetadataWalker.java:85)
	at org.gradle.internal.properties.annotations.AbstractTypeMetadataWalker$InstanceTypeMetadataWalker.walkNestedChild(AbstractTypeMetadataWalker.java:190)
	at org.gradle.internal.properties.annotations.AbstractTypeMetadataWalker$InstanceTypeMetadataWalker.walkNestedChild(AbstractTypeMetadataWalker.java:171)
	at org.gradle.internal.properties.annotations.AbstractTypeMetadataWalker$InstanceTypeMetadataWalker.walkNestedChild(AbstractTypeMetadataWalker.java:118)
	at org.gradle.internal.properties.annotations.AbstractTypeMetadataWalker.lambda$walkChildren$4(AbstractTypeMetadataWalker.java:85)
	at java.base/java.lang.Iterable.forEach(Iterable.java:75)
	at org.gradle.internal.properties.annotations.AbstractTypeMetadataWalker.walkChildren(AbstractTypeMetadataWalker.java:83)
	at org.gradle.internal.properties.annotations.AbstractTypeMetadataWalker.walk(AbstractTypeMetadataWalker.java:53)
	at org.gradle.internal.properties.bean.DefaultPropertyWalker.visitProperties(DefaultPropertyWalker.java:65)
	at org.gradle.api.internal.tasks.TaskPropertyUtils.visitAnnotatedProperties(TaskPropertyUtils.java:58)
	at org.gradle.api.internal.tasks.TaskPropertyUtils.visitProperties(TaskPropertyUtils.java:45)
	at org.gradle.api.internal.tasks.TaskPropertyUtils.visitProperties(TaskPropertyUtils.java:35)
	at org.gradle.api.internal.tasks.DefaultTaskInputs.visitDependencies(DefaultTaskInputs.java:195)
	at org.gradle.api.internal.tasks.DefaultTaskDependency.visitDependencies(DefaultTaskDependency.java:112)
	at org.gradle.api.internal.tasks.CachingTaskDependencyResolveContext$TaskGraphImpl.getNodeValues(CachingTaskDependencyResolveContext.java:103)
	at org.gradle.internal.graph.CachingDirectedGraphWalker$GraphWithEmptyEdges.getNodeValues(CachingDirectedGraphWalker.java:213)
	at org.gradle.internal.graph.CachingDirectedGraphWalker.doSearch(CachingDirectedGraphWalker.java:121)
	at org.gradle.internal.graph.CachingDirectedGraphWalker.findValues(CachingDirectedGraphWalker.java:73)
	at org.gradle.api.internal.tasks.CachingTaskDependencyResolveContext.getDependencies(CachingTaskDependencyResolveContext.java:66)
	at org.gradle.execution.plan.TaskDependencyResolver.resolveDependenciesFor(TaskDependencyResolver.java:49)
	at org.gradle.execution.plan.LocalTaskNode.getDependencies(LocalTaskNode.java:148)
	at org.gradle.execution.plan.LocalTaskNode.resolveDependencies(LocalTaskNode.java:122)
	at org.gradle.execution.plan.DefaultExecutionPlan.discoverNodeRelationships(DefaultExecutionPlan.java:183)
	at org.gradle.execution.plan.DefaultExecutionPlan.doAddEntryNodes(DefaultExecutionPlan.java:155)
	at org.gradle.execution.plan.DefaultExecutionPlan.addEntryTasks(DefaultExecutionPlan.java:130)
	at org.gradle.execution.plan.DefaultExecutionPlan.addEntryTasks(DefaultExecutionPlan.java:122)
	at org.gradle.execution.TaskNameResolvingBuildTaskScheduler.scheduleRequestedTasks(TaskNameResolvingBuildTaskScheduler.java:54)
	at org.gradle.execution.DefaultTasksBuildTaskScheduler.scheduleRequestedTasks(DefaultTasksBuildTaskScheduler.java:72)
	at org.gradle.initialization.DefaultTaskExecutionPreparer.lambda$scheduleRequestedTasks$0(DefaultTaskExecutionPreparer.java:46)
	at org.gradle.internal.Factories$1.create(Factories.java:31)
	at org.gradle.internal.work.DefaultWorkerLeaseService.withReplacedLocks(DefaultWorkerLeaseService.java:360)
	at org.gradle.api.internal.project.DefaultProjectStateRegistry$DefaultBuildProjectRegistry.withMutableStateOfAllProjects(DefaultProjectStateRegistry.java:239)
	at org.gradle.api.internal.project.DefaultProjectStateRegistry$DefaultBuildProjectRegistry.withMutableStateOfAllProjects(DefaultProjectStateRegistry.java:232)
	at org.gradle.initialization.DefaultTaskExecutionPreparer.scheduleRequestedTasks(DefaultTaskExecutionPreparer.java:45)
	at org.gradle.initialization.VintageBuildModelController.lambda$scheduleRequestedTasks$0(VintageBuildModelController.java:76)
	at org.gradle.internal.model.StateTransitionController.lambda$inState$1(StateTransitionController.java:99)
	at org.gradle.internal.model.StateTransitionController.lambda$inState$2(StateTransitionController.java:114)
	at org.gradle.internal.work.DefaultSynchronizer.withLock(DefaultSynchronizer.java:44)
	at org.gradle.internal.model.StateTransitionController.inState(StateTransitionController.java:110)
	at org.gradle.internal.model.StateTransitionController.inState(StateTransitionController.java:98)
	at org.gradle.initialization.VintageBuildModelController.scheduleRequestedTasks(VintageBuildModelController.java:76)
	at org.gradle.internal.build.DefaultBuildLifecycleController$DefaultWorkGraphBuilder.addRequestedTasks(DefaultBuildLifecycleController.java:404)
	at org.gradle.internal.buildtree.DefaultBuildTreeWorkPreparer.lambda$scheduleRequestedTasks$0(DefaultBuildTreeWorkPreparer.java:41)
	at org.gradle.internal.build.DefaultBuildLifecycleController.lambda$populateWorkGraph$7(DefaultBuildLifecycleController.java:189)
	at org.gradle.internal.build.DefaultBuildWorkPreparer.populateWorkGraph(DefaultBuildWorkPreparer.java:42)
	at org.gradle.internal.build.BuildOperationFiringBuildWorkPreparer$PopulateWorkGraph.populateTaskGraph(BuildOperationFiringBuildWorkPreparer.java:106)
	at org.gradle.internal.build.BuildOperationFiringBuildWorkPreparer$PopulateWorkGraph.run(BuildOperationFiringBuildWorkPreparer.java:92)
	at org.gradle.internal.operations.DefaultBuildOperationRunner$1.execute(DefaultBuildOperationRunner.java:29)
	at org.gradle.internal.operations.DefaultBuildOperationRunner$1.execute(DefaultBuildOperationRunner.java:26)
	at org.gradle.internal.operations.DefaultBuildOperationRunner$2.execute(DefaultBuildOperationRunner.java:66)
	at org.gradle.internal.operations.DefaultBuildOperationRunner$2.execute(DefaultBuildOperationRunner.java:59)
	at org.gradle.internal.operations.DefaultBuildOperationRunner.execute(DefaultBuildOperationRunner.java:157)
	at org.gradle.internal.operations.DefaultBuildOperationRunner.execute(DefaultBuildOperationRunner.java:59)
	at org.gradle.internal.operations.DefaultBuildOperationRunner.run(DefaultBuildOperationRunner.java:47)
	at org.gradle.internal.operations.DefaultBuildOperationExecutor.run(DefaultBuildOperationExecutor.java:68)
	at org.gradle.internal.build.BuildOperationFiringBuildWorkPreparer.populateWorkGraph(BuildOperationFiringBuildWorkPreparer.java:67)
	at org.gradle.internal.build.DefaultBuildLifecycleController.lambda$populateWorkGraph$8(DefaultBuildLifecycleController.java:189)
	at org.gradle.internal.model.StateTransitionController.lambda$inState$1(StateTransitionController.java:99)
	at org.gradle.internal.model.StateTransitionController.lambda$inState$2(StateTransitionController.java:114)
	at org.gradle.internal.work.DefaultSynchronizer.withLock(DefaultSynchronizer.java:44)
	at org.gradle.internal.model.StateTransitionController.inState(StateTransitionController.java:110)
	at org.gradle.internal.model.StateTransitionController.inState(StateTransitionController.java:98)
	at org.gradle.internal.build.DefaultBuildLifecycleController.populateWorkGraph(DefaultBuildLifecycleController.java:189)
	at org.gradle.internal.build.DefaultBuildWorkGraphController$DefaultBuildWorkGraph.populateWorkGraph(DefaultBuildWorkGraphController.java:169)
	at org.gradle.composite.internal.DefaultBuildController.populateWorkGraph(DefaultBuildController.java:76)
	at org.gradle.composite.internal.DefaultIncludedBuildTaskGraph$DefaultBuildTreeWorkGraphBuilder.withWorkGraph(DefaultIncludedBuildTaskGraph.java:153)
	at org.gradle.internal.buildtree.DefaultBuildTreeWorkPreparer.lambda$scheduleRequestedTasks$1(DefaultBuildTreeWorkPreparer.java:41)
	at org.gradle.composite.internal.DefaultIncludedBuildTaskGraph$DefaultBuildTreeWorkGraph$1.run(DefaultIncludedBuildTaskGraph.java:209)
	at org.gradle.internal.operations.DefaultBuildOperationRunner$1.execute(DefaultBuildOperationRunner.java:29)
	at org.gradle.internal.operations.DefaultBuildOperationRunner$1.execute(DefaultBuildOperationRunner.java:26)
	at org.gradle.internal.operations.DefaultBuildOperationRunner$2.execute(DefaultBuildOperationRunner.java:66)
	at org.gradle.internal.operations.DefaultBuildOperationRunner$2.execute(DefaultBuildOperationRunner.java:59)
	at org.gradle.internal.operations.DefaultBuildOperationRunner.execute(DefaultBuildOperationRunner.java:157)
	at org.gradle.internal.operations.DefaultBuildOperationRunner.execute(DefaultBuildOperationRunner.java:59)
	at org.gradle.internal.operations.DefaultBuildOperationRunner.run(DefaultBuildOperationRunner.java:47)
	at org.gradle.internal.operations.DefaultBuildOperationExecutor.run(DefaultBuildOperationExecutor.java:68)
	at org.gradle.composite.internal.DefaultIncludedBuildTaskGraph$DefaultBuildTreeWorkGraph.scheduleWork(DefaultIncludedBuildTaskGraph.java:204)
	at org.gradle.internal.buildtree.DefaultBuildTreeWorkPreparer.scheduleRequestedTasks(DefaultBuildTreeWorkPreparer.java:37)
	at org.gradle.configurationcache.VintageBuildTreeWorkController$scheduleAndRunRequestedTasks$1.apply(VintageBuildTreeWorkController.kt:36)
	at org.gradle.configurationcache.VintageBuildTreeWorkController$scheduleAndRunRequestedTasks$1.apply(VintageBuildTreeWorkController.kt:35)
	at org.gradle.composite.internal.DefaultIncludedBuildTaskGraph.withNewWorkGraph(DefaultIncludedBuildTaskGraph.java:112)
	at org.gradle.configurationcache.VintageBuildTreeWorkController.scheduleAndRunRequestedTasks(VintageBuildTreeWorkController.kt:35)
	at org.gradle.internal.buildtree.DefaultBuildTreeLifecycleController.lambda$scheduleAndRunTasks$1(DefaultBuildTreeLifecycleController.java:76)
	at org.gradle.internal.buildtree.DefaultBuildTreeLifecycleController.lambda$runBuild$4(DefaultBuildTreeLifecycleController.java:119)
	at org.gradle.internal.model.StateTransitionController.lambda$transition$6(StateTransitionController.java:169)
	at org.gradle.internal.model.StateTransitionController.doTransition(StateTransitionController.java:266)
	at org.gradle.internal.model.StateTransitionController.lambda$transition$7(StateTransitionController.java:169)
	at org.gradle.internal.work.DefaultSynchronizer.withLock(DefaultSynchronizer.java:44)
	at org.gradle.internal.model.StateTransitionController.transition(StateTransitionController.java:169)
	at org.gradle.internal.buildtree.DefaultBuildTreeLifecycleController.runBuild(DefaultBuildTreeLifecycleController.java:116)
	at org.gradle.internal.buildtree.DefaultBuildTreeLifecycleController.scheduleAndRunTasks(DefaultBuildTreeLifecycleController.java:76)
	at org.gradle.internal.buildtree.DefaultBuildTreeLifecycleController.scheduleAndRunTasks(DefaultBuildTreeLifecycleController.java:71)
	at org.gradle.tooling.internal.provider.ExecuteBuildActionRunner.run(ExecuteBuildActionRunner.java:31)
	at org.gradle.launcher.exec.ChainingBuildActionRunner.run(ChainingBuildActionRunner.java:35)
	at org.gradle.internal.buildtree.ProblemReportingBuildActionRunner.run(ProblemReportingBuildActionRunner.java:49)
	at org.gradle.launcher.exec.BuildOutcomeReportingBuildActionRunner.run(BuildOutcomeReportingBuildActionRunner.java:65)
	at org.gradle.tooling.internal.provider.FileSystemWatchingBuildActionRunner.run(FileSystemWatchingBuildActionRunner.java:140)
	at org.gradle.launcher.exec.BuildCompletionNotifyingBuildActionRunner.run(BuildCompletionNotifyingBuildActionRunner.java:41)
	at org.gradle.launcher.exec.RootBuildLifecycleBuildActionExecutor.lambda$execute$0(RootBuildLifecycleBuildActionExecutor.java:40)
	at org.gradle.composite.internal.DefaultRootBuildState.run(DefaultRootBuildState.java:123)
	at org.gradle.launcher.exec.RootBuildLifecycleBuildActionExecutor.execute(RootBuildLifecycleBuildActionExecutor.java:40)
	at org.gradle.internal.buildtree.InitDeprecationLoggingActionExecutor.execute(InitDeprecationLoggingActionExecutor.java:62)
	at org.gradle.internal.buildtree.InitProblems.execute(InitProblems.java:38)
	at org.gradle.internal.buildtree.DefaultBuildTreeContext.execute(DefaultBuildTreeContext.java:40)
	at org.gradle.launcher.exec.BuildTreeLifecycleBuildActionExecutor.lambda$execute$0(BuildTreeLifecycleBuildActionExecutor.java:58)
	at org.gradle.internal.buildtree.BuildTreeState.run(BuildTreeState.java:58)
	at org.gradle.launcher.exec.BuildTreeLifecycleBuildActionExecutor.execute(BuildTreeLifecycleBuildActionExecutor.java:58)
	at org.gradle.launcher.exec.RunAsBuildOperationBuildActionExecutor$3.call(RunAsBuildOperationBuildActionExecutor.java:61)
	at org.gradle.launcher.exec.RunAsBuildOperationBuildActionExecutor$3.call(RunAsBuildOperationBuildActionExecutor.java:57)
	at org.gradle.internal.operations.DefaultBuildOperationRunner$CallableBuildOperationWorker.execute(DefaultBuildOperationRunner.java:204)
	at org.gradle.internal.operations.DefaultBuildOperationRunner$CallableBuildOperationWorker.execute(DefaultBuildOperationRunner.java:199)
	at org.gradle.internal.operations.DefaultBuildOperationRunner$2.execute(DefaultBuildOperationRunner.java:66)
	at org.gradle.internal.operations.DefaultBuildOperationRunner$2.execute(DefaultBuildOperationRunner.java:59)
	at org.gradle.internal.operations.DefaultBuildOperationRunner.execute(DefaultBuildOperationRunner.java:157)
	at org.gradle.internal.operations.DefaultBuildOperationRunner.execute(DefaultBuildOperationRunner.java:59)
	at org.gradle.internal.operations.DefaultBuildOperationRunner.call(DefaultBuildOperationRunner.java:53)
	at org.gradle.internal.operations.DefaultBuildOperationExecutor.call(DefaultBuildOperationExecutor.java:73)
	at org.gradle.launcher.exec.RunAsBuildOperationBuildActionExecutor.execute(RunAsBuildOperationBuildActionExecutor.java:57)
	at org.gradle.launcher.exec.RunAsWorkerThreadBuildActionExecutor.lambda$execute$0(RunAsWorkerThreadBuildActionExecutor.java:36)
	at org.gradle.internal.work.DefaultWorkerLeaseService.withLocks(DefaultWorkerLeaseService.java:264)
	at org.gradle.internal.work.DefaultWorkerLeaseService.runAsWorkerThread(DefaultWorkerLeaseService.java:128)
	at org.gradle.launcher.exec.RunAsWorkerThreadBuildActionExecutor.execute(RunAsWorkerThreadBuildActionExecutor.java:36)
	at org.gradle.tooling.internal.provider.continuous.ContinuousBuildActionExecutor.execute(ContinuousBuildActionExecutor.java:110)
	at org.gradle.tooling.internal.provider.SubscribableBuildActionExecutor.execute(SubscribableBuildActionExecutor.java:64)
	at org.gradle.internal.session.DefaultBuildSessionContext.execute(DefaultBuildSessionContext.java:46)
	at org.gradle.tooling.internal.provider.BuildSessionLifecycleBuildActionExecuter$ActionImpl.apply(BuildSessionLifecycleBuildActionExecuter.java:92)
	at org.gradle.tooling.internal.provider.BuildSessionLifecycleBuildActionExecuter$ActionImpl.apply(BuildSessionLifecycleBuildActionExecuter.java:80)
	at org.gradle.internal.session.BuildSessionState.run(BuildSessionState.java:69)
	at org.gradle.tooling.internal.provider.BuildSessionLifecycleBuildActionExecuter.execute(BuildSessionLifecycleBuildActionExecuter.java:62)
	at org.gradle.tooling.internal.provider.BuildSessionLifecycleBuildActionExecuter.execute(BuildSessionLifecycleBuildActionExecuter.java:41)
	at org.gradle.tooling.internal.provider.StartParamsValidatingActionExecuter.execute(StartParamsValidatingActionExecuter.java:64)
	at org.gradle.tooling.internal.provider.StartParamsValidatingActionExecuter.execute(StartParamsValidatingActionExecuter.java:32)
	at org.gradle.tooling.internal.provider.SessionFailureReportingActionExecuter.execute(SessionFailureReportingActionExecuter.java:51)
	at org.gradle.tooling.internal.provider.SessionFailureReportingActionExecuter.execute(SessionFailureReportingActionExecuter.java:39)
	at org.gradle.tooling.internal.provider.SetupLoggingActionExecuter.execute(SetupLoggingActionExecuter.java:47)
	at org.gradle.tooling.internal.provider.SetupLoggingActionExecuter.execute(SetupLoggingActionExecuter.java:31)
	at org.gradle.launcher.daemon.server.exec.ExecuteBuild.doBuild(ExecuteBuild.java:65)
	at org.gradle.launcher.daemon.server.exec.BuildCommandOnly.execute(BuildCommandOnly.java:37)
	at org.gradle.launcher.daemon.server.api.DaemonCommandExecution.proceed(DaemonCommandExecution.java:104)
	at org.gradle.launcher.daemon.server.exec.WatchForDisconnection.execute(WatchForDisconnection.java:39)
	at org.gradle.launcher.daemon.server.api.DaemonCommandExecution.proceed(DaemonCommandExecution.java:104)
	at org.gradle.launcher.daemon.server.exec.ResetDeprecationLogger.execute(ResetDeprecationLogger.java:29)
	at org.gradle.launcher.daemon.server.api.DaemonCommandExecution.proceed(DaemonCommandExecution.java:104)
	at org.gradle.launcher.daemon.server.exec.RequestStopIfSingleUsedDaemon.execute(RequestStopIfSingleUsedDaemon.java:35)
	at org.gradle.launcher.daemon.server.api.DaemonCommandExecution.proceed(DaemonCommandExecution.java:104)
	at org.gradle.launcher.daemon.server.exec.ForwardClientInput$2.create(ForwardClientInput.java:78)
	at org.gradle.launcher.daemon.server.exec.ForwardClientInput$2.create(ForwardClientInput.java:75)
	at org.gradle.util.internal.Swapper.swap(Swapper.java:38)
	at org.gradle.launcher.daemon.server.exec.ForwardClientInput.execute(ForwardClientInput.java:75)
	at org.gradle.launcher.daemon.server.api.DaemonCommandExecution.proceed(DaemonCommandExecution.java:104)
	at org.gradle.launcher.daemon.server.exec.LogAndCheckHealth.execute(LogAndCheckHealth.java:64)
	at org.gradle.launcher.daemon.server.api.DaemonCommandExecution.proceed(DaemonCommandExecution.java:104)
	at org.gradle.launcher.daemon.server.exec.LogToClient.doBuild(LogToClient.java:63)
	at org.gradle.launcher.daemon.server.exec.BuildCommandOnly.execute(BuildCommandOnly.java:37)
	at org.gradle.launcher.daemon.server.api.DaemonCommandExecution.proceed(DaemonCommandExecution.java:104)
	at org.gradle.launcher.daemon.server.exec.EstablishBuildEnvironment.doBuild(EstablishBuildEnvironment.java:84)
	at org.gradle.launcher.daemon.server.exec.BuildCommandOnly.execute(BuildCommandOnly.java:37)
	at org.gradle.launcher.daemon.server.api.DaemonCommandExecution.proceed(DaemonCommandExecution.java:104)
	at org.gradle.launcher.daemon.server.exec.StartBuildOrRespondWithBusy$1.run(StartBuildOrRespondWithBusy.java:52)
	at org.gradle.launcher.daemon.server.DaemonStateCoordinator$1.run(DaemonStateCoordinator.java:297)
	at org.gradle.internal.concurrent.ExecutorPolicy$CatchAndRecordFailures.onExecute(ExecutorPolicy.java:64)
	at org.gradle.internal.concurrent.AbstractManagedExecutor$1.run(AbstractManagedExecutor.java:47)
	at java.base/java.util.concurrent.ThreadPoolExecutor.runWorker(ThreadPoolExecutor.java:1136)
	at java.base/java.util.concurrent.ThreadPoolExecutor$Worker.run(ThreadPoolExecutor.java:635)
	at java.base/java.lang.Thread.run(Thread.java:840)
[gradle-intellij-plugin :] Cannot create plugin from file '/opt/android-studio/plugins/textmate': Invalid plugin descriptor 'plugin.xml'. Unable to read the plugin descriptor: No enum constant com.jetbrains.plugin.structure.intellij.plugin.IdePluginContentDescriptor.ServiceType.APPLİCATİON.
Unable to read descriptor [plugin.xml] from [/opt/android-studio/plugins/vcs-git/lib/vcs-git.jar]
java.lang.IllegalArgumentException: No enum constant com.jetbrains.plugin.structure.intellij.plugin.IdePluginContentDescriptor.ServiceType.APPLİCATİON
	at java.base/java.lang.Enum.valueOf(Enum.java:273)
	at com.jetbrains.plugin.structure.intellij.plugin.IdePluginContentDescriptor$ServiceType.valueOf(IdePluginContents.kt)
	at com.jetbrains.plugin.structure.intellij.plugin.PluginCreator.readServiceDescriptor(PluginCreator.kt:406)
	at com.jetbrains.plugin.structure.intellij.plugin.PluginCreator.readExtensions(PluginCreator.kt:341)
	at com.jetbrains.plugin.structure.intellij.plugin.PluginCreator.setInfoFromBean(PluginCreator.kt:320)
	at com.jetbrains.plugin.structure.intellij.plugin.PluginCreator.resolveDocumentAndValidateBean(PluginCreator.kt:664)
	at com.jetbrains.plugin.structure.intellij.plugin.PluginCreator.access$resolveDocumentAndValidateBean(PluginCreator.kt:31)
	at com.jetbrains.plugin.structure.intellij.plugin.PluginCreator$Companion.createPlugin(PluginCreator.kt:109)
	at com.jetbrains.plugin.structure.intellij.plugin.IdePluginManager.loadPluginInfoFromJarFile(IdePluginManager.kt:62)
	at com.jetbrains.plugin.structure.intellij.plugin.IdePluginManager.loadPluginInfoFromLibDirectory(IdePluginManager.kt:165)
	at com.jetbrains.plugin.structure.intellij.plugin.IdePluginManager.loadPluginInfoFromDirectory(IdePluginManager.kt:97)
	at com.jetbrains.plugin.structure.intellij.plugin.IdePluginManager.loadPluginInfoFromJarOrDirectory(IdePluginManager.kt:206)
	at com.jetbrains.plugin.structure.intellij.plugin.IdePluginManager.getPluginCreatorWithResult(IdePluginManager.kt:347)
	at com.jetbrains.plugin.structure.intellij.plugin.IdePluginManager.createPlugin(IdePluginManager.kt:314)
	at com.jetbrains.plugin.structure.intellij.plugin.IdePluginManager.createPlugin$default(IdePluginManager.kt:312)
	at org.jetbrains.intellij.Utils.createPlugin(utils.kt:222)
	at org.jetbrains.intellij.dependency.BuiltinPluginsRegistry.add(BuiltinPluginsRegistry.kt:89)
	at org.jetbrains.intellij.dependency.BuiltinPluginsRegistry.fillFromDirectory(BuiltinPluginsRegistry.kt:47)
	at org.jetbrains.intellij.dependency.BuiltinPluginsRegistry.access$fillFromDirectory(BuiltinPluginsRegistry.kt:21)
	at org.jetbrains.intellij.dependency.BuiltinPluginsRegistry$Companion.fromDirectory(BuiltinPluginsRegistry.kt:127)
	at org.jetbrains.intellij.dependency.IdeaDependencyManager.createDependency(IdeaDependencyManager.kt:92)
	at org.jetbrains.intellij.dependency.IdeaDependencyManager.resolveLocal(IdeaDependencyManager.kt:430)
	at org.jetbrains.intellij.IntelliJPlugin$prepareIdeaDependencyProvider$1.call(IntelliJPlugin.kt:299)
	at org.jetbrains.intellij.IntelliJPlugin$prepareIdeaDependencyProvider$1.call(IntelliJPlugin.kt:266)
	at org.gradle.api.internal.provider.DefaultProvider.calculateOwnValue(DefaultProvider.java:72)
	at org.gradle.api.internal.provider.AbstractMinimalProvider.calculateValue(AbstractMinimalProvider.java:115)
	at org.gradle.api.internal.provider.TransformBackedProvider.calculateOwnValue(TransformBackedProvider.java:82)
	at org.gradle.api.internal.provider.AbstractMinimalProvider.calculateValue(AbstractMinimalProvider.java:115)
	at org.gradle.api.internal.provider.AbstractMinimalProvider.withFinalValue(AbstractMinimalProvider.java:168)
	at org.gradle.api.internal.provider.DefaultProperty.finalValue(DefaultProperty.java:133)
	at org.gradle.api.internal.provider.DefaultProperty.finalValue(DefaultProperty.java:26)
	at org.gradle.api.internal.provider.AbstractProperty.finalizeNow(AbstractProperty.java:245)
	at org.gradle.api.internal.provider.AbstractProperty.beforeRead(AbstractProperty.java:239)
	at org.gradle.api.internal.provider.AbstractProperty.calculateOwnValue(AbstractProperty.java:135)
	at org.gradle.api.internal.provider.AbstractMinimalProvider.calculateValue(AbstractMinimalProvider.java:115)
	at org.gradle.api.internal.provider.TransformBackedProvider.calculateOwnValue(TransformBackedProvider.java:82)
	at org.gradle.api.internal.provider.AbstractMinimalProvider.calculateValue(AbstractMinimalProvider.java:115)
	at org.gradle.api.internal.provider.TransformBackedProvider.calculateOwnValue(TransformBackedProvider.java:82)
	at org.gradle.api.internal.provider.AbstractMinimalProvider.calculateValue(AbstractMinimalProvider.java:115)
	at org.gradle.api.internal.provider.DefaultProperty.calculateValueFrom(DefaultProperty.java:128)
	at org.gradle.api.internal.provider.DefaultProperty.calculateValueFrom(DefaultProperty.java:26)
	at org.gradle.api.internal.provider.AbstractProperty.doCalculateValue(AbstractProperty.java:142)
	at org.gradle.api.internal.provider.AbstractProperty.calculateOwnValue(AbstractProperty.java:136)
	at org.gradle.api.internal.provider.AbstractMinimalProvider.getOrNull(AbstractMinimalProvider.java:105)
	at org.jetbrains.intellij.IntelliJPlugin$prepareConventionMappingsForRunIdeTask$8.call(IntelliJPlugin.kt:963)
	at org.jetbrains.intellij.IntelliJPlugin$prepareConventionMappingsForRunIdeTask$8.call(IntelliJPlugin.kt:958)
	at org.gradle.api.internal.provider.DefaultProvider.calculateOwnValue(DefaultProvider.java:72)
	at org.gradle.api.internal.provider.AbstractMinimalProvider.calculateValue(AbstractMinimalProvider.java:115)
	at org.gradle.api.internal.provider.TransformBackedProvider.calculateOwnValue(TransformBackedProvider.java:82)
	at org.gradle.api.internal.provider.AbstractMinimalProvider.calculateValue(AbstractMinimalProvider.java:115)
	at org.gradle.api.internal.provider.DefaultProperty.calculateValueFrom(DefaultProperty.java:128)
	at org.gradle.api.internal.provider.DefaultProperty.calculateValueFrom(DefaultProperty.java:26)
	at org.gradle.api.internal.provider.AbstractProperty.doCalculateValue(AbstractProperty.java:142)
	at org.gradle.api.internal.provider.AbstractProperty.calculateOwnValue(AbstractProperty.java:136)
	at org.gradle.api.internal.provider.AbstractMinimalProvider.calculateOwnPresentValue(AbstractMinimalProvider.java:80)
	at org.gradle.api.internal.provider.AbstractMinimalProvider.get(AbstractMinimalProvider.java:100)
	at org.jetbrains.intellij.tasks.RunIdeBase.getExecutable(RunIdeBase.kt:202)
	at org.jetbrains.intellij.tasks.BuildSearchableOptionsTask_Decorated.getExecutable(Unknown Source)
	at org.gradle.api.tasks.internal.JavaExecExecutableUtils.getExecutableOverrideToolchainSpec(JavaExecExecutableUtils.java:30)
	at org.gradle.api.tasks.JavaExec.lambda$new$0(JavaExec.java:144)
	at org.gradle.api.internal.provider.DefaultProvider.calculateOwnValue(DefaultProvider.java:72)
	at org.gradle.api.internal.provider.AbstractMinimalProvider.calculateValue(AbstractMinimalProvider.java:115)
	at org.gradle.api.internal.provider.FlatMapProvider.calculateOwnValue(FlatMapProvider.java:46)
	at org.gradle.api.internal.provider.AbstractMinimalProvider.calculateValue(AbstractMinimalProvider.java:115)
	at org.gradle.api.internal.provider.OrElseProvider.calculateOwnValue(OrElseProvider.java:76)
	at org.gradle.api.internal.provider.AbstractMinimalProvider.calculateValue(AbstractMinimalProvider.java:115)
	at org.gradle.api.internal.provider.TransformBackedProvider.calculateOwnValue(TransformBackedProvider.java:82)
	at org.gradle.api.internal.provider.AbstractMinimalProvider.calculateValue(AbstractMinimalProvider.java:115)
	at org.gradle.api.internal.provider.AbstractMinimalProvider.withFinalValue(AbstractMinimalProvider.java:168)
	at org.gradle.api.internal.provider.DefaultProperty.finalValue(DefaultProperty.java:133)
	at org.gradle.api.internal.provider.DefaultProperty.finalValue(DefaultProperty.java:26)
	at org.gradle.api.internal.provider.AbstractProperty.finalizeNow(AbstractProperty.java:245)
	at org.gradle.api.internal.provider.AbstractProperty.beforeRead(AbstractProperty.java:239)
	at org.gradle.api.internal.provider.AbstractProperty.calculateOwnValue(AbstractProperty.java:135)
	at org.gradle.api.internal.provider.AbstractMinimalProvider.getOrNull(AbstractMinimalProvider.java:105)
	at org.gradle.internal.properties.annotations.AbstractTypeMetadataWalker$InstanceTypeMetadataWalker.lambda$walkNestedProvider$0(AbstractTypeMetadataWalker.java:137)
	at org.gradle.internal.properties.annotations.AbstractTypeMetadataWalker$InstanceTypeMetadataWalker.walkNestedChild(AbstractTypeMetadataWalker.java:184)
	at org.gradle.internal.properties.annotations.AbstractTypeMetadataWalker$InstanceTypeMetadataWalker.walkNestedProvider(AbstractTypeMetadataWalker.java:136)
	at org.gradle.internal.properties.annotations.AbstractTypeMetadataWalker$InstanceTypeMetadataWalker.walkNestedProvider(AbstractTypeMetadataWalker.java:118)
	at org.gradle.internal.properties.annotations.AbstractTypeMetadataWalker.walkNested(AbstractTypeMetadataWalker.java:60)
	at org.gradle.internal.properties.annotations.AbstractTypeMetadataWalker.lambda$walkChildren$3(AbstractTypeMetadataWalker.java:85)
	at org.gradle.internal.properties.annotations.AbstractTypeMetadataWalker$InstanceTypeMetadataWalker.walkNestedChild(AbstractTypeMetadataWalker.java:190)
	at org.gradle.internal.properties.annotations.AbstractTypeMetadataWalker$InstanceTypeMetadataWalker.walkNestedChild(AbstractTypeMetadataWalker.java:171)
	at org.gradle.internal.properties.annotations.AbstractTypeMetadataWalker$InstanceTypeMetadataWalker.walkNestedChild(AbstractTypeMetadataWalker.java:118)
	at org.gradle.internal.properties.annotations.AbstractTypeMetadataWalker.lambda$walkChildren$4(AbstractTypeMetadataWalker.java:85)
	at java.base/java.lang.Iterable.forEach(Iterable.java:75)
	at org.gradle.internal.properties.annotations.AbstractTypeMetadataWalker.walkChildren(AbstractTypeMetadataWalker.java:83)
	at org.gradle.internal.properties.annotations.AbstractTypeMetadataWalker.walk(AbstractTypeMetadataWalker.java:53)
	at org.gradle.internal.properties.bean.DefaultPropertyWalker.visitProperties(DefaultPropertyWalker.java:65)
	at org.gradle.api.internal.tasks.TaskPropertyUtils.visitAnnotatedProperties(TaskPropertyUtils.java:58)
	at org.gradle.api.internal.tasks.TaskPropertyUtils.visitProperties(TaskPropertyUtils.java:45)
	at org.gradle.api.internal.tasks.TaskPropertyUtils.visitProperties(TaskPropertyUtils.java:35)
	at org.gradle.api.internal.tasks.DefaultTaskInputs.visitDependencies(DefaultTaskInputs.java:195)
	at org.gradle.api.internal.tasks.DefaultTaskDependency.visitDependencies(DefaultTaskDependency.java:112)
	at org.gradle.api.internal.tasks.CachingTaskDependencyResolveContext$TaskGraphImpl.getNodeValues(CachingTaskDependencyResolveContext.java:103)
	at org.gradle.internal.graph.CachingDirectedGraphWalker$GraphWithEmptyEdges.getNodeValues(CachingDirectedGraphWalker.java:213)
	at org.gradle.internal.graph.CachingDirectedGraphWalker.doSearch(CachingDirectedGraphWalker.java:121)
	at org.gradle.internal.graph.CachingDirectedGraphWalker.findValues(CachingDirectedGraphWalker.java:73)
	at org.gradle.api.internal.tasks.CachingTaskDependencyResolveContext.getDependencies(CachingTaskDependencyResolveContext.java:66)
	at org.gradle.execution.plan.TaskDependencyResolver.resolveDependenciesFor(TaskDependencyResolver.java:49)
	at org.gradle.execution.plan.LocalTaskNode.getDependencies(LocalTaskNode.java:148)
	at org.gradle.execution.plan.LocalTaskNode.resolveDependencies(LocalTaskNode.java:122)
	at org.gradle.execution.plan.DefaultExecutionPlan.discoverNodeRelationships(DefaultExecutionPlan.java:183)
	at org.gradle.execution.plan.DefaultExecutionPlan.doAddEntryNodes(DefaultExecutionPlan.java:155)
	at org.gradle.execution.plan.DefaultExecutionPlan.addEntryTasks(DefaultExecutionPlan.java:130)
	at org.gradle.execution.plan.DefaultExecutionPlan.addEntryTasks(DefaultExecutionPlan.java:122)
	at org.gradle.execution.TaskNameResolvingBuildTaskScheduler.scheduleRequestedTasks(TaskNameResolvingBuildTaskScheduler.java:54)
	at org.gradle.execution.DefaultTasksBuildTaskScheduler.scheduleRequestedTasks(DefaultTasksBuildTaskScheduler.java:72)
	at org.gradle.initialization.DefaultTaskExecutionPreparer.lambda$scheduleRequestedTasks$0(DefaultTaskExecutionPreparer.java:46)
	at org.gradle.internal.Factories$1.create(Factories.java:31)
	at org.gradle.internal.work.DefaultWorkerLeaseService.withReplacedLocks(DefaultWorkerLeaseService.java:360)
	at org.gradle.api.internal.project.DefaultProjectStateRegistry$DefaultBuildProjectRegistry.withMutableStateOfAllProjects(DefaultProjectStateRegistry.java:239)
	at org.gradle.api.internal.project.DefaultProjectStateRegistry$DefaultBuildProjectRegistry.withMutableStateOfAllProjects(DefaultProjectStateRegistry.java:232)
	at org.gradle.initialization.DefaultTaskExecutionPreparer.scheduleRequestedTasks(DefaultTaskExecutionPreparer.java:45)
	at org.gradle.initialization.VintageBuildModelController.lambda$scheduleRequestedTasks$0(VintageBuildModelController.java:76)
	at org.gradle.internal.model.StateTransitionController.lambda$inState$1(StateTransitionController.java:99)
	at org.gradle.internal.model.StateTransitionController.lambda$inState$2(StateTransitionController.java:114)
	at org.gradle.internal.work.DefaultSynchronizer.withLock(DefaultSynchronizer.java:44)
	at org.gradle.internal.model.StateTransitionController.inState(StateTransitionController.java:110)
	at org.gradle.internal.model.StateTransitionController.inState(StateTransitionController.java:98)
	at org.gradle.initialization.VintageBuildModelController.scheduleRequestedTasks(VintageBuildModelController.java:76)
	at org.gradle.internal.build.DefaultBuildLifecycleController$DefaultWorkGraphBuilder.addRequestedTasks(DefaultBuildLifecycleController.java:404)
	at org.gradle.internal.buildtree.DefaultBuildTreeWorkPreparer.lambda$scheduleRequestedTasks$0(DefaultBuildTreeWorkPreparer.java:41)
	at org.gradle.internal.build.DefaultBuildLifecycleController.lambda$populateWorkGraph$7(DefaultBuildLifecycleController.java:189)
	at org.gradle.internal.build.DefaultBuildWorkPreparer.populateWorkGraph(DefaultBuildWorkPreparer.java:42)
	at org.gradle.internal.build.BuildOperationFiringBuildWorkPreparer$PopulateWorkGraph.populateTaskGraph(BuildOperationFiringBuildWorkPreparer.java:106)
	at org.gradle.internal.build.BuildOperationFiringBuildWorkPreparer$PopulateWorkGraph.run(BuildOperationFiringBuildWorkPreparer.java:92)
	at org.gradle.internal.operations.DefaultBuildOperationRunner$1.execute(DefaultBuildOperationRunner.java:29)
	at org.gradle.internal.operations.DefaultBuildOperationRunner$1.execute(DefaultBuildOperationRunner.java:26)
	at org.gradle.internal.operations.DefaultBuildOperationRunner$2.execute(DefaultBuildOperationRunner.java:66)
	at org.gradle.internal.operations.DefaultBuildOperationRunner$2.execute(DefaultBuildOperationRunner.java:59)
	at org.gradle.internal.operations.DefaultBuildOperationRunner.execute(DefaultBuildOperationRunner.java:157)
	at org.gradle.internal.operations.DefaultBuildOperationRunner.execute(DefaultBuildOperationRunner.java:59)
	at org.gradle.internal.operations.DefaultBuildOperationRunner.run(DefaultBuildOperationRunner.java:47)
	at org.gradle.internal.operations.DefaultBuildOperationExecutor.run(DefaultBuildOperationExecutor.java:68)
	at org.gradle.internal.build.BuildOperationFiringBuildWorkPreparer.populateWorkGraph(BuildOperationFiringBuildWorkPreparer.java:67)
	at org.gradle.internal.build.DefaultBuildLifecycleController.lambda$populateWorkGraph$8(DefaultBuildLifecycleController.java:189)
	at org.gradle.internal.model.StateTransitionController.lambda$inState$1(StateTransitionController.java:99)
	at org.gradle.internal.model.StateTransitionController.lambda$inState$2(StateTransitionController.java:114)
	at org.gradle.internal.work.DefaultSynchronizer.withLock(DefaultSynchronizer.java:44)
	at org.gradle.internal.model.StateTransitionController.inState(StateTransitionController.java:110)
	at org.gradle.internal.model.StateTransitionController.inState(StateTransitionController.java:98)
	at org.gradle.internal.build.DefaultBuildLifecycleController.populateWorkGraph(DefaultBuildLifecycleController.java:189)
	at org.gradle.internal.build.DefaultBuildWorkGraphController$DefaultBuildWorkGraph.populateWorkGraph(DefaultBuildWorkGraphController.java:169)
	at org.gradle.composite.internal.DefaultBuildController.populateWorkGraph(DefaultBuildController.java:76)
	at org.gradle.composite.internal.DefaultIncludedBuildTaskGraph$DefaultBuildTreeWorkGraphBuilder.withWorkGraph(DefaultIncludedBuildTaskGraph.java:153)
	at org.gradle.internal.buildtree.DefaultBuildTreeWorkPreparer.lambda$scheduleRequestedTasks$1(DefaultBuildTreeWorkPreparer.java:41)
	at org.gradle.composite.internal.DefaultIncludedBuildTaskGraph$DefaultBuildTreeWorkGraph$1.run(DefaultIncludedBuildTaskGraph.java:209)
	at org.gradle.internal.operations.DefaultBuildOperationRunner$1.execute(DefaultBuildOperationRunner.java:29)
	at org.gradle.internal.operations.DefaultBuildOperationRunner$1.execute(DefaultBuildOperationRunner.java:26)
	at org.gradle.internal.operations.DefaultBuildOperationRunner$2.execute(DefaultBuildOperationRunner.java:66)
	at org.gradle.internal.operations.DefaultBuildOperationRunner$2.execute(DefaultBuildOperationRunner.java:59)
	at org.gradle.internal.operations.DefaultBuildOperationRunner.execute(DefaultBuildOperationRunner.java:157)
	at org.gradle.internal.operations.DefaultBuildOperationRunner.execute(DefaultBuildOperationRunner.java:59)
	at org.gradle.internal.operations.DefaultBuildOperationRunner.run(DefaultBuildOperationRunner.java:47)
	at org.gradle.internal.operations.DefaultBuildOperationExecutor.run(DefaultBuildOperationExecutor.java:68)
	at org.gradle.composite.internal.DefaultIncludedBuildTaskGraph$DefaultBuildTreeWorkGraph.scheduleWork(DefaultIncludedBuildTaskGraph.java:204)
	at org.gradle.internal.buildtree.DefaultBuildTreeWorkPreparer.scheduleRequestedTasks(DefaultBuildTreeWorkPreparer.java:37)
	at org.gradle.configurationcache.VintageBuildTreeWorkController$scheduleAndRunRequestedTasks$1.apply(VintageBuildTreeWorkController.kt:36)
	at org.gradle.configurationcache.VintageBuildTreeWorkController$scheduleAndRunRequestedTasks$1.apply(VintageBuildTreeWorkController.kt:35)
	at org.gradle.composite.internal.DefaultIncludedBuildTaskGraph.withNewWorkGraph(DefaultIncludedBuildTaskGraph.java:112)
	at org.gradle.configurationcache.VintageBuildTreeWorkController.scheduleAndRunRequestedTasks(VintageBuildTreeWorkController.kt:35)
	at org.gradle.internal.buildtree.DefaultBuildTreeLifecycleController.lambda$scheduleAndRunTasks$1(DefaultBuildTreeLifecycleController.java:76)
	at org.gradle.internal.buildtree.DefaultBuildTreeLifecycleController.lambda$runBuild$4(DefaultBuildTreeLifecycleController.java:119)
	at org.gradle.internal.model.StateTransitionController.lambda$transition$6(StateTransitionController.java:169)
	at org.gradle.internal.model.StateTransitionController.doTransition(StateTransitionController.java:266)
	at org.gradle.internal.model.StateTransitionController.lambda$transition$7(StateTransitionController.java:169)
	at org.gradle.internal.work.DefaultSynchronizer.withLock(DefaultSynchronizer.java:44)
	at org.gradle.internal.model.StateTransitionController.transition(StateTransitionController.java:169)
	at org.gradle.internal.buildtree.DefaultBuildTreeLifecycleController.runBuild(DefaultBuildTreeLifecycleController.java:116)
	at org.gradle.internal.buildtree.DefaultBuildTreeLifecycleController.scheduleAndRunTasks(DefaultBuildTreeLifecycleController.java:76)
	at org.gradle.internal.buildtree.DefaultBuildTreeLifecycleController.scheduleAndRunTasks(DefaultBuildTreeLifecycleController.java:71)
	at org.gradle.tooling.internal.provider.ExecuteBuildActionRunner.run(ExecuteBuildActionRunner.java:31)
	at org.gradle.launcher.exec.ChainingBuildActionRunner.run(ChainingBuildActionRunner.java:35)
	at org.gradle.internal.buildtree.ProblemReportingBuildActionRunner.run(ProblemReportingBuildActionRunner.java:49)
	at org.gradle.launcher.exec.BuildOutcomeReportingBuildActionRunner.run(BuildOutcomeReportingBuildActionRunner.java:65)
	at org.gradle.tooling.internal.provider.FileSystemWatchingBuildActionRunner.run(FileSystemWatchingBuildActionRunner.java:140)
	at org.gradle.launcher.exec.BuildCompletionNotifyingBuildActionRunner.run(BuildCompletionNotifyingBuildActionRunner.java:41)
	at org.gradle.launcher.exec.RootBuildLifecycleBuildActionExecutor.lambda$execute$0(RootBuildLifecycleBuildActionExecutor.java:40)
	at org.gradle.composite.internal.DefaultRootBuildState.run(DefaultRootBuildState.java:123)
	at org.gradle.launcher.exec.RootBuildLifecycleBuildActionExecutor.execute(RootBuildLifecycleBuildActionExecutor.java:40)
	at org.gradle.internal.buildtree.InitDeprecationLoggingActionExecutor.execute(InitDeprecationLoggingActionExecutor.java:62)
	at org.gradle.internal.buildtree.InitProblems.execute(InitProblems.java:38)
	at org.gradle.internal.buildtree.DefaultBuildTreeContext.execute(DefaultBuildTreeContext.java:40)
	at org.gradle.launcher.exec.BuildTreeLifecycleBuildActionExecutor.lambda$execute$0(BuildTreeLifecycleBuildActionExecutor.java:58)
	at org.gradle.internal.buildtree.BuildTreeState.run(BuildTreeState.java:58)
	at org.gradle.launcher.exec.BuildTreeLifecycleBuildActionExecutor.execute(BuildTreeLifecycleBuildActionExecutor.java:58)
	at org.gradle.launcher.exec.RunAsBuildOperationBuildActionExecutor$3.call(RunAsBuildOperationBuildActionExecutor.java:61)
	at org.gradle.launcher.exec.RunAsBuildOperationBuildActionExecutor$3.call(RunAsBuildOperationBuildActionExecutor.java:57)
	at org.gradle.internal.operations.DefaultBuildOperationRunner$CallableBuildOperationWorker.execute(DefaultBuildOperationRunner.java:204)
	at org.gradle.internal.operations.DefaultBuildOperationRunner$CallableBuildOperationWorker.execute(DefaultBuildOperationRunner.java:199)
	at org.gradle.internal.operations.DefaultBuildOperationRunner$2.execute(DefaultBuildOperationRunner.java:66)
	at org.gradle.internal.operations.DefaultBuildOperationRunner$2.execute(DefaultBuildOperationRunner.java:59)
	at org.gradle.internal.operations.DefaultBuildOperationRunner.execute(DefaultBuildOperationRunner.java:157)
	at org.gradle.internal.operations.DefaultBuildOperationRunner.execute(DefaultBuildOperationRunner.java:59)
	at org.gradle.internal.operations.DefaultBuildOperationRunner.call(DefaultBuildOperationRunner.java:53)
	at org.gradle.internal.operations.DefaultBuildOperationExecutor.call(DefaultBuildOperationExecutor.java:73)
	at org.gradle.launcher.exec.RunAsBuildOperationBuildActionExecutor.execute(RunAsBuildOperationBuildActionExecutor.java:57)
	at org.gradle.launcher.exec.RunAsWorkerThreadBuildActionExecutor.lambda$execute$0(RunAsWorkerThreadBuildActionExecutor.java:36)
	at org.gradle.internal.work.DefaultWorkerLeaseService.withLocks(DefaultWorkerLeaseService.java:264)
	at org.gradle.internal.work.DefaultWorkerLeaseService.runAsWorkerThread(DefaultWorkerLeaseService.java:128)
	at org.gradle.launcher.exec.RunAsWorkerThreadBuildActionExecutor.execute(RunAsWorkerThreadBuildActionExecutor.java:36)
	at org.gradle.tooling.internal.provider.continuous.ContinuousBuildActionExecutor.execute(ContinuousBuildActionExecutor.java:110)
	at org.gradle.tooling.internal.provider.SubscribableBuildActionExecutor.execute(SubscribableBuildActionExecutor.java:64)
	at org.gradle.internal.session.DefaultBuildSessionContext.execute(DefaultBuildSessionContext.java:46)
	at org.gradle.tooling.internal.provider.BuildSessionLifecycleBuildActionExecuter$ActionImpl.apply(BuildSessionLifecycleBuildActionExecuter.java:92)
	at org.gradle.tooling.internal.provider.BuildSessionLifecycleBuildActionExecuter$ActionImpl.apply(BuildSessionLifecycleBuildActionExecuter.java:80)
	at org.gradle.internal.session.BuildSessionState.run(BuildSessionState.java:69)
	at org.gradle.tooling.internal.provider.BuildSessionLifecycleBuildActionExecuter.execute(BuildSessionLifecycleBuildActionExecuter.java:62)
	at org.gradle.tooling.internal.provider.BuildSessionLifecycleBuildActionExecuter.execute(BuildSessionLifecycleBuildActionExecuter.java:41)
	at org.gradle.tooling.internal.provider.StartParamsValidatingActionExecuter.execute(StartParamsValidatingActionExecuter.java:64)
	at org.gradle.tooling.internal.provider.StartParamsValidatingActionExecuter.execute(StartParamsValidatingActionExecuter.java:32)
	at org.gradle.tooling.internal.provider.SessionFailureReportingActionExecuter.execute(SessionFailureReportingActionExecuter.java:51)
	at org.gradle.tooling.internal.provider.SessionFailureReportingActionExecuter.execute(SessionFailureReportingActionExecuter.java:39)
	at org.gradle.tooling.internal.provider.SetupLoggingActionExecuter.execute(SetupLoggingActionExecuter.java:47)
	at org.gradle.tooling.internal.provider.SetupLoggingActionExecuter.execute(SetupLoggingActionExecuter.java:31)
	at org.gradle.launcher.daemon.server.exec.ExecuteBuild.doBuild(ExecuteBuild.java:65)
	at org.gradle.launcher.daemon.server.exec.BuildCommandOnly.execute(BuildCommandOnly.java:37)
	at org.gradle.launcher.daemon.server.api.DaemonCommandExecution.proceed(DaemonCommandExecution.java:104)
	at org.gradle.launcher.daemon.server.exec.WatchForDisconnection.execute(WatchForDisconnection.java:39)
	at org.gradle.launcher.daemon.server.api.DaemonCommandExecution.proceed(DaemonCommandExecution.java:104)
	at org.gradle.launcher.daemon.server.exec.ResetDeprecationLogger.execute(ResetDeprecationLogger.java:29)
	at org.gradle.launcher.daemon.server.api.DaemonCommandExecution.proceed(DaemonCommandExecution.java:104)
	at org.gradle.launcher.daemon.server.exec.RequestStopIfSingleUsedDaemon.execute(RequestStopIfSingleUsedDaemon.java:35)
	at org.gradle.launcher.daemon.server.api.DaemonCommandExecution.proceed(DaemonCommandExecution.java:104)
	at org.gradle.launcher.daemon.server.exec.ForwardClientInput$2.create(ForwardClientInput.java:78)
	at org.gradle.launcher.daemon.server.exec.ForwardClientInput$2.create(ForwardClientInput.java:75)
	at org.gradle.util.internal.Swapper.swap(Swapper.java:38)
	at org.gradle.launcher.daemon.server.exec.ForwardClientInput.execute(ForwardClientInput.java:75)
	at org.gradle.launcher.daemon.server.api.DaemonCommandExecution.proceed(DaemonCommandExecution.java:104)
	at org.gradle.launcher.daemon.server.exec.LogAndCheckHealth.execute(LogAndCheckHealth.java:64)
	at org.gradle.launcher.daemon.server.api.DaemonCommandExecution.proceed(DaemonCommandExecution.java:104)
	at org.gradle.launcher.daemon.server.exec.LogToClient.doBuild(LogToClient.java:63)
	at org.gradle.launcher.daemon.server.exec.BuildCommandOnly.execute(BuildCommandOnly.java:37)
	at org.gradle.launcher.daemon.server.api.DaemonCommandExecution.proceed(DaemonCommandExecution.java:104)
	at org.gradle.launcher.daemon.server.exec.EstablishBuildEnvironment.doBuild(EstablishBuildEnvironment.java:84)
	at org.gradle.launcher.daemon.server.exec.BuildCommandOnly.execute(BuildCommandOnly.java:37)
	at org.gradle.launcher.daemon.server.api.DaemonCommandExecution.proceed(DaemonCommandExecution.java:104)
	at org.gradle.launcher.daemon.server.exec.StartBuildOrRespondWithBusy$1.run(StartBuildOrRespondWithBusy.java:52)
	at org.gradle.launcher.daemon.server.DaemonStateCoordinator$1.run(DaemonStateCoordinator.java:297)
	at org.gradle.internal.concurrent.ExecutorPolicy$CatchAndRecordFailures.onExecute(ExecutorPolicy.java:64)
	at org.gradle.internal.concurrent.AbstractManagedExecutor$1.run(AbstractManagedExecutor.java:47)
	at java.base/java.util.concurrent.ThreadPoolExecutor.runWorker(ThreadPoolExecutor.java:1136)
	at java.base/java.util.concurrent.ThreadPoolExecutor$Worker.run(ThreadPoolExecutor.java:635)
	at java.base/java.lang.Thread.run(Thread.java:840)
[gradle-intellij-plugin :] Cannot create plugin from file '/opt/android-studio/plugins/vcs-git': Invalid plugin descriptor 'plugin.xml'. Unable to read the plugin descriptor: No enum constant com.jetbrains.plugin.structure.intellij.plugin.IdePluginContentDescriptor.ServiceType.APPLİCATİON.
Unable to read descriptor [plugin.xml] from [/opt/android-studio/plugins/vcs-github-community/lib/vcs-github.jar]
java.lang.IllegalArgumentException: No enum constant com.jetbrains.plugin.structure.intellij.plugin.IdePluginContentDescriptor.ServiceType.APPLİCATİON
	at java.base/java.lang.Enum.valueOf(Enum.java:273)
	at com.jetbrains.plugin.structure.intellij.plugin.IdePluginContentDescriptor$ServiceType.valueOf(IdePluginContents.kt)
	at com.jetbrains.plugin.structure.intellij.plugin.PluginCreator.readServiceDescriptor(PluginCreator.kt:406)
	at com.jetbrains.plugin.structure.intellij.plugin.PluginCreator.readExtensions(PluginCreator.kt:341)
	at com.jetbrains.plugin.structure.intellij.plugin.PluginCreator.setInfoFromBean(PluginCreator.kt:320)
	at com.jetbrains.plugin.structure.intellij.plugin.PluginCreator.resolveDocumentAndValidateBean(PluginCreator.kt:664)
	at com.jetbrains.plugin.structure.intellij.plugin.PluginCreator.access$resolveDocumentAndValidateBean(PluginCreator.kt:31)
	at com.jetbrains.plugin.structure.intellij.plugin.PluginCreator$Companion.createPlugin(PluginCreator.kt:109)
	at com.jetbrains.plugin.structure.intellij.plugin.IdePluginManager.loadPluginInfoFromJarFile(IdePluginManager.kt:62)
	at com.jetbrains.plugin.structure.intellij.plugin.IdePluginManager.loadPluginInfoFromLibDirectory(IdePluginManager.kt:165)
	at com.jetbrains.plugin.structure.intellij.plugin.IdePluginManager.loadPluginInfoFromDirectory(IdePluginManager.kt:97)
	at com.jetbrains.plugin.structure.intellij.plugin.IdePluginManager.loadPluginInfoFromJarOrDirectory(IdePluginManager.kt:206)
	at com.jetbrains.plugin.structure.intellij.plugin.IdePluginManager.getPluginCreatorWithResult(IdePluginManager.kt:347)
	at com.jetbrains.plugin.structure.intellij.plugin.IdePluginManager.createPlugin(IdePluginManager.kt:314)
	at com.jetbrains.plugin.structure.intellij.plugin.IdePluginManager.createPlugin$default(IdePluginManager.kt:312)
	at org.jetbrains.intellij.Utils.createPlugin(utils.kt:222)
	at org.jetbrains.intellij.dependency.BuiltinPluginsRegistry.add(BuiltinPluginsRegistry.kt:89)
	at org.jetbrains.intellij.dependency.BuiltinPluginsRegistry.fillFromDirectory(BuiltinPluginsRegistry.kt:47)
	at org.jetbrains.intellij.dependency.BuiltinPluginsRegistry.access$fillFromDirectory(BuiltinPluginsRegistry.kt:21)
	at org.jetbrains.intellij.dependency.BuiltinPluginsRegistry$Companion.fromDirectory(BuiltinPluginsRegistry.kt:127)
	at org.jetbrains.intellij.dependency.IdeaDependencyManager.createDependency(IdeaDependencyManager.kt:92)
	at org.jetbrains.intellij.dependency.IdeaDependencyManager.resolveLocal(IdeaDependencyManager.kt:430)
	at org.jetbrains.intellij.IntelliJPlugin$prepareIdeaDependencyProvider$1.call(IntelliJPlugin.kt:299)
	at org.jetbrains.intellij.IntelliJPlugin$prepareIdeaDependencyProvider$1.call(IntelliJPlugin.kt:266)
	at org.gradle.api.internal.provider.DefaultProvider.calculateOwnValue(DefaultProvider.java:72)
	at org.gradle.api.internal.provider.AbstractMinimalProvider.calculateValue(AbstractMinimalProvider.java:115)
	at org.gradle.api.internal.provider.TransformBackedProvider.calculateOwnValue(TransformBackedProvider.java:82)
	at org.gradle.api.internal.provider.AbstractMinimalProvider.calculateValue(AbstractMinimalProvider.java:115)
	at org.gradle.api.internal.provider.AbstractMinimalProvider.withFinalValue(AbstractMinimalProvider.java:168)
	at org.gradle.api.internal.provider.DefaultProperty.finalValue(DefaultProperty.java:133)
	at org.gradle.api.internal.provider.DefaultProperty.finalValue(DefaultProperty.java:26)
	at org.gradle.api.internal.provider.AbstractProperty.finalizeNow(AbstractProperty.java:245)
	at org.gradle.api.internal.provider.AbstractProperty.beforeRead(AbstractProperty.java:239)
	at org.gradle.api.internal.provider.AbstractProperty.calculateOwnValue(AbstractProperty.java:135)
	at org.gradle.api.internal.provider.AbstractMinimalProvider.calculateValue(AbstractMinimalProvider.java:115)
	at org.gradle.api.internal.provider.TransformBackedProvider.calculateOwnValue(TransformBackedProvider.java:82)
	at org.gradle.api.internal.provider.AbstractMinimalProvider.calculateValue(AbstractMinimalProvider.java:115)
	at org.gradle.api.internal.provider.TransformBackedProvider.calculateOwnValue(TransformBackedProvider.java:82)
	at org.gradle.api.internal.provider.AbstractMinimalProvider.calculateValue(AbstractMinimalProvider.java:115)
	at org.gradle.api.internal.provider.DefaultProperty.calculateValueFrom(DefaultProperty.java:128)
	at org.gradle.api.internal.provider.DefaultProperty.calculateValueFrom(DefaultProperty.java:26)
	at org.gradle.api.internal.provider.AbstractProperty.doCalculateValue(AbstractProperty.java:142)
	at org.gradle.api.internal.provider.AbstractProperty.calculateOwnValue(AbstractProperty.java:136)
	at org.gradle.api.internal.provider.AbstractMinimalProvider.getOrNull(AbstractMinimalProvider.java:105)
	at org.jetbrains.intellij.IntelliJPlugin$prepareConventionMappingsForRunIdeTask$8.call(IntelliJPlugin.kt:963)
	at org.jetbrains.intellij.IntelliJPlugin$prepareConventionMappingsForRunIdeTask$8.call(IntelliJPlugin.kt:958)
	at org.gradle.api.internal.provider.DefaultProvider.calculateOwnValue(DefaultProvider.java:72)
	at org.gradle.api.internal.provider.AbstractMinimalProvider.calculateValue(AbstractMinimalProvider.java:115)
	at org.gradle.api.internal.provider.TransformBackedProvider.calculateOwnValue(TransformBackedProvider.java:82)
	at org.gradle.api.internal.provider.AbstractMinimalProvider.calculateValue(AbstractMinimalProvider.java:115)
	at org.gradle.api.internal.provider.DefaultProperty.calculateValueFrom(DefaultProperty.java:128)
	at org.gradle.api.internal.provider.DefaultProperty.calculateValueFrom(DefaultProperty.java:26)
	at org.gradle.api.internal.provider.AbstractProperty.doCalculateValue(AbstractProperty.java:142)
	at org.gradle.api.internal.provider.AbstractProperty.calculateOwnValue(AbstractProperty.java:136)
	at org.gradle.api.internal.provider.AbstractMinimalProvider.calculateOwnPresentValue(AbstractMinimalProvider.java:80)
	at org.gradle.api.internal.provider.AbstractMinimalProvider.get(AbstractMinimalProvider.java:100)
	at org.jetbrains.intellij.tasks.RunIdeBase.getExecutable(RunIdeBase.kt:202)
	at org.jetbrains.intellij.tasks.BuildSearchableOptionsTask_Decorated.getExecutable(Unknown Source)
	at org.gradle.api.tasks.internal.JavaExecExecutableUtils.getExecutableOverrideToolchainSpec(JavaExecExecutableUtils.java:30)
	at org.gradle.api.tasks.JavaExec.lambda$new$0(JavaExec.java:144)
	at org.gradle.api.internal.provider.DefaultProvider.calculateOwnValue(DefaultProvider.java:72)
	at org.gradle.api.internal.provider.AbstractMinimalProvider.calculateValue(AbstractMinimalProvider.java:115)
	at org.gradle.api.internal.provider.FlatMapProvider.calculateOwnValue(FlatMapProvider.java:46)
	at org.gradle.api.internal.provider.AbstractMinimalProvider.calculateValue(AbstractMinimalProvider.java:115)
	at org.gradle.api.internal.provider.OrElseProvider.calculateOwnValue(OrElseProvider.java:76)
	at org.gradle.api.internal.provider.AbstractMinimalProvider.calculateValue(AbstractMinimalProvider.java:115)
	at org.gradle.api.internal.provider.TransformBackedProvider.calculateOwnValue(TransformBackedProvider.java:82)
	at org.gradle.api.internal.provider.AbstractMinimalProvider.calculateValue(AbstractMinimalProvider.java:115)
	at org.gradle.api.internal.provider.AbstractMinimalProvider.withFinalValue(AbstractMinimalProvider.java:168)
	at org.gradle.api.internal.provider.DefaultProperty.finalValue(DefaultProperty.java:133)
	at org.gradle.api.internal.provider.DefaultProperty.finalValue(DefaultProperty.java:26)
	at org.gradle.api.internal.provider.AbstractProperty.finalizeNow(AbstractProperty.java:245)
	at org.gradle.api.internal.provider.AbstractProperty.beforeRead(AbstractProperty.java:239)
	at org.gradle.api.internal.provider.AbstractProperty.calculateOwnValue(AbstractProperty.java:135)
	at org.gradle.api.internal.provider.AbstractMinimalProvider.getOrNull(AbstractMinimalProvider.java:105)
	at org.gradle.internal.properties.annotations.AbstractTypeMetadataWalker$InstanceTypeMetadataWalker.lambda$walkNestedProvider$0(AbstractTypeMetadataWalker.java:137)
	at org.gradle.internal.properties.annotations.AbstractTypeMetadataWalker$InstanceTypeMetadataWalker.walkNestedChild(AbstractTypeMetadataWalker.java:184)
	at org.gradle.internal.properties.annotations.AbstractTypeMetadataWalker$InstanceTypeMetadataWalker.walkNestedProvider(AbstractTypeMetadataWalker.java:136)
	at org.gradle.internal.properties.annotations.AbstractTypeMetadataWalker$InstanceTypeMetadataWalker.walkNestedProvider(AbstractTypeMetadataWalker.java:118)
	at org.gradle.internal.properties.annotations.AbstractTypeMetadataWalker.walkNested(AbstractTypeMetadataWalker.java:60)
	at org.gradle.internal.properties.annotations.AbstractTypeMetadataWalker.lambda$walkChildren$3(AbstractTypeMetadataWalker.java:85)
	at org.gradle.internal.properties.annotations.AbstractTypeMetadataWalker$InstanceTypeMetadataWalker.walkNestedChild(AbstractTypeMetadataWalker.java:190)
	at org.gradle.internal.properties.annotations.AbstractTypeMetadataWalker$InstanceTypeMetadataWalker.walkNestedChild(AbstractTypeMetadataWalker.java:171)
	at org.gradle.internal.properties.annotations.AbstractTypeMetadataWalker$InstanceTypeMetadataWalker.walkNestedChild(AbstractTypeMetadataWalker.java:118)
	at org.gradle.internal.properties.annotations.AbstractTypeMetadataWalker.lambda$walkChildren$4(AbstractTypeMetadataWalker.java:85)
	at java.base/java.lang.Iterable.forEach(Iterable.java:75)
	at org.gradle.internal.properties.annotations.AbstractTypeMetadataWalker.walkChildren(AbstractTypeMetadataWalker.java:83)
	at org.gradle.internal.properties.annotations.AbstractTypeMetadataWalker.walk(AbstractTypeMetadataWalker.java:53)
	at org.gradle.internal.properties.bean.DefaultPropertyWalker.visitProperties(DefaultPropertyWalker.java:65)
	at org.gradle.api.internal.tasks.TaskPropertyUtils.visitAnnotatedProperties(TaskPropertyUtils.java:58)
	at org.gradle.api.internal.tasks.TaskPropertyUtils.visitProperties(TaskPropertyUtils.java:45)
	at org.gradle.api.internal.tasks.TaskPropertyUtils.visitProperties(TaskPropertyUtils.java:35)
	at org.gradle.api.internal.tasks.DefaultTaskInputs.visitDependencies(DefaultTaskInputs.java:195)
	at org.gradle.api.internal.tasks.DefaultTaskDependency.visitDependencies(DefaultTaskDependency.java:112)
	at org.gradle.api.internal.tasks.CachingTaskDependencyResolveContext$TaskGraphImpl.getNodeValues(CachingTaskDependencyResolveContext.java:103)
	at org.gradle.internal.graph.CachingDirectedGraphWalker$GraphWithEmptyEdges.getNodeValues(CachingDirectedGraphWalker.java:213)
	at org.gradle.internal.graph.CachingDirectedGraphWalker.doSearch(CachingDirectedGraphWalker.java:121)
	at org.gradle.internal.graph.CachingDirectedGraphWalker.findValues(CachingDirectedGraphWalker.java:73)
	at org.gradle.api.internal.tasks.CachingTaskDependencyResolveContext.getDependencies(CachingTaskDependencyResolveContext.java:66)
	at org.gradle.execution.plan.TaskDependencyResolver.resolveDependenciesFor(TaskDependencyResolver.java:49)
	at org.gradle.execution.plan.LocalTaskNode.getDependencies(LocalTaskNode.java:148)
	at org.gradle.execution.plan.LocalTaskNode.resolveDependencies(LocalTaskNode.java:122)
	at org.gradle.execution.plan.DefaultExecutionPlan.discoverNodeRelationships(DefaultExecutionPlan.java:183)
	at org.gradle.execution.plan.DefaultExecutionPlan.doAddEntryNodes(DefaultExecutionPlan.java:155)
	at org.gradle.execution.plan.DefaultExecutionPlan.addEntryTasks(DefaultExecutionPlan.java:130)
	at org.gradle.execution.plan.DefaultExecutionPlan.addEntryTasks(DefaultExecutionPlan.java:122)
	at org.gradle.execution.TaskNameResolvingBuildTaskScheduler.scheduleRequestedTasks(TaskNameResolvingBuildTaskScheduler.java:54)
	at org.gradle.execution.DefaultTasksBuildTaskScheduler.scheduleRequestedTasks(DefaultTasksBuildTaskScheduler.java:72)
	at org.gradle.initialization.DefaultTaskExecutionPreparer.lambda$scheduleRequestedTasks$0(DefaultTaskExecutionPreparer.java:46)
	at org.gradle.internal.Factories$1.create(Factories.java:31)
	at org.gradle.internal.work.DefaultWorkerLeaseService.withReplacedLocks(DefaultWorkerLeaseService.java:360)
	at org.gradle.api.internal.project.DefaultProjectStateRegistry$DefaultBuildProjectRegistry.withMutableStateOfAllProjects(DefaultProjectStateRegistry.java:239)
	at org.gradle.api.internal.project.DefaultProjectStateRegistry$DefaultBuildProjectRegistry.withMutableStateOfAllProjects(DefaultProjectStateRegistry.java:232)
	at org.gradle.initialization.DefaultTaskExecutionPreparer.scheduleRequestedTasks(DefaultTaskExecutionPreparer.java:45)
	at org.gradle.initialization.VintageBuildModelController.lambda$scheduleRequestedTasks$0(VintageBuildModelController.java:76)
	at org.gradle.internal.model.StateTransitionController.lambda$inState$1(StateTransitionController.java:99)
	at org.gradle.internal.model.StateTransitionController.lambda$inState$2(StateTransitionController.java:114)
	at org.gradle.internal.work.DefaultSynchronizer.withLock(DefaultSynchronizer.java:44)
	at org.gradle.internal.model.StateTransitionController.inState(StateTransitionController.java:110)
	at org.gradle.internal.model.StateTransitionController.inState(StateTransitionController.java:98)
	at org.gradle.initialization.VintageBuildModelController.scheduleRequestedTasks(VintageBuildModelController.java:76)
	at org.gradle.internal.build.DefaultBuildLifecycleController$DefaultWorkGraphBuilder.addRequestedTasks(DefaultBuildLifecycleController.java:404)
	at org.gradle.internal.buildtree.DefaultBuildTreeWorkPreparer.lambda$scheduleRequestedTasks$0(DefaultBuildTreeWorkPreparer.java:41)
	at org.gradle.internal.build.DefaultBuildLifecycleController.lambda$populateWorkGraph$7(DefaultBuildLifecycleController.java:189)
	at org.gradle.internal.build.DefaultBuildWorkPreparer.populateWorkGraph(DefaultBuildWorkPreparer.java:42)
	at org.gradle.internal.build.BuildOperationFiringBuildWorkPreparer$PopulateWorkGraph.populateTaskGraph(BuildOperationFiringBuildWorkPreparer.java:106)
	at org.gradle.internal.build.BuildOperationFiringBuildWorkPreparer$PopulateWorkGraph.run(BuildOperationFiringBuildWorkPreparer.java:92)
	at org.gradle.internal.operations.DefaultBuildOperationRunner$1.execute(DefaultBuildOperationRunner.java:29)
	at org.gradle.internal.operations.DefaultBuildOperationRunner$1.execute(DefaultBuildOperationRunner.java:26)
	at org.gradle.internal.operations.DefaultBuildOperationRunner$2.execute(DefaultBuildOperationRunner.java:66)
	at org.gradle.internal.operations.DefaultBuildOperationRunner$2.execute(DefaultBuildOperationRunner.java:59)
	at org.gradle.internal.operations.DefaultBuildOperationRunner.execute(DefaultBuildOperationRunner.java:157)
	at org.gradle.internal.operations.DefaultBuildOperationRunner.execute(DefaultBuildOperationRunner.java:59)
	at org.gradle.internal.operations.DefaultBuildOperationRunner.run(DefaultBuildOperationRunner.java:47)
	at org.gradle.internal.operations.DefaultBuildOperationExecutor.run(DefaultBuildOperationExecutor.java:68)
	at org.gradle.internal.build.BuildOperationFiringBuildWorkPreparer.populateWorkGraph(BuildOperationFiringBuildWorkPreparer.java:67)
	at org.gradle.internal.build.DefaultBuildLifecycleController.lambda$populateWorkGraph$8(DefaultBuildLifecycleController.java:189)
	at org.gradle.internal.model.StateTransitionController.lambda$inState$1(StateTransitionController.java:99)
	at org.gradle.internal.model.StateTransitionController.lambda$inState$2(StateTransitionController.java:114)
	at org.gradle.internal.work.DefaultSynchronizer.withLock(DefaultSynchronizer.java:44)
	at org.gradle.internal.model.StateTransitionController.inState(StateTransitionController.java:110)
	at org.gradle.internal.model.StateTransitionController.inState(StateTransitionController.java:98)
	at org.gradle.internal.build.DefaultBuildLifecycleController.populateWorkGraph(DefaultBuildLifecycleController.java:189)
	at org.gradle.internal.build.DefaultBuildWorkGraphController$DefaultBuildWorkGraph.populateWorkGraph(DefaultBuildWorkGraphController.java:169)
	at org.gradle.composite.internal.DefaultBuildController.populateWorkGraph(DefaultBuildController.java:76)
	at org.gradle.composite.internal.DefaultIncludedBuildTaskGraph$DefaultBuildTreeWorkGraphBuilder.withWorkGraph(DefaultIncludedBuildTaskGraph.java:153)
	at org.gradle.internal.buildtree.DefaultBuildTreeWorkPreparer.lambda$scheduleRequestedTasks$1(DefaultBuildTreeWorkPreparer.java:41)
	at org.gradle.composite.internal.DefaultIncludedBuildTaskGraph$DefaultBuildTreeWorkGraph$1.run(DefaultIncludedBuildTaskGraph.java:209)
	at org.gradle.internal.operations.DefaultBuildOperationRunner$1.execute(DefaultBuildOperationRunner.java:29)
	at org.gradle.internal.operations.DefaultBuildOperationRunner$1.execute(DefaultBuildOperationRunner.java:26)
	at org.gradle.internal.operations.DefaultBuildOperationRunner$2.execute(DefaultBuildOperationRunner.java:66)
	at org.gradle.internal.operations.DefaultBuildOperationRunner$2.execute(DefaultBuildOperationRunner.java:59)
	at org.gradle.internal.operations.DefaultBuildOperationRunner.execute(DefaultBuildOperationRunner.java:157)
	at org.gradle.internal.operations.DefaultBuildOperationRunner.execute(DefaultBuildOperationRunner.java:59)
	at org.gradle.internal.operations.DefaultBuildOperationRunner.run(DefaultBuildOperationRunner.java:47)
	at org.gradle.internal.operations.DefaultBuildOperationExecutor.run(DefaultBuildOperationExecutor.java:68)
	at org.gradle.composite.internal.DefaultIncludedBuildTaskGraph$DefaultBuildTreeWorkGraph.scheduleWork(DefaultIncludedBuildTaskGraph.java:204)
	at org.gradle.internal.buildtree.DefaultBuildTreeWorkPreparer.scheduleRequestedTasks(DefaultBuildTreeWorkPreparer.java:37)
	at org.gradle.configurationcache.VintageBuildTreeWorkController$scheduleAndRunRequestedTasks$1.apply(VintageBuildTreeWorkController.kt:36)
	at org.gradle.configurationcache.VintageBuildTreeWorkController$scheduleAndRunRequestedTasks$1.apply(VintageBuildTreeWorkController.kt:35)
	at org.gradle.composite.internal.DefaultIncludedBuildTaskGraph.withNewWorkGraph(DefaultIncludedBuildTaskGraph.java:112)
	at org.gradle.configurationcache.VintageBuildTreeWorkController.scheduleAndRunRequestedTasks(VintageBuildTreeWorkController.kt:35)
	at org.gradle.internal.buildtree.DefaultBuildTreeLifecycleController.lambda$scheduleAndRunTasks$1(DefaultBuildTreeLifecycleController.java:76)
	at org.gradle.internal.buildtree.DefaultBuildTreeLifecycleController.lambda$runBuild$4(DefaultBuildTreeLifecycleController.java:119)
	at org.gradle.internal.model.StateTransitionController.lambda$transition$6(StateTransitionController.java:169)
	at org.gradle.internal.model.StateTransitionController.doTransition(StateTransitionController.java:266)
	at org.gradle.internal.model.StateTransitionController.lambda$transition$7(StateTransitionController.java:169)
	at org.gradle.internal.work.DefaultSynchronizer.withLock(DefaultSynchronizer.java:44)
	at org.gradle.internal.model.StateTransitionController.transition(StateTransitionController.java:169)
	at org.gradle.internal.buildtree.DefaultBuildTreeLifecycleController.runBuild(DefaultBuildTreeLifecycleController.java:116)
	at org.gradle.internal.buildtree.DefaultBuildTreeLifecycleController.scheduleAndRunTasks(DefaultBuildTreeLifecycleController.java:76)
	at org.gradle.internal.buildtree.DefaultBuildTreeLifecycleController.scheduleAndRunTasks(DefaultBuildTreeLifecycleController.java:71)
	at org.gradle.tooling.internal.provider.ExecuteBuildActionRunner.run(ExecuteBuildActionRunner.java:31)
	at org.gradle.launcher.exec.ChainingBuildActionRunner.run(ChainingBuildActionRunner.java:35)
	at org.gradle.internal.buildtree.ProblemReportingBuildActionRunner.run(ProblemReportingBuildActionRunner.java:49)
	at org.gradle.launcher.exec.BuildOutcomeReportingBuildActionRunner.run(BuildOutcomeReportingBuildActionRunner.java:65)
	at org.gradle.tooling.internal.provider.FileSystemWatchingBuildActionRunner.run(FileSystemWatchingBuildActionRunner.java:140)
	at org.gradle.launcher.exec.BuildCompletionNotifyingBuildActionRunner.run(BuildCompletionNotifyingBuildActionRunner.java:41)
	at org.gradle.launcher.exec.RootBuildLifecycleBuildActionExecutor.lambda$execute$0(RootBuildLifecycleBuildActionExecutor.java:40)
	at org.gradle.composite.internal.DefaultRootBuildState.run(DefaultRootBuildState.java:123)
	at org.gradle.launcher.exec.RootBuildLifecycleBuildActionExecutor.execute(RootBuildLifecycleBuildActionExecutor.java:40)
	at org.gradle.internal.buildtree.InitDeprecationLoggingActionExecutor.execute(InitDeprecationLoggingActionExecutor.java:62)
	at org.gradle.internal.buildtree.InitProblems.execute(InitProblems.java:38)
	at org.gradle.internal.buildtree.DefaultBuildTreeContext.execute(DefaultBuildTreeContext.java:40)
	at org.gradle.launcher.exec.BuildTreeLifecycleBuildActionExecutor.lambda$execute$0(BuildTreeLifecycleBuildActionExecutor.java:58)
	at org.gradle.internal.buildtree.BuildTreeState.run(BuildTreeState.java:58)
	at org.gradle.launcher.exec.BuildTreeLifecycleBuildActionExecutor.execute(BuildTreeLifecycleBuildActionExecutor.java:58)
	at org.gradle.launcher.exec.RunAsBuildOperationBuildActionExecutor$3.call(RunAsBuildOperationBuildActionExecutor.java:61)
	at org.gradle.launcher.exec.RunAsBuildOperationBuildActionExecutor$3.call(RunAsBuildOperationBuildActionExecutor.java:57)
	at org.gradle.internal.operations.DefaultBuildOperationRunner$CallableBuildOperationWorker.execute(DefaultBuildOperationRunner.java:204)
	at org.gradle.internal.operations.DefaultBuildOperationRunner$CallableBuildOperationWorker.execute(DefaultBuildOperationRunner.java:199)
	at org.gradle.internal.operations.DefaultBuildOperationRunner$2.execute(DefaultBuildOperationRunner.java:66)
	at org.gradle.internal.operations.DefaultBuildOperationRunner$2.execute(DefaultBuildOperationRunner.java:59)
	at org.gradle.internal.operations.DefaultBuildOperationRunner.execute(DefaultBuildOperationRunner.java:157)
	at org.gradle.internal.operations.DefaultBuildOperationRunner.execute(DefaultBuildOperationRunner.java:59)
	at org.gradle.internal.operations.DefaultBuildOperationRunner.call(DefaultBuildOperationRunner.java:53)
	at org.gradle.internal.operations.DefaultBuildOperationExecutor.call(DefaultBuildOperationExecutor.java:73)
	at org.gradle.launcher.exec.RunAsBuildOperationBuildActionExecutor.execute(RunAsBuildOperationBuildActionExecutor.java:57)
	at org.gradle.launcher.exec.RunAsWorkerThreadBuildActionExecutor.lambda$execute$0(RunAsWorkerThreadBuildActionExecutor.java:36)
	at org.gradle.internal.work.DefaultWorkerLeaseService.withLocks(DefaultWorkerLeaseService.java:264)
	at org.gradle.internal.work.DefaultWorkerLeaseService.runAsWorkerThread(DefaultWorkerLeaseService.java:128)
	at org.gradle.launcher.exec.RunAsWorkerThreadBuildActionExecutor.execute(RunAsWorkerThreadBuildActionExecutor.java:36)
	at org.gradle.tooling.internal.provider.continuous.ContinuousBuildActionExecutor.execute(ContinuousBuildActionExecutor.java:110)
	at org.gradle.tooling.internal.provider.SubscribableBuildActionExecutor.execute(SubscribableBuildActionExecutor.java:64)
	at org.gradle.internal.session.DefaultBuildSessionContext.execute(DefaultBuildSessionContext.java:46)
	at org.gradle.tooling.internal.provider.BuildSessionLifecycleBuildActionExecuter$ActionImpl.apply(BuildSessionLifecycleBuildActionExecuter.java:92)
	at org.gradle.tooling.internal.provider.BuildSessionLifecycleBuildActionExecuter$ActionImpl.apply(BuildSessionLifecycleBuildActionExecuter.java:80)
	at org.gradle.internal.session.BuildSessionState.run(BuildSessionState.java:69)
	at org.gradle.tooling.internal.provider.BuildSessionLifecycleBuildActionExecuter.execute(BuildSessionLifecycleBuildActionExecuter.java:62)
	at org.gradle.tooling.internal.provider.BuildSessionLifecycleBuildActionExecuter.execute(BuildSessionLifecycleBuildActionExecuter.java:41)
	at org.gradle.tooling.internal.provider.StartParamsValidatingActionExecuter.execute(StartParamsValidatingActionExecuter.java:64)
	at org.gradle.tooling.internal.provider.StartParamsValidatingActionExecuter.execute(StartParamsValidatingActionExecuter.java:32)
	at org.gradle.tooling.internal.provider.SessionFailureReportingActionExecuter.execute(SessionFailureReportingActionExecuter.java:51)
	at org.gradle.tooling.internal.provider.SessionFailureReportingActionExecuter.execute(SessionFailureReportingActionExecuter.java:39)
	at org.gradle.tooling.internal.provider.SetupLoggingActionExecuter.execute(SetupLoggingActionExecuter.java:47)
	at org.gradle.tooling.internal.provider.SetupLoggingActionExecuter.execute(SetupLoggingActionExecuter.java:31)
	at org.gradle.launcher.daemon.server.exec.ExecuteBuild.doBuild(ExecuteBuild.java:65)
	at org.gradle.launcher.daemon.server.exec.BuildCommandOnly.execute(BuildCommandOnly.java:37)
	at org.gradle.launcher.daemon.server.api.DaemonCommandExecution.proceed(DaemonCommandExecution.java:104)
	at org.gradle.launcher.daemon.server.exec.WatchForDisconnection.execute(WatchForDisconnection.java:39)
	at org.gradle.launcher.daemon.server.api.DaemonCommandExecution.proceed(DaemonCommandExecution.java:104)
	at org.gradle.launcher.daemon.server.exec.ResetDeprecationLogger.execute(ResetDeprecationLogger.java:29)
	at org.gradle.launcher.daemon.server.api.DaemonCommandExecution.proceed(DaemonCommandExecution.java:104)
	at org.gradle.launcher.daemon.server.exec.RequestStopIfSingleUsedDaemon.execute(RequestStopIfSingleUsedDaemon.java:35)
	at org.gradle.launcher.daemon.server.api.DaemonCommandExecution.proceed(DaemonCommandExecution.java:104)
	at org.gradle.launcher.daemon.server.exec.ForwardClientInput$2.create(ForwardClientInput.java:78)
	at org.gradle.launcher.daemon.server.exec.ForwardClientInput$2.create(ForwardClientInput.java:75)
	at org.gradle.util.internal.Swapper.swap(Swapper.java:38)
	at org.gradle.launcher.daemon.server.exec.ForwardClientInput.execute(ForwardClientInput.java:75)
	at org.gradle.launcher.daemon.server.api.DaemonCommandExecution.proceed(DaemonCommandExecution.java:104)
	at org.gradle.launcher.daemon.server.exec.LogAndCheckHealth.execute(LogAndCheckHealth.java:64)
	at org.gradle.launcher.daemon.server.api.DaemonCommandExecution.proceed(DaemonCommandExecution.java:104)
	at org.gradle.launcher.daemon.server.exec.LogToClient.doBuild(LogToClient.java:63)
	at org.gradle.launcher.daemon.server.exec.BuildCommandOnly.execute(BuildCommandOnly.java:37)
	at org.gradle.launcher.daemon.server.api.DaemonCommandExecution.proceed(DaemonCommandExecution.java:104)
	at org.gradle.launcher.daemon.server.exec.EstablishBuildEnvironment.doBuild(EstablishBuildEnvironment.java:84)
	at org.gradle.launcher.daemon.server.exec.BuildCommandOnly.execute(BuildCommandOnly.java:37)
	at org.gradle.launcher.daemon.server.api.DaemonCommandExecution.proceed(DaemonCommandExecution.java:104)
	at org.gradle.launcher.daemon.server.exec.StartBuildOrRespondWithBusy$1.run(StartBuildOrRespondWithBusy.java:52)
	at org.gradle.launcher.daemon.server.DaemonStateCoordinator$1.run(DaemonStateCoordinator.java:297)
	at org.gradle.internal.concurrent.ExecutorPolicy$CatchAndRecordFailures.onExecute(ExecutorPolicy.java:64)
	at org.gradle.internal.concurrent.AbstractManagedExecutor$1.run(AbstractManagedExecutor.java:47)
	at java.base/java.util.concurrent.ThreadPoolExecutor.runWorker(ThreadPoolExecutor.java:1136)
	at java.base/java.util.concurrent.ThreadPoolExecutor$Worker.run(ThreadPoolExecutor.java:635)
	at java.base/java.lang.Thread.run(Thread.java:840)
[gradle-intellij-plugin :] Cannot create plugin from file '/opt/android-studio/plugins/vcs-github-community': Invalid plugin descriptor 'plugin.xml'. Unable to read the plugin descriptor: No enum constant com.jetbrains.plugin.structure.intellij.plugin.IdePluginContentDescriptor.ServiceType.APPLİCATİON.
Unable to read descriptor [plugin.xml] from [/opt/android-studio/plugins/vcs-gitlab/lib/vcs-gitlab.jar]
java.lang.IllegalArgumentException: No enum constant com.jetbrains.plugin.structure.intellij.plugin.IdePluginContentDescriptor.ServiceType.APPLİCATİON
	at java.base/java.lang.Enum.valueOf(Enum.java:273)
	at com.jetbrains.plugin.structure.intellij.plugin.IdePluginContentDescriptor$ServiceType.valueOf(IdePluginContents.kt)
	at com.jetbrains.plugin.structure.intellij.plugin.PluginCreator.readServiceDescriptor(PluginCreator.kt:406)
	at com.jetbrains.plugin.structure.intellij.plugin.PluginCreator.readExtensions(PluginCreator.kt:341)
	at com.jetbrains.plugin.structure.intellij.plugin.PluginCreator.setInfoFromBean(PluginCreator.kt:320)
	at com.jetbrains.plugin.structure.intellij.plugin.PluginCreator.resolveDocumentAndValidateBean(PluginCreator.kt:664)
	at com.jetbrains.plugin.structure.intellij.plugin.PluginCreator.access$resolveDocumentAndValidateBean(PluginCreator.kt:31)
	at com.jetbrains.plugin.structure.intellij.plugin.PluginCreator$Companion.createPlugin(PluginCreator.kt:109)
	at com.jetbrains.plugin.structure.intellij.plugin.IdePluginManager.loadPluginInfoFromJarFile(IdePluginManager.kt:62)
	at com.jetbrains.plugin.structure.intellij.plugin.IdePluginManager.loadPluginInfoFromLibDirectory(IdePluginManager.kt:165)
	at com.jetbrains.plugin.structure.intellij.plugin.IdePluginManager.loadPluginInfoFromDirectory(IdePluginManager.kt:97)
	at com.jetbrains.plugin.structure.intellij.plugin.IdePluginManager.loadPluginInfoFromJarOrDirectory(IdePluginManager.kt:206)
	at com.jetbrains.plugin.structure.intellij.plugin.IdePluginManager.getPluginCreatorWithResult(IdePluginManager.kt:347)
	at com.jetbrains.plugin.structure.intellij.plugin.IdePluginManager.createPlugin(IdePluginManager.kt:314)
	at com.jetbrains.plugin.structure.intellij.plugin.IdePluginManager.createPlugin$default(IdePluginManager.kt:312)
	at org.jetbrains.intellij.Utils.createPlugin(utils.kt:222)
	at org.jetbrains.intellij.dependency.BuiltinPluginsRegistry.add(BuiltinPluginsRegistry.kt:89)
	at org.jetbrains.intellij.dependency.BuiltinPluginsRegistry.fillFromDirectory(BuiltinPluginsRegistry.kt:47)
	at org.jetbrains.intellij.dependency.BuiltinPluginsRegistry.access$fillFromDirectory(BuiltinPluginsRegistry.kt:21)
	at org.jetbrains.intellij.dependency.BuiltinPluginsRegistry$Companion.fromDirectory(BuiltinPluginsRegistry.kt:127)
	at org.jetbrains.intellij.dependency.IdeaDependencyManager.createDependency(IdeaDependencyManager.kt:92)
	at org.jetbrains.intellij.dependency.IdeaDependencyManager.resolveLocal(IdeaDependencyManager.kt:430)
	at org.jetbrains.intellij.IntelliJPlugin$prepareIdeaDependencyProvider$1.call(IntelliJPlugin.kt:299)
	at org.jetbrains.intellij.IntelliJPlugin$prepareIdeaDependencyProvider$1.call(IntelliJPlugin.kt:266)
	at org.gradle.api.internal.provider.DefaultProvider.calculateOwnValue(DefaultProvider.java:72)
	at org.gradle.api.internal.provider.AbstractMinimalProvider.calculateValue(AbstractMinimalProvider.java:115)
	at org.gradle.api.internal.provider.TransformBackedProvider.calculateOwnValue(TransformBackedProvider.java:82)
	at org.gradle.api.internal.provider.AbstractMinimalProvider.calculateValue(AbstractMinimalProvider.java:115)
	at org.gradle.api.internal.provider.AbstractMinimalProvider.withFinalValue(AbstractMinimalProvider.java:168)
	at org.gradle.api.internal.provider.DefaultProperty.finalValue(DefaultProperty.java:133)
	at org.gradle.api.internal.provider.DefaultProperty.finalValue(DefaultProperty.java:26)
	at org.gradle.api.internal.provider.AbstractProperty.finalizeNow(AbstractProperty.java:245)
	at org.gradle.api.internal.provider.AbstractProperty.beforeRead(AbstractProperty.java:239)
	at org.gradle.api.internal.provider.AbstractProperty.calculateOwnValue(AbstractProperty.java:135)
	at org.gradle.api.internal.provider.AbstractMinimalProvider.calculateValue(AbstractMinimalProvider.java:115)
	at org.gradle.api.internal.provider.TransformBackedProvider.calculateOwnValue(TransformBackedProvider.java:82)
	at org.gradle.api.internal.provider.AbstractMinimalProvider.calculateValue(AbstractMinimalProvider.java:115)
	at org.gradle.api.internal.provider.TransformBackedProvider.calculateOwnValue(TransformBackedProvider.java:82)
	at org.gradle.api.internal.provider.AbstractMinimalProvider.calculateValue(AbstractMinimalProvider.java:115)
	at org.gradle.api.internal.provider.DefaultProperty.calculateValueFrom(DefaultProperty.java:128)
	at org.gradle.api.internal.provider.DefaultProperty.calculateValueFrom(DefaultProperty.java:26)
	at org.gradle.api.internal.provider.AbstractProperty.doCalculateValue(AbstractProperty.java:142)
	at org.gradle.api.internal.provider.AbstractProperty.calculateOwnValue(AbstractProperty.java:136)
	at org.gradle.api.internal.provider.AbstractMinimalProvider.getOrNull(AbstractMinimalProvider.java:105)
	at org.jetbrains.intellij.IntelliJPlugin$prepareConventionMappingsForRunIdeTask$8.call(IntelliJPlugin.kt:963)
	at org.jetbrains.intellij.IntelliJPlugin$prepareConventionMappingsForRunIdeTask$8.call(IntelliJPlugin.kt:958)
	at org.gradle.api.internal.provider.DefaultProvider.calculateOwnValue(DefaultProvider.java:72)
	at org.gradle.api.internal.provider.AbstractMinimalProvider.calculateValue(AbstractMinimalProvider.java:115)
	at org.gradle.api.internal.provider.TransformBackedProvider.calculateOwnValue(TransformBackedProvider.java:82)
	at org.gradle.api.internal.provider.AbstractMinimalProvider.calculateValue(AbstractMinimalProvider.java:115)
	at org.gradle.api.internal.provider.DefaultProperty.calculateValueFrom(DefaultProperty.java:128)
	at org.gradle.api.internal.provider.DefaultProperty.calculateValueFrom(DefaultProperty.java:26)
	at org.gradle.api.internal.provider.AbstractProperty.doCalculateValue(AbstractProperty.java:142)
	at org.gradle.api.internal.provider.AbstractProperty.calculateOwnValue(AbstractProperty.java:136)
	at org.gradle.api.internal.provider.AbstractMinimalProvider.calculateOwnPresentValue(AbstractMinimalProvider.java:80)
	at org.gradle.api.internal.provider.AbstractMinimalProvider.get(AbstractMinimalProvider.java:100)
	at org.jetbrains.intellij.tasks.RunIdeBase.getExecutable(RunIdeBase.kt:202)
	at org.jetbrains.intellij.tasks.BuildSearchableOptionsTask_Decorated.getExecutable(Unknown Source)
	at org.gradle.api.tasks.internal.JavaExecExecutableUtils.getExecutableOverrideToolchainSpec(JavaExecExecutableUtils.java:30)
	at org.gradle.api.tasks.JavaExec.lambda$new$0(JavaExec.java:144)
	at org.gradle.api.internal.provider.DefaultProvider.calculateOwnValue(DefaultProvider.java:72)
	at org.gradle.api.internal.provider.AbstractMinimalProvider.calculateValue(AbstractMinimalProvider.java:115)
	at org.gradle.api.internal.provider.FlatMapProvider.calculateOwnValue(FlatMapProvider.java:46)
	at org.gradle.api.internal.provider.AbstractMinimalProvider.calculateValue(AbstractMinimalProvider.java:115)
	at org.gradle.api.internal.provider.OrElseProvider.calculateOwnValue(OrElseProvider.java:76)
	at org.gradle.api.internal.provider.AbstractMinimalProvider.calculateValue(AbstractMinimalProvider.java:115)
	at org.gradle.api.internal.provider.TransformBackedProvider.calculateOwnValue(TransformBackedProvider.java:82)
	at org.gradle.api.internal.provider.AbstractMinimalProvider.calculateValue(AbstractMinimalProvider.java:115)
	at org.gradle.api.internal.provider.AbstractMinimalProvider.withFinalValue(AbstractMinimalProvider.java:168)
	at org.gradle.api.internal.provider.DefaultProperty.finalValue(DefaultProperty.java:133)
	at org.gradle.api.internal.provider.DefaultProperty.finalValue(DefaultProperty.java:26)
	at org.gradle.api.internal.provider.AbstractProperty.finalizeNow(AbstractProperty.java:245)
	at org.gradle.api.internal.provider.AbstractProperty.beforeRead(AbstractProperty.java:239)
	at org.gradle.api.internal.provider.AbstractProperty.calculateOwnValue(AbstractProperty.java:135)
	at org.gradle.api.internal.provider.AbstractMinimalProvider.getOrNull(AbstractMinimalProvider.java:105)
	at org.gradle.internal.properties.annotations.AbstractTypeMetadataWalker$InstanceTypeMetadataWalker.lambda$walkNestedProvider$0(AbstractTypeMetadataWalker.java:137)
	at org.gradle.internal.properties.annotations.AbstractTypeMetadataWalker$InstanceTypeMetadataWalker.walkNestedChild(AbstractTypeMetadataWalker.java:184)
	at org.gradle.internal.properties.annotations.AbstractTypeMetadataWalker$InstanceTypeMetadataWalker.walkNestedProvider(AbstractTypeMetadataWalker.java:136)
	at org.gradle.internal.properties.annotations.AbstractTypeMetadataWalker$InstanceTypeMetadataWalker.walkNestedProvider(AbstractTypeMetadataWalker.java:118)
	at org.gradle.internal.properties.annotations.AbstractTypeMetadataWalker.walkNested(AbstractTypeMetadataWalker.java:60)
	at org.gradle.internal.properties.annotations.AbstractTypeMetadataWalker.lambda$walkChildren$3(AbstractTypeMetadataWalker.java:85)
	at org.gradle.internal.properties.annotations.AbstractTypeMetadataWalker$InstanceTypeMetadataWalker.walkNestedChild(AbstractTypeMetadataWalker.java:190)
	at org.gradle.internal.properties.annotations.AbstractTypeMetadataWalker$InstanceTypeMetadataWalker.walkNestedChild(AbstractTypeMetadataWalker.java:171)
	at org.gradle.internal.properties.annotations.AbstractTypeMetadataWalker$InstanceTypeMetadataWalker.walkNestedChild(AbstractTypeMetadataWalker.java:118)
	at org.gradle.internal.properties.annotations.AbstractTypeMetadataWalker.lambda$walkChildren$4(AbstractTypeMetadataWalker.java:85)
	at java.base/java.lang.Iterable.forEach(Iterable.java:75)
	at org.gradle.internal.properties.annotations.AbstractTypeMetadataWalker.walkChildren(AbstractTypeMetadataWalker.java:83)
	at org.gradle.internal.properties.annotations.AbstractTypeMetadataWalker.walk(AbstractTypeMetadataWalker.java:53)
	at org.gradle.internal.properties.bean.DefaultPropertyWalker.visitProperties(DefaultPropertyWalker.java:65)
	at org.gradle.api.internal.tasks.TaskPropertyUtils.visitAnnotatedProperties(TaskPropertyUtils.java:58)
	at org.gradle.api.internal.tasks.TaskPropertyUtils.visitProperties(TaskPropertyUtils.java:45)
	at org.gradle.api.internal.tasks.TaskPropertyUtils.visitProperties(TaskPropertyUtils.java:35)
	at org.gradle.api.internal.tasks.DefaultTaskInputs.visitDependencies(DefaultTaskInputs.java:195)
	at org.gradle.api.internal.tasks.DefaultTaskDependency.visitDependencies(DefaultTaskDependency.java:112)
	at org.gradle.api.internal.tasks.CachingTaskDependencyResolveContext$TaskGraphImpl.getNodeValues(CachingTaskDependencyResolveContext.java:103)
	at org.gradle.internal.graph.CachingDirectedGraphWalker$GraphWithEmptyEdges.getNodeValues(CachingDirectedGraphWalker.java:213)
	at org.gradle.internal.graph.CachingDirectedGraphWalker.doSearch(CachingDirectedGraphWalker.java:121)
	at org.gradle.internal.graph.CachingDirectedGraphWalker.findValues(CachingDirectedGraphWalker.java:73)
	at org.gradle.api.internal.tasks.CachingTaskDependencyResolveContext.getDependencies(CachingTaskDependencyResolveContext.java:66)
	at org.gradle.execution.plan.TaskDependencyResolver.resolveDependenciesFor(TaskDependencyResolver.java:49)
	at org.gradle.execution.plan.LocalTaskNode.getDependencies(LocalTaskNode.java:148)
	at org.gradle.execution.plan.LocalTaskNode.resolveDependencies(LocalTaskNode.java:122)
	at org.gradle.execution.plan.DefaultExecutionPlan.discoverNodeRelationships(DefaultExecutionPlan.java:183)
	at org.gradle.execution.plan.DefaultExecutionPlan.doAddEntryNodes(DefaultExecutionPlan.java:155)
	at org.gradle.execution.plan.DefaultExecutionPlan.addEntryTasks(DefaultExecutionPlan.java:130)
	at org.gradle.execution.plan.DefaultExecutionPlan.addEntryTasks(DefaultExecutionPlan.java:122)
	at org.gradle.execution.TaskNameResolvingBuildTaskScheduler.scheduleRequestedTasks(TaskNameResolvingBuildTaskScheduler.java:54)
	at org.gradle.execution.DefaultTasksBuildTaskScheduler.scheduleRequestedTasks(DefaultTasksBuildTaskScheduler.java:72)
	at org.gradle.initialization.DefaultTaskExecutionPreparer.lambda$scheduleRequestedTasks$0(DefaultTaskExecutionPreparer.java:46)
	at org.gradle.internal.Factories$1.create(Factories.java:31)
	at org.gradle.internal.work.DefaultWorkerLeaseService.withReplacedLocks(DefaultWorkerLeaseService.java:360)
	at org.gradle.api.internal.project.DefaultProjectStateRegistry$DefaultBuildProjectRegistry.withMutableStateOfAllProjects(DefaultProjectStateRegistry.java:239)
	at org.gradle.api.internal.project.DefaultProjectStateRegistry$DefaultBuildProjectRegistry.withMutableStateOfAllProjects(DefaultProjectStateRegistry.java:232)
	at org.gradle.initialization.DefaultTaskExecutionPreparer.scheduleRequestedTasks(DefaultTaskExecutionPreparer.java:45)
	at org.gradle.initialization.VintageBuildModelController.lambda$scheduleRequestedTasks$0(VintageBuildModelController.java:76)
	at org.gradle.internal.model.StateTransitionController.lambda$inState$1(StateTransitionController.java:99)
	at org.gradle.internal.model.StateTransitionController.lambda$inState$2(StateTransitionController.java:114)
	at org.gradle.internal.work.DefaultSynchronizer.withLock(DefaultSynchronizer.java:44)
	at org.gradle.internal.model.StateTransitionController.inState(StateTransitionController.java:110)
	at org.gradle.internal.model.StateTransitionController.inState(StateTransitionController.java:98)
	at org.gradle.initialization.VintageBuildModelController.scheduleRequestedTasks(VintageBuildModelController.java:76)
	at org.gradle.internal.build.DefaultBuildLifecycleController$DefaultWorkGraphBuilder.addRequestedTasks(DefaultBuildLifecycleController.java:404)
	at org.gradle.internal.buildtree.DefaultBuildTreeWorkPreparer.lambda$scheduleRequestedTasks$0(DefaultBuildTreeWorkPreparer.java:41)
	at org.gradle.internal.build.DefaultBuildLifecycleController.lambda$populateWorkGraph$7(DefaultBuildLifecycleController.java:189)
	at org.gradle.internal.build.DefaultBuildWorkPreparer.populateWorkGraph(DefaultBuildWorkPreparer.java:42)
	at org.gradle.internal.build.BuildOperationFiringBuildWorkPreparer$PopulateWorkGraph.populateTaskGraph(BuildOperationFiringBuildWorkPreparer.java:106)
	at org.gradle.internal.build.BuildOperationFiringBuildWorkPreparer$PopulateWorkGraph.run(BuildOperationFiringBuildWorkPreparer.java:92)
	at org.gradle.internal.operations.DefaultBuildOperationRunner$1.execute(DefaultBuildOperationRunner.java:29)
	at org.gradle.internal.operations.DefaultBuildOperationRunner$1.execute(DefaultBuildOperationRunner.java:26)
	at org.gradle.internal.operations.DefaultBuildOperationRunner$2.execute(DefaultBuildOperationRunner.java:66)
	at org.gradle.internal.operations.DefaultBuildOperationRunner$2.execute(DefaultBuildOperationRunner.java:59)
	at org.gradle.internal.operations.DefaultBuildOperationRunner.execute(DefaultBuildOperationRunner.java:157)
	at org.gradle.internal.operations.DefaultBuildOperationRunner.execute(DefaultBuildOperationRunner.java:59)
	at org.gradle.internal.operations.DefaultBuildOperationRunner.run(DefaultBuildOperationRunner.java:47)
	at org.gradle.internal.operations.DefaultBuildOperationExecutor.run(DefaultBuildOperationExecutor.java:68)
	at org.gradle.internal.build.BuildOperationFiringBuildWorkPreparer.populateWorkGraph(BuildOperationFiringBuildWorkPreparer.java:67)
	at org.gradle.internal.build.DefaultBuildLifecycleController.lambda$populateWorkGraph$8(DefaultBuildLifecycleController.java:189)
	at org.gradle.internal.model.StateTransitionController.lambda$inState$1(StateTransitionController.java:99)
	at org.gradle.internal.model.StateTransitionController.lambda$inState$2(StateTransitionController.java:114)
	at org.gradle.internal.work.DefaultSynchronizer.withLock(DefaultSynchronizer.java:44)
	at org.gradle.internal.model.StateTransitionController.inState(StateTransitionController.java:110)
	at org.gradle.internal.model.StateTransitionController.inState(StateTransitionController.java:98)
	at org.gradle.internal.build.DefaultBuildLifecycleController.populateWorkGraph(DefaultBuildLifecycleController.java:189)
	at org.gradle.internal.build.DefaultBuildWorkGraphController$DefaultBuildWorkGraph.populateWorkGraph(DefaultBuildWorkGraphController.java:169)
	at org.gradle.composite.internal.DefaultBuildController.populateWorkGraph(DefaultBuildController.java:76)
	at org.gradle.composite.internal.DefaultIncludedBuildTaskGraph$DefaultBuildTreeWorkGraphBuilder.withWorkGraph(DefaultIncludedBuildTaskGraph.java:153)
	at org.gradle.internal.buildtree.DefaultBuildTreeWorkPreparer.lambda$scheduleRequestedTasks$1(DefaultBuildTreeWorkPreparer.java:41)
	at org.gradle.composite.internal.DefaultIncludedBuildTaskGraph$DefaultBuildTreeWorkGraph$1.run(DefaultIncludedBuildTaskGraph.java:209)
	at org.gradle.internal.operations.DefaultBuildOperationRunner$1.execute(DefaultBuildOperationRunner.java:29)
	at org.gradle.internal.operations.DefaultBuildOperationRunner$1.execute(DefaultBuildOperationRunner.java:26)
	at org.gradle.internal.operations.DefaultBuildOperationRunner$2.execute(DefaultBuildOperationRunner.java:66)
	at org.gradle.internal.operations.DefaultBuildOperationRunner$2.execute(DefaultBuildOperationRunner.java:59)
	at org.gradle.internal.operations.DefaultBuildOperationRunner.execute(DefaultBuildOperationRunner.java:157)
	at org.gradle.internal.operations.DefaultBuildOperationRunner.execute(DefaultBuildOperationRunner.java:59)
	at org.gradle.internal.operations.DefaultBuildOperationRunner.run(DefaultBuildOperationRunner.java:47)
	at org.gradle.internal.operations.DefaultBuildOperationExecutor.run(DefaultBuildOperationExecutor.java:68)
	at org.gradle.composite.internal.DefaultIncludedBuildTaskGraph$DefaultBuildTreeWorkGraph.scheduleWork(DefaultIncludedBuildTaskGraph.java:204)
	at org.gradle.internal.buildtree.DefaultBuildTreeWorkPreparer.scheduleRequestedTasks(DefaultBuildTreeWorkPreparer.java:37)
	at org.gradle.configurationcache.VintageBuildTreeWorkController$scheduleAndRunRequestedTasks$1.apply(VintageBuildTreeWorkController.kt:36)
	at org.gradle.configurationcache.VintageBuildTreeWorkController$scheduleAndRunRequestedTasks$1.apply(VintageBuildTreeWorkController.kt:35)
	at org.gradle.composite.internal.DefaultIncludedBuildTaskGraph.withNewWorkGraph(DefaultIncludedBuildTaskGraph.java:112)
	at org.gradle.configurationcache.VintageBuildTreeWorkController.scheduleAndRunRequestedTasks(VintageBuildTreeWorkController.kt:35)
	at org.gradle.internal.buildtree.DefaultBuildTreeLifecycleController.lambda$scheduleAndRunTasks$1(DefaultBuildTreeLifecycleController.java:76)
	at org.gradle.internal.buildtree.DefaultBuildTreeLifecycleController.lambda$runBuild$4(DefaultBuildTreeLifecycleController.java:119)
	at org.gradle.internal.model.StateTransitionController.lambda$transition$6(StateTransitionController.java:169)
	at org.gradle.internal.model.StateTransitionController.doTransition(StateTransitionController.java:266)
	at org.gradle.internal.model.StateTransitionController.lambda$transition$7(StateTransitionController.java:169)
	at org.gradle.internal.work.DefaultSynchronizer.withLock(DefaultSynchronizer.java:44)
	at org.gradle.internal.model.StateTransitionController.transition(StateTransitionController.java:169)
	at org.gradle.internal.buildtree.DefaultBuildTreeLifecycleController.runBuild(DefaultBuildTreeLifecycleController.java:116)
	at org.gradle.internal.buildtree.DefaultBuildTreeLifecycleController.scheduleAndRunTasks(DefaultBuildTreeLifecycleController.java:76)
	at org.gradle.internal.buildtree.DefaultBuildTreeLifecycleController.scheduleAndRunTasks(DefaultBuildTreeLifecycleController.java:71)
	at org.gradle.tooling.internal.provider.ExecuteBuildActionRunner.run(ExecuteBuildActionRunner.java:31)
	at org.gradle.launcher.exec.ChainingBuildActionRunner.run(ChainingBuildActionRunner.java:35)
	at org.gradle.internal.buildtree.ProblemReportingBuildActionRunner.run(ProblemReportingBuildActionRunner.java:49)
	at org.gradle.launcher.exec.BuildOutcomeReportingBuildActionRunner.run(BuildOutcomeReportingBuildActionRunner.java:65)
	at org.gradle.tooling.internal.provider.FileSystemWatchingBuildActionRunner.run(FileSystemWatchingBuildActionRunner.java:140)
	at org.gradle.launcher.exec.BuildCompletionNotifyingBuildActionRunner.run(BuildCompletionNotifyingBuildActionRunner.java:41)
	at org.gradle.launcher.exec.RootBuildLifecycleBuildActionExecutor.lambda$execute$0(RootBuildLifecycleBuildActionExecutor.java:40)
	at org.gradle.composite.internal.DefaultRootBuildState.run(DefaultRootBuildState.java:123)
	at org.gradle.launcher.exec.RootBuildLifecycleBuildActionExecutor.execute(RootBuildLifecycleBuildActionExecutor.java:40)
	at org.gradle.internal.buildtree.InitDeprecationLoggingActionExecutor.execute(InitDeprecationLoggingActionExecutor.java:62)
	at org.gradle.internal.buildtree.InitProblems.execute(InitProblems.java:38)
	at org.gradle.internal.buildtree.DefaultBuildTreeContext.execute(DefaultBuildTreeContext.java:40)
	at org.gradle.launcher.exec.BuildTreeLifecycleBuildActionExecutor.lambda$execute$0(BuildTreeLifecycleBuildActionExecutor.java:58)
	at org.gradle.internal.buildtree.BuildTreeState.run(BuildTreeState.java:58)
	at org.gradle.launcher.exec.BuildTreeLifecycleBuildActionExecutor.execute(BuildTreeLifecycleBuildActionExecutor.java:58)
	at org.gradle.launcher.exec.RunAsBuildOperationBuildActionExecutor$3.call(RunAsBuildOperationBuildActionExecutor.java:61)
	at org.gradle.launcher.exec.RunAsBuildOperationBuildActionExecutor$3.call(RunAsBuildOperationBuildActionExecutor.java:57)
	at org.gradle.internal.operations.DefaultBuildOperationRunner$CallableBuildOperationWorker.execute(DefaultBuildOperationRunner.java:204)
	at org.gradle.internal.operations.DefaultBuildOperationRunner$CallableBuildOperationWorker.execute(DefaultBuildOperationRunner.java:199)
	at org.gradle.internal.operations.DefaultBuildOperationRunner$2.execute(DefaultBuildOperationRunner.java:66)
	at org.gradle.internal.operations.DefaultBuildOperationRunner$2.execute(DefaultBuildOperationRunner.java:59)
	at org.gradle.internal.operations.DefaultBuildOperationRunner.execute(DefaultBuildOperationRunner.java:157)
	at org.gradle.internal.operations.DefaultBuildOperationRunner.execute(DefaultBuildOperationRunner.java:59)
	at org.gradle.internal.operations.DefaultBuildOperationRunner.call(DefaultBuildOperationRunner.java:53)
	at org.gradle.internal.operations.DefaultBuildOperationExecutor.call(DefaultBuildOperationExecutor.java:73)
	at org.gradle.launcher.exec.RunAsBuildOperationBuildActionExecutor.execute(RunAsBuildOperationBuildActionExecutor.java:57)
	at org.gradle.launcher.exec.RunAsWorkerThreadBuildActionExecutor.lambda$execute$0(RunAsWorkerThreadBuildActionExecutor.java:36)
	at org.gradle.internal.work.DefaultWorkerLeaseService.withLocks(DefaultWorkerLeaseService.java:264)
	at org.gradle.internal.work.DefaultWorkerLeaseService.runAsWorkerThread(DefaultWorkerLeaseService.java:128)
	at org.gradle.launcher.exec.RunAsWorkerThreadBuildActionExecutor.execute(RunAsWorkerThreadBuildActionExecutor.java:36)
	at org.gradle.tooling.internal.provider.continuous.ContinuousBuildActionExecutor.execute(ContinuousBuildActionExecutor.java:110)
	at org.gradle.tooling.internal.provider.SubscribableBuildActionExecutor.execute(SubscribableBuildActionExecutor.java:64)
	at org.gradle.internal.session.DefaultBuildSessionContext.execute(DefaultBuildSessionContext.java:46)
	at org.gradle.tooling.internal.provider.BuildSessionLifecycleBuildActionExecuter$ActionImpl.apply(BuildSessionLifecycleBuildActionExecuter.java:92)
	at org.gradle.tooling.internal.provider.BuildSessionLifecycleBuildActionExecuter$ActionImpl.apply(BuildSessionLifecycleBuildActionExecuter.java:80)
	at org.gradle.internal.session.BuildSessionState.run(BuildSessionState.java:69)
	at org.gradle.tooling.internal.provider.BuildSessionLifecycleBuildActionExecuter.execute(BuildSessionLifecycleBuildActionExecuter.java:62)
	at org.gradle.tooling.internal.provider.BuildSessionLifecycleBuildActionExecuter.execute(BuildSessionLifecycleBuildActionExecuter.java:41)
	at org.gradle.tooling.internal.provider.StartParamsValidatingActionExecuter.execute(StartParamsValidatingActionExecuter.java:64)
	at org.gradle.tooling.internal.provider.StartParamsValidatingActionExecuter.execute(StartParamsValidatingActionExecuter.java:32)
	at org.gradle.tooling.internal.provider.SessionFailureReportingActionExecuter.execute(SessionFailureReportingActionExecuter.java:51)
	at org.gradle.tooling.internal.provider.SessionFailureReportingActionExecuter.execute(SessionFailureReportingActionExecuter.java:39)
	at org.gradle.tooling.internal.provider.SetupLoggingActionExecuter.execute(SetupLoggingActionExecuter.java:47)
	at org.gradle.tooling.internal.provider.SetupLoggingActionExecuter.execute(SetupLoggingActionExecuter.java:31)
	at org.gradle.launcher.daemon.server.exec.ExecuteBuild.doBuild(ExecuteBuild.java:65)
	at org.gradle.launcher.daemon.server.exec.BuildCommandOnly.execute(BuildCommandOnly.java:37)
	at org.gradle.launcher.daemon.server.api.DaemonCommandExecution.proceed(DaemonCommandExecution.java:104)
	at org.gradle.launcher.daemon.server.exec.WatchForDisconnection.execute(WatchForDisconnection.java:39)
	at org.gradle.launcher.daemon.server.api.DaemonCommandExecution.proceed(DaemonCommandExecution.java:104)
	at org.gradle.launcher.daemon.server.exec.ResetDeprecationLogger.execute(ResetDeprecationLogger.java:29)
	at org.gradle.launcher.daemon.server.api.DaemonCommandExecution.proceed(DaemonCommandExecution.java:104)
	at org.gradle.launcher.daemon.server.exec.RequestStopIfSingleUsedDaemon.execute(RequestStopIfSingleUsedDaemon.java:35)
	at org.gradle.launcher.daemon.server.api.DaemonCommandExecution.proceed(DaemonCommandExecution.java:104)
	at org.gradle.launcher.daemon.server.exec.ForwardClientInput$2.create(ForwardClientInput.java:78)
	at org.gradle.launcher.daemon.server.exec.ForwardClientInput$2.create(ForwardClientInput.java:75)
	at org.gradle.util.internal.Swapper.swap(Swapper.java:38)
	at org.gradle.launcher.daemon.server.exec.ForwardClientInput.execute(ForwardClientInput.java:75)
	at org.gradle.launcher.daemon.server.api.DaemonCommandExecution.proceed(DaemonCommandExecution.java:104)
	at org.gradle.launcher.daemon.server.exec.LogAndCheckHealth.execute(LogAndCheckHealth.java:64)
	at org.gradle.launcher.daemon.server.api.DaemonCommandExecution.proceed(DaemonCommandExecution.java:104)
	at org.gradle.launcher.daemon.server.exec.LogToClient.doBuild(LogToClient.java:63)
	at org.gradle.launcher.daemon.server.exec.BuildCommandOnly.execute(BuildCommandOnly.java:37)
	at org.gradle.launcher.daemon.server.api.DaemonCommandExecution.proceed(DaemonCommandExecution.java:104)
	at org.gradle.launcher.daemon.server.exec.EstablishBuildEnvironment.doBuild(EstablishBuildEnvironment.java:84)
	at org.gradle.launcher.daemon.server.exec.BuildCommandOnly.execute(BuildCommandOnly.java:37)
	at org.gradle.launcher.daemon.server.api.DaemonCommandExecution.proceed(DaemonCommandExecution.java:104)
	at org.gradle.launcher.daemon.server.exec.StartBuildOrRespondWithBusy$1.run(StartBuildOrRespondWithBusy.java:52)
	at org.gradle.launcher.daemon.server.DaemonStateCoordinator$1.run(DaemonStateCoordinator.java:297)
	at org.gradle.internal.concurrent.ExecutorPolicy$CatchAndRecordFailures.onExecute(ExecutorPolicy.java:64)
	at org.gradle.internal.concurrent.AbstractManagedExecutor$1.run(AbstractManagedExecutor.java:47)
	at java.base/java.util.concurrent.ThreadPoolExecutor.runWorker(ThreadPoolExecutor.java:1136)
	at java.base/java.util.concurrent.ThreadPoolExecutor$Worker.run(ThreadPoolExecutor.java:635)
	at java.base/java.lang.Thread.run(Thread.java:840)
[gradle-intellij-plugin :] Cannot create plugin from file '/opt/android-studio/plugins/vcs-gitlab': Invalid plugin descriptor 'plugin.xml'. Unable to read the plugin descriptor: No enum constant com.jetbrains.plugin.structure.intellij.plugin.IdePluginContentDescriptor.ServiceType.APPLİCATİON.
Unable to read descriptor [plugin.xml] from [/opt/android-studio/plugins/vcs-hg/lib/vcs-hg.jar]
java.lang.IllegalArgumentException: No enum constant com.jetbrains.plugin.structure.intellij.plugin.IdePluginContentDescriptor.ServiceType.APPLİCATİON
	at java.base/java.lang.Enum.valueOf(Enum.java:273)
	at com.jetbrains.plugin.structure.intellij.plugin.IdePluginContentDescriptor$ServiceType.valueOf(IdePluginContents.kt)
	at com.jetbrains.plugin.structure.intellij.plugin.PluginCreator.readServiceDescriptor(PluginCreator.kt:406)
	at com.jetbrains.plugin.structure.intellij.plugin.PluginCreator.readExtensions(PluginCreator.kt:341)
	at com.jetbrains.plugin.structure.intellij.plugin.PluginCreator.setInfoFromBean(PluginCreator.kt:320)
	at com.jetbrains.plugin.structure.intellij.plugin.PluginCreator.resolveDocumentAndValidateBean(PluginCreator.kt:664)
	at com.jetbrains.plugin.structure.intellij.plugin.PluginCreator.access$resolveDocumentAndValidateBean(PluginCreator.kt:31)
	at com.jetbrains.plugin.structure.intellij.plugin.PluginCreator$Companion.createPlugin(PluginCreator.kt:109)
	at com.jetbrains.plugin.structure.intellij.plugin.IdePluginManager.loadPluginInfoFromJarFile(IdePluginManager.kt:62)
	at com.jetbrains.plugin.structure.intellij.plugin.IdePluginManager.loadPluginInfoFromLibDirectory(IdePluginManager.kt:165)
	at com.jetbrains.plugin.structure.intellij.plugin.IdePluginManager.loadPluginInfoFromDirectory(IdePluginManager.kt:97)
	at com.jetbrains.plugin.structure.intellij.plugin.IdePluginManager.loadPluginInfoFromJarOrDirectory(IdePluginManager.kt:206)
	at com.jetbrains.plugin.structure.intellij.plugin.IdePluginManager.getPluginCreatorWithResult(IdePluginManager.kt:347)
	at com.jetbrains.plugin.structure.intellij.plugin.IdePluginManager.createPlugin(IdePluginManager.kt:314)
	at com.jetbrains.plugin.structure.intellij.plugin.IdePluginManager.createPlugin$default(IdePluginManager.kt:312)
	at org.jetbrains.intellij.Utils.createPlugin(utils.kt:222)
	at org.jetbrains.intellij.dependency.BuiltinPluginsRegistry.add(BuiltinPluginsRegistry.kt:89)
	at org.jetbrains.intellij.dependency.BuiltinPluginsRegistry.fillFromDirectory(BuiltinPluginsRegistry.kt:47)
	at org.jetbrains.intellij.dependency.BuiltinPluginsRegistry.access$fillFromDirectory(BuiltinPluginsRegistry.kt:21)
	at org.jetbrains.intellij.dependency.BuiltinPluginsRegistry$Companion.fromDirectory(BuiltinPluginsRegistry.kt:127)
	at org.jetbrains.intellij.dependency.IdeaDependencyManager.createDependency(IdeaDependencyManager.kt:92)
	at org.jetbrains.intellij.dependency.IdeaDependencyManager.resolveLocal(IdeaDependencyManager.kt:430)
	at org.jetbrains.intellij.IntelliJPlugin$prepareIdeaDependencyProvider$1.call(IntelliJPlugin.kt:299)
	at org.jetbrains.intellij.IntelliJPlugin$prepareIdeaDependencyProvider$1.call(IntelliJPlugin.kt:266)
	at org.gradle.api.internal.provider.DefaultProvider.calculateOwnValue(DefaultProvider.java:72)
	at org.gradle.api.internal.provider.AbstractMinimalProvider.calculateValue(AbstractMinimalProvider.java:115)
	at org.gradle.api.internal.provider.TransformBackedProvider.calculateOwnValue(TransformBackedProvider.java:82)
	at org.gradle.api.internal.provider.AbstractMinimalProvider.calculateValue(AbstractMinimalProvider.java:115)
	at org.gradle.api.internal.provider.AbstractMinimalProvider.withFinalValue(AbstractMinimalProvider.java:168)
	at org.gradle.api.internal.provider.DefaultProperty.finalValue(DefaultProperty.java:133)
	at org.gradle.api.internal.provider.DefaultProperty.finalValue(DefaultProperty.java:26)
	at org.gradle.api.internal.provider.AbstractProperty.finalizeNow(AbstractProperty.java:245)
	at org.gradle.api.internal.provider.AbstractProperty.beforeRead(AbstractProperty.java:239)
	at org.gradle.api.internal.provider.AbstractProperty.calculateOwnValue(AbstractProperty.java:135)
	at org.gradle.api.internal.provider.AbstractMinimalProvider.calculateValue(AbstractMinimalProvider.java:115)
	at org.gradle.api.internal.provider.TransformBackedProvider.calculateOwnValue(TransformBackedProvider.java:82)
	at org.gradle.api.internal.provider.AbstractMinimalProvider.calculateValue(AbstractMinimalProvider.java:115)
	at org.gradle.api.internal.provider.TransformBackedProvider.calculateOwnValue(TransformBackedProvider.java:82)
	at org.gradle.api.internal.provider.AbstractMinimalProvider.calculateValue(AbstractMinimalProvider.java:115)
	at org.gradle.api.internal.provider.DefaultProperty.calculateValueFrom(DefaultProperty.java:128)
	at org.gradle.api.internal.provider.DefaultProperty.calculateValueFrom(DefaultProperty.java:26)
	at org.gradle.api.internal.provider.AbstractProperty.doCalculateValue(AbstractProperty.java:142)
	at org.gradle.api.internal.provider.AbstractProperty.calculateOwnValue(AbstractProperty.java:136)
	at org.gradle.api.internal.provider.AbstractMinimalProvider.getOrNull(AbstractMinimalProvider.java:105)
	at org.jetbrains.intellij.IntelliJPlugin$prepareConventionMappingsForRunIdeTask$8.call(IntelliJPlugin.kt:963)
	at org.jetbrains.intellij.IntelliJPlugin$prepareConventionMappingsForRunIdeTask$8.call(IntelliJPlugin.kt:958)
	at org.gradle.api.internal.provider.DefaultProvider.calculateOwnValue(DefaultProvider.java:72)
	at org.gradle.api.internal.provider.AbstractMinimalProvider.calculateValue(AbstractMinimalProvider.java:115)
	at org.gradle.api.internal.provider.TransformBackedProvider.calculateOwnValue(TransformBackedProvider.java:82)
	at org.gradle.api.internal.provider.AbstractMinimalProvider.calculateValue(AbstractMinimalProvider.java:115)
	at org.gradle.api.internal.provider.DefaultProperty.calculateValueFrom(DefaultProperty.java:128)
	at org.gradle.api.internal.provider.DefaultProperty.calculateValueFrom(DefaultProperty.java:26)
	at org.gradle.api.internal.provider.AbstractProperty.doCalculateValue(AbstractProperty.java:142)
	at org.gradle.api.internal.provider.AbstractProperty.calculateOwnValue(AbstractProperty.java:136)
	at org.gradle.api.internal.provider.AbstractMinimalProvider.calculateOwnPresentValue(AbstractMinimalProvider.java:80)
	at org.gradle.api.internal.provider.AbstractMinimalProvider.get(AbstractMinimalProvider.java:100)
	at org.jetbrains.intellij.tasks.RunIdeBase.getExecutable(RunIdeBase.kt:202)
	at org.jetbrains.intellij.tasks.BuildSearchableOptionsTask_Decorated.getExecutable(Unknown Source)
	at org.gradle.api.tasks.internal.JavaExecExecutableUtils.getExecutableOverrideToolchainSpec(JavaExecExecutableUtils.java:30)
	at org.gradle.api.tasks.JavaExec.lambda$new$0(JavaExec.java:144)
	at org.gradle.api.internal.provider.DefaultProvider.calculateOwnValue(DefaultProvider.java:72)
	at org.gradle.api.internal.provider.AbstractMinimalProvider.calculateValue(AbstractMinimalProvider.java:115)
	at org.gradle.api.internal.provider.FlatMapProvider.calculateOwnValue(FlatMapProvider.java:46)
	at org.gradle.api.internal.provider.AbstractMinimalProvider.calculateValue(AbstractMinimalProvider.java:115)
	at org.gradle.api.internal.provider.OrElseProvider.calculateOwnValue(OrElseProvider.java:76)
	at org.gradle.api.internal.provider.AbstractMinimalProvider.calculateValue(AbstractMinimalProvider.java:115)
	at org.gradle.api.internal.provider.TransformBackedProvider.calculateOwnValue(TransformBackedProvider.java:82)
	at org.gradle.api.internal.provider.AbstractMinimalProvider.calculateValue(AbstractMinimalProvider.java:115)
	at org.gradle.api.internal.provider.AbstractMinimalProvider.withFinalValue(AbstractMinimalProvider.java:168)
	at org.gradle.api.internal.provider.DefaultProperty.finalValue(DefaultProperty.java:133)
	at org.gradle.api.internal.provider.DefaultProperty.finalValue(DefaultProperty.java:26)
	at org.gradle.api.internal.provider.AbstractProperty.finalizeNow(AbstractProperty.java:245)
	at org.gradle.api.internal.provider.AbstractProperty.beforeRead(AbstractProperty.java:239)
	at org.gradle.api.internal.provider.AbstractProperty.calculateOwnValue(AbstractProperty.java:135)
	at org.gradle.api.internal.provider.AbstractMinimalProvider.getOrNull(AbstractMinimalProvider.java:105)
	at org.gradle.internal.properties.annotations.AbstractTypeMetadataWalker$InstanceTypeMetadataWalker.lambda$walkNestedProvider$0(AbstractTypeMetadataWalker.java:137)
	at org.gradle.internal.properties.annotations.AbstractTypeMetadataWalker$InstanceTypeMetadataWalker.walkNestedChild(AbstractTypeMetadataWalker.java:184)
	at org.gradle.internal.properties.annotations.AbstractTypeMetadataWalker$InstanceTypeMetadataWalker.walkNestedProvider(AbstractTypeMetadataWalker.java:136)
	at org.gradle.internal.properties.annotations.AbstractTypeMetadataWalker$InstanceTypeMetadataWalker.walkNestedProvider(AbstractTypeMetadataWalker.java:118)
	at org.gradle.internal.properties.annotations.AbstractTypeMetadataWalker.walkNested(AbstractTypeMetadataWalker.java:60)
	at org.gradle.internal.properties.annotations.AbstractTypeMetadataWalker.lambda$walkChildren$3(AbstractTypeMetadataWalker.java:85)
	at org.gradle.internal.properties.annotations.AbstractTypeMetadataWalker$InstanceTypeMetadataWalker.walkNestedChild(AbstractTypeMetadataWalker.java:190)
	at org.gradle.internal.properties.annotations.AbstractTypeMetadataWalker$InstanceTypeMetadataWalker.walkNestedChild(AbstractTypeMetadataWalker.java:171)
	at org.gradle.internal.properties.annotations.AbstractTypeMetadataWalker$InstanceTypeMetadataWalker.walkNestedChild(AbstractTypeMetadataWalker.java:118)
	at org.gradle.internal.properties.annotations.AbstractTypeMetadataWalker.lambda$walkChildren$4(AbstractTypeMetadataWalker.java:85)
	at java.base/java.lang.Iterable.forEach(Iterable.java:75)
	at org.gradle.internal.properties.annotations.AbstractTypeMetadataWalker.walkChildren(AbstractTypeMetadataWalker.java:83)
	at org.gradle.internal.properties.annotations.AbstractTypeMetadataWalker.walk(AbstractTypeMetadataWalker.java:53)
	at org.gradle.internal.properties.bean.DefaultPropertyWalker.visitProperties(DefaultPropertyWalker.java:65)
	at org.gradle.api.internal.tasks.TaskPropertyUtils.visitAnnotatedProperties(TaskPropertyUtils.java:58)
	at org.gradle.api.internal.tasks.TaskPropertyUtils.visitProperties(TaskPropertyUtils.java:45)
	at org.gradle.api.internal.tasks.TaskPropertyUtils.visitProperties(TaskPropertyUtils.java:35)
	at org.gradle.api.internal.tasks.DefaultTaskInputs.visitDependencies(DefaultTaskInputs.java:195)
	at org.gradle.api.internal.tasks.DefaultTaskDependency.visitDependencies(DefaultTaskDependency.java:112)
	at org.gradle.api.internal.tasks.CachingTaskDependencyResolveContext$TaskGraphImpl.getNodeValues(CachingTaskDependencyResolveContext.java:103)
	at org.gradle.internal.graph.CachingDirectedGraphWalker$GraphWithEmptyEdges.getNodeValues(CachingDirectedGraphWalker.java:213)
	at org.gradle.internal.graph.CachingDirectedGraphWalker.doSearch(CachingDirectedGraphWalker.java:121)
	at org.gradle.internal.graph.CachingDirectedGraphWalker.findValues(CachingDirectedGraphWalker.java:73)
	at org.gradle.api.internal.tasks.CachingTaskDependencyResolveContext.getDependencies(CachingTaskDependencyResolveContext.java:66)
	at org.gradle.execution.plan.TaskDependencyResolver.resolveDependenciesFor(TaskDependencyResolver.java:49)
	at org.gradle.execution.plan.LocalTaskNode.getDependencies(LocalTaskNode.java:148)
	at org.gradle.execution.plan.LocalTaskNode.resolveDependencies(LocalTaskNode.java:122)
	at org.gradle.execution.plan.DefaultExecutionPlan.discoverNodeRelationships(DefaultExecutionPlan.java:183)
	at org.gradle.execution.plan.DefaultExecutionPlan.doAddEntryNodes(DefaultExecutionPlan.java:155)
	at org.gradle.execution.plan.DefaultExecutionPlan.addEntryTasks(DefaultExecutionPlan.java:130)
	at org.gradle.execution.plan.DefaultExecutionPlan.addEntryTasks(DefaultExecutionPlan.java:122)
	at org.gradle.execution.TaskNameResolvingBuildTaskScheduler.scheduleRequestedTasks(TaskNameResolvingBuildTaskScheduler.java:54)
	at org.gradle.execution.DefaultTasksBuildTaskScheduler.scheduleRequestedTasks(DefaultTasksBuildTaskScheduler.java:72)
	at org.gradle.initialization.DefaultTaskExecutionPreparer.lambda$scheduleRequestedTasks$0(DefaultTaskExecutionPreparer.java:46)
	at org.gradle.internal.Factories$1.create(Factories.java:31)
	at org.gradle.internal.work.DefaultWorkerLeaseService.withReplacedLocks(DefaultWorkerLeaseService.java:360)
	at org.gradle.api.internal.project.DefaultProjectStateRegistry$DefaultBuildProjectRegistry.withMutableStateOfAllProjects(DefaultProjectStateRegistry.java:239)
	at org.gradle.api.internal.project.DefaultProjectStateRegistry$DefaultBuildProjectRegistry.withMutableStateOfAllProjects(DefaultProjectStateRegistry.java:232)
	at org.gradle.initialization.DefaultTaskExecutionPreparer.scheduleRequestedTasks(DefaultTaskExecutionPreparer.java:45)
	at org.gradle.initialization.VintageBuildModelController.lambda$scheduleRequestedTasks$0(VintageBuildModelController.java:76)
	at org.gradle.internal.model.StateTransitionController.lambda$inState$1(StateTransitionController.java:99)
	at org.gradle.internal.model.StateTransitionController.lambda$inState$2(StateTransitionController.java:114)
	at org.gradle.internal.work.DefaultSynchronizer.withLock(DefaultSynchronizer.java:44)
	at org.gradle.internal.model.StateTransitionController.inState(StateTransitionController.java:110)
	at org.gradle.internal.model.StateTransitionController.inState(StateTransitionController.java:98)
	at org.gradle.initialization.VintageBuildModelController.scheduleRequestedTasks(VintageBuildModelController.java:76)
	at org.gradle.internal.build.DefaultBuildLifecycleController$DefaultWorkGraphBuilder.addRequestedTasks(DefaultBuildLifecycleController.java:404)
	at org.gradle.internal.buildtree.DefaultBuildTreeWorkPreparer.lambda$scheduleRequestedTasks$0(DefaultBuildTreeWorkPreparer.java:41)
	at org.gradle.internal.build.DefaultBuildLifecycleController.lambda$populateWorkGraph$7(DefaultBuildLifecycleController.java:189)
	at org.gradle.internal.build.DefaultBuildWorkPreparer.populateWorkGraph(DefaultBuildWorkPreparer.java:42)
	at org.gradle.internal.build.BuildOperationFiringBuildWorkPreparer$PopulateWorkGraph.populateTaskGraph(BuildOperationFiringBuildWorkPreparer.java:106)
	at org.gradle.internal.build.BuildOperationFiringBuildWorkPreparer$PopulateWorkGraph.run(BuildOperationFiringBuildWorkPreparer.java:92)
	at org.gradle.internal.operations.DefaultBuildOperationRunner$1.execute(DefaultBuildOperationRunner.java:29)
	at org.gradle.internal.operations.DefaultBuildOperationRunner$1.execute(DefaultBuildOperationRunner.java:26)
	at org.gradle.internal.operations.DefaultBuildOperationRunner$2.execute(DefaultBuildOperationRunner.java:66)
	at org.gradle.internal.operations.DefaultBuildOperationRunner$2.execute(DefaultBuildOperationRunner.java:59)
	at org.gradle.internal.operations.DefaultBuildOperationRunner.execute(DefaultBuildOperationRunner.java:157)
	at org.gradle.internal.operations.DefaultBuildOperationRunner.execute(DefaultBuildOperationRunner.java:59)
	at org.gradle.internal.operations.DefaultBuildOperationRunner.run(DefaultBuildOperationRunner.java:47)
	at org.gradle.internal.operations.DefaultBuildOperationExecutor.run(DefaultBuildOperationExecutor.java:68)
	at org.gradle.internal.build.BuildOperationFiringBuildWorkPreparer.populateWorkGraph(BuildOperationFiringBuildWorkPreparer.java:67)
	at org.gradle.internal.build.DefaultBuildLifecycleController.lambda$populateWorkGraph$8(DefaultBuildLifecycleController.java:189)
	at org.gradle.internal.model.StateTransitionController.lambda$inState$1(StateTransitionController.java:99)
	at org.gradle.internal.model.StateTransitionController.lambda$inState$2(StateTransitionController.java:114)
	at org.gradle.internal.work.DefaultSynchronizer.withLock(DefaultSynchronizer.java:44)
	at org.gradle.internal.model.StateTransitionController.inState(StateTransitionController.java:110)
	at org.gradle.internal.model.StateTransitionController.inState(StateTransitionController.java:98)
	at org.gradle.internal.build.DefaultBuildLifecycleController.populateWorkGraph(DefaultBuildLifecycleController.java:189)
	at org.gradle.internal.build.DefaultBuildWorkGraphController$DefaultBuildWorkGraph.populateWorkGraph(DefaultBuildWorkGraphController.java:169)
	at org.gradle.composite.internal.DefaultBuildController.populateWorkGraph(DefaultBuildController.java:76)
	at org.gradle.composite.internal.DefaultIncludedBuildTaskGraph$DefaultBuildTreeWorkGraphBuilder.withWorkGraph(DefaultIncludedBuildTaskGraph.java:153)
	at org.gradle.internal.buildtree.DefaultBuildTreeWorkPreparer.lambda$scheduleRequestedTasks$1(DefaultBuildTreeWorkPreparer.java:41)
	at org.gradle.composite.internal.DefaultIncludedBuildTaskGraph$DefaultBuildTreeWorkGraph$1.run(DefaultIncludedBuildTaskGraph.java:209)
	at org.gradle.internal.operations.DefaultBuildOperationRunner$1.execute(DefaultBuildOperationRunner.java:29)
	at org.gradle.internal.operations.DefaultBuildOperationRunner$1.execute(DefaultBuildOperationRunner.java:26)
	at org.gradle.internal.operations.DefaultBuildOperationRunner$2.execute(DefaultBuildOperationRunner.java:66)
	at org.gradle.internal.operations.DefaultBuildOperationRunner$2.execute(DefaultBuildOperationRunner.java:59)
	at org.gradle.internal.operations.DefaultBuildOperationRunner.execute(DefaultBuildOperationRunner.java:157)
	at org.gradle.internal.operations.DefaultBuildOperationRunner.execute(DefaultBuildOperationRunner.java:59)
	at org.gradle.internal.operations.DefaultBuildOperationRunner.run(DefaultBuildOperationRunner.java:47)
	at org.gradle.internal.operations.DefaultBuildOperationExecutor.run(DefaultBuildOperationExecutor.java:68)
	at org.gradle.composite.internal.DefaultIncludedBuildTaskGraph$DefaultBuildTreeWorkGraph.scheduleWork(DefaultIncludedBuildTaskGraph.java:204)
	at org.gradle.internal.buildtree.DefaultBuildTreeWorkPreparer.scheduleRequestedTasks(DefaultBuildTreeWorkPreparer.java:37)
	at org.gradle.configurationcache.VintageBuildTreeWorkController$scheduleAndRunRequestedTasks$1.apply(VintageBuildTreeWorkController.kt:36)
	at org.gradle.configurationcache.VintageBuildTreeWorkController$scheduleAndRunRequestedTasks$1.apply(VintageBuildTreeWorkController.kt:35)
	at org.gradle.composite.internal.DefaultIncludedBuildTaskGraph.withNewWorkGraph(DefaultIncludedBuildTaskGraph.java:112)
	at org.gradle.configurationcache.VintageBuildTreeWorkController.scheduleAndRunRequestedTasks(VintageBuildTreeWorkController.kt:35)
	at org.gradle.internal.buildtree.DefaultBuildTreeLifecycleController.lambda$scheduleAndRunTasks$1(DefaultBuildTreeLifecycleController.java:76)
	at org.gradle.internal.buildtree.DefaultBuildTreeLifecycleController.lambda$runBuild$4(DefaultBuildTreeLifecycleController.java:119)
	at org.gradle.internal.model.StateTransitionController.lambda$transition$6(StateTransitionController.java:169)
	at org.gradle.internal.model.StateTransitionController.doTransition(StateTransitionController.java:266)
	at org.gradle.internal.model.StateTransitionController.lambda$transition$7(StateTransitionController.java:169)
	at org.gradle.internal.work.DefaultSynchronizer.withLock(DefaultSynchronizer.java:44)
	at org.gradle.internal.model.StateTransitionController.transition(StateTransitionController.java:169)
	at org.gradle.internal.buildtree.DefaultBuildTreeLifecycleController.runBuild(DefaultBuildTreeLifecycleController.java:116)
	at org.gradle.internal.buildtree.DefaultBuildTreeLifecycleController.scheduleAndRunTasks(DefaultBuildTreeLifecycleController.java:76)
	at org.gradle.internal.buildtree.DefaultBuildTreeLifecycleController.scheduleAndRunTasks(DefaultBuildTreeLifecycleController.java:71)
	at org.gradle.tooling.internal.provider.ExecuteBuildActionRunner.run(ExecuteBuildActionRunner.java:31)
	at org.gradle.launcher.exec.ChainingBuildActionRunner.run(ChainingBuildActionRunner.java:35)
	at org.gradle.internal.buildtree.ProblemReportingBuildActionRunner.run(ProblemReportingBuildActionRunner.java:49)
	at org.gradle.launcher.exec.BuildOutcomeReportingBuildActionRunner.run(BuildOutcomeReportingBuildActionRunner.java:65)
	at org.gradle.tooling.internal.provider.FileSystemWatchingBuildActionRunner.run(FileSystemWatchingBuildActionRunner.java:140)
	at org.gradle.launcher.exec.BuildCompletionNotifyingBuildActionRunner.run(BuildCompletionNotifyingBuildActionRunner.java:41)
	at org.gradle.launcher.exec.RootBuildLifecycleBuildActionExecutor.lambda$execute$0(RootBuildLifecycleBuildActionExecutor.java:40)
	at org.gradle.composite.internal.DefaultRootBuildState.run(DefaultRootBuildState.java:123)
	at org.gradle.launcher.exec.RootBuildLifecycleBuildActionExecutor.execute(RootBuildLifecycleBuildActionExecutor.java:40)
	at org.gradle.internal.buildtree.InitDeprecationLoggingActionExecutor.execute(InitDeprecationLoggingActionExecutor.java:62)
	at org.gradle.internal.buildtree.InitProblems.execute(InitProblems.java:38)
	at org.gradle.internal.buildtree.DefaultBuildTreeContext.execute(DefaultBuildTreeContext.java:40)
	at org.gradle.launcher.exec.BuildTreeLifecycleBuildActionExecutor.lambda$execute$0(BuildTreeLifecycleBuildActionExecutor.java:58)
	at org.gradle.internal.buildtree.BuildTreeState.run(BuildTreeState.java:58)
	at org.gradle.launcher.exec.BuildTreeLifecycleBuildActionExecutor.execute(BuildTreeLifecycleBuildActionExecutor.java:58)
	at org.gradle.launcher.exec.RunAsBuildOperationBuildActionExecutor$3.call(RunAsBuildOperationBuildActionExecutor.java:61)
	at org.gradle.launcher.exec.RunAsBuildOperationBuildActionExecutor$3.call(RunAsBuildOperationBuildActionExecutor.java:57)
	at org.gradle.internal.operations.DefaultBuildOperationRunner$CallableBuildOperationWorker.execute(DefaultBuildOperationRunner.java:204)
	at org.gradle.internal.operations.DefaultBuildOperationRunner$CallableBuildOperationWorker.execute(DefaultBuildOperationRunner.java:199)
	at org.gradle.internal.operations.DefaultBuildOperationRunner$2.execute(DefaultBuildOperationRunner.java:66)
	at org.gradle.internal.operations.DefaultBuildOperationRunner$2.execute(DefaultBuildOperationRunner.java:59)
	at org.gradle.internal.operations.DefaultBuildOperationRunner.execute(DefaultBuildOperationRunner.java:157)
	at org.gradle.internal.operations.DefaultBuildOperationRunner.execute(DefaultBuildOperationRunner.java:59)
	at org.gradle.internal.operations.DefaultBuildOperationRunner.call(DefaultBuildOperationRunner.java:53)
	at org.gradle.internal.operations.DefaultBuildOperationExecutor.call(DefaultBuildOperationExecutor.java:73)
	at org.gradle.launcher.exec.RunAsBuildOperationBuildActionExecutor.execute(RunAsBuildOperationBuildActionExecutor.java:57)
	at org.gradle.launcher.exec.RunAsWorkerThreadBuildActionExecutor.lambda$execute$0(RunAsWorkerThreadBuildActionExecutor.java:36)
	at org.gradle.internal.work.DefaultWorkerLeaseService.withLocks(DefaultWorkerLeaseService.java:264)
	at org.gradle.internal.work.DefaultWorkerLeaseService.runAsWorkerThread(DefaultWorkerLeaseService.java:128)
	at org.gradle.launcher.exec.RunAsWorkerThreadBuildActionExecutor.execute(RunAsWorkerThreadBuildActionExecutor.java:36)
	at org.gradle.tooling.internal.provider.continuous.ContinuousBuildActionExecutor.execute(ContinuousBuildActionExecutor.java:110)
	at org.gradle.tooling.internal.provider.SubscribableBuildActionExecutor.execute(SubscribableBuildActionExecutor.java:64)
	at org.gradle.internal.session.DefaultBuildSessionContext.execute(DefaultBuildSessionContext.java:46)
	at org.gradle.tooling.internal.provider.BuildSessionLifecycleBuildActionExecuter$ActionImpl.apply(BuildSessionLifecycleBuildActionExecuter.java:92)
	at org.gradle.tooling.internal.provider.BuildSessionLifecycleBuildActionExecuter$ActionImpl.apply(BuildSessionLifecycleBuildActionExecuter.java:80)
	at org.gradle.internal.session.BuildSessionState.run(BuildSessionState.java:69)
	at org.gradle.tooling.internal.provider.BuildSessionLifecycleBuildActionExecuter.execute(BuildSessionLifecycleBuildActionExecuter.java:62)
	at org.gradle.tooling.internal.provider.BuildSessionLifecycleBuildActionExecuter.execute(BuildSessionLifecycleBuildActionExecuter.java:41)
	at org.gradle.tooling.internal.provider.StartParamsValidatingActionExecuter.execute(StartParamsValidatingActionExecuter.java:64)
	at org.gradle.tooling.internal.provider.StartParamsValidatingActionExecuter.execute(StartParamsValidatingActionExecuter.java:32)
	at org.gradle.tooling.internal.provider.SessionFailureReportingActionExecuter.execute(SessionFailureReportingActionExecuter.java:51)
	at org.gradle.tooling.internal.provider.SessionFailureReportingActionExecuter.execute(SessionFailureReportingActionExecuter.java:39)
	at org.gradle.tooling.internal.provider.SetupLoggingActionExecuter.execute(SetupLoggingActionExecuter.java:47)
	at org.gradle.tooling.internal.provider.SetupLoggingActionExecuter.execute(SetupLoggingActionExecuter.java:31)
	at org.gradle.launcher.daemon.server.exec.ExecuteBuild.doBuild(ExecuteBuild.java:65)
	at org.gradle.launcher.daemon.server.exec.BuildCommandOnly.execute(BuildCommandOnly.java:37)
	at org.gradle.launcher.daemon.server.api.DaemonCommandExecution.proceed(DaemonCommandExecution.java:104)
	at org.gradle.launcher.daemon.server.exec.WatchForDisconnection.execute(WatchForDisconnection.java:39)
	at org.gradle.launcher.daemon.server.api.DaemonCommandExecution.proceed(DaemonCommandExecution.java:104)
	at org.gradle.launcher.daemon.server.exec.ResetDeprecationLogger.execute(ResetDeprecationLogger.java:29)
	at org.gradle.launcher.daemon.server.api.DaemonCommandExecution.proceed(DaemonCommandExecution.java:104)
	at org.gradle.launcher.daemon.server.exec.RequestStopIfSingleUsedDaemon.execute(RequestStopIfSingleUsedDaemon.java:35)
	at org.gradle.launcher.daemon.server.api.DaemonCommandExecution.proceed(DaemonCommandExecution.java:104)
	at org.gradle.launcher.daemon.server.exec.ForwardClientInput$2.create(ForwardClientInput.java:78)
	at org.gradle.launcher.daemon.server.exec.ForwardClientInput$2.create(ForwardClientInput.java:75)
	at org.gradle.util.internal.Swapper.swap(Swapper.java:38)
	at org.gradle.launcher.daemon.server.exec.ForwardClientInput.execute(ForwardClientInput.java:75)
	at org.gradle.launcher.daemon.server.api.DaemonCommandExecution.proceed(DaemonCommandExecution.java:104)
	at org.gradle.launcher.daemon.server.exec.LogAndCheckHealth.execute(LogAndCheckHealth.java:64)
	at org.gradle.launcher.daemon.server.api.DaemonCommandExecution.proceed(DaemonCommandExecution.java:104)
	at org.gradle.launcher.daemon.server.exec.LogToClient.doBuild(LogToClient.java:63)
	at org.gradle.launcher.daemon.server.exec.BuildCommandOnly.execute(BuildCommandOnly.java:37)
	at org.gradle.launcher.daemon.server.api.DaemonCommandExecution.proceed(DaemonCommandExecution.java:104)
	at org.gradle.launcher.daemon.server.exec.EstablishBuildEnvironment.doBuild(EstablishBuildEnvironment.java:84)
	at org.gradle.launcher.daemon.server.exec.BuildCommandOnly.execute(BuildCommandOnly.java:37)
	at org.gradle.launcher.daemon.server.api.DaemonCommandExecution.proceed(DaemonCommandExecution.java:104)
	at org.gradle.launcher.daemon.server.exec.StartBuildOrRespondWithBusy$1.run(StartBuildOrRespondWithBusy.java:52)
	at org.gradle.launcher.daemon.server.DaemonStateCoordinator$1.run(DaemonStateCoordinator.java:297)
	at org.gradle.internal.concurrent.ExecutorPolicy$CatchAndRecordFailures.onExecute(ExecutorPolicy.java:64)
	at org.gradle.internal.concurrent.AbstractManagedExecutor$1.run(AbstractManagedExecutor.java:47)
	at java.base/java.util.concurrent.ThreadPoolExecutor.runWorker(ThreadPoolExecutor.java:1136)
	at java.base/java.util.concurrent.ThreadPoolExecutor$Worker.run(ThreadPoolExecutor.java:635)
	at java.base/java.lang.Thread.run(Thread.java:840)
[gradle-intellij-plugin :] Cannot create plugin from file '/opt/android-studio/plugins/vcs-hg': Invalid plugin descriptor 'plugin.xml'. Unable to read the plugin descriptor: No enum constant com.jetbrains.plugin.structure.intellij.plugin.IdePluginContentDescriptor.ServiceType.APPLİCATİON.
Unable to read descriptor [plugin.xml] from [/opt/android-studio/plugins/vcs-svn/lib/vcs-svn.jar]
java.lang.IllegalArgumentException: No enum constant com.jetbrains.plugin.structure.intellij.plugin.IdePluginContentDescriptor.ServiceType.APPLİCATİON
	at java.base/java.lang.Enum.valueOf(Enum.java:273)
	at com.jetbrains.plugin.structure.intellij.plugin.IdePluginContentDescriptor$ServiceType.valueOf(IdePluginContents.kt)
	at com.jetbrains.plugin.structure.intellij.plugin.PluginCreator.readServiceDescriptor(PluginCreator.kt:406)
	at com.jetbrains.plugin.structure.intellij.plugin.PluginCreator.readExtensions(PluginCreator.kt:341)
	at com.jetbrains.plugin.structure.intellij.plugin.PluginCreator.setInfoFromBean(PluginCreator.kt:320)
	at com.jetbrains.plugin.structure.intellij.plugin.PluginCreator.resolveDocumentAndValidateBean(PluginCreator.kt:664)
	at com.jetbrains.plugin.structure.intellij.plugin.PluginCreator.access$resolveDocumentAndValidateBean(PluginCreator.kt:31)
	at com.jetbrains.plugin.structure.intellij.plugin.PluginCreator$Companion.createPlugin(PluginCreator.kt:109)
	at com.jetbrains.plugin.structure.intellij.plugin.IdePluginManager.loadPluginInfoFromJarFile(IdePluginManager.kt:62)
	at com.jetbrains.plugin.structure.intellij.plugin.IdePluginManager.loadPluginInfoFromLibDirectory(IdePluginManager.kt:165)
	at com.jetbrains.plugin.structure.intellij.plugin.IdePluginManager.loadPluginInfoFromDirectory(IdePluginManager.kt:97)
	at com.jetbrains.plugin.structure.intellij.plugin.IdePluginManager.loadPluginInfoFromJarOrDirectory(IdePluginManager.kt:206)
	at com.jetbrains.plugin.structure.intellij.plugin.IdePluginManager.getPluginCreatorWithResult(IdePluginManager.kt:347)
	at com.jetbrains.plugin.structure.intellij.plugin.IdePluginManager.createPlugin(IdePluginManager.kt:314)
	at com.jetbrains.plugin.structure.intellij.plugin.IdePluginManager.createPlugin$default(IdePluginManager.kt:312)
	at org.jetbrains.intellij.Utils.createPlugin(utils.kt:222)
	at org.jetbrains.intellij.dependency.BuiltinPluginsRegistry.add(BuiltinPluginsRegistry.kt:89)
	at org.jetbrains.intellij.dependency.BuiltinPluginsRegistry.fillFromDirectory(BuiltinPluginsRegistry.kt:47)
	at org.jetbrains.intellij.dependency.BuiltinPluginsRegistry.access$fillFromDirectory(BuiltinPluginsRegistry.kt:21)
	at org.jetbrains.intellij.dependency.BuiltinPluginsRegistry$Companion.fromDirectory(BuiltinPluginsRegistry.kt:127)
	at org.jetbrains.intellij.dependency.IdeaDependencyManager.createDependency(IdeaDependencyManager.kt:92)
	at org.jetbrains.intellij.dependency.IdeaDependencyManager.resolveLocal(IdeaDependencyManager.kt:430)
	at org.jetbrains.intellij.IntelliJPlugin$prepareIdeaDependencyProvider$1.call(IntelliJPlugin.kt:299)
	at org.jetbrains.intellij.IntelliJPlugin$prepareIdeaDependencyProvider$1.call(IntelliJPlugin.kt:266)
	at org.gradle.api.internal.provider.DefaultProvider.calculateOwnValue(DefaultProvider.java:72)
	at org.gradle.api.internal.provider.AbstractMinimalProvider.calculateValue(AbstractMinimalProvider.java:115)
	at org.gradle.api.internal.provider.TransformBackedProvider.calculateOwnValue(TransformBackedProvider.java:82)
	at org.gradle.api.internal.provider.AbstractMinimalProvider.calculateValue(AbstractMinimalProvider.java:115)
	at org.gradle.api.internal.provider.AbstractMinimalProvider.withFinalValue(AbstractMinimalProvider.java:168)
	at org.gradle.api.internal.provider.DefaultProperty.finalValue(DefaultProperty.java:133)
	at org.gradle.api.internal.provider.DefaultProperty.finalValue(DefaultProperty.java:26)
	at org.gradle.api.internal.provider.AbstractProperty.finalizeNow(AbstractProperty.java:245)
	at org.gradle.api.internal.provider.AbstractProperty.beforeRead(AbstractProperty.java:239)
	at org.gradle.api.internal.provider.AbstractProperty.calculateOwnValue(AbstractProperty.java:135)
	at org.gradle.api.internal.provider.AbstractMinimalProvider.calculateValue(AbstractMinimalProvider.java:115)
	at org.gradle.api.internal.provider.TransformBackedProvider.calculateOwnValue(TransformBackedProvider.java:82)
	at org.gradle.api.internal.provider.AbstractMinimalProvider.calculateValue(AbstractMinimalProvider.java:115)
	at org.gradle.api.internal.provider.TransformBackedProvider.calculateOwnValue(TransformBackedProvider.java:82)
	at org.gradle.api.internal.provider.AbstractMinimalProvider.calculateValue(AbstractMinimalProvider.java:115)
	at org.gradle.api.internal.provider.DefaultProperty.calculateValueFrom(DefaultProperty.java:128)
	at org.gradle.api.internal.provider.DefaultProperty.calculateValueFrom(DefaultProperty.java:26)
	at org.gradle.api.internal.provider.AbstractProperty.doCalculateValue(AbstractProperty.java:142)
	at org.gradle.api.internal.provider.AbstractProperty.calculateOwnValue(AbstractProperty.java:136)
	at org.gradle.api.internal.provider.AbstractMinimalProvider.getOrNull(AbstractMinimalProvider.java:105)
	at org.jetbrains.intellij.IntelliJPlugin$prepareConventionMappingsForRunIdeTask$8.call(IntelliJPlugin.kt:963)
	at org.jetbrains.intellij.IntelliJPlugin$prepareConventionMappingsForRunIdeTask$8.call(IntelliJPlugin.kt:958)
	at org.gradle.api.internal.provider.DefaultProvider.calculateOwnValue(DefaultProvider.java:72)
	at org.gradle.api.internal.provider.AbstractMinimalProvider.calculateValue(AbstractMinimalProvider.java:115)
	at org.gradle.api.internal.provider.TransformBackedProvider.calculateOwnValue(TransformBackedProvider.java:82)
	at org.gradle.api.internal.provider.AbstractMinimalProvider.calculateValue(AbstractMinimalProvider.java:115)
	at org.gradle.api.internal.provider.DefaultProperty.calculateValueFrom(DefaultProperty.java:128)
	at org.gradle.api.internal.provider.DefaultProperty.calculateValueFrom(DefaultProperty.java:26)
	at org.gradle.api.internal.provider.AbstractProperty.doCalculateValue(AbstractProperty.java:142)
	at org.gradle.api.internal.provider.AbstractProperty.calculateOwnValue(AbstractProperty.java:136)
	at org.gradle.api.internal.provider.AbstractMinimalProvider.calculateOwnPresentValue(AbstractMinimalProvider.java:80)
	at org.gradle.api.internal.provider.AbstractMinimalProvider.get(AbstractMinimalProvider.java:100)
	at org.jetbrains.intellij.tasks.RunIdeBase.getExecutable(RunIdeBase.kt:202)
	at org.jetbrains.intellij.tasks.BuildSearchableOptionsTask_Decorated.getExecutable(Unknown Source)
	at org.gradle.api.tasks.internal.JavaExecExecutableUtils.getExecutableOverrideToolchainSpec(JavaExecExecutableUtils.java:30)
	at org.gradle.api.tasks.JavaExec.lambda$new$0(JavaExec.java:144)
	at org.gradle.api.internal.provider.DefaultProvider.calculateOwnValue(DefaultProvider.java:72)
	at org.gradle.api.internal.provider.AbstractMinimalProvider.calculateValue(AbstractMinimalProvider.java:115)
	at org.gradle.api.internal.provider.FlatMapProvider.calculateOwnValue(FlatMapProvider.java:46)
	at org.gradle.api.internal.provider.AbstractMinimalProvider.calculateValue(AbstractMinimalProvider.java:115)
	at org.gradle.api.internal.provider.OrElseProvider.calculateOwnValue(OrElseProvider.java:76)
	at org.gradle.api.internal.provider.AbstractMinimalProvider.calculateValue(AbstractMinimalProvider.java:115)
	at org.gradle.api.internal.provider.TransformBackedProvider.calculateOwnValue(TransformBackedProvider.java:82)
	at org.gradle.api.internal.provider.AbstractMinimalProvider.calculateValue(AbstractMinimalProvider.java:115)
	at org.gradle.api.internal.provider.AbstractMinimalProvider.withFinalValue(AbstractMinimalProvider.java:168)
	at org.gradle.api.internal.provider.DefaultProperty.finalValue(DefaultProperty.java:133)
	at org.gradle.api.internal.provider.DefaultProperty.finalValue(DefaultProperty.java:26)
	at org.gradle.api.internal.provider.AbstractProperty.finalizeNow(AbstractProperty.java:245)
	at org.gradle.api.internal.provider.AbstractProperty.beforeRead(AbstractProperty.java:239)
	at org.gradle.api.internal.provider.AbstractProperty.calculateOwnValue(AbstractProperty.java:135)
	at org.gradle.api.internal.provider.AbstractMinimalProvider.getOrNull(AbstractMinimalProvider.java:105)
	at org.gradle.internal.properties.annotations.AbstractTypeMetadataWalker$InstanceTypeMetadataWalker.lambda$walkNestedProvider$0(AbstractTypeMetadataWalker.java:137)
	at org.gradle.internal.properties.annotations.AbstractTypeMetadataWalker$InstanceTypeMetadataWalker.walkNestedChild(AbstractTypeMetadataWalker.java:184)
	at org.gradle.internal.properties.annotations.AbstractTypeMetadataWalker$InstanceTypeMetadataWalker.walkNestedProvider(AbstractTypeMetadataWalker.java:136)
	at org.gradle.internal.properties.annotations.AbstractTypeMetadataWalker$InstanceTypeMetadataWalker.walkNestedProvider(AbstractTypeMetadataWalker.java:118)
	at org.gradle.internal.properties.annotations.AbstractTypeMetadataWalker.walkNested(AbstractTypeMetadataWalker.java:60)
	at org.gradle.internal.properties.annotations.AbstractTypeMetadataWalker.lambda$walkChildren$3(AbstractTypeMetadataWalker.java:85)
	at org.gradle.internal.properties.annotations.AbstractTypeMetadataWalker$InstanceTypeMetadataWalker.walkNestedChild(AbstractTypeMetadataWalker.java:190)
	at org.gradle.internal.properties.annotations.AbstractTypeMetadataWalker$InstanceTypeMetadataWalker.walkNestedChild(AbstractTypeMetadataWalker.java:171)
	at org.gradle.internal.properties.annotations.AbstractTypeMetadataWalker$InstanceTypeMetadataWalker.walkNestedChild(AbstractTypeMetadataWalker.java:118)
	at org.gradle.internal.properties.annotations.AbstractTypeMetadataWalker.lambda$walkChildren$4(AbstractTypeMetadataWalker.java:85)
	at java.base/java.lang.Iterable.forEach(Iterable.java:75)
	at org.gradle.internal.properties.annotations.AbstractTypeMetadataWalker.walkChildren(AbstractTypeMetadataWalker.java:83)
	at org.gradle.internal.properties.annotations.AbstractTypeMetadataWalker.walk(AbstractTypeMetadataWalker.java:53)
	at org.gradle.internal.properties.bean.DefaultPropertyWalker.visitProperties(DefaultPropertyWalker.java:65)
	at org.gradle.api.internal.tasks.TaskPropertyUtils.visitAnnotatedProperties(TaskPropertyUtils.java:58)
	at org.gradle.api.internal.tasks.TaskPropertyUtils.visitProperties(TaskPropertyUtils.java:45)
	at org.gradle.api.internal.tasks.TaskPropertyUtils.visitProperties(TaskPropertyUtils.java:35)
	at org.gradle.api.internal.tasks.DefaultTaskInputs.visitDependencies(DefaultTaskInputs.java:195)
	at org.gradle.api.internal.tasks.DefaultTaskDependency.visitDependencies(DefaultTaskDependency.java:112)
	at org.gradle.api.internal.tasks.CachingTaskDependencyResolveContext$TaskGraphImpl.getNodeValues(CachingTaskDependencyResolveContext.java:103)
	at org.gradle.internal.graph.CachingDirectedGraphWalker$GraphWithEmptyEdges.getNodeValues(CachingDirectedGraphWalker.java:213)
	at org.gradle.internal.graph.CachingDirectedGraphWalker.doSearch(CachingDirectedGraphWalker.java:121)
	at org.gradle.internal.graph.CachingDirectedGraphWalker.findValues(CachingDirectedGraphWalker.java:73)
	at org.gradle.api.internal.tasks.CachingTaskDependencyResolveContext.getDependencies(CachingTaskDependencyResolveContext.java:66)
	at org.gradle.execution.plan.TaskDependencyResolver.resolveDependenciesFor(TaskDependencyResolver.java:49)
	at org.gradle.execution.plan.LocalTaskNode.getDependencies(LocalTaskNode.java:148)
	at org.gradle.execution.plan.LocalTaskNode.resolveDependencies(LocalTaskNode.java:122)
	at org.gradle.execution.plan.DefaultExecutionPlan.discoverNodeRelationships(DefaultExecutionPlan.java:183)
	at org.gradle.execution.plan.DefaultExecutionPlan.doAddEntryNodes(DefaultExecutionPlan.java:155)
	at org.gradle.execution.plan.DefaultExecutionPlan.addEntryTasks(DefaultExecutionPlan.java:130)
	at org.gradle.execution.plan.DefaultExecutionPlan.addEntryTasks(DefaultExecutionPlan.java:122)
	at org.gradle.execution.TaskNameResolvingBuildTaskScheduler.scheduleRequestedTasks(TaskNameResolvingBuildTaskScheduler.java:54)
	at org.gradle.execution.DefaultTasksBuildTaskScheduler.scheduleRequestedTasks(DefaultTasksBuildTaskScheduler.java:72)
	at org.gradle.initialization.DefaultTaskExecutionPreparer.lambda$scheduleRequestedTasks$0(DefaultTaskExecutionPreparer.java:46)
	at org.gradle.internal.Factories$1.create(Factories.java:31)
	at org.gradle.internal.work.DefaultWorkerLeaseService.withReplacedLocks(DefaultWorkerLeaseService.java:360)
	at org.gradle.api.internal.project.DefaultProjectStateRegistry$DefaultBuildProjectRegistry.withMutableStateOfAllProjects(DefaultProjectStateRegistry.java:239)
	at org.gradle.api.internal.project.DefaultProjectStateRegistry$DefaultBuildProjectRegistry.withMutableStateOfAllProjects(DefaultProjectStateRegistry.java:232)
	at org.gradle.initialization.DefaultTaskExecutionPreparer.scheduleRequestedTasks(DefaultTaskExecutionPreparer.java:45)
	at org.gradle.initialization.VintageBuildModelController.lambda$scheduleRequestedTasks$0(VintageBuildModelController.java:76)
	at org.gradle.internal.model.StateTransitionController.lambda$inState$1(StateTransitionController.java:99)
	at org.gradle.internal.model.StateTransitionController.lambda$inState$2(StateTransitionController.java:114)
	at org.gradle.internal.work.DefaultSynchronizer.withLock(DefaultSynchronizer.java:44)
	at org.gradle.internal.model.StateTransitionController.inState(StateTransitionController.java:110)
	at org.gradle.internal.model.StateTransitionController.inState(StateTransitionController.java:98)
	at org.gradle.initialization.VintageBuildModelController.scheduleRequestedTasks(VintageBuildModelController.java:76)
	at org.gradle.internal.build.DefaultBuildLifecycleController$DefaultWorkGraphBuilder.addRequestedTasks(DefaultBuildLifecycleController.java:404)
	at org.gradle.internal.buildtree.DefaultBuildTreeWorkPreparer.lambda$scheduleRequestedTasks$0(DefaultBuildTreeWorkPreparer.java:41)
	at org.gradle.internal.build.DefaultBuildLifecycleController.lambda$populateWorkGraph$7(DefaultBuildLifecycleController.java:189)
	at org.gradle.internal.build.DefaultBuildWorkPreparer.populateWorkGraph(DefaultBuildWorkPreparer.java:42)
	at org.gradle.internal.build.BuildOperationFiringBuildWorkPreparer$PopulateWorkGraph.populateTaskGraph(BuildOperationFiringBuildWorkPreparer.java:106)
	at org.gradle.internal.build.BuildOperationFiringBuildWorkPreparer$PopulateWorkGraph.run(BuildOperationFiringBuildWorkPreparer.java:92)
	at org.gradle.internal.operations.DefaultBuildOperationRunner$1.execute(DefaultBuildOperationRunner.java:29)
	at org.gradle.internal.operations.DefaultBuildOperationRunner$1.execute(DefaultBuildOperationRunner.java:26)
	at org.gradle.internal.operations.DefaultBuildOperationRunner$2.execute(DefaultBuildOperationRunner.java:66)
	at org.gradle.internal.operations.DefaultBuildOperationRunner$2.execute(DefaultBuildOperationRunner.java:59)
	at org.gradle.internal.operations.DefaultBuildOperationRunner.execute(DefaultBuildOperationRunner.java:157)
	at org.gradle.internal.operations.DefaultBuildOperationRunner.execute(DefaultBuildOperationRunner.java:59)
	at org.gradle.internal.operations.DefaultBuildOperationRunner.run(DefaultBuildOperationRunner.java:47)
	at org.gradle.internal.operations.DefaultBuildOperationExecutor.run(DefaultBuildOperationExecutor.java:68)
	at org.gradle.internal.build.BuildOperationFiringBuildWorkPreparer.populateWorkGraph(BuildOperationFiringBuildWorkPreparer.java:67)
	at org.gradle.internal.build.DefaultBuildLifecycleController.lambda$populateWorkGraph$8(DefaultBuildLifecycleController.java:189)
	at org.gradle.internal.model.StateTransitionController.lambda$inState$1(StateTransitionController.java:99)
	at org.gradle.internal.model.StateTransitionController.lambda$inState$2(StateTransitionController.java:114)
	at org.gradle.internal.work.DefaultSynchronizer.withLock(DefaultSynchronizer.java:44)
	at org.gradle.internal.model.StateTransitionController.inState(StateTransitionController.java:110)
	at org.gradle.internal.model.StateTransitionController.inState(StateTransitionController.java:98)
	at org.gradle.internal.build.DefaultBuildLifecycleController.populateWorkGraph(DefaultBuildLifecycleController.java:189)
	at org.gradle.internal.build.DefaultBuildWorkGraphController$DefaultBuildWorkGraph.populateWorkGraph(DefaultBuildWorkGraphController.java:169)
	at org.gradle.composite.internal.DefaultBuildController.populateWorkGraph(DefaultBuildController.java:76)
	at org.gradle.composite.internal.DefaultIncludedBuildTaskGraph$DefaultBuildTreeWorkGraphBuilder.withWorkGraph(DefaultIncludedBuildTaskGraph.java:153)
	at org.gradle.internal.buildtree.DefaultBuildTreeWorkPreparer.lambda$scheduleRequestedTasks$1(DefaultBuildTreeWorkPreparer.java:41)
	at org.gradle.composite.internal.DefaultIncludedBuildTaskGraph$DefaultBuildTreeWorkGraph$1.run(DefaultIncludedBuildTaskGraph.java:209)
	at org.gradle.internal.operations.DefaultBuildOperationRunner$1.execute(DefaultBuildOperationRunner.java:29)
	at org.gradle.internal.operations.DefaultBuildOperationRunner$1.execute(DefaultBuildOperationRunner.java:26)
	at org.gradle.internal.operations.DefaultBuildOperationRunner$2.execute(DefaultBuildOperationRunner.java:66)
	at org.gradle.internal.operations.DefaultBuildOperationRunner$2.execute(DefaultBuildOperationRunner.java:59)
	at org.gradle.internal.operations.DefaultBuildOperationRunner.execute(DefaultBuildOperationRunner.java:157)
	at org.gradle.internal.operations.DefaultBuildOperationRunner.execute(DefaultBuildOperationRunner.java:59)
	at org.gradle.internal.operations.DefaultBuildOperationRunner.run(DefaultBuildOperationRunner.java:47)
	at org.gradle.internal.operations.DefaultBuildOperationExecutor.run(DefaultBuildOperationExecutor.java:68)
	at org.gradle.composite.internal.DefaultIncludedBuildTaskGraph$DefaultBuildTreeWorkGraph.scheduleWork(DefaultIncludedBuildTaskGraph.java:204)
	at org.gradle.internal.buildtree.DefaultBuildTreeWorkPreparer.scheduleRequestedTasks(DefaultBuildTreeWorkPreparer.java:37)
	at org.gradle.configurationcache.VintageBuildTreeWorkController$scheduleAndRunRequestedTasks$1.apply(VintageBuildTreeWorkController.kt:36)
	at org.gradle.configurationcache.VintageBuildTreeWorkController$scheduleAndRunRequestedTasks$1.apply(VintageBuildTreeWorkController.kt:35)
	at org.gradle.composite.internal.DefaultIncludedBuildTaskGraph.withNewWorkGraph(DefaultIncludedBuildTaskGraph.java:112)
	at org.gradle.configurationcache.VintageBuildTreeWorkController.scheduleAndRunRequestedTasks(VintageBuildTreeWorkController.kt:35)
	at org.gradle.internal.buildtree.DefaultBuildTreeLifecycleController.lambda$scheduleAndRunTasks$1(DefaultBuildTreeLifecycleController.java:76)
	at org.gradle.internal.buildtree.DefaultBuildTreeLifecycleController.lambda$runBuild$4(DefaultBuildTreeLifecycleController.java:119)
	at org.gradle.internal.model.StateTransitionController.lambda$transition$6(StateTransitionController.java:169)
	at org.gradle.internal.model.StateTransitionController.doTransition(StateTransitionController.java:266)
	at org.gradle.internal.model.StateTransitionController.lambda$transition$7(StateTransitionController.java:169)
	at org.gradle.internal.work.DefaultSynchronizer.withLock(DefaultSynchronizer.java:44)
	at org.gradle.internal.model.StateTransitionController.transition(StateTransitionController.java:169)
	at org.gradle.internal.buildtree.DefaultBuildTreeLifecycleController.runBuild(DefaultBuildTreeLifecycleController.java:116)
	at org.gradle.internal.buildtree.DefaultBuildTreeLifecycleController.scheduleAndRunTasks(DefaultBuildTreeLifecycleController.java:76)
	at org.gradle.internal.buildtree.DefaultBuildTreeLifecycleController.scheduleAndRunTasks(DefaultBuildTreeLifecycleController.java:71)
	at org.gradle.tooling.internal.provider.ExecuteBuildActionRunner.run(ExecuteBuildActionRunner.java:31)
	at org.gradle.launcher.exec.ChainingBuildActionRunner.run(ChainingBuildActionRunner.java:35)
	at org.gradle.internal.buildtree.ProblemReportingBuildActionRunner.run(ProblemReportingBuildActionRunner.java:49)
	at org.gradle.launcher.exec.BuildOutcomeReportingBuildActionRunner.run(BuildOutcomeReportingBuildActionRunner.java:65)
	at org.gradle.tooling.internal.provider.FileSystemWatchingBuildActionRunner.run(FileSystemWatchingBuildActionRunner.java:140)
	at org.gradle.launcher.exec.BuildCompletionNotifyingBuildActionRunner.run(BuildCompletionNotifyingBuildActionRunner.java:41)
	at org.gradle.launcher.exec.RootBuildLifecycleBuildActionExecutor.lambda$execute$0(RootBuildLifecycleBuildActionExecutor.java:40)
	at org.gradle.composite.internal.DefaultRootBuildState.run(DefaultRootBuildState.java:123)
	at org.gradle.launcher.exec.RootBuildLifecycleBuildActionExecutor.execute(RootBuildLifecycleBuildActionExecutor.java:40)
	at org.gradle.internal.buildtree.InitDeprecationLoggingActionExecutor.execute(InitDeprecationLoggingActionExecutor.java:62)
	at org.gradle.internal.buildtree.InitProblems.execute(InitProblems.java:38)
	at org.gradle.internal.buildtree.DefaultBuildTreeContext.execute(DefaultBuildTreeContext.java:40)
	at org.gradle.launcher.exec.BuildTreeLifecycleBuildActionExecutor.lambda$execute$0(BuildTreeLifecycleBuildActionExecutor.java:58)
	at org.gradle.internal.buildtree.BuildTreeState.run(BuildTreeState.java:58)
	at org.gradle.launcher.exec.BuildTreeLifecycleBuildActionExecutor.execute(BuildTreeLifecycleBuildActionExecutor.java:58)
	at org.gradle.launcher.exec.RunAsBuildOperationBuildActionExecutor$3.call(RunAsBuildOperationBuildActionExecutor.java:61)
	at org.gradle.launcher.exec.RunAsBuildOperationBuildActionExecutor$3.call(RunAsBuildOperationBuildActionExecutor.java:57)
	at org.gradle.internal.operations.DefaultBuildOperationRunner$CallableBuildOperationWorker.execute(DefaultBuildOperationRunner.java:204)
	at org.gradle.internal.operations.DefaultBuildOperationRunner$CallableBuildOperationWorker.execute(DefaultBuildOperationRunner.java:199)
	at org.gradle.internal.operations.DefaultBuildOperationRunner$2.execute(DefaultBuildOperationRunner.java:66)
	at org.gradle.internal.operations.DefaultBuildOperationRunner$2.execute(DefaultBuildOperationRunner.java:59)
	at org.gradle.internal.operations.DefaultBuildOperationRunner.execute(DefaultBuildOperationRunner.java:157)
	at org.gradle.internal.operations.DefaultBuildOperationRunner.execute(DefaultBuildOperationRunner.java:59)
	at org.gradle.internal.operations.DefaultBuildOperationRunner.call(DefaultBuildOperationRunner.java:53)
	at org.gradle.internal.operations.DefaultBuildOperationExecutor.call(DefaultBuildOperationExecutor.java:73)
	at org.gradle.launcher.exec.RunAsBuildOperationBuildActionExecutor.execute(RunAsBuildOperationBuildActionExecutor.java:57)
	at org.gradle.launcher.exec.RunAsWorkerThreadBuildActionExecutor.lambda$execute$0(RunAsWorkerThreadBuildActionExecutor.java:36)
	at org.gradle.internal.work.DefaultWorkerLeaseService.withLocks(DefaultWorkerLeaseService.java:264)
	at org.gradle.internal.work.DefaultWorkerLeaseService.runAsWorkerThread(DefaultWorkerLeaseService.java:128)
	at org.gradle.launcher.exec.RunAsWorkerThreadBuildActionExecutor.execute(RunAsWorkerThreadBuildActionExecutor.java:36)
	at org.gradle.tooling.internal.provider.continuous.ContinuousBuildActionExecutor.execute(ContinuousBuildActionExecutor.java:110)
	at org.gradle.tooling.internal.provider.SubscribableBuildActionExecutor.execute(SubscribableBuildActionExecutor.java:64)
	at org.gradle.internal.session.DefaultBuildSessionContext.execute(DefaultBuildSessionContext.java:46)
	at org.gradle.tooling.internal.provider.BuildSessionLifecycleBuildActionExecuter$ActionImpl.apply(BuildSessionLifecycleBuildActionExecuter.java:92)
	at org.gradle.tooling.internal.provider.BuildSessionLifecycleBuildActionExecuter$ActionImpl.apply(BuildSessionLifecycleBuildActionExecuter.java:80)
	at org.gradle.internal.session.BuildSessionState.run(BuildSessionState.java:69)
	at org.gradle.tooling.internal.provider.BuildSessionLifecycleBuildActionExecuter.execute(BuildSessionLifecycleBuildActionExecuter.java:62)
	at org.gradle.tooling.internal.provider.BuildSessionLifecycleBuildActionExecuter.execute(BuildSessionLifecycleBuildActionExecuter.java:41)
	at org.gradle.tooling.internal.provider.StartParamsValidatingActionExecuter.execute(StartParamsValidatingActionExecuter.java:64)
	at org.gradle.tooling.internal.provider.StartParamsValidatingActionExecuter.execute(StartParamsValidatingActionExecuter.java:32)
	at org.gradle.tooling.internal.provider.SessionFailureReportingActionExecuter.execute(SessionFailureReportingActionExecuter.java:51)
	at org.gradle.tooling.internal.provider.SessionFailureReportingActionExecuter.execute(SessionFailureReportingActionExecuter.java:39)
	at org.gradle.tooling.internal.provider.SetupLoggingActionExecuter.execute(SetupLoggingActionExecuter.java:47)
	at org.gradle.tooling.internal.provider.SetupLoggingActionExecuter.execute(SetupLoggingActionExecuter.java:31)
	at org.gradle.launcher.daemon.server.exec.ExecuteBuild.doBuild(ExecuteBuild.java:65)
	at org.gradle.launcher.daemon.server.exec.BuildCommandOnly.execute(BuildCommandOnly.java:37)
	at org.gradle.launcher.daemon.server.api.DaemonCommandExecution.proceed(DaemonCommandExecution.java:104)
	at org.gradle.launcher.daemon.server.exec.WatchForDisconnection.execute(WatchForDisconnection.java:39)
	at org.gradle.launcher.daemon.server.api.DaemonCommandExecution.proceed(DaemonCommandExecution.java:104)
	at org.gradle.launcher.daemon.server.exec.ResetDeprecationLogger.execute(ResetDeprecationLogger.java:29)
	at org.gradle.launcher.daemon.server.api.DaemonCommandExecution.proceed(DaemonCommandExecution.java:104)
	at org.gradle.launcher.daemon.server.exec.RequestStopIfSingleUsedDaemon.execute(RequestStopIfSingleUsedDaemon.java:35)
	at org.gradle.launcher.daemon.server.api.DaemonCommandExecution.proceed(DaemonCommandExecution.java:104)
	at org.gradle.launcher.daemon.server.exec.ForwardClientInput$2.create(ForwardClientInput.java:78)
	at org.gradle.launcher.daemon.server.exec.ForwardClientInput$2.create(ForwardClientInput.java:75)
	at org.gradle.util.internal.Swapper.swap(Swapper.java:38)
	at org.gradle.launcher.daemon.server.exec.ForwardClientInput.execute(ForwardClientInput.java:75)
	at org.gradle.launcher.daemon.server.api.DaemonCommandExecution.proceed(DaemonCommandExecution.java:104)
	at org.gradle.launcher.daemon.server.exec.LogAndCheckHealth.execute(LogAndCheckHealth.java:64)
	at org.gradle.launcher.daemon.server.api.DaemonCommandExecution.proceed(DaemonCommandExecution.java:104)
	at org.gradle.launcher.daemon.server.exec.LogToClient.doBuild(LogToClient.java:63)
	at org.gradle.launcher.daemon.server.exec.BuildCommandOnly.execute(BuildCommandOnly.java:37)
	at org.gradle.launcher.daemon.server.api.DaemonCommandExecution.proceed(DaemonCommandExecution.java:104)
	at org.gradle.launcher.daemon.server.exec.EstablishBuildEnvironment.doBuild(EstablishBuildEnvironment.java:84)
	at org.gradle.launcher.daemon.server.exec.BuildCommandOnly.execute(BuildCommandOnly.java:37)
	at org.gradle.launcher.daemon.server.api.DaemonCommandExecution.proceed(DaemonCommandExecution.java:104)
	at org.gradle.launcher.daemon.server.exec.StartBuildOrRespondWithBusy$1.run(StartBuildOrRespondWithBusy.java:52)
	at org.gradle.launcher.daemon.server.DaemonStateCoordinator$1.run(DaemonStateCoordinator.java:297)
	at org.gradle.internal.concurrent.ExecutorPolicy$CatchAndRecordFailures.onExecute(ExecutorPolicy.java:64)
	at org.gradle.internal.concurrent.AbstractManagedExecutor$1.run(AbstractManagedExecutor.java:47)
	at java.base/java.util.concurrent.ThreadPoolExecutor.runWorker(ThreadPoolExecutor.java:1136)
	at java.base/java.util.concurrent.ThreadPoolExecutor$Worker.run(ThreadPoolExecutor.java:635)
	at java.base/java.lang.Thread.run(Thread.java:840)
[gradle-intellij-plugin :] Cannot create plugin from file '/opt/android-studio/plugins/vcs-svn': Invalid plugin descriptor 'plugin.xml'. Unable to read the plugin descriptor: No enum constant com.jetbrains.plugin.structure.intellij.plugin.IdePluginContentDescriptor.ServiceType.APPLİCATİON.
Unable to read descriptor [plugin.xml] from [/opt/android-studio/plugins/yaml/lib/yaml.jar]
java.lang.IllegalArgumentException: No enum constant com.jetbrains.plugin.structure.intellij.plugin.IdePluginContentDescriptor.ServiceType.APPLİCATİON
	at java.base/java.lang.Enum.valueOf(Enum.java:273)
	at com.jetbrains.plugin.structure.intellij.plugin.IdePluginContentDescriptor$ServiceType.valueOf(IdePluginContents.kt)
	at com.jetbrains.plugin.structure.intellij.plugin.PluginCreator.readServiceDescriptor(PluginCreator.kt:406)
	at com.jetbrains.plugin.structure.intellij.plugin.PluginCreator.readExtensions(PluginCreator.kt:341)
	at com.jetbrains.plugin.structure.intellij.plugin.PluginCreator.setInfoFromBean(PluginCreator.kt:320)
	at com.jetbrains.plugin.structure.intellij.plugin.PluginCreator.resolveDocumentAndValidateBean(PluginCreator.kt:664)
	at com.jetbrains.plugin.structure.intellij.plugin.PluginCreator.access$resolveDocumentAndValidateBean(PluginCreator.kt:31)
	at com.jetbrains.plugin.structure.intellij.plugin.PluginCreator$Companion.createPlugin(PluginCreator.kt:109)
	at com.jetbrains.plugin.structure.intellij.plugin.IdePluginManager.loadPluginInfoFromJarFile(IdePluginManager.kt:62)
	at com.jetbrains.plugin.structure.intellij.plugin.IdePluginManager.loadPluginInfoFromLibDirectory(IdePluginManager.kt:165)
	at com.jetbrains.plugin.structure.intellij.plugin.IdePluginManager.loadPluginInfoFromDirectory(IdePluginManager.kt:97)
	at com.jetbrains.plugin.structure.intellij.plugin.IdePluginManager.loadPluginInfoFromJarOrDirectory(IdePluginManager.kt:206)
	at com.jetbrains.plugin.structure.intellij.plugin.IdePluginManager.getPluginCreatorWithResult(IdePluginManager.kt:347)
	at com.jetbrains.plugin.structure.intellij.plugin.IdePluginManager.createPlugin(IdePluginManager.kt:314)
	at com.jetbrains.plugin.structure.intellij.plugin.IdePluginManager.createPlugin$default(IdePluginManager.kt:312)
	at org.jetbrains.intellij.Utils.createPlugin(utils.kt:222)
	at org.jetbrains.intellij.dependency.BuiltinPluginsRegistry.add(BuiltinPluginsRegistry.kt:89)
	at org.jetbrains.intellij.dependency.BuiltinPluginsRegistry.fillFromDirectory(BuiltinPluginsRegistry.kt:47)
	at org.jetbrains.intellij.dependency.BuiltinPluginsRegistry.access$fillFromDirectory(BuiltinPluginsRegistry.kt:21)
	at org.jetbrains.intellij.dependency.BuiltinPluginsRegistry$Companion.fromDirectory(BuiltinPluginsRegistry.kt:127)
	at org.jetbrains.intellij.dependency.IdeaDependencyManager.createDependency(IdeaDependencyManager.kt:92)
	at org.jetbrains.intellij.dependency.IdeaDependencyManager.resolveLocal(IdeaDependencyManager.kt:430)
	at org.jetbrains.intellij.IntelliJPlugin$prepareIdeaDependencyProvider$1.call(IntelliJPlugin.kt:299)
	at org.jetbrains.intellij.IntelliJPlugin$prepareIdeaDependencyProvider$1.call(IntelliJPlugin.kt:266)
	at org.gradle.api.internal.provider.DefaultProvider.calculateOwnValue(DefaultProvider.java:72)
	at org.gradle.api.internal.provider.AbstractMinimalProvider.calculateValue(AbstractMinimalProvider.java:115)
	at org.gradle.api.internal.provider.TransformBackedProvider.calculateOwnValue(TransformBackedProvider.java:82)
	at org.gradle.api.internal.provider.AbstractMinimalProvider.calculateValue(AbstractMinimalProvider.java:115)
	at org.gradle.api.internal.provider.AbstractMinimalProvider.withFinalValue(AbstractMinimalProvider.java:168)
	at org.gradle.api.internal.provider.DefaultProperty.finalValue(DefaultProperty.java:133)
	at org.gradle.api.internal.provider.DefaultProperty.finalValue(DefaultProperty.java:26)
	at org.gradle.api.internal.provider.AbstractProperty.finalizeNow(AbstractProperty.java:245)
	at org.gradle.api.internal.provider.AbstractProperty.beforeRead(AbstractProperty.java:239)
	at org.gradle.api.internal.provider.AbstractProperty.calculateOwnValue(AbstractProperty.java:135)
	at org.gradle.api.internal.provider.AbstractMinimalProvider.calculateValue(AbstractMinimalProvider.java:115)
	at org.gradle.api.internal.provider.TransformBackedProvider.calculateOwnValue(TransformBackedProvider.java:82)
	at org.gradle.api.internal.provider.AbstractMinimalProvider.calculateValue(AbstractMinimalProvider.java:115)
	at org.gradle.api.internal.provider.TransformBackedProvider.calculateOwnValue(TransformBackedProvider.java:82)
	at org.gradle.api.internal.provider.AbstractMinimalProvider.calculateValue(AbstractMinimalProvider.java:115)
	at org.gradle.api.internal.provider.DefaultProperty.calculateValueFrom(DefaultProperty.java:128)
	at org.gradle.api.internal.provider.DefaultProperty.calculateValueFrom(DefaultProperty.java:26)
	at org.gradle.api.internal.provider.AbstractProperty.doCalculateValue(AbstractProperty.java:142)
	at org.gradle.api.internal.provider.AbstractProperty.calculateOwnValue(AbstractProperty.java:136)
	at org.gradle.api.internal.provider.AbstractMinimalProvider.getOrNull(AbstractMinimalProvider.java:105)
	at org.jetbrains.intellij.IntelliJPlugin$prepareConventionMappingsForRunIdeTask$8.call(IntelliJPlugin.kt:963)
	at org.jetbrains.intellij.IntelliJPlugin$prepareConventionMappingsForRunIdeTask$8.call(IntelliJPlugin.kt:958)
	at org.gradle.api.internal.provider.DefaultProvider.calculateOwnValue(DefaultProvider.java:72)
	at org.gradle.api.internal.provider.AbstractMinimalProvider.calculateValue(AbstractMinimalProvider.java:115)
	at org.gradle.api.internal.provider.TransformBackedProvider.calculateOwnValue(TransformBackedProvider.java:82)
	at org.gradle.api.internal.provider.AbstractMinimalProvider.calculateValue(AbstractMinimalProvider.java:115)
	at org.gradle.api.internal.provider.DefaultProperty.calculateValueFrom(DefaultProperty.java:128)
	at org.gradle.api.internal.provider.DefaultProperty.calculateValueFrom(DefaultProperty.java:26)
	at org.gradle.api.internal.provider.AbstractProperty.doCalculateValue(AbstractProperty.java:142)
	at org.gradle.api.internal.provider.AbstractProperty.calculateOwnValue(AbstractProperty.java:136)
	at org.gradle.api.internal.provider.AbstractMinimalProvider.calculateOwnPresentValue(AbstractMinimalProvider.java:80)
	at org.gradle.api.internal.provider.AbstractMinimalProvider.get(AbstractMinimalProvider.java:100)
	at org.jetbrains.intellij.tasks.RunIdeBase.getExecutable(RunIdeBase.kt:202)
	at org.jetbrains.intellij.tasks.BuildSearchableOptionsTask_Decorated.getExecutable(Unknown Source)
	at org.gradle.api.tasks.internal.JavaExecExecutableUtils.getExecutableOverrideToolchainSpec(JavaExecExecutableUtils.java:30)
	at org.gradle.api.tasks.JavaExec.lambda$new$0(JavaExec.java:144)
	at org.gradle.api.internal.provider.DefaultProvider.calculateOwnValue(DefaultProvider.java:72)
	at org.gradle.api.internal.provider.AbstractMinimalProvider.calculateValue(AbstractMinimalProvider.java:115)
	at org.gradle.api.internal.provider.FlatMapProvider.calculateOwnValue(FlatMapProvider.java:46)
	at org.gradle.api.internal.provider.AbstractMinimalProvider.calculateValue(AbstractMinimalProvider.java:115)
	at org.gradle.api.internal.provider.OrElseProvider.calculateOwnValue(OrElseProvider.java:76)
	at org.gradle.api.internal.provider.AbstractMinimalProvider.calculateValue(AbstractMinimalProvider.java:115)
	at org.gradle.api.internal.provider.TransformBackedProvider.calculateOwnValue(TransformBackedProvider.java:82)
	at org.gradle.api.internal.provider.AbstractMinimalProvider.calculateValue(AbstractMinimalProvider.java:115)
	at org.gradle.api.internal.provider.AbstractMinimalProvider.withFinalValue(AbstractMinimalProvider.java:168)
	at org.gradle.api.internal.provider.DefaultProperty.finalValue(DefaultProperty.java:133)
	at org.gradle.api.internal.provider.DefaultProperty.finalValue(DefaultProperty.java:26)
	at org.gradle.api.internal.provider.AbstractProperty.finalizeNow(AbstractProperty.java:245)
	at org.gradle.api.internal.provider.AbstractProperty.beforeRead(AbstractProperty.java:239)
	at org.gradle.api.internal.provider.AbstractProperty.calculateOwnValue(AbstractProperty.java:135)
	at org.gradle.api.internal.provider.AbstractMinimalProvider.getOrNull(AbstractMinimalProvider.java:105)
	at org.gradle.internal.properties.annotations.AbstractTypeMetadataWalker$InstanceTypeMetadataWalker.lambda$walkNestedProvider$0(AbstractTypeMetadataWalker.java:137)
	at org.gradle.internal.properties.annotations.AbstractTypeMetadataWalker$InstanceTypeMetadataWalker.walkNestedChild(AbstractTypeMetadataWalker.java:184)
	at org.gradle.internal.properties.annotations.AbstractTypeMetadataWalker$InstanceTypeMetadataWalker.walkNestedProvider(AbstractTypeMetadataWalker.java:136)
	at org.gradle.internal.properties.annotations.AbstractTypeMetadataWalker$InstanceTypeMetadataWalker.walkNestedProvider(AbstractTypeMetadataWalker.java:118)
	at org.gradle.internal.properties.annotations.AbstractTypeMetadataWalker.walkNested(AbstractTypeMetadataWalker.java:60)
	at org.gradle.internal.properties.annotations.AbstractTypeMetadataWalker.lambda$walkChildren$3(AbstractTypeMetadataWalker.java:85)
	at org.gradle.internal.properties.annotations.AbstractTypeMetadataWalker$InstanceTypeMetadataWalker.walkNestedChild(AbstractTypeMetadataWalker.java:190)
	at org.gradle.internal.properties.annotations.AbstractTypeMetadataWalker$InstanceTypeMetadataWalker.walkNestedChild(AbstractTypeMetadataWalker.java:171)
	at org.gradle.internal.properties.annotations.AbstractTypeMetadataWalker$InstanceTypeMetadataWalker.walkNestedChild(AbstractTypeMetadataWalker.java:118)
	at org.gradle.internal.properties.annotations.AbstractTypeMetadataWalker.lambda$walkChildren$4(AbstractTypeMetadataWalker.java:85)
	at java.base/java.lang.Iterable.forEach(Iterable.java:75)
	at org.gradle.internal.properties.annotations.AbstractTypeMetadataWalker.walkChildren(AbstractTypeMetadataWalker.java:83)
	at org.gradle.internal.properties.annotations.AbstractTypeMetadataWalker.walk(AbstractTypeMetadataWalker.java:53)
	at org.gradle.internal.properties.bean.DefaultPropertyWalker.visitProperties(DefaultPropertyWalker.java:65)
	at org.gradle.api.internal.tasks.TaskPropertyUtils.visitAnnotatedProperties(TaskPropertyUtils.java:58)
	at org.gradle.api.internal.tasks.TaskPropertyUtils.visitProperties(TaskPropertyUtils.java:45)
	at org.gradle.api.internal.tasks.TaskPropertyUtils.visitProperties(TaskPropertyUtils.java:35)
	at org.gradle.api.internal.tasks.DefaultTaskInputs.visitDependencies(DefaultTaskInputs.java:195)
	at org.gradle.api.internal.tasks.DefaultTaskDependency.visitDependencies(DefaultTaskDependency.java:112)
	at org.gradle.api.internal.tasks.CachingTaskDependencyResolveContext$TaskGraphImpl.getNodeValues(CachingTaskDependencyResolveContext.java:103)
	at org.gradle.internal.graph.CachingDirectedGraphWalker$GraphWithEmptyEdges.getNodeValues(CachingDirectedGraphWalker.java:213)
	at org.gradle.internal.graph.CachingDirectedGraphWalker.doSearch(CachingDirectedGraphWalker.java:121)
	at org.gradle.internal.graph.CachingDirectedGraphWalker.findValues(CachingDirectedGraphWalker.java:73)
	at org.gradle.api.internal.tasks.CachingTaskDependencyResolveContext.getDependencies(CachingTaskDependencyResolveContext.java:66)
	at org.gradle.execution.plan.TaskDependencyResolver.resolveDependenciesFor(TaskDependencyResolver.java:49)
	at org.gradle.execution.plan.LocalTaskNode.getDependencies(LocalTaskNode.java:148)
	at org.gradle.execution.plan.LocalTaskNode.resolveDependencies(LocalTaskNode.java:122)
	at org.gradle.execution.plan.DefaultExecutionPlan.discoverNodeRelationships(DefaultExecutionPlan.java:183)
	at org.gradle.execution.plan.DefaultExecutionPlan.doAddEntryNodes(DefaultExecutionPlan.java:155)
	at org.gradle.execution.plan.DefaultExecutionPlan.addEntryTasks(DefaultExecutionPlan.java:130)
	at org.gradle.execution.plan.DefaultExecutionPlan.addEntryTasks(DefaultExecutionPlan.java:122)
	at org.gradle.execution.TaskNameResolvingBuildTaskScheduler.scheduleRequestedTasks(TaskNameResolvingBuildTaskScheduler.java:54)
	at org.gradle.execution.DefaultTasksBuildTaskScheduler.scheduleRequestedTasks(DefaultTasksBuildTaskScheduler.java:72)
	at org.gradle.initialization.DefaultTaskExecutionPreparer.lambda$scheduleRequestedTasks$0(DefaultTaskExecutionPreparer.java:46)
	at org.gradle.internal.Factories$1.create(Factories.java:31)
	at org.gradle.internal.work.DefaultWorkerLeaseService.withReplacedLocks(DefaultWorkerLeaseService.java:360)
	at org.gradle.api.internal.project.DefaultProjectStateRegistry$DefaultBuildProjectRegistry.withMutableStateOfAllProjects(DefaultProjectStateRegistry.java:239)
	at org.gradle.api.internal.project.DefaultProjectStateRegistry$DefaultBuildProjectRegistry.withMutableStateOfAllProjects(DefaultProjectStateRegistry.java:232)
	at org.gradle.initialization.DefaultTaskExecutionPreparer.scheduleRequestedTasks(DefaultTaskExecutionPreparer.java:45)
	at org.gradle.initialization.VintageBuildModelController.lambda$scheduleRequestedTasks$0(VintageBuildModelController.java:76)
	at org.gradle.internal.model.StateTransitionController.lambda$inState$1(StateTransitionController.java:99)
	at org.gradle.internal.model.StateTransitionController.lambda$inState$2(StateTransitionController.java:114)
	at org.gradle.internal.work.DefaultSynchronizer.withLock(DefaultSynchronizer.java:44)
	at org.gradle.internal.model.StateTransitionController.inState(StateTransitionController.java:110)
	at org.gradle.internal.model.StateTransitionController.inState(StateTransitionController.java:98)
	at org.gradle.initialization.VintageBuildModelController.scheduleRequestedTasks(VintageBuildModelController.java:76)
	at org.gradle.internal.build.DefaultBuildLifecycleController$DefaultWorkGraphBuilder.addRequestedTasks(DefaultBuildLifecycleController.java:404)
	at org.gradle.internal.buildtree.DefaultBuildTreeWorkPreparer.lambda$scheduleRequestedTasks$0(DefaultBuildTreeWorkPreparer.java:41)
	at org.gradle.internal.build.DefaultBuildLifecycleController.lambda$populateWorkGraph$7(DefaultBuildLifecycleController.java:189)
	at org.gradle.internal.build.DefaultBuildWorkPreparer.populateWorkGraph(DefaultBuildWorkPreparer.java:42)
	at org.gradle.internal.build.BuildOperationFiringBuildWorkPreparer$PopulateWorkGraph.populateTaskGraph(BuildOperationFiringBuildWorkPreparer.java:106)
	at org.gradle.internal.build.BuildOperationFiringBuildWorkPreparer$PopulateWorkGraph.run(BuildOperationFiringBuildWorkPreparer.java:92)
	at org.gradle.internal.operations.DefaultBuildOperationRunner$1.execute(DefaultBuildOperationRunner.java:29)
	at org.gradle.internal.operations.DefaultBuildOperationRunner$1.execute(DefaultBuildOperationRunner.java:26)
	at org.gradle.internal.operations.DefaultBuildOperationRunner$2.execute(DefaultBuildOperationRunner.java:66)
	at org.gradle.internal.operations.DefaultBuildOperationRunner$2.execute(DefaultBuildOperationRunner.java:59)
	at org.gradle.internal.operations.DefaultBuildOperationRunner.execute(DefaultBuildOperationRunner.java:157)
	at org.gradle.internal.operations.DefaultBuildOperationRunner.execute(DefaultBuildOperationRunner.java:59)
	at org.gradle.internal.operations.DefaultBuildOperationRunner.run(DefaultBuildOperationRunner.java:47)
	at org.gradle.internal.operations.DefaultBuildOperationExecutor.run(DefaultBuildOperationExecutor.java:68)
	at org.gradle.internal.build.BuildOperationFiringBuildWorkPreparer.populateWorkGraph(BuildOperationFiringBuildWorkPreparer.java:67)
	at org.gradle.internal.build.DefaultBuildLifecycleController.lambda$populateWorkGraph$8(DefaultBuildLifecycleController.java:189)
	at org.gradle.internal.model.StateTransitionController.lambda$inState$1(StateTransitionController.java:99)
	at org.gradle.internal.model.StateTransitionController.lambda$inState$2(StateTransitionController.java:114)
	at org.gradle.internal.work.DefaultSynchronizer.withLock(DefaultSynchronizer.java:44)
	at org.gradle.internal.model.StateTransitionController.inState(StateTransitionController.java:110)
	at org.gradle.internal.model.StateTransitionController.inState(StateTransitionController.java:98)
	at org.gradle.internal.build.DefaultBuildLifecycleController.populateWorkGraph(DefaultBuildLifecycleController.java:189)
	at org.gradle.internal.build.DefaultBuildWorkGraphController$DefaultBuildWorkGraph.populateWorkGraph(DefaultBuildWorkGraphController.java:169)
	at org.gradle.composite.internal.DefaultBuildController.populateWorkGraph(DefaultBuildController.java:76)
	at org.gradle.composite.internal.DefaultIncludedBuildTaskGraph$DefaultBuildTreeWorkGraphBuilder.withWorkGraph(DefaultIncludedBuildTaskGraph.java:153)
	at org.gradle.internal.buildtree.DefaultBuildTreeWorkPreparer.lambda$scheduleRequestedTasks$1(DefaultBuildTreeWorkPreparer.java:41)
	at org.gradle.composite.internal.DefaultIncludedBuildTaskGraph$DefaultBuildTreeWorkGraph$1.run(DefaultIncludedBuildTaskGraph.java:209)
	at org.gradle.internal.operations.DefaultBuildOperationRunner$1.execute(DefaultBuildOperationRunner.java:29)
	at org.gradle.internal.operations.DefaultBuildOperationRunner$1.execute(DefaultBuildOperationRunner.java:26)
	at org.gradle.internal.operations.DefaultBuildOperationRunner$2.execute(DefaultBuildOperationRunner.java:66)
	at org.gradle.internal.operations.DefaultBuildOperationRunner$2.execute(DefaultBuildOperationRunner.java:59)
	at org.gradle.internal.operations.DefaultBuildOperationRunner.execute(DefaultBuildOperationRunner.java:157)
	at org.gradle.internal.operations.DefaultBuildOperationRunner.execute(DefaultBuildOperationRunner.java:59)
	at org.gradle.internal.operations.DefaultBuildOperationRunner.run(DefaultBuildOperationRunner.java:47)
	at org.gradle.internal.operations.DefaultBuildOperationExecutor.run(DefaultBuildOperationExecutor.java:68)
	at org.gradle.composite.internal.DefaultIncludedBuildTaskGraph$DefaultBuildTreeWorkGraph.scheduleWork(DefaultIncludedBuildTaskGraph.java:204)
	at org.gradle.internal.buildtree.DefaultBuildTreeWorkPreparer.scheduleRequestedTasks(DefaultBuildTreeWorkPreparer.java:37)
	at org.gradle.configurationcache.VintageBuildTreeWorkController$scheduleAndRunRequestedTasks$1.apply(VintageBuildTreeWorkController.kt:36)
	at org.gradle.configurationcache.VintageBuildTreeWorkController$scheduleAndRunRequestedTasks$1.apply(VintageBuildTreeWorkController.kt:35)
	at org.gradle.composite.internal.DefaultIncludedBuildTaskGraph.withNewWorkGraph(DefaultIncludedBuildTaskGraph.java:112)
	at org.gradle.configurationcache.VintageBuildTreeWorkController.scheduleAndRunRequestedTasks(VintageBuildTreeWorkController.kt:35)
	at org.gradle.internal.buildtree.DefaultBuildTreeLifecycleController.lambda$scheduleAndRunTasks$1(DefaultBuildTreeLifecycleController.java:76)
	at org.gradle.internal.buildtree.DefaultBuildTreeLifecycleController.lambda$runBuild$4(DefaultBuildTreeLifecycleController.java:119)
	at org.gradle.internal.model.StateTransitionController.lambda$transition$6(StateTransitionController.java:169)
	at org.gradle.internal.model.StateTransitionController.doTransition(StateTransitionController.java:266)
	at org.gradle.internal.model.StateTransitionController.lambda$transition$7(StateTransitionController.java:169)
	at org.gradle.internal.work.DefaultSynchronizer.withLock(DefaultSynchronizer.java:44)
	at org.gradle.internal.model.StateTransitionController.transition(StateTransitionController.java:169)
	at org.gradle.internal.buildtree.DefaultBuildTreeLifecycleController.runBuild(DefaultBuildTreeLifecycleController.java:116)
	at org.gradle.internal.buildtree.DefaultBuildTreeLifecycleController.scheduleAndRunTasks(DefaultBuildTreeLifecycleController.java:76)
	at org.gradle.internal.buildtree.DefaultBuildTreeLifecycleController.scheduleAndRunTasks(DefaultBuildTreeLifecycleController.java:71)
	at org.gradle.tooling.internal.provider.ExecuteBuildActionRunner.run(ExecuteBuildActionRunner.java:31)
	at org.gradle.launcher.exec.ChainingBuildActionRunner.run(ChainingBuildActionRunner.java:35)
	at org.gradle.internal.buildtree.ProblemReportingBuildActionRunner.run(ProblemReportingBuildActionRunner.java:49)
	at org.gradle.launcher.exec.BuildOutcomeReportingBuildActionRunner.run(BuildOutcomeReportingBuildActionRunner.java:65)
	at org.gradle.tooling.internal.provider.FileSystemWatchingBuildActionRunner.run(FileSystemWatchingBuildActionRunner.java:140)
	at org.gradle.launcher.exec.BuildCompletionNotifyingBuildActionRunner.run(BuildCompletionNotifyingBuildActionRunner.java:41)
	at org.gradle.launcher.exec.RootBuildLifecycleBuildActionExecutor.lambda$execute$0(RootBuildLifecycleBuildActionExecutor.java:40)
	at org.gradle.composite.internal.DefaultRootBuildState.run(DefaultRootBuildState.java:123)
	at org.gradle.launcher.exec.RootBuildLifecycleBuildActionExecutor.execute(RootBuildLifecycleBuildActionExecutor.java:40)
	at org.gradle.internal.buildtree.InitDeprecationLoggingActionExecutor.execute(InitDeprecationLoggingActionExecutor.java:62)
	at org.gradle.internal.buildtree.InitProblems.execute(InitProblems.java:38)
	at org.gradle.internal.buildtree.DefaultBuildTreeContext.execute(DefaultBuildTreeContext.java:40)
	at org.gradle.launcher.exec.BuildTreeLifecycleBuildActionExecutor.lambda$execute$0(BuildTreeLifecycleBuildActionExecutor.java:58)
	at org.gradle.internal.buildtree.BuildTreeState.run(BuildTreeState.java:58)
	at org.gradle.launcher.exec.BuildTreeLifecycleBuildActionExecutor.execute(BuildTreeLifecycleBuildActionExecutor.java:58)
	at org.gradle.launcher.exec.RunAsBuildOperationBuildActionExecutor$3.call(RunAsBuildOperationBuildActionExecutor.java:61)
	at org.gradle.launcher.exec.RunAsBuildOperationBuildActionExecutor$3.call(RunAsBuildOperationBuildActionExecutor.java:57)
	at org.gradle.internal.operations.DefaultBuildOperationRunner$CallableBuildOperationWorker.execute(DefaultBuildOperationRunner.java:204)
	at org.gradle.internal.operations.DefaultBuildOperationRunner$CallableBuildOperationWorker.execute(DefaultBuildOperationRunner.java:199)
	at org.gradle.internal.operations.DefaultBuildOperationRunner$2.execute(DefaultBuildOperationRunner.java:66)
	at org.gradle.internal.operations.DefaultBuildOperationRunner$2.execute(DefaultBuildOperationRunner.java:59)
	at org.gradle.internal.operations.DefaultBuildOperationRunner.execute(DefaultBuildOperationRunner.java:157)
	at org.gradle.internal.operations.DefaultBuildOperationRunner.execute(DefaultBuildOperationRunner.java:59)
	at org.gradle.internal.operations.DefaultBuildOperationRunner.call(DefaultBuildOperationRunner.java:53)
	at org.gradle.internal.operations.DefaultBuildOperationExecutor.call(DefaultBuildOperationExecutor.java:73)
	at org.gradle.launcher.exec.RunAsBuildOperationBuildActionExecutor.execute(RunAsBuildOperationBuildActionExecutor.java:57)
	at org.gradle.launcher.exec.RunAsWorkerThreadBuildActionExecutor.lambda$execute$0(RunAsWorkerThreadBuildActionExecutor.java:36)
	at org.gradle.internal.work.DefaultWorkerLeaseService.withLocks(DefaultWorkerLeaseService.java:264)
	at org.gradle.internal.work.DefaultWorkerLeaseService.runAsWorkerThread(DefaultWorkerLeaseService.java:128)
	at org.gradle.launcher.exec.RunAsWorkerThreadBuildActionExecutor.execute(RunAsWorkerThreadBuildActionExecutor.java:36)
	at org.gradle.tooling.internal.provider.continuous.ContinuousBuildActionExecutor.execute(ContinuousBuildActionExecutor.java:110)
	at org.gradle.tooling.internal.provider.SubscribableBuildActionExecutor.execute(SubscribableBuildActionExecutor.java:64)
	at org.gradle.internal.session.DefaultBuildSessionContext.execute(DefaultBuildSessionContext.java:46)
	at org.gradle.tooling.internal.provider.BuildSessionLifecycleBuildActionExecuter$ActionImpl.apply(BuildSessionLifecycleBuildActionExecuter.java:92)
	at org.gradle.tooling.internal.provider.BuildSessionLifecycleBuildActionExecuter$ActionImpl.apply(BuildSessionLifecycleBuildActionExecuter.java:80)
	at org.gradle.internal.session.BuildSessionState.run(BuildSessionState.java:69)
	at org.gradle.tooling.internal.provider.BuildSessionLifecycleBuildActionExecuter.execute(BuildSessionLifecycleBuildActionExecuter.java:62)
	at org.gradle.tooling.internal.provider.BuildSessionLifecycleBuildActionExecuter.execute(BuildSessionLifecycleBuildActionExecuter.java:41)
	at org.gradle.tooling.internal.provider.StartParamsValidatingActionExecuter.execute(StartParamsValidatingActionExecuter.java:64)
	at org.gradle.tooling.internal.provider.StartParamsValidatingActionExecuter.execute(StartParamsValidatingActionExecuter.java:32)
	at org.gradle.tooling.internal.provider.SessionFailureReportingActionExecuter.execute(SessionFailureReportingActionExecuter.java:51)
	at org.gradle.tooling.internal.provider.SessionFailureReportingActionExecuter.execute(SessionFailureReportingActionExecuter.java:39)
	at org.gradle.tooling.internal.provider.SetupLoggingActionExecuter.execute(SetupLoggingActionExecuter.java:47)
	at org.gradle.tooling.internal.provider.SetupLoggingActionExecuter.execute(SetupLoggingActionExecuter.java:31)
	at org.gradle.launcher.daemon.server.exec.ExecuteBuild.doBuild(ExecuteBuild.java:65)
	at org.gradle.launcher.daemon.server.exec.BuildCommandOnly.execute(BuildCommandOnly.java:37)
	at org.gradle.launcher.daemon.server.api.DaemonCommandExecution.proceed(DaemonCommandExecution.java:104)
	at org.gradle.launcher.daemon.server.exec.WatchForDisconnection.execute(WatchForDisconnection.java:39)
	at org.gradle.launcher.daemon.server.api.DaemonCommandExecution.proceed(DaemonCommandExecution.java:104)
	at org.gradle.launcher.daemon.server.exec.ResetDeprecationLogger.execute(ResetDeprecationLogger.java:29)
	at org.gradle.launcher.daemon.server.api.DaemonCommandExecution.proceed(DaemonCommandExecution.java:104)
	at org.gradle.launcher.daemon.server.exec.RequestStopIfSingleUsedDaemon.execute(RequestStopIfSingleUsedDaemon.java:35)
	at org.gradle.launcher.daemon.server.api.DaemonCommandExecution.proceed(DaemonCommandExecution.java:104)
	at org.gradle.launcher.daemon.server.exec.ForwardClientInput$2.create(ForwardClientInput.java:78)
	at org.gradle.launcher.daemon.server.exec.ForwardClientInput$2.create(ForwardClientInput.java:75)
	at org.gradle.util.internal.Swapper.swap(Swapper.java:38)
	at org.gradle.launcher.daemon.server.exec.ForwardClientInput.execute(ForwardClientInput.java:75)
	at org.gradle.launcher.daemon.server.api.DaemonCommandExecution.proceed(DaemonCommandExecution.java:104)
	at org.gradle.launcher.daemon.server.exec.LogAndCheckHealth.execute(LogAndCheckHealth.java:64)
	at org.gradle.launcher.daemon.server.api.DaemonCommandExecution.proceed(DaemonCommandExecution.java:104)
	at org.gradle.launcher.daemon.server.exec.LogToClient.doBuild(LogToClient.java:63)
	at org.gradle.launcher.daemon.server.exec.BuildCommandOnly.execute(BuildCommandOnly.java:37)
	at org.gradle.launcher.daemon.server.api.DaemonCommandExecution.proceed(DaemonCommandExecution.java:104)
	at org.gradle.launcher.daemon.server.exec.EstablishBuildEnvironment.doBuild(EstablishBuildEnvironment.java:84)
	at org.gradle.launcher.daemon.server.exec.BuildCommandOnly.execute(BuildCommandOnly.java:37)
	at org.gradle.launcher.daemon.server.api.DaemonCommandExecution.proceed(DaemonCommandExecution.java:104)
	at org.gradle.launcher.daemon.server.exec.StartBuildOrRespondWithBusy$1.run(StartBuildOrRespondWithBusy.java:52)
	at org.gradle.launcher.daemon.server.DaemonStateCoordinator$1.run(DaemonStateCoordinator.java:297)
	at org.gradle.internal.concurrent.ExecutorPolicy$CatchAndRecordFailures.onExecute(ExecutorPolicy.java:64)
	at org.gradle.internal.concurrent.AbstractManagedExecutor$1.run(AbstractManagedExecutor.java:47)
	at java.base/java.util.concurrent.ThreadPoolExecutor.runWorker(ThreadPoolExecutor.java:1136)
	at java.base/java.util.concurrent.ThreadPoolExecutor$Worker.run(ThreadPoolExecutor.java:635)
	at java.base/java.lang.Thread.run(Thread.java:840)
[gradle-intellij-plugin :] Cannot create plugin from file '/opt/android-studio/plugins/yaml': Invalid plugin descriptor 'plugin.xml'. Unable to read the plugin descriptor: No enum constant com.jetbrains.plugin.structure.intellij.plugin.IdePluginContentDescriptor.ServiceType.APPLİCATİON.
[gradle-intellij-plugin :] Failed to dump cache for builtin plugin. Run with --debug option to get more log output.
Unable to read descriptor [plugin.xml] from [/opt/android-studio/plugins/Groovy/lib/Groovy.jar]
java.lang.IllegalArgumentException: No enum constant com.jetbrains.plugin.structure.intellij.plugin.IdePluginContentDescriptor.ServiceType.APPLİCATİON
	at java.base/java.lang.Enum.valueOf(Enum.java:273)
	at com.jetbrains.plugin.structure.intellij.plugin.IdePluginContentDescriptor$ServiceType.valueOf(IdePluginContents.kt)
	at com.jetbrains.plugin.structure.intellij.plugin.PluginCreator.readServiceDescriptor(PluginCreator.kt:406)
	at com.jetbrains.plugin.structure.intellij.plugin.PluginCreator.readExtensions(PluginCreator.kt:341)
	at com.jetbrains.plugin.structure.intellij.plugin.PluginCreator.setInfoFromBean(PluginCreator.kt:320)
	at com.jetbrains.plugin.structure.intellij.plugin.PluginCreator.resolveDocumentAndValidateBean(PluginCreator.kt:664)
	at com.jetbrains.plugin.structure.intellij.plugin.PluginCreator.access$resolveDocumentAndValidateBean(PluginCreator.kt:31)
	at com.jetbrains.plugin.structure.intellij.plugin.PluginCreator$Companion.createPlugin(PluginCreator.kt:109)
	at com.jetbrains.plugin.structure.intellij.plugin.IdePluginManager.loadPluginInfoFromJarFile(IdePluginManager.kt:62)
	at com.jetbrains.plugin.structure.intellij.plugin.IdePluginManager.loadPluginInfoFromLibDirectory(IdePluginManager.kt:165)
	at com.jetbrains.plugin.structure.intellij.plugin.IdePluginManager.loadPluginInfoFromDirectory(IdePluginManager.kt:97)
	at com.jetbrains.plugin.structure.intellij.plugin.IdePluginManager.loadPluginInfoFromJarOrDirectory(IdePluginManager.kt:206)
	at com.jetbrains.plugin.structure.intellij.plugin.IdePluginManager.getPluginCreatorWithResult(IdePluginManager.kt:347)
	at com.jetbrains.plugin.structure.intellij.plugin.IdePluginManager.createPlugin(IdePluginManager.kt:314)
	at com.jetbrains.plugin.structure.intellij.plugin.IdePluginManager.createPlugin$default(IdePluginManager.kt:312)
	at org.jetbrains.intellij.Utils.createPlugin(utils.kt:222)
	at org.jetbrains.intellij.dependency.BuiltinPluginsRegistry.add(BuiltinPluginsRegistry.kt:89)
	at org.jetbrains.intellij.dependency.BuiltinPluginsRegistry.fillFromDirectory(BuiltinPluginsRegistry.kt:47)
	at org.jetbrains.intellij.dependency.BuiltinPluginsRegistry.access$fillFromDirectory(BuiltinPluginsRegistry.kt:21)
	at org.jetbrains.intellij.dependency.BuiltinPluginsRegistry$Companion.fromDirectory(BuiltinPluginsRegistry.kt:127)
	at org.jetbrains.intellij.dependency.IdeaDependencyManager.createDependency(IdeaDependencyManager.kt:92)
	at org.jetbrains.intellij.dependency.IdeaDependencyManager.resolveLocal(IdeaDependencyManager.kt:430)
	at org.jetbrains.intellij.IntelliJPlugin$prepareIdeaDependencyProvider$1.call(IntelliJPlugin.kt:299)
	at org.jetbrains.intellij.IntelliJPlugin$prepareIdeaDependencyProvider$1.call(IntelliJPlugin.kt:266)
	at org.gradle.api.internal.provider.DefaultProvider.calculateOwnValue(DefaultProvider.java:72)
	at org.gradle.api.internal.provider.AbstractMinimalProvider.calculateValue(AbstractMinimalProvider.java:115)
	at org.gradle.api.internal.provider.TransformBackedProvider.calculateOwnValue(TransformBackedProvider.java:82)
	at org.gradle.api.internal.provider.AbstractMinimalProvider.calculateValue(AbstractMinimalProvider.java:115)
	at org.gradle.api.internal.provider.AbstractMinimalProvider.withFinalValue(AbstractMinimalProvider.java:168)
	at org.gradle.api.internal.provider.DefaultProperty.finalValue(DefaultProperty.java:133)
	at org.gradle.api.internal.provider.DefaultProperty.finalValue(DefaultProperty.java:26)
	at org.gradle.api.internal.provider.AbstractProperty.finalizeNow(AbstractProperty.java:245)
	at org.gradle.api.internal.provider.AbstractProperty.beforeRead(AbstractProperty.java:239)
	at org.gradle.api.internal.provider.AbstractProperty.calculateOwnValue(AbstractProperty.java:135)
	at org.gradle.api.internal.provider.AbstractMinimalProvider.calculateValue(AbstractMinimalProvider.java:115)
	at org.gradle.api.internal.provider.TransformBackedProvider.calculateOwnValue(TransformBackedProvider.java:82)
	at org.gradle.api.internal.provider.AbstractMinimalProvider.calculateValue(AbstractMinimalProvider.java:115)
	at org.gradle.api.internal.provider.Collectors$ElementsFromCollectionProvider.collectEntries(Collectors.java:220)
	at org.gradle.api.internal.provider.AbstractCollectionProperty$CollectingSupplier.calculateValue(AbstractCollectionProperty.java:344)
	at org.gradle.api.internal.provider.AbstractCollectionProperty.calculateValueFrom(AbstractCollectionProperty.java:189)
	at org.gradle.api.internal.provider.AbstractCollectionProperty.calculateValueFrom(AbstractCollectionProperty.java:37)
	at org.gradle.api.internal.provider.AbstractProperty.doCalculateValue(AbstractProperty.java:142)
	at org.gradle.api.internal.provider.AbstractProperty.calculateOwnValue(AbstractProperty.java:136)
	at org.gradle.api.internal.provider.AbstractMinimalProvider.calculateOwnPresentValue(AbstractMinimalProvider.java:80)
	at org.gradle.api.internal.provider.AbstractMinimalProvider.get(AbstractMinimalProvider.java:100)
	at org.jetbrains.intellij.IntelliJPlugin$configurePrepareSandboxTasks$5$5.transform(IntelliJPlugin.kt:625)
	at org.jetbrains.intellij.IntelliJPlugin$configurePrepareSandboxTasks$5$5.transform(IntelliJPlugin.kt:624)
	at org.gradle.api.internal.provider.ValueSupplier$Present.transform(ValueSupplier.java:541)
	at org.gradle.api.internal.provider.TransformBackedProvider.mapValue(TransformBackedProvider.java:91)
	at org.gradle.api.internal.provider.TransformBackedProvider.calculateOwnValue(TransformBackedProvider.java:83)
	at org.gradle.api.internal.provider.AbstractMinimalProvider.calculateOwnPresentValue(AbstractMinimalProvider.java:80)
	at org.gradle.api.internal.provider.AbstractMinimalProvider.get(AbstractMinimalProvider.java:100)
	at org.gradle.api.internal.provider.ProviderResolutionStrategy$2.resolve(ProviderResolutionStrategy.java:33)
	at org.gradle.api.internal.file.collections.ProviderBackedFileCollection.visitDependencies(ProviderBackedFileCollection.java:57)
	at org.gradle.api.internal.tasks.CachingTaskDependencyResolveContext$TaskGraphImpl.getNodeValues(CachingTaskDependencyResolveContext.java:103)
	at org.gradle.internal.graph.CachingDirectedGraphWalker$GraphWithEmptyEdges.getNodeValues(CachingDirectedGraphWalker.java:213)
	at org.gradle.internal.graph.CachingDirectedGraphWalker.doSearch(CachingDirectedGraphWalker.java:121)
	at org.gradle.internal.graph.CachingDirectedGraphWalker.findValues(CachingDirectedGraphWalker.java:73)
	at org.gradle.api.internal.tasks.CachingTaskDependencyResolveContext.getDependencies(CachingTaskDependencyResolveContext.java:66)
	at org.gradle.execution.plan.TaskDependencyResolver.resolveDependenciesFor(TaskDependencyResolver.java:49)
	at org.gradle.execution.plan.LocalTaskNode.getDependencies(LocalTaskNode.java:148)
	at org.gradle.execution.plan.LocalTaskNode.resolveDependencies(LocalTaskNode.java:122)
	at org.gradle.execution.plan.DefaultExecutionPlan.discoverNodeRelationships(DefaultExecutionPlan.java:183)
	at org.gradle.execution.plan.DefaultExecutionPlan.doAddEntryNodes(DefaultExecutionPlan.java:155)
	at org.gradle.execution.plan.DefaultExecutionPlan.addEntryTasks(DefaultExecutionPlan.java:130)
	at org.gradle.execution.plan.DefaultExecutionPlan.addEntryTasks(DefaultExecutionPlan.java:122)
	at org.gradle.execution.TaskNameResolvingBuildTaskScheduler.scheduleRequestedTasks(TaskNameResolvingBuildTaskScheduler.java:54)
	at org.gradle.execution.DefaultTasksBuildTaskScheduler.scheduleRequestedTasks(DefaultTasksBuildTaskScheduler.java:72)
	at org.gradle.initialization.DefaultTaskExecutionPreparer.lambda$scheduleRequestedTasks$0(DefaultTaskExecutionPreparer.java:46)
	at org.gradle.internal.Factories$1.create(Factories.java:31)
	at org.gradle.internal.work.DefaultWorkerLeaseService.withReplacedLocks(DefaultWorkerLeaseService.java:360)
	at org.gradle.api.internal.project.DefaultProjectStateRegistry$DefaultBuildProjectRegistry.withMutableStateOfAllProjects(DefaultProjectStateRegistry.java:239)
	at org.gradle.api.internal.project.DefaultProjectStateRegistry$DefaultBuildProjectRegistry.withMutableStateOfAllProjects(DefaultProjectStateRegistry.java:232)
	at org.gradle.initialization.DefaultTaskExecutionPreparer.scheduleRequestedTasks(DefaultTaskExecutionPreparer.java:45)
	at org.gradle.initialization.VintageBuildModelController.lambda$scheduleRequestedTasks$0(VintageBuildModelController.java:76)
	at org.gradle.internal.model.StateTransitionController.lambda$inState$1(StateTransitionController.java:99)
	at org.gradle.internal.model.StateTransitionController.lambda$inState$2(StateTransitionController.java:114)
	at org.gradle.internal.work.DefaultSynchronizer.withLock(DefaultSynchronizer.java:44)
	at org.gradle.internal.model.StateTransitionController.inState(StateTransitionController.java:110)
	at org.gradle.internal.model.StateTransitionController.inState(StateTransitionController.java:98)
	at org.gradle.initialization.VintageBuildModelController.scheduleRequestedTasks(VintageBuildModelController.java:76)
	at org.gradle.internal.build.DefaultBuildLifecycleController$DefaultWorkGraphBuilder.addRequestedTasks(DefaultBuildLifecycleController.java:404)
	at org.gradle.internal.buildtree.DefaultBuildTreeWorkPreparer.lambda$scheduleRequestedTasks$0(DefaultBuildTreeWorkPreparer.java:41)
	at org.gradle.internal.build.DefaultBuildLifecycleController.lambda$populateWorkGraph$7(DefaultBuildLifecycleController.java:189)
	at org.gradle.internal.build.DefaultBuildWorkPreparer.populateWorkGraph(DefaultBuildWorkPreparer.java:42)
	at org.gradle.internal.build.BuildOperationFiringBuildWorkPreparer$PopulateWorkGraph.populateTaskGraph(BuildOperationFiringBuildWorkPreparer.java:106)
	at org.gradle.internal.build.BuildOperationFiringBuildWorkPreparer$PopulateWorkGraph.run(BuildOperationFiringBuildWorkPreparer.java:92)
	at org.gradle.internal.operations.DefaultBuildOperationRunner$1.execute(DefaultBuildOperationRunner.java:29)
	at org.gradle.internal.operations.DefaultBuildOperationRunner$1.execute(DefaultBuildOperationRunner.java:26)
	at org.gradle.internal.operations.DefaultBuildOperationRunner$2.execute(DefaultBuildOperationRunner.java:66)
	at org.gradle.internal.operations.DefaultBuildOperationRunner$2.execute(DefaultBuildOperationRunner.java:59)
	at org.gradle.internal.operations.DefaultBuildOperationRunner.execute(DefaultBuildOperationRunner.java:157)
	at org.gradle.internal.operations.DefaultBuildOperationRunner.execute(DefaultBuildOperationRunner.java:59)
	at org.gradle.internal.operations.DefaultBuildOperationRunner.run(DefaultBuildOperationRunner.java:47)
	at org.gradle.internal.operations.DefaultBuildOperationExecutor.run(DefaultBuildOperationExecutor.java:68)
	at org.gradle.internal.build.BuildOperationFiringBuildWorkPreparer.populateWorkGraph(BuildOperationFiringBuildWorkPreparer.java:67)
	at org.gradle.internal.build.DefaultBuildLifecycleController.lambda$populateWorkGraph$8(DefaultBuildLifecycleController.java:189)
	at org.gradle.internal.model.StateTransitionController.lambda$inState$1(StateTransitionController.java:99)
	at org.gradle.internal.model.StateTransitionController.lambda$inState$2(StateTransitionController.java:114)
	at org.gradle.internal.work.DefaultSynchronizer.withLock(DefaultSynchronizer.java:44)
	at org.gradle.internal.model.StateTransitionController.inState(StateTransitionController.java:110)
	at org.gradle.internal.model.StateTransitionController.inState(StateTransitionController.java:98)
	at org.gradle.internal.build.DefaultBuildLifecycleController.populateWorkGraph(DefaultBuildLifecycleController.java:189)
	at org.gradle.internal.build.DefaultBuildWorkGraphController$DefaultBuildWorkGraph.populateWorkGraph(DefaultBuildWorkGraphController.java:169)
	at org.gradle.composite.internal.DefaultBuildController.populateWorkGraph(DefaultBuildController.java:76)
	at org.gradle.composite.internal.DefaultIncludedBuildTaskGraph$DefaultBuildTreeWorkGraphBuilder.withWorkGraph(DefaultIncludedBuildTaskGraph.java:153)
	at org.gradle.internal.buildtree.DefaultBuildTreeWorkPreparer.lambda$scheduleRequestedTasks$1(DefaultBuildTreeWorkPreparer.java:41)
	at org.gradle.composite.internal.DefaultIncludedBuildTaskGraph$DefaultBuildTreeWorkGraph$1.run(DefaultIncludedBuildTaskGraph.java:209)
	at org.gradle.internal.operations.DefaultBuildOperationRunner$1.execute(DefaultBuildOperationRunner.java:29)
	at org.gradle.internal.operations.DefaultBuildOperationRunner$1.execute(DefaultBuildOperationRunner.java:26)
	at org.gradle.internal.operations.DefaultBuildOperationRunner$2.execute(DefaultBuildOperationRunner.java:66)
	at org.gradle.internal.operations.DefaultBuildOperationRunner$2.execute(DefaultBuildOperationRunner.java:59)
	at org.gradle.internal.operations.DefaultBuildOperationRunner.execute(DefaultBuildOperationRunner.java:157)
	at org.gradle.internal.operations.DefaultBuildOperationRunner.execute(DefaultBuildOperationRunner.java:59)
	at org.gradle.internal.operations.DefaultBuildOperationRunner.run(DefaultBuildOperationRunner.java:47)
	at org.gradle.internal.operations.DefaultBuildOperationExecutor.run(DefaultBuildOperationExecutor.java:68)
	at org.gradle.composite.internal.DefaultIncludedBuildTaskGraph$DefaultBuildTreeWorkGraph.scheduleWork(DefaultIncludedBuildTaskGraph.java:204)
	at org.gradle.internal.buildtree.DefaultBuildTreeWorkPreparer.scheduleRequestedTasks(DefaultBuildTreeWorkPreparer.java:37)
	at org.gradle.configurationcache.VintageBuildTreeWorkController$scheduleAndRunRequestedTasks$1.apply(VintageBuildTreeWorkController.kt:36)
	at org.gradle.configurationcache.VintageBuildTreeWorkController$scheduleAndRunRequestedTasks$1.apply(VintageBuildTreeWorkController.kt:35)
	at org.gradle.composite.internal.DefaultIncludedBuildTaskGraph.withNewWorkGraph(DefaultIncludedBuildTaskGraph.java:112)
	at org.gradle.configurationcache.VintageBuildTreeWorkController.scheduleAndRunRequestedTasks(VintageBuildTreeWorkController.kt:35)
	at org.gradle.internal.buildtree.DefaultBuildTreeLifecycleController.lambda$scheduleAndRunTasks$1(DefaultBuildTreeLifecycleController.java:76)
	at org.gradle.internal.buildtree.DefaultBuildTreeLifecycleController.lambda$runBuild$4(DefaultBuildTreeLifecycleController.java:119)
	at org.gradle.internal.model.StateTransitionController.lambda$transition$6(StateTransitionController.java:169)
	at org.gradle.internal.model.StateTransitionController.doTransition(StateTransitionController.java:266)
	at org.gradle.internal.model.StateTransitionController.lambda$transition$7(StateTransitionController.java:169)
	at org.gradle.internal.work.DefaultSynchronizer.withLock(DefaultSynchronizer.java:44)
	at org.gradle.internal.model.StateTransitionController.transition(StateTransitionController.java:169)
	at org.gradle.internal.buildtree.DefaultBuildTreeLifecycleController.runBuild(DefaultBuildTreeLifecycleController.java:116)
	at org.gradle.internal.buildtree.DefaultBuildTreeLifecycleController.scheduleAndRunTasks(DefaultBuildTreeLifecycleController.java:76)
	at org.gradle.internal.buildtree.DefaultBuildTreeLifecycleController.scheduleAndRunTasks(DefaultBuildTreeLifecycleController.java:71)
	at org.gradle.tooling.internal.provider.ExecuteBuildActionRunner.run(ExecuteBuildActionRunner.java:31)
	at org.gradle.launcher.exec.ChainingBuildActionRunner.run(ChainingBuildActionRunner.java:35)
	at org.gradle.internal.buildtree.ProblemReportingBuildActionRunner.run(ProblemReportingBuildActionRunner.java:49)
	at org.gradle.launcher.exec.BuildOutcomeReportingBuildActionRunner.run(BuildOutcomeReportingBuildActionRunner.java:65)
	at org.gradle.tooling.internal.provider.FileSystemWatchingBuildActionRunner.run(FileSystemWatchingBuildActionRunner.java:140)
	at org.gradle.launcher.exec.BuildCompletionNotifyingBuildActionRunner.run(BuildCompletionNotifyingBuildActionRunner.java:41)
	at org.gradle.launcher.exec.RootBuildLifecycleBuildActionExecutor.lambda$execute$0(RootBuildLifecycleBuildActionExecutor.java:40)
	at org.gradle.composite.internal.DefaultRootBuildState.run(DefaultRootBuildState.java:123)
	at org.gradle.launcher.exec.RootBuildLifecycleBuildActionExecutor.execute(RootBuildLifecycleBuildActionExecutor.java:40)
	at org.gradle.internal.buildtree.InitDeprecationLoggingActionExecutor.execute(InitDeprecationLoggingActionExecutor.java:62)
	at org.gradle.internal.buildtree.InitProblems.execute(InitProblems.java:38)
	at org.gradle.internal.buildtree.DefaultBuildTreeContext.execute(DefaultBuildTreeContext.java:40)
	at org.gradle.launcher.exec.BuildTreeLifecycleBuildActionExecutor.lambda$execute$0(BuildTreeLifecycleBuildActionExecutor.java:58)
	at org.gradle.internal.buildtree.BuildTreeState.run(BuildTreeState.java:58)
	at org.gradle.launcher.exec.BuildTreeLifecycleBuildActionExecutor.execute(BuildTreeLifecycleBuildActionExecutor.java:58)
	at org.gradle.launcher.exec.RunAsBuildOperationBuildActionExecutor$3.call(RunAsBuildOperationBuildActionExecutor.java:61)
	at org.gradle.launcher.exec.RunAsBuildOperationBuildActionExecutor$3.call(RunAsBuildOperationBuildActionExecutor.java:57)
	at org.gradle.internal.operations.DefaultBuildOperationRunner$CallableBuildOperationWorker.execute(DefaultBuildOperationRunner.java:204)
	at org.gradle.internal.operations.DefaultBuildOperationRunner$CallableBuildOperationWorker.execute(DefaultBuildOperationRunner.java:199)
	at org.gradle.internal.operations.DefaultBuildOperationRunner$2.execute(DefaultBuildOperationRunner.java:66)
	at org.gradle.internal.operations.DefaultBuildOperationRunner$2.execute(DefaultBuildOperationRunner.java:59)
	at org.gradle.internal.operations.DefaultBuildOperationRunner.execute(DefaultBuildOperationRunner.java:157)
	at org.gradle.internal.operations.DefaultBuildOperationRunner.execute(DefaultBuildOperationRunner.java:59)
	at org.gradle.internal.operations.DefaultBuildOperationRunner.call(DefaultBuildOperationRunner.java:53)
	at org.gradle.internal.operations.DefaultBuildOperationExecutor.call(DefaultBuildOperationExecutor.java:73)
	at org.gradle.launcher.exec.RunAsBuildOperationBuildActionExecutor.execute(RunAsBuildOperationBuildActionExecutor.java:57)
	at org.gradle.launcher.exec.RunAsWorkerThreadBuildActionExecutor.lambda$execute$0(RunAsWorkerThreadBuildActionExecutor.java:36)
	at org.gradle.internal.work.DefaultWorkerLeaseService.withLocks(DefaultWorkerLeaseService.java:264)
	at org.gradle.internal.work.DefaultWorkerLeaseService.runAsWorkerThread(DefaultWorkerLeaseService.java:128)
	at org.gradle.launcher.exec.RunAsWorkerThreadBuildActionExecutor.execute(RunAsWorkerThreadBuildActionExecutor.java:36)
	at org.gradle.tooling.internal.provider.continuous.ContinuousBuildActionExecutor.execute(ContinuousBuildActionExecutor.java:110)
	at org.gradle.tooling.internal.provider.SubscribableBuildActionExecutor.execute(SubscribableBuildActionExecutor.java:64)
	at org.gradle.internal.session.DefaultBuildSessionContext.execute(DefaultBuildSessionContext.java:46)
	at org.gradle.tooling.internal.provider.BuildSessionLifecycleBuildActionExecuter$ActionImpl.apply(BuildSessionLifecycleBuildActionExecuter.java:92)
	at org.gradle.tooling.internal.provider.BuildSessionLifecycleBuildActionExecuter$ActionImpl.apply(BuildSessionLifecycleBuildActionExecuter.java:80)
	at org.gradle.internal.session.BuildSessionState.run(BuildSessionState.java:69)
	at org.gradle.tooling.internal.provider.BuildSessionLifecycleBuildActionExecuter.execute(BuildSessionLifecycleBuildActionExecuter.java:62)
	at org.gradle.tooling.internal.provider.BuildSessionLifecycleBuildActionExecuter.execute(BuildSessionLifecycleBuildActionExecuter.java:41)
	at org.gradle.tooling.internal.provider.StartParamsValidatingActionExecuter.execute(StartParamsValidatingActionExecuter.java:64)
	at org.gradle.tooling.internal.provider.StartParamsValidatingActionExecuter.execute(StartParamsValidatingActionExecuter.java:32)
	at org.gradle.tooling.internal.provider.SessionFailureReportingActionExecuter.execute(SessionFailureReportingActionExecuter.java:51)
	at org.gradle.tooling.internal.provider.SessionFailureReportingActionExecuter.execute(SessionFailureReportingActionExecuter.java:39)
	at org.gradle.tooling.internal.provider.SetupLoggingActionExecuter.execute(SetupLoggingActionExecuter.java:47)
	at org.gradle.tooling.internal.provider.SetupLoggingActionExecuter.execute(SetupLoggingActionExecuter.java:31)
	at org.gradle.launcher.daemon.server.exec.ExecuteBuild.doBuild(ExecuteBuild.java:65)
	at org.gradle.launcher.daemon.server.exec.BuildCommandOnly.execute(BuildCommandOnly.java:37)
	at org.gradle.launcher.daemon.server.api.DaemonCommandExecution.proceed(DaemonCommandExecution.java:104)
	at org.gradle.launcher.daemon.server.exec.WatchForDisconnection.execute(WatchForDisconnection.java:39)
	at org.gradle.launcher.daemon.server.api.DaemonCommandExecution.proceed(DaemonCommandExecution.java:104)
	at org.gradle.launcher.daemon.server.exec.ResetDeprecationLogger.execute(ResetDeprecationLogger.java:29)
	at org.gradle.launcher.daemon.server.api.DaemonCommandExecution.proceed(DaemonCommandExecution.java:104)
	at org.gradle.launcher.daemon.server.exec.RequestStopIfSingleUsedDaemon.execute(RequestStopIfSingleUsedDaemon.java:35)
	at org.gradle.launcher.daemon.server.api.DaemonCommandExecution.proceed(DaemonCommandExecution.java:104)
	at org.gradle.launcher.daemon.server.exec.ForwardClientInput$2.create(ForwardClientInput.java:78)
	at org.gradle.launcher.daemon.server.exec.ForwardClientInput$2.create(ForwardClientInput.java:75)
	at org.gradle.util.internal.Swapper.swap(Swapper.java:38)
	at org.gradle.launcher.daemon.server.exec.ForwardClientInput.execute(ForwardClientInput.java:75)
	at org.gradle.launcher.daemon.server.api.DaemonCommandExecution.proceed(DaemonCommandExecution.java:104)
	at org.gradle.launcher.daemon.server.exec.LogAndCheckHealth.execute(LogAndCheckHealth.java:64)
	at org.gradle.launcher.daemon.server.api.DaemonCommandExecution.proceed(DaemonCommandExecution.java:104)
	at org.gradle.launcher.daemon.server.exec.LogToClient.doBuild(LogToClient.java:63)
	at org.gradle.launcher.daemon.server.exec.BuildCommandOnly.execute(BuildCommandOnly.java:37)
	at org.gradle.launcher.daemon.server.api.DaemonCommandExecution.proceed(DaemonCommandExecution.java:104)
	at org.gradle.launcher.daemon.server.exec.EstablishBuildEnvironment.doBuild(EstablishBuildEnvironment.java:84)
	at org.gradle.launcher.daemon.server.exec.BuildCommandOnly.execute(BuildCommandOnly.java:37)
	at org.gradle.launcher.daemon.server.api.DaemonCommandExecution.proceed(DaemonCommandExecution.java:104)
	at org.gradle.launcher.daemon.server.exec.StartBuildOrRespondWithBusy$1.run(StartBuildOrRespondWithBusy.java:52)
	at org.gradle.launcher.daemon.server.DaemonStateCoordinator$1.run(DaemonStateCoordinator.java:297)
	at org.gradle.internal.concurrent.ExecutorPolicy$CatchAndRecordFailures.onExecute(ExecutorPolicy.java:64)
	at org.gradle.internal.concurrent.AbstractManagedExecutor$1.run(AbstractManagedExecutor.java:47)
	at java.base/java.util.concurrent.ThreadPoolExecutor.runWorker(ThreadPoolExecutor.java:1136)
	at java.base/java.util.concurrent.ThreadPoolExecutor$Worker.run(ThreadPoolExecutor.java:635)
	at java.base/java.lang.Thread.run(Thread.java:840)
[gradle-intellij-plugin :] Cannot create plugin from file '/opt/android-studio/plugins/Groovy': Invalid plugin descriptor 'plugin.xml'. Unable to read the plugin descriptor: No enum constant com.jetbrains.plugin.structure.intellij.plugin.IdePluginContentDescriptor.ServiceType.APPLİCATİON.
[gradle-intellij-plugin :] Cannot create plugin from file '/opt/android-studio/plugins/Kotlin': Invalid plugin descriptor 'plugin.xml'. Failed to resolve <xi:include> statement in the plugin.xml file. Not found document 'kotlin.plugin.k1.xml' referenced in <xi:include href="kotlin.plugin.k1.xml", includeUnless="idea.kotlin.plugin.use.k2"/>. <xi:fallback> element is not provided. (at plugin.xml).
Unable to read descriptor [plugin.xml] from [/opt/android-studio/plugins/android/lib/android.jar]
java.lang.IllegalArgumentException: No enum constant com.jetbrains.plugin.structure.intellij.plugin.IdePluginContentDescriptor.ServiceType.APPLİCATİON
	at java.base/java.lang.Enum.valueOf(Enum.java:273)
	at com.jetbrains.plugin.structure.intellij.plugin.IdePluginContentDescriptor$ServiceType.valueOf(IdePluginContents.kt)
	at com.jetbrains.plugin.structure.intellij.plugin.PluginCreator.readServiceDescriptor(PluginCreator.kt:406)
	at com.jetbrains.plugin.structure.intellij.plugin.PluginCreator.readExtensions(PluginCreator.kt:341)
	at com.jetbrains.plugin.structure.intellij.plugin.PluginCreator.setInfoFromBean(PluginCreator.kt:320)
	at com.jetbrains.plugin.structure.intellij.plugin.PluginCreator.resolveDocumentAndValidateBean(PluginCreator.kt:664)
	at com.jetbrains.plugin.structure.intellij.plugin.PluginCreator.access$resolveDocumentAndValidateBean(PluginCreator.kt:31)
	at com.jetbrains.plugin.structure.intellij.plugin.PluginCreator$Companion.createPlugin(PluginCreator.kt:109)
	at com.jetbrains.plugin.structure.intellij.plugin.IdePluginManager.loadPluginInfoFromJarFile(IdePluginManager.kt:62)
	at com.jetbrains.plugin.structure.intellij.plugin.IdePluginManager.loadPluginInfoFromLibDirectory(IdePluginManager.kt:165)
	at com.jetbrains.plugin.structure.intellij.plugin.IdePluginManager.loadPluginInfoFromDirectory(IdePluginManager.kt:97)
	at com.jetbrains.plugin.structure.intellij.plugin.IdePluginManager.loadPluginInfoFromJarOrDirectory(IdePluginManager.kt:206)
	at com.jetbrains.plugin.structure.intellij.plugin.IdePluginManager.getPluginCreatorWithResult(IdePluginManager.kt:347)
	at com.jetbrains.plugin.structure.intellij.plugin.IdePluginManager.createPlugin(IdePluginManager.kt:314)
	at com.jetbrains.plugin.structure.intellij.plugin.IdePluginManager.createPlugin$default(IdePluginManager.kt:312)
	at org.jetbrains.intellij.Utils.createPlugin(utils.kt:222)
	at org.jetbrains.intellij.dependency.BuiltinPluginsRegistry.add(BuiltinPluginsRegistry.kt:89)
	at org.jetbrains.intellij.dependency.BuiltinPluginsRegistry.fillFromDirectory(BuiltinPluginsRegistry.kt:47)
	at org.jetbrains.intellij.dependency.BuiltinPluginsRegistry.access$fillFromDirectory(BuiltinPluginsRegistry.kt:21)
	at org.jetbrains.intellij.dependency.BuiltinPluginsRegistry$Companion.fromDirectory(BuiltinPluginsRegistry.kt:127)
	at org.jetbrains.intellij.dependency.IdeaDependencyManager.createDependency(IdeaDependencyManager.kt:92)
	at org.jetbrains.intellij.dependency.IdeaDependencyManager.resolveLocal(IdeaDependencyManager.kt:430)
	at org.jetbrains.intellij.IntelliJPlugin$prepareIdeaDependencyProvider$1.call(IntelliJPlugin.kt:299)
	at org.jetbrains.intellij.IntelliJPlugin$prepareIdeaDependencyProvider$1.call(IntelliJPlugin.kt:266)
	at org.gradle.api.internal.provider.DefaultProvider.calculateOwnValue(DefaultProvider.java:72)
	at org.gradle.api.internal.provider.AbstractMinimalProvider.calculateValue(AbstractMinimalProvider.java:115)
	at org.gradle.api.internal.provider.TransformBackedProvider.calculateOwnValue(TransformBackedProvider.java:82)
	at org.gradle.api.internal.provider.AbstractMinimalProvider.calculateValue(AbstractMinimalProvider.java:115)
	at org.gradle.api.internal.provider.AbstractMinimalProvider.withFinalValue(AbstractMinimalProvider.java:168)
	at org.gradle.api.internal.provider.DefaultProperty.finalValue(DefaultProperty.java:133)
	at org.gradle.api.internal.provider.DefaultProperty.finalValue(DefaultProperty.java:26)
	at org.gradle.api.internal.provider.AbstractProperty.finalizeNow(AbstractProperty.java:245)
	at org.gradle.api.internal.provider.AbstractProperty.beforeRead(AbstractProperty.java:239)
	at org.gradle.api.internal.provider.AbstractProperty.calculateOwnValue(AbstractProperty.java:135)
	at org.gradle.api.internal.provider.AbstractMinimalProvider.calculateValue(AbstractMinimalProvider.java:115)
	at org.gradle.api.internal.provider.TransformBackedProvider.calculateOwnValue(TransformBackedProvider.java:82)
	at org.gradle.api.internal.provider.AbstractMinimalProvider.calculateValue(AbstractMinimalProvider.java:115)
	at org.gradle.api.internal.provider.Collectors$ElementsFromCollectionProvider.collectEntries(Collectors.java:220)
	at org.gradle.api.internal.provider.AbstractCollectionProperty$CollectingSupplier.calculateValue(AbstractCollectionProperty.java:344)
	at org.gradle.api.internal.provider.AbstractCollectionProperty.calculateValueFrom(AbstractCollectionProperty.java:189)
	at org.gradle.api.internal.provider.AbstractCollectionProperty.calculateValueFrom(AbstractCollectionProperty.java:37)
	at org.gradle.api.internal.provider.AbstractProperty.doCalculateValue(AbstractProperty.java:142)
	at org.gradle.api.internal.provider.AbstractProperty.calculateOwnValue(AbstractProperty.java:136)
	at org.gradle.api.internal.provider.AbstractMinimalProvider.calculateOwnPresentValue(AbstractMinimalProvider.java:80)
	at org.gradle.api.internal.provider.AbstractMinimalProvider.get(AbstractMinimalProvider.java:100)
	at org.jetbrains.intellij.IntelliJPlugin$configurePrepareSandboxTasks$5$5.transform(IntelliJPlugin.kt:625)
	at org.jetbrains.intellij.IntelliJPlugin$configurePrepareSandboxTasks$5$5.transform(IntelliJPlugin.kt:624)
	at org.gradle.api.internal.provider.ValueSupplier$Present.transform(ValueSupplier.java:541)
	at org.gradle.api.internal.provider.TransformBackedProvider.mapValue(TransformBackedProvider.java:91)
	at org.gradle.api.internal.provider.TransformBackedProvider.calculateOwnValue(TransformBackedProvider.java:83)
	at org.gradle.api.internal.provider.AbstractMinimalProvider.calculateOwnPresentValue(AbstractMinimalProvider.java:80)
	at org.gradle.api.internal.provider.AbstractMinimalProvider.get(AbstractMinimalProvider.java:100)
	at org.gradle.api.internal.provider.ProviderResolutionStrategy$2.resolve(ProviderResolutionStrategy.java:33)
	at org.gradle.api.internal.file.collections.ProviderBackedFileCollection.visitDependencies(ProviderBackedFileCollection.java:57)
	at org.gradle.api.internal.tasks.CachingTaskDependencyResolveContext$TaskGraphImpl.getNodeValues(CachingTaskDependencyResolveContext.java:103)
	at org.gradle.internal.graph.CachingDirectedGraphWalker$GraphWithEmptyEdges.getNodeValues(CachingDirectedGraphWalker.java:213)
	at org.gradle.internal.graph.CachingDirectedGraphWalker.doSearch(CachingDirectedGraphWalker.java:121)
	at org.gradle.internal.graph.CachingDirectedGraphWalker.findValues(CachingDirectedGraphWalker.java:73)
	at org.gradle.api.internal.tasks.CachingTaskDependencyResolveContext.getDependencies(CachingTaskDependencyResolveContext.java:66)
	at org.gradle.execution.plan.TaskDependencyResolver.resolveDependenciesFor(TaskDependencyResolver.java:49)
	at org.gradle.execution.plan.LocalTaskNode.getDependencies(LocalTaskNode.java:148)
	at org.gradle.execution.plan.LocalTaskNode.resolveDependencies(LocalTaskNode.java:122)
	at org.gradle.execution.plan.DefaultExecutionPlan.discoverNodeRelationships(DefaultExecutionPlan.java:183)
	at org.gradle.execution.plan.DefaultExecutionPlan.doAddEntryNodes(DefaultExecutionPlan.java:155)
	at org.gradle.execution.plan.DefaultExecutionPlan.addEntryTasks(DefaultExecutionPlan.java:130)
	at org.gradle.execution.plan.DefaultExecutionPlan.addEntryTasks(DefaultExecutionPlan.java:122)
	at org.gradle.execution.TaskNameResolvingBuildTaskScheduler.scheduleRequestedTasks(TaskNameResolvingBuildTaskScheduler.java:54)
	at org.gradle.execution.DefaultTasksBuildTaskScheduler.scheduleRequestedTasks(DefaultTasksBuildTaskScheduler.java:72)
	at org.gradle.initialization.DefaultTaskExecutionPreparer.lambda$scheduleRequestedTasks$0(DefaultTaskExecutionPreparer.java:46)
	at org.gradle.internal.Factories$1.create(Factories.java:31)
	at org.gradle.internal.work.DefaultWorkerLeaseService.withReplacedLocks(DefaultWorkerLeaseService.java:360)
	at org.gradle.api.internal.project.DefaultProjectStateRegistry$DefaultBuildProjectRegistry.withMutableStateOfAllProjects(DefaultProjectStateRegistry.java:239)
	at org.gradle.api.internal.project.DefaultProjectStateRegistry$DefaultBuildProjectRegistry.withMutableStateOfAllProjects(DefaultProjectStateRegistry.java:232)
	at org.gradle.initialization.DefaultTaskExecutionPreparer.scheduleRequestedTasks(DefaultTaskExecutionPreparer.java:45)
	at org.gradle.initialization.VintageBuildModelController.lambda$scheduleRequestedTasks$0(VintageBuildModelController.java:76)
	at org.gradle.internal.model.StateTransitionController.lambda$inState$1(StateTransitionController.java:99)
	at org.gradle.internal.model.StateTransitionController.lambda$inState$2(StateTransitionController.java:114)
	at org.gradle.internal.work.DefaultSynchronizer.withLock(DefaultSynchronizer.java:44)
	at org.gradle.internal.model.StateTransitionController.inState(StateTransitionController.java:110)
	at org.gradle.internal.model.StateTransitionController.inState(StateTransitionController.java:98)
	at org.gradle.initialization.VintageBuildModelController.scheduleRequestedTasks(VintageBuildModelController.java:76)
	at org.gradle.internal.build.DefaultBuildLifecycleController$DefaultWorkGraphBuilder.addRequestedTasks(DefaultBuildLifecycleController.java:404)
	at org.gradle.internal.buildtree.DefaultBuildTreeWorkPreparer.lambda$scheduleRequestedTasks$0(DefaultBuildTreeWorkPreparer.java:41)
	at org.gradle.internal.build.DefaultBuildLifecycleController.lambda$populateWorkGraph$7(DefaultBuildLifecycleController.java:189)
	at org.gradle.internal.build.DefaultBuildWorkPreparer.populateWorkGraph(DefaultBuildWorkPreparer.java:42)
	at org.gradle.internal.build.BuildOperationFiringBuildWorkPreparer$PopulateWorkGraph.populateTaskGraph(BuildOperationFiringBuildWorkPreparer.java:106)
	at org.gradle.internal.build.BuildOperationFiringBuildWorkPreparer$PopulateWorkGraph.run(BuildOperationFiringBuildWorkPreparer.java:92)
	at org.gradle.internal.operations.DefaultBuildOperationRunner$1.execute(DefaultBuildOperationRunner.java:29)
	at org.gradle.internal.operations.DefaultBuildOperationRunner$1.execute(DefaultBuildOperationRunner.java:26)
	at org.gradle.internal.operations.DefaultBuildOperationRunner$2.execute(DefaultBuildOperationRunner.java:66)
	at org.gradle.internal.operations.DefaultBuildOperationRunner$2.execute(DefaultBuildOperationRunner.java:59)
	at org.gradle.internal.operations.DefaultBuildOperationRunner.execute(DefaultBuildOperationRunner.java:157)
	at org.gradle.internal.operations.DefaultBuildOperationRunner.execute(DefaultBuildOperationRunner.java:59)
	at org.gradle.internal.operations.DefaultBuildOperationRunner.run(DefaultBuildOperationRunner.java:47)
	at org.gradle.internal.operations.DefaultBuildOperationExecutor.run(DefaultBuildOperationExecutor.java:68)
	at org.gradle.internal.build.BuildOperationFiringBuildWorkPreparer.populateWorkGraph(BuildOperationFiringBuildWorkPreparer.java:67)
	at org.gradle.internal.build.DefaultBuildLifecycleController.lambda$populateWorkGraph$8(DefaultBuildLifecycleController.java:189)
	at org.gradle.internal.model.StateTransitionController.lambda$inState$1(StateTransitionController.java:99)
	at org.gradle.internal.model.StateTransitionController.lambda$inState$2(StateTransitionController.java:114)
	at org.gradle.internal.work.DefaultSynchronizer.withLock(DefaultSynchronizer.java:44)
	at org.gradle.internal.model.StateTransitionController.inState(StateTransitionController.java:110)
	at org.gradle.internal.model.StateTransitionController.inState(StateTransitionController.java:98)
	at org.gradle.internal.build.DefaultBuildLifecycleController.populateWorkGraph(DefaultBuildLifecycleController.java:189)
	at org.gradle.internal.build.DefaultBuildWorkGraphController$DefaultBuildWorkGraph.populateWorkGraph(DefaultBuildWorkGraphController.java:169)
	at org.gradle.composite.internal.DefaultBuildController.populateWorkGraph(DefaultBuildController.java:76)
	at org.gradle.composite.internal.DefaultIncludedBuildTaskGraph$DefaultBuildTreeWorkGraphBuilder.withWorkGraph(DefaultIncludedBuildTaskGraph.java:153)
	at org.gradle.internal.buildtree.DefaultBuildTreeWorkPreparer.lambda$scheduleRequestedTasks$1(DefaultBuildTreeWorkPreparer.java:41)
	at org.gradle.composite.internal.DefaultIncludedBuildTaskGraph$DefaultBuildTreeWorkGraph$1.run(DefaultIncludedBuildTaskGraph.java:209)
	at org.gradle.internal.operations.DefaultBuildOperationRunner$1.execute(DefaultBuildOperationRunner.java:29)
	at org.gradle.internal.operations.DefaultBuildOperationRunner$1.execute(DefaultBuildOperationRunner.java:26)
	at org.gradle.internal.operations.DefaultBuildOperationRunner$2.execute(DefaultBuildOperationRunner.java:66)
	at org.gradle.internal.operations.DefaultBuildOperationRunner$2.execute(DefaultBuildOperationRunner.java:59)
	at org.gradle.internal.operations.DefaultBuildOperationRunner.execute(DefaultBuildOperationRunner.java:157)
	at org.gradle.internal.operations.DefaultBuildOperationRunner.execute(DefaultBuildOperationRunner.java:59)
	at org.gradle.internal.operations.DefaultBuildOperationRunner.run(DefaultBuildOperationRunner.java:47)
	at org.gradle.internal.operations.DefaultBuildOperationExecutor.run(DefaultBuildOperationExecutor.java:68)
	at org.gradle.composite.internal.DefaultIncludedBuildTaskGraph$DefaultBuildTreeWorkGraph.scheduleWork(DefaultIncludedBuildTaskGraph.java:204)
	at org.gradle.internal.buildtree.DefaultBuildTreeWorkPreparer.scheduleRequestedTasks(DefaultBuildTreeWorkPreparer.java:37)
	at org.gradle.configurationcache.VintageBuildTreeWorkController$scheduleAndRunRequestedTasks$1.apply(VintageBuildTreeWorkController.kt:36)
	at org.gradle.configurationcache.VintageBuildTreeWorkController$scheduleAndRunRequestedTasks$1.apply(VintageBuildTreeWorkController.kt:35)
	at org.gradle.composite.internal.DefaultIncludedBuildTaskGraph.withNewWorkGraph(DefaultIncludedBuildTaskGraph.java:112)
	at org.gradle.configurationcache.VintageBuildTreeWorkController.scheduleAndRunRequestedTasks(VintageBuildTreeWorkController.kt:35)
	at org.gradle.internal.buildtree.DefaultBuildTreeLifecycleController.lambda$scheduleAndRunTasks$1(DefaultBuildTreeLifecycleController.java:76)
	at org.gradle.internal.buildtree.DefaultBuildTreeLifecycleController.lambda$runBuild$4(DefaultBuildTreeLifecycleController.java:119)
	at org.gradle.internal.model.StateTransitionController.lambda$transition$6(StateTransitionController.java:169)
	at org.gradle.internal.model.StateTransitionController.doTransition(StateTransitionController.java:266)
	at org.gradle.internal.model.StateTransitionController.lambda$transition$7(StateTransitionController.java:169)
	at org.gradle.internal.work.DefaultSynchronizer.withLock(DefaultSynchronizer.java:44)
	at org.gradle.internal.model.StateTransitionController.transition(StateTransitionController.java:169)
	at org.gradle.internal.buildtree.DefaultBuildTreeLifecycleController.runBuild(DefaultBuildTreeLifecycleController.java:116)
	at org.gradle.internal.buildtree.DefaultBuildTreeLifecycleController.scheduleAndRunTasks(DefaultBuildTreeLifecycleController.java:76)
	at org.gradle.internal.buildtree.DefaultBuildTreeLifecycleController.scheduleAndRunTasks(DefaultBuildTreeLifecycleController.java:71)
	at org.gradle.tooling.internal.provider.ExecuteBuildActionRunner.run(ExecuteBuildActionRunner.java:31)
	at org.gradle.launcher.exec.ChainingBuildActionRunner.run(ChainingBuildActionRunner.java:35)
	at org.gradle.internal.buildtree.ProblemReportingBuildActionRunner.run(ProblemReportingBuildActionRunner.java:49)
	at org.gradle.launcher.exec.BuildOutcomeReportingBuildActionRunner.run(BuildOutcomeReportingBuildActionRunner.java:65)
	at org.gradle.tooling.internal.provider.FileSystemWatchingBuildActionRunner.run(FileSystemWatchingBuildActionRunner.java:140)
	at org.gradle.launcher.exec.BuildCompletionNotifyingBuildActionRunner.run(BuildCompletionNotifyingBuildActionRunner.java:41)
	at org.gradle.launcher.exec.RootBuildLifecycleBuildActionExecutor.lambda$execute$0(RootBuildLifecycleBuildActionExecutor.java:40)
	at org.gradle.composite.internal.DefaultRootBuildState.run(DefaultRootBuildState.java:123)
	at org.gradle.launcher.exec.RootBuildLifecycleBuildActionExecutor.execute(RootBuildLifecycleBuildActionExecutor.java:40)
	at org.gradle.internal.buildtree.InitDeprecationLoggingActionExecutor.execute(InitDeprecationLoggingActionExecutor.java:62)
	at org.gradle.internal.buildtree.InitProblems.execute(InitProblems.java:38)
	at org.gradle.internal.buildtree.DefaultBuildTreeContext.execute(DefaultBuildTreeContext.java:40)
	at org.gradle.launcher.exec.BuildTreeLifecycleBuildActionExecutor.lambda$execute$0(BuildTreeLifecycleBuildActionExecutor.java:58)
	at org.gradle.internal.buildtree.BuildTreeState.run(BuildTreeState.java:58)
	at org.gradle.launcher.exec.BuildTreeLifecycleBuildActionExecutor.execute(BuildTreeLifecycleBuildActionExecutor.java:58)
	at org.gradle.launcher.exec.RunAsBuildOperationBuildActionExecutor$3.call(RunAsBuildOperationBuildActionExecutor.java:61)
	at org.gradle.launcher.exec.RunAsBuildOperationBuildActionExecutor$3.call(RunAsBuildOperationBuildActionExecutor.java:57)
	at org.gradle.internal.operations.DefaultBuildOperationRunner$CallableBuildOperationWorker.execute(DefaultBuildOperationRunner.java:204)
	at org.gradle.internal.operations.DefaultBuildOperationRunner$CallableBuildOperationWorker.execute(DefaultBuildOperationRunner.java:199)
	at org.gradle.internal.operations.DefaultBuildOperationRunner$2.execute(DefaultBuildOperationRunner.java:66)
	at org.gradle.internal.operations.DefaultBuildOperationRunner$2.execute(DefaultBuildOperationRunner.java:59)
	at org.gradle.internal.operations.DefaultBuildOperationRunner.execute(DefaultBuildOperationRunner.java:157)
	at org.gradle.internal.operations.DefaultBuildOperationRunner.execute(DefaultBuildOperationRunner.java:59)
	at org.gradle.internal.operations.DefaultBuildOperationRunner.call(DefaultBuildOperationRunner.java:53)
	at org.gradle.internal.operations.DefaultBuildOperationExecutor.call(DefaultBuildOperationExecutor.java:73)
	at org.gradle.launcher.exec.RunAsBuildOperationBuildActionExecutor.execute(RunAsBuildOperationBuildActionExecutor.java:57)
	at org.gradle.launcher.exec.RunAsWorkerThreadBuildActionExecutor.lambda$execute$0(RunAsWorkerThreadBuildActionExecutor.java:36)
	at org.gradle.internal.work.DefaultWorkerLeaseService.withLocks(DefaultWorkerLeaseService.java:264)
	at org.gradle.internal.work.DefaultWorkerLeaseService.runAsWorkerThread(DefaultWorkerLeaseService.java:128)
	at org.gradle.launcher.exec.RunAsWorkerThreadBuildActionExecutor.execute(RunAsWorkerThreadBuildActionExecutor.java:36)
	at org.gradle.tooling.internal.provider.continuous.ContinuousBuildActionExecutor.execute(ContinuousBuildActionExecutor.java:110)
	at org.gradle.tooling.internal.provider.SubscribableBuildActionExecutor.execute(SubscribableBuildActionExecutor.java:64)
	at org.gradle.internal.session.DefaultBuildSessionContext.execute(DefaultBuildSessionContext.java:46)
	at org.gradle.tooling.internal.provider.BuildSessionLifecycleBuildActionExecuter$ActionImpl.apply(BuildSessionLifecycleBuildActionExecuter.java:92)
	at org.gradle.tooling.internal.provider.BuildSessionLifecycleBuildActionExecuter$ActionImpl.apply(BuildSessionLifecycleBuildActionExecuter.java:80)
	at org.gradle.internal.session.BuildSessionState.run(BuildSessionState.java:69)
	at org.gradle.tooling.internal.provider.BuildSessionLifecycleBuildActionExecuter.execute(BuildSessionLifecycleBuildActionExecuter.java:62)
	at org.gradle.tooling.internal.provider.BuildSessionLifecycleBuildActionExecuter.execute(BuildSessionLifecycleBuildActionExecuter.java:41)
	at org.gradle.tooling.internal.provider.StartParamsValidatingActionExecuter.execute(StartParamsValidatingActionExecuter.java:64)
	at org.gradle.tooling.internal.provider.StartParamsValidatingActionExecuter.execute(StartParamsValidatingActionExecuter.java:32)
	at org.gradle.tooling.internal.provider.SessionFailureReportingActionExecuter.execute(SessionFailureReportingActionExecuter.java:51)
	at org.gradle.tooling.internal.provider.SessionFailureReportingActionExecuter.execute(SessionFailureReportingActionExecuter.java:39)
	at org.gradle.tooling.internal.provider.SetupLoggingActionExecuter.execute(SetupLoggingActionExecuter.java:47)
	at org.gradle.tooling.internal.provider.SetupLoggingActionExecuter.execute(SetupLoggingActionExecuter.java:31)
	at org.gradle.launcher.daemon.server.exec.ExecuteBuild.doBuild(ExecuteBuild.java:65)
	at org.gradle.launcher.daemon.server.exec.BuildCommandOnly.execute(BuildCommandOnly.java:37)
	at org.gradle.launcher.daemon.server.api.DaemonCommandExecution.proceed(DaemonCommandExecution.java:104)
	at org.gradle.launcher.daemon.server.exec.WatchForDisconnection.execute(WatchForDisconnection.java:39)
	at org.gradle.launcher.daemon.server.api.DaemonCommandExecution.proceed(DaemonCommandExecution.java:104)
	at org.gradle.launcher.daemon.server.exec.ResetDeprecationLogger.execute(ResetDeprecationLogger.java:29)
	at org.gradle.launcher.daemon.server.api.DaemonCommandExecution.proceed(DaemonCommandExecution.java:104)
	at org.gradle.launcher.daemon.server.exec.RequestStopIfSingleUsedDaemon.execute(RequestStopIfSingleUsedDaemon.java:35)
	at org.gradle.launcher.daemon.server.api.DaemonCommandExecution.proceed(DaemonCommandExecution.java:104)
	at org.gradle.launcher.daemon.server.exec.ForwardClientInput$2.create(ForwardClientInput.java:78)
	at org.gradle.launcher.daemon.server.exec.ForwardClientInput$2.create(ForwardClientInput.java:75)
	at org.gradle.util.internal.Swapper.swap(Swapper.java:38)
	at org.gradle.launcher.daemon.server.exec.ForwardClientInput.execute(ForwardClientInput.java:75)
	at org.gradle.launcher.daemon.server.api.DaemonCommandExecution.proceed(DaemonCommandExecution.java:104)
	at org.gradle.launcher.daemon.server.exec.LogAndCheckHealth.execute(LogAndCheckHealth.java:64)
	at org.gradle.launcher.daemon.server.api.DaemonCommandExecution.proceed(DaemonCommandExecution.java:104)
	at org.gradle.launcher.daemon.server.exec.LogToClient.doBuild(LogToClient.java:63)
	at org.gradle.launcher.daemon.server.exec.BuildCommandOnly.execute(BuildCommandOnly.java:37)
	at org.gradle.launcher.daemon.server.api.DaemonCommandExecution.proceed(DaemonCommandExecution.java:104)
	at org.gradle.launcher.daemon.server.exec.EstablishBuildEnvironment.doBuild(EstablishBuildEnvironment.java:84)
	at org.gradle.launcher.daemon.server.exec.BuildCommandOnly.execute(BuildCommandOnly.java:37)
	at org.gradle.launcher.daemon.server.api.DaemonCommandExecution.proceed(DaemonCommandExecution.java:104)
	at org.gradle.launcher.daemon.server.exec.StartBuildOrRespondWithBusy$1.run(StartBuildOrRespondWithBusy.java:52)
	at org.gradle.launcher.daemon.server.DaemonStateCoordinator$1.run(DaemonStateCoordinator.java:297)
	at org.gradle.internal.concurrent.ExecutorPolicy$CatchAndRecordFailures.onExecute(ExecutorPolicy.java:64)
	at org.gradle.internal.concurrent.AbstractManagedExecutor$1.run(AbstractManagedExecutor.java:47)
	at java.base/java.util.concurrent.ThreadPoolExecutor.runWorker(ThreadPoolExecutor.java:1136)
	at java.base/java.util.concurrent.ThreadPoolExecutor$Worker.run(ThreadPoolExecutor.java:635)
	at java.base/java.lang.Thread.run(Thread.java:840)
[gradle-intellij-plugin :] Cannot create plugin from file '/opt/android-studio/plugins/android': Invalid plugin descriptor 'plugin.xml'. Unable to read the plugin descriptor: No enum constant com.jetbrains.plugin.structure.intellij.plugin.IdePluginContentDescriptor.ServiceType.APPLİCATİON.
Unable to read descriptor [plugin.xml] from [/opt/android-studio/plugins/android-apk/lib/android-apk.jar]
java.lang.IllegalArgumentException: No enum constant com.jetbrains.plugin.structure.intellij.plugin.IdePluginContentDescriptor.ServiceType.APPLİCATİON
	at java.base/java.lang.Enum.valueOf(Enum.java:273)
	at com.jetbrains.plugin.structure.intellij.plugin.IdePluginContentDescriptor$ServiceType.valueOf(IdePluginContents.kt)
	at com.jetbrains.plugin.structure.intellij.plugin.PluginCreator.readServiceDescriptor(PluginCreator.kt:406)
	at com.jetbrains.plugin.structure.intellij.plugin.PluginCreator.readExtensions(PluginCreator.kt:341)
	at com.jetbrains.plugin.structure.intellij.plugin.PluginCreator.setInfoFromBean(PluginCreator.kt:320)
	at com.jetbrains.plugin.structure.intellij.plugin.PluginCreator.resolveDocumentAndValidateBean(PluginCreator.kt:664)
	at com.jetbrains.plugin.structure.intellij.plugin.PluginCreator.access$resolveDocumentAndValidateBean(PluginCreator.kt:31)
	at com.jetbrains.plugin.structure.intellij.plugin.PluginCreator$Companion.createPlugin(PluginCreator.kt:109)
	at com.jetbrains.plugin.structure.intellij.plugin.IdePluginManager.loadPluginInfoFromJarFile(IdePluginManager.kt:62)
	at com.jetbrains.plugin.structure.intellij.plugin.IdePluginManager.loadPluginInfoFromLibDirectory(IdePluginManager.kt:165)
	at com.jetbrains.plugin.structure.intellij.plugin.IdePluginManager.loadPluginInfoFromDirectory(IdePluginManager.kt:97)
	at com.jetbrains.plugin.structure.intellij.plugin.IdePluginManager.loadPluginInfoFromJarOrDirectory(IdePluginManager.kt:206)
	at com.jetbrains.plugin.structure.intellij.plugin.IdePluginManager.getPluginCreatorWithResult(IdePluginManager.kt:347)
	at com.jetbrains.plugin.structure.intellij.plugin.IdePluginManager.createPlugin(IdePluginManager.kt:314)
	at com.jetbrains.plugin.structure.intellij.plugin.IdePluginManager.createPlugin$default(IdePluginManager.kt:312)
	at org.jetbrains.intellij.Utils.createPlugin(utils.kt:222)
	at org.jetbrains.intellij.dependency.BuiltinPluginsRegistry.add(BuiltinPluginsRegistry.kt:89)
	at org.jetbrains.intellij.dependency.BuiltinPluginsRegistry.fillFromDirectory(BuiltinPluginsRegistry.kt:47)
	at org.jetbrains.intellij.dependency.BuiltinPluginsRegistry.access$fillFromDirectory(BuiltinPluginsRegistry.kt:21)
	at org.jetbrains.intellij.dependency.BuiltinPluginsRegistry$Companion.fromDirectory(BuiltinPluginsRegistry.kt:127)
	at org.jetbrains.intellij.dependency.IdeaDependencyManager.createDependency(IdeaDependencyManager.kt:92)
	at org.jetbrains.intellij.dependency.IdeaDependencyManager.resolveLocal(IdeaDependencyManager.kt:430)
	at org.jetbrains.intellij.IntelliJPlugin$prepareIdeaDependencyProvider$1.call(IntelliJPlugin.kt:299)
	at org.jetbrains.intellij.IntelliJPlugin$prepareIdeaDependencyProvider$1.call(IntelliJPlugin.kt:266)
	at org.gradle.api.internal.provider.DefaultProvider.calculateOwnValue(DefaultProvider.java:72)
	at org.gradle.api.internal.provider.AbstractMinimalProvider.calculateValue(AbstractMinimalProvider.java:115)
	at org.gradle.api.internal.provider.TransformBackedProvider.calculateOwnValue(TransformBackedProvider.java:82)
	at org.gradle.api.internal.provider.AbstractMinimalProvider.calculateValue(AbstractMinimalProvider.java:115)
	at org.gradle.api.internal.provider.AbstractMinimalProvider.withFinalValue(AbstractMinimalProvider.java:168)
	at org.gradle.api.internal.provider.DefaultProperty.finalValue(DefaultProperty.java:133)
	at org.gradle.api.internal.provider.DefaultProperty.finalValue(DefaultProperty.java:26)
	at org.gradle.api.internal.provider.AbstractProperty.finalizeNow(AbstractProperty.java:245)
	at org.gradle.api.internal.provider.AbstractProperty.beforeRead(AbstractProperty.java:239)
	at org.gradle.api.internal.provider.AbstractProperty.calculateOwnValue(AbstractProperty.java:135)
	at org.gradle.api.internal.provider.AbstractMinimalProvider.calculateValue(AbstractMinimalProvider.java:115)
	at org.gradle.api.internal.provider.TransformBackedProvider.calculateOwnValue(TransformBackedProvider.java:82)
	at org.gradle.api.internal.provider.AbstractMinimalProvider.calculateValue(AbstractMinimalProvider.java:115)
	at org.gradle.api.internal.provider.Collectors$ElementsFromCollectionProvider.collectEntries(Collectors.java:220)
	at org.gradle.api.internal.provider.AbstractCollectionProperty$CollectingSupplier.calculateValue(AbstractCollectionProperty.java:344)
	at org.gradle.api.internal.provider.AbstractCollectionProperty.calculateValueFrom(AbstractCollectionProperty.java:189)
	at org.gradle.api.internal.provider.AbstractCollectionProperty.calculateValueFrom(AbstractCollectionProperty.java:37)
	at org.gradle.api.internal.provider.AbstractProperty.doCalculateValue(AbstractProperty.java:142)
	at org.gradle.api.internal.provider.AbstractProperty.calculateOwnValue(AbstractProperty.java:136)
	at org.gradle.api.internal.provider.AbstractMinimalProvider.calculateOwnPresentValue(AbstractMinimalProvider.java:80)
	at org.gradle.api.internal.provider.AbstractMinimalProvider.get(AbstractMinimalProvider.java:100)
	at org.jetbrains.intellij.IntelliJPlugin$configurePrepareSandboxTasks$5$5.transform(IntelliJPlugin.kt:625)
	at org.jetbrains.intellij.IntelliJPlugin$configurePrepareSandboxTasks$5$5.transform(IntelliJPlugin.kt:624)
	at org.gradle.api.internal.provider.ValueSupplier$Present.transform(ValueSupplier.java:541)
	at org.gradle.api.internal.provider.TransformBackedProvider.mapValue(TransformBackedProvider.java:91)
	at org.gradle.api.internal.provider.TransformBackedProvider.calculateOwnValue(TransformBackedProvider.java:83)
	at org.gradle.api.internal.provider.AbstractMinimalProvider.calculateOwnPresentValue(AbstractMinimalProvider.java:80)
	at org.gradle.api.internal.provider.AbstractMinimalProvider.get(AbstractMinimalProvider.java:100)
	at org.gradle.api.internal.provider.ProviderResolutionStrategy$2.resolve(ProviderResolutionStrategy.java:33)
	at org.gradle.api.internal.file.collections.ProviderBackedFileCollection.visitDependencies(ProviderBackedFileCollection.java:57)
	at org.gradle.api.internal.tasks.CachingTaskDependencyResolveContext$TaskGraphImpl.getNodeValues(CachingTaskDependencyResolveContext.java:103)
	at org.gradle.internal.graph.CachingDirectedGraphWalker$GraphWithEmptyEdges.getNodeValues(CachingDirectedGraphWalker.java:213)
	at org.gradle.internal.graph.CachingDirectedGraphWalker.doSearch(CachingDirectedGraphWalker.java:121)
	at org.gradle.internal.graph.CachingDirectedGraphWalker.findValues(CachingDirectedGraphWalker.java:73)
	at org.gradle.api.internal.tasks.CachingTaskDependencyResolveContext.getDependencies(CachingTaskDependencyResolveContext.java:66)
	at org.gradle.execution.plan.TaskDependencyResolver.resolveDependenciesFor(TaskDependencyResolver.java:49)
	at org.gradle.execution.plan.LocalTaskNode.getDependencies(LocalTaskNode.java:148)
	at org.gradle.execution.plan.LocalTaskNode.resolveDependencies(LocalTaskNode.java:122)
	at org.gradle.execution.plan.DefaultExecutionPlan.discoverNodeRelationships(DefaultExecutionPlan.java:183)
	at org.gradle.execution.plan.DefaultExecutionPlan.doAddEntryNodes(DefaultExecutionPlan.java:155)
	at org.gradle.execution.plan.DefaultExecutionPlan.addEntryTasks(DefaultExecutionPlan.java:130)
	at org.gradle.execution.plan.DefaultExecutionPlan.addEntryTasks(DefaultExecutionPlan.java:122)
	at org.gradle.execution.TaskNameResolvingBuildTaskScheduler.scheduleRequestedTasks(TaskNameResolvingBuildTaskScheduler.java:54)
	at org.gradle.execution.DefaultTasksBuildTaskScheduler.scheduleRequestedTasks(DefaultTasksBuildTaskScheduler.java:72)
	at org.gradle.initialization.DefaultTaskExecutionPreparer.lambda$scheduleRequestedTasks$0(DefaultTaskExecutionPreparer.java:46)
	at org.gradle.internal.Factories$1.create(Factories.java:31)
	at org.gradle.internal.work.DefaultWorkerLeaseService.withReplacedLocks(DefaultWorkerLeaseService.java:360)
	at org.gradle.api.internal.project.DefaultProjectStateRegistry$DefaultBuildProjectRegistry.withMutableStateOfAllProjects(DefaultProjectStateRegistry.java:239)
	at org.gradle.api.internal.project.DefaultProjectStateRegistry$DefaultBuildProjectRegistry.withMutableStateOfAllProjects(DefaultProjectStateRegistry.java:232)
	at org.gradle.initialization.DefaultTaskExecutionPreparer.scheduleRequestedTasks(DefaultTaskExecutionPreparer.java:45)
	at org.gradle.initialization.VintageBuildModelController.lambda$scheduleRequestedTasks$0(VintageBuildModelController.java:76)
	at org.gradle.internal.model.StateTransitionController.lambda$inState$1(StateTransitionController.java:99)
	at org.gradle.internal.model.StateTransitionController.lambda$inState$2(StateTransitionController.java:114)
	at org.gradle.internal.work.DefaultSynchronizer.withLock(DefaultSynchronizer.java:44)
	at org.gradle.internal.model.StateTransitionController.inState(StateTransitionController.java:110)
	at org.gradle.internal.model.StateTransitionController.inState(StateTransitionController.java:98)
	at org.gradle.initialization.VintageBuildModelController.scheduleRequestedTasks(VintageBuildModelController.java:76)
	at org.gradle.internal.build.DefaultBuildLifecycleController$DefaultWorkGraphBuilder.addRequestedTasks(DefaultBuildLifecycleController.java:404)
	at org.gradle.internal.buildtree.DefaultBuildTreeWorkPreparer.lambda$scheduleRequestedTasks$0(DefaultBuildTreeWorkPreparer.java:41)
	at org.gradle.internal.build.DefaultBuildLifecycleController.lambda$populateWorkGraph$7(DefaultBuildLifecycleController.java:189)
	at org.gradle.internal.build.DefaultBuildWorkPreparer.populateWorkGraph(DefaultBuildWorkPreparer.java:42)
	at org.gradle.internal.build.BuildOperationFiringBuildWorkPreparer$PopulateWorkGraph.populateTaskGraph(BuildOperationFiringBuildWorkPreparer.java:106)
	at org.gradle.internal.build.BuildOperationFiringBuildWorkPreparer$PopulateWorkGraph.run(BuildOperationFiringBuildWorkPreparer.java:92)
	at org.gradle.internal.operations.DefaultBuildOperationRunner$1.execute(DefaultBuildOperationRunner.java:29)
	at org.gradle.internal.operations.DefaultBuildOperationRunner$1.execute(DefaultBuildOperationRunner.java:26)
	at org.gradle.internal.operations.DefaultBuildOperationRunner$2.execute(DefaultBuildOperationRunner.java:66)
	at org.gradle.internal.operations.DefaultBuildOperationRunner$2.execute(DefaultBuildOperationRunner.java:59)
	at org.gradle.internal.operations.DefaultBuildOperationRunner.execute(DefaultBuildOperationRunner.java:157)
	at org.gradle.internal.operations.DefaultBuildOperationRunner.execute(DefaultBuildOperationRunner.java:59)
	at org.gradle.internal.operations.DefaultBuildOperationRunner.run(DefaultBuildOperationRunner.java:47)
	at org.gradle.internal.operations.DefaultBuildOperationExecutor.run(DefaultBuildOperationExecutor.java:68)
	at org.gradle.internal.build.BuildOperationFiringBuildWorkPreparer.populateWorkGraph(BuildOperationFiringBuildWorkPreparer.java:67)
	at org.gradle.internal.build.DefaultBuildLifecycleController.lambda$populateWorkGraph$8(DefaultBuildLifecycleController.java:189)
	at org.gradle.internal.model.StateTransitionController.lambda$inState$1(StateTransitionController.java:99)
	at org.gradle.internal.model.StateTransitionController.lambda$inState$2(StateTransitionController.java:114)
	at org.gradle.internal.work.DefaultSynchronizer.withLock(DefaultSynchronizer.java:44)
	at org.gradle.internal.model.StateTransitionController.inState(StateTransitionController.java:110)
	at org.gradle.internal.model.StateTransitionController.inState(StateTransitionController.java:98)
	at org.gradle.internal.build.DefaultBuildLifecycleController.populateWorkGraph(DefaultBuildLifecycleController.java:189)
	at org.gradle.internal.build.DefaultBuildWorkGraphController$DefaultBuildWorkGraph.populateWorkGraph(DefaultBuildWorkGraphController.java:169)
	at org.gradle.composite.internal.DefaultBuildController.populateWorkGraph(DefaultBuildController.java:76)
	at org.gradle.composite.internal.DefaultIncludedBuildTaskGraph$DefaultBuildTreeWorkGraphBuilder.withWorkGraph(DefaultIncludedBuildTaskGraph.java:153)
	at org.gradle.internal.buildtree.DefaultBuildTreeWorkPreparer.lambda$scheduleRequestedTasks$1(DefaultBuildTreeWorkPreparer.java:41)
	at org.gradle.composite.internal.DefaultIncludedBuildTaskGraph$DefaultBuildTreeWorkGraph$1.run(DefaultIncludedBuildTaskGraph.java:209)
	at org.gradle.internal.operations.DefaultBuildOperationRunner$1.execute(DefaultBuildOperationRunner.java:29)
	at org.gradle.internal.operations.DefaultBuildOperationRunner$1.execute(DefaultBuildOperationRunner.java:26)
	at org.gradle.internal.operations.DefaultBuildOperationRunner$2.execute(DefaultBuildOperationRunner.java:66)
	at org.gradle.internal.operations.DefaultBuildOperationRunner$2.execute(DefaultBuildOperationRunner.java:59)
	at org.gradle.internal.operations.DefaultBuildOperationRunner.execute(DefaultBuildOperationRunner.java:157)
	at org.gradle.internal.operations.DefaultBuildOperationRunner.execute(DefaultBuildOperationRunner.java:59)
	at org.gradle.internal.operations.DefaultBuildOperationRunner.run(DefaultBuildOperationRunner.java:47)
	at org.gradle.internal.operations.DefaultBuildOperationExecutor.run(DefaultBuildOperationExecutor.java:68)
	at org.gradle.composite.internal.DefaultIncludedBuildTaskGraph$DefaultBuildTreeWorkGraph.scheduleWork(DefaultIncludedBuildTaskGraph.java:204)
	at org.gradle.internal.buildtree.DefaultBuildTreeWorkPreparer.scheduleRequestedTasks(DefaultBuildTreeWorkPreparer.java:37)
	at org.gradle.configurationcache.VintageBuildTreeWorkController$scheduleAndRunRequestedTasks$1.apply(VintageBuildTreeWorkController.kt:36)
	at org.gradle.configurationcache.VintageBuildTreeWorkController$scheduleAndRunRequestedTasks$1.apply(VintageBuildTreeWorkController.kt:35)
	at org.gradle.composite.internal.DefaultIncludedBuildTaskGraph.withNewWorkGraph(DefaultIncludedBuildTaskGraph.java:112)
	at org.gradle.configurationcache.VintageBuildTreeWorkController.scheduleAndRunRequestedTasks(VintageBuildTreeWorkController.kt:35)
	at org.gradle.internal.buildtree.DefaultBuildTreeLifecycleController.lambda$scheduleAndRunTasks$1(DefaultBuildTreeLifecycleController.java:76)
	at org.gradle.internal.buildtree.DefaultBuildTreeLifecycleController.lambda$runBuild$4(DefaultBuildTreeLifecycleController.java:119)
	at org.gradle.internal.model.StateTransitionController.lambda$transition$6(StateTransitionController.java:169)
	at org.gradle.internal.model.StateTransitionController.doTransition(StateTransitionController.java:266)
	at org.gradle.internal.model.StateTransitionController.lambda$transition$7(StateTransitionController.java:169)
	at org.gradle.internal.work.DefaultSynchronizer.withLock(DefaultSynchronizer.java:44)
	at org.gradle.internal.model.StateTransitionController.transition(StateTransitionController.java:169)
	at org.gradle.internal.buildtree.DefaultBuildTreeLifecycleController.runBuild(DefaultBuildTreeLifecycleController.java:116)
	at org.gradle.internal.buildtree.DefaultBuildTreeLifecycleController.scheduleAndRunTasks(DefaultBuildTreeLifecycleController.java:76)
	at org.gradle.internal.buildtree.DefaultBuildTreeLifecycleController.scheduleAndRunTasks(DefaultBuildTreeLifecycleController.java:71)
	at org.gradle.tooling.internal.provider.ExecuteBuildActionRunner.run(ExecuteBuildActionRunner.java:31)
	at org.gradle.launcher.exec.ChainingBuildActionRunner.run(ChainingBuildActionRunner.java:35)
	at org.gradle.internal.buildtree.ProblemReportingBuildActionRunner.run(ProblemReportingBuildActionRunner.java:49)
	at org.gradle.launcher.exec.BuildOutcomeReportingBuildActionRunner.run(BuildOutcomeReportingBuildActionRunner.java:65)
	at org.gradle.tooling.internal.provider.FileSystemWatchingBuildActionRunner.run(FileSystemWatchingBuildActionRunner.java:140)
	at org.gradle.launcher.exec.BuildCompletionNotifyingBuildActionRunner.run(BuildCompletionNotifyingBuildActionRunner.java:41)
	at org.gradle.launcher.exec.RootBuildLifecycleBuildActionExecutor.lambda$execute$0(RootBuildLifecycleBuildActionExecutor.java:40)
	at org.gradle.composite.internal.DefaultRootBuildState.run(DefaultRootBuildState.java:123)
	at org.gradle.launcher.exec.RootBuildLifecycleBuildActionExecutor.execute(RootBuildLifecycleBuildActionExecutor.java:40)
	at org.gradle.internal.buildtree.InitDeprecationLoggingActionExecutor.execute(InitDeprecationLoggingActionExecutor.java:62)
	at org.gradle.internal.buildtree.InitProblems.execute(InitProblems.java:38)
	at org.gradle.internal.buildtree.DefaultBuildTreeContext.execute(DefaultBuildTreeContext.java:40)
	at org.gradle.launcher.exec.BuildTreeLifecycleBuildActionExecutor.lambda$execute$0(BuildTreeLifecycleBuildActionExecutor.java:58)
	at org.gradle.internal.buildtree.BuildTreeState.run(BuildTreeState.java:58)
	at org.gradle.launcher.exec.BuildTreeLifecycleBuildActionExecutor.execute(BuildTreeLifecycleBuildActionExecutor.java:58)
	at org.gradle.launcher.exec.RunAsBuildOperationBuildActionExecutor$3.call(RunAsBuildOperationBuildActionExecutor.java:61)
	at org.gradle.launcher.exec.RunAsBuildOperationBuildActionExecutor$3.call(RunAsBuildOperationBuildActionExecutor.java:57)
	at org.gradle.internal.operations.DefaultBuildOperationRunner$CallableBuildOperationWorker.execute(DefaultBuildOperationRunner.java:204)
	at org.gradle.internal.operations.DefaultBuildOperationRunner$CallableBuildOperationWorker.execute(DefaultBuildOperationRunner.java:199)
	at org.gradle.internal.operations.DefaultBuildOperationRunner$2.execute(DefaultBuildOperationRunner.java:66)
	at org.gradle.internal.operations.DefaultBuildOperationRunner$2.execute(DefaultBuildOperationRunner.java:59)
	at org.gradle.internal.operations.DefaultBuildOperationRunner.execute(DefaultBuildOperationRunner.java:157)
	at org.gradle.internal.operations.DefaultBuildOperationRunner.execute(DefaultBuildOperationRunner.java:59)
	at org.gradle.internal.operations.DefaultBuildOperationRunner.call(DefaultBuildOperationRunner.java:53)
	at org.gradle.internal.operations.DefaultBuildOperationExecutor.call(DefaultBuildOperationExecutor.java:73)
	at org.gradle.launcher.exec.RunAsBuildOperationBuildActionExecutor.execute(RunAsBuildOperationBuildActionExecutor.java:57)
	at org.gradle.launcher.exec.RunAsWorkerThreadBuildActionExecutor.lambda$execute$0(RunAsWorkerThreadBuildActionExecutor.java:36)
	at org.gradle.internal.work.DefaultWorkerLeaseService.withLocks(DefaultWorkerLeaseService.java:264)
	at org.gradle.internal.work.DefaultWorkerLeaseService.runAsWorkerThread(DefaultWorkerLeaseService.java:128)
	at org.gradle.launcher.exec.RunAsWorkerThreadBuildActionExecutor.execute(RunAsWorkerThreadBuildActionExecutor.java:36)
	at org.gradle.tooling.internal.provider.continuous.ContinuousBuildActionExecutor.execute(ContinuousBuildActionExecutor.java:110)
	at org.gradle.tooling.internal.provider.SubscribableBuildActionExecutor.execute(SubscribableBuildActionExecutor.java:64)
	at org.gradle.internal.session.DefaultBuildSessionContext.execute(DefaultBuildSessionContext.java:46)
	at org.gradle.tooling.internal.provider.BuildSessionLifecycleBuildActionExecuter$ActionImpl.apply(BuildSessionLifecycleBuildActionExecuter.java:92)
	at org.gradle.tooling.internal.provider.BuildSessionLifecycleBuildActionExecuter$ActionImpl.apply(BuildSessionLifecycleBuildActionExecuter.java:80)
	at org.gradle.internal.session.BuildSessionState.run(BuildSessionState.java:69)
	at org.gradle.tooling.internal.provider.BuildSessionLifecycleBuildActionExecuter.execute(BuildSessionLifecycleBuildActionExecuter.java:62)
	at org.gradle.tooling.internal.provider.BuildSessionLifecycleBuildActionExecuter.execute(BuildSessionLifecycleBuildActionExecuter.java:41)
	at org.gradle.tooling.internal.provider.StartParamsValidatingActionExecuter.execute(StartParamsValidatingActionExecuter.java:64)
	at org.gradle.tooling.internal.provider.StartParamsValidatingActionExecuter.execute(StartParamsValidatingActionExecuter.java:32)
	at org.gradle.tooling.internal.provider.SessionFailureReportingActionExecuter.execute(SessionFailureReportingActionExecuter.java:51)
	at org.gradle.tooling.internal.provider.SessionFailureReportingActionExecuter.execute(SessionFailureReportingActionExecuter.java:39)
	at org.gradle.tooling.internal.provider.SetupLoggingActionExecuter.execute(SetupLoggingActionExecuter.java:47)
	at org.gradle.tooling.internal.provider.SetupLoggingActionExecuter.execute(SetupLoggingActionExecuter.java:31)
	at org.gradle.launcher.daemon.server.exec.ExecuteBuild.doBuild(ExecuteBuild.java:65)
	at org.gradle.launcher.daemon.server.exec.BuildCommandOnly.execute(BuildCommandOnly.java:37)
	at org.gradle.launcher.daemon.server.api.DaemonCommandExecution.proceed(DaemonCommandExecution.java:104)
	at org.gradle.launcher.daemon.server.exec.WatchForDisconnection.execute(WatchForDisconnection.java:39)
	at org.gradle.launcher.daemon.server.api.DaemonCommandExecution.proceed(DaemonCommandExecution.java:104)
	at org.gradle.launcher.daemon.server.exec.ResetDeprecationLogger.execute(ResetDeprecationLogger.java:29)
	at org.gradle.launcher.daemon.server.api.DaemonCommandExecution.proceed(DaemonCommandExecution.java:104)
	at org.gradle.launcher.daemon.server.exec.RequestStopIfSingleUsedDaemon.execute(RequestStopIfSingleUsedDaemon.java:35)
	at org.gradle.launcher.daemon.server.api.DaemonCommandExecution.proceed(DaemonCommandExecution.java:104)
	at org.gradle.launcher.daemon.server.exec.ForwardClientInput$2.create(ForwardClientInput.java:78)
	at org.gradle.launcher.daemon.server.exec.ForwardClientInput$2.create(ForwardClientInput.java:75)
	at org.gradle.util.internal.Swapper.swap(Swapper.java:38)
	at org.gradle.launcher.daemon.server.exec.ForwardClientInput.execute(ForwardClientInput.java:75)
	at org.gradle.launcher.daemon.server.api.DaemonCommandExecution.proceed(DaemonCommandExecution.java:104)
	at org.gradle.launcher.daemon.server.exec.LogAndCheckHealth.execute(LogAndCheckHealth.java:64)
	at org.gradle.launcher.daemon.server.api.DaemonCommandExecution.proceed(DaemonCommandExecution.java:104)
	at org.gradle.launcher.daemon.server.exec.LogToClient.doBuild(LogToClient.java:63)
	at org.gradle.launcher.daemon.server.exec.BuildCommandOnly.execute(BuildCommandOnly.java:37)
	at org.gradle.launcher.daemon.server.api.DaemonCommandExecution.proceed(DaemonCommandExecution.java:104)
	at org.gradle.launcher.daemon.server.exec.EstablishBuildEnvironment.doBuild(EstablishBuildEnvironment.java:84)
	at org.gradle.launcher.daemon.server.exec.BuildCommandOnly.execute(BuildCommandOnly.java:37)
	at org.gradle.launcher.daemon.server.api.DaemonCommandExecution.proceed(DaemonCommandExecution.java:104)
	at org.gradle.launcher.daemon.server.exec.StartBuildOrRespondWithBusy$1.run(StartBuildOrRespondWithBusy.java:52)
	at org.gradle.launcher.daemon.server.DaemonStateCoordinator$1.run(DaemonStateCoordinator.java:297)
	at org.gradle.internal.concurrent.ExecutorPolicy$CatchAndRecordFailures.onExecute(ExecutorPolicy.java:64)
	at org.gradle.internal.concurrent.AbstractManagedExecutor$1.run(AbstractManagedExecutor.java:47)
	at java.base/java.util.concurrent.ThreadPoolExecutor.runWorker(ThreadPoolExecutor.java:1136)
	at java.base/java.util.concurrent.ThreadPoolExecutor$Worker.run(ThreadPoolExecutor.java:635)
	at java.base/java.lang.Thread.run(Thread.java:840)
[gradle-intellij-plugin :] Cannot create plugin from file '/opt/android-studio/plugins/android-apk': Invalid plugin descriptor 'plugin.xml'. Unable to read the plugin descriptor: No enum constant com.jetbrains.plugin.structure.intellij.plugin.IdePluginContentDescriptor.ServiceType.APPLİCATİON.
Unable to read descriptor [plugin.xml] from [/opt/android-studio/plugins/android-ndk/lib/android-ndk.jar]
java.lang.IllegalArgumentException: No enum constant com.jetbrains.plugin.structure.intellij.plugin.IdePluginContentDescriptor.ServiceType.APPLİCATİON
	at java.base/java.lang.Enum.valueOf(Enum.java:273)
	at com.jetbrains.plugin.structure.intellij.plugin.IdePluginContentDescriptor$ServiceType.valueOf(IdePluginContents.kt)
	at com.jetbrains.plugin.structure.intellij.plugin.PluginCreator.readServiceDescriptor(PluginCreator.kt:406)
	at com.jetbrains.plugin.structure.intellij.plugin.PluginCreator.readExtensions(PluginCreator.kt:341)
	at com.jetbrains.plugin.structure.intellij.plugin.PluginCreator.setInfoFromBean(PluginCreator.kt:320)
	at com.jetbrains.plugin.structure.intellij.plugin.PluginCreator.resolveDocumentAndValidateBean(PluginCreator.kt:664)
	at com.jetbrains.plugin.structure.intellij.plugin.PluginCreator.access$resolveDocumentAndValidateBean(PluginCreator.kt:31)
	at com.jetbrains.plugin.structure.intellij.plugin.PluginCreator$Companion.createPlugin(PluginCreator.kt:109)
	at com.jetbrains.plugin.structure.intellij.plugin.IdePluginManager.loadPluginInfoFromJarFile(IdePluginManager.kt:62)
	at com.jetbrains.plugin.structure.intellij.plugin.IdePluginManager.loadPluginInfoFromLibDirectory(IdePluginManager.kt:165)
	at com.jetbrains.plugin.structure.intellij.plugin.IdePluginManager.loadPluginInfoFromDirectory(IdePluginManager.kt:97)
	at com.jetbrains.plugin.structure.intellij.plugin.IdePluginManager.loadPluginInfoFromJarOrDirectory(IdePluginManager.kt:206)
	at com.jetbrains.plugin.structure.intellij.plugin.IdePluginManager.getPluginCreatorWithResult(IdePluginManager.kt:347)
	at com.jetbrains.plugin.structure.intellij.plugin.IdePluginManager.createPlugin(IdePluginManager.kt:314)
	at com.jetbrains.plugin.structure.intellij.plugin.IdePluginManager.createPlugin$default(IdePluginManager.kt:312)
	at org.jetbrains.intellij.Utils.createPlugin(utils.kt:222)
	at org.jetbrains.intellij.dependency.BuiltinPluginsRegistry.add(BuiltinPluginsRegistry.kt:89)
	at org.jetbrains.intellij.dependency.BuiltinPluginsRegistry.fillFromDirectory(BuiltinPluginsRegistry.kt:47)
	at org.jetbrains.intellij.dependency.BuiltinPluginsRegistry.access$fillFromDirectory(BuiltinPluginsRegistry.kt:21)
	at org.jetbrains.intellij.dependency.BuiltinPluginsRegistry$Companion.fromDirectory(BuiltinPluginsRegistry.kt:127)
	at org.jetbrains.intellij.dependency.IdeaDependencyManager.createDependency(IdeaDependencyManager.kt:92)
	at org.jetbrains.intellij.dependency.IdeaDependencyManager.resolveLocal(IdeaDependencyManager.kt:430)
	at org.jetbrains.intellij.IntelliJPlugin$prepareIdeaDependencyProvider$1.call(IntelliJPlugin.kt:299)
	at org.jetbrains.intellij.IntelliJPlugin$prepareIdeaDependencyProvider$1.call(IntelliJPlugin.kt:266)
	at org.gradle.api.internal.provider.DefaultProvider.calculateOwnValue(DefaultProvider.java:72)
	at org.gradle.api.internal.provider.AbstractMinimalProvider.calculateValue(AbstractMinimalProvider.java:115)
	at org.gradle.api.internal.provider.TransformBackedProvider.calculateOwnValue(TransformBackedProvider.java:82)
	at org.gradle.api.internal.provider.AbstractMinimalProvider.calculateValue(AbstractMinimalProvider.java:115)
	at org.gradle.api.internal.provider.AbstractMinimalProvider.withFinalValue(AbstractMinimalProvider.java:168)
	at org.gradle.api.internal.provider.DefaultProperty.finalValue(DefaultProperty.java:133)
	at org.gradle.api.internal.provider.DefaultProperty.finalValue(DefaultProperty.java:26)
	at org.gradle.api.internal.provider.AbstractProperty.finalizeNow(AbstractProperty.java:245)
	at org.gradle.api.internal.provider.AbstractProperty.beforeRead(AbstractProperty.java:239)
	at org.gradle.api.internal.provider.AbstractProperty.calculateOwnValue(AbstractProperty.java:135)
	at org.gradle.api.internal.provider.AbstractMinimalProvider.calculateValue(AbstractMinimalProvider.java:115)
	at org.gradle.api.internal.provider.TransformBackedProvider.calculateOwnValue(TransformBackedProvider.java:82)
	at org.gradle.api.internal.provider.AbstractMinimalProvider.calculateValue(AbstractMinimalProvider.java:115)
	at org.gradle.api.internal.provider.Collectors$ElementsFromCollectionProvider.collectEntries(Collectors.java:220)
	at org.gradle.api.internal.provider.AbstractCollectionProperty$CollectingSupplier.calculateValue(AbstractCollectionProperty.java:344)
	at org.gradle.api.internal.provider.AbstractCollectionProperty.calculateValueFrom(AbstractCollectionProperty.java:189)
	at org.gradle.api.internal.provider.AbstractCollectionProperty.calculateValueFrom(AbstractCollectionProperty.java:37)
	at org.gradle.api.internal.provider.AbstractProperty.doCalculateValue(AbstractProperty.java:142)
	at org.gradle.api.internal.provider.AbstractProperty.calculateOwnValue(AbstractProperty.java:136)
	at org.gradle.api.internal.provider.AbstractMinimalProvider.calculateOwnPresentValue(AbstractMinimalProvider.java:80)
	at org.gradle.api.internal.provider.AbstractMinimalProvider.get(AbstractMinimalProvider.java:100)
	at org.jetbrains.intellij.IntelliJPlugin$configurePrepareSandboxTasks$5$5.transform(IntelliJPlugin.kt:625)
	at org.jetbrains.intellij.IntelliJPlugin$configurePrepareSandboxTasks$5$5.transform(IntelliJPlugin.kt:624)
	at org.gradle.api.internal.provider.ValueSupplier$Present.transform(ValueSupplier.java:541)
	at org.gradle.api.internal.provider.TransformBackedProvider.mapValue(TransformBackedProvider.java:91)
	at org.gradle.api.internal.provider.TransformBackedProvider.calculateOwnValue(TransformBackedProvider.java:83)
	at org.gradle.api.internal.provider.AbstractMinimalProvider.calculateOwnPresentValue(AbstractMinimalProvider.java:80)
	at org.gradle.api.internal.provider.AbstractMinimalProvider.get(AbstractMinimalProvider.java:100)
	at org.gradle.api.internal.provider.ProviderResolutionStrategy$2.resolve(ProviderResolutionStrategy.java:33)
	at org.gradle.api.internal.file.collections.ProviderBackedFileCollection.visitDependencies(ProviderBackedFileCollection.java:57)
	at org.gradle.api.internal.tasks.CachingTaskDependencyResolveContext$TaskGraphImpl.getNodeValues(CachingTaskDependencyResolveContext.java:103)
	at org.gradle.internal.graph.CachingDirectedGraphWalker$GraphWithEmptyEdges.getNodeValues(CachingDirectedGraphWalker.java:213)
	at org.gradle.internal.graph.CachingDirectedGraphWalker.doSearch(CachingDirectedGraphWalker.java:121)
	at org.gradle.internal.graph.CachingDirectedGraphWalker.findValues(CachingDirectedGraphWalker.java:73)
	at org.gradle.api.internal.tasks.CachingTaskDependencyResolveContext.getDependencies(CachingTaskDependencyResolveContext.java:66)
	at org.gradle.execution.plan.TaskDependencyResolver.resolveDependenciesFor(TaskDependencyResolver.java:49)
	at org.gradle.execution.plan.LocalTaskNode.getDependencies(LocalTaskNode.java:148)
	at org.gradle.execution.plan.LocalTaskNode.resolveDependencies(LocalTaskNode.java:122)
	at org.gradle.execution.plan.DefaultExecutionPlan.discoverNodeRelationships(DefaultExecutionPlan.java:183)
	at org.gradle.execution.plan.DefaultExecutionPlan.doAddEntryNodes(DefaultExecutionPlan.java:155)
	at org.gradle.execution.plan.DefaultExecutionPlan.addEntryTasks(DefaultExecutionPlan.java:130)
	at org.gradle.execution.plan.DefaultExecutionPlan.addEntryTasks(DefaultExecutionPlan.java:122)
	at org.gradle.execution.TaskNameResolvingBuildTaskScheduler.scheduleRequestedTasks(TaskNameResolvingBuildTaskScheduler.java:54)
	at org.gradle.execution.DefaultTasksBuildTaskScheduler.scheduleRequestedTasks(DefaultTasksBuildTaskScheduler.java:72)
	at org.gradle.initialization.DefaultTaskExecutionPreparer.lambda$scheduleRequestedTasks$0(DefaultTaskExecutionPreparer.java:46)
	at org.gradle.internal.Factories$1.create(Factories.java:31)
	at org.gradle.internal.work.DefaultWorkerLeaseService.withReplacedLocks(DefaultWorkerLeaseService.java:360)
	at org.gradle.api.internal.project.DefaultProjectStateRegistry$DefaultBuildProjectRegistry.withMutableStateOfAllProjects(DefaultProjectStateRegistry.java:239)
	at org.gradle.api.internal.project.DefaultProjectStateRegistry$DefaultBuildProjectRegistry.withMutableStateOfAllProjects(DefaultProjectStateRegistry.java:232)
	at org.gradle.initialization.DefaultTaskExecutionPreparer.scheduleRequestedTasks(DefaultTaskExecutionPreparer.java:45)
	at org.gradle.initialization.VintageBuildModelController.lambda$scheduleRequestedTasks$0(VintageBuildModelController.java:76)
	at org.gradle.internal.model.StateTransitionController.lambda$inState$1(StateTransitionController.java:99)
	at org.gradle.internal.model.StateTransitionController.lambda$inState$2(StateTransitionController.java:114)
	at org.gradle.internal.work.DefaultSynchronizer.withLock(DefaultSynchronizer.java:44)
	at org.gradle.internal.model.StateTransitionController.inState(StateTransitionController.java:110)
	at org.gradle.internal.model.StateTransitionController.inState(StateTransitionController.java:98)
	at org.gradle.initialization.VintageBuildModelController.scheduleRequestedTasks(VintageBuildModelController.java:76)
	at org.gradle.internal.build.DefaultBuildLifecycleController$DefaultWorkGraphBuilder.addRequestedTasks(DefaultBuildLifecycleController.java:404)
	at org.gradle.internal.buildtree.DefaultBuildTreeWorkPreparer.lambda$scheduleRequestedTasks$0(DefaultBuildTreeWorkPreparer.java:41)
	at org.gradle.internal.build.DefaultBuildLifecycleController.lambda$populateWorkGraph$7(DefaultBuildLifecycleController.java:189)
	at org.gradle.internal.build.DefaultBuildWorkPreparer.populateWorkGraph(DefaultBuildWorkPreparer.java:42)
	at org.gradle.internal.build.BuildOperationFiringBuildWorkPreparer$PopulateWorkGraph.populateTaskGraph(BuildOperationFiringBuildWorkPreparer.java:106)
	at org.gradle.internal.build.BuildOperationFiringBuildWorkPreparer$PopulateWorkGraph.run(BuildOperationFiringBuildWorkPreparer.java:92)
	at org.gradle.internal.operations.DefaultBuildOperationRunner$1.execute(DefaultBuildOperationRunner.java:29)
	at org.gradle.internal.operations.DefaultBuildOperationRunner$1.execute(DefaultBuildOperationRunner.java:26)
	at org.gradle.internal.operations.DefaultBuildOperationRunner$2.execute(DefaultBuildOperationRunner.java:66)
	at org.gradle.internal.operations.DefaultBuildOperationRunner$2.execute(DefaultBuildOperationRunner.java:59)
	at org.gradle.internal.operations.DefaultBuildOperationRunner.execute(DefaultBuildOperationRunner.java:157)
	at org.gradle.internal.operations.DefaultBuildOperationRunner.execute(DefaultBuildOperationRunner.java:59)
	at org.gradle.internal.operations.DefaultBuildOperationRunner.run(DefaultBuildOperationRunner.java:47)
	at org.gradle.internal.operations.DefaultBuildOperationExecutor.run(DefaultBuildOperationExecutor.java:68)
	at org.gradle.internal.build.BuildOperationFiringBuildWorkPreparer.populateWorkGraph(BuildOperationFiringBuildWorkPreparer.java:67)
	at org.gradle.internal.build.DefaultBuildLifecycleController.lambda$populateWorkGraph$8(DefaultBuildLifecycleController.java:189)
	at org.gradle.internal.model.StateTransitionController.lambda$inState$1(StateTransitionController.java:99)
	at org.gradle.internal.model.StateTransitionController.lambda$inState$2(StateTransitionController.java:114)
	at org.gradle.internal.work.DefaultSynchronizer.withLock(DefaultSynchronizer.java:44)
	at org.gradle.internal.model.StateTransitionController.inState(StateTransitionController.java:110)
	at org.gradle.internal.model.StateTransitionController.inState(StateTransitionController.java:98)
	at org.gradle.internal.build.DefaultBuildLifecycleController.populateWorkGraph(DefaultBuildLifecycleController.java:189)
	at org.gradle.internal.build.DefaultBuildWorkGraphController$DefaultBuildWorkGraph.populateWorkGraph(DefaultBuildWorkGraphController.java:169)
	at org.gradle.composite.internal.DefaultBuildController.populateWorkGraph(DefaultBuildController.java:76)
	at org.gradle.composite.internal.DefaultIncludedBuildTaskGraph$DefaultBuildTreeWorkGraphBuilder.withWorkGraph(DefaultIncludedBuildTaskGraph.java:153)
	at org.gradle.internal.buildtree.DefaultBuildTreeWorkPreparer.lambda$scheduleRequestedTasks$1(DefaultBuildTreeWorkPreparer.java:41)
	at org.gradle.composite.internal.DefaultIncludedBuildTaskGraph$DefaultBuildTreeWorkGraph$1.run(DefaultIncludedBuildTaskGraph.java:209)
	at org.gradle.internal.operations.DefaultBuildOperationRunner$1.execute(DefaultBuildOperationRunner.java:29)
	at org.gradle.internal.operations.DefaultBuildOperationRunner$1.execute(DefaultBuildOperationRunner.java:26)
	at org.gradle.internal.operations.DefaultBuildOperationRunner$2.execute(DefaultBuildOperationRunner.java:66)
	at org.gradle.internal.operations.DefaultBuildOperationRunner$2.execute(DefaultBuildOperationRunner.java:59)
	at org.gradle.internal.operations.DefaultBuildOperationRunner.execute(DefaultBuildOperationRunner.java:157)
	at org.gradle.internal.operations.DefaultBuildOperationRunner.execute(DefaultBuildOperationRunner.java:59)
	at org.gradle.internal.operations.DefaultBuildOperationRunner.run(DefaultBuildOperationRunner.java:47)
	at org.gradle.internal.operations.DefaultBuildOperationExecutor.run(DefaultBuildOperationExecutor.java:68)
	at org.gradle.composite.internal.DefaultIncludedBuildTaskGraph$DefaultBuildTreeWorkGraph.scheduleWork(DefaultIncludedBuildTaskGraph.java:204)
	at org.gradle.internal.buildtree.DefaultBuildTreeWorkPreparer.scheduleRequestedTasks(DefaultBuildTreeWorkPreparer.java:37)
	at org.gradle.configurationcache.VintageBuildTreeWorkController$scheduleAndRunRequestedTasks$1.apply(VintageBuildTreeWorkController.kt:36)
	at org.gradle.configurationcache.VintageBuildTreeWorkController$scheduleAndRunRequestedTasks$1.apply(VintageBuildTreeWorkController.kt:35)
	at org.gradle.composite.internal.DefaultIncludedBuildTaskGraph.withNewWorkGraph(DefaultIncludedBuildTaskGraph.java:112)
	at org.gradle.configurationcache.VintageBuildTreeWorkController.scheduleAndRunRequestedTasks(VintageBuildTreeWorkController.kt:35)
	at org.gradle.internal.buildtree.DefaultBuildTreeLifecycleController.lambda$scheduleAndRunTasks$1(DefaultBuildTreeLifecycleController.java:76)
	at org.gradle.internal.buildtree.DefaultBuildTreeLifecycleController.lambda$runBuild$4(DefaultBuildTreeLifecycleController.java:119)
	at org.gradle.internal.model.StateTransitionController.lambda$transition$6(StateTransitionController.java:169)
	at org.gradle.internal.model.StateTransitionController.doTransition(StateTransitionController.java:266)
	at org.gradle.internal.model.StateTransitionController.lambda$transition$7(StateTransitionController.java:169)
	at org.gradle.internal.work.DefaultSynchronizer.withLock(DefaultSynchronizer.java:44)
	at org.gradle.internal.model.StateTransitionController.transition(StateTransitionController.java:169)
	at org.gradle.internal.buildtree.DefaultBuildTreeLifecycleController.runBuild(DefaultBuildTreeLifecycleController.java:116)
	at org.gradle.internal.buildtree.DefaultBuildTreeLifecycleController.scheduleAndRunTasks(DefaultBuildTreeLifecycleController.java:76)
	at org.gradle.internal.buildtree.DefaultBuildTreeLifecycleController.scheduleAndRunTasks(DefaultBuildTreeLifecycleController.java:71)
	at org.gradle.tooling.internal.provider.ExecuteBuildActionRunner.run(ExecuteBuildActionRunner.java:31)
	at org.gradle.launcher.exec.ChainingBuildActionRunner.run(ChainingBuildActionRunner.java:35)
	at org.gradle.internal.buildtree.ProblemReportingBuildActionRunner.run(ProblemReportingBuildActionRunner.java:49)
	at org.gradle.launcher.exec.BuildOutcomeReportingBuildActionRunner.run(BuildOutcomeReportingBuildActionRunner.java:65)
	at org.gradle.tooling.internal.provider.FileSystemWatchingBuildActionRunner.run(FileSystemWatchingBuildActionRunner.java:140)
	at org.gradle.launcher.exec.BuildCompletionNotifyingBuildActionRunner.run(BuildCompletionNotifyingBuildActionRunner.java:41)
	at org.gradle.launcher.exec.RootBuildLifecycleBuildActionExecutor.lambda$execute$0(RootBuildLifecycleBuildActionExecutor.java:40)
	at org.gradle.composite.internal.DefaultRootBuildState.run(DefaultRootBuildState.java:123)
	at org.gradle.launcher.exec.RootBuildLifecycleBuildActionExecutor.execute(RootBuildLifecycleBuildActionExecutor.java:40)
	at org.gradle.internal.buildtree.InitDeprecationLoggingActionExecutor.execute(InitDeprecationLoggingActionExecutor.java:62)
	at org.gradle.internal.buildtree.InitProblems.execute(InitProblems.java:38)
	at org.gradle.internal.buildtree.DefaultBuildTreeContext.execute(DefaultBuildTreeContext.java:40)
	at org.gradle.launcher.exec.BuildTreeLifecycleBuildActionExecutor.lambda$execute$0(BuildTreeLifecycleBuildActionExecutor.java:58)
	at org.gradle.internal.buildtree.BuildTreeState.run(BuildTreeState.java:58)
	at org.gradle.launcher.exec.BuildTreeLifecycleBuildActionExecutor.execute(BuildTreeLifecycleBuildActionExecutor.java:58)
	at org.gradle.launcher.exec.RunAsBuildOperationBuildActionExecutor$3.call(RunAsBuildOperationBuildActionExecutor.java:61)
	at org.gradle.launcher.exec.RunAsBuildOperationBuildActionExecutor$3.call(RunAsBuildOperationBuildActionExecutor.java:57)
	at org.gradle.internal.operations.DefaultBuildOperationRunner$CallableBuildOperationWorker.execute(DefaultBuildOperationRunner.java:204)
	at org.gradle.internal.operations.DefaultBuildOperationRunner$CallableBuildOperationWorker.execute(DefaultBuildOperationRunner.java:199)
	at org.gradle.internal.operations.DefaultBuildOperationRunner$2.execute(DefaultBuildOperationRunner.java:66)
	at org.gradle.internal.operations.DefaultBuildOperationRunner$2.execute(DefaultBuildOperationRunner.java:59)
	at org.gradle.internal.operations.DefaultBuildOperationRunner.execute(DefaultBuildOperationRunner.java:157)
	at org.gradle.internal.operations.DefaultBuildOperationRunner.execute(DefaultBuildOperationRunner.java:59)
	at org.gradle.internal.operations.DefaultBuildOperationRunner.call(DefaultBuildOperationRunner.java:53)
	at org.gradle.internal.operations.DefaultBuildOperationExecutor.call(DefaultBuildOperationExecutor.java:73)
	at org.gradle.launcher.exec.RunAsBuildOperationBuildActionExecutor.execute(RunAsBuildOperationBuildActionExecutor.java:57)
	at org.gradle.launcher.exec.RunAsWorkerThreadBuildActionExecutor.lambda$execute$0(RunAsWorkerThreadBuildActionExecutor.java:36)
	at org.gradle.internal.work.DefaultWorkerLeaseService.withLocks(DefaultWorkerLeaseService.java:264)
	at org.gradle.internal.work.DefaultWorkerLeaseService.runAsWorkerThread(DefaultWorkerLeaseService.java:128)
	at org.gradle.launcher.exec.RunAsWorkerThreadBuildActionExecutor.execute(RunAsWorkerThreadBuildActionExecutor.java:36)
	at org.gradle.tooling.internal.provider.continuous.ContinuousBuildActionExecutor.execute(ContinuousBuildActionExecutor.java:110)
	at org.gradle.tooling.internal.provider.SubscribableBuildActionExecutor.execute(SubscribableBuildActionExecutor.java:64)
	at org.gradle.internal.session.DefaultBuildSessionContext.execute(DefaultBuildSessionContext.java:46)
	at org.gradle.tooling.internal.provider.BuildSessionLifecycleBuildActionExecuter$ActionImpl.apply(BuildSessionLifecycleBuildActionExecuter.java:92)
	at org.gradle.tooling.internal.provider.BuildSessionLifecycleBuildActionExecuter$ActionImpl.apply(BuildSessionLifecycleBuildActionExecuter.java:80)
	at org.gradle.internal.session.BuildSessionState.run(BuildSessionState.java:69)
	at org.gradle.tooling.internal.provider.BuildSessionLifecycleBuildActionExecuter.execute(BuildSessionLifecycleBuildActionExecuter.java:62)
	at org.gradle.tooling.internal.provider.BuildSessionLifecycleBuildActionExecuter.execute(BuildSessionLifecycleBuildActionExecuter.java:41)
	at org.gradle.tooling.internal.provider.StartParamsValidatingActionExecuter.execute(StartParamsValidatingActionExecuter.java:64)
	at org.gradle.tooling.internal.provider.StartParamsValidatingActionExecuter.execute(StartParamsValidatingActionExecuter.java:32)
	at org.gradle.tooling.internal.provider.SessionFailureReportingActionExecuter.execute(SessionFailureReportingActionExecuter.java:51)
	at org.gradle.tooling.internal.provider.SessionFailureReportingActionExecuter.execute(SessionFailureReportingActionExecuter.java:39)
	at org.gradle.tooling.internal.provider.SetupLoggingActionExecuter.execute(SetupLoggingActionExecuter.java:47)
	at org.gradle.tooling.internal.provider.SetupLoggingActionExecuter.execute(SetupLoggingActionExecuter.java:31)
	at org.gradle.launcher.daemon.server.exec.ExecuteBuild.doBuild(ExecuteBuild.java:65)
	at org.gradle.launcher.daemon.server.exec.BuildCommandOnly.execute(BuildCommandOnly.java:37)
	at org.gradle.launcher.daemon.server.api.DaemonCommandExecution.proceed(DaemonCommandExecution.java:104)
	at org.gradle.launcher.daemon.server.exec.WatchForDisconnection.execute(WatchForDisconnection.java:39)
	at org.gradle.launcher.daemon.server.api.DaemonCommandExecution.proceed(DaemonCommandExecution.java:104)
	at org.gradle.launcher.daemon.server.exec.ResetDeprecationLogger.execute(ResetDeprecationLogger.java:29)
	at org.gradle.launcher.daemon.server.api.DaemonCommandExecution.proceed(DaemonCommandExecution.java:104)
	at org.gradle.launcher.daemon.server.exec.RequestStopIfSingleUsedDaemon.execute(RequestStopIfSingleUsedDaemon.java:35)
	at org.gradle.launcher.daemon.server.api.DaemonCommandExecution.proceed(DaemonCommandExecution.java:104)
	at org.gradle.launcher.daemon.server.exec.ForwardClientInput$2.create(ForwardClientInput.java:78)
	at org.gradle.launcher.daemon.server.exec.ForwardClientInput$2.create(ForwardClientInput.java:75)
	at org.gradle.util.internal.Swapper.swap(Swapper.java:38)
	at org.gradle.launcher.daemon.server.exec.ForwardClientInput.execute(ForwardClientInput.java:75)
	at org.gradle.launcher.daemon.server.api.DaemonCommandExecution.proceed(DaemonCommandExecution.java:104)
	at org.gradle.launcher.daemon.server.exec.LogAndCheckHealth.execute(LogAndCheckHealth.java:64)
	at org.gradle.launcher.daemon.server.api.DaemonCommandExecution.proceed(DaemonCommandExecution.java:104)
	at org.gradle.launcher.daemon.server.exec.LogToClient.doBuild(LogToClient.java:63)
	at org.gradle.launcher.daemon.server.exec.BuildCommandOnly.execute(BuildCommandOnly.java:37)
	at org.gradle.launcher.daemon.server.api.DaemonCommandExecution.proceed(DaemonCommandExecution.java:104)
	at org.gradle.launcher.daemon.server.exec.EstablishBuildEnvironment.doBuild(EstablishBuildEnvironment.java:84)
	at org.gradle.launcher.daemon.server.exec.BuildCommandOnly.execute(BuildCommandOnly.java:37)
	at org.gradle.launcher.daemon.server.api.DaemonCommandExecution.proceed(DaemonCommandExecution.java:104)
	at org.gradle.launcher.daemon.server.exec.StartBuildOrRespondWithBusy$1.run(StartBuildOrRespondWithBusy.java:52)
	at org.gradle.launcher.daemon.server.DaemonStateCoordinator$1.run(DaemonStateCoordinator.java:297)
	at org.gradle.internal.concurrent.ExecutorPolicy$CatchAndRecordFailures.onExecute(ExecutorPolicy.java:64)
	at org.gradle.internal.concurrent.AbstractManagedExecutor$1.run(AbstractManagedExecutor.java:47)
	at java.base/java.util.concurrent.ThreadPoolExecutor.runWorker(ThreadPoolExecutor.java:1136)
	at java.base/java.util.concurrent.ThreadPoolExecutor$Worker.run(ThreadPoolExecutor.java:635)
	at java.base/java.lang.Thread.run(Thread.java:840)
[gradle-intellij-plugin :] Cannot create plugin from file '/opt/android-studio/plugins/android-ndk': Invalid plugin descriptor 'plugin.xml'. Unable to read the plugin descriptor: No enum constant com.jetbrains.plugin.structure.intellij.plugin.IdePluginContentDescriptor.ServiceType.APPLİCATİON.
Unable to read descriptor [plugin.xml] from [/opt/android-studio/plugins/c-clangd-plugin/lib/c-clangd-plugin.jar]
java.lang.IllegalArgumentException: No enum constant com.jetbrains.plugin.structure.intellij.plugin.IdePluginContentDescriptor.ServiceType.APPLİCATİON
	at java.base/java.lang.Enum.valueOf(Enum.java:273)
	at com.jetbrains.plugin.structure.intellij.plugin.IdePluginContentDescriptor$ServiceType.valueOf(IdePluginContents.kt)
	at com.jetbrains.plugin.structure.intellij.plugin.PluginCreator.readServiceDescriptor(PluginCreator.kt:406)
	at com.jetbrains.plugin.structure.intellij.plugin.PluginCreator.readExtensions(PluginCreator.kt:341)
	at com.jetbrains.plugin.structure.intellij.plugin.PluginCreator.setInfoFromBean(PluginCreator.kt:320)
	at com.jetbrains.plugin.structure.intellij.plugin.PluginCreator.resolveDocumentAndValidateBean(PluginCreator.kt:664)
	at com.jetbrains.plugin.structure.intellij.plugin.PluginCreator.access$resolveDocumentAndValidateBean(PluginCreator.kt:31)
	at com.jetbrains.plugin.structure.intellij.plugin.PluginCreator$Companion.createPlugin(PluginCreator.kt:109)
	at com.jetbrains.plugin.structure.intellij.plugin.IdePluginManager.loadPluginInfoFromJarFile(IdePluginManager.kt:62)
	at com.jetbrains.plugin.structure.intellij.plugin.IdePluginManager.loadPluginInfoFromLibDirectory(IdePluginManager.kt:165)
	at com.jetbrains.plugin.structure.intellij.plugin.IdePluginManager.loadPluginInfoFromDirectory(IdePluginManager.kt:97)
	at com.jetbrains.plugin.structure.intellij.plugin.IdePluginManager.loadPluginInfoFromJarOrDirectory(IdePluginManager.kt:206)
	at com.jetbrains.plugin.structure.intellij.plugin.IdePluginManager.getPluginCreatorWithResult(IdePluginManager.kt:347)
	at com.jetbrains.plugin.structure.intellij.plugin.IdePluginManager.createPlugin(IdePluginManager.kt:314)
	at com.jetbrains.plugin.structure.intellij.plugin.IdePluginManager.createPlugin$default(IdePluginManager.kt:312)
	at org.jetbrains.intellij.Utils.createPlugin(utils.kt:222)
	at org.jetbrains.intellij.dependency.BuiltinPluginsRegistry.add(BuiltinPluginsRegistry.kt:89)
	at org.jetbrains.intellij.dependency.BuiltinPluginsRegistry.fillFromDirectory(BuiltinPluginsRegistry.kt:47)
	at org.jetbrains.intellij.dependency.BuiltinPluginsRegistry.access$fillFromDirectory(BuiltinPluginsRegistry.kt:21)
	at org.jetbrains.intellij.dependency.BuiltinPluginsRegistry$Companion.fromDirectory(BuiltinPluginsRegistry.kt:127)
	at org.jetbrains.intellij.dependency.IdeaDependencyManager.createDependency(IdeaDependencyManager.kt:92)
	at org.jetbrains.intellij.dependency.IdeaDependencyManager.resolveLocal(IdeaDependencyManager.kt:430)
	at org.jetbrains.intellij.IntelliJPlugin$prepareIdeaDependencyProvider$1.call(IntelliJPlugin.kt:299)
	at org.jetbrains.intellij.IntelliJPlugin$prepareIdeaDependencyProvider$1.call(IntelliJPlugin.kt:266)
	at org.gradle.api.internal.provider.DefaultProvider.calculateOwnValue(DefaultProvider.java:72)
	at org.gradle.api.internal.provider.AbstractMinimalProvider.calculateValue(AbstractMinimalProvider.java:115)
	at org.gradle.api.internal.provider.TransformBackedProvider.calculateOwnValue(TransformBackedProvider.java:82)
	at org.gradle.api.internal.provider.AbstractMinimalProvider.calculateValue(AbstractMinimalProvider.java:115)
	at org.gradle.api.internal.provider.AbstractMinimalProvider.withFinalValue(AbstractMinimalProvider.java:168)
	at org.gradle.api.internal.provider.DefaultProperty.finalValue(DefaultProperty.java:133)
	at org.gradle.api.internal.provider.DefaultProperty.finalValue(DefaultProperty.java:26)
	at org.gradle.api.internal.provider.AbstractProperty.finalizeNow(AbstractProperty.java:245)
	at org.gradle.api.internal.provider.AbstractProperty.beforeRead(AbstractProperty.java:239)
	at org.gradle.api.internal.provider.AbstractProperty.calculateOwnValue(AbstractProperty.java:135)
	at org.gradle.api.internal.provider.AbstractMinimalProvider.calculateValue(AbstractMinimalProvider.java:115)
	at org.gradle.api.internal.provider.TransformBackedProvider.calculateOwnValue(TransformBackedProvider.java:82)
	at org.gradle.api.internal.provider.AbstractMinimalProvider.calculateValue(AbstractMinimalProvider.java:115)
	at org.gradle.api.internal.provider.Collectors$ElementsFromCollectionProvider.collectEntries(Collectors.java:220)
	at org.gradle.api.internal.provider.AbstractCollectionProperty$CollectingSupplier.calculateValue(AbstractCollectionProperty.java:344)
	at org.gradle.api.internal.provider.AbstractCollectionProperty.calculateValueFrom(AbstractCollectionProperty.java:189)
	at org.gradle.api.internal.provider.AbstractCollectionProperty.calculateValueFrom(AbstractCollectionProperty.java:37)
	at org.gradle.api.internal.provider.AbstractProperty.doCalculateValue(AbstractProperty.java:142)
	at org.gradle.api.internal.provider.AbstractProperty.calculateOwnValue(AbstractProperty.java:136)
	at org.gradle.api.internal.provider.AbstractMinimalProvider.calculateOwnPresentValue(AbstractMinimalProvider.java:80)
	at org.gradle.api.internal.provider.AbstractMinimalProvider.get(AbstractMinimalProvider.java:100)
	at org.jetbrains.intellij.IntelliJPlugin$configurePrepareSandboxTasks$5$5.transform(IntelliJPlugin.kt:625)
	at org.jetbrains.intellij.IntelliJPlugin$configurePrepareSandboxTasks$5$5.transform(IntelliJPlugin.kt:624)
	at org.gradle.api.internal.provider.ValueSupplier$Present.transform(ValueSupplier.java:541)
	at org.gradle.api.internal.provider.TransformBackedProvider.mapValue(TransformBackedProvider.java:91)
	at org.gradle.api.internal.provider.TransformBackedProvider.calculateOwnValue(TransformBackedProvider.java:83)
	at org.gradle.api.internal.provider.AbstractMinimalProvider.calculateOwnPresentValue(AbstractMinimalProvider.java:80)
	at org.gradle.api.internal.provider.AbstractMinimalProvider.get(AbstractMinimalProvider.java:100)
	at org.gradle.api.internal.provider.ProviderResolutionStrategy$2.resolve(ProviderResolutionStrategy.java:33)
	at org.gradle.api.internal.file.collections.ProviderBackedFileCollection.visitDependencies(ProviderBackedFileCollection.java:57)
	at org.gradle.api.internal.tasks.CachingTaskDependencyResolveContext$TaskGraphImpl.getNodeValues(CachingTaskDependencyResolveContext.java:103)
	at org.gradle.internal.graph.CachingDirectedGraphWalker$GraphWithEmptyEdges.getNodeValues(CachingDirectedGraphWalker.java:213)
	at org.gradle.internal.graph.CachingDirectedGraphWalker.doSearch(CachingDirectedGraphWalker.java:121)
	at org.gradle.internal.graph.CachingDirectedGraphWalker.findValues(CachingDirectedGraphWalker.java:73)
	at org.gradle.api.internal.tasks.CachingTaskDependencyResolveContext.getDependencies(CachingTaskDependencyResolveContext.java:66)
	at org.gradle.execution.plan.TaskDependencyResolver.resolveDependenciesFor(TaskDependencyResolver.java:49)
	at org.gradle.execution.plan.LocalTaskNode.getDependencies(LocalTaskNode.java:148)
	at org.gradle.execution.plan.LocalTaskNode.resolveDependencies(LocalTaskNode.java:122)
	at org.gradle.execution.plan.DefaultExecutionPlan.discoverNodeRelationships(DefaultExecutionPlan.java:183)
	at org.gradle.execution.plan.DefaultExecutionPlan.doAddEntryNodes(DefaultExecutionPlan.java:155)
	at org.gradle.execution.plan.DefaultExecutionPlan.addEntryTasks(DefaultExecutionPlan.java:130)
	at org.gradle.execution.plan.DefaultExecutionPlan.addEntryTasks(DefaultExecutionPlan.java:122)
	at org.gradle.execution.TaskNameResolvingBuildTaskScheduler.scheduleRequestedTasks(TaskNameResolvingBuildTaskScheduler.java:54)
	at org.gradle.execution.DefaultTasksBuildTaskScheduler.scheduleRequestedTasks(DefaultTasksBuildTaskScheduler.java:72)
	at org.gradle.initialization.DefaultTaskExecutionPreparer.lambda$scheduleRequestedTasks$0(DefaultTaskExecutionPreparer.java:46)
	at org.gradle.internal.Factories$1.create(Factories.java:31)
	at org.gradle.internal.work.DefaultWorkerLeaseService.withReplacedLocks(DefaultWorkerLeaseService.java:360)
	at org.gradle.api.internal.project.DefaultProjectStateRegistry$DefaultBuildProjectRegistry.withMutableStateOfAllProjects(DefaultProjectStateRegistry.java:239)
	at org.gradle.api.internal.project.DefaultProjectStateRegistry$DefaultBuildProjectRegistry.withMutableStateOfAllProjects(DefaultProjectStateRegistry.java:232)
	at org.gradle.initialization.DefaultTaskExecutionPreparer.scheduleRequestedTasks(DefaultTaskExecutionPreparer.java:45)
	at org.gradle.initialization.VintageBuildModelController.lambda$scheduleRequestedTasks$0(VintageBuildModelController.java:76)
	at org.gradle.internal.model.StateTransitionController.lambda$inState$1(StateTransitionController.java:99)
	at org.gradle.internal.model.StateTransitionController.lambda$inState$2(StateTransitionController.java:114)
	at org.gradle.internal.work.DefaultSynchronizer.withLock(DefaultSynchronizer.java:44)
	at org.gradle.internal.model.StateTransitionController.inState(StateTransitionController.java:110)
	at org.gradle.internal.model.StateTransitionController.inState(StateTransitionController.java:98)
	at org.gradle.initialization.VintageBuildModelController.scheduleRequestedTasks(VintageBuildModelController.java:76)
	at org.gradle.internal.build.DefaultBuildLifecycleController$DefaultWorkGraphBuilder.addRequestedTasks(DefaultBuildLifecycleController.java:404)
	at org.gradle.internal.buildtree.DefaultBuildTreeWorkPreparer.lambda$scheduleRequestedTasks$0(DefaultBuildTreeWorkPreparer.java:41)
	at org.gradle.internal.build.DefaultBuildLifecycleController.lambda$populateWorkGraph$7(DefaultBuildLifecycleController.java:189)
	at org.gradle.internal.build.DefaultBuildWorkPreparer.populateWorkGraph(DefaultBuildWorkPreparer.java:42)
	at org.gradle.internal.build.BuildOperationFiringBuildWorkPreparer$PopulateWorkGraph.populateTaskGraph(BuildOperationFiringBuildWorkPreparer.java:106)
	at org.gradle.internal.build.BuildOperationFiringBuildWorkPreparer$PopulateWorkGraph.run(BuildOperationFiringBuildWorkPreparer.java:92)
	at org.gradle.internal.operations.DefaultBuildOperationRunner$1.execute(DefaultBuildOperationRunner.java:29)
	at org.gradle.internal.operations.DefaultBuildOperationRunner$1.execute(DefaultBuildOperationRunner.java:26)
	at org.gradle.internal.operations.DefaultBuildOperationRunner$2.execute(DefaultBuildOperationRunner.java:66)
	at org.gradle.internal.operations.DefaultBuildOperationRunner$2.execute(DefaultBuildOperationRunner.java:59)
	at org.gradle.internal.operations.DefaultBuildOperationRunner.execute(DefaultBuildOperationRunner.java:157)
	at org.gradle.internal.operations.DefaultBuildOperationRunner.execute(DefaultBuildOperationRunner.java:59)
	at org.gradle.internal.operations.DefaultBuildOperationRunner.run(DefaultBuildOperationRunner.java:47)
	at org.gradle.internal.operations.DefaultBuildOperationExecutor.run(DefaultBuildOperationExecutor.java:68)
	at org.gradle.internal.build.BuildOperationFiringBuildWorkPreparer.populateWorkGraph(BuildOperationFiringBuildWorkPreparer.java:67)
	at org.gradle.internal.build.DefaultBuildLifecycleController.lambda$populateWorkGraph$8(DefaultBuildLifecycleController.java:189)
	at org.gradle.internal.model.StateTransitionController.lambda$inState$1(StateTransitionController.java:99)
	at org.gradle.internal.model.StateTransitionController.lambda$inState$2(StateTransitionController.java:114)
	at org.gradle.internal.work.DefaultSynchronizer.withLock(DefaultSynchronizer.java:44)
	at org.gradle.internal.model.StateTransitionController.inState(StateTransitionController.java:110)
	at org.gradle.internal.model.StateTransitionController.inState(StateTransitionController.java:98)
	at org.gradle.internal.build.DefaultBuildLifecycleController.populateWorkGraph(DefaultBuildLifecycleController.java:189)
	at org.gradle.internal.build.DefaultBuildWorkGraphController$DefaultBuildWorkGraph.populateWorkGraph(DefaultBuildWorkGraphController.java:169)
	at org.gradle.composite.internal.DefaultBuildController.populateWorkGraph(DefaultBuildController.java:76)
	at org.gradle.composite.internal.DefaultIncludedBuildTaskGraph$DefaultBuildTreeWorkGraphBuilder.withWorkGraph(DefaultIncludedBuildTaskGraph.java:153)
	at org.gradle.internal.buildtree.DefaultBuildTreeWorkPreparer.lambda$scheduleRequestedTasks$1(DefaultBuildTreeWorkPreparer.java:41)
	at org.gradle.composite.internal.DefaultIncludedBuildTaskGraph$DefaultBuildTreeWorkGraph$1.run(DefaultIncludedBuildTaskGraph.java:209)
	at org.gradle.internal.operations.DefaultBuildOperationRunner$1.execute(DefaultBuildOperationRunner.java:29)
	at org.gradle.internal.operations.DefaultBuildOperationRunner$1.execute(DefaultBuildOperationRunner.java:26)
	at org.gradle.internal.operations.DefaultBuildOperationRunner$2.execute(DefaultBuildOperationRunner.java:66)
	at org.gradle.internal.operations.DefaultBuildOperationRunner$2.execute(DefaultBuildOperationRunner.java:59)
	at org.gradle.internal.operations.DefaultBuildOperationRunner.execute(DefaultBuildOperationRunner.java:157)
	at org.gradle.internal.operations.DefaultBuildOperationRunner.execute(DefaultBuildOperationRunner.java:59)
	at org.gradle.internal.operations.DefaultBuildOperationRunner.run(DefaultBuildOperationRunner.java:47)
	at org.gradle.internal.operations.DefaultBuildOperationExecutor.run(DefaultBuildOperationExecutor.java:68)
	at org.gradle.composite.internal.DefaultIncludedBuildTaskGraph$DefaultBuildTreeWorkGraph.scheduleWork(DefaultIncludedBuildTaskGraph.java:204)
	at org.gradle.internal.buildtree.DefaultBuildTreeWorkPreparer.scheduleRequestedTasks(DefaultBuildTreeWorkPreparer.java:37)
	at org.gradle.configurationcache.VintageBuildTreeWorkController$scheduleAndRunRequestedTasks$1.apply(VintageBuildTreeWorkController.kt:36)
	at org.gradle.configurationcache.VintageBuildTreeWorkController$scheduleAndRunRequestedTasks$1.apply(VintageBuildTreeWorkController.kt:35)
	at org.gradle.composite.internal.DefaultIncludedBuildTaskGraph.withNewWorkGraph(DefaultIncludedBuildTaskGraph.java:112)
	at org.gradle.configurationcache.VintageBuildTreeWorkController.scheduleAndRunRequestedTasks(VintageBuildTreeWorkController.kt:35)
	at org.gradle.internal.buildtree.DefaultBuildTreeLifecycleController.lambda$scheduleAndRunTasks$1(DefaultBuildTreeLifecycleController.java:76)
	at org.gradle.internal.buildtree.DefaultBuildTreeLifecycleController.lambda$runBuild$4(DefaultBuildTreeLifecycleController.java:119)
	at org.gradle.internal.model.StateTransitionController.lambda$transition$6(StateTransitionController.java:169)
	at org.gradle.internal.model.StateTransitionController.doTransition(StateTransitionController.java:266)
	at org.gradle.internal.model.StateTransitionController.lambda$transition$7(StateTransitionController.java:169)
	at org.gradle.internal.work.DefaultSynchronizer.withLock(DefaultSynchronizer.java:44)
	at org.gradle.internal.model.StateTransitionController.transition(StateTransitionController.java:169)
	at org.gradle.internal.buildtree.DefaultBuildTreeLifecycleController.runBuild(DefaultBuildTreeLifecycleController.java:116)
	at org.gradle.internal.buildtree.DefaultBuildTreeLifecycleController.scheduleAndRunTasks(DefaultBuildTreeLifecycleController.java:76)
	at org.gradle.internal.buildtree.DefaultBuildTreeLifecycleController.scheduleAndRunTasks(DefaultBuildTreeLifecycleController.java:71)
	at org.gradle.tooling.internal.provider.ExecuteBuildActionRunner.run(ExecuteBuildActionRunner.java:31)
	at org.gradle.launcher.exec.ChainingBuildActionRunner.run(ChainingBuildActionRunner.java:35)
	at org.gradle.internal.buildtree.ProblemReportingBuildActionRunner.run(ProblemReportingBuildActionRunner.java:49)
	at org.gradle.launcher.exec.BuildOutcomeReportingBuildActionRunner.run(BuildOutcomeReportingBuildActionRunner.java:65)
	at org.gradle.tooling.internal.provider.FileSystemWatchingBuildActionRunner.run(FileSystemWatchingBuildActionRunner.java:140)
	at org.gradle.launcher.exec.BuildCompletionNotifyingBuildActionRunner.run(BuildCompletionNotifyingBuildActionRunner.java:41)
	at org.gradle.launcher.exec.RootBuildLifecycleBuildActionExecutor.lambda$execute$0(RootBuildLifecycleBuildActionExecutor.java:40)
	at org.gradle.composite.internal.DefaultRootBuildState.run(DefaultRootBuildState.java:123)
	at org.gradle.launcher.exec.RootBuildLifecycleBuildActionExecutor.execute(RootBuildLifecycleBuildActionExecutor.java:40)
	at org.gradle.internal.buildtree.InitDeprecationLoggingActionExecutor.execute(InitDeprecationLoggingActionExecutor.java:62)
	at org.gradle.internal.buildtree.InitProblems.execute(InitProblems.java:38)
	at org.gradle.internal.buildtree.DefaultBuildTreeContext.execute(DefaultBuildTreeContext.java:40)
	at org.gradle.launcher.exec.BuildTreeLifecycleBuildActionExecutor.lambda$execute$0(BuildTreeLifecycleBuildActionExecutor.java:58)
	at org.gradle.internal.buildtree.BuildTreeState.run(BuildTreeState.java:58)
	at org.gradle.launcher.exec.BuildTreeLifecycleBuildActionExecutor.execute(BuildTreeLifecycleBuildActionExecutor.java:58)
	at org.gradle.launcher.exec.RunAsBuildOperationBuildActionExecutor$3.call(RunAsBuildOperationBuildActionExecutor.java:61)
	at org.gradle.launcher.exec.RunAsBuildOperationBuildActionExecutor$3.call(RunAsBuildOperationBuildActionExecutor.java:57)
	at org.gradle.internal.operations.DefaultBuildOperationRunner$CallableBuildOperationWorker.execute(DefaultBuildOperationRunner.java:204)
	at org.gradle.internal.operations.DefaultBuildOperationRunner$CallableBuildOperationWorker.execute(DefaultBuildOperationRunner.java:199)
	at org.gradle.internal.operations.DefaultBuildOperationRunner$2.execute(DefaultBuildOperationRunner.java:66)
	at org.gradle.internal.operations.DefaultBuildOperationRunner$2.execute(DefaultBuildOperationRunner.java:59)
	at org.gradle.internal.operations.DefaultBuildOperationRunner.execute(DefaultBuildOperationRunner.java:157)
	at org.gradle.internal.operations.DefaultBuildOperationRunner.execute(DefaultBuildOperationRunner.java:59)
	at org.gradle.internal.operations.DefaultBuildOperationRunner.call(DefaultBuildOperationRunner.java:53)
	at org.gradle.internal.operations.DefaultBuildOperationExecutor.call(DefaultBuildOperationExecutor.java:73)
	at org.gradle.launcher.exec.RunAsBuildOperationBuildActionExecutor.execute(RunAsBuildOperationBuildActionExecutor.java:57)
	at org.gradle.launcher.exec.RunAsWorkerThreadBuildActionExecutor.lambda$execute$0(RunAsWorkerThreadBuildActionExecutor.java:36)
	at org.gradle.internal.work.DefaultWorkerLeaseService.withLocks(DefaultWorkerLeaseService.java:264)
	at org.gradle.internal.work.DefaultWorkerLeaseService.runAsWorkerThread(DefaultWorkerLeaseService.java:128)
	at org.gradle.launcher.exec.RunAsWorkerThreadBuildActionExecutor.execute(RunAsWorkerThreadBuildActionExecutor.java:36)
	at org.gradle.tooling.internal.provider.continuous.ContinuousBuildActionExecutor.execute(ContinuousBuildActionExecutor.java:110)
	at org.gradle.tooling.internal.provider.SubscribableBuildActionExecutor.execute(SubscribableBuildActionExecutor.java:64)
	at org.gradle.internal.session.DefaultBuildSessionContext.execute(DefaultBuildSessionContext.java:46)
	at org.gradle.tooling.internal.provider.BuildSessionLifecycleBuildActionExecuter$ActionImpl.apply(BuildSessionLifecycleBuildActionExecuter.java:92)
	at org.gradle.tooling.internal.provider.BuildSessionLifecycleBuildActionExecuter$ActionImpl.apply(BuildSessionLifecycleBuildActionExecuter.java:80)
	at org.gradle.internal.session.BuildSessionState.run(BuildSessionState.java:69)
	at org.gradle.tooling.internal.provider.BuildSessionLifecycleBuildActionExecuter.execute(BuildSessionLifecycleBuildActionExecuter.java:62)
	at org.gradle.tooling.internal.provider.BuildSessionLifecycleBuildActionExecuter.execute(BuildSessionLifecycleBuildActionExecuter.java:41)
	at org.gradle.tooling.internal.provider.StartParamsValidatingActionExecuter.execute(StartParamsValidatingActionExecuter.java:64)
	at org.gradle.tooling.internal.provider.StartParamsValidatingActionExecuter.execute(StartParamsValidatingActionExecuter.java:32)
	at org.gradle.tooling.internal.provider.SessionFailureReportingActionExecuter.execute(SessionFailureReportingActionExecuter.java:51)
	at org.gradle.tooling.internal.provider.SessionFailureReportingActionExecuter.execute(SessionFailureReportingActionExecuter.java:39)
	at org.gradle.tooling.internal.provider.SetupLoggingActionExecuter.execute(SetupLoggingActionExecuter.java:47)
	at org.gradle.tooling.internal.provider.SetupLoggingActionExecuter.execute(SetupLoggingActionExecuter.java:31)
	at org.gradle.launcher.daemon.server.exec.ExecuteBuild.doBuild(ExecuteBuild.java:65)
	at org.gradle.launcher.daemon.server.exec.BuildCommandOnly.execute(BuildCommandOnly.java:37)
	at org.gradle.launcher.daemon.server.api.DaemonCommandExecution.proceed(DaemonCommandExecution.java:104)
	at org.gradle.launcher.daemon.server.exec.WatchForDisconnection.execute(WatchForDisconnection.java:39)
	at org.gradle.launcher.daemon.server.api.DaemonCommandExecution.proceed(DaemonCommandExecution.java:104)
	at org.gradle.launcher.daemon.server.exec.ResetDeprecationLogger.execute(ResetDeprecationLogger.java:29)
	at org.gradle.launcher.daemon.server.api.DaemonCommandExecution.proceed(DaemonCommandExecution.java:104)
	at org.gradle.launcher.daemon.server.exec.RequestStopIfSingleUsedDaemon.execute(RequestStopIfSingleUsedDaemon.java:35)
	at org.gradle.launcher.daemon.server.api.DaemonCommandExecution.proceed(DaemonCommandExecution.java:104)
	at org.gradle.launcher.daemon.server.exec.ForwardClientInput$2.create(ForwardClientInput.java:78)
	at org.gradle.launcher.daemon.server.exec.ForwardClientInput$2.create(ForwardClientInput.java:75)
	at org.gradle.util.internal.Swapper.swap(Swapper.java:38)
	at org.gradle.launcher.daemon.server.exec.ForwardClientInput.execute(ForwardClientInput.java:75)
	at org.gradle.launcher.daemon.server.api.DaemonCommandExecution.proceed(DaemonCommandExecution.java:104)
	at org.gradle.launcher.daemon.server.exec.LogAndCheckHealth.execute(LogAndCheckHealth.java:64)
	at org.gradle.launcher.daemon.server.api.DaemonCommandExecution.proceed(DaemonCommandExecution.java:104)
	at org.gradle.launcher.daemon.server.exec.LogToClient.doBuild(LogToClient.java:63)
	at org.gradle.launcher.daemon.server.exec.BuildCommandOnly.execute(BuildCommandOnly.java:37)
	at org.gradle.launcher.daemon.server.api.DaemonCommandExecution.proceed(DaemonCommandExecution.java:104)
	at org.gradle.launcher.daemon.server.exec.EstablishBuildEnvironment.doBuild(EstablishBuildEnvironment.java:84)
	at org.gradle.launcher.daemon.server.exec.BuildCommandOnly.execute(BuildCommandOnly.java:37)
	at org.gradle.launcher.daemon.server.api.DaemonCommandExecution.proceed(DaemonCommandExecution.java:104)
	at org.gradle.launcher.daemon.server.exec.StartBuildOrRespondWithBusy$1.run(StartBuildOrRespondWithBusy.java:52)
	at org.gradle.launcher.daemon.server.DaemonStateCoordinator$1.run(DaemonStateCoordinator.java:297)
	at org.gradle.internal.concurrent.ExecutorPolicy$CatchAndRecordFailures.onExecute(ExecutorPolicy.java:64)
	at org.gradle.internal.concurrent.AbstractManagedExecutor$1.run(AbstractManagedExecutor.java:47)
	at java.base/java.util.concurrent.ThreadPoolExecutor.runWorker(ThreadPoolExecutor.java:1136)
	at java.base/java.util.concurrent.ThreadPoolExecutor$Worker.run(ThreadPoolExecutor.java:635)
	at java.base/java.lang.Thread.run(Thread.java:840)
[gradle-intellij-plugin :] Cannot create plugin from file '/opt/android-studio/plugins/c-clangd-plugin': Invalid plugin descriptor 'plugin.xml'. Unable to read the plugin descriptor: No enum constant com.jetbrains.plugin.structure.intellij.plugin.IdePluginContentDescriptor.ServiceType.APPLİCATİON.
Unable to read descriptor [plugin.xml] from [/opt/android-studio/plugins/c-clangdBridge-plugin/lib/c-clangdBridge-plugin.jar]
java.lang.IllegalArgumentException: No enum constant com.jetbrains.plugin.structure.intellij.plugin.IdePluginContentDescriptor.ServiceType.APPLİCATİON
	at java.base/java.lang.Enum.valueOf(Enum.java:273)
	at com.jetbrains.plugin.structure.intellij.plugin.IdePluginContentDescriptor$ServiceType.valueOf(IdePluginContents.kt)
	at com.jetbrains.plugin.structure.intellij.plugin.PluginCreator.readServiceDescriptor(PluginCreator.kt:406)
	at com.jetbrains.plugin.structure.intellij.plugin.PluginCreator.readExtensions(PluginCreator.kt:341)
	at com.jetbrains.plugin.structure.intellij.plugin.PluginCreator.setInfoFromBean(PluginCreator.kt:320)
	at com.jetbrains.plugin.structure.intellij.plugin.PluginCreator.resolveDocumentAndValidateBean(PluginCreator.kt:664)
	at com.jetbrains.plugin.structure.intellij.plugin.PluginCreator.access$resolveDocumentAndValidateBean(PluginCreator.kt:31)
	at com.jetbrains.plugin.structure.intellij.plugin.PluginCreator$Companion.createPlugin(PluginCreator.kt:109)
	at com.jetbrains.plugin.structure.intellij.plugin.IdePluginManager.loadPluginInfoFromJarFile(IdePluginManager.kt:62)
	at com.jetbrains.plugin.structure.intellij.plugin.IdePluginManager.loadPluginInfoFromLibDirectory(IdePluginManager.kt:165)
	at com.jetbrains.plugin.structure.intellij.plugin.IdePluginManager.loadPluginInfoFromDirectory(IdePluginManager.kt:97)
	at com.jetbrains.plugin.structure.intellij.plugin.IdePluginManager.loadPluginInfoFromJarOrDirectory(IdePluginManager.kt:206)
	at com.jetbrains.plugin.structure.intellij.plugin.IdePluginManager.getPluginCreatorWithResult(IdePluginManager.kt:347)
	at com.jetbrains.plugin.structure.intellij.plugin.IdePluginManager.createPlugin(IdePluginManager.kt:314)
	at com.jetbrains.plugin.structure.intellij.plugin.IdePluginManager.createPlugin$default(IdePluginManager.kt:312)
	at org.jetbrains.intellij.Utils.createPlugin(utils.kt:222)
	at org.jetbrains.intellij.dependency.BuiltinPluginsRegistry.add(BuiltinPluginsRegistry.kt:89)
	at org.jetbrains.intellij.dependency.BuiltinPluginsRegistry.fillFromDirectory(BuiltinPluginsRegistry.kt:47)
	at org.jetbrains.intellij.dependency.BuiltinPluginsRegistry.access$fillFromDirectory(BuiltinPluginsRegistry.kt:21)
	at org.jetbrains.intellij.dependency.BuiltinPluginsRegistry$Companion.fromDirectory(BuiltinPluginsRegistry.kt:127)
	at org.jetbrains.intellij.dependency.IdeaDependencyManager.createDependency(IdeaDependencyManager.kt:92)
	at org.jetbrains.intellij.dependency.IdeaDependencyManager.resolveLocal(IdeaDependencyManager.kt:430)
	at org.jetbrains.intellij.IntelliJPlugin$prepareIdeaDependencyProvider$1.call(IntelliJPlugin.kt:299)
	at org.jetbrains.intellij.IntelliJPlugin$prepareIdeaDependencyProvider$1.call(IntelliJPlugin.kt:266)
	at org.gradle.api.internal.provider.DefaultProvider.calculateOwnValue(DefaultProvider.java:72)
	at org.gradle.api.internal.provider.AbstractMinimalProvider.calculateValue(AbstractMinimalProvider.java:115)
	at org.gradle.api.internal.provider.TransformBackedProvider.calculateOwnValue(TransformBackedProvider.java:82)
	at org.gradle.api.internal.provider.AbstractMinimalProvider.calculateValue(AbstractMinimalProvider.java:115)
	at org.gradle.api.internal.provider.AbstractMinimalProvider.withFinalValue(AbstractMinimalProvider.java:168)
	at org.gradle.api.internal.provider.DefaultProperty.finalValue(DefaultProperty.java:133)
	at org.gradle.api.internal.provider.DefaultProperty.finalValue(DefaultProperty.java:26)
	at org.gradle.api.internal.provider.AbstractProperty.finalizeNow(AbstractProperty.java:245)
	at org.gradle.api.internal.provider.AbstractProperty.beforeRead(AbstractProperty.java:239)
	at org.gradle.api.internal.provider.AbstractProperty.calculateOwnValue(AbstractProperty.java:135)
	at org.gradle.api.internal.provider.AbstractMinimalProvider.calculateValue(AbstractMinimalProvider.java:115)
	at org.gradle.api.internal.provider.TransformBackedProvider.calculateOwnValue(TransformBackedProvider.java:82)
	at org.gradle.api.internal.provider.AbstractMinimalProvider.calculateValue(AbstractMinimalProvider.java:115)
	at org.gradle.api.internal.provider.Collectors$ElementsFromCollectionProvider.collectEntries(Collectors.java:220)
	at org.gradle.api.internal.provider.AbstractCollectionProperty$CollectingSupplier.calculateValue(AbstractCollectionProperty.java:344)
	at org.gradle.api.internal.provider.AbstractCollectionProperty.calculateValueFrom(AbstractCollectionProperty.java:189)
	at org.gradle.api.internal.provider.AbstractCollectionProperty.calculateValueFrom(AbstractCollectionProperty.java:37)
	at org.gradle.api.internal.provider.AbstractProperty.doCalculateValue(AbstractProperty.java:142)
	at org.gradle.api.internal.provider.AbstractProperty.calculateOwnValue(AbstractProperty.java:136)
	at org.gradle.api.internal.provider.AbstractMinimalProvider.calculateOwnPresentValue(AbstractMinimalProvider.java:80)
	at org.gradle.api.internal.provider.AbstractMinimalProvider.get(AbstractMinimalProvider.java:100)
	at org.jetbrains.intellij.IntelliJPlugin$configurePrepareSandboxTasks$5$5.transform(IntelliJPlugin.kt:625)
	at org.jetbrains.intellij.IntelliJPlugin$configurePrepareSandboxTasks$5$5.transform(IntelliJPlugin.kt:624)
	at org.gradle.api.internal.provider.ValueSupplier$Present.transform(ValueSupplier.java:541)
	at org.gradle.api.internal.provider.TransformBackedProvider.mapValue(TransformBackedProvider.java:91)
	at org.gradle.api.internal.provider.TransformBackedProvider.calculateOwnValue(TransformBackedProvider.java:83)
	at org.gradle.api.internal.provider.AbstractMinimalProvider.calculateOwnPresentValue(AbstractMinimalProvider.java:80)
	at org.gradle.api.internal.provider.AbstractMinimalProvider.get(AbstractMinimalProvider.java:100)
	at org.gradle.api.internal.provider.ProviderResolutionStrategy$2.resolve(ProviderResolutionStrategy.java:33)
	at org.gradle.api.internal.file.collections.ProviderBackedFileCollection.visitDependencies(ProviderBackedFileCollection.java:57)
	at org.gradle.api.internal.tasks.CachingTaskDependencyResolveContext$TaskGraphImpl.getNodeValues(CachingTaskDependencyResolveContext.java:103)
	at org.gradle.internal.graph.CachingDirectedGraphWalker$GraphWithEmptyEdges.getNodeValues(CachingDirectedGraphWalker.java:213)
	at org.gradle.internal.graph.CachingDirectedGraphWalker.doSearch(CachingDirectedGraphWalker.java:121)
	at org.gradle.internal.graph.CachingDirectedGraphWalker.findValues(CachingDirectedGraphWalker.java:73)
	at org.gradle.api.internal.tasks.CachingTaskDependencyResolveContext.getDependencies(CachingTaskDependencyResolveContext.java:66)
	at org.gradle.execution.plan.TaskDependencyResolver.resolveDependenciesFor(TaskDependencyResolver.java:49)
	at org.gradle.execution.plan.LocalTaskNode.getDependencies(LocalTaskNode.java:148)
	at org.gradle.execution.plan.LocalTaskNode.resolveDependencies(LocalTaskNode.java:122)
	at org.gradle.execution.plan.DefaultExecutionPlan.discoverNodeRelationships(DefaultExecutionPlan.java:183)
	at org.gradle.execution.plan.DefaultExecutionPlan.doAddEntryNodes(DefaultExecutionPlan.java:155)
	at org.gradle.execution.plan.DefaultExecutionPlan.addEntryTasks(DefaultExecutionPlan.java:130)
	at org.gradle.execution.plan.DefaultExecutionPlan.addEntryTasks(DefaultExecutionPlan.java:122)
	at org.gradle.execution.TaskNameResolvingBuildTaskScheduler.scheduleRequestedTasks(TaskNameResolvingBuildTaskScheduler.java:54)
	at org.gradle.execution.DefaultTasksBuildTaskScheduler.scheduleRequestedTasks(DefaultTasksBuildTaskScheduler.java:72)
	at org.gradle.initialization.DefaultTaskExecutionPreparer.lambda$scheduleRequestedTasks$0(DefaultTaskExecutionPreparer.java:46)
	at org.gradle.internal.Factories$1.create(Factories.java:31)
	at org.gradle.internal.work.DefaultWorkerLeaseService.withReplacedLocks(DefaultWorkerLeaseService.java:360)
	at org.gradle.api.internal.project.DefaultProjectStateRegistry$DefaultBuildProjectRegistry.withMutableStateOfAllProjects(DefaultProjectStateRegistry.java:239)
	at org.gradle.api.internal.project.DefaultProjectStateRegistry$DefaultBuildProjectRegistry.withMutableStateOfAllProjects(DefaultProjectStateRegistry.java:232)
	at org.gradle.initialization.DefaultTaskExecutionPreparer.scheduleRequestedTasks(DefaultTaskExecutionPreparer.java:45)
	at org.gradle.initialization.VintageBuildModelController.lambda$scheduleRequestedTasks$0(VintageBuildModelController.java:76)
	at org.gradle.internal.model.StateTransitionController.lambda$inState$1(StateTransitionController.java:99)
	at org.gradle.internal.model.StateTransitionController.lambda$inState$2(StateTransitionController.java:114)
	at org.gradle.internal.work.DefaultSynchronizer.withLock(DefaultSynchronizer.java:44)
	at org.gradle.internal.model.StateTransitionController.inState(StateTransitionController.java:110)
	at org.gradle.internal.model.StateTransitionController.inState(StateTransitionController.java:98)
	at org.gradle.initialization.VintageBuildModelController.scheduleRequestedTasks(VintageBuildModelController.java:76)
	at org.gradle.internal.build.DefaultBuildLifecycleController$DefaultWorkGraphBuilder.addRequestedTasks(DefaultBuildLifecycleController.java:404)
	at org.gradle.internal.buildtree.DefaultBuildTreeWorkPreparer.lambda$scheduleRequestedTasks$0(DefaultBuildTreeWorkPreparer.java:41)
	at org.gradle.internal.build.DefaultBuildLifecycleController.lambda$populateWorkGraph$7(DefaultBuildLifecycleController.java:189)
	at org.gradle.internal.build.DefaultBuildWorkPreparer.populateWorkGraph(DefaultBuildWorkPreparer.java:42)
	at org.gradle.internal.build.BuildOperationFiringBuildWorkPreparer$PopulateWorkGraph.populateTaskGraph(BuildOperationFiringBuildWorkPreparer.java:106)
	at org.gradle.internal.build.BuildOperationFiringBuildWorkPreparer$PopulateWorkGraph.run(BuildOperationFiringBuildWorkPreparer.java:92)
	at org.gradle.internal.operations.DefaultBuildOperationRunner$1.execute(DefaultBuildOperationRunner.java:29)
	at org.gradle.internal.operations.DefaultBuildOperationRunner$1.execute(DefaultBuildOperationRunner.java:26)
	at org.gradle.internal.operations.DefaultBuildOperationRunner$2.execute(DefaultBuildOperationRunner.java:66)
	at org.gradle.internal.operations.DefaultBuildOperationRunner$2.execute(DefaultBuildOperationRunner.java:59)
	at org.gradle.internal.operations.DefaultBuildOperationRunner.execute(DefaultBuildOperationRunner.java:157)
	at org.gradle.internal.operations.DefaultBuildOperationRunner.execute(DefaultBuildOperationRunner.java:59)
	at org.gradle.internal.operations.DefaultBuildOperationRunner.run(DefaultBuildOperationRunner.java:47)
	at org.gradle.internal.operations.DefaultBuildOperationExecutor.run(DefaultBuildOperationExecutor.java:68)
	at org.gradle.internal.build.BuildOperationFiringBuildWorkPreparer.populateWorkGraph(BuildOperationFiringBuildWorkPreparer.java:67)
	at org.gradle.internal.build.DefaultBuildLifecycleController.lambda$populateWorkGraph$8(DefaultBuildLifecycleController.java:189)
	at org.gradle.internal.model.StateTransitionController.lambda$inState$1(StateTransitionController.java:99)
	at org.gradle.internal.model.StateTransitionController.lambda$inState$2(StateTransitionController.java:114)
	at org.gradle.internal.work.DefaultSynchronizer.withLock(DefaultSynchronizer.java:44)
	at org.gradle.internal.model.StateTransitionController.inState(StateTransitionController.java:110)
	at org.gradle.internal.model.StateTransitionController.inState(StateTransitionController.java:98)
	at org.gradle.internal.build.DefaultBuildLifecycleController.populateWorkGraph(DefaultBuildLifecycleController.java:189)
	at org.gradle.internal.build.DefaultBuildWorkGraphController$DefaultBuildWorkGraph.populateWorkGraph(DefaultBuildWorkGraphController.java:169)
	at org.gradle.composite.internal.DefaultBuildController.populateWorkGraph(DefaultBuildController.java:76)
	at org.gradle.composite.internal.DefaultIncludedBuildTaskGraph$DefaultBuildTreeWorkGraphBuilder.withWorkGraph(DefaultIncludedBuildTaskGraph.java:153)
	at org.gradle.internal.buildtree.DefaultBuildTreeWorkPreparer.lambda$scheduleRequestedTasks$1(DefaultBuildTreeWorkPreparer.java:41)
	at org.gradle.composite.internal.DefaultIncludedBuildTaskGraph$DefaultBuildTreeWorkGraph$1.run(DefaultIncludedBuildTaskGraph.java:209)
	at org.gradle.internal.operations.DefaultBuildOperationRunner$1.execute(DefaultBuildOperationRunner.java:29)
	at org.gradle.internal.operations.DefaultBuildOperationRunner$1.execute(DefaultBuildOperationRunner.java:26)
	at org.gradle.internal.operations.DefaultBuildOperationRunner$2.execute(DefaultBuildOperationRunner.java:66)
	at org.gradle.internal.operations.DefaultBuildOperationRunner$2.execute(DefaultBuildOperationRunner.java:59)
	at org.gradle.internal.operations.DefaultBuildOperationRunner.execute(DefaultBuildOperationRunner.java:157)
	at org.gradle.internal.operations.DefaultBuildOperationRunner.execute(DefaultBuildOperationRunner.java:59)
	at org.gradle.internal.operations.DefaultBuildOperationRunner.run(DefaultBuildOperationRunner.java:47)
	at org.gradle.internal.operations.DefaultBuildOperationExecutor.run(DefaultBuildOperationExecutor.java:68)
	at org.gradle.composite.internal.DefaultIncludedBuildTaskGraph$DefaultBuildTreeWorkGraph.scheduleWork(DefaultIncludedBuildTaskGraph.java:204)
	at org.gradle.internal.buildtree.DefaultBuildTreeWorkPreparer.scheduleRequestedTasks(DefaultBuildTreeWorkPreparer.java:37)
	at org.gradle.configurationcache.VintageBuildTreeWorkController$scheduleAndRunRequestedTasks$1.apply(VintageBuildTreeWorkController.kt:36)
	at org.gradle.configurationcache.VintageBuildTreeWorkController$scheduleAndRunRequestedTasks$1.apply(VintageBuildTreeWorkController.kt:35)
	at org.gradle.composite.internal.DefaultIncludedBuildTaskGraph.withNewWorkGraph(DefaultIncludedBuildTaskGraph.java:112)
	at org.gradle.configurationcache.VintageBuildTreeWorkController.scheduleAndRunRequestedTasks(VintageBuildTreeWorkController.kt:35)
	at org.gradle.internal.buildtree.DefaultBuildTreeLifecycleController.lambda$scheduleAndRunTasks$1(DefaultBuildTreeLifecycleController.java:76)
	at org.gradle.internal.buildtree.DefaultBuildTreeLifecycleController.lambda$runBuild$4(DefaultBuildTreeLifecycleController.java:119)
	at org.gradle.internal.model.StateTransitionController.lambda$transition$6(StateTransitionController.java:169)
	at org.gradle.internal.model.StateTransitionController.doTransition(StateTransitionController.java:266)
	at org.gradle.internal.model.StateTransitionController.lambda$transition$7(StateTransitionController.java:169)
	at org.gradle.internal.work.DefaultSynchronizer.withLock(DefaultSynchronizer.java:44)
	at org.gradle.internal.model.StateTransitionController.transition(StateTransitionController.java:169)
	at org.gradle.internal.buildtree.DefaultBuildTreeLifecycleController.runBuild(DefaultBuildTreeLifecycleController.java:116)
	at org.gradle.internal.buildtree.DefaultBuildTreeLifecycleController.scheduleAndRunTasks(DefaultBuildTreeLifecycleController.java:76)
	at org.gradle.internal.buildtree.DefaultBuildTreeLifecycleController.scheduleAndRunTasks(DefaultBuildTreeLifecycleController.java:71)
	at org.gradle.tooling.internal.provider.ExecuteBuildActionRunner.run(ExecuteBuildActionRunner.java:31)
	at org.gradle.launcher.exec.ChainingBuildActionRunner.run(ChainingBuildActionRunner.java:35)
	at org.gradle.internal.buildtree.ProblemReportingBuildActionRunner.run(ProblemReportingBuildActionRunner.java:49)
	at org.gradle.launcher.exec.BuildOutcomeReportingBuildActionRunner.run(BuildOutcomeReportingBuildActionRunner.java:65)
	at org.gradle.tooling.internal.provider.FileSystemWatchingBuildActionRunner.run(FileSystemWatchingBuildActionRunner.java:140)
	at org.gradle.launcher.exec.BuildCompletionNotifyingBuildActionRunner.run(BuildCompletionNotifyingBuildActionRunner.java:41)
	at org.gradle.launcher.exec.RootBuildLifecycleBuildActionExecutor.lambda$execute$0(RootBuildLifecycleBuildActionExecutor.java:40)
	at org.gradle.composite.internal.DefaultRootBuildState.run(DefaultRootBuildState.java:123)
	at org.gradle.launcher.exec.RootBuildLifecycleBuildActionExecutor.execute(RootBuildLifecycleBuildActionExecutor.java:40)
	at org.gradle.internal.buildtree.InitDeprecationLoggingActionExecutor.execute(InitDeprecationLoggingActionExecutor.java:62)
	at org.gradle.internal.buildtree.InitProblems.execute(InitProblems.java:38)
	at org.gradle.internal.buildtree.DefaultBuildTreeContext.execute(DefaultBuildTreeContext.java:40)
	at org.gradle.launcher.exec.BuildTreeLifecycleBuildActionExecutor.lambda$execute$0(BuildTreeLifecycleBuildActionExecutor.java:58)
	at org.gradle.internal.buildtree.BuildTreeState.run(BuildTreeState.java:58)
	at org.gradle.launcher.exec.BuildTreeLifecycleBuildActionExecutor.execute(BuildTreeLifecycleBuildActionExecutor.java:58)
	at org.gradle.launcher.exec.RunAsBuildOperationBuildActionExecutor$3.call(RunAsBuildOperationBuildActionExecutor.java:61)
	at org.gradle.launcher.exec.RunAsBuildOperationBuildActionExecutor$3.call(RunAsBuildOperationBuildActionExecutor.java:57)
	at org.gradle.internal.operations.DefaultBuildOperationRunner$CallableBuildOperationWorker.execute(DefaultBuildOperationRunner.java:204)
	at org.gradle.internal.operations.DefaultBuildOperationRunner$CallableBuildOperationWorker.execute(DefaultBuildOperationRunner.java:199)
	at org.gradle.internal.operations.DefaultBuildOperationRunner$2.execute(DefaultBuildOperationRunner.java:66)
	at org.gradle.internal.operations.DefaultBuildOperationRunner$2.execute(DefaultBuildOperationRunner.java:59)
	at org.gradle.internal.operations.DefaultBuildOperationRunner.execute(DefaultBuildOperationRunner.java:157)
	at org.gradle.internal.operations.DefaultBuildOperationRunner.execute(DefaultBuildOperationRunner.java:59)
	at org.gradle.internal.operations.DefaultBuildOperationRunner.call(DefaultBuildOperationRunner.java:53)
	at org.gradle.internal.operations.DefaultBuildOperationExecutor.call(DefaultBuildOperationExecutor.java:73)
	at org.gradle.launcher.exec.RunAsBuildOperationBuildActionExecutor.execute(RunAsBuildOperationBuildActionExecutor.java:57)
	at org.gradle.launcher.exec.RunAsWorkerThreadBuildActionExecutor.lambda$execute$0(RunAsWorkerThreadBuildActionExecutor.java:36)
	at org.gradle.internal.work.DefaultWorkerLeaseService.withLocks(DefaultWorkerLeaseService.java:264)
	at org.gradle.internal.work.DefaultWorkerLeaseService.runAsWorkerThread(DefaultWorkerLeaseService.java:128)
	at org.gradle.launcher.exec.RunAsWorkerThreadBuildActionExecutor.execute(RunAsWorkerThreadBuildActionExecutor.java:36)
	at org.gradle.tooling.internal.provider.continuous.ContinuousBuildActionExecutor.execute(ContinuousBuildActionExecutor.java:110)
	at org.gradle.tooling.internal.provider.SubscribableBuildActionExecutor.execute(SubscribableBuildActionExecutor.java:64)
	at org.gradle.internal.session.DefaultBuildSessionContext.execute(DefaultBuildSessionContext.java:46)
	at org.gradle.tooling.internal.provider.BuildSessionLifecycleBuildActionExecuter$ActionImpl.apply(BuildSessionLifecycleBuildActionExecuter.java:92)
	at org.gradle.tooling.internal.provider.BuildSessionLifecycleBuildActionExecuter$ActionImpl.apply(BuildSessionLifecycleBuildActionExecuter.java:80)
	at org.gradle.internal.session.BuildSessionState.run(BuildSessionState.java:69)
	at org.gradle.tooling.internal.provider.BuildSessionLifecycleBuildActionExecuter.execute(BuildSessionLifecycleBuildActionExecuter.java:62)
	at org.gradle.tooling.internal.provider.BuildSessionLifecycleBuildActionExecuter.execute(BuildSessionLifecycleBuildActionExecuter.java:41)
	at org.gradle.tooling.internal.provider.StartParamsValidatingActionExecuter.execute(StartParamsValidatingActionExecuter.java:64)
	at org.gradle.tooling.internal.provider.StartParamsValidatingActionExecuter.execute(StartParamsValidatingActionExecuter.java:32)
	at org.gradle.tooling.internal.provider.SessionFailureReportingActionExecuter.execute(SessionFailureReportingActionExecuter.java:51)
	at org.gradle.tooling.internal.provider.SessionFailureReportingActionExecuter.execute(SessionFailureReportingActionExecuter.java:39)
	at org.gradle.tooling.internal.provider.SetupLoggingActionExecuter.execute(SetupLoggingActionExecuter.java:47)
	at org.gradle.tooling.internal.provider.SetupLoggingActionExecuter.execute(SetupLoggingActionExecuter.java:31)
	at org.gradle.launcher.daemon.server.exec.ExecuteBuild.doBuild(ExecuteBuild.java:65)
	at org.gradle.launcher.daemon.server.exec.BuildCommandOnly.execute(BuildCommandOnly.java:37)
	at org.gradle.launcher.daemon.server.api.DaemonCommandExecution.proceed(DaemonCommandExecution.java:104)
	at org.gradle.launcher.daemon.server.exec.WatchForDisconnection.execute(WatchForDisconnection.java:39)
	at org.gradle.launcher.daemon.server.api.DaemonCommandExecution.proceed(DaemonCommandExecution.java:104)
	at org.gradle.launcher.daemon.server.exec.ResetDeprecationLogger.execute(ResetDeprecationLogger.java:29)
	at org.gradle.launcher.daemon.server.api.DaemonCommandExecution.proceed(DaemonCommandExecution.java:104)
	at org.gradle.launcher.daemon.server.exec.RequestStopIfSingleUsedDaemon.execute(RequestStopIfSingleUsedDaemon.java:35)
	at org.gradle.launcher.daemon.server.api.DaemonCommandExecution.proceed(DaemonCommandExecution.java:104)
	at org.gradle.launcher.daemon.server.exec.ForwardClientInput$2.create(ForwardClientInput.java:78)
	at org.gradle.launcher.daemon.server.exec.ForwardClientInput$2.create(ForwardClientInput.java:75)
	at org.gradle.util.internal.Swapper.swap(Swapper.java:38)
	at org.gradle.launcher.daemon.server.exec.ForwardClientInput.execute(ForwardClientInput.java:75)
	at org.gradle.launcher.daemon.server.api.DaemonCommandExecution.proceed(DaemonCommandExecution.java:104)
	at org.gradle.launcher.daemon.server.exec.LogAndCheckHealth.execute(LogAndCheckHealth.java:64)
	at org.gradle.launcher.daemon.server.api.DaemonCommandExecution.proceed(DaemonCommandExecution.java:104)
	at org.gradle.launcher.daemon.server.exec.LogToClient.doBuild(LogToClient.java:63)
	at org.gradle.launcher.daemon.server.exec.BuildCommandOnly.execute(BuildCommandOnly.java:37)
	at org.gradle.launcher.daemon.server.api.DaemonCommandExecution.proceed(DaemonCommandExecution.java:104)
	at org.gradle.launcher.daemon.server.exec.EstablishBuildEnvironment.doBuild(EstablishBuildEnvironment.java:84)
	at org.gradle.launcher.daemon.server.exec.BuildCommandOnly.execute(BuildCommandOnly.java:37)
	at org.gradle.launcher.daemon.server.api.DaemonCommandExecution.proceed(DaemonCommandExecution.java:104)
	at org.gradle.launcher.daemon.server.exec.StartBuildOrRespondWithBusy$1.run(StartBuildOrRespondWithBusy.java:52)
	at org.gradle.launcher.daemon.server.DaemonStateCoordinator$1.run(DaemonStateCoordinator.java:297)
	at org.gradle.internal.concurrent.ExecutorPolicy$CatchAndRecordFailures.onExecute(ExecutorPolicy.java:64)
	at org.gradle.internal.concurrent.AbstractManagedExecutor$1.run(AbstractManagedExecutor.java:47)
	at java.base/java.util.concurrent.ThreadPoolExecutor.runWorker(ThreadPoolExecutor.java:1136)
	at java.base/java.util.concurrent.ThreadPoolExecutor$Worker.run(ThreadPoolExecutor.java:635)
	at java.base/java.lang.Thread.run(Thread.java:840)
[gradle-intellij-plugin :] Cannot create plugin from file '/opt/android-studio/plugins/c-clangdBridge-plugin': Invalid plugin descriptor 'plugin.xml'. Unable to read the plugin descriptor: No enum constant com.jetbrains.plugin.structure.intellij.plugin.IdePluginContentDescriptor.ServiceType.APPLİCATİON.
Unable to read descriptor [plugin.xml] from [/opt/android-studio/plugins/c-plugin/lib/c-plugin.jar]
java.lang.IllegalArgumentException: No enum constant com.jetbrains.plugin.structure.intellij.plugin.IdePluginContentDescriptor.ServiceType.APPLİCATİON
	at java.base/java.lang.Enum.valueOf(Enum.java:273)
	at com.jetbrains.plugin.structure.intellij.plugin.IdePluginContentDescriptor$ServiceType.valueOf(IdePluginContents.kt)
	at com.jetbrains.plugin.structure.intellij.plugin.PluginCreator.readServiceDescriptor(PluginCreator.kt:406)
	at com.jetbrains.plugin.structure.intellij.plugin.PluginCreator.readExtensions(PluginCreator.kt:341)
	at com.jetbrains.plugin.structure.intellij.plugin.PluginCreator.setInfoFromBean(PluginCreator.kt:320)
	at com.jetbrains.plugin.structure.intellij.plugin.PluginCreator.resolveDocumentAndValidateBean(PluginCreator.kt:664)
	at com.jetbrains.plugin.structure.intellij.plugin.PluginCreator.access$resolveDocumentAndValidateBean(PluginCreator.kt:31)
	at com.jetbrains.plugin.structure.intellij.plugin.PluginCreator$Companion.createPlugin(PluginCreator.kt:109)
	at com.jetbrains.plugin.structure.intellij.plugin.IdePluginManager.loadPluginInfoFromJarFile(IdePluginManager.kt:62)
	at com.jetbrains.plugin.structure.intellij.plugin.IdePluginManager.loadPluginInfoFromLibDirectory(IdePluginManager.kt:165)
	at com.jetbrains.plugin.structure.intellij.plugin.IdePluginManager.loadPluginInfoFromDirectory(IdePluginManager.kt:97)
	at com.jetbrains.plugin.structure.intellij.plugin.IdePluginManager.loadPluginInfoFromJarOrDirectory(IdePluginManager.kt:206)
	at com.jetbrains.plugin.structure.intellij.plugin.IdePluginManager.getPluginCreatorWithResult(IdePluginManager.kt:347)
	at com.jetbrains.plugin.structure.intellij.plugin.IdePluginManager.createPlugin(IdePluginManager.kt:314)
	at com.jetbrains.plugin.structure.intellij.plugin.IdePluginManager.createPlugin$default(IdePluginManager.kt:312)
	at org.jetbrains.intellij.Utils.createPlugin(utils.kt:222)
	at org.jetbrains.intellij.dependency.BuiltinPluginsRegistry.add(BuiltinPluginsRegistry.kt:89)
	at org.jetbrains.intellij.dependency.BuiltinPluginsRegistry.fillFromDirectory(BuiltinPluginsRegistry.kt:47)
	at org.jetbrains.intellij.dependency.BuiltinPluginsRegistry.access$fillFromDirectory(BuiltinPluginsRegistry.kt:21)
	at org.jetbrains.intellij.dependency.BuiltinPluginsRegistry$Companion.fromDirectory(BuiltinPluginsRegistry.kt:127)
	at org.jetbrains.intellij.dependency.IdeaDependencyManager.createDependency(IdeaDependencyManager.kt:92)
	at org.jetbrains.intellij.dependency.IdeaDependencyManager.resolveLocal(IdeaDependencyManager.kt:430)
	at org.jetbrains.intellij.IntelliJPlugin$prepareIdeaDependencyProvider$1.call(IntelliJPlugin.kt:299)
	at org.jetbrains.intellij.IntelliJPlugin$prepareIdeaDependencyProvider$1.call(IntelliJPlugin.kt:266)
	at org.gradle.api.internal.provider.DefaultProvider.calculateOwnValue(DefaultProvider.java:72)
	at org.gradle.api.internal.provider.AbstractMinimalProvider.calculateValue(AbstractMinimalProvider.java:115)
	at org.gradle.api.internal.provider.TransformBackedProvider.calculateOwnValue(TransformBackedProvider.java:82)
	at org.gradle.api.internal.provider.AbstractMinimalProvider.calculateValue(AbstractMinimalProvider.java:115)
	at org.gradle.api.internal.provider.AbstractMinimalProvider.withFinalValue(AbstractMinimalProvider.java:168)
	at org.gradle.api.internal.provider.DefaultProperty.finalValue(DefaultProperty.java:133)
	at org.gradle.api.internal.provider.DefaultProperty.finalValue(DefaultProperty.java:26)
	at org.gradle.api.internal.provider.AbstractProperty.finalizeNow(AbstractProperty.java:245)
	at org.gradle.api.internal.provider.AbstractProperty.beforeRead(AbstractProperty.java:239)
	at org.gradle.api.internal.provider.AbstractProperty.calculateOwnValue(AbstractProperty.java:135)
	at org.gradle.api.internal.provider.AbstractMinimalProvider.calculateValue(AbstractMinimalProvider.java:115)
	at org.gradle.api.internal.provider.TransformBackedProvider.calculateOwnValue(TransformBackedProvider.java:82)
	at org.gradle.api.internal.provider.AbstractMinimalProvider.calculateValue(AbstractMinimalProvider.java:115)
	at org.gradle.api.internal.provider.Collectors$ElementsFromCollectionProvider.collectEntries(Collectors.java:220)
	at org.gradle.api.internal.provider.AbstractCollectionProperty$CollectingSupplier.calculateValue(AbstractCollectionProperty.java:344)
	at org.gradle.api.internal.provider.AbstractCollectionProperty.calculateValueFrom(AbstractCollectionProperty.java:189)
	at org.gradle.api.internal.provider.AbstractCollectionProperty.calculateValueFrom(AbstractCollectionProperty.java:37)
	at org.gradle.api.internal.provider.AbstractProperty.doCalculateValue(AbstractProperty.java:142)
	at org.gradle.api.internal.provider.AbstractProperty.calculateOwnValue(AbstractProperty.java:136)
	at org.gradle.api.internal.provider.AbstractMinimalProvider.calculateOwnPresentValue(AbstractMinimalProvider.java:80)
	at org.gradle.api.internal.provider.AbstractMinimalProvider.get(AbstractMinimalProvider.java:100)
	at org.jetbrains.intellij.IntelliJPlugin$configurePrepareSandboxTasks$5$5.transform(IntelliJPlugin.kt:625)
	at org.jetbrains.intellij.IntelliJPlugin$configurePrepareSandboxTasks$5$5.transform(IntelliJPlugin.kt:624)
	at org.gradle.api.internal.provider.ValueSupplier$Present.transform(ValueSupplier.java:541)
	at org.gradle.api.internal.provider.TransformBackedProvider.mapValue(TransformBackedProvider.java:91)
	at org.gradle.api.internal.provider.TransformBackedProvider.calculateOwnValue(TransformBackedProvider.java:83)
	at org.gradle.api.internal.provider.AbstractMinimalProvider.calculateOwnPresentValue(AbstractMinimalProvider.java:80)
	at org.gradle.api.internal.provider.AbstractMinimalProvider.get(AbstractMinimalProvider.java:100)
	at org.gradle.api.internal.provider.ProviderResolutionStrategy$2.resolve(ProviderResolutionStrategy.java:33)
	at org.gradle.api.internal.file.collections.ProviderBackedFileCollection.visitDependencies(ProviderBackedFileCollection.java:57)
	at org.gradle.api.internal.tasks.CachingTaskDependencyResolveContext$TaskGraphImpl.getNodeValues(CachingTaskDependencyResolveContext.java:103)
	at org.gradle.internal.graph.CachingDirectedGraphWalker$GraphWithEmptyEdges.getNodeValues(CachingDirectedGraphWalker.java:213)
	at org.gradle.internal.graph.CachingDirectedGraphWalker.doSearch(CachingDirectedGraphWalker.java:121)
	at org.gradle.internal.graph.CachingDirectedGraphWalker.findValues(CachingDirectedGraphWalker.java:73)
	at org.gradle.api.internal.tasks.CachingTaskDependencyResolveContext.getDependencies(CachingTaskDependencyResolveContext.java:66)
	at org.gradle.execution.plan.TaskDependencyResolver.resolveDependenciesFor(TaskDependencyResolver.java:49)
	at org.gradle.execution.plan.LocalTaskNode.getDependencies(LocalTaskNode.java:148)
	at org.gradle.execution.plan.LocalTaskNode.resolveDependencies(LocalTaskNode.java:122)
	at org.gradle.execution.plan.DefaultExecutionPlan.discoverNodeRelationships(DefaultExecutionPlan.java:183)
	at org.gradle.execution.plan.DefaultExecutionPlan.doAddEntryNodes(DefaultExecutionPlan.java:155)
	at org.gradle.execution.plan.DefaultExecutionPlan.addEntryTasks(DefaultExecutionPlan.java:130)
	at org.gradle.execution.plan.DefaultExecutionPlan.addEntryTasks(DefaultExecutionPlan.java:122)
	at org.gradle.execution.TaskNameResolvingBuildTaskScheduler.scheduleRequestedTasks(TaskNameResolvingBuildTaskScheduler.java:54)
	at org.gradle.execution.DefaultTasksBuildTaskScheduler.scheduleRequestedTasks(DefaultTasksBuildTaskScheduler.java:72)
	at org.gradle.initialization.DefaultTaskExecutionPreparer.lambda$scheduleRequestedTasks$0(DefaultTaskExecutionPreparer.java:46)
	at org.gradle.internal.Factories$1.create(Factories.java:31)
	at org.gradle.internal.work.DefaultWorkerLeaseService.withReplacedLocks(DefaultWorkerLeaseService.java:360)
	at org.gradle.api.internal.project.DefaultProjectStateRegistry$DefaultBuildProjectRegistry.withMutableStateOfAllProjects(DefaultProjectStateRegistry.java:239)
	at org.gradle.api.internal.project.DefaultProjectStateRegistry$DefaultBuildProjectRegistry.withMutableStateOfAllProjects(DefaultProjectStateRegistry.java:232)
	at org.gradle.initialization.DefaultTaskExecutionPreparer.scheduleRequestedTasks(DefaultTaskExecutionPreparer.java:45)
	at org.gradle.initialization.VintageBuildModelController.lambda$scheduleRequestedTasks$0(VintageBuildModelController.java:76)
	at org.gradle.internal.model.StateTransitionController.lambda$inState$1(StateTransitionController.java:99)
	at org.gradle.internal.model.StateTransitionController.lambda$inState$2(StateTransitionController.java:114)
	at org.gradle.internal.work.DefaultSynchronizer.withLock(DefaultSynchronizer.java:44)
	at org.gradle.internal.model.StateTransitionController.inState(StateTransitionController.java:110)
	at org.gradle.internal.model.StateTransitionController.inState(StateTransitionController.java:98)
	at org.gradle.initialization.VintageBuildModelController.scheduleRequestedTasks(VintageBuildModelController.java:76)
	at org.gradle.internal.build.DefaultBuildLifecycleController$DefaultWorkGraphBuilder.addRequestedTasks(DefaultBuildLifecycleController.java:404)
	at org.gradle.internal.buildtree.DefaultBuildTreeWorkPreparer.lambda$scheduleRequestedTasks$0(DefaultBuildTreeWorkPreparer.java:41)
	at org.gradle.internal.build.DefaultBuildLifecycleController.lambda$populateWorkGraph$7(DefaultBuildLifecycleController.java:189)
	at org.gradle.internal.build.DefaultBuildWorkPreparer.populateWorkGraph(DefaultBuildWorkPreparer.java:42)
	at org.gradle.internal.build.BuildOperationFiringBuildWorkPreparer$PopulateWorkGraph.populateTaskGraph(BuildOperationFiringBuildWorkPreparer.java:106)
	at org.gradle.internal.build.BuildOperationFiringBuildWorkPreparer$PopulateWorkGraph.run(BuildOperationFiringBuildWorkPreparer.java:92)
	at org.gradle.internal.operations.DefaultBuildOperationRunner$1.execute(DefaultBuildOperationRunner.java:29)
	at org.gradle.internal.operations.DefaultBuildOperationRunner$1.execute(DefaultBuildOperationRunner.java:26)
	at org.gradle.internal.operations.DefaultBuildOperationRunner$2.execute(DefaultBuildOperationRunner.java:66)
	at org.gradle.internal.operations.DefaultBuildOperationRunner$2.execute(DefaultBuildOperationRunner.java:59)
	at org.gradle.internal.operations.DefaultBuildOperationRunner.execute(DefaultBuildOperationRunner.java:157)
	at org.gradle.internal.operations.DefaultBuildOperationRunner.execute(DefaultBuildOperationRunner.java:59)
	at org.gradle.internal.operations.DefaultBuildOperationRunner.run(DefaultBuildOperationRunner.java:47)
	at org.gradle.internal.operations.DefaultBuildOperationExecutor.run(DefaultBuildOperationExecutor.java:68)
	at org.gradle.internal.build.BuildOperationFiringBuildWorkPreparer.populateWorkGraph(BuildOperationFiringBuildWorkPreparer.java:67)
	at org.gradle.internal.build.DefaultBuildLifecycleController.lambda$populateWorkGraph$8(DefaultBuildLifecycleController.java:189)
	at org.gradle.internal.model.StateTransitionController.lambda$inState$1(StateTransitionController.java:99)
	at org.gradle.internal.model.StateTransitionController.lambda$inState$2(StateTransitionController.java:114)
	at org.gradle.internal.work.DefaultSynchronizer.withLock(DefaultSynchronizer.java:44)
	at org.gradle.internal.model.StateTransitionController.inState(StateTransitionController.java:110)
	at org.gradle.internal.model.StateTransitionController.inState(StateTransitionController.java:98)
	at org.gradle.internal.build.DefaultBuildLifecycleController.populateWorkGraph(DefaultBuildLifecycleController.java:189)
	at org.gradle.internal.build.DefaultBuildWorkGraphController$DefaultBuildWorkGraph.populateWorkGraph(DefaultBuildWorkGraphController.java:169)
	at org.gradle.composite.internal.DefaultBuildController.populateWorkGraph(DefaultBuildController.java:76)
	at org.gradle.composite.internal.DefaultIncludedBuildTaskGraph$DefaultBuildTreeWorkGraphBuilder.withWorkGraph(DefaultIncludedBuildTaskGraph.java:153)
	at org.gradle.internal.buildtree.DefaultBuildTreeWorkPreparer.lambda$scheduleRequestedTasks$1(DefaultBuildTreeWorkPreparer.java:41)
	at org.gradle.composite.internal.DefaultIncludedBuildTaskGraph$DefaultBuildTreeWorkGraph$1.run(DefaultIncludedBuildTaskGraph.java:209)
	at org.gradle.internal.operations.DefaultBuildOperationRunner$1.execute(DefaultBuildOperationRunner.java:29)
	at org.gradle.internal.operations.DefaultBuildOperationRunner$1.execute(DefaultBuildOperationRunner.java:26)
	at org.gradle.internal.operations.DefaultBuildOperationRunner$2.execute(DefaultBuildOperationRunner.java:66)
	at org.gradle.internal.operations.DefaultBuildOperationRunner$2.execute(DefaultBuildOperationRunner.java:59)
	at org.gradle.internal.operations.DefaultBuildOperationRunner.execute(DefaultBuildOperationRunner.java:157)
	at org.gradle.internal.operations.DefaultBuildOperationRunner.execute(DefaultBuildOperationRunner.java:59)
	at org.gradle.internal.operations.DefaultBuildOperationRunner.run(DefaultBuildOperationRunner.java:47)
	at org.gradle.internal.operations.DefaultBuildOperationExecutor.run(DefaultBuildOperationExecutor.java:68)
	at org.gradle.composite.internal.DefaultIncludedBuildTaskGraph$DefaultBuildTreeWorkGraph.scheduleWork(DefaultIncludedBuildTaskGraph.java:204)
	at org.gradle.internal.buildtree.DefaultBuildTreeWorkPreparer.scheduleRequestedTasks(DefaultBuildTreeWorkPreparer.java:37)
	at org.gradle.configurationcache.VintageBuildTreeWorkController$scheduleAndRunRequestedTasks$1.apply(VintageBuildTreeWorkController.kt:36)
	at org.gradle.configurationcache.VintageBuildTreeWorkController$scheduleAndRunRequestedTasks$1.apply(VintageBuildTreeWorkController.kt:35)
	at org.gradle.composite.internal.DefaultIncludedBuildTaskGraph.withNewWorkGraph(DefaultIncludedBuildTaskGraph.java:112)
	at org.gradle.configurationcache.VintageBuildTreeWorkController.scheduleAndRunRequestedTasks(VintageBuildTreeWorkController.kt:35)
	at org.gradle.internal.buildtree.DefaultBuildTreeLifecycleController.lambda$scheduleAndRunTasks$1(DefaultBuildTreeLifecycleController.java:76)
	at org.gradle.internal.buildtree.DefaultBuildTreeLifecycleController.lambda$runBuild$4(DefaultBuildTreeLifecycleController.java:119)
	at org.gradle.internal.model.StateTransitionController.lambda$transition$6(StateTransitionController.java:169)
	at org.gradle.internal.model.StateTransitionController.doTransition(StateTransitionController.java:266)
	at org.gradle.internal.model.StateTransitionController.lambda$transition$7(StateTransitionController.java:169)
	at org.gradle.internal.work.DefaultSynchronizer.withLock(DefaultSynchronizer.java:44)
	at org.gradle.internal.model.StateTransitionController.transition(StateTransitionController.java:169)
	at org.gradle.internal.buildtree.DefaultBuildTreeLifecycleController.runBuild(DefaultBuildTreeLifecycleController.java:116)
	at org.gradle.internal.buildtree.DefaultBuildTreeLifecycleController.scheduleAndRunTasks(DefaultBuildTreeLifecycleController.java:76)
	at org.gradle.internal.buildtree.DefaultBuildTreeLifecycleController.scheduleAndRunTasks(DefaultBuildTreeLifecycleController.java:71)
	at org.gradle.tooling.internal.provider.ExecuteBuildActionRunner.run(ExecuteBuildActionRunner.java:31)
	at org.gradle.launcher.exec.ChainingBuildActionRunner.run(ChainingBuildActionRunner.java:35)
	at org.gradle.internal.buildtree.ProblemReportingBuildActionRunner.run(ProblemReportingBuildActionRunner.java:49)
	at org.gradle.launcher.exec.BuildOutcomeReportingBuildActionRunner.run(BuildOutcomeReportingBuildActionRunner.java:65)
	at org.gradle.tooling.internal.provider.FileSystemWatchingBuildActionRunner.run(FileSystemWatchingBuildActionRunner.java:140)
	at org.gradle.launcher.exec.BuildCompletionNotifyingBuildActionRunner.run(BuildCompletionNotifyingBuildActionRunner.java:41)
	at org.gradle.launcher.exec.RootBuildLifecycleBuildActionExecutor.lambda$execute$0(RootBuildLifecycleBuildActionExecutor.java:40)
	at org.gradle.composite.internal.DefaultRootBuildState.run(DefaultRootBuildState.java:123)
	at org.gradle.launcher.exec.RootBuildLifecycleBuildActionExecutor.execute(RootBuildLifecycleBuildActionExecutor.java:40)
	at org.gradle.internal.buildtree.InitDeprecationLoggingActionExecutor.execute(InitDeprecationLoggingActionExecutor.java:62)
	at org.gradle.internal.buildtree.InitProblems.execute(InitProblems.java:38)
	at org.gradle.internal.buildtree.DefaultBuildTreeContext.execute(DefaultBuildTreeContext.java:40)
	at org.gradle.launcher.exec.BuildTreeLifecycleBuildActionExecutor.lambda$execute$0(BuildTreeLifecycleBuildActionExecutor.java:58)
	at org.gradle.internal.buildtree.BuildTreeState.run(BuildTreeState.java:58)
	at org.gradle.launcher.exec.BuildTreeLifecycleBuildActionExecutor.execute(BuildTreeLifecycleBuildActionExecutor.java:58)
	at org.gradle.launcher.exec.RunAsBuildOperationBuildActionExecutor$3.call(RunAsBuildOperationBuildActionExecutor.java:61)
	at org.gradle.launcher.exec.RunAsBuildOperationBuildActionExecutor$3.call(RunAsBuildOperationBuildActionExecutor.java:57)
	at org.gradle.internal.operations.DefaultBuildOperationRunner$CallableBuildOperationWorker.execute(DefaultBuildOperationRunner.java:204)
	at org.gradle.internal.operations.DefaultBuildOperationRunner$CallableBuildOperationWorker.execute(DefaultBuildOperationRunner.java:199)
	at org.gradle.internal.operations.DefaultBuildOperationRunner$2.execute(DefaultBuildOperationRunner.java:66)
	at org.gradle.internal.operations.DefaultBuildOperationRunner$2.execute(DefaultBuildOperationRunner.java:59)
	at org.gradle.internal.operations.DefaultBuildOperationRunner.execute(DefaultBuildOperationRunner.java:157)
	at org.gradle.internal.operations.DefaultBuildOperationRunner.execute(DefaultBuildOperationRunner.java:59)
	at org.gradle.internal.operations.DefaultBuildOperationRunner.call(DefaultBuildOperationRunner.java:53)
	at org.gradle.internal.operations.DefaultBuildOperationExecutor.call(DefaultBuildOperationExecutor.java:73)
	at org.gradle.launcher.exec.RunAsBuildOperationBuildActionExecutor.execute(RunAsBuildOperationBuildActionExecutor.java:57)
	at org.gradle.launcher.exec.RunAsWorkerThreadBuildActionExecutor.lambda$execute$0(RunAsWorkerThreadBuildActionExecutor.java:36)
	at org.gradle.internal.work.DefaultWorkerLeaseService.withLocks(DefaultWorkerLeaseService.java:264)
	at org.gradle.internal.work.DefaultWorkerLeaseService.runAsWorkerThread(DefaultWorkerLeaseService.java:128)
	at org.gradle.launcher.exec.RunAsWorkerThreadBuildActionExecutor.execute(RunAsWorkerThreadBuildActionExecutor.java:36)
	at org.gradle.tooling.internal.provider.continuous.ContinuousBuildActionExecutor.execute(ContinuousBuildActionExecutor.java:110)
	at org.gradle.tooling.internal.provider.SubscribableBuildActionExecutor.execute(SubscribableBuildActionExecutor.java:64)
	at org.gradle.internal.session.DefaultBuildSessionContext.execute(DefaultBuildSessionContext.java:46)
	at org.gradle.tooling.internal.provider.BuildSessionLifecycleBuildActionExecuter$ActionImpl.apply(BuildSessionLifecycleBuildActionExecuter.java:92)
	at org.gradle.tooling.internal.provider.BuildSessionLifecycleBuildActionExecuter$ActionImpl.apply(BuildSessionLifecycleBuildActionExecuter.java:80)
	at org.gradle.internal.session.BuildSessionState.run(BuildSessionState.java:69)
	at org.gradle.tooling.internal.provider.BuildSessionLifecycleBuildActionExecuter.execute(BuildSessionLifecycleBuildActionExecuter.java:62)
	at org.gradle.tooling.internal.provider.BuildSessionLifecycleBuildActionExecuter.execute(BuildSessionLifecycleBuildActionExecuter.java:41)
	at org.gradle.tooling.internal.provider.StartParamsValidatingActionExecuter.execute(StartParamsValidatingActionExecuter.java:64)
	at org.gradle.tooling.internal.provider.StartParamsValidatingActionExecuter.execute(StartParamsValidatingActionExecuter.java:32)
	at org.gradle.tooling.internal.provider.SessionFailureReportingActionExecuter.execute(SessionFailureReportingActionExecuter.java:51)
	at org.gradle.tooling.internal.provider.SessionFailureReportingActionExecuter.execute(SessionFailureReportingActionExecuter.java:39)
	at org.gradle.tooling.internal.provider.SetupLoggingActionExecuter.execute(SetupLoggingActionExecuter.java:47)
	at org.gradle.tooling.internal.provider.SetupLoggingActionExecuter.execute(SetupLoggingActionExecuter.java:31)
	at org.gradle.launcher.daemon.server.exec.ExecuteBuild.doBuild(ExecuteBuild.java:65)
	at org.gradle.launcher.daemon.server.exec.BuildCommandOnly.execute(BuildCommandOnly.java:37)
	at org.gradle.launcher.daemon.server.api.DaemonCommandExecution.proceed(DaemonCommandExecution.java:104)
	at org.gradle.launcher.daemon.server.exec.WatchForDisconnection.execute(WatchForDisconnection.java:39)
	at org.gradle.launcher.daemon.server.api.DaemonCommandExecution.proceed(DaemonCommandExecution.java:104)
	at org.gradle.launcher.daemon.server.exec.ResetDeprecationLogger.execute(ResetDeprecationLogger.java:29)
	at org.gradle.launcher.daemon.server.api.DaemonCommandExecution.proceed(DaemonCommandExecution.java:104)
	at org.gradle.launcher.daemon.server.exec.RequestStopIfSingleUsedDaemon.execute(RequestStopIfSingleUsedDaemon.java:35)
	at org.gradle.launcher.daemon.server.api.DaemonCommandExecution.proceed(DaemonCommandExecution.java:104)
	at org.gradle.launcher.daemon.server.exec.ForwardClientInput$2.create(ForwardClientInput.java:78)
	at org.gradle.launcher.daemon.server.exec.ForwardClientInput$2.create(ForwardClientInput.java:75)
	at org.gradle.util.internal.Swapper.swap(Swapper.java:38)
	at org.gradle.launcher.daemon.server.exec.ForwardClientInput.execute(ForwardClientInput.java:75)
	at org.gradle.launcher.daemon.server.api.DaemonCommandExecution.proceed(DaemonCommandExecution.java:104)
	at org.gradle.launcher.daemon.server.exec.LogAndCheckHealth.execute(LogAndCheckHealth.java:64)
	at org.gradle.launcher.daemon.server.api.DaemonCommandExecution.proceed(DaemonCommandExecution.java:104)
	at org.gradle.launcher.daemon.server.exec.LogToClient.doBuild(LogToClient.java:63)
	at org.gradle.launcher.daemon.server.exec.BuildCommandOnly.execute(BuildCommandOnly.java:37)
	at org.gradle.launcher.daemon.server.api.DaemonCommandExecution.proceed(DaemonCommandExecution.java:104)
	at org.gradle.launcher.daemon.server.exec.EstablishBuildEnvironment.doBuild(EstablishBuildEnvironment.java:84)
	at org.gradle.launcher.daemon.server.exec.BuildCommandOnly.execute(BuildCommandOnly.java:37)
	at org.gradle.launcher.daemon.server.api.DaemonCommandExecution.proceed(DaemonCommandExecution.java:104)
	at org.gradle.launcher.daemon.server.exec.StartBuildOrRespondWithBusy$1.run(StartBuildOrRespondWithBusy.java:52)
	at org.gradle.launcher.daemon.server.DaemonStateCoordinator$1.run(DaemonStateCoordinator.java:297)
	at org.gradle.internal.concurrent.ExecutorPolicy$CatchAndRecordFailures.onExecute(ExecutorPolicy.java:64)
	at org.gradle.internal.concurrent.AbstractManagedExecutor$1.run(AbstractManagedExecutor.java:47)
	at java.base/java.util.concurrent.ThreadPoolExecutor.runWorker(ThreadPoolExecutor.java:1136)
	at java.base/java.util.concurrent.ThreadPoolExecutor$Worker.run(ThreadPoolExecutor.java:635)
	at java.base/java.lang.Thread.run(Thread.java:840)
[gradle-intellij-plugin :] Cannot create plugin from file '/opt/android-studio/plugins/c-plugin': Invalid plugin descriptor 'plugin.xml'. Unable to read the plugin descriptor: No enum constant com.jetbrains.plugin.structure.intellij.plugin.IdePluginContentDescriptor.ServiceType.APPLİCATİON.
Unable to read descriptor [plugin.xml] from [/opt/android-studio/plugins/cidr-base-plugin/lib/cidr-base-plugin.jar]
java.lang.IllegalArgumentException: No enum constant com.jetbrains.plugin.structure.intellij.plugin.IdePluginContentDescriptor.ServiceType.APPLİCATİON
	at java.base/java.lang.Enum.valueOf(Enum.java:273)
	at com.jetbrains.plugin.structure.intellij.plugin.IdePluginContentDescriptor$ServiceType.valueOf(IdePluginContents.kt)
	at com.jetbrains.plugin.structure.intellij.plugin.PluginCreator.readServiceDescriptor(PluginCreator.kt:406)
	at com.jetbrains.plugin.structure.intellij.plugin.PluginCreator.readExtensions(PluginCreator.kt:341)
	at com.jetbrains.plugin.structure.intellij.plugin.PluginCreator.setInfoFromBean(PluginCreator.kt:320)
	at com.jetbrains.plugin.structure.intellij.plugin.PluginCreator.resolveDocumentAndValidateBean(PluginCreator.kt:664)
	at com.jetbrains.plugin.structure.intellij.plugin.PluginCreator.access$resolveDocumentAndValidateBean(PluginCreator.kt:31)
	at com.jetbrains.plugin.structure.intellij.plugin.PluginCreator$Companion.createPlugin(PluginCreator.kt:109)
	at com.jetbrains.plugin.structure.intellij.plugin.IdePluginManager.loadPluginInfoFromJarFile(IdePluginManager.kt:62)
	at com.jetbrains.plugin.structure.intellij.plugin.IdePluginManager.loadPluginInfoFromLibDirectory(IdePluginManager.kt:165)
	at com.jetbrains.plugin.structure.intellij.plugin.IdePluginManager.loadPluginInfoFromDirectory(IdePluginManager.kt:97)
	at com.jetbrains.plugin.structure.intellij.plugin.IdePluginManager.loadPluginInfoFromJarOrDirectory(IdePluginManager.kt:206)
	at com.jetbrains.plugin.structure.intellij.plugin.IdePluginManager.getPluginCreatorWithResult(IdePluginManager.kt:347)
	at com.jetbrains.plugin.structure.intellij.plugin.IdePluginManager.createPlugin(IdePluginManager.kt:314)
	at com.jetbrains.plugin.structure.intellij.plugin.IdePluginManager.createPlugin$default(IdePluginManager.kt:312)
	at org.jetbrains.intellij.Utils.createPlugin(utils.kt:222)
	at org.jetbrains.intellij.dependency.BuiltinPluginsRegistry.add(BuiltinPluginsRegistry.kt:89)
	at org.jetbrains.intellij.dependency.BuiltinPluginsRegistry.fillFromDirectory(BuiltinPluginsRegistry.kt:47)
	at org.jetbrains.intellij.dependency.BuiltinPluginsRegistry.access$fillFromDirectory(BuiltinPluginsRegistry.kt:21)
	at org.jetbrains.intellij.dependency.BuiltinPluginsRegistry$Companion.fromDirectory(BuiltinPluginsRegistry.kt:127)
	at org.jetbrains.intellij.dependency.IdeaDependencyManager.createDependency(IdeaDependencyManager.kt:92)
	at org.jetbrains.intellij.dependency.IdeaDependencyManager.resolveLocal(IdeaDependencyManager.kt:430)
	at org.jetbrains.intellij.IntelliJPlugin$prepareIdeaDependencyProvider$1.call(IntelliJPlugin.kt:299)
	at org.jetbrains.intellij.IntelliJPlugin$prepareIdeaDependencyProvider$1.call(IntelliJPlugin.kt:266)
	at org.gradle.api.internal.provider.DefaultProvider.calculateOwnValue(DefaultProvider.java:72)
	at org.gradle.api.internal.provider.AbstractMinimalProvider.calculateValue(AbstractMinimalProvider.java:115)
	at org.gradle.api.internal.provider.TransformBackedProvider.calculateOwnValue(TransformBackedProvider.java:82)
	at org.gradle.api.internal.provider.AbstractMinimalProvider.calculateValue(AbstractMinimalProvider.java:115)
	at org.gradle.api.internal.provider.AbstractMinimalProvider.withFinalValue(AbstractMinimalProvider.java:168)
	at org.gradle.api.internal.provider.DefaultProperty.finalValue(DefaultProperty.java:133)
	at org.gradle.api.internal.provider.DefaultProperty.finalValue(DefaultProperty.java:26)
	at org.gradle.api.internal.provider.AbstractProperty.finalizeNow(AbstractProperty.java:245)
	at org.gradle.api.internal.provider.AbstractProperty.beforeRead(AbstractProperty.java:239)
	at org.gradle.api.internal.provider.AbstractProperty.calculateOwnValue(AbstractProperty.java:135)
	at org.gradle.api.internal.provider.AbstractMinimalProvider.calculateValue(AbstractMinimalProvider.java:115)
	at org.gradle.api.internal.provider.TransformBackedProvider.calculateOwnValue(TransformBackedProvider.java:82)
	at org.gradle.api.internal.provider.AbstractMinimalProvider.calculateValue(AbstractMinimalProvider.java:115)
	at org.gradle.api.internal.provider.Collectors$ElementsFromCollectionProvider.collectEntries(Collectors.java:220)
	at org.gradle.api.internal.provider.AbstractCollectionProperty$CollectingSupplier.calculateValue(AbstractCollectionProperty.java:344)
	at org.gradle.api.internal.provider.AbstractCollectionProperty.calculateValueFrom(AbstractCollectionProperty.java:189)
	at org.gradle.api.internal.provider.AbstractCollectionProperty.calculateValueFrom(AbstractCollectionProperty.java:37)
	at org.gradle.api.internal.provider.AbstractProperty.doCalculateValue(AbstractProperty.java:142)
	at org.gradle.api.internal.provider.AbstractProperty.calculateOwnValue(AbstractProperty.java:136)
	at org.gradle.api.internal.provider.AbstractMinimalProvider.calculateOwnPresentValue(AbstractMinimalProvider.java:80)
	at org.gradle.api.internal.provider.AbstractMinimalProvider.get(AbstractMinimalProvider.java:100)
	at org.jetbrains.intellij.IntelliJPlugin$configurePrepareSandboxTasks$5$5.transform(IntelliJPlugin.kt:625)
	at org.jetbrains.intellij.IntelliJPlugin$configurePrepareSandboxTasks$5$5.transform(IntelliJPlugin.kt:624)
	at org.gradle.api.internal.provider.ValueSupplier$Present.transform(ValueSupplier.java:541)
	at org.gradle.api.internal.provider.TransformBackedProvider.mapValue(TransformBackedProvider.java:91)
	at org.gradle.api.internal.provider.TransformBackedProvider.calculateOwnValue(TransformBackedProvider.java:83)
	at org.gradle.api.internal.provider.AbstractMinimalProvider.calculateOwnPresentValue(AbstractMinimalProvider.java:80)
	at org.gradle.api.internal.provider.AbstractMinimalProvider.get(AbstractMinimalProvider.java:100)
	at org.gradle.api.internal.provider.ProviderResolutionStrategy$2.resolve(ProviderResolutionStrategy.java:33)
	at org.gradle.api.internal.file.collections.ProviderBackedFileCollection.visitDependencies(ProviderBackedFileCollection.java:57)
	at org.gradle.api.internal.tasks.CachingTaskDependencyResolveContext$TaskGraphImpl.getNodeValues(CachingTaskDependencyResolveContext.java:103)
	at org.gradle.internal.graph.CachingDirectedGraphWalker$GraphWithEmptyEdges.getNodeValues(CachingDirectedGraphWalker.java:213)
	at org.gradle.internal.graph.CachingDirectedGraphWalker.doSearch(CachingDirectedGraphWalker.java:121)
	at org.gradle.internal.graph.CachingDirectedGraphWalker.findValues(CachingDirectedGraphWalker.java:73)
	at org.gradle.api.internal.tasks.CachingTaskDependencyResolveContext.getDependencies(CachingTaskDependencyResolveContext.java:66)
	at org.gradle.execution.plan.TaskDependencyResolver.resolveDependenciesFor(TaskDependencyResolver.java:49)
	at org.gradle.execution.plan.LocalTaskNode.getDependencies(LocalTaskNode.java:148)
	at org.gradle.execution.plan.LocalTaskNode.resolveDependencies(LocalTaskNode.java:122)
	at org.gradle.execution.plan.DefaultExecutionPlan.discoverNodeRelationships(DefaultExecutionPlan.java:183)
	at org.gradle.execution.plan.DefaultExecutionPlan.doAddEntryNodes(DefaultExecutionPlan.java:155)
	at org.gradle.execution.plan.DefaultExecutionPlan.addEntryTasks(DefaultExecutionPlan.java:130)
	at org.gradle.execution.plan.DefaultExecutionPlan.addEntryTasks(DefaultExecutionPlan.java:122)
	at org.gradle.execution.TaskNameResolvingBuildTaskScheduler.scheduleRequestedTasks(TaskNameResolvingBuildTaskScheduler.java:54)
	at org.gradle.execution.DefaultTasksBuildTaskScheduler.scheduleRequestedTasks(DefaultTasksBuildTaskScheduler.java:72)
	at org.gradle.initialization.DefaultTaskExecutionPreparer.lambda$scheduleRequestedTasks$0(DefaultTaskExecutionPreparer.java:46)
	at org.gradle.internal.Factories$1.create(Factories.java:31)
	at org.gradle.internal.work.DefaultWorkerLeaseService.withReplacedLocks(DefaultWorkerLeaseService.java:360)
	at org.gradle.api.internal.project.DefaultProjectStateRegistry$DefaultBuildProjectRegistry.withMutableStateOfAllProjects(DefaultProjectStateRegistry.java:239)
	at org.gradle.api.internal.project.DefaultProjectStateRegistry$DefaultBuildProjectRegistry.withMutableStateOfAllProjects(DefaultProjectStateRegistry.java:232)
	at org.gradle.initialization.DefaultTaskExecutionPreparer.scheduleRequestedTasks(DefaultTaskExecutionPreparer.java:45)
	at org.gradle.initialization.VintageBuildModelController.lambda$scheduleRequestedTasks$0(VintageBuildModelController.java:76)
	at org.gradle.internal.model.StateTransitionController.lambda$inState$1(StateTransitionController.java:99)
	at org.gradle.internal.model.StateTransitionController.lambda$inState$2(StateTransitionController.java:114)
	at org.gradle.internal.work.DefaultSynchronizer.withLock(DefaultSynchronizer.java:44)
	at org.gradle.internal.model.StateTransitionController.inState(StateTransitionController.java:110)
	at org.gradle.internal.model.StateTransitionController.inState(StateTransitionController.java:98)
	at org.gradle.initialization.VintageBuildModelController.scheduleRequestedTasks(VintageBuildModelController.java:76)
	at org.gradle.internal.build.DefaultBuildLifecycleController$DefaultWorkGraphBuilder.addRequestedTasks(DefaultBuildLifecycleController.java:404)
	at org.gradle.internal.buildtree.DefaultBuildTreeWorkPreparer.lambda$scheduleRequestedTasks$0(DefaultBuildTreeWorkPreparer.java:41)
	at org.gradle.internal.build.DefaultBuildLifecycleController.lambda$populateWorkGraph$7(DefaultBuildLifecycleController.java:189)
	at org.gradle.internal.build.DefaultBuildWorkPreparer.populateWorkGraph(DefaultBuildWorkPreparer.java:42)
	at org.gradle.internal.build.BuildOperationFiringBuildWorkPreparer$PopulateWorkGraph.populateTaskGraph(BuildOperationFiringBuildWorkPreparer.java:106)
	at org.gradle.internal.build.BuildOperationFiringBuildWorkPreparer$PopulateWorkGraph.run(BuildOperationFiringBuildWorkPreparer.java:92)
	at org.gradle.internal.operations.DefaultBuildOperationRunner$1.execute(DefaultBuildOperationRunner.java:29)
	at org.gradle.internal.operations.DefaultBuildOperationRunner$1.execute(DefaultBuildOperationRunner.java:26)
	at org.gradle.internal.operations.DefaultBuildOperationRunner$2.execute(DefaultBuildOperationRunner.java:66)
	at org.gradle.internal.operations.DefaultBuildOperationRunner$2.execute(DefaultBuildOperationRunner.java:59)
	at org.gradle.internal.operations.DefaultBuildOperationRunner.execute(DefaultBuildOperationRunner.java:157)
	at org.gradle.internal.operations.DefaultBuildOperationRunner.execute(DefaultBuildOperationRunner.java:59)
	at org.gradle.internal.operations.DefaultBuildOperationRunner.run(DefaultBuildOperationRunner.java:47)
	at org.gradle.internal.operations.DefaultBuildOperationExecutor.run(DefaultBuildOperationExecutor.java:68)
	at org.gradle.internal.build.BuildOperationFiringBuildWorkPreparer.populateWorkGraph(BuildOperationFiringBuildWorkPreparer.java:67)
	at org.gradle.internal.build.DefaultBuildLifecycleController.lambda$populateWorkGraph$8(DefaultBuildLifecycleController.java:189)
	at org.gradle.internal.model.StateTransitionController.lambda$inState$1(StateTransitionController.java:99)
	at org.gradle.internal.model.StateTransitionController.lambda$inState$2(StateTransitionController.java:114)
	at org.gradle.internal.work.DefaultSynchronizer.withLock(DefaultSynchronizer.java:44)
	at org.gradle.internal.model.StateTransitionController.inState(StateTransitionController.java:110)
	at org.gradle.internal.model.StateTransitionController.inState(StateTransitionController.java:98)
	at org.gradle.internal.build.DefaultBuildLifecycleController.populateWorkGraph(DefaultBuildLifecycleController.java:189)
	at org.gradle.internal.build.DefaultBuildWorkGraphController$DefaultBuildWorkGraph.populateWorkGraph(DefaultBuildWorkGraphController.java:169)
	at org.gradle.composite.internal.DefaultBuildController.populateWorkGraph(DefaultBuildController.java:76)
	at org.gradle.composite.internal.DefaultIncludedBuildTaskGraph$DefaultBuildTreeWorkGraphBuilder.withWorkGraph(DefaultIncludedBuildTaskGraph.java:153)
	at org.gradle.internal.buildtree.DefaultBuildTreeWorkPreparer.lambda$scheduleRequestedTasks$1(DefaultBuildTreeWorkPreparer.java:41)
	at org.gradle.composite.internal.DefaultIncludedBuildTaskGraph$DefaultBuildTreeWorkGraph$1.run(DefaultIncludedBuildTaskGraph.java:209)
	at org.gradle.internal.operations.DefaultBuildOperationRunner$1.execute(DefaultBuildOperationRunner.java:29)
	at org.gradle.internal.operations.DefaultBuildOperationRunner$1.execute(DefaultBuildOperationRunner.java:26)
	at org.gradle.internal.operations.DefaultBuildOperationRunner$2.execute(DefaultBuildOperationRunner.java:66)
	at org.gradle.internal.operations.DefaultBuildOperationRunner$2.execute(DefaultBuildOperationRunner.java:59)
	at org.gradle.internal.operations.DefaultBuildOperationRunner.execute(DefaultBuildOperationRunner.java:157)
	at org.gradle.internal.operations.DefaultBuildOperationRunner.execute(DefaultBuildOperationRunner.java:59)
	at org.gradle.internal.operations.DefaultBuildOperationRunner.run(DefaultBuildOperationRunner.java:47)
	at org.gradle.internal.operations.DefaultBuildOperationExecutor.run(DefaultBuildOperationExecutor.java:68)
	at org.gradle.composite.internal.DefaultIncludedBuildTaskGraph$DefaultBuildTreeWorkGraph.scheduleWork(DefaultIncludedBuildTaskGraph.java:204)
	at org.gradle.internal.buildtree.DefaultBuildTreeWorkPreparer.scheduleRequestedTasks(DefaultBuildTreeWorkPreparer.java:37)
	at org.gradle.configurationcache.VintageBuildTreeWorkController$scheduleAndRunRequestedTasks$1.apply(VintageBuildTreeWorkController.kt:36)
	at org.gradle.configurationcache.VintageBuildTreeWorkController$scheduleAndRunRequestedTasks$1.apply(VintageBuildTreeWorkController.kt:35)
	at org.gradle.composite.internal.DefaultIncludedBuildTaskGraph.withNewWorkGraph(DefaultIncludedBuildTaskGraph.java:112)
	at org.gradle.configurationcache.VintageBuildTreeWorkController.scheduleAndRunRequestedTasks(VintageBuildTreeWorkController.kt:35)
	at org.gradle.internal.buildtree.DefaultBuildTreeLifecycleController.lambda$scheduleAndRunTasks$1(DefaultBuildTreeLifecycleController.java:76)
	at org.gradle.internal.buildtree.DefaultBuildTreeLifecycleController.lambda$runBuild$4(DefaultBuildTreeLifecycleController.java:119)
	at org.gradle.internal.model.StateTransitionController.lambda$transition$6(StateTransitionController.java:169)
	at org.gradle.internal.model.StateTransitionController.doTransition(StateTransitionController.java:266)
	at org.gradle.internal.model.StateTransitionController.lambda$transition$7(StateTransitionController.java:169)
	at org.gradle.internal.work.DefaultSynchronizer.withLock(DefaultSynchronizer.java:44)
	at org.gradle.internal.model.StateTransitionController.transition(StateTransitionController.java:169)
	at org.gradle.internal.buildtree.DefaultBuildTreeLifecycleController.runBuild(DefaultBuildTreeLifecycleController.java:116)
	at org.gradle.internal.buildtree.DefaultBuildTreeLifecycleController.scheduleAndRunTasks(DefaultBuildTreeLifecycleController.java:76)
	at org.gradle.internal.buildtree.DefaultBuildTreeLifecycleController.scheduleAndRunTasks(DefaultBuildTreeLifecycleController.java:71)
	at org.gradle.tooling.internal.provider.ExecuteBuildActionRunner.run(ExecuteBuildActionRunner.java:31)
	at org.gradle.launcher.exec.ChainingBuildActionRunner.run(ChainingBuildActionRunner.java:35)
	at org.gradle.internal.buildtree.ProblemReportingBuildActionRunner.run(ProblemReportingBuildActionRunner.java:49)
	at org.gradle.launcher.exec.BuildOutcomeReportingBuildActionRunner.run(BuildOutcomeReportingBuildActionRunner.java:65)
	at org.gradle.tooling.internal.provider.FileSystemWatchingBuildActionRunner.run(FileSystemWatchingBuildActionRunner.java:140)
	at org.gradle.launcher.exec.BuildCompletionNotifyingBuildActionRunner.run(BuildCompletionNotifyingBuildActionRunner.java:41)
	at org.gradle.launcher.exec.RootBuildLifecycleBuildActionExecutor.lambda$execute$0(RootBuildLifecycleBuildActionExecutor.java:40)
	at org.gradle.composite.internal.DefaultRootBuildState.run(DefaultRootBuildState.java:123)
	at org.gradle.launcher.exec.RootBuildLifecycleBuildActionExecutor.execute(RootBuildLifecycleBuildActionExecutor.java:40)
	at org.gradle.internal.buildtree.InitDeprecationLoggingActionExecutor.execute(InitDeprecationLoggingActionExecutor.java:62)
	at org.gradle.internal.buildtree.InitProblems.execute(InitProblems.java:38)
	at org.gradle.internal.buildtree.DefaultBuildTreeContext.execute(DefaultBuildTreeContext.java:40)
	at org.gradle.launcher.exec.BuildTreeLifecycleBuildActionExecutor.lambda$execute$0(BuildTreeLifecycleBuildActionExecutor.java:58)
	at org.gradle.internal.buildtree.BuildTreeState.run(BuildTreeState.java:58)
	at org.gradle.launcher.exec.BuildTreeLifecycleBuildActionExecutor.execute(BuildTreeLifecycleBuildActionExecutor.java:58)
	at org.gradle.launcher.exec.RunAsBuildOperationBuildActionExecutor$3.call(RunAsBuildOperationBuildActionExecutor.java:61)
	at org.gradle.launcher.exec.RunAsBuildOperationBuildActionExecutor$3.call(RunAsBuildOperationBuildActionExecutor.java:57)
	at org.gradle.internal.operations.DefaultBuildOperationRunner$CallableBuildOperationWorker.execute(DefaultBuildOperationRunner.java:204)
	at org.gradle.internal.operations.DefaultBuildOperationRunner$CallableBuildOperationWorker.execute(DefaultBuildOperationRunner.java:199)
	at org.gradle.internal.operations.DefaultBuildOperationRunner$2.execute(DefaultBuildOperationRunner.java:66)
	at org.gradle.internal.operations.DefaultBuildOperationRunner$2.execute(DefaultBuildOperationRunner.java:59)
	at org.gradle.internal.operations.DefaultBuildOperationRunner.execute(DefaultBuildOperationRunner.java:157)
	at org.gradle.internal.operations.DefaultBuildOperationRunner.execute(DefaultBuildOperationRunner.java:59)
	at org.gradle.internal.operations.DefaultBuildOperationRunner.call(DefaultBuildOperationRunner.java:53)
	at org.gradle.internal.operations.DefaultBuildOperationExecutor.call(DefaultBuildOperationExecutor.java:73)
	at org.gradle.launcher.exec.RunAsBuildOperationBuildActionExecutor.execute(RunAsBuildOperationBuildActionExecutor.java:57)
	at org.gradle.launcher.exec.RunAsWorkerThreadBuildActionExecutor.lambda$execute$0(RunAsWorkerThreadBuildActionExecutor.java:36)
	at org.gradle.internal.work.DefaultWorkerLeaseService.withLocks(DefaultWorkerLeaseService.java:264)
	at org.gradle.internal.work.DefaultWorkerLeaseService.runAsWorkerThread(DefaultWorkerLeaseService.java:128)
	at org.gradle.launcher.exec.RunAsWorkerThreadBuildActionExecutor.execute(RunAsWorkerThreadBuildActionExecutor.java:36)
	at org.gradle.tooling.internal.provider.continuous.ContinuousBuildActionExecutor.execute(ContinuousBuildActionExecutor.java:110)
	at org.gradle.tooling.internal.provider.SubscribableBuildActionExecutor.execute(SubscribableBuildActionExecutor.java:64)
	at org.gradle.internal.session.DefaultBuildSessionContext.execute(DefaultBuildSessionContext.java:46)
	at org.gradle.tooling.internal.provider.BuildSessionLifecycleBuildActionExecuter$ActionImpl.apply(BuildSessionLifecycleBuildActionExecuter.java:92)
	at org.gradle.tooling.internal.provider.BuildSessionLifecycleBuildActionExecuter$ActionImpl.apply(BuildSessionLifecycleBuildActionExecuter.java:80)
	at org.gradle.internal.session.BuildSessionState.run(BuildSessionState.java:69)
	at org.gradle.tooling.internal.provider.BuildSessionLifecycleBuildActionExecuter.execute(BuildSessionLifecycleBuildActionExecuter.java:62)
	at org.gradle.tooling.internal.provider.BuildSessionLifecycleBuildActionExecuter.execute(BuildSessionLifecycleBuildActionExecuter.java:41)
	at org.gradle.tooling.internal.provider.StartParamsValidatingActionExecuter.execute(StartParamsValidatingActionExecuter.java:64)
	at org.gradle.tooling.internal.provider.StartParamsValidatingActionExecuter.execute(StartParamsValidatingActionExecuter.java:32)
	at org.gradle.tooling.internal.provider.SessionFailureReportingActionExecuter.execute(SessionFailureReportingActionExecuter.java:51)
	at org.gradle.tooling.internal.provider.SessionFailureReportingActionExecuter.execute(SessionFailureReportingActionExecuter.java:39)
	at org.gradle.tooling.internal.provider.SetupLoggingActionExecuter.execute(SetupLoggingActionExecuter.java:47)
	at org.gradle.tooling.internal.provider.SetupLoggingActionExecuter.execute(SetupLoggingActionExecuter.java:31)
	at org.gradle.launcher.daemon.server.exec.ExecuteBuild.doBuild(ExecuteBuild.java:65)
	at org.gradle.launcher.daemon.server.exec.BuildCommandOnly.execute(BuildCommandOnly.java:37)
	at org.gradle.launcher.daemon.server.api.DaemonCommandExecution.proceed(DaemonCommandExecution.java:104)
	at org.gradle.launcher.daemon.server.exec.WatchForDisconnection.execute(WatchForDisconnection.java:39)
	at org.gradle.launcher.daemon.server.api.DaemonCommandExecution.proceed(DaemonCommandExecution.java:104)
	at org.gradle.launcher.daemon.server.exec.ResetDeprecationLogger.execute(ResetDeprecationLogger.java:29)
	at org.gradle.launcher.daemon.server.api.DaemonCommandExecution.proceed(DaemonCommandExecution.java:104)
	at org.gradle.launcher.daemon.server.exec.RequestStopIfSingleUsedDaemon.execute(RequestStopIfSingleUsedDaemon.java:35)
	at org.gradle.launcher.daemon.server.api.DaemonCommandExecution.proceed(DaemonCommandExecution.java:104)
	at org.gradle.launcher.daemon.server.exec.ForwardClientInput$2.create(ForwardClientInput.java:78)
	at org.gradle.launcher.daemon.server.exec.ForwardClientInput$2.create(ForwardClientInput.java:75)
	at org.gradle.util.internal.Swapper.swap(Swapper.java:38)
	at org.gradle.launcher.daemon.server.exec.ForwardClientInput.execute(ForwardClientInput.java:75)
	at org.gradle.launcher.daemon.server.api.DaemonCommandExecution.proceed(DaemonCommandExecution.java:104)
	at org.gradle.launcher.daemon.server.exec.LogAndCheckHealth.execute(LogAndCheckHealth.java:64)
	at org.gradle.launcher.daemon.server.api.DaemonCommandExecution.proceed(DaemonCommandExecution.java:104)
	at org.gradle.launcher.daemon.server.exec.LogToClient.doBuild(LogToClient.java:63)
	at org.gradle.launcher.daemon.server.exec.BuildCommandOnly.execute(BuildCommandOnly.java:37)
	at org.gradle.launcher.daemon.server.api.DaemonCommandExecution.proceed(DaemonCommandExecution.java:104)
	at org.gradle.launcher.daemon.server.exec.EstablishBuildEnvironment.doBuild(EstablishBuildEnvironment.java:84)
	at org.gradle.launcher.daemon.server.exec.BuildCommandOnly.execute(BuildCommandOnly.java:37)
	at org.gradle.launcher.daemon.server.api.DaemonCommandExecution.proceed(DaemonCommandExecution.java:104)
	at org.gradle.launcher.daemon.server.exec.StartBuildOrRespondWithBusy$1.run(StartBuildOrRespondWithBusy.java:52)
	at org.gradle.launcher.daemon.server.DaemonStateCoordinator$1.run(DaemonStateCoordinator.java:297)
	at org.gradle.internal.concurrent.ExecutorPolicy$CatchAndRecordFailures.onExecute(ExecutorPolicy.java:64)
	at org.gradle.internal.concurrent.AbstractManagedExecutor$1.run(AbstractManagedExecutor.java:47)
	at java.base/java.util.concurrent.ThreadPoolExecutor.runWorker(ThreadPoolExecutor.java:1136)
	at java.base/java.util.concurrent.ThreadPoolExecutor$Worker.run(ThreadPoolExecutor.java:635)
	at java.base/java.lang.Thread.run(Thread.java:840)
[gradle-intellij-plugin :] Cannot create plugin from file '/opt/android-studio/plugins/cidr-base-plugin': Invalid plugin descriptor 'plugin.xml'. Unable to read the plugin descriptor: No enum constant com.jetbrains.plugin.structure.intellij.plugin.IdePluginContentDescriptor.ServiceType.APPLİCATİON.
Unable to read descriptor [plugin.xml] from [/opt/android-studio/plugins/cidr-clangFormat-plugin/lib/cidr-clangFormat-plugin.jar]
java.lang.IllegalArgumentException: No enum constant com.jetbrains.plugin.structure.intellij.plugin.IdePluginContentDescriptor.ServiceType.APPLİCATİON
	at java.base/java.lang.Enum.valueOf(Enum.java:273)
	at com.jetbrains.plugin.structure.intellij.plugin.IdePluginContentDescriptor$ServiceType.valueOf(IdePluginContents.kt)
	at com.jetbrains.plugin.structure.intellij.plugin.PluginCreator.readServiceDescriptor(PluginCreator.kt:406)
	at com.jetbrains.plugin.structure.intellij.plugin.PluginCreator.readExtensions(PluginCreator.kt:341)
	at com.jetbrains.plugin.structure.intellij.plugin.PluginCreator.setInfoFromBean(PluginCreator.kt:320)
	at com.jetbrains.plugin.structure.intellij.plugin.PluginCreator.resolveDocumentAndValidateBean(PluginCreator.kt:664)
	at com.jetbrains.plugin.structure.intellij.plugin.PluginCreator.access$resolveDocumentAndValidateBean(PluginCreator.kt:31)
	at com.jetbrains.plugin.structure.intellij.plugin.PluginCreator$Companion.createPlugin(PluginCreator.kt:109)
	at com.jetbrains.plugin.structure.intellij.plugin.IdePluginManager.loadPluginInfoFromJarFile(IdePluginManager.kt:62)
	at com.jetbrains.plugin.structure.intellij.plugin.IdePluginManager.loadPluginInfoFromLibDirectory(IdePluginManager.kt:165)
	at com.jetbrains.plugin.structure.intellij.plugin.IdePluginManager.loadPluginInfoFromDirectory(IdePluginManager.kt:97)
	at com.jetbrains.plugin.structure.intellij.plugin.IdePluginManager.loadPluginInfoFromJarOrDirectory(IdePluginManager.kt:206)
	at com.jetbrains.plugin.structure.intellij.plugin.IdePluginManager.getPluginCreatorWithResult(IdePluginManager.kt:347)
	at com.jetbrains.plugin.structure.intellij.plugin.IdePluginManager.createPlugin(IdePluginManager.kt:314)
	at com.jetbrains.plugin.structure.intellij.plugin.IdePluginManager.createPlugin$default(IdePluginManager.kt:312)
	at org.jetbrains.intellij.Utils.createPlugin(utils.kt:222)
	at org.jetbrains.intellij.dependency.BuiltinPluginsRegistry.add(BuiltinPluginsRegistry.kt:89)
	at org.jetbrains.intellij.dependency.BuiltinPluginsRegistry.fillFromDirectory(BuiltinPluginsRegistry.kt:47)
	at org.jetbrains.intellij.dependency.BuiltinPluginsRegistry.access$fillFromDirectory(BuiltinPluginsRegistry.kt:21)
	at org.jetbrains.intellij.dependency.BuiltinPluginsRegistry$Companion.fromDirectory(BuiltinPluginsRegistry.kt:127)
	at org.jetbrains.intellij.dependency.IdeaDependencyManager.createDependency(IdeaDependencyManager.kt:92)
	at org.jetbrains.intellij.dependency.IdeaDependencyManager.resolveLocal(IdeaDependencyManager.kt:430)
	at org.jetbrains.intellij.IntelliJPlugin$prepareIdeaDependencyProvider$1.call(IntelliJPlugin.kt:299)
	at org.jetbrains.intellij.IntelliJPlugin$prepareIdeaDependencyProvider$1.call(IntelliJPlugin.kt:266)
	at org.gradle.api.internal.provider.DefaultProvider.calculateOwnValue(DefaultProvider.java:72)
	at org.gradle.api.internal.provider.AbstractMinimalProvider.calculateValue(AbstractMinimalProvider.java:115)
	at org.gradle.api.internal.provider.TransformBackedProvider.calculateOwnValue(TransformBackedProvider.java:82)
	at org.gradle.api.internal.provider.AbstractMinimalProvider.calculateValue(AbstractMinimalProvider.java:115)
	at org.gradle.api.internal.provider.AbstractMinimalProvider.withFinalValue(AbstractMinimalProvider.java:168)
	at org.gradle.api.internal.provider.DefaultProperty.finalValue(DefaultProperty.java:133)
	at org.gradle.api.internal.provider.DefaultProperty.finalValue(DefaultProperty.java:26)
	at org.gradle.api.internal.provider.AbstractProperty.finalizeNow(AbstractProperty.java:245)
	at org.gradle.api.internal.provider.AbstractProperty.beforeRead(AbstractProperty.java:239)
	at org.gradle.api.internal.provider.AbstractProperty.calculateOwnValue(AbstractProperty.java:135)
	at org.gradle.api.internal.provider.AbstractMinimalProvider.calculateValue(AbstractMinimalProvider.java:115)
	at org.gradle.api.internal.provider.TransformBackedProvider.calculateOwnValue(TransformBackedProvider.java:82)
	at org.gradle.api.internal.provider.AbstractMinimalProvider.calculateValue(AbstractMinimalProvider.java:115)
	at org.gradle.api.internal.provider.Collectors$ElementsFromCollectionProvider.collectEntries(Collectors.java:220)
	at org.gradle.api.internal.provider.AbstractCollectionProperty$CollectingSupplier.calculateValue(AbstractCollectionProperty.java:344)
	at org.gradle.api.internal.provider.AbstractCollectionProperty.calculateValueFrom(AbstractCollectionProperty.java:189)
	at org.gradle.api.internal.provider.AbstractCollectionProperty.calculateValueFrom(AbstractCollectionProperty.java:37)
	at org.gradle.api.internal.provider.AbstractProperty.doCalculateValue(AbstractProperty.java:142)
	at org.gradle.api.internal.provider.AbstractProperty.calculateOwnValue(AbstractProperty.java:136)
	at org.gradle.api.internal.provider.AbstractMinimalProvider.calculateOwnPresentValue(AbstractMinimalProvider.java:80)
	at org.gradle.api.internal.provider.AbstractMinimalProvider.get(AbstractMinimalProvider.java:100)
	at org.jetbrains.intellij.IntelliJPlugin$configurePrepareSandboxTasks$5$5.transform(IntelliJPlugin.kt:625)
	at org.jetbrains.intellij.IntelliJPlugin$configurePrepareSandboxTasks$5$5.transform(IntelliJPlugin.kt:624)
	at org.gradle.api.internal.provider.ValueSupplier$Present.transform(ValueSupplier.java:541)
	at org.gradle.api.internal.provider.TransformBackedProvider.mapValue(TransformBackedProvider.java:91)
	at org.gradle.api.internal.provider.TransformBackedProvider.calculateOwnValue(TransformBackedProvider.java:83)
	at org.gradle.api.internal.provider.AbstractMinimalProvider.calculateOwnPresentValue(AbstractMinimalProvider.java:80)
	at org.gradle.api.internal.provider.AbstractMinimalProvider.get(AbstractMinimalProvider.java:100)
	at org.gradle.api.internal.provider.ProviderResolutionStrategy$2.resolve(ProviderResolutionStrategy.java:33)
	at org.gradle.api.internal.file.collections.ProviderBackedFileCollection.visitDependencies(ProviderBackedFileCollection.java:57)
	at org.gradle.api.internal.tasks.CachingTaskDependencyResolveContext$TaskGraphImpl.getNodeValues(CachingTaskDependencyResolveContext.java:103)
	at org.gradle.internal.graph.CachingDirectedGraphWalker$GraphWithEmptyEdges.getNodeValues(CachingDirectedGraphWalker.java:213)
	at org.gradle.internal.graph.CachingDirectedGraphWalker.doSearch(CachingDirectedGraphWalker.java:121)
	at org.gradle.internal.graph.CachingDirectedGraphWalker.findValues(CachingDirectedGraphWalker.java:73)
	at org.gradle.api.internal.tasks.CachingTaskDependencyResolveContext.getDependencies(CachingTaskDependencyResolveContext.java:66)
	at org.gradle.execution.plan.TaskDependencyResolver.resolveDependenciesFor(TaskDependencyResolver.java:49)
	at org.gradle.execution.plan.LocalTaskNode.getDependencies(LocalTaskNode.java:148)
	at org.gradle.execution.plan.LocalTaskNode.resolveDependencies(LocalTaskNode.java:122)
	at org.gradle.execution.plan.DefaultExecutionPlan.discoverNodeRelationships(DefaultExecutionPlan.java:183)
	at org.gradle.execution.plan.DefaultExecutionPlan.doAddEntryNodes(DefaultExecutionPlan.java:155)
	at org.gradle.execution.plan.DefaultExecutionPlan.addEntryTasks(DefaultExecutionPlan.java:130)
	at org.gradle.execution.plan.DefaultExecutionPlan.addEntryTasks(DefaultExecutionPlan.java:122)
	at org.gradle.execution.TaskNameResolvingBuildTaskScheduler.scheduleRequestedTasks(TaskNameResolvingBuildTaskScheduler.java:54)
	at org.gradle.execution.DefaultTasksBuildTaskScheduler.scheduleRequestedTasks(DefaultTasksBuildTaskScheduler.java:72)
	at org.gradle.initialization.DefaultTaskExecutionPreparer.lambda$scheduleRequestedTasks$0(DefaultTaskExecutionPreparer.java:46)
	at org.gradle.internal.Factories$1.create(Factories.java:31)
	at org.gradle.internal.work.DefaultWorkerLeaseService.withReplacedLocks(DefaultWorkerLeaseService.java:360)
	at org.gradle.api.internal.project.DefaultProjectStateRegistry$DefaultBuildProjectRegistry.withMutableStateOfAllProjects(DefaultProjectStateRegistry.java:239)
	at org.gradle.api.internal.project.DefaultProjectStateRegistry$DefaultBuildProjectRegistry.withMutableStateOfAllProjects(DefaultProjectStateRegistry.java:232)
	at org.gradle.initialization.DefaultTaskExecutionPreparer.scheduleRequestedTasks(DefaultTaskExecutionPreparer.java:45)
	at org.gradle.initialization.VintageBuildModelController.lambda$scheduleRequestedTasks$0(VintageBuildModelController.java:76)
	at org.gradle.internal.model.StateTransitionController.lambda$inState$1(StateTransitionController.java:99)
	at org.gradle.internal.model.StateTransitionController.lambda$inState$2(StateTransitionController.java:114)
	at org.gradle.internal.work.DefaultSynchronizer.withLock(DefaultSynchronizer.java:44)
	at org.gradle.internal.model.StateTransitionController.inState(StateTransitionController.java:110)
	at org.gradle.internal.model.StateTransitionController.inState(StateTransitionController.java:98)
	at org.gradle.initialization.VintageBuildModelController.scheduleRequestedTasks(VintageBuildModelController.java:76)
	at org.gradle.internal.build.DefaultBuildLifecycleController$DefaultWorkGraphBuilder.addRequestedTasks(DefaultBuildLifecycleController.java:404)
	at org.gradle.internal.buildtree.DefaultBuildTreeWorkPreparer.lambda$scheduleRequestedTasks$0(DefaultBuildTreeWorkPreparer.java:41)
	at org.gradle.internal.build.DefaultBuildLifecycleController.lambda$populateWorkGraph$7(DefaultBuildLifecycleController.java:189)
	at org.gradle.internal.build.DefaultBuildWorkPreparer.populateWorkGraph(DefaultBuildWorkPreparer.java:42)
	at org.gradle.internal.build.BuildOperationFiringBuildWorkPreparer$PopulateWorkGraph.populateTaskGraph(BuildOperationFiringBuildWorkPreparer.java:106)
	at org.gradle.internal.build.BuildOperationFiringBuildWorkPreparer$PopulateWorkGraph.run(BuildOperationFiringBuildWorkPreparer.java:92)
	at org.gradle.internal.operations.DefaultBuildOperationRunner$1.execute(DefaultBuildOperationRunner.java:29)
	at org.gradle.internal.operations.DefaultBuildOperationRunner$1.execute(DefaultBuildOperationRunner.java:26)
	at org.gradle.internal.operations.DefaultBuildOperationRunner$2.execute(DefaultBuildOperationRunner.java:66)
	at org.gradle.internal.operations.DefaultBuildOperationRunner$2.execute(DefaultBuildOperationRunner.java:59)
	at org.gradle.internal.operations.DefaultBuildOperationRunner.execute(DefaultBuildOperationRunner.java:157)
	at org.gradle.internal.operations.DefaultBuildOperationRunner.execute(DefaultBuildOperationRunner.java:59)
	at org.gradle.internal.operations.DefaultBuildOperationRunner.run(DefaultBuildOperationRunner.java:47)
	at org.gradle.internal.operations.DefaultBuildOperationExecutor.run(DefaultBuildOperationExecutor.java:68)
	at org.gradle.internal.build.BuildOperationFiringBuildWorkPreparer.populateWorkGraph(BuildOperationFiringBuildWorkPreparer.java:67)
	at org.gradle.internal.build.DefaultBuildLifecycleController.lambda$populateWorkGraph$8(DefaultBuildLifecycleController.java:189)
	at org.gradle.internal.model.StateTransitionController.lambda$inState$1(StateTransitionController.java:99)
	at org.gradle.internal.model.StateTransitionController.lambda$inState$2(StateTransitionController.java:114)
	at org.gradle.internal.work.DefaultSynchronizer.withLock(DefaultSynchronizer.java:44)
	at org.gradle.internal.model.StateTransitionController.inState(StateTransitionController.java:110)
	at org.gradle.internal.model.StateTransitionController.inState(StateTransitionController.java:98)
	at org.gradle.internal.build.DefaultBuildLifecycleController.populateWorkGraph(DefaultBuildLifecycleController.java:189)
	at org.gradle.internal.build.DefaultBuildWorkGraphController$DefaultBuildWorkGraph.populateWorkGraph(DefaultBuildWorkGraphController.java:169)
	at org.gradle.composite.internal.DefaultBuildController.populateWorkGraph(DefaultBuildController.java:76)
	at org.gradle.composite.internal.DefaultIncludedBuildTaskGraph$DefaultBuildTreeWorkGraphBuilder.withWorkGraph(DefaultIncludedBuildTaskGraph.java:153)
	at org.gradle.internal.buildtree.DefaultBuildTreeWorkPreparer.lambda$scheduleRequestedTasks$1(DefaultBuildTreeWorkPreparer.java:41)
	at org.gradle.composite.internal.DefaultIncludedBuildTaskGraph$DefaultBuildTreeWorkGraph$1.run(DefaultIncludedBuildTaskGraph.java:209)
	at org.gradle.internal.operations.DefaultBuildOperationRunner$1.execute(DefaultBuildOperationRunner.java:29)
	at org.gradle.internal.operations.DefaultBuildOperationRunner$1.execute(DefaultBuildOperationRunner.java:26)
	at org.gradle.internal.operations.DefaultBuildOperationRunner$2.execute(DefaultBuildOperationRunner.java:66)
	at org.gradle.internal.operations.DefaultBuildOperationRunner$2.execute(DefaultBuildOperationRunner.java:59)
	at org.gradle.internal.operations.DefaultBuildOperationRunner.execute(DefaultBuildOperationRunner.java:157)
	at org.gradle.internal.operations.DefaultBuildOperationRunner.execute(DefaultBuildOperationRunner.java:59)
	at org.gradle.internal.operations.DefaultBuildOperationRunner.run(DefaultBuildOperationRunner.java:47)
	at org.gradle.internal.operations.DefaultBuildOperationExecutor.run(DefaultBuildOperationExecutor.java:68)
	at org.gradle.composite.internal.DefaultIncludedBuildTaskGraph$DefaultBuildTreeWorkGraph.scheduleWork(DefaultIncludedBuildTaskGraph.java:204)
	at org.gradle.internal.buildtree.DefaultBuildTreeWorkPreparer.scheduleRequestedTasks(DefaultBuildTreeWorkPreparer.java:37)
	at org.gradle.configurationcache.VintageBuildTreeWorkController$scheduleAndRunRequestedTasks$1.apply(VintageBuildTreeWorkController.kt:36)
	at org.gradle.configurationcache.VintageBuildTreeWorkController$scheduleAndRunRequestedTasks$1.apply(VintageBuildTreeWorkController.kt:35)
	at org.gradle.composite.internal.DefaultIncludedBuildTaskGraph.withNewWorkGraph(DefaultIncludedBuildTaskGraph.java:112)
	at org.gradle.configurationcache.VintageBuildTreeWorkController.scheduleAndRunRequestedTasks(VintageBuildTreeWorkController.kt:35)
	at org.gradle.internal.buildtree.DefaultBuildTreeLifecycleController.lambda$scheduleAndRunTasks$1(DefaultBuildTreeLifecycleController.java:76)
	at org.gradle.internal.buildtree.DefaultBuildTreeLifecycleController.lambda$runBuild$4(DefaultBuildTreeLifecycleController.java:119)
	at org.gradle.internal.model.StateTransitionController.lambda$transition$6(StateTransitionController.java:169)
	at org.gradle.internal.model.StateTransitionController.doTransition(StateTransitionController.java:266)
	at org.gradle.internal.model.StateTransitionController.lambda$transition$7(StateTransitionController.java:169)
	at org.gradle.internal.work.DefaultSynchronizer.withLock(DefaultSynchronizer.java:44)
	at org.gradle.internal.model.StateTransitionController.transition(StateTransitionController.java:169)
	at org.gradle.internal.buildtree.DefaultBuildTreeLifecycleController.runBuild(DefaultBuildTreeLifecycleController.java:116)
	at org.gradle.internal.buildtree.DefaultBuildTreeLifecycleController.scheduleAndRunTasks(DefaultBuildTreeLifecycleController.java:76)
	at org.gradle.internal.buildtree.DefaultBuildTreeLifecycleController.scheduleAndRunTasks(DefaultBuildTreeLifecycleController.java:71)
	at org.gradle.tooling.internal.provider.ExecuteBuildActionRunner.run(ExecuteBuildActionRunner.java:31)
	at org.gradle.launcher.exec.ChainingBuildActionRunner.run(ChainingBuildActionRunner.java:35)
	at org.gradle.internal.buildtree.ProblemReportingBuildActionRunner.run(ProblemReportingBuildActionRunner.java:49)
	at org.gradle.launcher.exec.BuildOutcomeReportingBuildActionRunner.run(BuildOutcomeReportingBuildActionRunner.java:65)
	at org.gradle.tooling.internal.provider.FileSystemWatchingBuildActionRunner.run(FileSystemWatchingBuildActionRunner.java:140)
	at org.gradle.launcher.exec.BuildCompletionNotifyingBuildActionRunner.run(BuildCompletionNotifyingBuildActionRunner.java:41)
	at org.gradle.launcher.exec.RootBuildLifecycleBuildActionExecutor.lambda$execute$0(RootBuildLifecycleBuildActionExecutor.java:40)
	at org.gradle.composite.internal.DefaultRootBuildState.run(DefaultRootBuildState.java:123)
	at org.gradle.launcher.exec.RootBuildLifecycleBuildActionExecutor.execute(RootBuildLifecycleBuildActionExecutor.java:40)
	at org.gradle.internal.buildtree.InitDeprecationLoggingActionExecutor.execute(InitDeprecationLoggingActionExecutor.java:62)
	at org.gradle.internal.buildtree.InitProblems.execute(InitProblems.java:38)
	at org.gradle.internal.buildtree.DefaultBuildTreeContext.execute(DefaultBuildTreeContext.java:40)
	at org.gradle.launcher.exec.BuildTreeLifecycleBuildActionExecutor.lambda$execute$0(BuildTreeLifecycleBuildActionExecutor.java:58)
	at org.gradle.internal.buildtree.BuildTreeState.run(BuildTreeState.java:58)
	at org.gradle.launcher.exec.BuildTreeLifecycleBuildActionExecutor.execute(BuildTreeLifecycleBuildActionExecutor.java:58)
	at org.gradle.launcher.exec.RunAsBuildOperationBuildActionExecutor$3.call(RunAsBuildOperationBuildActionExecutor.java:61)
	at org.gradle.launcher.exec.RunAsBuildOperationBuildActionExecutor$3.call(RunAsBuildOperationBuildActionExecutor.java:57)
	at org.gradle.internal.operations.DefaultBuildOperationRunner$CallableBuildOperationWorker.execute(DefaultBuildOperationRunner.java:204)
	at org.gradle.internal.operations.DefaultBuildOperationRunner$CallableBuildOperationWorker.execute(DefaultBuildOperationRunner.java:199)
	at org.gradle.internal.operations.DefaultBuildOperationRunner$2.execute(DefaultBuildOperationRunner.java:66)
	at org.gradle.internal.operations.DefaultBuildOperationRunner$2.execute(DefaultBuildOperationRunner.java:59)
	at org.gradle.internal.operations.DefaultBuildOperationRunner.execute(DefaultBuildOperationRunner.java:157)
	at org.gradle.internal.operations.DefaultBuildOperationRunner.execute(DefaultBuildOperationRunner.java:59)
	at org.gradle.internal.operations.DefaultBuildOperationRunner.call(DefaultBuildOperationRunner.java:53)
	at org.gradle.internal.operations.DefaultBuildOperationExecutor.call(DefaultBuildOperationExecutor.java:73)
	at org.gradle.launcher.exec.RunAsBuildOperationBuildActionExecutor.execute(RunAsBuildOperationBuildActionExecutor.java:57)
	at org.gradle.launcher.exec.RunAsWorkerThreadBuildActionExecutor.lambda$execute$0(RunAsWorkerThreadBuildActionExecutor.java:36)
	at org.gradle.internal.work.DefaultWorkerLeaseService.withLocks(DefaultWorkerLeaseService.java:264)
	at org.gradle.internal.work.DefaultWorkerLeaseService.runAsWorkerThread(DefaultWorkerLeaseService.java:128)
	at org.gradle.launcher.exec.RunAsWorkerThreadBuildActionExecutor.execute(RunAsWorkerThreadBuildActionExecutor.java:36)
	at org.gradle.tooling.internal.provider.continuous.ContinuousBuildActionExecutor.execute(ContinuousBuildActionExecutor.java:110)
	at org.gradle.tooling.internal.provider.SubscribableBuildActionExecutor.execute(SubscribableBuildActionExecutor.java:64)
	at org.gradle.internal.session.DefaultBuildSessionContext.execute(DefaultBuildSessionContext.java:46)
	at org.gradle.tooling.internal.provider.BuildSessionLifecycleBuildActionExecuter$ActionImpl.apply(BuildSessionLifecycleBuildActionExecuter.java:92)
	at org.gradle.tooling.internal.provider.BuildSessionLifecycleBuildActionExecuter$ActionImpl.apply(BuildSessionLifecycleBuildActionExecuter.java:80)
	at org.gradle.internal.session.BuildSessionState.run(BuildSessionState.java:69)
	at org.gradle.tooling.internal.provider.BuildSessionLifecycleBuildActionExecuter.execute(BuildSessionLifecycleBuildActionExecuter.java:62)
	at org.gradle.tooling.internal.provider.BuildSessionLifecycleBuildActionExecuter.execute(BuildSessionLifecycleBuildActionExecuter.java:41)
	at org.gradle.tooling.internal.provider.StartParamsValidatingActionExecuter.execute(StartParamsValidatingActionExecuter.java:64)
	at org.gradle.tooling.internal.provider.StartParamsValidatingActionExecuter.execute(StartParamsValidatingActionExecuter.java:32)
	at org.gradle.tooling.internal.provider.SessionFailureReportingActionExecuter.execute(SessionFailureReportingActionExecuter.java:51)
	at org.gradle.tooling.internal.provider.SessionFailureReportingActionExecuter.execute(SessionFailureReportingActionExecuter.java:39)
	at org.gradle.tooling.internal.provider.SetupLoggingActionExecuter.execute(SetupLoggingActionExecuter.java:47)
	at org.gradle.tooling.internal.provider.SetupLoggingActionExecuter.execute(SetupLoggingActionExecuter.java:31)
	at org.gradle.launcher.daemon.server.exec.ExecuteBuild.doBuild(ExecuteBuild.java:65)
	at org.gradle.launcher.daemon.server.exec.BuildCommandOnly.execute(BuildCommandOnly.java:37)
	at org.gradle.launcher.daemon.server.api.DaemonCommandExecution.proceed(DaemonCommandExecution.java:104)
	at org.gradle.launcher.daemon.server.exec.WatchForDisconnection.execute(WatchForDisconnection.java:39)
	at org.gradle.launcher.daemon.server.api.DaemonCommandExecution.proceed(DaemonCommandExecution.java:104)
	at org.gradle.launcher.daemon.server.exec.ResetDeprecationLogger.execute(ResetDeprecationLogger.java:29)
	at org.gradle.launcher.daemon.server.api.DaemonCommandExecution.proceed(DaemonCommandExecution.java:104)
	at org.gradle.launcher.daemon.server.exec.RequestStopIfSingleUsedDaemon.execute(RequestStopIfSingleUsedDaemon.java:35)
	at org.gradle.launcher.daemon.server.api.DaemonCommandExecution.proceed(DaemonCommandExecution.java:104)
	at org.gradle.launcher.daemon.server.exec.ForwardClientInput$2.create(ForwardClientInput.java:78)
	at org.gradle.launcher.daemon.server.exec.ForwardClientInput$2.create(ForwardClientInput.java:75)
	at org.gradle.util.internal.Swapper.swap(Swapper.java:38)
	at org.gradle.launcher.daemon.server.exec.ForwardClientInput.execute(ForwardClientInput.java:75)
	at org.gradle.launcher.daemon.server.api.DaemonCommandExecution.proceed(DaemonCommandExecution.java:104)
	at org.gradle.launcher.daemon.server.exec.LogAndCheckHealth.execute(LogAndCheckHealth.java:64)
	at org.gradle.launcher.daemon.server.api.DaemonCommandExecution.proceed(DaemonCommandExecution.java:104)
	at org.gradle.launcher.daemon.server.exec.LogToClient.doBuild(LogToClient.java:63)
	at org.gradle.launcher.daemon.server.exec.BuildCommandOnly.execute(BuildCommandOnly.java:37)
	at org.gradle.launcher.daemon.server.api.DaemonCommandExecution.proceed(DaemonCommandExecution.java:104)
	at org.gradle.launcher.daemon.server.exec.EstablishBuildEnvironment.doBuild(EstablishBuildEnvironment.java:84)
	at org.gradle.launcher.daemon.server.exec.BuildCommandOnly.execute(BuildCommandOnly.java:37)
	at org.gradle.launcher.daemon.server.api.DaemonCommandExecution.proceed(DaemonCommandExecution.java:104)
	at org.gradle.launcher.daemon.server.exec.StartBuildOrRespondWithBusy$1.run(StartBuildOrRespondWithBusy.java:52)
	at org.gradle.launcher.daemon.server.DaemonStateCoordinator$1.run(DaemonStateCoordinator.java:297)
	at org.gradle.internal.concurrent.ExecutorPolicy$CatchAndRecordFailures.onExecute(ExecutorPolicy.java:64)
	at org.gradle.internal.concurrent.AbstractManagedExecutor$1.run(AbstractManagedExecutor.java:47)
	at java.base/java.util.concurrent.ThreadPoolExecutor.runWorker(ThreadPoolExecutor.java:1136)
	at java.base/java.util.concurrent.ThreadPoolExecutor$Worker.run(ThreadPoolExecutor.java:635)
	at java.base/java.lang.Thread.run(Thread.java:840)
[gradle-intellij-plugin :] Cannot create plugin from file '/opt/android-studio/plugins/cidr-clangFormat-plugin': Invalid plugin descriptor 'plugin.xml'. Unable to read the plugin descriptor: No enum constant com.jetbrains.plugin.structure.intellij.plugin.IdePluginContentDescriptor.ServiceType.APPLİCATİON.
Unable to read descriptor [plugin.xml] from [/opt/android-studio/plugins/cidr-debugger-plugin/lib/cidr-debugger-plugin.jar]
java.lang.IllegalArgumentException: No enum constant com.jetbrains.plugin.structure.intellij.plugin.IdePluginContentDescriptor.ServiceType.APPLİCATİON
	at java.base/java.lang.Enum.valueOf(Enum.java:273)
	at com.jetbrains.plugin.structure.intellij.plugin.IdePluginContentDescriptor$ServiceType.valueOf(IdePluginContents.kt)
	at com.jetbrains.plugin.structure.intellij.plugin.PluginCreator.readServiceDescriptor(PluginCreator.kt:406)
	at com.jetbrains.plugin.structure.intellij.plugin.PluginCreator.readExtensions(PluginCreator.kt:341)
	at com.jetbrains.plugin.structure.intellij.plugin.PluginCreator.setInfoFromBean(PluginCreator.kt:320)
	at com.jetbrains.plugin.structure.intellij.plugin.PluginCreator.resolveDocumentAndValidateBean(PluginCreator.kt:664)
	at com.jetbrains.plugin.structure.intellij.plugin.PluginCreator.access$resolveDocumentAndValidateBean(PluginCreator.kt:31)
	at com.jetbrains.plugin.structure.intellij.plugin.PluginCreator$Companion.createPlugin(PluginCreator.kt:109)
	at com.jetbrains.plugin.structure.intellij.plugin.IdePluginManager.loadPluginInfoFromJarFile(IdePluginManager.kt:62)
	at com.jetbrains.plugin.structure.intellij.plugin.IdePluginManager.loadPluginInfoFromLibDirectory(IdePluginManager.kt:165)
	at com.jetbrains.plugin.structure.intellij.plugin.IdePluginManager.loadPluginInfoFromDirectory(IdePluginManager.kt:97)
	at com.jetbrains.plugin.structure.intellij.plugin.IdePluginManager.loadPluginInfoFromJarOrDirectory(IdePluginManager.kt:206)
	at com.jetbrains.plugin.structure.intellij.plugin.IdePluginManager.getPluginCreatorWithResult(IdePluginManager.kt:347)
	at com.jetbrains.plugin.structure.intellij.plugin.IdePluginManager.createPlugin(IdePluginManager.kt:314)
	at com.jetbrains.plugin.structure.intellij.plugin.IdePluginManager.createPlugin$default(IdePluginManager.kt:312)
	at org.jetbrains.intellij.Utils.createPlugin(utils.kt:222)
	at org.jetbrains.intellij.dependency.BuiltinPluginsRegistry.add(BuiltinPluginsRegistry.kt:89)
	at org.jetbrains.intellij.dependency.BuiltinPluginsRegistry.fillFromDirectory(BuiltinPluginsRegistry.kt:47)
	at org.jetbrains.intellij.dependency.BuiltinPluginsRegistry.access$fillFromDirectory(BuiltinPluginsRegistry.kt:21)
	at org.jetbrains.intellij.dependency.BuiltinPluginsRegistry$Companion.fromDirectory(BuiltinPluginsRegistry.kt:127)
	at org.jetbrains.intellij.dependency.IdeaDependencyManager.createDependency(IdeaDependencyManager.kt:92)
	at org.jetbrains.intellij.dependency.IdeaDependencyManager.resolveLocal(IdeaDependencyManager.kt:430)
	at org.jetbrains.intellij.IntelliJPlugin$prepareIdeaDependencyProvider$1.call(IntelliJPlugin.kt:299)
	at org.jetbrains.intellij.IntelliJPlugin$prepareIdeaDependencyProvider$1.call(IntelliJPlugin.kt:266)
	at org.gradle.api.internal.provider.DefaultProvider.calculateOwnValue(DefaultProvider.java:72)
	at org.gradle.api.internal.provider.AbstractMinimalProvider.calculateValue(AbstractMinimalProvider.java:115)
	at org.gradle.api.internal.provider.TransformBackedProvider.calculateOwnValue(TransformBackedProvider.java:82)
	at org.gradle.api.internal.provider.AbstractMinimalProvider.calculateValue(AbstractMinimalProvider.java:115)
	at org.gradle.api.internal.provider.AbstractMinimalProvider.withFinalValue(AbstractMinimalProvider.java:168)
	at org.gradle.api.internal.provider.DefaultProperty.finalValue(DefaultProperty.java:133)
	at org.gradle.api.internal.provider.DefaultProperty.finalValue(DefaultProperty.java:26)
	at org.gradle.api.internal.provider.AbstractProperty.finalizeNow(AbstractProperty.java:245)
	at org.gradle.api.internal.provider.AbstractProperty.beforeRead(AbstractProperty.java:239)
	at org.gradle.api.internal.provider.AbstractProperty.calculateOwnValue(AbstractProperty.java:135)
	at org.gradle.api.internal.provider.AbstractMinimalProvider.calculateValue(AbstractMinimalProvider.java:115)
	at org.gradle.api.internal.provider.TransformBackedProvider.calculateOwnValue(TransformBackedProvider.java:82)
	at org.gradle.api.internal.provider.AbstractMinimalProvider.calculateValue(AbstractMinimalProvider.java:115)
	at org.gradle.api.internal.provider.Collectors$ElementsFromCollectionProvider.collectEntries(Collectors.java:220)
	at org.gradle.api.internal.provider.AbstractCollectionProperty$CollectingSupplier.calculateValue(AbstractCollectionProperty.java:344)
	at org.gradle.api.internal.provider.AbstractCollectionProperty.calculateValueFrom(AbstractCollectionProperty.java:189)
	at org.gradle.api.internal.provider.AbstractCollectionProperty.calculateValueFrom(AbstractCollectionProperty.java:37)
	at org.gradle.api.internal.provider.AbstractProperty.doCalculateValue(AbstractProperty.java:142)
	at org.gradle.api.internal.provider.AbstractProperty.calculateOwnValue(AbstractProperty.java:136)
	at org.gradle.api.internal.provider.AbstractMinimalProvider.calculateOwnPresentValue(AbstractMinimalProvider.java:80)
	at org.gradle.api.internal.provider.AbstractMinimalProvider.get(AbstractMinimalProvider.java:100)
	at org.jetbrains.intellij.IntelliJPlugin$configurePrepareSandboxTasks$5$5.transform(IntelliJPlugin.kt:625)
	at org.jetbrains.intellij.IntelliJPlugin$configurePrepareSandboxTasks$5$5.transform(IntelliJPlugin.kt:624)
	at org.gradle.api.internal.provider.ValueSupplier$Present.transform(ValueSupplier.java:541)
	at org.gradle.api.internal.provider.TransformBackedProvider.mapValue(TransformBackedProvider.java:91)
	at org.gradle.api.internal.provider.TransformBackedProvider.calculateOwnValue(TransformBackedProvider.java:83)
	at org.gradle.api.internal.provider.AbstractMinimalProvider.calculateOwnPresentValue(AbstractMinimalProvider.java:80)
	at org.gradle.api.internal.provider.AbstractMinimalProvider.get(AbstractMinimalProvider.java:100)
	at org.gradle.api.internal.provider.ProviderResolutionStrategy$2.resolve(ProviderResolutionStrategy.java:33)
	at org.gradle.api.internal.file.collections.ProviderBackedFileCollection.visitDependencies(ProviderBackedFileCollection.java:57)
	at org.gradle.api.internal.tasks.CachingTaskDependencyResolveContext$TaskGraphImpl.getNodeValues(CachingTaskDependencyResolveContext.java:103)
	at org.gradle.internal.graph.CachingDirectedGraphWalker$GraphWithEmptyEdges.getNodeValues(CachingDirectedGraphWalker.java:213)
	at org.gradle.internal.graph.CachingDirectedGraphWalker.doSearch(CachingDirectedGraphWalker.java:121)
	at org.gradle.internal.graph.CachingDirectedGraphWalker.findValues(CachingDirectedGraphWalker.java:73)
	at org.gradle.api.internal.tasks.CachingTaskDependencyResolveContext.getDependencies(CachingTaskDependencyResolveContext.java:66)
	at org.gradle.execution.plan.TaskDependencyResolver.resolveDependenciesFor(TaskDependencyResolver.java:49)
	at org.gradle.execution.plan.LocalTaskNode.getDependencies(LocalTaskNode.java:148)
	at org.gradle.execution.plan.LocalTaskNode.resolveDependencies(LocalTaskNode.java:122)
	at org.gradle.execution.plan.DefaultExecutionPlan.discoverNodeRelationships(DefaultExecutionPlan.java:183)
	at org.gradle.execution.plan.DefaultExecutionPlan.doAddEntryNodes(DefaultExecutionPlan.java:155)
	at org.gradle.execution.plan.DefaultExecutionPlan.addEntryTasks(DefaultExecutionPlan.java:130)
	at org.gradle.execution.plan.DefaultExecutionPlan.addEntryTasks(DefaultExecutionPlan.java:122)
	at org.gradle.execution.TaskNameResolvingBuildTaskScheduler.scheduleRequestedTasks(TaskNameResolvingBuildTaskScheduler.java:54)
	at org.gradle.execution.DefaultTasksBuildTaskScheduler.scheduleRequestedTasks(DefaultTasksBuildTaskScheduler.java:72)
	at org.gradle.initialization.DefaultTaskExecutionPreparer.lambda$scheduleRequestedTasks$0(DefaultTaskExecutionPreparer.java:46)
	at org.gradle.internal.Factories$1.create(Factories.java:31)
	at org.gradle.internal.work.DefaultWorkerLeaseService.withReplacedLocks(DefaultWorkerLeaseService.java:360)
	at org.gradle.api.internal.project.DefaultProjectStateRegistry$DefaultBuildProjectRegistry.withMutableStateOfAllProjects(DefaultProjectStateRegistry.java:239)
	at org.gradle.api.internal.project.DefaultProjectStateRegistry$DefaultBuildProjectRegistry.withMutableStateOfAllProjects(DefaultProjectStateRegistry.java:232)
	at org.gradle.initialization.DefaultTaskExecutionPreparer.scheduleRequestedTasks(DefaultTaskExecutionPreparer.java:45)
	at org.gradle.initialization.VintageBuildModelController.lambda$scheduleRequestedTasks$0(VintageBuildModelController.java:76)
	at org.gradle.internal.model.StateTransitionController.lambda$inState$1(StateTransitionController.java:99)
	at org.gradle.internal.model.StateTransitionController.lambda$inState$2(StateTransitionController.java:114)
	at org.gradle.internal.work.DefaultSynchronizer.withLock(DefaultSynchronizer.java:44)
	at org.gradle.internal.model.StateTransitionController.inState(StateTransitionController.java:110)
	at org.gradle.internal.model.StateTransitionController.inState(StateTransitionController.java:98)
	at org.gradle.initialization.VintageBuildModelController.scheduleRequestedTasks(VintageBuildModelController.java:76)
	at org.gradle.internal.build.DefaultBuildLifecycleController$DefaultWorkGraphBuilder.addRequestedTasks(DefaultBuildLifecycleController.java:404)
	at org.gradle.internal.buildtree.DefaultBuildTreeWorkPreparer.lambda$scheduleRequestedTasks$0(DefaultBuildTreeWorkPreparer.java:41)
	at org.gradle.internal.build.DefaultBuildLifecycleController.lambda$populateWorkGraph$7(DefaultBuildLifecycleController.java:189)
	at org.gradle.internal.build.DefaultBuildWorkPreparer.populateWorkGraph(DefaultBuildWorkPreparer.java:42)
	at org.gradle.internal.build.BuildOperationFiringBuildWorkPreparer$PopulateWorkGraph.populateTaskGraph(BuildOperationFiringBuildWorkPreparer.java:106)
	at org.gradle.internal.build.BuildOperationFiringBuildWorkPreparer$PopulateWorkGraph.run(BuildOperationFiringBuildWorkPreparer.java:92)
	at org.gradle.internal.operations.DefaultBuildOperationRunner$1.execute(DefaultBuildOperationRunner.java:29)
	at org.gradle.internal.operations.DefaultBuildOperationRunner$1.execute(DefaultBuildOperationRunner.java:26)
	at org.gradle.internal.operations.DefaultBuildOperationRunner$2.execute(DefaultBuildOperationRunner.java:66)
	at org.gradle.internal.operations.DefaultBuildOperationRunner$2.execute(DefaultBuildOperationRunner.java:59)
	at org.gradle.internal.operations.DefaultBuildOperationRunner.execute(DefaultBuildOperationRunner.java:157)
	at org.gradle.internal.operations.DefaultBuildOperationRunner.execute(DefaultBuildOperationRunner.java:59)
	at org.gradle.internal.operations.DefaultBuildOperationRunner.run(DefaultBuildOperationRunner.java:47)
	at org.gradle.internal.operations.DefaultBuildOperationExecutor.run(DefaultBuildOperationExecutor.java:68)
	at org.gradle.internal.build.BuildOperationFiringBuildWorkPreparer.populateWorkGraph(BuildOperationFiringBuildWorkPreparer.java:67)
	at org.gradle.internal.build.DefaultBuildLifecycleController.lambda$populateWorkGraph$8(DefaultBuildLifecycleController.java:189)
	at org.gradle.internal.model.StateTransitionController.lambda$inState$1(StateTransitionController.java:99)
	at org.gradle.internal.model.StateTransitionController.lambda$inState$2(StateTransitionController.java:114)
	at org.gradle.internal.work.DefaultSynchronizer.withLock(DefaultSynchronizer.java:44)
	at org.gradle.internal.model.StateTransitionController.inState(StateTransitionController.java:110)
	at org.gradle.internal.model.StateTransitionController.inState(StateTransitionController.java:98)
	at org.gradle.internal.build.DefaultBuildLifecycleController.populateWorkGraph(DefaultBuildLifecycleController.java:189)
	at org.gradle.internal.build.DefaultBuildWorkGraphController$DefaultBuildWorkGraph.populateWorkGraph(DefaultBuildWorkGraphController.java:169)
	at org.gradle.composite.internal.DefaultBuildController.populateWorkGraph(DefaultBuildController.java:76)
	at org.gradle.composite.internal.DefaultIncludedBuildTaskGraph$DefaultBuildTreeWorkGraphBuilder.withWorkGraph(DefaultIncludedBuildTaskGraph.java:153)
	at org.gradle.internal.buildtree.DefaultBuildTreeWorkPreparer.lambda$scheduleRequestedTasks$1(DefaultBuildTreeWorkPreparer.java:41)
	at org.gradle.composite.internal.DefaultIncludedBuildTaskGraph$DefaultBuildTreeWorkGraph$1.run(DefaultIncludedBuildTaskGraph.java:209)
	at org.gradle.internal.operations.DefaultBuildOperationRunner$1.execute(DefaultBuildOperationRunner.java:29)
	at org.gradle.internal.operations.DefaultBuildOperationRunner$1.execute(DefaultBuildOperationRunner.java:26)
	at org.gradle.internal.operations.DefaultBuildOperationRunner$2.execute(DefaultBuildOperationRunner.java:66)
	at org.gradle.internal.operations.DefaultBuildOperationRunner$2.execute(DefaultBuildOperationRunner.java:59)
	at org.gradle.internal.operations.DefaultBuildOperationRunner.execute(DefaultBuildOperationRunner.java:157)
	at org.gradle.internal.operations.DefaultBuildOperationRunner.execute(DefaultBuildOperationRunner.java:59)
	at org.gradle.internal.operations.DefaultBuildOperationRunner.run(DefaultBuildOperationRunner.java:47)
	at org.gradle.internal.operations.DefaultBuildOperationExecutor.run(DefaultBuildOperationExecutor.java:68)
	at org.gradle.composite.internal.DefaultIncludedBuildTaskGraph$DefaultBuildTreeWorkGraph.scheduleWork(DefaultIncludedBuildTaskGraph.java:204)
	at org.gradle.internal.buildtree.DefaultBuildTreeWorkPreparer.scheduleRequestedTasks(DefaultBuildTreeWorkPreparer.java:37)
	at org.gradle.configurationcache.VintageBuildTreeWorkController$scheduleAndRunRequestedTasks$1.apply(VintageBuildTreeWorkController.kt:36)
	at org.gradle.configurationcache.VintageBuildTreeWorkController$scheduleAndRunRequestedTasks$1.apply(VintageBuildTreeWorkController.kt:35)
	at org.gradle.composite.internal.DefaultIncludedBuildTaskGraph.withNewWorkGraph(DefaultIncludedBuildTaskGraph.java:112)
	at org.gradle.configurationcache.VintageBuildTreeWorkController.scheduleAndRunRequestedTasks(VintageBuildTreeWorkController.kt:35)
	at org.gradle.internal.buildtree.DefaultBuildTreeLifecycleController.lambda$scheduleAndRunTasks$1(DefaultBuildTreeLifecycleController.java:76)
	at org.gradle.internal.buildtree.DefaultBuildTreeLifecycleController.lambda$runBuild$4(DefaultBuildTreeLifecycleController.java:119)
	at org.gradle.internal.model.StateTransitionController.lambda$transition$6(StateTransitionController.java:169)
	at org.gradle.internal.model.StateTransitionController.doTransition(StateTransitionController.java:266)
	at org.gradle.internal.model.StateTransitionController.lambda$transition$7(StateTransitionController.java:169)
	at org.gradle.internal.work.DefaultSynchronizer.withLock(DefaultSynchronizer.java:44)
	at org.gradle.internal.model.StateTransitionController.transition(StateTransitionController.java:169)
	at org.gradle.internal.buildtree.DefaultBuildTreeLifecycleController.runBuild(DefaultBuildTreeLifecycleController.java:116)
	at org.gradle.internal.buildtree.DefaultBuildTreeLifecycleController.scheduleAndRunTasks(DefaultBuildTreeLifecycleController.java:76)
	at org.gradle.internal.buildtree.DefaultBuildTreeLifecycleController.scheduleAndRunTasks(DefaultBuildTreeLifecycleController.java:71)
	at org.gradle.tooling.internal.provider.ExecuteBuildActionRunner.run(ExecuteBuildActionRunner.java:31)
	at org.gradle.launcher.exec.ChainingBuildActionRunner.run(ChainingBuildActionRunner.java:35)
	at org.gradle.internal.buildtree.ProblemReportingBuildActionRunner.run(ProblemReportingBuildActionRunner.java:49)
	at org.gradle.launcher.exec.BuildOutcomeReportingBuildActionRunner.run(BuildOutcomeReportingBuildActionRunner.java:65)
	at org.gradle.tooling.internal.provider.FileSystemWatchingBuildActionRunner.run(FileSystemWatchingBuildActionRunner.java:140)
	at org.gradle.launcher.exec.BuildCompletionNotifyingBuildActionRunner.run(BuildCompletionNotifyingBuildActionRunner.java:41)
	at org.gradle.launcher.exec.RootBuildLifecycleBuildActionExecutor.lambda$execute$0(RootBuildLifecycleBuildActionExecutor.java:40)
	at org.gradle.composite.internal.DefaultRootBuildState.run(DefaultRootBuildState.java:123)
	at org.gradle.launcher.exec.RootBuildLifecycleBuildActionExecutor.execute(RootBuildLifecycleBuildActionExecutor.java:40)
	at org.gradle.internal.buildtree.InitDeprecationLoggingActionExecutor.execute(InitDeprecationLoggingActionExecutor.java:62)
	at org.gradle.internal.buildtree.InitProblems.execute(InitProblems.java:38)
	at org.gradle.internal.buildtree.DefaultBuildTreeContext.execute(DefaultBuildTreeContext.java:40)
	at org.gradle.launcher.exec.BuildTreeLifecycleBuildActionExecutor.lambda$execute$0(BuildTreeLifecycleBuildActionExecutor.java:58)
	at org.gradle.internal.buildtree.BuildTreeState.run(BuildTreeState.java:58)
	at org.gradle.launcher.exec.BuildTreeLifecycleBuildActionExecutor.execute(BuildTreeLifecycleBuildActionExecutor.java:58)
	at org.gradle.launcher.exec.RunAsBuildOperationBuildActionExecutor$3.call(RunAsBuildOperationBuildActionExecutor.java:61)
	at org.gradle.launcher.exec.RunAsBuildOperationBuildActionExecutor$3.call(RunAsBuildOperationBuildActionExecutor.java:57)
	at org.gradle.internal.operations.DefaultBuildOperationRunner$CallableBuildOperationWorker.execute(DefaultBuildOperationRunner.java:204)
	at org.gradle.internal.operations.DefaultBuildOperationRunner$CallableBuildOperationWorker.execute(DefaultBuildOperationRunner.java:199)
	at org.gradle.internal.operations.DefaultBuildOperationRunner$2.execute(DefaultBuildOperationRunner.java:66)
	at org.gradle.internal.operations.DefaultBuildOperationRunner$2.execute(DefaultBuildOperationRunner.java:59)
	at org.gradle.internal.operations.DefaultBuildOperationRunner.execute(DefaultBuildOperationRunner.java:157)
	at org.gradle.internal.operations.DefaultBuildOperationRunner.execute(DefaultBuildOperationRunner.java:59)
	at org.gradle.internal.operations.DefaultBuildOperationRunner.call(DefaultBuildOperationRunner.java:53)
	at org.gradle.internal.operations.DefaultBuildOperationExecutor.call(DefaultBuildOperationExecutor.java:73)
	at org.gradle.launcher.exec.RunAsBuildOperationBuildActionExecutor.execute(RunAsBuildOperationBuildActionExecutor.java:57)
	at org.gradle.launcher.exec.RunAsWorkerThreadBuildActionExecutor.lambda$execute$0(RunAsWorkerThreadBuildActionExecutor.java:36)
	at org.gradle.internal.work.DefaultWorkerLeaseService.withLocks(DefaultWorkerLeaseService.java:264)
	at org.gradle.internal.work.DefaultWorkerLeaseService.runAsWorkerThread(DefaultWorkerLeaseService.java:128)
	at org.gradle.launcher.exec.RunAsWorkerThreadBuildActionExecutor.execute(RunAsWorkerThreadBuildActionExecutor.java:36)
	at org.gradle.tooling.internal.provider.continuous.ContinuousBuildActionExecutor.execute(ContinuousBuildActionExecutor.java:110)
	at org.gradle.tooling.internal.provider.SubscribableBuildActionExecutor.execute(SubscribableBuildActionExecutor.java:64)
	at org.gradle.internal.session.DefaultBuildSessionContext.execute(DefaultBuildSessionContext.java:46)
	at org.gradle.tooling.internal.provider.BuildSessionLifecycleBuildActionExecuter$ActionImpl.apply(BuildSessionLifecycleBuildActionExecuter.java:92)
	at org.gradle.tooling.internal.provider.BuildSessionLifecycleBuildActionExecuter$ActionImpl.apply(BuildSessionLifecycleBuildActionExecuter.java:80)
	at org.gradle.internal.session.BuildSessionState.run(BuildSessionState.java:69)
	at org.gradle.tooling.internal.provider.BuildSessionLifecycleBuildActionExecuter.execute(BuildSessionLifecycleBuildActionExecuter.java:62)
	at org.gradle.tooling.internal.provider.BuildSessionLifecycleBuildActionExecuter.execute(BuildSessionLifecycleBuildActionExecuter.java:41)
	at org.gradle.tooling.internal.provider.StartParamsValidatingActionExecuter.execute(StartParamsValidatingActionExecuter.java:64)
	at org.gradle.tooling.internal.provider.StartParamsValidatingActionExecuter.execute(StartParamsValidatingActionExecuter.java:32)
	at org.gradle.tooling.internal.provider.SessionFailureReportingActionExecuter.execute(SessionFailureReportingActionExecuter.java:51)
	at org.gradle.tooling.internal.provider.SessionFailureReportingActionExecuter.execute(SessionFailureReportingActionExecuter.java:39)
	at org.gradle.tooling.internal.provider.SetupLoggingActionExecuter.execute(SetupLoggingActionExecuter.java:47)
	at org.gradle.tooling.internal.provider.SetupLoggingActionExecuter.execute(SetupLoggingActionExecuter.java:31)
	at org.gradle.launcher.daemon.server.exec.ExecuteBuild.doBuild(ExecuteBuild.java:65)
	at org.gradle.launcher.daemon.server.exec.BuildCommandOnly.execute(BuildCommandOnly.java:37)
	at org.gradle.launcher.daemon.server.api.DaemonCommandExecution.proceed(DaemonCommandExecution.java:104)
	at org.gradle.launcher.daemon.server.exec.WatchForDisconnection.execute(WatchForDisconnection.java:39)
	at org.gradle.launcher.daemon.server.api.DaemonCommandExecution.proceed(DaemonCommandExecution.java:104)
	at org.gradle.launcher.daemon.server.exec.ResetDeprecationLogger.execute(ResetDeprecationLogger.java:29)
	at org.gradle.launcher.daemon.server.api.DaemonCommandExecution.proceed(DaemonCommandExecution.java:104)
	at org.gradle.launcher.daemon.server.exec.RequestStopIfSingleUsedDaemon.execute(RequestStopIfSingleUsedDaemon.java:35)
	at org.gradle.launcher.daemon.server.api.DaemonCommandExecution.proceed(DaemonCommandExecution.java:104)
	at org.gradle.launcher.daemon.server.exec.ForwardClientInput$2.create(ForwardClientInput.java:78)
	at org.gradle.launcher.daemon.server.exec.ForwardClientInput$2.create(ForwardClientInput.java:75)
	at org.gradle.util.internal.Swapper.swap(Swapper.java:38)
	at org.gradle.launcher.daemon.server.exec.ForwardClientInput.execute(ForwardClientInput.java:75)
	at org.gradle.launcher.daemon.server.api.DaemonCommandExecution.proceed(DaemonCommandExecution.java:104)
	at org.gradle.launcher.daemon.server.exec.LogAndCheckHealth.execute(LogAndCheckHealth.java:64)
	at org.gradle.launcher.daemon.server.api.DaemonCommandExecution.proceed(DaemonCommandExecution.java:104)
	at org.gradle.launcher.daemon.server.exec.LogToClient.doBuild(LogToClient.java:63)
	at org.gradle.launcher.daemon.server.exec.BuildCommandOnly.execute(BuildCommandOnly.java:37)
	at org.gradle.launcher.daemon.server.api.DaemonCommandExecution.proceed(DaemonCommandExecution.java:104)
	at org.gradle.launcher.daemon.server.exec.EstablishBuildEnvironment.doBuild(EstablishBuildEnvironment.java:84)
	at org.gradle.launcher.daemon.server.exec.BuildCommandOnly.execute(BuildCommandOnly.java:37)
	at org.gradle.launcher.daemon.server.api.DaemonCommandExecution.proceed(DaemonCommandExecution.java:104)
	at org.gradle.launcher.daemon.server.exec.StartBuildOrRespondWithBusy$1.run(StartBuildOrRespondWithBusy.java:52)
	at org.gradle.launcher.daemon.server.DaemonStateCoordinator$1.run(DaemonStateCoordinator.java:297)
	at org.gradle.internal.concurrent.ExecutorPolicy$CatchAndRecordFailures.onExecute(ExecutorPolicy.java:64)
	at org.gradle.internal.concurrent.AbstractManagedExecutor$1.run(AbstractManagedExecutor.java:47)
	at java.base/java.util.concurrent.ThreadPoolExecutor.runWorker(ThreadPoolExecutor.java:1136)
	at java.base/java.util.concurrent.ThreadPoolExecutor$Worker.run(ThreadPoolExecutor.java:635)
	at java.base/java.lang.Thread.run(Thread.java:840)
[gradle-intellij-plugin :] Cannot create plugin from file '/opt/android-studio/plugins/cidr-debugger-plugin': Invalid plugin descriptor 'plugin.xml'. Unable to read the plugin descriptor: No enum constant com.jetbrains.plugin.structure.intellij.plugin.IdePluginContentDescriptor.ServiceType.APPLİCATİON.
Unable to read descriptor [plugin.xml] from [/opt/android-studio/plugins/completionMlRanking/lib/completionMlRanking.jar]
java.lang.IllegalArgumentException: No enum constant com.jetbrains.plugin.structure.intellij.plugin.IdePluginContentDescriptor.ServiceType.APPLİCATİON
	at java.base/java.lang.Enum.valueOf(Enum.java:273)
	at com.jetbrains.plugin.structure.intellij.plugin.IdePluginContentDescriptor$ServiceType.valueOf(IdePluginContents.kt)
	at com.jetbrains.plugin.structure.intellij.plugin.PluginCreator.readServiceDescriptor(PluginCreator.kt:406)
	at com.jetbrains.plugin.structure.intellij.plugin.PluginCreator.readExtensions(PluginCreator.kt:341)
	at com.jetbrains.plugin.structure.intellij.plugin.PluginCreator.setInfoFromBean(PluginCreator.kt:320)
	at com.jetbrains.plugin.structure.intellij.plugin.PluginCreator.resolveDocumentAndValidateBean(PluginCreator.kt:664)
	at com.jetbrains.plugin.structure.intellij.plugin.PluginCreator.access$resolveDocumentAndValidateBean(PluginCreator.kt:31)
	at com.jetbrains.plugin.structure.intellij.plugin.PluginCreator$Companion.createPlugin(PluginCreator.kt:109)
	at com.jetbrains.plugin.structure.intellij.plugin.IdePluginManager.loadPluginInfoFromJarFile(IdePluginManager.kt:62)
	at com.jetbrains.plugin.structure.intellij.plugin.IdePluginManager.loadPluginInfoFromLibDirectory(IdePluginManager.kt:165)
	at com.jetbrains.plugin.structure.intellij.plugin.IdePluginManager.loadPluginInfoFromDirectory(IdePluginManager.kt:97)
	at com.jetbrains.plugin.structure.intellij.plugin.IdePluginManager.loadPluginInfoFromJarOrDirectory(IdePluginManager.kt:206)
	at com.jetbrains.plugin.structure.intellij.plugin.IdePluginManager.getPluginCreatorWithResult(IdePluginManager.kt:347)
	at com.jetbrains.plugin.structure.intellij.plugin.IdePluginManager.createPlugin(IdePluginManager.kt:314)
	at com.jetbrains.plugin.structure.intellij.plugin.IdePluginManager.createPlugin$default(IdePluginManager.kt:312)
	at org.jetbrains.intellij.Utils.createPlugin(utils.kt:222)
	at org.jetbrains.intellij.dependency.BuiltinPluginsRegistry.add(BuiltinPluginsRegistry.kt:89)
	at org.jetbrains.intellij.dependency.BuiltinPluginsRegistry.fillFromDirectory(BuiltinPluginsRegistry.kt:47)
	at org.jetbrains.intellij.dependency.BuiltinPluginsRegistry.access$fillFromDirectory(BuiltinPluginsRegistry.kt:21)
	at org.jetbrains.intellij.dependency.BuiltinPluginsRegistry$Companion.fromDirectory(BuiltinPluginsRegistry.kt:127)
	at org.jetbrains.intellij.dependency.IdeaDependencyManager.createDependency(IdeaDependencyManager.kt:92)
	at org.jetbrains.intellij.dependency.IdeaDependencyManager.resolveLocal(IdeaDependencyManager.kt:430)
	at org.jetbrains.intellij.IntelliJPlugin$prepareIdeaDependencyProvider$1.call(IntelliJPlugin.kt:299)
	at org.jetbrains.intellij.IntelliJPlugin$prepareIdeaDependencyProvider$1.call(IntelliJPlugin.kt:266)
	at org.gradle.api.internal.provider.DefaultProvider.calculateOwnValue(DefaultProvider.java:72)
	at org.gradle.api.internal.provider.AbstractMinimalProvider.calculateValue(AbstractMinimalProvider.java:115)
	at org.gradle.api.internal.provider.TransformBackedProvider.calculateOwnValue(TransformBackedProvider.java:82)
	at org.gradle.api.internal.provider.AbstractMinimalProvider.calculateValue(AbstractMinimalProvider.java:115)
	at org.gradle.api.internal.provider.AbstractMinimalProvider.withFinalValue(AbstractMinimalProvider.java:168)
	at org.gradle.api.internal.provider.DefaultProperty.finalValue(DefaultProperty.java:133)
	at org.gradle.api.internal.provider.DefaultProperty.finalValue(DefaultProperty.java:26)
	at org.gradle.api.internal.provider.AbstractProperty.finalizeNow(AbstractProperty.java:245)
	at org.gradle.api.internal.provider.AbstractProperty.beforeRead(AbstractProperty.java:239)
	at org.gradle.api.internal.provider.AbstractProperty.calculateOwnValue(AbstractProperty.java:135)
	at org.gradle.api.internal.provider.AbstractMinimalProvider.calculateValue(AbstractMinimalProvider.java:115)
	at org.gradle.api.internal.provider.TransformBackedProvider.calculateOwnValue(TransformBackedProvider.java:82)
	at org.gradle.api.internal.provider.AbstractMinimalProvider.calculateValue(AbstractMinimalProvider.java:115)
	at org.gradle.api.internal.provider.Collectors$ElementsFromCollectionProvider.collectEntries(Collectors.java:220)
	at org.gradle.api.internal.provider.AbstractCollectionProperty$CollectingSupplier.calculateValue(AbstractCollectionProperty.java:344)
	at org.gradle.api.internal.provider.AbstractCollectionProperty.calculateValueFrom(AbstractCollectionProperty.java:189)
	at org.gradle.api.internal.provider.AbstractCollectionProperty.calculateValueFrom(AbstractCollectionProperty.java:37)
	at org.gradle.api.internal.provider.AbstractProperty.doCalculateValue(AbstractProperty.java:142)
	at org.gradle.api.internal.provider.AbstractProperty.calculateOwnValue(AbstractProperty.java:136)
	at org.gradle.api.internal.provider.AbstractMinimalProvider.calculateOwnPresentValue(AbstractMinimalProvider.java:80)
	at org.gradle.api.internal.provider.AbstractMinimalProvider.get(AbstractMinimalProvider.java:100)
	at org.jetbrains.intellij.IntelliJPlugin$configurePrepareSandboxTasks$5$5.transform(IntelliJPlugin.kt:625)
	at org.jetbrains.intellij.IntelliJPlugin$configurePrepareSandboxTasks$5$5.transform(IntelliJPlugin.kt:624)
	at org.gradle.api.internal.provider.ValueSupplier$Present.transform(ValueSupplier.java:541)
	at org.gradle.api.internal.provider.TransformBackedProvider.mapValue(TransformBackedProvider.java:91)
	at org.gradle.api.internal.provider.TransformBackedProvider.calculateOwnValue(TransformBackedProvider.java:83)
	at org.gradle.api.internal.provider.AbstractMinimalProvider.calculateOwnPresentValue(AbstractMinimalProvider.java:80)
	at org.gradle.api.internal.provider.AbstractMinimalProvider.get(AbstractMinimalProvider.java:100)
	at org.gradle.api.internal.provider.ProviderResolutionStrategy$2.resolve(ProviderResolutionStrategy.java:33)
	at org.gradle.api.internal.file.collections.ProviderBackedFileCollection.visitDependencies(ProviderBackedFileCollection.java:57)
	at org.gradle.api.internal.tasks.CachingTaskDependencyResolveContext$TaskGraphImpl.getNodeValues(CachingTaskDependencyResolveContext.java:103)
	at org.gradle.internal.graph.CachingDirectedGraphWalker$GraphWithEmptyEdges.getNodeValues(CachingDirectedGraphWalker.java:213)
	at org.gradle.internal.graph.CachingDirectedGraphWalker.doSearch(CachingDirectedGraphWalker.java:121)
	at org.gradle.internal.graph.CachingDirectedGraphWalker.findValues(CachingDirectedGraphWalker.java:73)
	at org.gradle.api.internal.tasks.CachingTaskDependencyResolveContext.getDependencies(CachingTaskDependencyResolveContext.java:66)
	at org.gradle.execution.plan.TaskDependencyResolver.resolveDependenciesFor(TaskDependencyResolver.java:49)
	at org.gradle.execution.plan.LocalTaskNode.getDependencies(LocalTaskNode.java:148)
	at org.gradle.execution.plan.LocalTaskNode.resolveDependencies(LocalTaskNode.java:122)
	at org.gradle.execution.plan.DefaultExecutionPlan.discoverNodeRelationships(DefaultExecutionPlan.java:183)
	at org.gradle.execution.plan.DefaultExecutionPlan.doAddEntryNodes(DefaultExecutionPlan.java:155)
	at org.gradle.execution.plan.DefaultExecutionPlan.addEntryTasks(DefaultExecutionPlan.java:130)
	at org.gradle.execution.plan.DefaultExecutionPlan.addEntryTasks(DefaultExecutionPlan.java:122)
	at org.gradle.execution.TaskNameResolvingBuildTaskScheduler.scheduleRequestedTasks(TaskNameResolvingBuildTaskScheduler.java:54)
	at org.gradle.execution.DefaultTasksBuildTaskScheduler.scheduleRequestedTasks(DefaultTasksBuildTaskScheduler.java:72)
	at org.gradle.initialization.DefaultTaskExecutionPreparer.lambda$scheduleRequestedTasks$0(DefaultTaskExecutionPreparer.java:46)
	at org.gradle.internal.Factories$1.create(Factories.java:31)
	at org.gradle.internal.work.DefaultWorkerLeaseService.withReplacedLocks(DefaultWorkerLeaseService.java:360)
	at org.gradle.api.internal.project.DefaultProjectStateRegistry$DefaultBuildProjectRegistry.withMutableStateOfAllProjects(DefaultProjectStateRegistry.java:239)
	at org.gradle.api.internal.project.DefaultProjectStateRegistry$DefaultBuildProjectRegistry.withMutableStateOfAllProjects(DefaultProjectStateRegistry.java:232)
	at org.gradle.initialization.DefaultTaskExecutionPreparer.scheduleRequestedTasks(DefaultTaskExecutionPreparer.java:45)
	at org.gradle.initialization.VintageBuildModelController.lambda$scheduleRequestedTasks$0(VintageBuildModelController.java:76)
	at org.gradle.internal.model.StateTransitionController.lambda$inState$1(StateTransitionController.java:99)
	at org.gradle.internal.model.StateTransitionController.lambda$inState$2(StateTransitionController.java:114)
	at org.gradle.internal.work.DefaultSynchronizer.withLock(DefaultSynchronizer.java:44)
	at org.gradle.internal.model.StateTransitionController.inState(StateTransitionController.java:110)
	at org.gradle.internal.model.StateTransitionController.inState(StateTransitionController.java:98)
	at org.gradle.initialization.VintageBuildModelController.scheduleRequestedTasks(VintageBuildModelController.java:76)
	at org.gradle.internal.build.DefaultBuildLifecycleController$DefaultWorkGraphBuilder.addRequestedTasks(DefaultBuildLifecycleController.java:404)
	at org.gradle.internal.buildtree.DefaultBuildTreeWorkPreparer.lambda$scheduleRequestedTasks$0(DefaultBuildTreeWorkPreparer.java:41)
	at org.gradle.internal.build.DefaultBuildLifecycleController.lambda$populateWorkGraph$7(DefaultBuildLifecycleController.java:189)
	at org.gradle.internal.build.DefaultBuildWorkPreparer.populateWorkGraph(DefaultBuildWorkPreparer.java:42)
	at org.gradle.internal.build.BuildOperationFiringBuildWorkPreparer$PopulateWorkGraph.populateTaskGraph(BuildOperationFiringBuildWorkPreparer.java:106)
	at org.gradle.internal.build.BuildOperationFiringBuildWorkPreparer$PopulateWorkGraph.run(BuildOperationFiringBuildWorkPreparer.java:92)
	at org.gradle.internal.operations.DefaultBuildOperationRunner$1.execute(DefaultBuildOperationRunner.java:29)
	at org.gradle.internal.operations.DefaultBuildOperationRunner$1.execute(DefaultBuildOperationRunner.java:26)
	at org.gradle.internal.operations.DefaultBuildOperationRunner$2.execute(DefaultBuildOperationRunner.java:66)
	at org.gradle.internal.operations.DefaultBuildOperationRunner$2.execute(DefaultBuildOperationRunner.java:59)
	at org.gradle.internal.operations.DefaultBuildOperationRunner.execute(DefaultBuildOperationRunner.java:157)
	at org.gradle.internal.operations.DefaultBuildOperationRunner.execute(DefaultBuildOperationRunner.java:59)
	at org.gradle.internal.operations.DefaultBuildOperationRunner.run(DefaultBuildOperationRunner.java:47)
	at org.gradle.internal.operations.DefaultBuildOperationExecutor.run(DefaultBuildOperationExecutor.java:68)
	at org.gradle.internal.build.BuildOperationFiringBuildWorkPreparer.populateWorkGraph(BuildOperationFiringBuildWorkPreparer.java:67)
	at org.gradle.internal.build.DefaultBuildLifecycleController.lambda$populateWorkGraph$8(DefaultBuildLifecycleController.java:189)
	at org.gradle.internal.model.StateTransitionController.lambda$inState$1(StateTransitionController.java:99)
	at org.gradle.internal.model.StateTransitionController.lambda$inState$2(StateTransitionController.java:114)
	at org.gradle.internal.work.DefaultSynchronizer.withLock(DefaultSynchronizer.java:44)
	at org.gradle.internal.model.StateTransitionController.inState(StateTransitionController.java:110)
	at org.gradle.internal.model.StateTransitionController.inState(StateTransitionController.java:98)
	at org.gradle.internal.build.DefaultBuildLifecycleController.populateWorkGraph(DefaultBuildLifecycleController.java:189)
	at org.gradle.internal.build.DefaultBuildWorkGraphController$DefaultBuildWorkGraph.populateWorkGraph(DefaultBuildWorkGraphController.java:169)
	at org.gradle.composite.internal.DefaultBuildController.populateWorkGraph(DefaultBuildController.java:76)
	at org.gradle.composite.internal.DefaultIncludedBuildTaskGraph$DefaultBuildTreeWorkGraphBuilder.withWorkGraph(DefaultIncludedBuildTaskGraph.java:153)
	at org.gradle.internal.buildtree.DefaultBuildTreeWorkPreparer.lambda$scheduleRequestedTasks$1(DefaultBuildTreeWorkPreparer.java:41)
	at org.gradle.composite.internal.DefaultIncludedBuildTaskGraph$DefaultBuildTreeWorkGraph$1.run(DefaultIncludedBuildTaskGraph.java:209)
	at org.gradle.internal.operations.DefaultBuildOperationRunner$1.execute(DefaultBuildOperationRunner.java:29)
	at org.gradle.internal.operations.DefaultBuildOperationRunner$1.execute(DefaultBuildOperationRunner.java:26)
	at org.gradle.internal.operations.DefaultBuildOperationRunner$2.execute(DefaultBuildOperationRunner.java:66)
	at org.gradle.internal.operations.DefaultBuildOperationRunner$2.execute(DefaultBuildOperationRunner.java:59)
	at org.gradle.internal.operations.DefaultBuildOperationRunner.execute(DefaultBuildOperationRunner.java:157)
	at org.gradle.internal.operations.DefaultBuildOperationRunner.execute(DefaultBuildOperationRunner.java:59)
	at org.gradle.internal.operations.DefaultBuildOperationRunner.run(DefaultBuildOperationRunner.java:47)
	at org.gradle.internal.operations.DefaultBuildOperationExecutor.run(DefaultBuildOperationExecutor.java:68)
	at org.gradle.composite.internal.DefaultIncludedBuildTaskGraph$DefaultBuildTreeWorkGraph.scheduleWork(DefaultIncludedBuildTaskGraph.java:204)
	at org.gradle.internal.buildtree.DefaultBuildTreeWorkPreparer.scheduleRequestedTasks(DefaultBuildTreeWorkPreparer.java:37)
	at org.gradle.configurationcache.VintageBuildTreeWorkController$scheduleAndRunRequestedTasks$1.apply(VintageBuildTreeWorkController.kt:36)
	at org.gradle.configurationcache.VintageBuildTreeWorkController$scheduleAndRunRequestedTasks$1.apply(VintageBuildTreeWorkController.kt:35)
	at org.gradle.composite.internal.DefaultIncludedBuildTaskGraph.withNewWorkGraph(DefaultIncludedBuildTaskGraph.java:112)
	at org.gradle.configurationcache.VintageBuildTreeWorkController.scheduleAndRunRequestedTasks(VintageBuildTreeWorkController.kt:35)
	at org.gradle.internal.buildtree.DefaultBuildTreeLifecycleController.lambda$scheduleAndRunTasks$1(DefaultBuildTreeLifecycleController.java:76)
	at org.gradle.internal.buildtree.DefaultBuildTreeLifecycleController.lambda$runBuild$4(DefaultBuildTreeLifecycleController.java:119)
	at org.gradle.internal.model.StateTransitionController.lambda$transition$6(StateTransitionController.java:169)
	at org.gradle.internal.model.StateTransitionController.doTransition(StateTransitionController.java:266)
	at org.gradle.internal.model.StateTransitionController.lambda$transition$7(StateTransitionController.java:169)
	at org.gradle.internal.work.DefaultSynchronizer.withLock(DefaultSynchronizer.java:44)
	at org.gradle.internal.model.StateTransitionController.transition(StateTransitionController.java:169)
	at org.gradle.internal.buildtree.DefaultBuildTreeLifecycleController.runBuild(DefaultBuildTreeLifecycleController.java:116)
	at org.gradle.internal.buildtree.DefaultBuildTreeLifecycleController.scheduleAndRunTasks(DefaultBuildTreeLifecycleController.java:76)
	at org.gradle.internal.buildtree.DefaultBuildTreeLifecycleController.scheduleAndRunTasks(DefaultBuildTreeLifecycleController.java:71)
	at org.gradle.tooling.internal.provider.ExecuteBuildActionRunner.run(ExecuteBuildActionRunner.java:31)
	at org.gradle.launcher.exec.ChainingBuildActionRunner.run(ChainingBuildActionRunner.java:35)
	at org.gradle.internal.buildtree.ProblemReportingBuildActionRunner.run(ProblemReportingBuildActionRunner.java:49)
	at org.gradle.launcher.exec.BuildOutcomeReportingBuildActionRunner.run(BuildOutcomeReportingBuildActionRunner.java:65)
	at org.gradle.tooling.internal.provider.FileSystemWatchingBuildActionRunner.run(FileSystemWatchingBuildActionRunner.java:140)
	at org.gradle.launcher.exec.BuildCompletionNotifyingBuildActionRunner.run(BuildCompletionNotifyingBuildActionRunner.java:41)
	at org.gradle.launcher.exec.RootBuildLifecycleBuildActionExecutor.lambda$execute$0(RootBuildLifecycleBuildActionExecutor.java:40)
	at org.gradle.composite.internal.DefaultRootBuildState.run(DefaultRootBuildState.java:123)
	at org.gradle.launcher.exec.RootBuildLifecycleBuildActionExecutor.execute(RootBuildLifecycleBuildActionExecutor.java:40)
	at org.gradle.internal.buildtree.InitDeprecationLoggingActionExecutor.execute(InitDeprecationLoggingActionExecutor.java:62)
	at org.gradle.internal.buildtree.InitProblems.execute(InitProblems.java:38)
	at org.gradle.internal.buildtree.DefaultBuildTreeContext.execute(DefaultBuildTreeContext.java:40)
	at org.gradle.launcher.exec.BuildTreeLifecycleBuildActionExecutor.lambda$execute$0(BuildTreeLifecycleBuildActionExecutor.java:58)
	at org.gradle.internal.buildtree.BuildTreeState.run(BuildTreeState.java:58)
	at org.gradle.launcher.exec.BuildTreeLifecycleBuildActionExecutor.execute(BuildTreeLifecycleBuildActionExecutor.java:58)
	at org.gradle.launcher.exec.RunAsBuildOperationBuildActionExecutor$3.call(RunAsBuildOperationBuildActionExecutor.java:61)
	at org.gradle.launcher.exec.RunAsBuildOperationBuildActionExecutor$3.call(RunAsBuildOperationBuildActionExecutor.java:57)
	at org.gradle.internal.operations.DefaultBuildOperationRunner$CallableBuildOperationWorker.execute(DefaultBuildOperationRunner.java:204)
	at org.gradle.internal.operations.DefaultBuildOperationRunner$CallableBuildOperationWorker.execute(DefaultBuildOperationRunner.java:199)
	at org.gradle.internal.operations.DefaultBuildOperationRunner$2.execute(DefaultBuildOperationRunner.java:66)
	at org.gradle.internal.operations.DefaultBuildOperationRunner$2.execute(DefaultBuildOperationRunner.java:59)
	at org.gradle.internal.operations.DefaultBuildOperationRunner.execute(DefaultBuildOperationRunner.java:157)
	at org.gradle.internal.operations.DefaultBuildOperationRunner.execute(DefaultBuildOperationRunner.java:59)
	at org.gradle.internal.operations.DefaultBuildOperationRunner.call(DefaultBuildOperationRunner.java:53)
	at org.gradle.internal.operations.DefaultBuildOperationExecutor.call(DefaultBuildOperationExecutor.java:73)
	at org.gradle.launcher.exec.RunAsBuildOperationBuildActionExecutor.execute(RunAsBuildOperationBuildActionExecutor.java:57)
	at org.gradle.launcher.exec.RunAsWorkerThreadBuildActionExecutor.lambda$execute$0(RunAsWorkerThreadBuildActionExecutor.java:36)
	at org.gradle.internal.work.DefaultWorkerLeaseService.withLocks(DefaultWorkerLeaseService.java:264)
	at org.gradle.internal.work.DefaultWorkerLeaseService.runAsWorkerThread(DefaultWorkerLeaseService.java:128)
	at org.gradle.launcher.exec.RunAsWorkerThreadBuildActionExecutor.execute(RunAsWorkerThreadBuildActionExecutor.java:36)
	at org.gradle.tooling.internal.provider.continuous.ContinuousBuildActionExecutor.execute(ContinuousBuildActionExecutor.java:110)
	at org.gradle.tooling.internal.provider.SubscribableBuildActionExecutor.execute(SubscribableBuildActionExecutor.java:64)
	at org.gradle.internal.session.DefaultBuildSessionContext.execute(DefaultBuildSessionContext.java:46)
	at org.gradle.tooling.internal.provider.BuildSessionLifecycleBuildActionExecuter$ActionImpl.apply(BuildSessionLifecycleBuildActionExecuter.java:92)
	at org.gradle.tooling.internal.provider.BuildSessionLifecycleBuildActionExecuter$ActionImpl.apply(BuildSessionLifecycleBuildActionExecuter.java:80)
	at org.gradle.internal.session.BuildSessionState.run(BuildSessionState.java:69)
	at org.gradle.tooling.internal.provider.BuildSessionLifecycleBuildActionExecuter.execute(BuildSessionLifecycleBuildActionExecuter.java:62)
	at org.gradle.tooling.internal.provider.BuildSessionLifecycleBuildActionExecuter.execute(BuildSessionLifecycleBuildActionExecuter.java:41)
	at org.gradle.tooling.internal.provider.StartParamsValidatingActionExecuter.execute(StartParamsValidatingActionExecuter.java:64)
	at org.gradle.tooling.internal.provider.StartParamsValidatingActionExecuter.execute(StartParamsValidatingActionExecuter.java:32)
	at org.gradle.tooling.internal.provider.SessionFailureReportingActionExecuter.execute(SessionFailureReportingActionExecuter.java:51)
	at org.gradle.tooling.internal.provider.SessionFailureReportingActionExecuter.execute(SessionFailureReportingActionExecuter.java:39)
	at org.gradle.tooling.internal.provider.SetupLoggingActionExecuter.execute(SetupLoggingActionExecuter.java:47)
	at org.gradle.tooling.internal.provider.SetupLoggingActionExecuter.execute(SetupLoggingActionExecuter.java:31)
	at org.gradle.launcher.daemon.server.exec.ExecuteBuild.doBuild(ExecuteBuild.java:65)
	at org.gradle.launcher.daemon.server.exec.BuildCommandOnly.execute(BuildCommandOnly.java:37)
	at org.gradle.launcher.daemon.server.api.DaemonCommandExecution.proceed(DaemonCommandExecution.java:104)
	at org.gradle.launcher.daemon.server.exec.WatchForDisconnection.execute(WatchForDisconnection.java:39)
	at org.gradle.launcher.daemon.server.api.DaemonCommandExecution.proceed(DaemonCommandExecution.java:104)
	at org.gradle.launcher.daemon.server.exec.ResetDeprecationLogger.execute(ResetDeprecationLogger.java:29)
	at org.gradle.launcher.daemon.server.api.DaemonCommandExecution.proceed(DaemonCommandExecution.java:104)
	at org.gradle.launcher.daemon.server.exec.RequestStopIfSingleUsedDaemon.execute(RequestStopIfSingleUsedDaemon.java:35)
	at org.gradle.launcher.daemon.server.api.DaemonCommandExecution.proceed(DaemonCommandExecution.java:104)
	at org.gradle.launcher.daemon.server.exec.ForwardClientInput$2.create(ForwardClientInput.java:78)
	at org.gradle.launcher.daemon.server.exec.ForwardClientInput$2.create(ForwardClientInput.java:75)
	at org.gradle.util.internal.Swapper.swap(Swapper.java:38)
	at org.gradle.launcher.daemon.server.exec.ForwardClientInput.execute(ForwardClientInput.java:75)
	at org.gradle.launcher.daemon.server.api.DaemonCommandExecution.proceed(DaemonCommandExecution.java:104)
	at org.gradle.launcher.daemon.server.exec.LogAndCheckHealth.execute(LogAndCheckHealth.java:64)
	at org.gradle.launcher.daemon.server.api.DaemonCommandExecution.proceed(DaemonCommandExecution.java:104)
	at org.gradle.launcher.daemon.server.exec.LogToClient.doBuild(LogToClient.java:63)
	at org.gradle.launcher.daemon.server.exec.BuildCommandOnly.execute(BuildCommandOnly.java:37)
	at org.gradle.launcher.daemon.server.api.DaemonCommandExecution.proceed(DaemonCommandExecution.java:104)
	at org.gradle.launcher.daemon.server.exec.EstablishBuildEnvironment.doBuild(EstablishBuildEnvironment.java:84)
	at org.gradle.launcher.daemon.server.exec.BuildCommandOnly.execute(BuildCommandOnly.java:37)
	at org.gradle.launcher.daemon.server.api.DaemonCommandExecution.proceed(DaemonCommandExecution.java:104)
	at org.gradle.launcher.daemon.server.exec.StartBuildOrRespondWithBusy$1.run(StartBuildOrRespondWithBusy.java:52)
	at org.gradle.launcher.daemon.server.DaemonStateCoordinator$1.run(DaemonStateCoordinator.java:297)
	at org.gradle.internal.concurrent.ExecutorPolicy$CatchAndRecordFailures.onExecute(ExecutorPolicy.java:64)
	at org.gradle.internal.concurrent.AbstractManagedExecutor$1.run(AbstractManagedExecutor.java:47)
	at java.base/java.util.concurrent.ThreadPoolExecutor.runWorker(ThreadPoolExecutor.java:1136)
	at java.base/java.util.concurrent.ThreadPoolExecutor$Worker.run(ThreadPoolExecutor.java:635)
	at java.base/java.lang.Thread.run(Thread.java:840)
[gradle-intellij-plugin :] Cannot create plugin from file '/opt/android-studio/plugins/completionMlRanking': Invalid plugin descriptor 'plugin.xml'. Unable to read the plugin descriptor: No enum constant com.jetbrains.plugin.structure.intellij.plugin.IdePluginContentDescriptor.ServiceType.APPLİCATİON.
Unable to read descriptor [plugin.xml] from [/opt/android-studio/plugins/configurationScript/lib/configurationScript.jar]
java.lang.IllegalArgumentException: No enum constant com.jetbrains.plugin.structure.intellij.plugin.IdePluginContentDescriptor.ServiceType.APPLİCATİON
	at java.base/java.lang.Enum.valueOf(Enum.java:273)
	at com.jetbrains.plugin.structure.intellij.plugin.IdePluginContentDescriptor$ServiceType.valueOf(IdePluginContents.kt)
	at com.jetbrains.plugin.structure.intellij.plugin.PluginCreator.readServiceDescriptor(PluginCreator.kt:406)
	at com.jetbrains.plugin.structure.intellij.plugin.PluginCreator.readExtensions(PluginCreator.kt:341)
	at com.jetbrains.plugin.structure.intellij.plugin.PluginCreator.setInfoFromBean(PluginCreator.kt:320)
	at com.jetbrains.plugin.structure.intellij.plugin.PluginCreator.resolveDocumentAndValidateBean(PluginCreator.kt:664)
	at com.jetbrains.plugin.structure.intellij.plugin.PluginCreator.access$resolveDocumentAndValidateBean(PluginCreator.kt:31)
	at com.jetbrains.plugin.structure.intellij.plugin.PluginCreator$Companion.createPlugin(PluginCreator.kt:109)
	at com.jetbrains.plugin.structure.intellij.plugin.IdePluginManager.loadPluginInfoFromJarFile(IdePluginManager.kt:62)
	at com.jetbrains.plugin.structure.intellij.plugin.IdePluginManager.loadPluginInfoFromLibDirectory(IdePluginManager.kt:165)
	at com.jetbrains.plugin.structure.intellij.plugin.IdePluginManager.loadPluginInfoFromDirectory(IdePluginManager.kt:97)
	at com.jetbrains.plugin.structure.intellij.plugin.IdePluginManager.loadPluginInfoFromJarOrDirectory(IdePluginManager.kt:206)
	at com.jetbrains.plugin.structure.intellij.plugin.IdePluginManager.getPluginCreatorWithResult(IdePluginManager.kt:347)
	at com.jetbrains.plugin.structure.intellij.plugin.IdePluginManager.createPlugin(IdePluginManager.kt:314)
	at com.jetbrains.plugin.structure.intellij.plugin.IdePluginManager.createPlugin$default(IdePluginManager.kt:312)
	at org.jetbrains.intellij.Utils.createPlugin(utils.kt:222)
	at org.jetbrains.intellij.dependency.BuiltinPluginsRegistry.add(BuiltinPluginsRegistry.kt:89)
	at org.jetbrains.intellij.dependency.BuiltinPluginsRegistry.fillFromDirectory(BuiltinPluginsRegistry.kt:47)
	at org.jetbrains.intellij.dependency.BuiltinPluginsRegistry.access$fillFromDirectory(BuiltinPluginsRegistry.kt:21)
	at org.jetbrains.intellij.dependency.BuiltinPluginsRegistry$Companion.fromDirectory(BuiltinPluginsRegistry.kt:127)
	at org.jetbrains.intellij.dependency.IdeaDependencyManager.createDependency(IdeaDependencyManager.kt:92)
	at org.jetbrains.intellij.dependency.IdeaDependencyManager.resolveLocal(IdeaDependencyManager.kt:430)
	at org.jetbrains.intellij.IntelliJPlugin$prepareIdeaDependencyProvider$1.call(IntelliJPlugin.kt:299)
	at org.jetbrains.intellij.IntelliJPlugin$prepareIdeaDependencyProvider$1.call(IntelliJPlugin.kt:266)
	at org.gradle.api.internal.provider.DefaultProvider.calculateOwnValue(DefaultProvider.java:72)
	at org.gradle.api.internal.provider.AbstractMinimalProvider.calculateValue(AbstractMinimalProvider.java:115)
	at org.gradle.api.internal.provider.TransformBackedProvider.calculateOwnValue(TransformBackedProvider.java:82)
	at org.gradle.api.internal.provider.AbstractMinimalProvider.calculateValue(AbstractMinimalProvider.java:115)
	at org.gradle.api.internal.provider.AbstractMinimalProvider.withFinalValue(AbstractMinimalProvider.java:168)
	at org.gradle.api.internal.provider.DefaultProperty.finalValue(DefaultProperty.java:133)
	at org.gradle.api.internal.provider.DefaultProperty.finalValue(DefaultProperty.java:26)
	at org.gradle.api.internal.provider.AbstractProperty.finalizeNow(AbstractProperty.java:245)
	at org.gradle.api.internal.provider.AbstractProperty.beforeRead(AbstractProperty.java:239)
	at org.gradle.api.internal.provider.AbstractProperty.calculateOwnValue(AbstractProperty.java:135)
	at org.gradle.api.internal.provider.AbstractMinimalProvider.calculateValue(AbstractMinimalProvider.java:115)
	at org.gradle.api.internal.provider.TransformBackedProvider.calculateOwnValue(TransformBackedProvider.java:82)
	at org.gradle.api.internal.provider.AbstractMinimalProvider.calculateValue(AbstractMinimalProvider.java:115)
	at org.gradle.api.internal.provider.Collectors$ElementsFromCollectionProvider.collectEntries(Collectors.java:220)
	at org.gradle.api.internal.provider.AbstractCollectionProperty$CollectingSupplier.calculateValue(AbstractCollectionProperty.java:344)
	at org.gradle.api.internal.provider.AbstractCollectionProperty.calculateValueFrom(AbstractCollectionProperty.java:189)
	at org.gradle.api.internal.provider.AbstractCollectionProperty.calculateValueFrom(AbstractCollectionProperty.java:37)
	at org.gradle.api.internal.provider.AbstractProperty.doCalculateValue(AbstractProperty.java:142)
	at org.gradle.api.internal.provider.AbstractProperty.calculateOwnValue(AbstractProperty.java:136)
	at org.gradle.api.internal.provider.AbstractMinimalProvider.calculateOwnPresentValue(AbstractMinimalProvider.java:80)
	at org.gradle.api.internal.provider.AbstractMinimalProvider.get(AbstractMinimalProvider.java:100)
	at org.jetbrains.intellij.IntelliJPlugin$configurePrepareSandboxTasks$5$5.transform(IntelliJPlugin.kt:625)
	at org.jetbrains.intellij.IntelliJPlugin$configurePrepareSandboxTasks$5$5.transform(IntelliJPlugin.kt:624)
	at org.gradle.api.internal.provider.ValueSupplier$Present.transform(ValueSupplier.java:541)
	at org.gradle.api.internal.provider.TransformBackedProvider.mapValue(TransformBackedProvider.java:91)
	at org.gradle.api.internal.provider.TransformBackedProvider.calculateOwnValue(TransformBackedProvider.java:83)
	at org.gradle.api.internal.provider.AbstractMinimalProvider.calculateOwnPresentValue(AbstractMinimalProvider.java:80)
	at org.gradle.api.internal.provider.AbstractMinimalProvider.get(AbstractMinimalProvider.java:100)
	at org.gradle.api.internal.provider.ProviderResolutionStrategy$2.resolve(ProviderResolutionStrategy.java:33)
	at org.gradle.api.internal.file.collections.ProviderBackedFileCollection.visitDependencies(ProviderBackedFileCollection.java:57)
	at org.gradle.api.internal.tasks.CachingTaskDependencyResolveContext$TaskGraphImpl.getNodeValues(CachingTaskDependencyResolveContext.java:103)
	at org.gradle.internal.graph.CachingDirectedGraphWalker$GraphWithEmptyEdges.getNodeValues(CachingDirectedGraphWalker.java:213)
	at org.gradle.internal.graph.CachingDirectedGraphWalker.doSearch(CachingDirectedGraphWalker.java:121)
	at org.gradle.internal.graph.CachingDirectedGraphWalker.findValues(CachingDirectedGraphWalker.java:73)
	at org.gradle.api.internal.tasks.CachingTaskDependencyResolveContext.getDependencies(CachingTaskDependencyResolveContext.java:66)
	at org.gradle.execution.plan.TaskDependencyResolver.resolveDependenciesFor(TaskDependencyResolver.java:49)
	at org.gradle.execution.plan.LocalTaskNode.getDependencies(LocalTaskNode.java:148)
	at org.gradle.execution.plan.LocalTaskNode.resolveDependencies(LocalTaskNode.java:122)
	at org.gradle.execution.plan.DefaultExecutionPlan.discoverNodeRelationships(DefaultExecutionPlan.java:183)
	at org.gradle.execution.plan.DefaultExecutionPlan.doAddEntryNodes(DefaultExecutionPlan.java:155)
	at org.gradle.execution.plan.DefaultExecutionPlan.addEntryTasks(DefaultExecutionPlan.java:130)
	at org.gradle.execution.plan.DefaultExecutionPlan.addEntryTasks(DefaultExecutionPlan.java:122)
	at org.gradle.execution.TaskNameResolvingBuildTaskScheduler.scheduleRequestedTasks(TaskNameResolvingBuildTaskScheduler.java:54)
	at org.gradle.execution.DefaultTasksBuildTaskScheduler.scheduleRequestedTasks(DefaultTasksBuildTaskScheduler.java:72)
	at org.gradle.initialization.DefaultTaskExecutionPreparer.lambda$scheduleRequestedTasks$0(DefaultTaskExecutionPreparer.java:46)
	at org.gradle.internal.Factories$1.create(Factories.java:31)
	at org.gradle.internal.work.DefaultWorkerLeaseService.withReplacedLocks(DefaultWorkerLeaseService.java:360)
	at org.gradle.api.internal.project.DefaultProjectStateRegistry$DefaultBuildProjectRegistry.withMutableStateOfAllProjects(DefaultProjectStateRegistry.java:239)
	at org.gradle.api.internal.project.DefaultProjectStateRegistry$DefaultBuildProjectRegistry.withMutableStateOfAllProjects(DefaultProjectStateRegistry.java:232)
	at org.gradle.initialization.DefaultTaskExecutionPreparer.scheduleRequestedTasks(DefaultTaskExecutionPreparer.java:45)
	at org.gradle.initialization.VintageBuildModelController.lambda$scheduleRequestedTasks$0(VintageBuildModelController.java:76)
	at org.gradle.internal.model.StateTransitionController.lambda$inState$1(StateTransitionController.java:99)
	at org.gradle.internal.model.StateTransitionController.lambda$inState$2(StateTransitionController.java:114)
	at org.gradle.internal.work.DefaultSynchronizer.withLock(DefaultSynchronizer.java:44)
	at org.gradle.internal.model.StateTransitionController.inState(StateTransitionController.java:110)
	at org.gradle.internal.model.StateTransitionController.inState(StateTransitionController.java:98)
	at org.gradle.initialization.VintageBuildModelController.scheduleRequestedTasks(VintageBuildModelController.java:76)
	at org.gradle.internal.build.DefaultBuildLifecycleController$DefaultWorkGraphBuilder.addRequestedTasks(DefaultBuildLifecycleController.java:404)
	at org.gradle.internal.buildtree.DefaultBuildTreeWorkPreparer.lambda$scheduleRequestedTasks$0(DefaultBuildTreeWorkPreparer.java:41)
	at org.gradle.internal.build.DefaultBuildLifecycleController.lambda$populateWorkGraph$7(DefaultBuildLifecycleController.java:189)
	at org.gradle.internal.build.DefaultBuildWorkPreparer.populateWorkGraph(DefaultBuildWorkPreparer.java:42)
	at org.gradle.internal.build.BuildOperationFiringBuildWorkPreparer$PopulateWorkGraph.populateTaskGraph(BuildOperationFiringBuildWorkPreparer.java:106)
	at org.gradle.internal.build.BuildOperationFiringBuildWorkPreparer$PopulateWorkGraph.run(BuildOperationFiringBuildWorkPreparer.java:92)
	at org.gradle.internal.operations.DefaultBuildOperationRunner$1.execute(DefaultBuildOperationRunner.java:29)
	at org.gradle.internal.operations.DefaultBuildOperationRunner$1.execute(DefaultBuildOperationRunner.java:26)
	at org.gradle.internal.operations.DefaultBuildOperationRunner$2.execute(DefaultBuildOperationRunner.java:66)
	at org.gradle.internal.operations.DefaultBuildOperationRunner$2.execute(DefaultBuildOperationRunner.java:59)
	at org.gradle.internal.operations.DefaultBuildOperationRunner.execute(DefaultBuildOperationRunner.java:157)
	at org.gradle.internal.operations.DefaultBuildOperationRunner.execute(DefaultBuildOperationRunner.java:59)
	at org.gradle.internal.operations.DefaultBuildOperationRunner.run(DefaultBuildOperationRunner.java:47)
	at org.gradle.internal.operations.DefaultBuildOperationExecutor.run(DefaultBuildOperationExecutor.java:68)
	at org.gradle.internal.build.BuildOperationFiringBuildWorkPreparer.populateWorkGraph(BuildOperationFiringBuildWorkPreparer.java:67)
	at org.gradle.internal.build.DefaultBuildLifecycleController.lambda$populateWorkGraph$8(DefaultBuildLifecycleController.java:189)
	at org.gradle.internal.model.StateTransitionController.lambda$inState$1(StateTransitionController.java:99)
	at org.gradle.internal.model.StateTransitionController.lambda$inState$2(StateTransitionController.java:114)
	at org.gradle.internal.work.DefaultSynchronizer.withLock(DefaultSynchronizer.java:44)
	at org.gradle.internal.model.StateTransitionController.inState(StateTransitionController.java:110)
	at org.gradle.internal.model.StateTransitionController.inState(StateTransitionController.java:98)
	at org.gradle.internal.build.DefaultBuildLifecycleController.populateWorkGraph(DefaultBuildLifecycleController.java:189)
	at org.gradle.internal.build.DefaultBuildWorkGraphController$DefaultBuildWorkGraph.populateWorkGraph(DefaultBuildWorkGraphController.java:169)
	at org.gradle.composite.internal.DefaultBuildController.populateWorkGraph(DefaultBuildController.java:76)
	at org.gradle.composite.internal.DefaultIncludedBuildTaskGraph$DefaultBuildTreeWorkGraphBuilder.withWorkGraph(DefaultIncludedBuildTaskGraph.java:153)
	at org.gradle.internal.buildtree.DefaultBuildTreeWorkPreparer.lambda$scheduleRequestedTasks$1(DefaultBuildTreeWorkPreparer.java:41)
	at org.gradle.composite.internal.DefaultIncludedBuildTaskGraph$DefaultBuildTreeWorkGraph$1.run(DefaultIncludedBuildTaskGraph.java:209)
	at org.gradle.internal.operations.DefaultBuildOperationRunner$1.execute(DefaultBuildOperationRunner.java:29)
	at org.gradle.internal.operations.DefaultBuildOperationRunner$1.execute(DefaultBuildOperationRunner.java:26)
	at org.gradle.internal.operations.DefaultBuildOperationRunner$2.execute(DefaultBuildOperationRunner.java:66)
	at org.gradle.internal.operations.DefaultBuildOperationRunner$2.execute(DefaultBuildOperationRunner.java:59)
	at org.gradle.internal.operations.DefaultBuildOperationRunner.execute(DefaultBuildOperationRunner.java:157)
	at org.gradle.internal.operations.DefaultBuildOperationRunner.execute(DefaultBuildOperationRunner.java:59)
	at org.gradle.internal.operations.DefaultBuildOperationRunner.run(DefaultBuildOperationRunner.java:47)
	at org.gradle.internal.operations.DefaultBuildOperationExecutor.run(DefaultBuildOperationExecutor.java:68)
	at org.gradle.composite.internal.DefaultIncludedBuildTaskGraph$DefaultBuildTreeWorkGraph.scheduleWork(DefaultIncludedBuildTaskGraph.java:204)
	at org.gradle.internal.buildtree.DefaultBuildTreeWorkPreparer.scheduleRequestedTasks(DefaultBuildTreeWorkPreparer.java:37)
	at org.gradle.configurationcache.VintageBuildTreeWorkController$scheduleAndRunRequestedTasks$1.apply(VintageBuildTreeWorkController.kt:36)
	at org.gradle.configurationcache.VintageBuildTreeWorkController$scheduleAndRunRequestedTasks$1.apply(VintageBuildTreeWorkController.kt:35)
	at org.gradle.composite.internal.DefaultIncludedBuildTaskGraph.withNewWorkGraph(DefaultIncludedBuildTaskGraph.java:112)
	at org.gradle.configurationcache.VintageBuildTreeWorkController.scheduleAndRunRequestedTasks(VintageBuildTreeWorkController.kt:35)
	at org.gradle.internal.buildtree.DefaultBuildTreeLifecycleController.lambda$scheduleAndRunTasks$1(DefaultBuildTreeLifecycleController.java:76)
	at org.gradle.internal.buildtree.DefaultBuildTreeLifecycleController.lambda$runBuild$4(DefaultBuildTreeLifecycleController.java:119)
	at org.gradle.internal.model.StateTransitionController.lambda$transition$6(StateTransitionController.java:169)
	at org.gradle.internal.model.StateTransitionController.doTransition(StateTransitionController.java:266)
	at org.gradle.internal.model.StateTransitionController.lambda$transition$7(StateTransitionController.java:169)
	at org.gradle.internal.work.DefaultSynchronizer.withLock(DefaultSynchronizer.java:44)
	at org.gradle.internal.model.StateTransitionController.transition(StateTransitionController.java:169)
	at org.gradle.internal.buildtree.DefaultBuildTreeLifecycleController.runBuild(DefaultBuildTreeLifecycleController.java:116)
	at org.gradle.internal.buildtree.DefaultBuildTreeLifecycleController.scheduleAndRunTasks(DefaultBuildTreeLifecycleController.java:76)
	at org.gradle.internal.buildtree.DefaultBuildTreeLifecycleController.scheduleAndRunTasks(DefaultBuildTreeLifecycleController.java:71)
	at org.gradle.tooling.internal.provider.ExecuteBuildActionRunner.run(ExecuteBuildActionRunner.java:31)
	at org.gradle.launcher.exec.ChainingBuildActionRunner.run(ChainingBuildActionRunner.java:35)
	at org.gradle.internal.buildtree.ProblemReportingBuildActionRunner.run(ProblemReportingBuildActionRunner.java:49)
	at org.gradle.launcher.exec.BuildOutcomeReportingBuildActionRunner.run(BuildOutcomeReportingBuildActionRunner.java:65)
	at org.gradle.tooling.internal.provider.FileSystemWatchingBuildActionRunner.run(FileSystemWatchingBuildActionRunner.java:140)
	at org.gradle.launcher.exec.BuildCompletionNotifyingBuildActionRunner.run(BuildCompletionNotifyingBuildActionRunner.java:41)
	at org.gradle.launcher.exec.RootBuildLifecycleBuildActionExecutor.lambda$execute$0(RootBuildLifecycleBuildActionExecutor.java:40)
	at org.gradle.composite.internal.DefaultRootBuildState.run(DefaultRootBuildState.java:123)
	at org.gradle.launcher.exec.RootBuildLifecycleBuildActionExecutor.execute(RootBuildLifecycleBuildActionExecutor.java:40)
	at org.gradle.internal.buildtree.InitDeprecationLoggingActionExecutor.execute(InitDeprecationLoggingActionExecutor.java:62)
	at org.gradle.internal.buildtree.InitProblems.execute(InitProblems.java:38)
	at org.gradle.internal.buildtree.DefaultBuildTreeContext.execute(DefaultBuildTreeContext.java:40)
	at org.gradle.launcher.exec.BuildTreeLifecycleBuildActionExecutor.lambda$execute$0(BuildTreeLifecycleBuildActionExecutor.java:58)
	at org.gradle.internal.buildtree.BuildTreeState.run(BuildTreeState.java:58)
	at org.gradle.launcher.exec.BuildTreeLifecycleBuildActionExecutor.execute(BuildTreeLifecycleBuildActionExecutor.java:58)
	at org.gradle.launcher.exec.RunAsBuildOperationBuildActionExecutor$3.call(RunAsBuildOperationBuildActionExecutor.java:61)
	at org.gradle.launcher.exec.RunAsBuildOperationBuildActionExecutor$3.call(RunAsBuildOperationBuildActionExecutor.java:57)
	at org.gradle.internal.operations.DefaultBuildOperationRunner$CallableBuildOperationWorker.execute(DefaultBuildOperationRunner.java:204)
	at org.gradle.internal.operations.DefaultBuildOperationRunner$CallableBuildOperationWorker.execute(DefaultBuildOperationRunner.java:199)
	at org.gradle.internal.operations.DefaultBuildOperationRunner$2.execute(DefaultBuildOperationRunner.java:66)
	at org.gradle.internal.operations.DefaultBuildOperationRunner$2.execute(DefaultBuildOperationRunner.java:59)
	at org.gradle.internal.operations.DefaultBuildOperationRunner.execute(DefaultBuildOperationRunner.java:157)
	at org.gradle.internal.operations.DefaultBuildOperationRunner.execute(DefaultBuildOperationRunner.java:59)
	at org.gradle.internal.operations.DefaultBuildOperationRunner.call(DefaultBuildOperationRunner.java:53)
	at org.gradle.internal.operations.DefaultBuildOperationExecutor.call(DefaultBuildOperationExecutor.java:73)
	at org.gradle.launcher.exec.RunAsBuildOperationBuildActionExecutor.execute(RunAsBuildOperationBuildActionExecutor.java:57)
	at org.gradle.launcher.exec.RunAsWorkerThreadBuildActionExecutor.lambda$execute$0(RunAsWorkerThreadBuildActionExecutor.java:36)
	at org.gradle.internal.work.DefaultWorkerLeaseService.withLocks(DefaultWorkerLeaseService.java:264)
	at org.gradle.internal.work.DefaultWorkerLeaseService.runAsWorkerThread(DefaultWorkerLeaseService.java:128)
	at org.gradle.launcher.exec.RunAsWorkerThreadBuildActionExecutor.execute(RunAsWorkerThreadBuildActionExecutor.java:36)
	at org.gradle.tooling.internal.provider.continuous.ContinuousBuildActionExecutor.execute(ContinuousBuildActionExecutor.java:110)
	at org.gradle.tooling.internal.provider.SubscribableBuildActionExecutor.execute(SubscribableBuildActionExecutor.java:64)
	at org.gradle.internal.session.DefaultBuildSessionContext.execute(DefaultBuildSessionContext.java:46)
	at org.gradle.tooling.internal.provider.BuildSessionLifecycleBuildActionExecuter$ActionImpl.apply(BuildSessionLifecycleBuildActionExecuter.java:92)
	at org.gradle.tooling.internal.provider.BuildSessionLifecycleBuildActionExecuter$ActionImpl.apply(BuildSessionLifecycleBuildActionExecuter.java:80)
	at org.gradle.internal.session.BuildSessionState.run(BuildSessionState.java:69)
	at org.gradle.tooling.internal.provider.BuildSessionLifecycleBuildActionExecuter.execute(BuildSessionLifecycleBuildActionExecuter.java:62)
	at org.gradle.tooling.internal.provider.BuildSessionLifecycleBuildActionExecuter.execute(BuildSessionLifecycleBuildActionExecuter.java:41)
	at org.gradle.tooling.internal.provider.StartParamsValidatingActionExecuter.execute(StartParamsValidatingActionExecuter.java:64)
	at org.gradle.tooling.internal.provider.StartParamsValidatingActionExecuter.execute(StartParamsValidatingActionExecuter.java:32)
	at org.gradle.tooling.internal.provider.SessionFailureReportingActionExecuter.execute(SessionFailureReportingActionExecuter.java:51)
	at org.gradle.tooling.internal.provider.SessionFailureReportingActionExecuter.execute(SessionFailureReportingActionExecuter.java:39)
	at org.gradle.tooling.internal.provider.SetupLoggingActionExecuter.execute(SetupLoggingActionExecuter.java:47)
	at org.gradle.tooling.internal.provider.SetupLoggingActionExecuter.execute(SetupLoggingActionExecuter.java:31)
	at org.gradle.launcher.daemon.server.exec.ExecuteBuild.doBuild(ExecuteBuild.java:65)
	at org.gradle.launcher.daemon.server.exec.BuildCommandOnly.execute(BuildCommandOnly.java:37)
	at org.gradle.launcher.daemon.server.api.DaemonCommandExecution.proceed(DaemonCommandExecution.java:104)
	at org.gradle.launcher.daemon.server.exec.WatchForDisconnection.execute(WatchForDisconnection.java:39)
	at org.gradle.launcher.daemon.server.api.DaemonCommandExecution.proceed(DaemonCommandExecution.java:104)
	at org.gradle.launcher.daemon.server.exec.ResetDeprecationLogger.execute(ResetDeprecationLogger.java:29)
	at org.gradle.launcher.daemon.server.api.DaemonCommandExecution.proceed(DaemonCommandExecution.java:104)
	at org.gradle.launcher.daemon.server.exec.RequestStopIfSingleUsedDaemon.execute(RequestStopIfSingleUsedDaemon.java:35)
	at org.gradle.launcher.daemon.server.api.DaemonCommandExecution.proceed(DaemonCommandExecution.java:104)
	at org.gradle.launcher.daemon.server.exec.ForwardClientInput$2.create(ForwardClientInput.java:78)
	at org.gradle.launcher.daemon.server.exec.ForwardClientInput$2.create(ForwardClientInput.java:75)
	at org.gradle.util.internal.Swapper.swap(Swapper.java:38)
	at org.gradle.launcher.daemon.server.exec.ForwardClientInput.execute(ForwardClientInput.java:75)
	at org.gradle.launcher.daemon.server.api.DaemonCommandExecution.proceed(DaemonCommandExecution.java:104)
	at org.gradle.launcher.daemon.server.exec.LogAndCheckHealth.execute(LogAndCheckHealth.java:64)
	at org.gradle.launcher.daemon.server.api.DaemonCommandExecution.proceed(DaemonCommandExecution.java:104)
	at org.gradle.launcher.daemon.server.exec.LogToClient.doBuild(LogToClient.java:63)
	at org.gradle.launcher.daemon.server.exec.BuildCommandOnly.execute(BuildCommandOnly.java:37)
	at org.gradle.launcher.daemon.server.api.DaemonCommandExecution.proceed(DaemonCommandExecution.java:104)
	at org.gradle.launcher.daemon.server.exec.EstablishBuildEnvironment.doBuild(EstablishBuildEnvironment.java:84)
	at org.gradle.launcher.daemon.server.exec.BuildCommandOnly.execute(BuildCommandOnly.java:37)
	at org.gradle.launcher.daemon.server.api.DaemonCommandExecution.proceed(DaemonCommandExecution.java:104)
	at org.gradle.launcher.daemon.server.exec.StartBuildOrRespondWithBusy$1.run(StartBuildOrRespondWithBusy.java:52)
	at org.gradle.launcher.daemon.server.DaemonStateCoordinator$1.run(DaemonStateCoordinator.java:297)
	at org.gradle.internal.concurrent.ExecutorPolicy$CatchAndRecordFailures.onExecute(ExecutorPolicy.java:64)
	at org.gradle.internal.concurrent.AbstractManagedExecutor$1.run(AbstractManagedExecutor.java:47)
	at java.base/java.util.concurrent.ThreadPoolExecutor.runWorker(ThreadPoolExecutor.java:1136)
	at java.base/java.util.concurrent.ThreadPoolExecutor$Worker.run(ThreadPoolExecutor.java:635)
	at java.base/java.lang.Thread.run(Thread.java:840)
[gradle-intellij-plugin :] Cannot create plugin from file '/opt/android-studio/plugins/configurationScript': Invalid plugin descriptor 'plugin.xml'. Unable to read the plugin descriptor: No enum constant com.jetbrains.plugin.structure.intellij.plugin.IdePluginContentDescriptor.ServiceType.APPLİCATİON.
Unable to read descriptor [plugin.xml] from [/opt/android-studio/plugins/copyright/lib/copyright.jar]
java.lang.IllegalArgumentException: No enum constant com.jetbrains.plugin.structure.intellij.plugin.IdePluginContentDescriptor.ServiceType.APPLİCATİON
	at java.base/java.lang.Enum.valueOf(Enum.java:273)
	at com.jetbrains.plugin.structure.intellij.plugin.IdePluginContentDescriptor$ServiceType.valueOf(IdePluginContents.kt)
	at com.jetbrains.plugin.structure.intellij.plugin.PluginCreator.readServiceDescriptor(PluginCreator.kt:406)
	at com.jetbrains.plugin.structure.intellij.plugin.PluginCreator.readExtensions(PluginCreator.kt:341)
	at com.jetbrains.plugin.structure.intellij.plugin.PluginCreator.setInfoFromBean(PluginCreator.kt:320)
	at com.jetbrains.plugin.structure.intellij.plugin.PluginCreator.resolveDocumentAndValidateBean(PluginCreator.kt:664)
	at com.jetbrains.plugin.structure.intellij.plugin.PluginCreator.access$resolveDocumentAndValidateBean(PluginCreator.kt:31)
	at com.jetbrains.plugin.structure.intellij.plugin.PluginCreator$Companion.createPlugin(PluginCreator.kt:109)
	at com.jetbrains.plugin.structure.intellij.plugin.IdePluginManager.loadPluginInfoFromJarFile(IdePluginManager.kt:62)
	at com.jetbrains.plugin.structure.intellij.plugin.IdePluginManager.loadPluginInfoFromLibDirectory(IdePluginManager.kt:165)
	at com.jetbrains.plugin.structure.intellij.plugin.IdePluginManager.loadPluginInfoFromDirectory(IdePluginManager.kt:97)
	at com.jetbrains.plugin.structure.intellij.plugin.IdePluginManager.loadPluginInfoFromJarOrDirectory(IdePluginManager.kt:206)
	at com.jetbrains.plugin.structure.intellij.plugin.IdePluginManager.getPluginCreatorWithResult(IdePluginManager.kt:347)
	at com.jetbrains.plugin.structure.intellij.plugin.IdePluginManager.createPlugin(IdePluginManager.kt:314)
	at com.jetbrains.plugin.structure.intellij.plugin.IdePluginManager.createPlugin$default(IdePluginManager.kt:312)
	at org.jetbrains.intellij.Utils.createPlugin(utils.kt:222)
	at org.jetbrains.intellij.dependency.BuiltinPluginsRegistry.add(BuiltinPluginsRegistry.kt:89)
	at org.jetbrains.intellij.dependency.BuiltinPluginsRegistry.fillFromDirectory(BuiltinPluginsRegistry.kt:47)
	at org.jetbrains.intellij.dependency.BuiltinPluginsRegistry.access$fillFromDirectory(BuiltinPluginsRegistry.kt:21)
	at org.jetbrains.intellij.dependency.BuiltinPluginsRegistry$Companion.fromDirectory(BuiltinPluginsRegistry.kt:127)
	at org.jetbrains.intellij.dependency.IdeaDependencyManager.createDependency(IdeaDependencyManager.kt:92)
	at org.jetbrains.intellij.dependency.IdeaDependencyManager.resolveLocal(IdeaDependencyManager.kt:430)
	at org.jetbrains.intellij.IntelliJPlugin$prepareIdeaDependencyProvider$1.call(IntelliJPlugin.kt:299)
	at org.jetbrains.intellij.IntelliJPlugin$prepareIdeaDependencyProvider$1.call(IntelliJPlugin.kt:266)
	at org.gradle.api.internal.provider.DefaultProvider.calculateOwnValue(DefaultProvider.java:72)
	at org.gradle.api.internal.provider.AbstractMinimalProvider.calculateValue(AbstractMinimalProvider.java:115)
	at org.gradle.api.internal.provider.TransformBackedProvider.calculateOwnValue(TransformBackedProvider.java:82)
	at org.gradle.api.internal.provider.AbstractMinimalProvider.calculateValue(AbstractMinimalProvider.java:115)
	at org.gradle.api.internal.provider.AbstractMinimalProvider.withFinalValue(AbstractMinimalProvider.java:168)
	at org.gradle.api.internal.provider.DefaultProperty.finalValue(DefaultProperty.java:133)
	at org.gradle.api.internal.provider.DefaultProperty.finalValue(DefaultProperty.java:26)
	at org.gradle.api.internal.provider.AbstractProperty.finalizeNow(AbstractProperty.java:245)
	at org.gradle.api.internal.provider.AbstractProperty.beforeRead(AbstractProperty.java:239)
	at org.gradle.api.internal.provider.AbstractProperty.calculateOwnValue(AbstractProperty.java:135)
	at org.gradle.api.internal.provider.AbstractMinimalProvider.calculateValue(AbstractMinimalProvider.java:115)
	at org.gradle.api.internal.provider.TransformBackedProvider.calculateOwnValue(TransformBackedProvider.java:82)
	at org.gradle.api.internal.provider.AbstractMinimalProvider.calculateValue(AbstractMinimalProvider.java:115)
	at org.gradle.api.internal.provider.Collectors$ElementsFromCollectionProvider.collectEntries(Collectors.java:220)
	at org.gradle.api.internal.provider.AbstractCollectionProperty$CollectingSupplier.calculateValue(AbstractCollectionProperty.java:344)
	at org.gradle.api.internal.provider.AbstractCollectionProperty.calculateValueFrom(AbstractCollectionProperty.java:189)
	at org.gradle.api.internal.provider.AbstractCollectionProperty.calculateValueFrom(AbstractCollectionProperty.java:37)
	at org.gradle.api.internal.provider.AbstractProperty.doCalculateValue(AbstractProperty.java:142)
	at org.gradle.api.internal.provider.AbstractProperty.calculateOwnValue(AbstractProperty.java:136)
	at org.gradle.api.internal.provider.AbstractMinimalProvider.calculateOwnPresentValue(AbstractMinimalProvider.java:80)
	at org.gradle.api.internal.provider.AbstractMinimalProvider.get(AbstractMinimalProvider.java:100)
	at org.jetbrains.intellij.IntelliJPlugin$configurePrepareSandboxTasks$5$5.transform(IntelliJPlugin.kt:625)
	at org.jetbrains.intellij.IntelliJPlugin$configurePrepareSandboxTasks$5$5.transform(IntelliJPlugin.kt:624)
	at org.gradle.api.internal.provider.ValueSupplier$Present.transform(ValueSupplier.java:541)
	at org.gradle.api.internal.provider.TransformBackedProvider.mapValue(TransformBackedProvider.java:91)
	at org.gradle.api.internal.provider.TransformBackedProvider.calculateOwnValue(TransformBackedProvider.java:83)
	at org.gradle.api.internal.provider.AbstractMinimalProvider.calculateOwnPresentValue(AbstractMinimalProvider.java:80)
	at org.gradle.api.internal.provider.AbstractMinimalProvider.get(AbstractMinimalProvider.java:100)
	at org.gradle.api.internal.provider.ProviderResolutionStrategy$2.resolve(ProviderResolutionStrategy.java:33)
	at org.gradle.api.internal.file.collections.ProviderBackedFileCollection.visitDependencies(ProviderBackedFileCollection.java:57)
	at org.gradle.api.internal.tasks.CachingTaskDependencyResolveContext$TaskGraphImpl.getNodeValues(CachingTaskDependencyResolveContext.java:103)
	at org.gradle.internal.graph.CachingDirectedGraphWalker$GraphWithEmptyEdges.getNodeValues(CachingDirectedGraphWalker.java:213)
	at org.gradle.internal.graph.CachingDirectedGraphWalker.doSearch(CachingDirectedGraphWalker.java:121)
	at org.gradle.internal.graph.CachingDirectedGraphWalker.findValues(CachingDirectedGraphWalker.java:73)
	at org.gradle.api.internal.tasks.CachingTaskDependencyResolveContext.getDependencies(CachingTaskDependencyResolveContext.java:66)
	at org.gradle.execution.plan.TaskDependencyResolver.resolveDependenciesFor(TaskDependencyResolver.java:49)
	at org.gradle.execution.plan.LocalTaskNode.getDependencies(LocalTaskNode.java:148)
	at org.gradle.execution.plan.LocalTaskNode.resolveDependencies(LocalTaskNode.java:122)
	at org.gradle.execution.plan.DefaultExecutionPlan.discoverNodeRelationships(DefaultExecutionPlan.java:183)
	at org.gradle.execution.plan.DefaultExecutionPlan.doAddEntryNodes(DefaultExecutionPlan.java:155)
	at org.gradle.execution.plan.DefaultExecutionPlan.addEntryTasks(DefaultExecutionPlan.java:130)
	at org.gradle.execution.plan.DefaultExecutionPlan.addEntryTasks(DefaultExecutionPlan.java:122)
	at org.gradle.execution.TaskNameResolvingBuildTaskScheduler.scheduleRequestedTasks(TaskNameResolvingBuildTaskScheduler.java:54)
	at org.gradle.execution.DefaultTasksBuildTaskScheduler.scheduleRequestedTasks(DefaultTasksBuildTaskScheduler.java:72)
	at org.gradle.initialization.DefaultTaskExecutionPreparer.lambda$scheduleRequestedTasks$0(DefaultTaskExecutionPreparer.java:46)
	at org.gradle.internal.Factories$1.create(Factories.java:31)
	at org.gradle.internal.work.DefaultWorkerLeaseService.withReplacedLocks(DefaultWorkerLeaseService.java:360)
	at org.gradle.api.internal.project.DefaultProjectStateRegistry$DefaultBuildProjectRegistry.withMutableStateOfAllProjects(DefaultProjectStateRegistry.java:239)
	at org.gradle.api.internal.project.DefaultProjectStateRegistry$DefaultBuildProjectRegistry.withMutableStateOfAllProjects(DefaultProjectStateRegistry.java:232)
	at org.gradle.initialization.DefaultTaskExecutionPreparer.scheduleRequestedTasks(DefaultTaskExecutionPreparer.java:45)
	at org.gradle.initialization.VintageBuildModelController.lambda$scheduleRequestedTasks$0(VintageBuildModelController.java:76)
	at org.gradle.internal.model.StateTransitionController.lambda$inState$1(StateTransitionController.java:99)
	at org.gradle.internal.model.StateTransitionController.lambda$inState$2(StateTransitionController.java:114)
	at org.gradle.internal.work.DefaultSynchronizer.withLock(DefaultSynchronizer.java:44)
	at org.gradle.internal.model.StateTransitionController.inState(StateTransitionController.java:110)
	at org.gradle.internal.model.StateTransitionController.inState(StateTransitionController.java:98)
	at org.gradle.initialization.VintageBuildModelController.scheduleRequestedTasks(VintageBuildModelController.java:76)
	at org.gradle.internal.build.DefaultBuildLifecycleController$DefaultWorkGraphBuilder.addRequestedTasks(DefaultBuildLifecycleController.java:404)
	at org.gradle.internal.buildtree.DefaultBuildTreeWorkPreparer.lambda$scheduleRequestedTasks$0(DefaultBuildTreeWorkPreparer.java:41)
	at org.gradle.internal.build.DefaultBuildLifecycleController.lambda$populateWorkGraph$7(DefaultBuildLifecycleController.java:189)
	at org.gradle.internal.build.DefaultBuildWorkPreparer.populateWorkGraph(DefaultBuildWorkPreparer.java:42)
	at org.gradle.internal.build.BuildOperationFiringBuildWorkPreparer$PopulateWorkGraph.populateTaskGraph(BuildOperationFiringBuildWorkPreparer.java:106)
	at org.gradle.internal.build.BuildOperationFiringBuildWorkPreparer$PopulateWorkGraph.run(BuildOperationFiringBuildWorkPreparer.java:92)
	at org.gradle.internal.operations.DefaultBuildOperationRunner$1.execute(DefaultBuildOperationRunner.java:29)
	at org.gradle.internal.operations.DefaultBuildOperationRunner$1.execute(DefaultBuildOperationRunner.java:26)
	at org.gradle.internal.operations.DefaultBuildOperationRunner$2.execute(DefaultBuildOperationRunner.java:66)
	at org.gradle.internal.operations.DefaultBuildOperationRunner$2.execute(DefaultBuildOperationRunner.java:59)
	at org.gradle.internal.operations.DefaultBuildOperationRunner.execute(DefaultBuildOperationRunner.java:157)
	at org.gradle.internal.operations.DefaultBuildOperationRunner.execute(DefaultBuildOperationRunner.java:59)
	at org.gradle.internal.operations.DefaultBuildOperationRunner.run(DefaultBuildOperationRunner.java:47)
	at org.gradle.internal.operations.DefaultBuildOperationExecutor.run(DefaultBuildOperationExecutor.java:68)
	at org.gradle.internal.build.BuildOperationFiringBuildWorkPreparer.populateWorkGraph(BuildOperationFiringBuildWorkPreparer.java:67)
	at org.gradle.internal.build.DefaultBuildLifecycleController.lambda$populateWorkGraph$8(DefaultBuildLifecycleController.java:189)
	at org.gradle.internal.model.StateTransitionController.lambda$inState$1(StateTransitionController.java:99)
	at org.gradle.internal.model.StateTransitionController.lambda$inState$2(StateTransitionController.java:114)
	at org.gradle.internal.work.DefaultSynchronizer.withLock(DefaultSynchronizer.java:44)
	at org.gradle.internal.model.StateTransitionController.inState(StateTransitionController.java:110)
	at org.gradle.internal.model.StateTransitionController.inState(StateTransitionController.java:98)
	at org.gradle.internal.build.DefaultBuildLifecycleController.populateWorkGraph(DefaultBuildLifecycleController.java:189)
	at org.gradle.internal.build.DefaultBuildWorkGraphController$DefaultBuildWorkGraph.populateWorkGraph(DefaultBuildWorkGraphController.java:169)
	at org.gradle.composite.internal.DefaultBuildController.populateWorkGraph(DefaultBuildController.java:76)
	at org.gradle.composite.internal.DefaultIncludedBuildTaskGraph$DefaultBuildTreeWorkGraphBuilder.withWorkGraph(DefaultIncludedBuildTaskGraph.java:153)
	at org.gradle.internal.buildtree.DefaultBuildTreeWorkPreparer.lambda$scheduleRequestedTasks$1(DefaultBuildTreeWorkPreparer.java:41)
	at org.gradle.composite.internal.DefaultIncludedBuildTaskGraph$DefaultBuildTreeWorkGraph$1.run(DefaultIncludedBuildTaskGraph.java:209)
	at org.gradle.internal.operations.DefaultBuildOperationRunner$1.execute(DefaultBuildOperationRunner.java:29)
	at org.gradle.internal.operations.DefaultBuildOperationRunner$1.execute(DefaultBuildOperationRunner.java:26)
	at org.gradle.internal.operations.DefaultBuildOperationRunner$2.execute(DefaultBuildOperationRunner.java:66)
	at org.gradle.internal.operations.DefaultBuildOperationRunner$2.execute(DefaultBuildOperationRunner.java:59)
	at org.gradle.internal.operations.DefaultBuildOperationRunner.execute(DefaultBuildOperationRunner.java:157)
	at org.gradle.internal.operations.DefaultBuildOperationRunner.execute(DefaultBuildOperationRunner.java:59)
	at org.gradle.internal.operations.DefaultBuildOperationRunner.run(DefaultBuildOperationRunner.java:47)
	at org.gradle.internal.operations.DefaultBuildOperationExecutor.run(DefaultBuildOperationExecutor.java:68)
	at org.gradle.composite.internal.DefaultIncludedBuildTaskGraph$DefaultBuildTreeWorkGraph.scheduleWork(DefaultIncludedBuildTaskGraph.java:204)
	at org.gradle.internal.buildtree.DefaultBuildTreeWorkPreparer.scheduleRequestedTasks(DefaultBuildTreeWorkPreparer.java:37)
	at org.gradle.configurationcache.VintageBuildTreeWorkController$scheduleAndRunRequestedTasks$1.apply(VintageBuildTreeWorkController.kt:36)
	at org.gradle.configurationcache.VintageBuildTreeWorkController$scheduleAndRunRequestedTasks$1.apply(VintageBuildTreeWorkController.kt:35)
	at org.gradle.composite.internal.DefaultIncludedBuildTaskGraph.withNewWorkGraph(DefaultIncludedBuildTaskGraph.java:112)
	at org.gradle.configurationcache.VintageBuildTreeWorkController.scheduleAndRunRequestedTasks(VintageBuildTreeWorkController.kt:35)
	at org.gradle.internal.buildtree.DefaultBuildTreeLifecycleController.lambda$scheduleAndRunTasks$1(DefaultBuildTreeLifecycleController.java:76)
	at org.gradle.internal.buildtree.DefaultBuildTreeLifecycleController.lambda$runBuild$4(DefaultBuildTreeLifecycleController.java:119)
	at org.gradle.internal.model.StateTransitionController.lambda$transition$6(StateTransitionController.java:169)
	at org.gradle.internal.model.StateTransitionController.doTransition(StateTransitionController.java:266)
	at org.gradle.internal.model.StateTransitionController.lambda$transition$7(StateTransitionController.java:169)
	at org.gradle.internal.work.DefaultSynchronizer.withLock(DefaultSynchronizer.java:44)
	at org.gradle.internal.model.StateTransitionController.transition(StateTransitionController.java:169)
	at org.gradle.internal.buildtree.DefaultBuildTreeLifecycleController.runBuild(DefaultBuildTreeLifecycleController.java:116)
	at org.gradle.internal.buildtree.DefaultBuildTreeLifecycleController.scheduleAndRunTasks(DefaultBuildTreeLifecycleController.java:76)
	at org.gradle.internal.buildtree.DefaultBuildTreeLifecycleController.scheduleAndRunTasks(DefaultBuildTreeLifecycleController.java:71)
	at org.gradle.tooling.internal.provider.ExecuteBuildActionRunner.run(ExecuteBuildActionRunner.java:31)
	at org.gradle.launcher.exec.ChainingBuildActionRunner.run(ChainingBuildActionRunner.java:35)
	at org.gradle.internal.buildtree.ProblemReportingBuildActionRunner.run(ProblemReportingBuildActionRunner.java:49)
	at org.gradle.launcher.exec.BuildOutcomeReportingBuildActionRunner.run(BuildOutcomeReportingBuildActionRunner.java:65)
	at org.gradle.tooling.internal.provider.FileSystemWatchingBuildActionRunner.run(FileSystemWatchingBuildActionRunner.java:140)
	at org.gradle.launcher.exec.BuildCompletionNotifyingBuildActionRunner.run(BuildCompletionNotifyingBuildActionRunner.java:41)
	at org.gradle.launcher.exec.RootBuildLifecycleBuildActionExecutor.lambda$execute$0(RootBuildLifecycleBuildActionExecutor.java:40)
	at org.gradle.composite.internal.DefaultRootBuildState.run(DefaultRootBuildState.java:123)
	at org.gradle.launcher.exec.RootBuildLifecycleBuildActionExecutor.execute(RootBuildLifecycleBuildActionExecutor.java:40)
	at org.gradle.internal.buildtree.InitDeprecationLoggingActionExecutor.execute(InitDeprecationLoggingActionExecutor.java:62)
	at org.gradle.internal.buildtree.InitProblems.execute(InitProblems.java:38)
	at org.gradle.internal.buildtree.DefaultBuildTreeContext.execute(DefaultBuildTreeContext.java:40)
	at org.gradle.launcher.exec.BuildTreeLifecycleBuildActionExecutor.lambda$execute$0(BuildTreeLifecycleBuildActionExecutor.java:58)
	at org.gradle.internal.buildtree.BuildTreeState.run(BuildTreeState.java:58)
	at org.gradle.launcher.exec.BuildTreeLifecycleBuildActionExecutor.execute(BuildTreeLifecycleBuildActionExecutor.java:58)
	at org.gradle.launcher.exec.RunAsBuildOperationBuildActionExecutor$3.call(RunAsBuildOperationBuildActionExecutor.java:61)
	at org.gradle.launcher.exec.RunAsBuildOperationBuildActionExecutor$3.call(RunAsBuildOperationBuildActionExecutor.java:57)
	at org.gradle.internal.operations.DefaultBuildOperationRunner$CallableBuildOperationWorker.execute(DefaultBuildOperationRunner.java:204)
	at org.gradle.internal.operations.DefaultBuildOperationRunner$CallableBuildOperationWorker.execute(DefaultBuildOperationRunner.java:199)
	at org.gradle.internal.operations.DefaultBuildOperationRunner$2.execute(DefaultBuildOperationRunner.java:66)
	at org.gradle.internal.operations.DefaultBuildOperationRunner$2.execute(DefaultBuildOperationRunner.java:59)
	at org.gradle.internal.operations.DefaultBuildOperationRunner.execute(DefaultBuildOperationRunner.java:157)
	at org.gradle.internal.operations.DefaultBuildOperationRunner.execute(DefaultBuildOperationRunner.java:59)
	at org.gradle.internal.operations.DefaultBuildOperationRunner.call(DefaultBuildOperationRunner.java:53)
	at org.gradle.internal.operations.DefaultBuildOperationExecutor.call(DefaultBuildOperationExecutor.java:73)
	at org.gradle.launcher.exec.RunAsBuildOperationBuildActionExecutor.execute(RunAsBuildOperationBuildActionExecutor.java:57)
	at org.gradle.launcher.exec.RunAsWorkerThreadBuildActionExecutor.lambda$execute$0(RunAsWorkerThreadBuildActionExecutor.java:36)
	at org.gradle.internal.work.DefaultWorkerLeaseService.withLocks(DefaultWorkerLeaseService.java:264)
	at org.gradle.internal.work.DefaultWorkerLeaseService.runAsWorkerThread(DefaultWorkerLeaseService.java:128)
	at org.gradle.launcher.exec.RunAsWorkerThreadBuildActionExecutor.execute(RunAsWorkerThreadBuildActionExecutor.java:36)
	at org.gradle.tooling.internal.provider.continuous.ContinuousBuildActionExecutor.execute(ContinuousBuildActionExecutor.java:110)
	at org.gradle.tooling.internal.provider.SubscribableBuildActionExecutor.execute(SubscribableBuildActionExecutor.java:64)
	at org.gradle.internal.session.DefaultBuildSessionContext.execute(DefaultBuildSessionContext.java:46)
	at org.gradle.tooling.internal.provider.BuildSessionLifecycleBuildActionExecuter$ActionImpl.apply(BuildSessionLifecycleBuildActionExecuter.java:92)
	at org.gradle.tooling.internal.provider.BuildSessionLifecycleBuildActionExecuter$ActionImpl.apply(BuildSessionLifecycleBuildActionExecuter.java:80)
	at org.gradle.internal.session.BuildSessionState.run(BuildSessionState.java:69)
	at org.gradle.tooling.internal.provider.BuildSessionLifecycleBuildActionExecuter.execute(BuildSessionLifecycleBuildActionExecuter.java:62)
	at org.gradle.tooling.internal.provider.BuildSessionLifecycleBuildActionExecuter.execute(BuildSessionLifecycleBuildActionExecuter.java:41)
	at org.gradle.tooling.internal.provider.StartParamsValidatingActionExecuter.execute(StartParamsValidatingActionExecuter.java:64)
	at org.gradle.tooling.internal.provider.StartParamsValidatingActionExecuter.execute(StartParamsValidatingActionExecuter.java:32)
	at org.gradle.tooling.internal.provider.SessionFailureReportingActionExecuter.execute(SessionFailureReportingActionExecuter.java:51)
	at org.gradle.tooling.internal.provider.SessionFailureReportingActionExecuter.execute(SessionFailureReportingActionExecuter.java:39)
	at org.gradle.tooling.internal.provider.SetupLoggingActionExecuter.execute(SetupLoggingActionExecuter.java:47)
	at org.gradle.tooling.internal.provider.SetupLoggingActionExecuter.execute(SetupLoggingActionExecuter.java:31)
	at org.gradle.launcher.daemon.server.exec.ExecuteBuild.doBuild(ExecuteBuild.java:65)
	at org.gradle.launcher.daemon.server.exec.BuildCommandOnly.execute(BuildCommandOnly.java:37)
	at org.gradle.launcher.daemon.server.api.DaemonCommandExecution.proceed(DaemonCommandExecution.java:104)
	at org.gradle.launcher.daemon.server.exec.WatchForDisconnection.execute(WatchForDisconnection.java:39)
	at org.gradle.launcher.daemon.server.api.DaemonCommandExecution.proceed(DaemonCommandExecution.java:104)
	at org.gradle.launcher.daemon.server.exec.ResetDeprecationLogger.execute(ResetDeprecationLogger.java:29)
	at org.gradle.launcher.daemon.server.api.DaemonCommandExecution.proceed(DaemonCommandExecution.java:104)
	at org.gradle.launcher.daemon.server.exec.RequestStopIfSingleUsedDaemon.execute(RequestStopIfSingleUsedDaemon.java:35)
	at org.gradle.launcher.daemon.server.api.DaemonCommandExecution.proceed(DaemonCommandExecution.java:104)
	at org.gradle.launcher.daemon.server.exec.ForwardClientInput$2.create(ForwardClientInput.java:78)
	at org.gradle.launcher.daemon.server.exec.ForwardClientInput$2.create(ForwardClientInput.java:75)
	at org.gradle.util.internal.Swapper.swap(Swapper.java:38)
	at org.gradle.launcher.daemon.server.exec.ForwardClientInput.execute(ForwardClientInput.java:75)
	at org.gradle.launcher.daemon.server.api.DaemonCommandExecution.proceed(DaemonCommandExecution.java:104)
	at org.gradle.launcher.daemon.server.exec.LogAndCheckHealth.execute(LogAndCheckHealth.java:64)
	at org.gradle.launcher.daemon.server.api.DaemonCommandExecution.proceed(DaemonCommandExecution.java:104)
	at org.gradle.launcher.daemon.server.exec.LogToClient.doBuild(LogToClient.java:63)
	at org.gradle.launcher.daemon.server.exec.BuildCommandOnly.execute(BuildCommandOnly.java:37)
	at org.gradle.launcher.daemon.server.api.DaemonCommandExecution.proceed(DaemonCommandExecution.java:104)
	at org.gradle.launcher.daemon.server.exec.EstablishBuildEnvironment.doBuild(EstablishBuildEnvironment.java:84)
	at org.gradle.launcher.daemon.server.exec.BuildCommandOnly.execute(BuildCommandOnly.java:37)
	at org.gradle.launcher.daemon.server.api.DaemonCommandExecution.proceed(DaemonCommandExecution.java:104)
	at org.gradle.launcher.daemon.server.exec.StartBuildOrRespondWithBusy$1.run(StartBuildOrRespondWithBusy.java:52)
	at org.gradle.launcher.daemon.server.DaemonStateCoordinator$1.run(DaemonStateCoordinator.java:297)
	at org.gradle.internal.concurrent.ExecutorPolicy$CatchAndRecordFailures.onExecute(ExecutorPolicy.java:64)
	at org.gradle.internal.concurrent.AbstractManagedExecutor$1.run(AbstractManagedExecutor.java:47)
	at java.base/java.util.concurrent.ThreadPoolExecutor.runWorker(ThreadPoolExecutor.java:1136)
	at java.base/java.util.concurrent.ThreadPoolExecutor$Worker.run(ThreadPoolExecutor.java:635)
	at java.base/java.lang.Thread.run(Thread.java:840)
[gradle-intellij-plugin :] Cannot create plugin from file '/opt/android-studio/plugins/copyright': Invalid plugin descriptor 'plugin.xml'. Unable to read the plugin descriptor: No enum constant com.jetbrains.plugin.structure.intellij.plugin.IdePluginContentDescriptor.ServiceType.APPLİCATİON.
Unable to read descriptor [../intellij.devkit.core.xml] from [/opt/android-studio/plugins/devkit/lib/devkit.jar]
java.lang.IllegalArgumentException: No enum constant com.jetbrains.plugin.structure.intellij.plugin.IdePluginContentDescriptor.ServiceType.APPLİCATİON
	at java.base/java.lang.Enum.valueOf(Enum.java:273)
	at com.jetbrains.plugin.structure.intellij.plugin.IdePluginContentDescriptor$ServiceType.valueOf(IdePluginContents.kt)
	at com.jetbrains.plugin.structure.intellij.plugin.PluginCreator.readServiceDescriptor(PluginCreator.kt:406)
	at com.jetbrains.plugin.structure.intellij.plugin.PluginCreator.readExtensions(PluginCreator.kt:341)
	at com.jetbrains.plugin.structure.intellij.plugin.PluginCreator.setInfoFromBean(PluginCreator.kt:320)
	at com.jetbrains.plugin.structure.intellij.plugin.PluginCreator.resolveDocumentAndValidateBean(PluginCreator.kt:664)
	at com.jetbrains.plugin.structure.intellij.plugin.PluginCreator.access$resolveDocumentAndValidateBean(PluginCreator.kt:31)
	at com.jetbrains.plugin.structure.intellij.plugin.PluginCreator$Companion.createPlugin(PluginCreator.kt:109)
	at com.jetbrains.plugin.structure.intellij.plugin.IdePluginManager.loadPluginInfoFromJarFile(IdePluginManager.kt:62)
	at com.jetbrains.plugin.structure.intellij.plugin.IdePluginManager.loadPluginInfoFromLibDirectory(IdePluginManager.kt:165)
	at com.jetbrains.plugin.structure.intellij.plugin.IdePluginManager.loadPluginInfoFromDirectory(IdePluginManager.kt:97)
	at com.jetbrains.plugin.structure.intellij.plugin.IdePluginManager.loadPluginInfoFromJarOrDirectory(IdePluginManager.kt:206)
	at com.jetbrains.plugin.structure.intellij.plugin.IdePluginManager.resolveContentModules(IdePluginManager.kt:238)
	at com.jetbrains.plugin.structure.intellij.plugin.IdePluginManager.getPluginCreatorWithResult(IdePluginManager.kt:349)
	at com.jetbrains.plugin.structure.intellij.plugin.IdePluginManager.createPlugin(IdePluginManager.kt:314)
	at com.jetbrains.plugin.structure.intellij.plugin.IdePluginManager.createPlugin$default(IdePluginManager.kt:312)
	at org.jetbrains.intellij.Utils.createPlugin(utils.kt:222)
	at org.jetbrains.intellij.dependency.BuiltinPluginsRegistry.add(BuiltinPluginsRegistry.kt:89)
	at org.jetbrains.intellij.dependency.BuiltinPluginsRegistry.fillFromDirectory(BuiltinPluginsRegistry.kt:47)
	at org.jetbrains.intellij.dependency.BuiltinPluginsRegistry.access$fillFromDirectory(BuiltinPluginsRegistry.kt:21)
	at org.jetbrains.intellij.dependency.BuiltinPluginsRegistry$Companion.fromDirectory(BuiltinPluginsRegistry.kt:127)
	at org.jetbrains.intellij.dependency.IdeaDependencyManager.createDependency(IdeaDependencyManager.kt:92)
	at org.jetbrains.intellij.dependency.IdeaDependencyManager.resolveLocal(IdeaDependencyManager.kt:430)
	at org.jetbrains.intellij.IntelliJPlugin$prepareIdeaDependencyProvider$1.call(IntelliJPlugin.kt:299)
	at org.jetbrains.intellij.IntelliJPlugin$prepareIdeaDependencyProvider$1.call(IntelliJPlugin.kt:266)
	at org.gradle.api.internal.provider.DefaultProvider.calculateOwnValue(DefaultProvider.java:72)
	at org.gradle.api.internal.provider.AbstractMinimalProvider.calculateValue(AbstractMinimalProvider.java:115)
	at org.gradle.api.internal.provider.TransformBackedProvider.calculateOwnValue(TransformBackedProvider.java:82)
	at org.gradle.api.internal.provider.AbstractMinimalProvider.calculateValue(AbstractMinimalProvider.java:115)
	at org.gradle.api.internal.provider.AbstractMinimalProvider.withFinalValue(AbstractMinimalProvider.java:168)
	at org.gradle.api.internal.provider.DefaultProperty.finalValue(DefaultProperty.java:133)
	at org.gradle.api.internal.provider.DefaultProperty.finalValue(DefaultProperty.java:26)
	at org.gradle.api.internal.provider.AbstractProperty.finalizeNow(AbstractProperty.java:245)
	at org.gradle.api.internal.provider.AbstractProperty.beforeRead(AbstractProperty.java:239)
	at org.gradle.api.internal.provider.AbstractProperty.calculateOwnValue(AbstractProperty.java:135)
	at org.gradle.api.internal.provider.AbstractMinimalProvider.calculateValue(AbstractMinimalProvider.java:115)
	at org.gradle.api.internal.provider.TransformBackedProvider.calculateOwnValue(TransformBackedProvider.java:82)
	at org.gradle.api.internal.provider.AbstractMinimalProvider.calculateValue(AbstractMinimalProvider.java:115)
	at org.gradle.api.internal.provider.Collectors$ElementsFromCollectionProvider.collectEntries(Collectors.java:220)
	at org.gradle.api.internal.provider.AbstractCollectionProperty$CollectingSupplier.calculateValue(AbstractCollectionProperty.java:344)
	at org.gradle.api.internal.provider.AbstractCollectionProperty.calculateValueFrom(AbstractCollectionProperty.java:189)
	at org.gradle.api.internal.provider.AbstractCollectionProperty.calculateValueFrom(AbstractCollectionProperty.java:37)
	at org.gradle.api.internal.provider.AbstractProperty.doCalculateValue(AbstractProperty.java:142)
	at org.gradle.api.internal.provider.AbstractProperty.calculateOwnValue(AbstractProperty.java:136)
	at org.gradle.api.internal.provider.AbstractMinimalProvider.calculateOwnPresentValue(AbstractMinimalProvider.java:80)
	at org.gradle.api.internal.provider.AbstractMinimalProvider.get(AbstractMinimalProvider.java:100)
	at org.jetbrains.intellij.IntelliJPlugin$configurePrepareSandboxTasks$5$5.transform(IntelliJPlugin.kt:625)
	at org.jetbrains.intellij.IntelliJPlugin$configurePrepareSandboxTasks$5$5.transform(IntelliJPlugin.kt:624)
	at org.gradle.api.internal.provider.ValueSupplier$Present.transform(ValueSupplier.java:541)
	at org.gradle.api.internal.provider.TransformBackedProvider.mapValue(TransformBackedProvider.java:91)
	at org.gradle.api.internal.provider.TransformBackedProvider.calculateOwnValue(TransformBackedProvider.java:83)
	at org.gradle.api.internal.provider.AbstractMinimalProvider.calculateOwnPresentValue(AbstractMinimalProvider.java:80)
	at org.gradle.api.internal.provider.AbstractMinimalProvider.get(AbstractMinimalProvider.java:100)
	at org.gradle.api.internal.provider.ProviderResolutionStrategy$2.resolve(ProviderResolutionStrategy.java:33)
	at org.gradle.api.internal.file.collections.ProviderBackedFileCollection.visitDependencies(ProviderBackedFileCollection.java:57)
	at org.gradle.api.internal.tasks.CachingTaskDependencyResolveContext$TaskGraphImpl.getNodeValues(CachingTaskDependencyResolveContext.java:103)
	at org.gradle.internal.graph.CachingDirectedGraphWalker$GraphWithEmptyEdges.getNodeValues(CachingDirectedGraphWalker.java:213)
	at org.gradle.internal.graph.CachingDirectedGraphWalker.doSearch(CachingDirectedGraphWalker.java:121)
	at org.gradle.internal.graph.CachingDirectedGraphWalker.findValues(CachingDirectedGraphWalker.java:73)
	at org.gradle.api.internal.tasks.CachingTaskDependencyResolveContext.getDependencies(CachingTaskDependencyResolveContext.java:66)
	at org.gradle.execution.plan.TaskDependencyResolver.resolveDependenciesFor(TaskDependencyResolver.java:49)
	at org.gradle.execution.plan.LocalTaskNode.getDependencies(LocalTaskNode.java:148)
	at org.gradle.execution.plan.LocalTaskNode.resolveDependencies(LocalTaskNode.java:122)
	at org.gradle.execution.plan.DefaultExecutionPlan.discoverNodeRelationships(DefaultExecutionPlan.java:183)
	at org.gradle.execution.plan.DefaultExecutionPlan.doAddEntryNodes(DefaultExecutionPlan.java:155)
	at org.gradle.execution.plan.DefaultExecutionPlan.addEntryTasks(DefaultExecutionPlan.java:130)
	at org.gradle.execution.plan.DefaultExecutionPlan.addEntryTasks(DefaultExecutionPlan.java:122)
	at org.gradle.execution.TaskNameResolvingBuildTaskScheduler.scheduleRequestedTasks(TaskNameResolvingBuildTaskScheduler.java:54)
	at org.gradle.execution.DefaultTasksBuildTaskScheduler.scheduleRequestedTasks(DefaultTasksBuildTaskScheduler.java:72)
	at org.gradle.initialization.DefaultTaskExecutionPreparer.lambda$scheduleRequestedTasks$0(DefaultTaskExecutionPreparer.java:46)
	at org.gradle.internal.Factories$1.create(Factories.java:31)
	at org.gradle.internal.work.DefaultWorkerLeaseService.withReplacedLocks(DefaultWorkerLeaseService.java:360)
	at org.gradle.api.internal.project.DefaultProjectStateRegistry$DefaultBuildProjectRegistry.withMutableStateOfAllProjects(DefaultProjectStateRegistry.java:239)
	at org.gradle.api.internal.project.DefaultProjectStateRegistry$DefaultBuildProjectRegistry.withMutableStateOfAllProjects(DefaultProjectStateRegistry.java:232)
	at org.gradle.initialization.DefaultTaskExecutionPreparer.scheduleRequestedTasks(DefaultTaskExecutionPreparer.java:45)
	at org.gradle.initialization.VintageBuildModelController.lambda$scheduleRequestedTasks$0(VintageBuildModelController.java:76)
	at org.gradle.internal.model.StateTransitionController.lambda$inState$1(StateTransitionController.java:99)
	at org.gradle.internal.model.StateTransitionController.lambda$inState$2(StateTransitionController.java:114)
	at org.gradle.internal.work.DefaultSynchronizer.withLock(DefaultSynchronizer.java:44)
	at org.gradle.internal.model.StateTransitionController.inState(StateTransitionController.java:110)
	at org.gradle.internal.model.StateTransitionController.inState(StateTransitionController.java:98)
	at org.gradle.initialization.VintageBuildModelController.scheduleRequestedTasks(VintageBuildModelController.java:76)
	at org.gradle.internal.build.DefaultBuildLifecycleController$DefaultWorkGraphBuilder.addRequestedTasks(DefaultBuildLifecycleController.java:404)
	at org.gradle.internal.buildtree.DefaultBuildTreeWorkPreparer.lambda$scheduleRequestedTasks$0(DefaultBuildTreeWorkPreparer.java:41)
	at org.gradle.internal.build.DefaultBuildLifecycleController.lambda$populateWorkGraph$7(DefaultBuildLifecycleController.java:189)
	at org.gradle.internal.build.DefaultBuildWorkPreparer.populateWorkGraph(DefaultBuildWorkPreparer.java:42)
	at org.gradle.internal.build.BuildOperationFiringBuildWorkPreparer$PopulateWorkGraph.populateTaskGraph(BuildOperationFiringBuildWorkPreparer.java:106)
	at org.gradle.internal.build.BuildOperationFiringBuildWorkPreparer$PopulateWorkGraph.run(BuildOperationFiringBuildWorkPreparer.java:92)
	at org.gradle.internal.operations.DefaultBuildOperationRunner$1.execute(DefaultBuildOperationRunner.java:29)
	at org.gradle.internal.operations.DefaultBuildOperationRunner$1.execute(DefaultBuildOperationRunner.java:26)
	at org.gradle.internal.operations.DefaultBuildOperationRunner$2.execute(DefaultBuildOperationRunner.java:66)
	at org.gradle.internal.operations.DefaultBuildOperationRunner$2.execute(DefaultBuildOperationRunner.java:59)
	at org.gradle.internal.operations.DefaultBuildOperationRunner.execute(DefaultBuildOperationRunner.java:157)
	at org.gradle.internal.operations.DefaultBuildOperationRunner.execute(DefaultBuildOperationRunner.java:59)
	at org.gradle.internal.operations.DefaultBuildOperationRunner.run(DefaultBuildOperationRunner.java:47)
	at org.gradle.internal.operations.DefaultBuildOperationExecutor.run(DefaultBuildOperationExecutor.java:68)
	at org.gradle.internal.build.BuildOperationFiringBuildWorkPreparer.populateWorkGraph(BuildOperationFiringBuildWorkPreparer.java:67)
	at org.gradle.internal.build.DefaultBuildLifecycleController.lambda$populateWorkGraph$8(DefaultBuildLifecycleController.java:189)
	at org.gradle.internal.model.StateTransitionController.lambda$inState$1(StateTransitionController.java:99)
	at org.gradle.internal.model.StateTransitionController.lambda$inState$2(StateTransitionController.java:114)
	at org.gradle.internal.work.DefaultSynchronizer.withLock(DefaultSynchronizer.java:44)
	at org.gradle.internal.model.StateTransitionController.inState(StateTransitionController.java:110)
	at org.gradle.internal.model.StateTransitionController.inState(StateTransitionController.java:98)
	at org.gradle.internal.build.DefaultBuildLifecycleController.populateWorkGraph(DefaultBuildLifecycleController.java:189)
	at org.gradle.internal.build.DefaultBuildWorkGraphController$DefaultBuildWorkGraph.populateWorkGraph(DefaultBuildWorkGraphController.java:169)
	at org.gradle.composite.internal.DefaultBuildController.populateWorkGraph(DefaultBuildController.java:76)
	at org.gradle.composite.internal.DefaultIncludedBuildTaskGraph$DefaultBuildTreeWorkGraphBuilder.withWorkGraph(DefaultIncludedBuildTaskGraph.java:153)
	at org.gradle.internal.buildtree.DefaultBuildTreeWorkPreparer.lambda$scheduleRequestedTasks$1(DefaultBuildTreeWorkPreparer.java:41)
	at org.gradle.composite.internal.DefaultIncludedBuildTaskGraph$DefaultBuildTreeWorkGraph$1.run(DefaultIncludedBuildTaskGraph.java:209)
	at org.gradle.internal.operations.DefaultBuildOperationRunner$1.execute(DefaultBuildOperationRunner.java:29)
	at org.gradle.internal.operations.DefaultBuildOperationRunner$1.execute(DefaultBuildOperationRunner.java:26)
	at org.gradle.internal.operations.DefaultBuildOperationRunner$2.execute(DefaultBuildOperationRunner.java:66)
	at org.gradle.internal.operations.DefaultBuildOperationRunner$2.execute(DefaultBuildOperationRunner.java:59)
	at org.gradle.internal.operations.DefaultBuildOperationRunner.execute(DefaultBuildOperationRunner.java:157)
	at org.gradle.internal.operations.DefaultBuildOperationRunner.execute(DefaultBuildOperationRunner.java:59)
	at org.gradle.internal.operations.DefaultBuildOperationRunner.run(DefaultBuildOperationRunner.java:47)
	at org.gradle.internal.operations.DefaultBuildOperationExecutor.run(DefaultBuildOperationExecutor.java:68)
	at org.gradle.composite.internal.DefaultIncludedBuildTaskGraph$DefaultBuildTreeWorkGraph.scheduleWork(DefaultIncludedBuildTaskGraph.java:204)
	at org.gradle.internal.buildtree.DefaultBuildTreeWorkPreparer.scheduleRequestedTasks(DefaultBuildTreeWorkPreparer.java:37)
	at org.gradle.configurationcache.VintageBuildTreeWorkController$scheduleAndRunRequestedTasks$1.apply(VintageBuildTreeWorkController.kt:36)
	at org.gradle.configurationcache.VintageBuildTreeWorkController$scheduleAndRunRequestedTasks$1.apply(VintageBuildTreeWorkController.kt:35)
	at org.gradle.composite.internal.DefaultIncludedBuildTaskGraph.withNewWorkGraph(DefaultIncludedBuildTaskGraph.java:112)
	at org.gradle.configurationcache.VintageBuildTreeWorkController.scheduleAndRunRequestedTasks(VintageBuildTreeWorkController.kt:35)
	at org.gradle.internal.buildtree.DefaultBuildTreeLifecycleController.lambda$scheduleAndRunTasks$1(DefaultBuildTreeLifecycleController.java:76)
	at org.gradle.internal.buildtree.DefaultBuildTreeLifecycleController.lambda$runBuild$4(DefaultBuildTreeLifecycleController.java:119)
	at org.gradle.internal.model.StateTransitionController.lambda$transition$6(StateTransitionController.java:169)
	at org.gradle.internal.model.StateTransitionController.doTransition(StateTransitionController.java:266)
	at org.gradle.internal.model.StateTransitionController.lambda$transition$7(StateTransitionController.java:169)
	at org.gradle.internal.work.DefaultSynchronizer.withLock(DefaultSynchronizer.java:44)
	at org.gradle.internal.model.StateTransitionController.transition(StateTransitionController.java:169)
	at org.gradle.internal.buildtree.DefaultBuildTreeLifecycleController.runBuild(DefaultBuildTreeLifecycleController.java:116)
	at org.gradle.internal.buildtree.DefaultBuildTreeLifecycleController.scheduleAndRunTasks(DefaultBuildTreeLifecycleController.java:76)
	at org.gradle.internal.buildtree.DefaultBuildTreeLifecycleController.scheduleAndRunTasks(DefaultBuildTreeLifecycleController.java:71)
	at org.gradle.tooling.internal.provider.ExecuteBuildActionRunner.run(ExecuteBuildActionRunner.java:31)
	at org.gradle.launcher.exec.ChainingBuildActionRunner.run(ChainingBuildActionRunner.java:35)
	at org.gradle.internal.buildtree.ProblemReportingBuildActionRunner.run(ProblemReportingBuildActionRunner.java:49)
	at org.gradle.launcher.exec.BuildOutcomeReportingBuildActionRunner.run(BuildOutcomeReportingBuildActionRunner.java:65)
	at org.gradle.tooling.internal.provider.FileSystemWatchingBuildActionRunner.run(FileSystemWatchingBuildActionRunner.java:140)
	at org.gradle.launcher.exec.BuildCompletionNotifyingBuildActionRunner.run(BuildCompletionNotifyingBuildActionRunner.java:41)
	at org.gradle.launcher.exec.RootBuildLifecycleBuildActionExecutor.lambda$execute$0(RootBuildLifecycleBuildActionExecutor.java:40)
	at org.gradle.composite.internal.DefaultRootBuildState.run(DefaultRootBuildState.java:123)
	at org.gradle.launcher.exec.RootBuildLifecycleBuildActionExecutor.execute(RootBuildLifecycleBuildActionExecutor.java:40)
	at org.gradle.internal.buildtree.InitDeprecationLoggingActionExecutor.execute(InitDeprecationLoggingActionExecutor.java:62)
	at org.gradle.internal.buildtree.InitProblems.execute(InitProblems.java:38)
	at org.gradle.internal.buildtree.DefaultBuildTreeContext.execute(DefaultBuildTreeContext.java:40)
	at org.gradle.launcher.exec.BuildTreeLifecycleBuildActionExecutor.lambda$execute$0(BuildTreeLifecycleBuildActionExecutor.java:58)
	at org.gradle.internal.buildtree.BuildTreeState.run(BuildTreeState.java:58)
	at org.gradle.launcher.exec.BuildTreeLifecycleBuildActionExecutor.execute(BuildTreeLifecycleBuildActionExecutor.java:58)
	at org.gradle.launcher.exec.RunAsBuildOperationBuildActionExecutor$3.call(RunAsBuildOperationBuildActionExecutor.java:61)
	at org.gradle.launcher.exec.RunAsBuildOperationBuildActionExecutor$3.call(RunAsBuildOperationBuildActionExecutor.java:57)
	at org.gradle.internal.operations.DefaultBuildOperationRunner$CallableBuildOperationWorker.execute(DefaultBuildOperationRunner.java:204)
	at org.gradle.internal.operations.DefaultBuildOperationRunner$CallableBuildOperationWorker.execute(DefaultBuildOperationRunner.java:199)
	at org.gradle.internal.operations.DefaultBuildOperationRunner$2.execute(DefaultBuildOperationRunner.java:66)
	at org.gradle.internal.operations.DefaultBuildOperationRunner$2.execute(DefaultBuildOperationRunner.java:59)
	at org.gradle.internal.operations.DefaultBuildOperationRunner.execute(DefaultBuildOperationRunner.java:157)
	at org.gradle.internal.operations.DefaultBuildOperationRunner.execute(DefaultBuildOperationRunner.java:59)
	at org.gradle.internal.operations.DefaultBuildOperationRunner.call(DefaultBuildOperationRunner.java:53)
	at org.gradle.internal.operations.DefaultBuildOperationExecutor.call(DefaultBuildOperationExecutor.java:73)
	at org.gradle.launcher.exec.RunAsBuildOperationBuildActionExecutor.execute(RunAsBuildOperationBuildActionExecutor.java:57)
	at org.gradle.launcher.exec.RunAsWorkerThreadBuildActionExecutor.lambda$execute$0(RunAsWorkerThreadBuildActionExecutor.java:36)
	at org.gradle.internal.work.DefaultWorkerLeaseService.withLocks(DefaultWorkerLeaseService.java:264)
	at org.gradle.internal.work.DefaultWorkerLeaseService.runAsWorkerThread(DefaultWorkerLeaseService.java:128)
	at org.gradle.launcher.exec.RunAsWorkerThreadBuildActionExecutor.execute(RunAsWorkerThreadBuildActionExecutor.java:36)
	at org.gradle.tooling.internal.provider.continuous.ContinuousBuildActionExecutor.execute(ContinuousBuildActionExecutor.java:110)
	at org.gradle.tooling.internal.provider.SubscribableBuildActionExecutor.execute(SubscribableBuildActionExecutor.java:64)
	at org.gradle.internal.session.DefaultBuildSessionContext.execute(DefaultBuildSessionContext.java:46)
	at org.gradle.tooling.internal.provider.BuildSessionLifecycleBuildActionExecuter$ActionImpl.apply(BuildSessionLifecycleBuildActionExecuter.java:92)
	at org.gradle.tooling.internal.provider.BuildSessionLifecycleBuildActionExecuter$ActionImpl.apply(BuildSessionLifecycleBuildActionExecuter.java:80)
	at org.gradle.internal.session.BuildSessionState.run(BuildSessionState.java:69)
	at org.gradle.tooling.internal.provider.BuildSessionLifecycleBuildActionExecuter.execute(BuildSessionLifecycleBuildActionExecuter.java:62)
	at org.gradle.tooling.internal.provider.BuildSessionLifecycleBuildActionExecuter.execute(BuildSessionLifecycleBuildActionExecuter.java:41)
	at org.gradle.tooling.internal.provider.StartParamsValidatingActionExecuter.execute(StartParamsValidatingActionExecuter.java:64)
	at org.gradle.tooling.internal.provider.StartParamsValidatingActionExecuter.execute(StartParamsValidatingActionExecuter.java:32)
	at org.gradle.tooling.internal.provider.SessionFailureReportingActionExecuter.execute(SessionFailureReportingActionExecuter.java:51)
	at org.gradle.tooling.internal.provider.SessionFailureReportingActionExecuter.execute(SessionFailureReportingActionExecuter.java:39)
	at org.gradle.tooling.internal.provider.SetupLoggingActionExecuter.execute(SetupLoggingActionExecuter.java:47)
	at org.gradle.tooling.internal.provider.SetupLoggingActionExecuter.execute(SetupLoggingActionExecuter.java:31)
	at org.gradle.launcher.daemon.server.exec.ExecuteBuild.doBuild(ExecuteBuild.java:65)
	at org.gradle.launcher.daemon.server.exec.BuildCommandOnly.execute(BuildCommandOnly.java:37)
	at org.gradle.launcher.daemon.server.api.DaemonCommandExecution.proceed(DaemonCommandExecution.java:104)
	at org.gradle.launcher.daemon.server.exec.WatchForDisconnection.execute(WatchForDisconnection.java:39)
	at org.gradle.launcher.daemon.server.api.DaemonCommandExecution.proceed(DaemonCommandExecution.java:104)
	at org.gradle.launcher.daemon.server.exec.ResetDeprecationLogger.execute(ResetDeprecationLogger.java:29)
	at org.gradle.launcher.daemon.server.api.DaemonCommandExecution.proceed(DaemonCommandExecution.java:104)
	at org.gradle.launcher.daemon.server.exec.RequestStopIfSingleUsedDaemon.execute(RequestStopIfSingleUsedDaemon.java:35)
	at org.gradle.launcher.daemon.server.api.DaemonCommandExecution.proceed(DaemonCommandExecution.java:104)
	at org.gradle.launcher.daemon.server.exec.ForwardClientInput$2.create(ForwardClientInput.java:78)
	at org.gradle.launcher.daemon.server.exec.ForwardClientInput$2.create(ForwardClientInput.java:75)
	at org.gradle.util.internal.Swapper.swap(Swapper.java:38)
	at org.gradle.launcher.daemon.server.exec.ForwardClientInput.execute(ForwardClientInput.java:75)
	at org.gradle.launcher.daemon.server.api.DaemonCommandExecution.proceed(DaemonCommandExecution.java:104)
	at org.gradle.launcher.daemon.server.exec.LogAndCheckHealth.execute(LogAndCheckHealth.java:64)
	at org.gradle.launcher.daemon.server.api.DaemonCommandExecution.proceed(DaemonCommandExecution.java:104)
	at org.gradle.launcher.daemon.server.exec.LogToClient.doBuild(LogToClient.java:63)
	at org.gradle.launcher.daemon.server.exec.BuildCommandOnly.execute(BuildCommandOnly.java:37)
	at org.gradle.launcher.daemon.server.api.DaemonCommandExecution.proceed(DaemonCommandExecution.java:104)
	at org.gradle.launcher.daemon.server.exec.EstablishBuildEnvironment.doBuild(EstablishBuildEnvironment.java:84)
	at org.gradle.launcher.daemon.server.exec.BuildCommandOnly.execute(BuildCommandOnly.java:37)
	at org.gradle.launcher.daemon.server.api.DaemonCommandExecution.proceed(DaemonCommandExecution.java:104)
	at org.gradle.launcher.daemon.server.exec.StartBuildOrRespondWithBusy$1.run(StartBuildOrRespondWithBusy.java:52)
	at org.gradle.launcher.daemon.server.DaemonStateCoordinator$1.run(DaemonStateCoordinator.java:297)
	at org.gradle.internal.concurrent.ExecutorPolicy$CatchAndRecordFailures.onExecute(ExecutorPolicy.java:64)
	at org.gradle.internal.concurrent.AbstractManagedExecutor$1.run(AbstractManagedExecutor.java:47)
	at java.base/java.util.concurrent.ThreadPoolExecutor.runWorker(ThreadPoolExecutor.java:1136)
	at java.base/java.util.concurrent.ThreadPoolExecutor$Worker.run(ThreadPoolExecutor.java:635)
	at java.base/java.lang.Thread.run(Thread.java:840)
Unable to read descriptor [../intellij.devkit.debugger.xml] from [/opt/android-studio/plugins/devkit/lib/devkit.jar]
java.lang.IllegalArgumentException: No enum constant com.jetbrains.plugin.structure.intellij.plugin.IdePluginContentDescriptor.ListenerType.APPLİCATİON
	at java.base/java.lang.Enum.valueOf(Enum.java:273)
	at com.jetbrains.plugin.structure.intellij.plugin.IdePluginContentDescriptor$ListenerType.valueOf(IdePluginContents.kt)
	at com.jetbrains.plugin.structure.intellij.plugin.PluginCreator.readListeners(PluginCreator.kt:468)
	at com.jetbrains.plugin.structure.intellij.plugin.PluginCreator.setInfoFromBean(PluginCreator.kt:323)
	at com.jetbrains.plugin.structure.intellij.plugin.PluginCreator.resolveDocumentAndValidateBean(PluginCreator.kt:664)
	at com.jetbrains.plugin.structure.intellij.plugin.PluginCreator.access$resolveDocumentAndValidateBean(PluginCreator.kt:31)
	at com.jetbrains.plugin.structure.intellij.plugin.PluginCreator$Companion.createPlugin(PluginCreator.kt:109)
	at com.jetbrains.plugin.structure.intellij.plugin.IdePluginManager.loadPluginInfoFromJarFile(IdePluginManager.kt:62)
	at com.jetbrains.plugin.structure.intellij.plugin.IdePluginManager.loadPluginInfoFromLibDirectory(IdePluginManager.kt:165)
	at com.jetbrains.plugin.structure.intellij.plugin.IdePluginManager.loadPluginInfoFromDirectory(IdePluginManager.kt:97)
	at com.jetbrains.plugin.structure.intellij.plugin.IdePluginManager.loadPluginInfoFromJarOrDirectory(IdePluginManager.kt:206)
	at com.jetbrains.plugin.structure.intellij.plugin.IdePluginManager.resolveContentModules(IdePluginManager.kt:238)
	at com.jetbrains.plugin.structure.intellij.plugin.IdePluginManager.getPluginCreatorWithResult(IdePluginManager.kt:349)
	at com.jetbrains.plugin.structure.intellij.plugin.IdePluginManager.createPlugin(IdePluginManager.kt:314)
	at com.jetbrains.plugin.structure.intellij.plugin.IdePluginManager.createPlugin$default(IdePluginManager.kt:312)
	at org.jetbrains.intellij.Utils.createPlugin(utils.kt:222)
	at org.jetbrains.intellij.dependency.BuiltinPluginsRegistry.add(BuiltinPluginsRegistry.kt:89)
	at org.jetbrains.intellij.dependency.BuiltinPluginsRegistry.fillFromDirectory(BuiltinPluginsRegistry.kt:47)
	at org.jetbrains.intellij.dependency.BuiltinPluginsRegistry.access$fillFromDirectory(BuiltinPluginsRegistry.kt:21)
	at org.jetbrains.intellij.dependency.BuiltinPluginsRegistry$Companion.fromDirectory(BuiltinPluginsRegistry.kt:127)
	at org.jetbrains.intellij.dependency.IdeaDependencyManager.createDependency(IdeaDependencyManager.kt:92)
	at org.jetbrains.intellij.dependency.IdeaDependencyManager.resolveLocal(IdeaDependencyManager.kt:430)
	at org.jetbrains.intellij.IntelliJPlugin$prepareIdeaDependencyProvider$1.call(IntelliJPlugin.kt:299)
	at org.jetbrains.intellij.IntelliJPlugin$prepareIdeaDependencyProvider$1.call(IntelliJPlugin.kt:266)
	at org.gradle.api.internal.provider.DefaultProvider.calculateOwnValue(DefaultProvider.java:72)
	at org.gradle.api.internal.provider.AbstractMinimalProvider.calculateValue(AbstractMinimalProvider.java:115)
	at org.gradle.api.internal.provider.TransformBackedProvider.calculateOwnValue(TransformBackedProvider.java:82)
	at org.gradle.api.internal.provider.AbstractMinimalProvider.calculateValue(AbstractMinimalProvider.java:115)
	at org.gradle.api.internal.provider.AbstractMinimalProvider.withFinalValue(AbstractMinimalProvider.java:168)
	at org.gradle.api.internal.provider.DefaultProperty.finalValue(DefaultProperty.java:133)
	at org.gradle.api.internal.provider.DefaultProperty.finalValue(DefaultProperty.java:26)
	at org.gradle.api.internal.provider.AbstractProperty.finalizeNow(AbstractProperty.java:245)
	at org.gradle.api.internal.provider.AbstractProperty.beforeRead(AbstractProperty.java:239)
	at org.gradle.api.internal.provider.AbstractProperty.calculateOwnValue(AbstractProperty.java:135)
	at org.gradle.api.internal.provider.AbstractMinimalProvider.calculateValue(AbstractMinimalProvider.java:115)
	at org.gradle.api.internal.provider.TransformBackedProvider.calculateOwnValue(TransformBackedProvider.java:82)
	at org.gradle.api.internal.provider.AbstractMinimalProvider.calculateValue(AbstractMinimalProvider.java:115)
	at org.gradle.api.internal.provider.Collectors$ElementsFromCollectionProvider.collectEntries(Collectors.java:220)
	at org.gradle.api.internal.provider.AbstractCollectionProperty$CollectingSupplier.calculateValue(AbstractCollectionProperty.java:344)
	at org.gradle.api.internal.provider.AbstractCollectionProperty.calculateValueFrom(AbstractCollectionProperty.java:189)
	at org.gradle.api.internal.provider.AbstractCollectionProperty.calculateValueFrom(AbstractCollectionProperty.java:37)
	at org.gradle.api.internal.provider.AbstractProperty.doCalculateValue(AbstractProperty.java:142)
	at org.gradle.api.internal.provider.AbstractProperty.calculateOwnValue(AbstractProperty.java:136)
	at org.gradle.api.internal.provider.AbstractMinimalProvider.calculateOwnPresentValue(AbstractMinimalProvider.java:80)
	at org.gradle.api.internal.provider.AbstractMinimalProvider.get(AbstractMinimalProvider.java:100)
	at org.jetbrains.intellij.IntelliJPlugin$configurePrepareSandboxTasks$5$5.transform(IntelliJPlugin.kt:625)
	at org.jetbrains.intellij.IntelliJPlugin$configurePrepareSandboxTasks$5$5.transform(IntelliJPlugin.kt:624)
	at org.gradle.api.internal.provider.ValueSupplier$Present.transform(ValueSupplier.java:541)
	at org.gradle.api.internal.provider.TransformBackedProvider.mapValue(TransformBackedProvider.java:91)
	at org.gradle.api.internal.provider.TransformBackedProvider.calculateOwnValue(TransformBackedProvider.java:83)
	at org.gradle.api.internal.provider.AbstractMinimalProvider.calculateOwnPresentValue(AbstractMinimalProvider.java:80)
	at org.gradle.api.internal.provider.AbstractMinimalProvider.get(AbstractMinimalProvider.java:100)
	at org.gradle.api.internal.provider.ProviderResolutionStrategy$2.resolve(ProviderResolutionStrategy.java:33)
	at org.gradle.api.internal.file.collections.ProviderBackedFileCollection.visitDependencies(ProviderBackedFileCollection.java:57)
	at org.gradle.api.internal.tasks.CachingTaskDependencyResolveContext$TaskGraphImpl.getNodeValues(CachingTaskDependencyResolveContext.java:103)
	at org.gradle.internal.graph.CachingDirectedGraphWalker$GraphWithEmptyEdges.getNodeValues(CachingDirectedGraphWalker.java:213)
	at org.gradle.internal.graph.CachingDirectedGraphWalker.doSearch(CachingDirectedGraphWalker.java:121)
	at org.gradle.internal.graph.CachingDirectedGraphWalker.findValues(CachingDirectedGraphWalker.java:73)
	at org.gradle.api.internal.tasks.CachingTaskDependencyResolveContext.getDependencies(CachingTaskDependencyResolveContext.java:66)
	at org.gradle.execution.plan.TaskDependencyResolver.resolveDependenciesFor(TaskDependencyResolver.java:49)
	at org.gradle.execution.plan.LocalTaskNode.getDependencies(LocalTaskNode.java:148)
	at org.gradle.execution.plan.LocalTaskNode.resolveDependencies(LocalTaskNode.java:122)
	at org.gradle.execution.plan.DefaultExecutionPlan.discoverNodeRelationships(DefaultExecutionPlan.java:183)
	at org.gradle.execution.plan.DefaultExecutionPlan.doAddEntryNodes(DefaultExecutionPlan.java:155)
	at org.gradle.execution.plan.DefaultExecutionPlan.addEntryTasks(DefaultExecutionPlan.java:130)
	at org.gradle.execution.plan.DefaultExecutionPlan.addEntryTasks(DefaultExecutionPlan.java:122)
	at org.gradle.execution.TaskNameResolvingBuildTaskScheduler.scheduleRequestedTasks(TaskNameResolvingBuildTaskScheduler.java:54)
	at org.gradle.execution.DefaultTasksBuildTaskScheduler.scheduleRequestedTasks(DefaultTasksBuildTaskScheduler.java:72)
	at org.gradle.initialization.DefaultTaskExecutionPreparer.lambda$scheduleRequestedTasks$0(DefaultTaskExecutionPreparer.java:46)
	at org.gradle.internal.Factories$1.create(Factories.java:31)
	at org.gradle.internal.work.DefaultWorkerLeaseService.withReplacedLocks(DefaultWorkerLeaseService.java:360)
	at org.gradle.api.internal.project.DefaultProjectStateRegistry$DefaultBuildProjectRegistry.withMutableStateOfAllProjects(DefaultProjectStateRegistry.java:239)
	at org.gradle.api.internal.project.DefaultProjectStateRegistry$DefaultBuildProjectRegistry.withMutableStateOfAllProjects(DefaultProjectStateRegistry.java:232)
	at org.gradle.initialization.DefaultTaskExecutionPreparer.scheduleRequestedTasks(DefaultTaskExecutionPreparer.java:45)
	at org.gradle.initialization.VintageBuildModelController.lambda$scheduleRequestedTasks$0(VintageBuildModelController.java:76)
	at org.gradle.internal.model.StateTransitionController.lambda$inState$1(StateTransitionController.java:99)
	at org.gradle.internal.model.StateTransitionController.lambda$inState$2(StateTransitionController.java:114)
	at org.gradle.internal.work.DefaultSynchronizer.withLock(DefaultSynchronizer.java:44)
	at org.gradle.internal.model.StateTransitionController.inState(StateTransitionController.java:110)
	at org.gradle.internal.model.StateTransitionController.inState(StateTransitionController.java:98)
	at org.gradle.initialization.VintageBuildModelController.scheduleRequestedTasks(VintageBuildModelController.java:76)
	at org.gradle.internal.build.DefaultBuildLifecycleController$DefaultWorkGraphBuilder.addRequestedTasks(DefaultBuildLifecycleController.java:404)
	at org.gradle.internal.buildtree.DefaultBuildTreeWorkPreparer.lambda$scheduleRequestedTasks$0(DefaultBuildTreeWorkPreparer.java:41)
	at org.gradle.internal.build.DefaultBuildLifecycleController.lambda$populateWorkGraph$7(DefaultBuildLifecycleController.java:189)
	at org.gradle.internal.build.DefaultBuildWorkPreparer.populateWorkGraph(DefaultBuildWorkPreparer.java:42)
	at org.gradle.internal.build.BuildOperationFiringBuildWorkPreparer$PopulateWorkGraph.populateTaskGraph(BuildOperationFiringBuildWorkPreparer.java:106)
	at org.gradle.internal.build.BuildOperationFiringBuildWorkPreparer$PopulateWorkGraph.run(BuildOperationFiringBuildWorkPreparer.java:92)
	at org.gradle.internal.operations.DefaultBuildOperationRunner$1.execute(DefaultBuildOperationRunner.java:29)
	at org.gradle.internal.operations.DefaultBuildOperationRunner$1.execute(DefaultBuildOperationRunner.java:26)
	at org.gradle.internal.operations.DefaultBuildOperationRunner$2.execute(DefaultBuildOperationRunner.java:66)
	at org.gradle.internal.operations.DefaultBuildOperationRunner$2.execute(DefaultBuildOperationRunner.java:59)
	at org.gradle.internal.operations.DefaultBuildOperationRunner.execute(DefaultBuildOperationRunner.java:157)
	at org.gradle.internal.operations.DefaultBuildOperationRunner.execute(DefaultBuildOperationRunner.java:59)
	at org.gradle.internal.operations.DefaultBuildOperationRunner.run(DefaultBuildOperationRunner.java:47)
	at org.gradle.internal.operations.DefaultBuildOperationExecutor.run(DefaultBuildOperationExecutor.java:68)
	at org.gradle.internal.build.BuildOperationFiringBuildWorkPreparer.populateWorkGraph(BuildOperationFiringBuildWorkPreparer.java:67)
	at org.gradle.internal.build.DefaultBuildLifecycleController.lambda$populateWorkGraph$8(DefaultBuildLifecycleController.java:189)
	at org.gradle.internal.model.StateTransitionController.lambda$inState$1(StateTransitionController.java:99)
	at org.gradle.internal.model.StateTransitionController.lambda$inState$2(StateTransitionController.java:114)
	at org.gradle.internal.work.DefaultSynchronizer.withLock(DefaultSynchronizer.java:44)
	at org.gradle.internal.model.StateTransitionController.inState(StateTransitionController.java:110)
	at org.gradle.internal.model.StateTransitionController.inState(StateTransitionController.java:98)
	at org.gradle.internal.build.DefaultBuildLifecycleController.populateWorkGraph(DefaultBuildLifecycleController.java:189)
	at org.gradle.internal.build.DefaultBuildWorkGraphController$DefaultBuildWorkGraph.populateWorkGraph(DefaultBuildWorkGraphController.java:169)
	at org.gradle.composite.internal.DefaultBuildController.populateWorkGraph(DefaultBuildController.java:76)
	at org.gradle.composite.internal.DefaultIncludedBuildTaskGraph$DefaultBuildTreeWorkGraphBuilder.withWorkGraph(DefaultIncludedBuildTaskGraph.java:153)
	at org.gradle.internal.buildtree.DefaultBuildTreeWorkPreparer.lambda$scheduleRequestedTasks$1(DefaultBuildTreeWorkPreparer.java:41)
	at org.gradle.composite.internal.DefaultIncludedBuildTaskGraph$DefaultBuildTreeWorkGraph$1.run(DefaultIncludedBuildTaskGraph.java:209)
	at org.gradle.internal.operations.DefaultBuildOperationRunner$1.execute(DefaultBuildOperationRunner.java:29)
	at org.gradle.internal.operations.DefaultBuildOperationRunner$1.execute(DefaultBuildOperationRunner.java:26)
	at org.gradle.internal.operations.DefaultBuildOperationRunner$2.execute(DefaultBuildOperationRunner.java:66)
	at org.gradle.internal.operations.DefaultBuildOperationRunner$2.execute(DefaultBuildOperationRunner.java:59)
	at org.gradle.internal.operations.DefaultBuildOperationRunner.execute(DefaultBuildOperationRunner.java:157)
	at org.gradle.internal.operations.DefaultBuildOperationRunner.execute(DefaultBuildOperationRunner.java:59)
	at org.gradle.internal.operations.DefaultBuildOperationRunner.run(DefaultBuildOperationRunner.java:47)
	at org.gradle.internal.operations.DefaultBuildOperationExecutor.run(DefaultBuildOperationExecutor.java:68)
	at org.gradle.composite.internal.DefaultIncludedBuildTaskGraph$DefaultBuildTreeWorkGraph.scheduleWork(DefaultIncludedBuildTaskGraph.java:204)
	at org.gradle.internal.buildtree.DefaultBuildTreeWorkPreparer.scheduleRequestedTasks(DefaultBuildTreeWorkPreparer.java:37)
	at org.gradle.configurationcache.VintageBuildTreeWorkController$scheduleAndRunRequestedTasks$1.apply(VintageBuildTreeWorkController.kt:36)
	at org.gradle.configurationcache.VintageBuildTreeWorkController$scheduleAndRunRequestedTasks$1.apply(VintageBuildTreeWorkController.kt:35)
	at org.gradle.composite.internal.DefaultIncludedBuildTaskGraph.withNewWorkGraph(DefaultIncludedBuildTaskGraph.java:112)
	at org.gradle.configurationcache.VintageBuildTreeWorkController.scheduleAndRunRequestedTasks(VintageBuildTreeWorkController.kt:35)
	at org.gradle.internal.buildtree.DefaultBuildTreeLifecycleController.lambda$scheduleAndRunTasks$1(DefaultBuildTreeLifecycleController.java:76)
	at org.gradle.internal.buildtree.DefaultBuildTreeLifecycleController.lambda$runBuild$4(DefaultBuildTreeLifecycleController.java:119)
	at org.gradle.internal.model.StateTransitionController.lambda$transition$6(StateTransitionController.java:169)
	at org.gradle.internal.model.StateTransitionController.doTransition(StateTransitionController.java:266)
	at org.gradle.internal.model.StateTransitionController.lambda$transition$7(StateTransitionController.java:169)
	at org.gradle.internal.work.DefaultSynchronizer.withLock(DefaultSynchronizer.java:44)
	at org.gradle.internal.model.StateTransitionController.transition(StateTransitionController.java:169)
	at org.gradle.internal.buildtree.DefaultBuildTreeLifecycleController.runBuild(DefaultBuildTreeLifecycleController.java:116)
	at org.gradle.internal.buildtree.DefaultBuildTreeLifecycleController.scheduleAndRunTasks(DefaultBuildTreeLifecycleController.java:76)
	at org.gradle.internal.buildtree.DefaultBuildTreeLifecycleController.scheduleAndRunTasks(DefaultBuildTreeLifecycleController.java:71)
	at org.gradle.tooling.internal.provider.ExecuteBuildActionRunner.run(ExecuteBuildActionRunner.java:31)
	at org.gradle.launcher.exec.ChainingBuildActionRunner.run(ChainingBuildActionRunner.java:35)
	at org.gradle.internal.buildtree.ProblemReportingBuildActionRunner.run(ProblemReportingBuildActionRunner.java:49)
	at org.gradle.launcher.exec.BuildOutcomeReportingBuildActionRunner.run(BuildOutcomeReportingBuildActionRunner.java:65)
	at org.gradle.tooling.internal.provider.FileSystemWatchingBuildActionRunner.run(FileSystemWatchingBuildActionRunner.java:140)
	at org.gradle.launcher.exec.BuildCompletionNotifyingBuildActionRunner.run(BuildCompletionNotifyingBuildActionRunner.java:41)
	at org.gradle.launcher.exec.RootBuildLifecycleBuildActionExecutor.lambda$execute$0(RootBuildLifecycleBuildActionExecutor.java:40)
	at org.gradle.composite.internal.DefaultRootBuildState.run(DefaultRootBuildState.java:123)
	at org.gradle.launcher.exec.RootBuildLifecycleBuildActionExecutor.execute(RootBuildLifecycleBuildActionExecutor.java:40)
	at org.gradle.internal.buildtree.InitDeprecationLoggingActionExecutor.execute(InitDeprecationLoggingActionExecutor.java:62)
	at org.gradle.internal.buildtree.InitProblems.execute(InitProblems.java:38)
	at org.gradle.internal.buildtree.DefaultBuildTreeContext.execute(DefaultBuildTreeContext.java:40)
	at org.gradle.launcher.exec.BuildTreeLifecycleBuildActionExecutor.lambda$execute$0(BuildTreeLifecycleBuildActionExecutor.java:58)
	at org.gradle.internal.buildtree.BuildTreeState.run(BuildTreeState.java:58)
	at org.gradle.launcher.exec.BuildTreeLifecycleBuildActionExecutor.execute(BuildTreeLifecycleBuildActionExecutor.java:58)
	at org.gradle.launcher.exec.RunAsBuildOperationBuildActionExecutor$3.call(RunAsBuildOperationBuildActionExecutor.java:61)
	at org.gradle.launcher.exec.RunAsBuildOperationBuildActionExecutor$3.call(RunAsBuildOperationBuildActionExecutor.java:57)
	at org.gradle.internal.operations.DefaultBuildOperationRunner$CallableBuildOperationWorker.execute(DefaultBuildOperationRunner.java:204)
	at org.gradle.internal.operations.DefaultBuildOperationRunner$CallableBuildOperationWorker.execute(DefaultBuildOperationRunner.java:199)
	at org.gradle.internal.operations.DefaultBuildOperationRunner$2.execute(DefaultBuildOperationRunner.java:66)
	at org.gradle.internal.operations.DefaultBuildOperationRunner$2.execute(DefaultBuildOperationRunner.java:59)
	at org.gradle.internal.operations.DefaultBuildOperationRunner.execute(DefaultBuildOperationRunner.java:157)
	at org.gradle.internal.operations.DefaultBuildOperationRunner.execute(DefaultBuildOperationRunner.java:59)
	at org.gradle.internal.operations.DefaultBuildOperationRunner.call(DefaultBuildOperationRunner.java:53)
	at org.gradle.internal.operations.DefaultBuildOperationExecutor.call(DefaultBuildOperationExecutor.java:73)
	at org.gradle.launcher.exec.RunAsBuildOperationBuildActionExecutor.execute(RunAsBuildOperationBuildActionExecutor.java:57)
	at org.gradle.launcher.exec.RunAsWorkerThreadBuildActionExecutor.lambda$execute$0(RunAsWorkerThreadBuildActionExecutor.java:36)
	at org.gradle.internal.work.DefaultWorkerLeaseService.withLocks(DefaultWorkerLeaseService.java:264)
	at org.gradle.internal.work.DefaultWorkerLeaseService.runAsWorkerThread(DefaultWorkerLeaseService.java:128)
	at org.gradle.launcher.exec.RunAsWorkerThreadBuildActionExecutor.execute(RunAsWorkerThreadBuildActionExecutor.java:36)
	at org.gradle.tooling.internal.provider.continuous.ContinuousBuildActionExecutor.execute(ContinuousBuildActionExecutor.java:110)
	at org.gradle.tooling.internal.provider.SubscribableBuildActionExecutor.execute(SubscribableBuildActionExecutor.java:64)
	at org.gradle.internal.session.DefaultBuildSessionContext.execute(DefaultBuildSessionContext.java:46)
	at org.gradle.tooling.internal.provider.BuildSessionLifecycleBuildActionExecuter$ActionImpl.apply(BuildSessionLifecycleBuildActionExecuter.java:92)
	at org.gradle.tooling.internal.provider.BuildSessionLifecycleBuildActionExecuter$ActionImpl.apply(BuildSessionLifecycleBuildActionExecuter.java:80)
	at org.gradle.internal.session.BuildSessionState.run(BuildSessionState.java:69)
	at org.gradle.tooling.internal.provider.BuildSessionLifecycleBuildActionExecuter.execute(BuildSessionLifecycleBuildActionExecuter.java:62)
	at org.gradle.tooling.internal.provider.BuildSessionLifecycleBuildActionExecuter.execute(BuildSessionLifecycleBuildActionExecuter.java:41)
	at org.gradle.tooling.internal.provider.StartParamsValidatingActionExecuter.execute(StartParamsValidatingActionExecuter.java:64)
	at org.gradle.tooling.internal.provider.StartParamsValidatingActionExecuter.execute(StartParamsValidatingActionExecuter.java:32)
	at org.gradle.tooling.internal.provider.SessionFailureReportingActionExecuter.execute(SessionFailureReportingActionExecuter.java:51)
	at org.gradle.tooling.internal.provider.SessionFailureReportingActionExecuter.execute(SessionFailureReportingActionExecuter.java:39)
	at org.gradle.tooling.internal.provider.SetupLoggingActionExecuter.execute(SetupLoggingActionExecuter.java:47)
	at org.gradle.tooling.internal.provider.SetupLoggingActionExecuter.execute(SetupLoggingActionExecuter.java:31)
	at org.gradle.launcher.daemon.server.exec.ExecuteBuild.doBuild(ExecuteBuild.java:65)
	at org.gradle.launcher.daemon.server.exec.BuildCommandOnly.execute(BuildCommandOnly.java:37)
	at org.gradle.launcher.daemon.server.api.DaemonCommandExecution.proceed(DaemonCommandExecution.java:104)
	at org.gradle.launcher.daemon.server.exec.WatchForDisconnection.execute(WatchForDisconnection.java:39)
	at org.gradle.launcher.daemon.server.api.DaemonCommandExecution.proceed(DaemonCommandExecution.java:104)
	at org.gradle.launcher.daemon.server.exec.ResetDeprecationLogger.execute(ResetDeprecationLogger.java:29)
	at org.gradle.launcher.daemon.server.api.DaemonCommandExecution.proceed(DaemonCommandExecution.java:104)
	at org.gradle.launcher.daemon.server.exec.RequestStopIfSingleUsedDaemon.execute(RequestStopIfSingleUsedDaemon.java:35)
	at org.gradle.launcher.daemon.server.api.DaemonCommandExecution.proceed(DaemonCommandExecution.java:104)
	at org.gradle.launcher.daemon.server.exec.ForwardClientInput$2.create(ForwardClientInput.java:78)
	at org.gradle.launcher.daemon.server.exec.ForwardClientInput$2.create(ForwardClientInput.java:75)
	at org.gradle.util.internal.Swapper.swap(Swapper.java:38)
	at org.gradle.launcher.daemon.server.exec.ForwardClientInput.execute(ForwardClientInput.java:75)
	at org.gradle.launcher.daemon.server.api.DaemonCommandExecution.proceed(DaemonCommandExecution.java:104)
	at org.gradle.launcher.daemon.server.exec.LogAndCheckHealth.execute(LogAndCheckHealth.java:64)
	at org.gradle.launcher.daemon.server.api.DaemonCommandExecution.proceed(DaemonCommandExecution.java:104)
	at org.gradle.launcher.daemon.server.exec.LogToClient.doBuild(LogToClient.java:63)
	at org.gradle.launcher.daemon.server.exec.BuildCommandOnly.execute(BuildCommandOnly.java:37)
	at org.gradle.launcher.daemon.server.api.DaemonCommandExecution.proceed(DaemonCommandExecution.java:104)
	at org.gradle.launcher.daemon.server.exec.EstablishBuildEnvironment.doBuild(EstablishBuildEnvironment.java:84)
	at org.gradle.launcher.daemon.server.exec.BuildCommandOnly.execute(BuildCommandOnly.java:37)
	at org.gradle.launcher.daemon.server.api.DaemonCommandExecution.proceed(DaemonCommandExecution.java:104)
	at org.gradle.launcher.daemon.server.exec.StartBuildOrRespondWithBusy$1.run(StartBuildOrRespondWithBusy.java:52)
	at org.gradle.launcher.daemon.server.DaemonStateCoordinator$1.run(DaemonStateCoordinator.java:297)
	at org.gradle.internal.concurrent.ExecutorPolicy$CatchAndRecordFailures.onExecute(ExecutorPolicy.java:64)
	at org.gradle.internal.concurrent.AbstractManagedExecutor$1.run(AbstractManagedExecutor.java:47)
	at java.base/java.util.concurrent.ThreadPoolExecutor.runWorker(ThreadPoolExecutor.java:1136)
	at java.base/java.util.concurrent.ThreadPoolExecutor$Worker.run(ThreadPoolExecutor.java:635)
	at java.base/java.lang.Thread.run(Thread.java:840)
Unable to read descriptor [plugin.xml] from [/opt/android-studio/plugins/editorconfig/lib/editorconfig.jar]
java.lang.IllegalArgumentException: No enum constant com.jetbrains.plugin.structure.intellij.plugin.IdePluginContentDescriptor.ListenerType.APPLİCATİON
	at java.base/java.lang.Enum.valueOf(Enum.java:273)
	at com.jetbrains.plugin.structure.intellij.plugin.IdePluginContentDescriptor$ListenerType.valueOf(IdePluginContents.kt)
	at com.jetbrains.plugin.structure.intellij.plugin.PluginCreator.readListeners(PluginCreator.kt:468)
	at com.jetbrains.plugin.structure.intellij.plugin.PluginCreator.setInfoFromBean(PluginCreator.kt:323)
	at com.jetbrains.plugin.structure.intellij.plugin.PluginCreator.resolveDocumentAndValidateBean(PluginCreator.kt:664)
	at com.jetbrains.plugin.structure.intellij.plugin.PluginCreator.access$resolveDocumentAndValidateBean(PluginCreator.kt:31)
	at com.jetbrains.plugin.structure.intellij.plugin.PluginCreator$Companion.createPlugin(PluginCreator.kt:109)
	at com.jetbrains.plugin.structure.intellij.plugin.IdePluginManager.loadPluginInfoFromJarFile(IdePluginManager.kt:62)
	at com.jetbrains.plugin.structure.intellij.plugin.IdePluginManager.loadPluginInfoFromLibDirectory(IdePluginManager.kt:165)
	at com.jetbrains.plugin.structure.intellij.plugin.IdePluginManager.loadPluginInfoFromDirectory(IdePluginManager.kt:97)
	at com.jetbrains.plugin.structure.intellij.plugin.IdePluginManager.loadPluginInfoFromJarOrDirectory(IdePluginManager.kt:206)
	at com.jetbrains.plugin.structure.intellij.plugin.IdePluginManager.getPluginCreatorWithResult(IdePluginManager.kt:347)
	at com.jetbrains.plugin.structure.intellij.plugin.IdePluginManager.createPlugin(IdePluginManager.kt:314)
	at com.jetbrains.plugin.structure.intellij.plugin.IdePluginManager.createPlugin$default(IdePluginManager.kt:312)
	at org.jetbrains.intellij.Utils.createPlugin(utils.kt:222)
	at org.jetbrains.intellij.dependency.BuiltinPluginsRegistry.add(BuiltinPluginsRegistry.kt:89)
	at org.jetbrains.intellij.dependency.BuiltinPluginsRegistry.fillFromDirectory(BuiltinPluginsRegistry.kt:47)
	at org.jetbrains.intellij.dependency.BuiltinPluginsRegistry.access$fillFromDirectory(BuiltinPluginsRegistry.kt:21)
	at org.jetbrains.intellij.dependency.BuiltinPluginsRegistry$Companion.fromDirectory(BuiltinPluginsRegistry.kt:127)
	at org.jetbrains.intellij.dependency.IdeaDependencyManager.createDependency(IdeaDependencyManager.kt:92)
	at org.jetbrains.intellij.dependency.IdeaDependencyManager.resolveLocal(IdeaDependencyManager.kt:430)
	at org.jetbrains.intellij.IntelliJPlugin$prepareIdeaDependencyProvider$1.call(IntelliJPlugin.kt:299)
	at org.jetbrains.intellij.IntelliJPlugin$prepareIdeaDependencyProvider$1.call(IntelliJPlugin.kt:266)
	at org.gradle.api.internal.provider.DefaultProvider.calculateOwnValue(DefaultProvider.java:72)
	at org.gradle.api.internal.provider.AbstractMinimalProvider.calculateValue(AbstractMinimalProvider.java:115)
	at org.gradle.api.internal.provider.TransformBackedProvider.calculateOwnValue(TransformBackedProvider.java:82)
	at org.gradle.api.internal.provider.AbstractMinimalProvider.calculateValue(AbstractMinimalProvider.java:115)
	at org.gradle.api.internal.provider.AbstractMinimalProvider.withFinalValue(AbstractMinimalProvider.java:168)
	at org.gradle.api.internal.provider.DefaultProperty.finalValue(DefaultProperty.java:133)
	at org.gradle.api.internal.provider.DefaultProperty.finalValue(DefaultProperty.java:26)
	at org.gradle.api.internal.provider.AbstractProperty.finalizeNow(AbstractProperty.java:245)
	at org.gradle.api.internal.provider.AbstractProperty.beforeRead(AbstractProperty.java:239)
	at org.gradle.api.internal.provider.AbstractProperty.calculateOwnValue(AbstractProperty.java:135)
	at org.gradle.api.internal.provider.AbstractMinimalProvider.calculateValue(AbstractMinimalProvider.java:115)
	at org.gradle.api.internal.provider.TransformBackedProvider.calculateOwnValue(TransformBackedProvider.java:82)
	at org.gradle.api.internal.provider.AbstractMinimalProvider.calculateValue(AbstractMinimalProvider.java:115)
	at org.gradle.api.internal.provider.Collectors$ElementsFromCollectionProvider.collectEntries(Collectors.java:220)
	at org.gradle.api.internal.provider.AbstractCollectionProperty$CollectingSupplier.calculateValue(AbstractCollectionProperty.java:344)
	at org.gradle.api.internal.provider.AbstractCollectionProperty.calculateValueFrom(AbstractCollectionProperty.java:189)
	at org.gradle.api.internal.provider.AbstractCollectionProperty.calculateValueFrom(AbstractCollectionProperty.java:37)
	at org.gradle.api.internal.provider.AbstractProperty.doCalculateValue(AbstractProperty.java:142)
	at org.gradle.api.internal.provider.AbstractProperty.calculateOwnValue(AbstractProperty.java:136)
	at org.gradle.api.internal.provider.AbstractMinimalProvider.calculateOwnPresentValue(AbstractMinimalProvider.java:80)
	at org.gradle.api.internal.provider.AbstractMinimalProvider.get(AbstractMinimalProvider.java:100)
	at org.jetbrains.intellij.IntelliJPlugin$configurePrepareSandboxTasks$5$5.transform(IntelliJPlugin.kt:625)
	at org.jetbrains.intellij.IntelliJPlugin$configurePrepareSandboxTasks$5$5.transform(IntelliJPlugin.kt:624)
	at org.gradle.api.internal.provider.ValueSupplier$Present.transform(ValueSupplier.java:541)
	at org.gradle.api.internal.provider.TransformBackedProvider.mapValue(TransformBackedProvider.java:91)
	at org.gradle.api.internal.provider.TransformBackedProvider.calculateOwnValue(TransformBackedProvider.java:83)
	at org.gradle.api.internal.provider.AbstractMinimalProvider.calculateOwnPresentValue(AbstractMinimalProvider.java:80)
	at org.gradle.api.internal.provider.AbstractMinimalProvider.get(AbstractMinimalProvider.java:100)
	at org.gradle.api.internal.provider.ProviderResolutionStrategy$2.resolve(ProviderResolutionStrategy.java:33)
	at org.gradle.api.internal.file.collections.ProviderBackedFileCollection.visitDependencies(ProviderBackedFileCollection.java:57)
	at org.gradle.api.internal.tasks.CachingTaskDependencyResolveContext$TaskGraphImpl.getNodeValues(CachingTaskDependencyResolveContext.java:103)
	at org.gradle.internal.graph.CachingDirectedGraphWalker$GraphWithEmptyEdges.getNodeValues(CachingDirectedGraphWalker.java:213)
	at org.gradle.internal.graph.CachingDirectedGraphWalker.doSearch(CachingDirectedGraphWalker.java:121)
	at org.gradle.internal.graph.CachingDirectedGraphWalker.findValues(CachingDirectedGraphWalker.java:73)
	at org.gradle.api.internal.tasks.CachingTaskDependencyResolveContext.getDependencies(CachingTaskDependencyResolveContext.java:66)
	at org.gradle.execution.plan.TaskDependencyResolver.resolveDependenciesFor(TaskDependencyResolver.java:49)
	at org.gradle.execution.plan.LocalTaskNode.getDependencies(LocalTaskNode.java:148)
	at org.gradle.execution.plan.LocalTaskNode.resolveDependencies(LocalTaskNode.java:122)
	at org.gradle.execution.plan.DefaultExecutionPlan.discoverNodeRelationships(DefaultExecutionPlan.java:183)
	at org.gradle.execution.plan.DefaultExecutionPlan.doAddEntryNodes(DefaultExecutionPlan.java:155)
	at org.gradle.execution.plan.DefaultExecutionPlan.addEntryTasks(DefaultExecutionPlan.java:130)
	at org.gradle.execution.plan.DefaultExecutionPlan.addEntryTasks(DefaultExecutionPlan.java:122)
	at org.gradle.execution.TaskNameResolvingBuildTaskScheduler.scheduleRequestedTasks(TaskNameResolvingBuildTaskScheduler.java:54)
	at org.gradle.execution.DefaultTasksBuildTaskScheduler.scheduleRequestedTasks(DefaultTasksBuildTaskScheduler.java:72)
	at org.gradle.initialization.DefaultTaskExecutionPreparer.lambda$scheduleRequestedTasks$0(DefaultTaskExecutionPreparer.java:46)
	at org.gradle.internal.Factories$1.create(Factories.java:31)
	at org.gradle.internal.work.DefaultWorkerLeaseService.withReplacedLocks(DefaultWorkerLeaseService.java:360)
	at org.gradle.api.internal.project.DefaultProjectStateRegistry$DefaultBuildProjectRegistry.withMutableStateOfAllProjects(DefaultProjectStateRegistry.java:239)
	at org.gradle.api.internal.project.DefaultProjectStateRegistry$DefaultBuildProjectRegistry.withMutableStateOfAllProjects(DefaultProjectStateRegistry.java:232)
	at org.gradle.initialization.DefaultTaskExecutionPreparer.scheduleRequestedTasks(DefaultTaskExecutionPreparer.java:45)
	at org.gradle.initialization.VintageBuildModelController.lambda$scheduleRequestedTasks$0(VintageBuildModelController.java:76)
	at org.gradle.internal.model.StateTransitionController.lambda$inState$1(StateTransitionController.java:99)
	at org.gradle.internal.model.StateTransitionController.lambda$inState$2(StateTransitionController.java:114)
	at org.gradle.internal.work.DefaultSynchronizer.withLock(DefaultSynchronizer.java:44)
	at org.gradle.internal.model.StateTransitionController.inState(StateTransitionController.java:110)
	at org.gradle.internal.model.StateTransitionController.inState(StateTransitionController.java:98)
	at org.gradle.initialization.VintageBuildModelController.scheduleRequestedTasks(VintageBuildModelController.java:76)
	at org.gradle.internal.build.DefaultBuildLifecycleController$DefaultWorkGraphBuilder.addRequestedTasks(DefaultBuildLifecycleController.java:404)
	at org.gradle.internal.buildtree.DefaultBuildTreeWorkPreparer.lambda$scheduleRequestedTasks$0(DefaultBuildTreeWorkPreparer.java:41)
	at org.gradle.internal.build.DefaultBuildLifecycleController.lambda$populateWorkGraph$7(DefaultBuildLifecycleController.java:189)
	at org.gradle.internal.build.DefaultBuildWorkPreparer.populateWorkGraph(DefaultBuildWorkPreparer.java:42)
	at org.gradle.internal.build.BuildOperationFiringBuildWorkPreparer$PopulateWorkGraph.populateTaskGraph(BuildOperationFiringBuildWorkPreparer.java:106)
	at org.gradle.internal.build.BuildOperationFiringBuildWorkPreparer$PopulateWorkGraph.run(BuildOperationFiringBuildWorkPreparer.java:92)
	at org.gradle.internal.operations.DefaultBuildOperationRunner$1.execute(DefaultBuildOperationRunner.java:29)
	at org.gradle.internal.operations.DefaultBuildOperationRunner$1.execute(DefaultBuildOperationRunner.java:26)
	at org.gradle.internal.operations.DefaultBuildOperationRunner$2.execute(DefaultBuildOperationRunner.java:66)
	at org.gradle.internal.operations.DefaultBuildOperationRunner$2.execute(DefaultBuildOperationRunner.java:59)
	at org.gradle.internal.operations.DefaultBuildOperationRunner.execute(DefaultBuildOperationRunner.java:157)
	at org.gradle.internal.operations.DefaultBuildOperationRunner.execute(DefaultBuildOperationRunner.java:59)
	at org.gradle.internal.operations.DefaultBuildOperationRunner.run(DefaultBuildOperationRunner.java:47)
	at org.gradle.internal.operations.DefaultBuildOperationExecutor.run(DefaultBuildOperationExecutor.java:68)
	at org.gradle.internal.build.BuildOperationFiringBuildWorkPreparer.populateWorkGraph(BuildOperationFiringBuildWorkPreparer.java:67)
	at org.gradle.internal.build.DefaultBuildLifecycleController.lambda$populateWorkGraph$8(DefaultBuildLifecycleController.java:189)
	at org.gradle.internal.model.StateTransitionController.lambda$inState$1(StateTransitionController.java:99)
	at org.gradle.internal.model.StateTransitionController.lambda$inState$2(StateTransitionController.java:114)
	at org.gradle.internal.work.DefaultSynchronizer.withLock(DefaultSynchronizer.java:44)
	at org.gradle.internal.model.StateTransitionController.inState(StateTransitionController.java:110)
	at org.gradle.internal.model.StateTransitionController.inState(StateTransitionController.java:98)
	at org.gradle.internal.build.DefaultBuildLifecycleController.populateWorkGraph(DefaultBuildLifecycleController.java:189)
	at org.gradle.internal.build.DefaultBuildWorkGraphController$DefaultBuildWorkGraph.populateWorkGraph(DefaultBuildWorkGraphController.java:169)
	at org.gradle.composite.internal.DefaultBuildController.populateWorkGraph(DefaultBuildController.java:76)
	at org.gradle.composite.internal.DefaultIncludedBuildTaskGraph$DefaultBuildTreeWorkGraphBuilder.withWorkGraph(DefaultIncludedBuildTaskGraph.java:153)
	at org.gradle.internal.buildtree.DefaultBuildTreeWorkPreparer.lambda$scheduleRequestedTasks$1(DefaultBuildTreeWorkPreparer.java:41)
	at org.gradle.composite.internal.DefaultIncludedBuildTaskGraph$DefaultBuildTreeWorkGraph$1.run(DefaultIncludedBuildTaskGraph.java:209)
	at org.gradle.internal.operations.DefaultBuildOperationRunner$1.execute(DefaultBuildOperationRunner.java:29)
	at org.gradle.internal.operations.DefaultBuildOperationRunner$1.execute(DefaultBuildOperationRunner.java:26)
	at org.gradle.internal.operations.DefaultBuildOperationRunner$2.execute(DefaultBuildOperationRunner.java:66)
	at org.gradle.internal.operations.DefaultBuildOperationRunner$2.execute(DefaultBuildOperationRunner.java:59)
	at org.gradle.internal.operations.DefaultBuildOperationRunner.execute(DefaultBuildOperationRunner.java:157)
	at org.gradle.internal.operations.DefaultBuildOperationRunner.execute(DefaultBuildOperationRunner.java:59)
	at org.gradle.internal.operations.DefaultBuildOperationRunner.run(DefaultBuildOperationRunner.java:47)
	at org.gradle.internal.operations.DefaultBuildOperationExecutor.run(DefaultBuildOperationExecutor.java:68)
	at org.gradle.composite.internal.DefaultIncludedBuildTaskGraph$DefaultBuildTreeWorkGraph.scheduleWork(DefaultIncludedBuildTaskGraph.java:204)
	at org.gradle.internal.buildtree.DefaultBuildTreeWorkPreparer.scheduleRequestedTasks(DefaultBuildTreeWorkPreparer.java:37)
	at org.gradle.configurationcache.VintageBuildTreeWorkController$scheduleAndRunRequestedTasks$1.apply(VintageBuildTreeWorkController.kt:36)
	at org.gradle.configurationcache.VintageBuildTreeWorkController$scheduleAndRunRequestedTasks$1.apply(VintageBuildTreeWorkController.kt:35)
	at org.gradle.composite.internal.DefaultIncludedBuildTaskGraph.withNewWorkGraph(DefaultIncludedBuildTaskGraph.java:112)
	at org.gradle.configurationcache.VintageBuildTreeWorkController.scheduleAndRunRequestedTasks(VintageBuildTreeWorkController.kt:35)
	at org.gradle.internal.buildtree.DefaultBuildTreeLifecycleController.lambda$scheduleAndRunTasks$1(DefaultBuildTreeLifecycleController.java:76)
	at org.gradle.internal.buildtree.DefaultBuildTreeLifecycleController.lambda$runBuild$4(DefaultBuildTreeLifecycleController.java:119)
	at org.gradle.internal.model.StateTransitionController.lambda$transition$6(StateTransitionController.java:169)
	at org.gradle.internal.model.StateTransitionController.doTransition(StateTransitionController.java:266)
	at org.gradle.internal.model.StateTransitionController.lambda$transition$7(StateTransitionController.java:169)
	at org.gradle.internal.work.DefaultSynchronizer.withLock(DefaultSynchronizer.java:44)
	at org.gradle.internal.model.StateTransitionController.transition(StateTransitionController.java:169)
	at org.gradle.internal.buildtree.DefaultBuildTreeLifecycleController.runBuild(DefaultBuildTreeLifecycleController.java:116)
	at org.gradle.internal.buildtree.DefaultBuildTreeLifecycleController.scheduleAndRunTasks(DefaultBuildTreeLifecycleController.java:76)
	at org.gradle.internal.buildtree.DefaultBuildTreeLifecycleController.scheduleAndRunTasks(DefaultBuildTreeLifecycleController.java:71)
	at org.gradle.tooling.internal.provider.ExecuteBuildActionRunner.run(ExecuteBuildActionRunner.java:31)
	at org.gradle.launcher.exec.ChainingBuildActionRunner.run(ChainingBuildActionRunner.java:35)
	at org.gradle.internal.buildtree.ProblemReportingBuildActionRunner.run(ProblemReportingBuildActionRunner.java:49)
	at org.gradle.launcher.exec.BuildOutcomeReportingBuildActionRunner.run(BuildOutcomeReportingBuildActionRunner.java:65)
	at org.gradle.tooling.internal.provider.FileSystemWatchingBuildActionRunner.run(FileSystemWatchingBuildActionRunner.java:140)
	at org.gradle.launcher.exec.BuildCompletionNotifyingBuildActionRunner.run(BuildCompletionNotifyingBuildActionRunner.java:41)
	at org.gradle.launcher.exec.RootBuildLifecycleBuildActionExecutor.lambda$execute$0(RootBuildLifecycleBuildActionExecutor.java:40)
	at org.gradle.composite.internal.DefaultRootBuildState.run(DefaultRootBuildState.java:123)
	at org.gradle.launcher.exec.RootBuildLifecycleBuildActionExecutor.execute(RootBuildLifecycleBuildActionExecutor.java:40)
	at org.gradle.internal.buildtree.InitDeprecationLoggingActionExecutor.execute(InitDeprecationLoggingActionExecutor.java:62)
	at org.gradle.internal.buildtree.InitProblems.execute(InitProblems.java:38)
	at org.gradle.internal.buildtree.DefaultBuildTreeContext.execute(DefaultBuildTreeContext.java:40)
	at org.gradle.launcher.exec.BuildTreeLifecycleBuildActionExecutor.lambda$execute$0(BuildTreeLifecycleBuildActionExecutor.java:58)
	at org.gradle.internal.buildtree.BuildTreeState.run(BuildTreeState.java:58)
	at org.gradle.launcher.exec.BuildTreeLifecycleBuildActionExecutor.execute(BuildTreeLifecycleBuildActionExecutor.java:58)
	at org.gradle.launcher.exec.RunAsBuildOperationBuildActionExecutor$3.call(RunAsBuildOperationBuildActionExecutor.java:61)
	at org.gradle.launcher.exec.RunAsBuildOperationBuildActionExecutor$3.call(RunAsBuildOperationBuildActionExecutor.java:57)
	at org.gradle.internal.operations.DefaultBuildOperationRunner$CallableBuildOperationWorker.execute(DefaultBuildOperationRunner.java:204)
	at org.gradle.internal.operations.DefaultBuildOperationRunner$CallableBuildOperationWorker.execute(DefaultBuildOperationRunner.java:199)
	at org.gradle.internal.operations.DefaultBuildOperationRunner$2.execute(DefaultBuildOperationRunner.java:66)
	at org.gradle.internal.operations.DefaultBuildOperationRunner$2.execute(DefaultBuildOperationRunner.java:59)
	at org.gradle.internal.operations.DefaultBuildOperationRunner.execute(DefaultBuildOperationRunner.java:157)
	at org.gradle.internal.operations.DefaultBuildOperationRunner.execute(DefaultBuildOperationRunner.java:59)
	at org.gradle.internal.operations.DefaultBuildOperationRunner.call(DefaultBuildOperationRunner.java:53)
	at org.gradle.internal.operations.DefaultBuildOperationExecutor.call(DefaultBuildOperationExecutor.java:73)
	at org.gradle.launcher.exec.RunAsBuildOperationBuildActionExecutor.execute(RunAsBuildOperationBuildActionExecutor.java:57)
	at org.gradle.launcher.exec.RunAsWorkerThreadBuildActionExecutor.lambda$execute$0(RunAsWorkerThreadBuildActionExecutor.java:36)
	at org.gradle.internal.work.DefaultWorkerLeaseService.withLocks(DefaultWorkerLeaseService.java:264)
	at org.gradle.internal.work.DefaultWorkerLeaseService.runAsWorkerThread(DefaultWorkerLeaseService.java:128)
	at org.gradle.launcher.exec.RunAsWorkerThreadBuildActionExecutor.execute(RunAsWorkerThreadBuildActionExecutor.java:36)
	at org.gradle.tooling.internal.provider.continuous.ContinuousBuildActionExecutor.execute(ContinuousBuildActionExecutor.java:110)
	at org.gradle.tooling.internal.provider.SubscribableBuildActionExecutor.execute(SubscribableBuildActionExecutor.java:64)
	at org.gradle.internal.session.DefaultBuildSessionContext.execute(DefaultBuildSessionContext.java:46)
	at org.gradle.tooling.internal.provider.BuildSessionLifecycleBuildActionExecuter$ActionImpl.apply(BuildSessionLifecycleBuildActionExecuter.java:92)
	at org.gradle.tooling.internal.provider.BuildSessionLifecycleBuildActionExecuter$ActionImpl.apply(BuildSessionLifecycleBuildActionExecuter.java:80)
	at org.gradle.internal.session.BuildSessionState.run(BuildSessionState.java:69)
	at org.gradle.tooling.internal.provider.BuildSessionLifecycleBuildActionExecuter.execute(BuildSessionLifecycleBuildActionExecuter.java:62)
	at org.gradle.tooling.internal.provider.BuildSessionLifecycleBuildActionExecuter.execute(BuildSessionLifecycleBuildActionExecuter.java:41)
	at org.gradle.tooling.internal.provider.StartParamsValidatingActionExecuter.execute(StartParamsValidatingActionExecuter.java:64)
	at org.gradle.tooling.internal.provider.StartParamsValidatingActionExecuter.execute(StartParamsValidatingActionExecuter.java:32)
	at org.gradle.tooling.internal.provider.SessionFailureReportingActionExecuter.execute(SessionFailureReportingActionExecuter.java:51)
	at org.gradle.tooling.internal.provider.SessionFailureReportingActionExecuter.execute(SessionFailureReportingActionExecuter.java:39)
	at org.gradle.tooling.internal.provider.SetupLoggingActionExecuter.execute(SetupLoggingActionExecuter.java:47)
	at org.gradle.tooling.internal.provider.SetupLoggingActionExecuter.execute(SetupLoggingActionExecuter.java:31)
	at org.gradle.launcher.daemon.server.exec.ExecuteBuild.doBuild(ExecuteBuild.java:65)
	at org.gradle.launcher.daemon.server.exec.BuildCommandOnly.execute(BuildCommandOnly.java:37)
	at org.gradle.launcher.daemon.server.api.DaemonCommandExecution.proceed(DaemonCommandExecution.java:104)
	at org.gradle.launcher.daemon.server.exec.WatchForDisconnection.execute(WatchForDisconnection.java:39)
	at org.gradle.launcher.daemon.server.api.DaemonCommandExecution.proceed(DaemonCommandExecution.java:104)
	at org.gradle.launcher.daemon.server.exec.ResetDeprecationLogger.execute(ResetDeprecationLogger.java:29)
	at org.gradle.launcher.daemon.server.api.DaemonCommandExecution.proceed(DaemonCommandExecution.java:104)
	at org.gradle.launcher.daemon.server.exec.RequestStopIfSingleUsedDaemon.execute(RequestStopIfSingleUsedDaemon.java:35)
	at org.gradle.launcher.daemon.server.api.DaemonCommandExecution.proceed(DaemonCommandExecution.java:104)
	at org.gradle.launcher.daemon.server.exec.ForwardClientInput$2.create(ForwardClientInput.java:78)
	at org.gradle.launcher.daemon.server.exec.ForwardClientInput$2.create(ForwardClientInput.java:75)
	at org.gradle.util.internal.Swapper.swap(Swapper.java:38)
	at org.gradle.launcher.daemon.server.exec.ForwardClientInput.execute(ForwardClientInput.java:75)
	at org.gradle.launcher.daemon.server.api.DaemonCommandExecution.proceed(DaemonCommandExecution.java:104)
	at org.gradle.launcher.daemon.server.exec.LogAndCheckHealth.execute(LogAndCheckHealth.java:64)
	at org.gradle.launcher.daemon.server.api.DaemonCommandExecution.proceed(DaemonCommandExecution.java:104)
	at org.gradle.launcher.daemon.server.exec.LogToClient.doBuild(LogToClient.java:63)
	at org.gradle.launcher.daemon.server.exec.BuildCommandOnly.execute(BuildCommandOnly.java:37)
	at org.gradle.launcher.daemon.server.api.DaemonCommandExecution.proceed(DaemonCommandExecution.java:104)
	at org.gradle.launcher.daemon.server.exec.EstablishBuildEnvironment.doBuild(EstablishBuildEnvironment.java:84)
	at org.gradle.launcher.daemon.server.exec.BuildCommandOnly.execute(BuildCommandOnly.java:37)
	at org.gradle.launcher.daemon.server.api.DaemonCommandExecution.proceed(DaemonCommandExecution.java:104)
	at org.gradle.launcher.daemon.server.exec.StartBuildOrRespondWithBusy$1.run(StartBuildOrRespondWithBusy.java:52)
	at org.gradle.launcher.daemon.server.DaemonStateCoordinator$1.run(DaemonStateCoordinator.java:297)
	at org.gradle.internal.concurrent.ExecutorPolicy$CatchAndRecordFailures.onExecute(ExecutorPolicy.java:64)
	at org.gradle.internal.concurrent.AbstractManagedExecutor$1.run(AbstractManagedExecutor.java:47)
	at java.base/java.util.concurrent.ThreadPoolExecutor.runWorker(ThreadPoolExecutor.java:1136)
	at java.base/java.util.concurrent.ThreadPoolExecutor$Worker.run(ThreadPoolExecutor.java:635)
	at java.base/java.lang.Thread.run(Thread.java:840)
[gradle-intellij-plugin :] Cannot create plugin from file '/opt/android-studio/plugins/editorconfig': Invalid plugin descriptor 'plugin.xml'. Unable to read the plugin descriptor: No enum constant com.jetbrains.plugin.structure.intellij.plugin.IdePluginContentDescriptor.ListenerType.APPLİCATİON.
Unable to read descriptor [plugin.xml] from [/opt/android-studio/plugins/firebase/lib/firebase.jar]
java.lang.IllegalArgumentException: No enum constant com.jetbrains.plugin.structure.intellij.plugin.IdePluginContentDescriptor.ServiceType.APPLİCATİON
	at java.base/java.lang.Enum.valueOf(Enum.java:273)
	at com.jetbrains.plugin.structure.intellij.plugin.IdePluginContentDescriptor$ServiceType.valueOf(IdePluginContents.kt)
	at com.jetbrains.plugin.structure.intellij.plugin.PluginCreator.readServiceDescriptor(PluginCreator.kt:406)
	at com.jetbrains.plugin.structure.intellij.plugin.PluginCreator.readExtensions(PluginCreator.kt:341)
	at com.jetbrains.plugin.structure.intellij.plugin.PluginCreator.setInfoFromBean(PluginCreator.kt:320)
	at com.jetbrains.plugin.structure.intellij.plugin.PluginCreator.resolveDocumentAndValidateBean(PluginCreator.kt:664)
	at com.jetbrains.plugin.structure.intellij.plugin.PluginCreator.access$resolveDocumentAndValidateBean(PluginCreator.kt:31)
	at com.jetbrains.plugin.structure.intellij.plugin.PluginCreator$Companion.createPlugin(PluginCreator.kt:109)
	at com.jetbrains.plugin.structure.intellij.plugin.IdePluginManager.loadPluginInfoFromJarFile(IdePluginManager.kt:62)
	at com.jetbrains.plugin.structure.intellij.plugin.IdePluginManager.loadPluginInfoFromLibDirectory(IdePluginManager.kt:165)
	at com.jetbrains.plugin.structure.intellij.plugin.IdePluginManager.loadPluginInfoFromDirectory(IdePluginManager.kt:97)
	at com.jetbrains.plugin.structure.intellij.plugin.IdePluginManager.loadPluginInfoFromJarOrDirectory(IdePluginManager.kt:206)
	at com.jetbrains.plugin.structure.intellij.plugin.IdePluginManager.getPluginCreatorWithResult(IdePluginManager.kt:347)
	at com.jetbrains.plugin.structure.intellij.plugin.IdePluginManager.createPlugin(IdePluginManager.kt:314)
	at com.jetbrains.plugin.structure.intellij.plugin.IdePluginManager.createPlugin$default(IdePluginManager.kt:312)
	at org.jetbrains.intellij.Utils.createPlugin(utils.kt:222)
	at org.jetbrains.intellij.dependency.BuiltinPluginsRegistry.add(BuiltinPluginsRegistry.kt:89)
	at org.jetbrains.intellij.dependency.BuiltinPluginsRegistry.fillFromDirectory(BuiltinPluginsRegistry.kt:47)
	at org.jetbrains.intellij.dependency.BuiltinPluginsRegistry.access$fillFromDirectory(BuiltinPluginsRegistry.kt:21)
	at org.jetbrains.intellij.dependency.BuiltinPluginsRegistry$Companion.fromDirectory(BuiltinPluginsRegistry.kt:127)
	at org.jetbrains.intellij.dependency.IdeaDependencyManager.createDependency(IdeaDependencyManager.kt:92)
	at org.jetbrains.intellij.dependency.IdeaDependencyManager.resolveLocal(IdeaDependencyManager.kt:430)
	at org.jetbrains.intellij.IntelliJPlugin$prepareIdeaDependencyProvider$1.call(IntelliJPlugin.kt:299)
	at org.jetbrains.intellij.IntelliJPlugin$prepareIdeaDependencyProvider$1.call(IntelliJPlugin.kt:266)
	at org.gradle.api.internal.provider.DefaultProvider.calculateOwnValue(DefaultProvider.java:72)
	at org.gradle.api.internal.provider.AbstractMinimalProvider.calculateValue(AbstractMinimalProvider.java:115)
	at org.gradle.api.internal.provider.TransformBackedProvider.calculateOwnValue(TransformBackedProvider.java:82)
	at org.gradle.api.internal.provider.AbstractMinimalProvider.calculateValue(AbstractMinimalProvider.java:115)
	at org.gradle.api.internal.provider.AbstractMinimalProvider.withFinalValue(AbstractMinimalProvider.java:168)
	at org.gradle.api.internal.provider.DefaultProperty.finalValue(DefaultProperty.java:133)
	at org.gradle.api.internal.provider.DefaultProperty.finalValue(DefaultProperty.java:26)
	at org.gradle.api.internal.provider.AbstractProperty.finalizeNow(AbstractProperty.java:245)
	at org.gradle.api.internal.provider.AbstractProperty.beforeRead(AbstractProperty.java:239)
	at org.gradle.api.internal.provider.AbstractProperty.calculateOwnValue(AbstractProperty.java:135)
	at org.gradle.api.internal.provider.AbstractMinimalProvider.calculateValue(AbstractMinimalProvider.java:115)
	at org.gradle.api.internal.provider.TransformBackedProvider.calculateOwnValue(TransformBackedProvider.java:82)
	at org.gradle.api.internal.provider.AbstractMinimalProvider.calculateValue(AbstractMinimalProvider.java:115)
	at org.gradle.api.internal.provider.Collectors$ElementsFromCollectionProvider.collectEntries(Collectors.java:220)
	at org.gradle.api.internal.provider.AbstractCollectionProperty$CollectingSupplier.calculateValue(AbstractCollectionProperty.java:344)
	at org.gradle.api.internal.provider.AbstractCollectionProperty.calculateValueFrom(AbstractCollectionProperty.java:189)
	at org.gradle.api.internal.provider.AbstractCollectionProperty.calculateValueFrom(AbstractCollectionProperty.java:37)
	at org.gradle.api.internal.provider.AbstractProperty.doCalculateValue(AbstractProperty.java:142)
	at org.gradle.api.internal.provider.AbstractProperty.calculateOwnValue(AbstractProperty.java:136)
	at org.gradle.api.internal.provider.AbstractMinimalProvider.calculateOwnPresentValue(AbstractMinimalProvider.java:80)
	at org.gradle.api.internal.provider.AbstractMinimalProvider.get(AbstractMinimalProvider.java:100)
	at org.jetbrains.intellij.IntelliJPlugin$configurePrepareSandboxTasks$5$5.transform(IntelliJPlugin.kt:625)
	at org.jetbrains.intellij.IntelliJPlugin$configurePrepareSandboxTasks$5$5.transform(IntelliJPlugin.kt:624)
	at org.gradle.api.internal.provider.ValueSupplier$Present.transform(ValueSupplier.java:541)
	at org.gradle.api.internal.provider.TransformBackedProvider.mapValue(TransformBackedProvider.java:91)
	at org.gradle.api.internal.provider.TransformBackedProvider.calculateOwnValue(TransformBackedProvider.java:83)
	at org.gradle.api.internal.provider.AbstractMinimalProvider.calculateOwnPresentValue(AbstractMinimalProvider.java:80)
	at org.gradle.api.internal.provider.AbstractMinimalProvider.get(AbstractMinimalProvider.java:100)
	at org.gradle.api.internal.provider.ProviderResolutionStrategy$2.resolve(ProviderResolutionStrategy.java:33)
	at org.gradle.api.internal.file.collections.ProviderBackedFileCollection.visitDependencies(ProviderBackedFileCollection.java:57)
	at org.gradle.api.internal.tasks.CachingTaskDependencyResolveContext$TaskGraphImpl.getNodeValues(CachingTaskDependencyResolveContext.java:103)
	at org.gradle.internal.graph.CachingDirectedGraphWalker$GraphWithEmptyEdges.getNodeValues(CachingDirectedGraphWalker.java:213)
	at org.gradle.internal.graph.CachingDirectedGraphWalker.doSearch(CachingDirectedGraphWalker.java:121)
	at org.gradle.internal.graph.CachingDirectedGraphWalker.findValues(CachingDirectedGraphWalker.java:73)
	at org.gradle.api.internal.tasks.CachingTaskDependencyResolveContext.getDependencies(CachingTaskDependencyResolveContext.java:66)
	at org.gradle.execution.plan.TaskDependencyResolver.resolveDependenciesFor(TaskDependencyResolver.java:49)
	at org.gradle.execution.plan.LocalTaskNode.getDependencies(LocalTaskNode.java:148)
	at org.gradle.execution.plan.LocalTaskNode.resolveDependencies(LocalTaskNode.java:122)
	at org.gradle.execution.plan.DefaultExecutionPlan.discoverNodeRelationships(DefaultExecutionPlan.java:183)
	at org.gradle.execution.plan.DefaultExecutionPlan.doAddEntryNodes(DefaultExecutionPlan.java:155)
	at org.gradle.execution.plan.DefaultExecutionPlan.addEntryTasks(DefaultExecutionPlan.java:130)
	at org.gradle.execution.plan.DefaultExecutionPlan.addEntryTasks(DefaultExecutionPlan.java:122)
	at org.gradle.execution.TaskNameResolvingBuildTaskScheduler.scheduleRequestedTasks(TaskNameResolvingBuildTaskScheduler.java:54)
	at org.gradle.execution.DefaultTasksBuildTaskScheduler.scheduleRequestedTasks(DefaultTasksBuildTaskScheduler.java:72)
	at org.gradle.initialization.DefaultTaskExecutionPreparer.lambda$scheduleRequestedTasks$0(DefaultTaskExecutionPreparer.java:46)
	at org.gradle.internal.Factories$1.create(Factories.java:31)
	at org.gradle.internal.work.DefaultWorkerLeaseService.withReplacedLocks(DefaultWorkerLeaseService.java:360)
	at org.gradle.api.internal.project.DefaultProjectStateRegistry$DefaultBuildProjectRegistry.withMutableStateOfAllProjects(DefaultProjectStateRegistry.java:239)
	at org.gradle.api.internal.project.DefaultProjectStateRegistry$DefaultBuildProjectRegistry.withMutableStateOfAllProjects(DefaultProjectStateRegistry.java:232)
	at org.gradle.initialization.DefaultTaskExecutionPreparer.scheduleRequestedTasks(DefaultTaskExecutionPreparer.java:45)
	at org.gradle.initialization.VintageBuildModelController.lambda$scheduleRequestedTasks$0(VintageBuildModelController.java:76)
	at org.gradle.internal.model.StateTransitionController.lambda$inState$1(StateTransitionController.java:99)
	at org.gradle.internal.model.StateTransitionController.lambda$inState$2(StateTransitionController.java:114)
	at org.gradle.internal.work.DefaultSynchronizer.withLock(DefaultSynchronizer.java:44)
	at org.gradle.internal.model.StateTransitionController.inState(StateTransitionController.java:110)
	at org.gradle.internal.model.StateTransitionController.inState(StateTransitionController.java:98)
	at org.gradle.initialization.VintageBuildModelController.scheduleRequestedTasks(VintageBuildModelController.java:76)
	at org.gradle.internal.build.DefaultBuildLifecycleController$DefaultWorkGraphBuilder.addRequestedTasks(DefaultBuildLifecycleController.java:404)
	at org.gradle.internal.buildtree.DefaultBuildTreeWorkPreparer.lambda$scheduleRequestedTasks$0(DefaultBuildTreeWorkPreparer.java:41)
	at org.gradle.internal.build.DefaultBuildLifecycleController.lambda$populateWorkGraph$7(DefaultBuildLifecycleController.java:189)
	at org.gradle.internal.build.DefaultBuildWorkPreparer.populateWorkGraph(DefaultBuildWorkPreparer.java:42)
	at org.gradle.internal.build.BuildOperationFiringBuildWorkPreparer$PopulateWorkGraph.populateTaskGraph(BuildOperationFiringBuildWorkPreparer.java:106)
	at org.gradle.internal.build.BuildOperationFiringBuildWorkPreparer$PopulateWorkGraph.run(BuildOperationFiringBuildWorkPreparer.java:92)
	at org.gradle.internal.operations.DefaultBuildOperationRunner$1.execute(DefaultBuildOperationRunner.java:29)
	at org.gradle.internal.operations.DefaultBuildOperationRunner$1.execute(DefaultBuildOperationRunner.java:26)
	at org.gradle.internal.operations.DefaultBuildOperationRunner$2.execute(DefaultBuildOperationRunner.java:66)
	at org.gradle.internal.operations.DefaultBuildOperationRunner$2.execute(DefaultBuildOperationRunner.java:59)
	at org.gradle.internal.operations.DefaultBuildOperationRunner.execute(DefaultBuildOperationRunner.java:157)
	at org.gradle.internal.operations.DefaultBuildOperationRunner.execute(DefaultBuildOperationRunner.java:59)
	at org.gradle.internal.operations.DefaultBuildOperationRunner.run(DefaultBuildOperationRunner.java:47)
	at org.gradle.internal.operations.DefaultBuildOperationExecutor.run(DefaultBuildOperationExecutor.java:68)
	at org.gradle.internal.build.BuildOperationFiringBuildWorkPreparer.populateWorkGraph(BuildOperationFiringBuildWorkPreparer.java:67)
	at org.gradle.internal.build.DefaultBuildLifecycleController.lambda$populateWorkGraph$8(DefaultBuildLifecycleController.java:189)
	at org.gradle.internal.model.StateTransitionController.lambda$inState$1(StateTransitionController.java:99)
	at org.gradle.internal.model.StateTransitionController.lambda$inState$2(StateTransitionController.java:114)
	at org.gradle.internal.work.DefaultSynchronizer.withLock(DefaultSynchronizer.java:44)
	at org.gradle.internal.model.StateTransitionController.inState(StateTransitionController.java:110)
	at org.gradle.internal.model.StateTransitionController.inState(StateTransitionController.java:98)
	at org.gradle.internal.build.DefaultBuildLifecycleController.populateWorkGraph(DefaultBuildLifecycleController.java:189)
	at org.gradle.internal.build.DefaultBuildWorkGraphController$DefaultBuildWorkGraph.populateWorkGraph(DefaultBuildWorkGraphController.java:169)
	at org.gradle.composite.internal.DefaultBuildController.populateWorkGraph(DefaultBuildController.java:76)
	at org.gradle.composite.internal.DefaultIncludedBuildTaskGraph$DefaultBuildTreeWorkGraphBuilder.withWorkGraph(DefaultIncludedBuildTaskGraph.java:153)
	at org.gradle.internal.buildtree.DefaultBuildTreeWorkPreparer.lambda$scheduleRequestedTasks$1(DefaultBuildTreeWorkPreparer.java:41)
	at org.gradle.composite.internal.DefaultIncludedBuildTaskGraph$DefaultBuildTreeWorkGraph$1.run(DefaultIncludedBuildTaskGraph.java:209)
	at org.gradle.internal.operations.DefaultBuildOperationRunner$1.execute(DefaultBuildOperationRunner.java:29)
	at org.gradle.internal.operations.DefaultBuildOperationRunner$1.execute(DefaultBuildOperationRunner.java:26)
	at org.gradle.internal.operations.DefaultBuildOperationRunner$2.execute(DefaultBuildOperationRunner.java:66)
	at org.gradle.internal.operations.DefaultBuildOperationRunner$2.execute(DefaultBuildOperationRunner.java:59)
	at org.gradle.internal.operations.DefaultBuildOperationRunner.execute(DefaultBuildOperationRunner.java:157)
	at org.gradle.internal.operations.DefaultBuildOperationRunner.execute(DefaultBuildOperationRunner.java:59)
	at org.gradle.internal.operations.DefaultBuildOperationRunner.run(DefaultBuildOperationRunner.java:47)
	at org.gradle.internal.operations.DefaultBuildOperationExecutor.run(DefaultBuildOperationExecutor.java:68)
	at org.gradle.composite.internal.DefaultIncludedBuildTaskGraph$DefaultBuildTreeWorkGraph.scheduleWork(DefaultIncludedBuildTaskGraph.java:204)
	at org.gradle.internal.buildtree.DefaultBuildTreeWorkPreparer.scheduleRequestedTasks(DefaultBuildTreeWorkPreparer.java:37)
	at org.gradle.configurationcache.VintageBuildTreeWorkController$scheduleAndRunRequestedTasks$1.apply(VintageBuildTreeWorkController.kt:36)
	at org.gradle.configurationcache.VintageBuildTreeWorkController$scheduleAndRunRequestedTasks$1.apply(VintageBuildTreeWorkController.kt:35)
	at org.gradle.composite.internal.DefaultIncludedBuildTaskGraph.withNewWorkGraph(DefaultIncludedBuildTaskGraph.java:112)
	at org.gradle.configurationcache.VintageBuildTreeWorkController.scheduleAndRunRequestedTasks(VintageBuildTreeWorkController.kt:35)
	at org.gradle.internal.buildtree.DefaultBuildTreeLifecycleController.lambda$scheduleAndRunTasks$1(DefaultBuildTreeLifecycleController.java:76)
	at org.gradle.internal.buildtree.DefaultBuildTreeLifecycleController.lambda$runBuild$4(DefaultBuildTreeLifecycleController.java:119)
	at org.gradle.internal.model.StateTransitionController.lambda$transition$6(StateTransitionController.java:169)
	at org.gradle.internal.model.StateTransitionController.doTransition(StateTransitionController.java:266)
	at org.gradle.internal.model.StateTransitionController.lambda$transition$7(StateTransitionController.java:169)
	at org.gradle.internal.work.DefaultSynchronizer.withLock(DefaultSynchronizer.java:44)
	at org.gradle.internal.model.StateTransitionController.transition(StateTransitionController.java:169)
	at org.gradle.internal.buildtree.DefaultBuildTreeLifecycleController.runBuild(DefaultBuildTreeLifecycleController.java:116)
	at org.gradle.internal.buildtree.DefaultBuildTreeLifecycleController.scheduleAndRunTasks(DefaultBuildTreeLifecycleController.java:76)
	at org.gradle.internal.buildtree.DefaultBuildTreeLifecycleController.scheduleAndRunTasks(DefaultBuildTreeLifecycleController.java:71)
	at org.gradle.tooling.internal.provider.ExecuteBuildActionRunner.run(ExecuteBuildActionRunner.java:31)
	at org.gradle.launcher.exec.ChainingBuildActionRunner.run(ChainingBuildActionRunner.java:35)
	at org.gradle.internal.buildtree.ProblemReportingBuildActionRunner.run(ProblemReportingBuildActionRunner.java:49)
	at org.gradle.launcher.exec.BuildOutcomeReportingBuildActionRunner.run(BuildOutcomeReportingBuildActionRunner.java:65)
	at org.gradle.tooling.internal.provider.FileSystemWatchingBuildActionRunner.run(FileSystemWatchingBuildActionRunner.java:140)
	at org.gradle.launcher.exec.BuildCompletionNotifyingBuildActionRunner.run(BuildCompletionNotifyingBuildActionRunner.java:41)
	at org.gradle.launcher.exec.RootBuildLifecycleBuildActionExecutor.lambda$execute$0(RootBuildLifecycleBuildActionExecutor.java:40)
	at org.gradle.composite.internal.DefaultRootBuildState.run(DefaultRootBuildState.java:123)
	at org.gradle.launcher.exec.RootBuildLifecycleBuildActionExecutor.execute(RootBuildLifecycleBuildActionExecutor.java:40)
	at org.gradle.internal.buildtree.InitDeprecationLoggingActionExecutor.execute(InitDeprecationLoggingActionExecutor.java:62)
	at org.gradle.internal.buildtree.InitProblems.execute(InitProblems.java:38)
	at org.gradle.internal.buildtree.DefaultBuildTreeContext.execute(DefaultBuildTreeContext.java:40)
	at org.gradle.launcher.exec.BuildTreeLifecycleBuildActionExecutor.lambda$execute$0(BuildTreeLifecycleBuildActionExecutor.java:58)
	at org.gradle.internal.buildtree.BuildTreeState.run(BuildTreeState.java:58)
	at org.gradle.launcher.exec.BuildTreeLifecycleBuildActionExecutor.execute(BuildTreeLifecycleBuildActionExecutor.java:58)
	at org.gradle.launcher.exec.RunAsBuildOperationBuildActionExecutor$3.call(RunAsBuildOperationBuildActionExecutor.java:61)
	at org.gradle.launcher.exec.RunAsBuildOperationBuildActionExecutor$3.call(RunAsBuildOperationBuildActionExecutor.java:57)
	at org.gradle.internal.operations.DefaultBuildOperationRunner$CallableBuildOperationWorker.execute(DefaultBuildOperationRunner.java:204)
	at org.gradle.internal.operations.DefaultBuildOperationRunner$CallableBuildOperationWorker.execute(DefaultBuildOperationRunner.java:199)
	at org.gradle.internal.operations.DefaultBuildOperationRunner$2.execute(DefaultBuildOperationRunner.java:66)
	at org.gradle.internal.operations.DefaultBuildOperationRunner$2.execute(DefaultBuildOperationRunner.java:59)
	at org.gradle.internal.operations.DefaultBuildOperationRunner.execute(DefaultBuildOperationRunner.java:157)
	at org.gradle.internal.operations.DefaultBuildOperationRunner.execute(DefaultBuildOperationRunner.java:59)
	at org.gradle.internal.operations.DefaultBuildOperationRunner.call(DefaultBuildOperationRunner.java:53)
	at org.gradle.internal.operations.DefaultBuildOperationExecutor.call(DefaultBuildOperationExecutor.java:73)
	at org.gradle.launcher.exec.RunAsBuildOperationBuildActionExecutor.execute(RunAsBuildOperationBuildActionExecutor.java:57)
	at org.gradle.launcher.exec.RunAsWorkerThreadBuildActionExecutor.lambda$execute$0(RunAsWorkerThreadBuildActionExecutor.java:36)
	at org.gradle.internal.work.DefaultWorkerLeaseService.withLocks(DefaultWorkerLeaseService.java:264)
	at org.gradle.internal.work.DefaultWorkerLeaseService.runAsWorkerThread(DefaultWorkerLeaseService.java:128)
	at org.gradle.launcher.exec.RunAsWorkerThreadBuildActionExecutor.execute(RunAsWorkerThreadBuildActionExecutor.java:36)
	at org.gradle.tooling.internal.provider.continuous.ContinuousBuildActionExecutor.execute(ContinuousBuildActionExecutor.java:110)
	at org.gradle.tooling.internal.provider.SubscribableBuildActionExecutor.execute(SubscribableBuildActionExecutor.java:64)
	at org.gradle.internal.session.DefaultBuildSessionContext.execute(DefaultBuildSessionContext.java:46)
	at org.gradle.tooling.internal.provider.BuildSessionLifecycleBuildActionExecuter$ActionImpl.apply(BuildSessionLifecycleBuildActionExecuter.java:92)
	at org.gradle.tooling.internal.provider.BuildSessionLifecycleBuildActionExecuter$ActionImpl.apply(BuildSessionLifecycleBuildActionExecuter.java:80)
	at org.gradle.internal.session.BuildSessionState.run(BuildSessionState.java:69)
	at org.gradle.tooling.internal.provider.BuildSessionLifecycleBuildActionExecuter.execute(BuildSessionLifecycleBuildActionExecuter.java:62)
	at org.gradle.tooling.internal.provider.BuildSessionLifecycleBuildActionExecuter.execute(BuildSessionLifecycleBuildActionExecuter.java:41)
	at org.gradle.tooling.internal.provider.StartParamsValidatingActionExecuter.execute(StartParamsValidatingActionExecuter.java:64)
	at org.gradle.tooling.internal.provider.StartParamsValidatingActionExecuter.execute(StartParamsValidatingActionExecuter.java:32)
	at org.gradle.tooling.internal.provider.SessionFailureReportingActionExecuter.execute(SessionFailureReportingActionExecuter.java:51)
	at org.gradle.tooling.internal.provider.SessionFailureReportingActionExecuter.execute(SessionFailureReportingActionExecuter.java:39)
	at org.gradle.tooling.internal.provider.SetupLoggingActionExecuter.execute(SetupLoggingActionExecuter.java:47)
	at org.gradle.tooling.internal.provider.SetupLoggingActionExecuter.execute(SetupLoggingActionExecuter.java:31)
	at org.gradle.launcher.daemon.server.exec.ExecuteBuild.doBuild(ExecuteBuild.java:65)
	at org.gradle.launcher.daemon.server.exec.BuildCommandOnly.execute(BuildCommandOnly.java:37)
	at org.gradle.launcher.daemon.server.api.DaemonCommandExecution.proceed(DaemonCommandExecution.java:104)
	at org.gradle.launcher.daemon.server.exec.WatchForDisconnection.execute(WatchForDisconnection.java:39)
	at org.gradle.launcher.daemon.server.api.DaemonCommandExecution.proceed(DaemonCommandExecution.java:104)
	at org.gradle.launcher.daemon.server.exec.ResetDeprecationLogger.execute(ResetDeprecationLogger.java:29)
	at org.gradle.launcher.daemon.server.api.DaemonCommandExecution.proceed(DaemonCommandExecution.java:104)
	at org.gradle.launcher.daemon.server.exec.RequestStopIfSingleUsedDaemon.execute(RequestStopIfSingleUsedDaemon.java:35)
	at org.gradle.launcher.daemon.server.api.DaemonCommandExecution.proceed(DaemonCommandExecution.java:104)
	at org.gradle.launcher.daemon.server.exec.ForwardClientInput$2.create(ForwardClientInput.java:78)
	at org.gradle.launcher.daemon.server.exec.ForwardClientInput$2.create(ForwardClientInput.java:75)
	at org.gradle.util.internal.Swapper.swap(Swapper.java:38)
	at org.gradle.launcher.daemon.server.exec.ForwardClientInput.execute(ForwardClientInput.java:75)
	at org.gradle.launcher.daemon.server.api.DaemonCommandExecution.proceed(DaemonCommandExecution.java:104)
	at org.gradle.launcher.daemon.server.exec.LogAndCheckHealth.execute(LogAndCheckHealth.java:64)
	at org.gradle.launcher.daemon.server.api.DaemonCommandExecution.proceed(DaemonCommandExecution.java:104)
	at org.gradle.launcher.daemon.server.exec.LogToClient.doBuild(LogToClient.java:63)
	at org.gradle.launcher.daemon.server.exec.BuildCommandOnly.execute(BuildCommandOnly.java:37)
	at org.gradle.launcher.daemon.server.api.DaemonCommandExecution.proceed(DaemonCommandExecution.java:104)
	at org.gradle.launcher.daemon.server.exec.EstablishBuildEnvironment.doBuild(EstablishBuildEnvironment.java:84)
	at org.gradle.launcher.daemon.server.exec.BuildCommandOnly.execute(BuildCommandOnly.java:37)
	at org.gradle.launcher.daemon.server.api.DaemonCommandExecution.proceed(DaemonCommandExecution.java:104)
	at org.gradle.launcher.daemon.server.exec.StartBuildOrRespondWithBusy$1.run(StartBuildOrRespondWithBusy.java:52)
	at org.gradle.launcher.daemon.server.DaemonStateCoordinator$1.run(DaemonStateCoordinator.java:297)
	at org.gradle.internal.concurrent.ExecutorPolicy$CatchAndRecordFailures.onExecute(ExecutorPolicy.java:64)
	at org.gradle.internal.concurrent.AbstractManagedExecutor$1.run(AbstractManagedExecutor.java:47)
	at java.base/java.util.concurrent.ThreadPoolExecutor.runWorker(ThreadPoolExecutor.java:1136)
	at java.base/java.util.concurrent.ThreadPoolExecutor$Worker.run(ThreadPoolExecutor.java:635)
	at java.base/java.lang.Thread.run(Thread.java:840)
[gradle-intellij-plugin :] Cannot create plugin from file '/opt/android-studio/plugins/firebase': Invalid plugin descriptor 'plugin.xml'. Unable to read the plugin descriptor: No enum constant com.jetbrains.plugin.structure.intellij.plugin.IdePluginContentDescriptor.ServiceType.APPLİCATİON.
Unable to read descriptor [plugin.xml] from [/opt/android-studio/plugins/gemini/lib/aiplugin.jar]
java.lang.IllegalArgumentException: No enum constant com.jetbrains.plugin.structure.intellij.plugin.IdePluginContentDescriptor.ServiceType.APPLİCATİON
	at java.base/java.lang.Enum.valueOf(Enum.java:273)
	at com.jetbrains.plugin.structure.intellij.plugin.IdePluginContentDescriptor$ServiceType.valueOf(IdePluginContents.kt)
	at com.jetbrains.plugin.structure.intellij.plugin.PluginCreator.readServiceDescriptor(PluginCreator.kt:406)
	at com.jetbrains.plugin.structure.intellij.plugin.PluginCreator.readExtensions(PluginCreator.kt:341)
	at com.jetbrains.plugin.structure.intellij.plugin.PluginCreator.setInfoFromBean(PluginCreator.kt:320)
	at com.jetbrains.plugin.structure.intellij.plugin.PluginCreator.resolveDocumentAndValidateBean(PluginCreator.kt:664)
	at com.jetbrains.plugin.structure.intellij.plugin.PluginCreator.access$resolveDocumentAndValidateBean(PluginCreator.kt:31)
	at com.jetbrains.plugin.structure.intellij.plugin.PluginCreator$Companion.createPlugin(PluginCreator.kt:109)
	at com.jetbrains.plugin.structure.intellij.plugin.IdePluginManager.loadPluginInfoFromJarFile(IdePluginManager.kt:62)
	at com.jetbrains.plugin.structure.intellij.plugin.IdePluginManager.loadPluginInfoFromLibDirectory(IdePluginManager.kt:165)
	at com.jetbrains.plugin.structure.intellij.plugin.IdePluginManager.loadPluginInfoFromDirectory(IdePluginManager.kt:97)
	at com.jetbrains.plugin.structure.intellij.plugin.IdePluginManager.loadPluginInfoFromJarOrDirectory(IdePluginManager.kt:206)
	at com.jetbrains.plugin.structure.intellij.plugin.IdePluginManager.getPluginCreatorWithResult(IdePluginManager.kt:347)
	at com.jetbrains.plugin.structure.intellij.plugin.IdePluginManager.createPlugin(IdePluginManager.kt:314)
	at com.jetbrains.plugin.structure.intellij.plugin.IdePluginManager.createPlugin$default(IdePluginManager.kt:312)
	at org.jetbrains.intellij.Utils.createPlugin(utils.kt:222)
	at org.jetbrains.intellij.dependency.BuiltinPluginsRegistry.add(BuiltinPluginsRegistry.kt:89)
	at org.jetbrains.intellij.dependency.BuiltinPluginsRegistry.fillFromDirectory(BuiltinPluginsRegistry.kt:47)
	at org.jetbrains.intellij.dependency.BuiltinPluginsRegistry.access$fillFromDirectory(BuiltinPluginsRegistry.kt:21)
	at org.jetbrains.intellij.dependency.BuiltinPluginsRegistry$Companion.fromDirectory(BuiltinPluginsRegistry.kt:127)
	at org.jetbrains.intellij.dependency.IdeaDependencyManager.createDependency(IdeaDependencyManager.kt:92)
	at org.jetbrains.intellij.dependency.IdeaDependencyManager.resolveLocal(IdeaDependencyManager.kt:430)
	at org.jetbrains.intellij.IntelliJPlugin$prepareIdeaDependencyProvider$1.call(IntelliJPlugin.kt:299)
	at org.jetbrains.intellij.IntelliJPlugin$prepareIdeaDependencyProvider$1.call(IntelliJPlugin.kt:266)
	at org.gradle.api.internal.provider.DefaultProvider.calculateOwnValue(DefaultProvider.java:72)
	at org.gradle.api.internal.provider.AbstractMinimalProvider.calculateValue(AbstractMinimalProvider.java:115)
	at org.gradle.api.internal.provider.TransformBackedProvider.calculateOwnValue(TransformBackedProvider.java:82)
	at org.gradle.api.internal.provider.AbstractMinimalProvider.calculateValue(AbstractMinimalProvider.java:115)
	at org.gradle.api.internal.provider.AbstractMinimalProvider.withFinalValue(AbstractMinimalProvider.java:168)
	at org.gradle.api.internal.provider.DefaultProperty.finalValue(DefaultProperty.java:133)
	at org.gradle.api.internal.provider.DefaultProperty.finalValue(DefaultProperty.java:26)
	at org.gradle.api.internal.provider.AbstractProperty.finalizeNow(AbstractProperty.java:245)
	at org.gradle.api.internal.provider.AbstractProperty.beforeRead(AbstractProperty.java:239)
	at org.gradle.api.internal.provider.AbstractProperty.calculateOwnValue(AbstractProperty.java:135)
	at org.gradle.api.internal.provider.AbstractMinimalProvider.calculateValue(AbstractMinimalProvider.java:115)
	at org.gradle.api.internal.provider.TransformBackedProvider.calculateOwnValue(TransformBackedProvider.java:82)
	at org.gradle.api.internal.provider.AbstractMinimalProvider.calculateValue(AbstractMinimalProvider.java:115)
	at org.gradle.api.internal.provider.Collectors$ElementsFromCollectionProvider.collectEntries(Collectors.java:220)
	at org.gradle.api.internal.provider.AbstractCollectionProperty$CollectingSupplier.calculateValue(AbstractCollectionProperty.java:344)
	at org.gradle.api.internal.provider.AbstractCollectionProperty.calculateValueFrom(AbstractCollectionProperty.java:189)
	at org.gradle.api.internal.provider.AbstractCollectionProperty.calculateValueFrom(AbstractCollectionProperty.java:37)
	at org.gradle.api.internal.provider.AbstractProperty.doCalculateValue(AbstractProperty.java:142)
	at org.gradle.api.internal.provider.AbstractProperty.calculateOwnValue(AbstractProperty.java:136)
	at org.gradle.api.internal.provider.AbstractMinimalProvider.calculateOwnPresentValue(AbstractMinimalProvider.java:80)
	at org.gradle.api.internal.provider.AbstractMinimalProvider.get(AbstractMinimalProvider.java:100)
	at org.jetbrains.intellij.IntelliJPlugin$configurePrepareSandboxTasks$5$5.transform(IntelliJPlugin.kt:625)
	at org.jetbrains.intellij.IntelliJPlugin$configurePrepareSandboxTasks$5$5.transform(IntelliJPlugin.kt:624)
	at org.gradle.api.internal.provider.ValueSupplier$Present.transform(ValueSupplier.java:541)
	at org.gradle.api.internal.provider.TransformBackedProvider.mapValue(TransformBackedProvider.java:91)
	at org.gradle.api.internal.provider.TransformBackedProvider.calculateOwnValue(TransformBackedProvider.java:83)
	at org.gradle.api.internal.provider.AbstractMinimalProvider.calculateOwnPresentValue(AbstractMinimalProvider.java:80)
	at org.gradle.api.internal.provider.AbstractMinimalProvider.get(AbstractMinimalProvider.java:100)
	at org.gradle.api.internal.provider.ProviderResolutionStrategy$2.resolve(ProviderResolutionStrategy.java:33)
	at org.gradle.api.internal.file.collections.ProviderBackedFileCollection.visitDependencies(ProviderBackedFileCollection.java:57)
	at org.gradle.api.internal.tasks.CachingTaskDependencyResolveContext$TaskGraphImpl.getNodeValues(CachingTaskDependencyResolveContext.java:103)
	at org.gradle.internal.graph.CachingDirectedGraphWalker$GraphWithEmptyEdges.getNodeValues(CachingDirectedGraphWalker.java:213)
	at org.gradle.internal.graph.CachingDirectedGraphWalker.doSearch(CachingDirectedGraphWalker.java:121)
	at org.gradle.internal.graph.CachingDirectedGraphWalker.findValues(CachingDirectedGraphWalker.java:73)
	at org.gradle.api.internal.tasks.CachingTaskDependencyResolveContext.getDependencies(CachingTaskDependencyResolveContext.java:66)
	at org.gradle.execution.plan.TaskDependencyResolver.resolveDependenciesFor(TaskDependencyResolver.java:49)
	at org.gradle.execution.plan.LocalTaskNode.getDependencies(LocalTaskNode.java:148)
	at org.gradle.execution.plan.LocalTaskNode.resolveDependencies(LocalTaskNode.java:122)
	at org.gradle.execution.plan.DefaultExecutionPlan.discoverNodeRelationships(DefaultExecutionPlan.java:183)
	at org.gradle.execution.plan.DefaultExecutionPlan.doAddEntryNodes(DefaultExecutionPlan.java:155)
	at org.gradle.execution.plan.DefaultExecutionPlan.addEntryTasks(DefaultExecutionPlan.java:130)
	at org.gradle.execution.plan.DefaultExecutionPlan.addEntryTasks(DefaultExecutionPlan.java:122)
	at org.gradle.execution.TaskNameResolvingBuildTaskScheduler.scheduleRequestedTasks(TaskNameResolvingBuildTaskScheduler.java:54)
	at org.gradle.execution.DefaultTasksBuildTaskScheduler.scheduleRequestedTasks(DefaultTasksBuildTaskScheduler.java:72)
	at org.gradle.initialization.DefaultTaskExecutionPreparer.lambda$scheduleRequestedTasks$0(DefaultTaskExecutionPreparer.java:46)
	at org.gradle.internal.Factories$1.create(Factories.java:31)
	at org.gradle.internal.work.DefaultWorkerLeaseService.withReplacedLocks(DefaultWorkerLeaseService.java:360)
	at org.gradle.api.internal.project.DefaultProjectStateRegistry$DefaultBuildProjectRegistry.withMutableStateOfAllProjects(DefaultProjectStateRegistry.java:239)
	at org.gradle.api.internal.project.DefaultProjectStateRegistry$DefaultBuildProjectRegistry.withMutableStateOfAllProjects(DefaultProjectStateRegistry.java:232)
	at org.gradle.initialization.DefaultTaskExecutionPreparer.scheduleRequestedTasks(DefaultTaskExecutionPreparer.java:45)
	at org.gradle.initialization.VintageBuildModelController.lambda$scheduleRequestedTasks$0(VintageBuildModelController.java:76)
	at org.gradle.internal.model.StateTransitionController.lambda$inState$1(StateTransitionController.java:99)
	at org.gradle.internal.model.StateTransitionController.lambda$inState$2(StateTransitionController.java:114)
	at org.gradle.internal.work.DefaultSynchronizer.withLock(DefaultSynchronizer.java:44)
	at org.gradle.internal.model.StateTransitionController.inState(StateTransitionController.java:110)
	at org.gradle.internal.model.StateTransitionController.inState(StateTransitionController.java:98)
	at org.gradle.initialization.VintageBuildModelController.scheduleRequestedTasks(VintageBuildModelController.java:76)
	at org.gradle.internal.build.DefaultBuildLifecycleController$DefaultWorkGraphBuilder.addRequestedTasks(DefaultBuildLifecycleController.java:404)
	at org.gradle.internal.buildtree.DefaultBuildTreeWorkPreparer.lambda$scheduleRequestedTasks$0(DefaultBuildTreeWorkPreparer.java:41)
	at org.gradle.internal.build.DefaultBuildLifecycleController.lambda$populateWorkGraph$7(DefaultBuildLifecycleController.java:189)
	at org.gradle.internal.build.DefaultBuildWorkPreparer.populateWorkGraph(DefaultBuildWorkPreparer.java:42)
	at org.gradle.internal.build.BuildOperationFiringBuildWorkPreparer$PopulateWorkGraph.populateTaskGraph(BuildOperationFiringBuildWorkPreparer.java:106)
	at org.gradle.internal.build.BuildOperationFiringBuildWorkPreparer$PopulateWorkGraph.run(BuildOperationFiringBuildWorkPreparer.java:92)
	at org.gradle.internal.operations.DefaultBuildOperationRunner$1.execute(DefaultBuildOperationRunner.java:29)
	at org.gradle.internal.operations.DefaultBuildOperationRunner$1.execute(DefaultBuildOperationRunner.java:26)
	at org.gradle.internal.operations.DefaultBuildOperationRunner$2.execute(DefaultBuildOperationRunner.java:66)
	at org.gradle.internal.operations.DefaultBuildOperationRunner$2.execute(DefaultBuildOperationRunner.java:59)
	at org.gradle.internal.operations.DefaultBuildOperationRunner.execute(DefaultBuildOperationRunner.java:157)
	at org.gradle.internal.operations.DefaultBuildOperationRunner.execute(DefaultBuildOperationRunner.java:59)
	at org.gradle.internal.operations.DefaultBuildOperationRunner.run(DefaultBuildOperationRunner.java:47)
	at org.gradle.internal.operations.DefaultBuildOperationExecutor.run(DefaultBuildOperationExecutor.java:68)
	at org.gradle.internal.build.BuildOperationFiringBuildWorkPreparer.populateWorkGraph(BuildOperationFiringBuildWorkPreparer.java:67)
	at org.gradle.internal.build.DefaultBuildLifecycleController.lambda$populateWorkGraph$8(DefaultBuildLifecycleController.java:189)
	at org.gradle.internal.model.StateTransitionController.lambda$inState$1(StateTransitionController.java:99)
	at org.gradle.internal.model.StateTransitionController.lambda$inState$2(StateTransitionController.java:114)
	at org.gradle.internal.work.DefaultSynchronizer.withLock(DefaultSynchronizer.java:44)
	at org.gradle.internal.model.StateTransitionController.inState(StateTransitionController.java:110)
	at org.gradle.internal.model.StateTransitionController.inState(StateTransitionController.java:98)
	at org.gradle.internal.build.DefaultBuildLifecycleController.populateWorkGraph(DefaultBuildLifecycleController.java:189)
	at org.gradle.internal.build.DefaultBuildWorkGraphController$DefaultBuildWorkGraph.populateWorkGraph(DefaultBuildWorkGraphController.java:169)
	at org.gradle.composite.internal.DefaultBuildController.populateWorkGraph(DefaultBuildController.java:76)
	at org.gradle.composite.internal.DefaultIncludedBuildTaskGraph$DefaultBuildTreeWorkGraphBuilder.withWorkGraph(DefaultIncludedBuildTaskGraph.java:153)
	at org.gradle.internal.buildtree.DefaultBuildTreeWorkPreparer.lambda$scheduleRequestedTasks$1(DefaultBuildTreeWorkPreparer.java:41)
	at org.gradle.composite.internal.DefaultIncludedBuildTaskGraph$DefaultBuildTreeWorkGraph$1.run(DefaultIncludedBuildTaskGraph.java:209)
	at org.gradle.internal.operations.DefaultBuildOperationRunner$1.execute(DefaultBuildOperationRunner.java:29)
	at org.gradle.internal.operations.DefaultBuildOperationRunner$1.execute(DefaultBuildOperationRunner.java:26)
	at org.gradle.internal.operations.DefaultBuildOperationRunner$2.execute(DefaultBuildOperationRunner.java:66)
	at org.gradle.internal.operations.DefaultBuildOperationRunner$2.execute(DefaultBuildOperationRunner.java:59)
	at org.gradle.internal.operations.DefaultBuildOperationRunner.execute(DefaultBuildOperationRunner.java:157)
	at org.gradle.internal.operations.DefaultBuildOperationRunner.execute(DefaultBuildOperationRunner.java:59)
	at org.gradle.internal.operations.DefaultBuildOperationRunner.run(DefaultBuildOperationRunner.java:47)
	at org.gradle.internal.operations.DefaultBuildOperationExecutor.run(DefaultBuildOperationExecutor.java:68)
	at org.gradle.composite.internal.DefaultIncludedBuildTaskGraph$DefaultBuildTreeWorkGraph.scheduleWork(DefaultIncludedBuildTaskGraph.java:204)
	at org.gradle.internal.buildtree.DefaultBuildTreeWorkPreparer.scheduleRequestedTasks(DefaultBuildTreeWorkPreparer.java:37)
	at org.gradle.configurationcache.VintageBuildTreeWorkController$scheduleAndRunRequestedTasks$1.apply(VintageBuildTreeWorkController.kt:36)
	at org.gradle.configurationcache.VintageBuildTreeWorkController$scheduleAndRunRequestedTasks$1.apply(VintageBuildTreeWorkController.kt:35)
	at org.gradle.composite.internal.DefaultIncludedBuildTaskGraph.withNewWorkGraph(DefaultIncludedBuildTaskGraph.java:112)
	at org.gradle.configurationcache.VintageBuildTreeWorkController.scheduleAndRunRequestedTasks(VintageBuildTreeWorkController.kt:35)
	at org.gradle.internal.buildtree.DefaultBuildTreeLifecycleController.lambda$scheduleAndRunTasks$1(DefaultBuildTreeLifecycleController.java:76)
	at org.gradle.internal.buildtree.DefaultBuildTreeLifecycleController.lambda$runBuild$4(DefaultBuildTreeLifecycleController.java:119)
	at org.gradle.internal.model.StateTransitionController.lambda$transition$6(StateTransitionController.java:169)
	at org.gradle.internal.model.StateTransitionController.doTransition(StateTransitionController.java:266)
	at org.gradle.internal.model.StateTransitionController.lambda$transition$7(StateTransitionController.java:169)
	at org.gradle.internal.work.DefaultSynchronizer.withLock(DefaultSynchronizer.java:44)
	at org.gradle.internal.model.StateTransitionController.transition(StateTransitionController.java:169)
	at org.gradle.internal.buildtree.DefaultBuildTreeLifecycleController.runBuild(DefaultBuildTreeLifecycleController.java:116)
	at org.gradle.internal.buildtree.DefaultBuildTreeLifecycleController.scheduleAndRunTasks(DefaultBuildTreeLifecycleController.java:76)
	at org.gradle.internal.buildtree.DefaultBuildTreeLifecycleController.scheduleAndRunTasks(DefaultBuildTreeLifecycleController.java:71)
	at org.gradle.tooling.internal.provider.ExecuteBuildActionRunner.run(ExecuteBuildActionRunner.java:31)
	at org.gradle.launcher.exec.ChainingBuildActionRunner.run(ChainingBuildActionRunner.java:35)
	at org.gradle.internal.buildtree.ProblemReportingBuildActionRunner.run(ProblemReportingBuildActionRunner.java:49)
	at org.gradle.launcher.exec.BuildOutcomeReportingBuildActionRunner.run(BuildOutcomeReportingBuildActionRunner.java:65)
	at org.gradle.tooling.internal.provider.FileSystemWatchingBuildActionRunner.run(FileSystemWatchingBuildActionRunner.java:140)
	at org.gradle.launcher.exec.BuildCompletionNotifyingBuildActionRunner.run(BuildCompletionNotifyingBuildActionRunner.java:41)
	at org.gradle.launcher.exec.RootBuildLifecycleBuildActionExecutor.lambda$execute$0(RootBuildLifecycleBuildActionExecutor.java:40)
	at org.gradle.composite.internal.DefaultRootBuildState.run(DefaultRootBuildState.java:123)
	at org.gradle.launcher.exec.RootBuildLifecycleBuildActionExecutor.execute(RootBuildLifecycleBuildActionExecutor.java:40)
	at org.gradle.internal.buildtree.InitDeprecationLoggingActionExecutor.execute(InitDeprecationLoggingActionExecutor.java:62)
	at org.gradle.internal.buildtree.InitProblems.execute(InitProblems.java:38)
	at org.gradle.internal.buildtree.DefaultBuildTreeContext.execute(DefaultBuildTreeContext.java:40)
	at org.gradle.launcher.exec.BuildTreeLifecycleBuildActionExecutor.lambda$execute$0(BuildTreeLifecycleBuildActionExecutor.java:58)
	at org.gradle.internal.buildtree.BuildTreeState.run(BuildTreeState.java:58)
	at org.gradle.launcher.exec.BuildTreeLifecycleBuildActionExecutor.execute(BuildTreeLifecycleBuildActionExecutor.java:58)
	at org.gradle.launcher.exec.RunAsBuildOperationBuildActionExecutor$3.call(RunAsBuildOperationBuildActionExecutor.java:61)
	at org.gradle.launcher.exec.RunAsBuildOperationBuildActionExecutor$3.call(RunAsBuildOperationBuildActionExecutor.java:57)
	at org.gradle.internal.operations.DefaultBuildOperationRunner$CallableBuildOperationWorker.execute(DefaultBuildOperationRunner.java:204)
	at org.gradle.internal.operations.DefaultBuildOperationRunner$CallableBuildOperationWorker.execute(DefaultBuildOperationRunner.java:199)
	at org.gradle.internal.operations.DefaultBuildOperationRunner$2.execute(DefaultBuildOperationRunner.java:66)
	at org.gradle.internal.operations.DefaultBuildOperationRunner$2.execute(DefaultBuildOperationRunner.java:59)
	at org.gradle.internal.operations.DefaultBuildOperationRunner.execute(DefaultBuildOperationRunner.java:157)
	at org.gradle.internal.operations.DefaultBuildOperationRunner.execute(DefaultBuildOperationRunner.java:59)
	at org.gradle.internal.operations.DefaultBuildOperationRunner.call(DefaultBuildOperationRunner.java:53)
	at org.gradle.internal.operations.DefaultBuildOperationExecutor.call(DefaultBuildOperationExecutor.java:73)
	at org.gradle.launcher.exec.RunAsBuildOperationBuildActionExecutor.execute(RunAsBuildOperationBuildActionExecutor.java:57)
	at org.gradle.launcher.exec.RunAsWorkerThreadBuildActionExecutor.lambda$execute$0(RunAsWorkerThreadBuildActionExecutor.java:36)
	at org.gradle.internal.work.DefaultWorkerLeaseService.withLocks(DefaultWorkerLeaseService.java:264)
	at org.gradle.internal.work.DefaultWorkerLeaseService.runAsWorkerThread(DefaultWorkerLeaseService.java:128)
	at org.gradle.launcher.exec.RunAsWorkerThreadBuildActionExecutor.execute(RunAsWorkerThreadBuildActionExecutor.java:36)
	at org.gradle.tooling.internal.provider.continuous.ContinuousBuildActionExecutor.execute(ContinuousBuildActionExecutor.java:110)
	at org.gradle.tooling.internal.provider.SubscribableBuildActionExecutor.execute(SubscribableBuildActionExecutor.java:64)
	at org.gradle.internal.session.DefaultBuildSessionContext.execute(DefaultBuildSessionContext.java:46)
	at org.gradle.tooling.internal.provider.BuildSessionLifecycleBuildActionExecuter$ActionImpl.apply(BuildSessionLifecycleBuildActionExecuter.java:92)
	at org.gradle.tooling.internal.provider.BuildSessionLifecycleBuildActionExecuter$ActionImpl.apply(BuildSessionLifecycleBuildActionExecuter.java:80)
	at org.gradle.internal.session.BuildSessionState.run(BuildSessionState.java:69)
	at org.gradle.tooling.internal.provider.BuildSessionLifecycleBuildActionExecuter.execute(BuildSessionLifecycleBuildActionExecuter.java:62)
	at org.gradle.tooling.internal.provider.BuildSessionLifecycleBuildActionExecuter.execute(BuildSessionLifecycleBuildActionExecuter.java:41)
	at org.gradle.tooling.internal.provider.StartParamsValidatingActionExecuter.execute(StartParamsValidatingActionExecuter.java:64)
	at org.gradle.tooling.internal.provider.StartParamsValidatingActionExecuter.execute(StartParamsValidatingActionExecuter.java:32)
	at org.gradle.tooling.internal.provider.SessionFailureReportingActionExecuter.execute(SessionFailureReportingActionExecuter.java:51)
	at org.gradle.tooling.internal.provider.SessionFailureReportingActionExecuter.execute(SessionFailureReportingActionExecuter.java:39)
	at org.gradle.tooling.internal.provider.SetupLoggingActionExecuter.execute(SetupLoggingActionExecuter.java:47)
	at org.gradle.tooling.internal.provider.SetupLoggingActionExecuter.execute(SetupLoggingActionExecuter.java:31)
	at org.gradle.launcher.daemon.server.exec.ExecuteBuild.doBuild(ExecuteBuild.java:65)
	at org.gradle.launcher.daemon.server.exec.BuildCommandOnly.execute(BuildCommandOnly.java:37)
	at org.gradle.launcher.daemon.server.api.DaemonCommandExecution.proceed(DaemonCommandExecution.java:104)
	at org.gradle.launcher.daemon.server.exec.WatchForDisconnection.execute(WatchForDisconnection.java:39)
	at org.gradle.launcher.daemon.server.api.DaemonCommandExecution.proceed(DaemonCommandExecution.java:104)
	at org.gradle.launcher.daemon.server.exec.ResetDeprecationLogger.execute(ResetDeprecationLogger.java:29)
	at org.gradle.launcher.daemon.server.api.DaemonCommandExecution.proceed(DaemonCommandExecution.java:104)
	at org.gradle.launcher.daemon.server.exec.RequestStopIfSingleUsedDaemon.execute(RequestStopIfSingleUsedDaemon.java:35)
	at org.gradle.launcher.daemon.server.api.DaemonCommandExecution.proceed(DaemonCommandExecution.java:104)
	at org.gradle.launcher.daemon.server.exec.ForwardClientInput$2.create(ForwardClientInput.java:78)
	at org.gradle.launcher.daemon.server.exec.ForwardClientInput$2.create(ForwardClientInput.java:75)
	at org.gradle.util.internal.Swapper.swap(Swapper.java:38)
	at org.gradle.launcher.daemon.server.exec.ForwardClientInput.execute(ForwardClientInput.java:75)
	at org.gradle.launcher.daemon.server.api.DaemonCommandExecution.proceed(DaemonCommandExecution.java:104)
	at org.gradle.launcher.daemon.server.exec.LogAndCheckHealth.execute(LogAndCheckHealth.java:64)
	at org.gradle.launcher.daemon.server.api.DaemonCommandExecution.proceed(DaemonCommandExecution.java:104)
	at org.gradle.launcher.daemon.server.exec.LogToClient.doBuild(LogToClient.java:63)
	at org.gradle.launcher.daemon.server.exec.BuildCommandOnly.execute(BuildCommandOnly.java:37)
	at org.gradle.launcher.daemon.server.api.DaemonCommandExecution.proceed(DaemonCommandExecution.java:104)
	at org.gradle.launcher.daemon.server.exec.EstablishBuildEnvironment.doBuild(EstablishBuildEnvironment.java:84)
	at org.gradle.launcher.daemon.server.exec.BuildCommandOnly.execute(BuildCommandOnly.java:37)
	at org.gradle.launcher.daemon.server.api.DaemonCommandExecution.proceed(DaemonCommandExecution.java:104)
	at org.gradle.launcher.daemon.server.exec.StartBuildOrRespondWithBusy$1.run(StartBuildOrRespondWithBusy.java:52)
	at org.gradle.launcher.daemon.server.DaemonStateCoordinator$1.run(DaemonStateCoordinator.java:297)
	at org.gradle.internal.concurrent.ExecutorPolicy$CatchAndRecordFailures.onExecute(ExecutorPolicy.java:64)
	at org.gradle.internal.concurrent.AbstractManagedExecutor$1.run(AbstractManagedExecutor.java:47)
	at java.base/java.util.concurrent.ThreadPoolExecutor.runWorker(ThreadPoolExecutor.java:1136)
	at java.base/java.util.concurrent.ThreadPoolExecutor$Worker.run(ThreadPoolExecutor.java:635)
	at java.base/java.lang.Thread.run(Thread.java:840)
[gradle-intellij-plugin :] Cannot create plugin from file '/opt/android-studio/plugins/gemini': Invalid plugin descriptor 'plugin.xml'. Unable to read the plugin descriptor: No enum constant com.jetbrains.plugin.structure.intellij.plugin.IdePluginContentDescriptor.ServiceType.APPLİCATİON.
Unable to read descriptor [plugin.xml] from [/opt/android-studio/plugins/google-cloud-tools-as/lib/google-cloud-tools-as.jar]
java.lang.IllegalArgumentException: No enum constant com.jetbrains.plugin.structure.intellij.plugin.IdePluginContentDescriptor.ServiceType.APPLİCATİON
	at java.base/java.lang.Enum.valueOf(Enum.java:273)
	at com.jetbrains.plugin.structure.intellij.plugin.IdePluginContentDescriptor$ServiceType.valueOf(IdePluginContents.kt)
	at com.jetbrains.plugin.structure.intellij.plugin.PluginCreator.readServiceDescriptor(PluginCreator.kt:406)
	at com.jetbrains.plugin.structure.intellij.plugin.PluginCreator.readExtensions(PluginCreator.kt:341)
	at com.jetbrains.plugin.structure.intellij.plugin.PluginCreator.setInfoFromBean(PluginCreator.kt:320)
	at com.jetbrains.plugin.structure.intellij.plugin.PluginCreator.resolveDocumentAndValidateBean(PluginCreator.kt:664)
	at com.jetbrains.plugin.structure.intellij.plugin.PluginCreator.access$resolveDocumentAndValidateBean(PluginCreator.kt:31)
	at com.jetbrains.plugin.structure.intellij.plugin.PluginCreator$Companion.createPlugin(PluginCreator.kt:109)
	at com.jetbrains.plugin.structure.intellij.plugin.IdePluginManager.loadPluginInfoFromJarFile(IdePluginManager.kt:62)
	at com.jetbrains.plugin.structure.intellij.plugin.IdePluginManager.loadPluginInfoFromLibDirectory(IdePluginManager.kt:165)
	at com.jetbrains.plugin.structure.intellij.plugin.IdePluginManager.loadPluginInfoFromDirectory(IdePluginManager.kt:97)
	at com.jetbrains.plugin.structure.intellij.plugin.IdePluginManager.loadPluginInfoFromJarOrDirectory(IdePluginManager.kt:206)
	at com.jetbrains.plugin.structure.intellij.plugin.IdePluginManager.getPluginCreatorWithResult(IdePluginManager.kt:347)
	at com.jetbrains.plugin.structure.intellij.plugin.IdePluginManager.createPlugin(IdePluginManager.kt:314)
	at com.jetbrains.plugin.structure.intellij.plugin.IdePluginManager.createPlugin$default(IdePluginManager.kt:312)
	at org.jetbrains.intellij.Utils.createPlugin(utils.kt:222)
	at org.jetbrains.intellij.dependency.BuiltinPluginsRegistry.add(BuiltinPluginsRegistry.kt:89)
	at org.jetbrains.intellij.dependency.BuiltinPluginsRegistry.fillFromDirectory(BuiltinPluginsRegistry.kt:47)
	at org.jetbrains.intellij.dependency.BuiltinPluginsRegistry.access$fillFromDirectory(BuiltinPluginsRegistry.kt:21)
	at org.jetbrains.intellij.dependency.BuiltinPluginsRegistry$Companion.fromDirectory(BuiltinPluginsRegistry.kt:127)
	at org.jetbrains.intellij.dependency.IdeaDependencyManager.createDependency(IdeaDependencyManager.kt:92)
	at org.jetbrains.intellij.dependency.IdeaDependencyManager.resolveLocal(IdeaDependencyManager.kt:430)
	at org.jetbrains.intellij.IntelliJPlugin$prepareIdeaDependencyProvider$1.call(IntelliJPlugin.kt:299)
	at org.jetbrains.intellij.IntelliJPlugin$prepareIdeaDependencyProvider$1.call(IntelliJPlugin.kt:266)
	at org.gradle.api.internal.provider.DefaultProvider.calculateOwnValue(DefaultProvider.java:72)
	at org.gradle.api.internal.provider.AbstractMinimalProvider.calculateValue(AbstractMinimalProvider.java:115)
	at org.gradle.api.internal.provider.TransformBackedProvider.calculateOwnValue(TransformBackedProvider.java:82)
	at org.gradle.api.internal.provider.AbstractMinimalProvider.calculateValue(AbstractMinimalProvider.java:115)
	at org.gradle.api.internal.provider.AbstractMinimalProvider.withFinalValue(AbstractMinimalProvider.java:168)
	at org.gradle.api.internal.provider.DefaultProperty.finalValue(DefaultProperty.java:133)
	at org.gradle.api.internal.provider.DefaultProperty.finalValue(DefaultProperty.java:26)
	at org.gradle.api.internal.provider.AbstractProperty.finalizeNow(AbstractProperty.java:245)
	at org.gradle.api.internal.provider.AbstractProperty.beforeRead(AbstractProperty.java:239)
	at org.gradle.api.internal.provider.AbstractProperty.calculateOwnValue(AbstractProperty.java:135)
	at org.gradle.api.internal.provider.AbstractMinimalProvider.calculateValue(AbstractMinimalProvider.java:115)
	at org.gradle.api.internal.provider.TransformBackedProvider.calculateOwnValue(TransformBackedProvider.java:82)
	at org.gradle.api.internal.provider.AbstractMinimalProvider.calculateValue(AbstractMinimalProvider.java:115)
	at org.gradle.api.internal.provider.Collectors$ElementsFromCollectionProvider.collectEntries(Collectors.java:220)
	at org.gradle.api.internal.provider.AbstractCollectionProperty$CollectingSupplier.calculateValue(AbstractCollectionProperty.java:344)
	at org.gradle.api.internal.provider.AbstractCollectionProperty.calculateValueFrom(AbstractCollectionProperty.java:189)
	at org.gradle.api.internal.provider.AbstractCollectionProperty.calculateValueFrom(AbstractCollectionProperty.java:37)
	at org.gradle.api.internal.provider.AbstractProperty.doCalculateValue(AbstractProperty.java:142)
	at org.gradle.api.internal.provider.AbstractProperty.calculateOwnValue(AbstractProperty.java:136)
	at org.gradle.api.internal.provider.AbstractMinimalProvider.calculateOwnPresentValue(AbstractMinimalProvider.java:80)
	at org.gradle.api.internal.provider.AbstractMinimalProvider.get(AbstractMinimalProvider.java:100)
	at org.jetbrains.intellij.IntelliJPlugin$configurePrepareSandboxTasks$5$5.transform(IntelliJPlugin.kt:625)
	at org.jetbrains.intellij.IntelliJPlugin$configurePrepareSandboxTasks$5$5.transform(IntelliJPlugin.kt:624)
	at org.gradle.api.internal.provider.ValueSupplier$Present.transform(ValueSupplier.java:541)
	at org.gradle.api.internal.provider.TransformBackedProvider.mapValue(TransformBackedProvider.java:91)
	at org.gradle.api.internal.provider.TransformBackedProvider.calculateOwnValue(TransformBackedProvider.java:83)
	at org.gradle.api.internal.provider.AbstractMinimalProvider.calculateOwnPresentValue(AbstractMinimalProvider.java:80)
	at org.gradle.api.internal.provider.AbstractMinimalProvider.get(AbstractMinimalProvider.java:100)
	at org.gradle.api.internal.provider.ProviderResolutionStrategy$2.resolve(ProviderResolutionStrategy.java:33)
	at org.gradle.api.internal.file.collections.ProviderBackedFileCollection.visitDependencies(ProviderBackedFileCollection.java:57)
	at org.gradle.api.internal.tasks.CachingTaskDependencyResolveContext$TaskGraphImpl.getNodeValues(CachingTaskDependencyResolveContext.java:103)
	at org.gradle.internal.graph.CachingDirectedGraphWalker$GraphWithEmptyEdges.getNodeValues(CachingDirectedGraphWalker.java:213)
	at org.gradle.internal.graph.CachingDirectedGraphWalker.doSearch(CachingDirectedGraphWalker.java:121)
	at org.gradle.internal.graph.CachingDirectedGraphWalker.findValues(CachingDirectedGraphWalker.java:73)
	at org.gradle.api.internal.tasks.CachingTaskDependencyResolveContext.getDependencies(CachingTaskDependencyResolveContext.java:66)
	at org.gradle.execution.plan.TaskDependencyResolver.resolveDependenciesFor(TaskDependencyResolver.java:49)
	at org.gradle.execution.plan.LocalTaskNode.getDependencies(LocalTaskNode.java:148)
	at org.gradle.execution.plan.LocalTaskNode.resolveDependencies(LocalTaskNode.java:122)
	at org.gradle.execution.plan.DefaultExecutionPlan.discoverNodeRelationships(DefaultExecutionPlan.java:183)
	at org.gradle.execution.plan.DefaultExecutionPlan.doAddEntryNodes(DefaultExecutionPlan.java:155)
	at org.gradle.execution.plan.DefaultExecutionPlan.addEntryTasks(DefaultExecutionPlan.java:130)
	at org.gradle.execution.plan.DefaultExecutionPlan.addEntryTasks(DefaultExecutionPlan.java:122)
	at org.gradle.execution.TaskNameResolvingBuildTaskScheduler.scheduleRequestedTasks(TaskNameResolvingBuildTaskScheduler.java:54)
	at org.gradle.execution.DefaultTasksBuildTaskScheduler.scheduleRequestedTasks(DefaultTasksBuildTaskScheduler.java:72)
	at org.gradle.initialization.DefaultTaskExecutionPreparer.lambda$scheduleRequestedTasks$0(DefaultTaskExecutionPreparer.java:46)
	at org.gradle.internal.Factories$1.create(Factories.java:31)
	at org.gradle.internal.work.DefaultWorkerLeaseService.withReplacedLocks(DefaultWorkerLeaseService.java:360)
	at org.gradle.api.internal.project.DefaultProjectStateRegistry$DefaultBuildProjectRegistry.withMutableStateOfAllProjects(DefaultProjectStateRegistry.java:239)
	at org.gradle.api.internal.project.DefaultProjectStateRegistry$DefaultBuildProjectRegistry.withMutableStateOfAllProjects(DefaultProjectStateRegistry.java:232)
	at org.gradle.initialization.DefaultTaskExecutionPreparer.scheduleRequestedTasks(DefaultTaskExecutionPreparer.java:45)
	at org.gradle.initialization.VintageBuildModelController.lambda$scheduleRequestedTasks$0(VintageBuildModelController.java:76)
	at org.gradle.internal.model.StateTransitionController.lambda$inState$1(StateTransitionController.java:99)
	at org.gradle.internal.model.StateTransitionController.lambda$inState$2(StateTransitionController.java:114)
	at org.gradle.internal.work.DefaultSynchronizer.withLock(DefaultSynchronizer.java:44)
	at org.gradle.internal.model.StateTransitionController.inState(StateTransitionController.java:110)
	at org.gradle.internal.model.StateTransitionController.inState(StateTransitionController.java:98)
	at org.gradle.initialization.VintageBuildModelController.scheduleRequestedTasks(VintageBuildModelController.java:76)
	at org.gradle.internal.build.DefaultBuildLifecycleController$DefaultWorkGraphBuilder.addRequestedTasks(DefaultBuildLifecycleController.java:404)
	at org.gradle.internal.buildtree.DefaultBuildTreeWorkPreparer.lambda$scheduleRequestedTasks$0(DefaultBuildTreeWorkPreparer.java:41)
	at org.gradle.internal.build.DefaultBuildLifecycleController.lambda$populateWorkGraph$7(DefaultBuildLifecycleController.java:189)
	at org.gradle.internal.build.DefaultBuildWorkPreparer.populateWorkGraph(DefaultBuildWorkPreparer.java:42)
	at org.gradle.internal.build.BuildOperationFiringBuildWorkPreparer$PopulateWorkGraph.populateTaskGraph(BuildOperationFiringBuildWorkPreparer.java:106)
	at org.gradle.internal.build.BuildOperationFiringBuildWorkPreparer$PopulateWorkGraph.run(BuildOperationFiringBuildWorkPreparer.java:92)
	at org.gradle.internal.operations.DefaultBuildOperationRunner$1.execute(DefaultBuildOperationRunner.java:29)
	at org.gradle.internal.operations.DefaultBuildOperationRunner$1.execute(DefaultBuildOperationRunner.java:26)
	at org.gradle.internal.operations.DefaultBuildOperationRunner$2.execute(DefaultBuildOperationRunner.java:66)
	at org.gradle.internal.operations.DefaultBuildOperationRunner$2.execute(DefaultBuildOperationRunner.java:59)
	at org.gradle.internal.operations.DefaultBuildOperationRunner.execute(DefaultBuildOperationRunner.java:157)
	at org.gradle.internal.operations.DefaultBuildOperationRunner.execute(DefaultBuildOperationRunner.java:59)
	at org.gradle.internal.operations.DefaultBuildOperationRunner.run(DefaultBuildOperationRunner.java:47)
	at org.gradle.internal.operations.DefaultBuildOperationExecutor.run(DefaultBuildOperationExecutor.java:68)
	at org.gradle.internal.build.BuildOperationFiringBuildWorkPreparer.populateWorkGraph(BuildOperationFiringBuildWorkPreparer.java:67)
	at org.gradle.internal.build.DefaultBuildLifecycleController.lambda$populateWorkGraph$8(DefaultBuildLifecycleController.java:189)
	at org.gradle.internal.model.StateTransitionController.lambda$inState$1(StateTransitionController.java:99)
	at org.gradle.internal.model.StateTransitionController.lambda$inState$2(StateTransitionController.java:114)
	at org.gradle.internal.work.DefaultSynchronizer.withLock(DefaultSynchronizer.java:44)
	at org.gradle.internal.model.StateTransitionController.inState(StateTransitionController.java:110)
	at org.gradle.internal.model.StateTransitionController.inState(StateTransitionController.java:98)
	at org.gradle.internal.build.DefaultBuildLifecycleController.populateWorkGraph(DefaultBuildLifecycleController.java:189)
	at org.gradle.internal.build.DefaultBuildWorkGraphController$DefaultBuildWorkGraph.populateWorkGraph(DefaultBuildWorkGraphController.java:169)
	at org.gradle.composite.internal.DefaultBuildController.populateWorkGraph(DefaultBuildController.java:76)
	at org.gradle.composite.internal.DefaultIncludedBuildTaskGraph$DefaultBuildTreeWorkGraphBuilder.withWorkGraph(DefaultIncludedBuildTaskGraph.java:153)
	at org.gradle.internal.buildtree.DefaultBuildTreeWorkPreparer.lambda$scheduleRequestedTasks$1(DefaultBuildTreeWorkPreparer.java:41)
	at org.gradle.composite.internal.DefaultIncludedBuildTaskGraph$DefaultBuildTreeWorkGraph$1.run(DefaultIncludedBuildTaskGraph.java:209)
	at org.gradle.internal.operations.DefaultBuildOperationRunner$1.execute(DefaultBuildOperationRunner.java:29)
	at org.gradle.internal.operations.DefaultBuildOperationRunner$1.execute(DefaultBuildOperationRunner.java:26)
	at org.gradle.internal.operations.DefaultBuildOperationRunner$2.execute(DefaultBuildOperationRunner.java:66)
	at org.gradle.internal.operations.DefaultBuildOperationRunner$2.execute(DefaultBuildOperationRunner.java:59)
	at org.gradle.internal.operations.DefaultBuildOperationRunner.execute(DefaultBuildOperationRunner.java:157)
	at org.gradle.internal.operations.DefaultBuildOperationRunner.execute(DefaultBuildOperationRunner.java:59)
	at org.gradle.internal.operations.DefaultBuildOperationRunner.run(DefaultBuildOperationRunner.java:47)
	at org.gradle.internal.operations.DefaultBuildOperationExecutor.run(DefaultBuildOperationExecutor.java:68)
	at org.gradle.composite.internal.DefaultIncludedBuildTaskGraph$DefaultBuildTreeWorkGraph.scheduleWork(DefaultIncludedBuildTaskGraph.java:204)
	at org.gradle.internal.buildtree.DefaultBuildTreeWorkPreparer.scheduleRequestedTasks(DefaultBuildTreeWorkPreparer.java:37)
	at org.gradle.configurationcache.VintageBuildTreeWorkController$scheduleAndRunRequestedTasks$1.apply(VintageBuildTreeWorkController.kt:36)
	at org.gradle.configurationcache.VintageBuildTreeWorkController$scheduleAndRunRequestedTasks$1.apply(VintageBuildTreeWorkController.kt:35)
	at org.gradle.composite.internal.DefaultIncludedBuildTaskGraph.withNewWorkGraph(DefaultIncludedBuildTaskGraph.java:112)
	at org.gradle.configurationcache.VintageBuildTreeWorkController.scheduleAndRunRequestedTasks(VintageBuildTreeWorkController.kt:35)
	at org.gradle.internal.buildtree.DefaultBuildTreeLifecycleController.lambda$scheduleAndRunTasks$1(DefaultBuildTreeLifecycleController.java:76)
	at org.gradle.internal.buildtree.DefaultBuildTreeLifecycleController.lambda$runBuild$4(DefaultBuildTreeLifecycleController.java:119)
	at org.gradle.internal.model.StateTransitionController.lambda$transition$6(StateTransitionController.java:169)
	at org.gradle.internal.model.StateTransitionController.doTransition(StateTransitionController.java:266)
	at org.gradle.internal.model.StateTransitionController.lambda$transition$7(StateTransitionController.java:169)
	at org.gradle.internal.work.DefaultSynchronizer.withLock(DefaultSynchronizer.java:44)
	at org.gradle.internal.model.StateTransitionController.transition(StateTransitionController.java:169)
	at org.gradle.internal.buildtree.DefaultBuildTreeLifecycleController.runBuild(DefaultBuildTreeLifecycleController.java:116)
	at org.gradle.internal.buildtree.DefaultBuildTreeLifecycleController.scheduleAndRunTasks(DefaultBuildTreeLifecycleController.java:76)
	at org.gradle.internal.buildtree.DefaultBuildTreeLifecycleController.scheduleAndRunTasks(DefaultBuildTreeLifecycleController.java:71)
	at org.gradle.tooling.internal.provider.ExecuteBuildActionRunner.run(ExecuteBuildActionRunner.java:31)
	at org.gradle.launcher.exec.ChainingBuildActionRunner.run(ChainingBuildActionRunner.java:35)
	at org.gradle.internal.buildtree.ProblemReportingBuildActionRunner.run(ProblemReportingBuildActionRunner.java:49)
	at org.gradle.launcher.exec.BuildOutcomeReportingBuildActionRunner.run(BuildOutcomeReportingBuildActionRunner.java:65)
	at org.gradle.tooling.internal.provider.FileSystemWatchingBuildActionRunner.run(FileSystemWatchingBuildActionRunner.java:140)
	at org.gradle.launcher.exec.BuildCompletionNotifyingBuildActionRunner.run(BuildCompletionNotifyingBuildActionRunner.java:41)
	at org.gradle.launcher.exec.RootBuildLifecycleBuildActionExecutor.lambda$execute$0(RootBuildLifecycleBuildActionExecutor.java:40)
	at org.gradle.composite.internal.DefaultRootBuildState.run(DefaultRootBuildState.java:123)
	at org.gradle.launcher.exec.RootBuildLifecycleBuildActionExecutor.execute(RootBuildLifecycleBuildActionExecutor.java:40)
	at org.gradle.internal.buildtree.InitDeprecationLoggingActionExecutor.execute(InitDeprecationLoggingActionExecutor.java:62)
	at org.gradle.internal.buildtree.InitProblems.execute(InitProblems.java:38)
	at org.gradle.internal.buildtree.DefaultBuildTreeContext.execute(DefaultBuildTreeContext.java:40)
	at org.gradle.launcher.exec.BuildTreeLifecycleBuildActionExecutor.lambda$execute$0(BuildTreeLifecycleBuildActionExecutor.java:58)
	at org.gradle.internal.buildtree.BuildTreeState.run(BuildTreeState.java:58)
	at org.gradle.launcher.exec.BuildTreeLifecycleBuildActionExecutor.execute(BuildTreeLifecycleBuildActionExecutor.java:58)
	at org.gradle.launcher.exec.RunAsBuildOperationBuildActionExecutor$3.call(RunAsBuildOperationBuildActionExecutor.java:61)
	at org.gradle.launcher.exec.RunAsBuildOperationBuildActionExecutor$3.call(RunAsBuildOperationBuildActionExecutor.java:57)
	at org.gradle.internal.operations.DefaultBuildOperationRunner$CallableBuildOperationWorker.execute(DefaultBuildOperationRunner.java:204)
	at org.gradle.internal.operations.DefaultBuildOperationRunner$CallableBuildOperationWorker.execute(DefaultBuildOperationRunner.java:199)
	at org.gradle.internal.operations.DefaultBuildOperationRunner$2.execute(DefaultBuildOperationRunner.java:66)
	at org.gradle.internal.operations.DefaultBuildOperationRunner$2.execute(DefaultBuildOperationRunner.java:59)
	at org.gradle.internal.operations.DefaultBuildOperationRunner.execute(DefaultBuildOperationRunner.java:157)
	at org.gradle.internal.operations.DefaultBuildOperationRunner.execute(DefaultBuildOperationRunner.java:59)
	at org.gradle.internal.operations.DefaultBuildOperationRunner.call(DefaultBuildOperationRunner.java:53)
	at org.gradle.internal.operations.DefaultBuildOperationExecutor.call(DefaultBuildOperationExecutor.java:73)
	at org.gradle.launcher.exec.RunAsBuildOperationBuildActionExecutor.execute(RunAsBuildOperationBuildActionExecutor.java:57)
	at org.gradle.launcher.exec.RunAsWorkerThreadBuildActionExecutor.lambda$execute$0(RunAsWorkerThreadBuildActionExecutor.java:36)
	at org.gradle.internal.work.DefaultWorkerLeaseService.withLocks(DefaultWorkerLeaseService.java:264)
	at org.gradle.internal.work.DefaultWorkerLeaseService.runAsWorkerThread(DefaultWorkerLeaseService.java:128)
	at org.gradle.launcher.exec.RunAsWorkerThreadBuildActionExecutor.execute(RunAsWorkerThreadBuildActionExecutor.java:36)
	at org.gradle.tooling.internal.provider.continuous.ContinuousBuildActionExecutor.execute(ContinuousBuildActionExecutor.java:110)
	at org.gradle.tooling.internal.provider.SubscribableBuildActionExecutor.execute(SubscribableBuildActionExecutor.java:64)
	at org.gradle.internal.session.DefaultBuildSessionContext.execute(DefaultBuildSessionContext.java:46)
	at org.gradle.tooling.internal.provider.BuildSessionLifecycleBuildActionExecuter$ActionImpl.apply(BuildSessionLifecycleBuildActionExecuter.java:92)
	at org.gradle.tooling.internal.provider.BuildSessionLifecycleBuildActionExecuter$ActionImpl.apply(BuildSessionLifecycleBuildActionExecuter.java:80)
	at org.gradle.internal.session.BuildSessionState.run(BuildSessionState.java:69)
	at org.gradle.tooling.internal.provider.BuildSessionLifecycleBuildActionExecuter.execute(BuildSessionLifecycleBuildActionExecuter.java:62)
	at org.gradle.tooling.internal.provider.BuildSessionLifecycleBuildActionExecuter.execute(BuildSessionLifecycleBuildActionExecuter.java:41)
	at org.gradle.tooling.internal.provider.StartParamsValidatingActionExecuter.execute(StartParamsValidatingActionExecuter.java:64)
	at org.gradle.tooling.internal.provider.StartParamsValidatingActionExecuter.execute(StartParamsValidatingActionExecuter.java:32)
	at org.gradle.tooling.internal.provider.SessionFailureReportingActionExecuter.execute(SessionFailureReportingActionExecuter.java:51)
	at org.gradle.tooling.internal.provider.SessionFailureReportingActionExecuter.execute(SessionFailureReportingActionExecuter.java:39)
	at org.gradle.tooling.internal.provider.SetupLoggingActionExecuter.execute(SetupLoggingActionExecuter.java:47)
	at org.gradle.tooling.internal.provider.SetupLoggingActionExecuter.execute(SetupLoggingActionExecuter.java:31)
	at org.gradle.launcher.daemon.server.exec.ExecuteBuild.doBuild(ExecuteBuild.java:65)
	at org.gradle.launcher.daemon.server.exec.BuildCommandOnly.execute(BuildCommandOnly.java:37)
	at org.gradle.launcher.daemon.server.api.DaemonCommandExecution.proceed(DaemonCommandExecution.java:104)
	at org.gradle.launcher.daemon.server.exec.WatchForDisconnection.execute(WatchForDisconnection.java:39)
	at org.gradle.launcher.daemon.server.api.DaemonCommandExecution.proceed(DaemonCommandExecution.java:104)
	at org.gradle.launcher.daemon.server.exec.ResetDeprecationLogger.execute(ResetDeprecationLogger.java:29)
	at org.gradle.launcher.daemon.server.api.DaemonCommandExecution.proceed(DaemonCommandExecution.java:104)
	at org.gradle.launcher.daemon.server.exec.RequestStopIfSingleUsedDaemon.execute(RequestStopIfSingleUsedDaemon.java:35)
	at org.gradle.launcher.daemon.server.api.DaemonCommandExecution.proceed(DaemonCommandExecution.java:104)
	at org.gradle.launcher.daemon.server.exec.ForwardClientInput$2.create(ForwardClientInput.java:78)
	at org.gradle.launcher.daemon.server.exec.ForwardClientInput$2.create(ForwardClientInput.java:75)
	at org.gradle.util.internal.Swapper.swap(Swapper.java:38)
	at org.gradle.launcher.daemon.server.exec.ForwardClientInput.execute(ForwardClientInput.java:75)
	at org.gradle.launcher.daemon.server.api.DaemonCommandExecution.proceed(DaemonCommandExecution.java:104)
	at org.gradle.launcher.daemon.server.exec.LogAndCheckHealth.execute(LogAndCheckHealth.java:64)
	at org.gradle.launcher.daemon.server.api.DaemonCommandExecution.proceed(DaemonCommandExecution.java:104)
	at org.gradle.launcher.daemon.server.exec.LogToClient.doBuild(LogToClient.java:63)
	at org.gradle.launcher.daemon.server.exec.BuildCommandOnly.execute(BuildCommandOnly.java:37)
	at org.gradle.launcher.daemon.server.api.DaemonCommandExecution.proceed(DaemonCommandExecution.java:104)
	at org.gradle.launcher.daemon.server.exec.EstablishBuildEnvironment.doBuild(EstablishBuildEnvironment.java:84)
	at org.gradle.launcher.daemon.server.exec.BuildCommandOnly.execute(BuildCommandOnly.java:37)
	at org.gradle.launcher.daemon.server.api.DaemonCommandExecution.proceed(DaemonCommandExecution.java:104)
	at org.gradle.launcher.daemon.server.exec.StartBuildOrRespondWithBusy$1.run(StartBuildOrRespondWithBusy.java:52)
	at org.gradle.launcher.daemon.server.DaemonStateCoordinator$1.run(DaemonStateCoordinator.java:297)
	at org.gradle.internal.concurrent.ExecutorPolicy$CatchAndRecordFailures.onExecute(ExecutorPolicy.java:64)
	at org.gradle.internal.concurrent.AbstractManagedExecutor$1.run(AbstractManagedExecutor.java:47)
	at java.base/java.util.concurrent.ThreadPoolExecutor.runWorker(ThreadPoolExecutor.java:1136)
	at java.base/java.util.concurrent.ThreadPoolExecutor$Worker.run(ThreadPoolExecutor.java:635)
	at java.base/java.lang.Thread.run(Thread.java:840)
[gradle-intellij-plugin :] Cannot create plugin from file '/opt/android-studio/plugins/google-cloud-tools-as': Invalid plugin descriptor 'plugin.xml'. Unable to read the plugin descriptor: No enum constant com.jetbrains.plugin.structure.intellij.plugin.IdePluginContentDescriptor.ServiceType.APPLİCATİON.
Unable to read descriptor [plugin.xml] from [/opt/android-studio/plugins/gradle/lib/gradle.jar]
java.lang.IllegalArgumentException: No enum constant com.jetbrains.plugin.structure.intellij.plugin.IdePluginContentDescriptor.ServiceType.APPLİCATİON
	at java.base/java.lang.Enum.valueOf(Enum.java:273)
	at com.jetbrains.plugin.structure.intellij.plugin.IdePluginContentDescriptor$ServiceType.valueOf(IdePluginContents.kt)
	at com.jetbrains.plugin.structure.intellij.plugin.PluginCreator.readServiceDescriptor(PluginCreator.kt:406)
	at com.jetbrains.plugin.structure.intellij.plugin.PluginCreator.readExtensions(PluginCreator.kt:341)
	at com.jetbrains.plugin.structure.intellij.plugin.PluginCreator.setInfoFromBean(PluginCreator.kt:320)
	at com.jetbrains.plugin.structure.intellij.plugin.PluginCreator.resolveDocumentAndValidateBean(PluginCreator.kt:664)
	at com.jetbrains.plugin.structure.intellij.plugin.PluginCreator.access$resolveDocumentAndValidateBean(PluginCreator.kt:31)
	at com.jetbrains.plugin.structure.intellij.plugin.PluginCreator$Companion.createPlugin(PluginCreator.kt:109)
	at com.jetbrains.plugin.structure.intellij.plugin.IdePluginManager.loadPluginInfoFromJarFile(IdePluginManager.kt:62)
	at com.jetbrains.plugin.structure.intellij.plugin.IdePluginManager.loadPluginInfoFromLibDirectory(IdePluginManager.kt:165)
	at com.jetbrains.plugin.structure.intellij.plugin.IdePluginManager.loadPluginInfoFromDirectory(IdePluginManager.kt:97)
	at com.jetbrains.plugin.structure.intellij.plugin.IdePluginManager.loadPluginInfoFromJarOrDirectory(IdePluginManager.kt:206)
	at com.jetbrains.plugin.structure.intellij.plugin.IdePluginManager.getPluginCreatorWithResult(IdePluginManager.kt:347)
	at com.jetbrains.plugin.structure.intellij.plugin.IdePluginManager.createPlugin(IdePluginManager.kt:314)
	at com.jetbrains.plugin.structure.intellij.plugin.IdePluginManager.createPlugin$default(IdePluginManager.kt:312)
	at org.jetbrains.intellij.Utils.createPlugin(utils.kt:222)
	at org.jetbrains.intellij.dependency.BuiltinPluginsRegistry.add(BuiltinPluginsRegistry.kt:89)
	at org.jetbrains.intellij.dependency.BuiltinPluginsRegistry.fillFromDirectory(BuiltinPluginsRegistry.kt:47)
	at org.jetbrains.intellij.dependency.BuiltinPluginsRegistry.access$fillFromDirectory(BuiltinPluginsRegistry.kt:21)
	at org.jetbrains.intellij.dependency.BuiltinPluginsRegistry$Companion.fromDirectory(BuiltinPluginsRegistry.kt:127)
	at org.jetbrains.intellij.dependency.IdeaDependencyManager.createDependency(IdeaDependencyManager.kt:92)
	at org.jetbrains.intellij.dependency.IdeaDependencyManager.resolveLocal(IdeaDependencyManager.kt:430)
	at org.jetbrains.intellij.IntelliJPlugin$prepareIdeaDependencyProvider$1.call(IntelliJPlugin.kt:299)
	at org.jetbrains.intellij.IntelliJPlugin$prepareIdeaDependencyProvider$1.call(IntelliJPlugin.kt:266)
	at org.gradle.api.internal.provider.DefaultProvider.calculateOwnValue(DefaultProvider.java:72)
	at org.gradle.api.internal.provider.AbstractMinimalProvider.calculateValue(AbstractMinimalProvider.java:115)
	at org.gradle.api.internal.provider.TransformBackedProvider.calculateOwnValue(TransformBackedProvider.java:82)
	at org.gradle.api.internal.provider.AbstractMinimalProvider.calculateValue(AbstractMinimalProvider.java:115)
	at org.gradle.api.internal.provider.AbstractMinimalProvider.withFinalValue(AbstractMinimalProvider.java:168)
	at org.gradle.api.internal.provider.DefaultProperty.finalValue(DefaultProperty.java:133)
	at org.gradle.api.internal.provider.DefaultProperty.finalValue(DefaultProperty.java:26)
	at org.gradle.api.internal.provider.AbstractProperty.finalizeNow(AbstractProperty.java:245)
	at org.gradle.api.internal.provider.AbstractProperty.beforeRead(AbstractProperty.java:239)
	at org.gradle.api.internal.provider.AbstractProperty.calculateOwnValue(AbstractProperty.java:135)
	at org.gradle.api.internal.provider.AbstractMinimalProvider.calculateValue(AbstractMinimalProvider.java:115)
	at org.gradle.api.internal.provider.TransformBackedProvider.calculateOwnValue(TransformBackedProvider.java:82)
	at org.gradle.api.internal.provider.AbstractMinimalProvider.calculateValue(AbstractMinimalProvider.java:115)
	at org.gradle.api.internal.provider.Collectors$ElementsFromCollectionProvider.collectEntries(Collectors.java:220)
	at org.gradle.api.internal.provider.AbstractCollectionProperty$CollectingSupplier.calculateValue(AbstractCollectionProperty.java:344)
	at org.gradle.api.internal.provider.AbstractCollectionProperty.calculateValueFrom(AbstractCollectionProperty.java:189)
	at org.gradle.api.internal.provider.AbstractCollectionProperty.calculateValueFrom(AbstractCollectionProperty.java:37)
	at org.gradle.api.internal.provider.AbstractProperty.doCalculateValue(AbstractProperty.java:142)
	at org.gradle.api.internal.provider.AbstractProperty.calculateOwnValue(AbstractProperty.java:136)
	at org.gradle.api.internal.provider.AbstractMinimalProvider.calculateOwnPresentValue(AbstractMinimalProvider.java:80)
	at org.gradle.api.internal.provider.AbstractMinimalProvider.get(AbstractMinimalProvider.java:100)
	at org.jetbrains.intellij.IntelliJPlugin$configurePrepareSandboxTasks$5$5.transform(IntelliJPlugin.kt:625)
	at org.jetbrains.intellij.IntelliJPlugin$configurePrepareSandboxTasks$5$5.transform(IntelliJPlugin.kt:624)
	at org.gradle.api.internal.provider.ValueSupplier$Present.transform(ValueSupplier.java:541)
	at org.gradle.api.internal.provider.TransformBackedProvider.mapValue(TransformBackedProvider.java:91)
	at org.gradle.api.internal.provider.TransformBackedProvider.calculateOwnValue(TransformBackedProvider.java:83)
	at org.gradle.api.internal.provider.AbstractMinimalProvider.calculateOwnPresentValue(AbstractMinimalProvider.java:80)
	at org.gradle.api.internal.provider.AbstractMinimalProvider.get(AbstractMinimalProvider.java:100)
	at org.gradle.api.internal.provider.ProviderResolutionStrategy$2.resolve(ProviderResolutionStrategy.java:33)
	at org.gradle.api.internal.file.collections.ProviderBackedFileCollection.visitDependencies(ProviderBackedFileCollection.java:57)
	at org.gradle.api.internal.tasks.CachingTaskDependencyResolveContext$TaskGraphImpl.getNodeValues(CachingTaskDependencyResolveContext.java:103)
	at org.gradle.internal.graph.CachingDirectedGraphWalker$GraphWithEmptyEdges.getNodeValues(CachingDirectedGraphWalker.java:213)
	at org.gradle.internal.graph.CachingDirectedGraphWalker.doSearch(CachingDirectedGraphWalker.java:121)
	at org.gradle.internal.graph.CachingDirectedGraphWalker.findValues(CachingDirectedGraphWalker.java:73)
	at org.gradle.api.internal.tasks.CachingTaskDependencyResolveContext.getDependencies(CachingTaskDependencyResolveContext.java:66)
	at org.gradle.execution.plan.TaskDependencyResolver.resolveDependenciesFor(TaskDependencyResolver.java:49)
	at org.gradle.execution.plan.LocalTaskNode.getDependencies(LocalTaskNode.java:148)
	at org.gradle.execution.plan.LocalTaskNode.resolveDependencies(LocalTaskNode.java:122)
	at org.gradle.execution.plan.DefaultExecutionPlan.discoverNodeRelationships(DefaultExecutionPlan.java:183)
	at org.gradle.execution.plan.DefaultExecutionPlan.doAddEntryNodes(DefaultExecutionPlan.java:155)
	at org.gradle.execution.plan.DefaultExecutionPlan.addEntryTasks(DefaultExecutionPlan.java:130)
	at org.gradle.execution.plan.DefaultExecutionPlan.addEntryTasks(DefaultExecutionPlan.java:122)
	at org.gradle.execution.TaskNameResolvingBuildTaskScheduler.scheduleRequestedTasks(TaskNameResolvingBuildTaskScheduler.java:54)
	at org.gradle.execution.DefaultTasksBuildTaskScheduler.scheduleRequestedTasks(DefaultTasksBuildTaskScheduler.java:72)
	at org.gradle.initialization.DefaultTaskExecutionPreparer.lambda$scheduleRequestedTasks$0(DefaultTaskExecutionPreparer.java:46)
	at org.gradle.internal.Factories$1.create(Factories.java:31)
	at org.gradle.internal.work.DefaultWorkerLeaseService.withReplacedLocks(DefaultWorkerLeaseService.java:360)
	at org.gradle.api.internal.project.DefaultProjectStateRegistry$DefaultBuildProjectRegistry.withMutableStateOfAllProjects(DefaultProjectStateRegistry.java:239)
	at org.gradle.api.internal.project.DefaultProjectStateRegistry$DefaultBuildProjectRegistry.withMutableStateOfAllProjects(DefaultProjectStateRegistry.java:232)
	at org.gradle.initialization.DefaultTaskExecutionPreparer.scheduleRequestedTasks(DefaultTaskExecutionPreparer.java:45)
	at org.gradle.initialization.VintageBuildModelController.lambda$scheduleRequestedTasks$0(VintageBuildModelController.java:76)
	at org.gradle.internal.model.StateTransitionController.lambda$inState$1(StateTransitionController.java:99)
	at org.gradle.internal.model.StateTransitionController.lambda$inState$2(StateTransitionController.java:114)
	at org.gradle.internal.work.DefaultSynchronizer.withLock(DefaultSynchronizer.java:44)
	at org.gradle.internal.model.StateTransitionController.inState(StateTransitionController.java:110)
	at org.gradle.internal.model.StateTransitionController.inState(StateTransitionController.java:98)
	at org.gradle.initialization.VintageBuildModelController.scheduleRequestedTasks(VintageBuildModelController.java:76)
	at org.gradle.internal.build.DefaultBuildLifecycleController$DefaultWorkGraphBuilder.addRequestedTasks(DefaultBuildLifecycleController.java:404)
	at org.gradle.internal.buildtree.DefaultBuildTreeWorkPreparer.lambda$scheduleRequestedTasks$0(DefaultBuildTreeWorkPreparer.java:41)
	at org.gradle.internal.build.DefaultBuildLifecycleController.lambda$populateWorkGraph$7(DefaultBuildLifecycleController.java:189)
	at org.gradle.internal.build.DefaultBuildWorkPreparer.populateWorkGraph(DefaultBuildWorkPreparer.java:42)
	at org.gradle.internal.build.BuildOperationFiringBuildWorkPreparer$PopulateWorkGraph.populateTaskGraph(BuildOperationFiringBuildWorkPreparer.java:106)
	at org.gradle.internal.build.BuildOperationFiringBuildWorkPreparer$PopulateWorkGraph.run(BuildOperationFiringBuildWorkPreparer.java:92)
	at org.gradle.internal.operations.DefaultBuildOperationRunner$1.execute(DefaultBuildOperationRunner.java:29)
	at org.gradle.internal.operations.DefaultBuildOperationRunner$1.execute(DefaultBuildOperationRunner.java:26)
	at org.gradle.internal.operations.DefaultBuildOperationRunner$2.execute(DefaultBuildOperationRunner.java:66)
	at org.gradle.internal.operations.DefaultBuildOperationRunner$2.execute(DefaultBuildOperationRunner.java:59)
	at org.gradle.internal.operations.DefaultBuildOperationRunner.execute(DefaultBuildOperationRunner.java:157)
	at org.gradle.internal.operations.DefaultBuildOperationRunner.execute(DefaultBuildOperationRunner.java:59)
	at org.gradle.internal.operations.DefaultBuildOperationRunner.run(DefaultBuildOperationRunner.java:47)
	at org.gradle.internal.operations.DefaultBuildOperationExecutor.run(DefaultBuildOperationExecutor.java:68)
	at org.gradle.internal.build.BuildOperationFiringBuildWorkPreparer.populateWorkGraph(BuildOperationFiringBuildWorkPreparer.java:67)
	at org.gradle.internal.build.DefaultBuildLifecycleController.lambda$populateWorkGraph$8(DefaultBuildLifecycleController.java:189)
	at org.gradle.internal.model.StateTransitionController.lambda$inState$1(StateTransitionController.java:99)
	at org.gradle.internal.model.StateTransitionController.lambda$inState$2(StateTransitionController.java:114)
	at org.gradle.internal.work.DefaultSynchronizer.withLock(DefaultSynchronizer.java:44)
	at org.gradle.internal.model.StateTransitionController.inState(StateTransitionController.java:110)
	at org.gradle.internal.model.StateTransitionController.inState(StateTransitionController.java:98)
	at org.gradle.internal.build.DefaultBuildLifecycleController.populateWorkGraph(DefaultBuildLifecycleController.java:189)
	at org.gradle.internal.build.DefaultBuildWorkGraphController$DefaultBuildWorkGraph.populateWorkGraph(DefaultBuildWorkGraphController.java:169)
	at org.gradle.composite.internal.DefaultBuildController.populateWorkGraph(DefaultBuildController.java:76)
	at org.gradle.composite.internal.DefaultIncludedBuildTaskGraph$DefaultBuildTreeWorkGraphBuilder.withWorkGraph(DefaultIncludedBuildTaskGraph.java:153)
	at org.gradle.internal.buildtree.DefaultBuildTreeWorkPreparer.lambda$scheduleRequestedTasks$1(DefaultBuildTreeWorkPreparer.java:41)
	at org.gradle.composite.internal.DefaultIncludedBuildTaskGraph$DefaultBuildTreeWorkGraph$1.run(DefaultIncludedBuildTaskGraph.java:209)
	at org.gradle.internal.operations.DefaultBuildOperationRunner$1.execute(DefaultBuildOperationRunner.java:29)
	at org.gradle.internal.operations.DefaultBuildOperationRunner$1.execute(DefaultBuildOperationRunner.java:26)
	at org.gradle.internal.operations.DefaultBuildOperationRunner$2.execute(DefaultBuildOperationRunner.java:66)
	at org.gradle.internal.operations.DefaultBuildOperationRunner$2.execute(DefaultBuildOperationRunner.java:59)
	at org.gradle.internal.operations.DefaultBuildOperationRunner.execute(DefaultBuildOperationRunner.java:157)
	at org.gradle.internal.operations.DefaultBuildOperationRunner.execute(DefaultBuildOperationRunner.java:59)
	at org.gradle.internal.operations.DefaultBuildOperationRunner.run(DefaultBuildOperationRunner.java:47)
	at org.gradle.internal.operations.DefaultBuildOperationExecutor.run(DefaultBuildOperationExecutor.java:68)
	at org.gradle.composite.internal.DefaultIncludedBuildTaskGraph$DefaultBuildTreeWorkGraph.scheduleWork(DefaultIncludedBuildTaskGraph.java:204)
	at org.gradle.internal.buildtree.DefaultBuildTreeWorkPreparer.scheduleRequestedTasks(DefaultBuildTreeWorkPreparer.java:37)
	at org.gradle.configurationcache.VintageBuildTreeWorkController$scheduleAndRunRequestedTasks$1.apply(VintageBuildTreeWorkController.kt:36)
	at org.gradle.configurationcache.VintageBuildTreeWorkController$scheduleAndRunRequestedTasks$1.apply(VintageBuildTreeWorkController.kt:35)
	at org.gradle.composite.internal.DefaultIncludedBuildTaskGraph.withNewWorkGraph(DefaultIncludedBuildTaskGraph.java:112)
	at org.gradle.configurationcache.VintageBuildTreeWorkController.scheduleAndRunRequestedTasks(VintageBuildTreeWorkController.kt:35)
	at org.gradle.internal.buildtree.DefaultBuildTreeLifecycleController.lambda$scheduleAndRunTasks$1(DefaultBuildTreeLifecycleController.java:76)
	at org.gradle.internal.buildtree.DefaultBuildTreeLifecycleController.lambda$runBuild$4(DefaultBuildTreeLifecycleController.java:119)
	at org.gradle.internal.model.StateTransitionController.lambda$transition$6(StateTransitionController.java:169)
	at org.gradle.internal.model.StateTransitionController.doTransition(StateTransitionController.java:266)
	at org.gradle.internal.model.StateTransitionController.lambda$transition$7(StateTransitionController.java:169)
	at org.gradle.internal.work.DefaultSynchronizer.withLock(DefaultSynchronizer.java:44)
	at org.gradle.internal.model.StateTransitionController.transition(StateTransitionController.java:169)
	at org.gradle.internal.buildtree.DefaultBuildTreeLifecycleController.runBuild(DefaultBuildTreeLifecycleController.java:116)
	at org.gradle.internal.buildtree.DefaultBuildTreeLifecycleController.scheduleAndRunTasks(DefaultBuildTreeLifecycleController.java:76)
	at org.gradle.internal.buildtree.DefaultBuildTreeLifecycleController.scheduleAndRunTasks(DefaultBuildTreeLifecycleController.java:71)
	at org.gradle.tooling.internal.provider.ExecuteBuildActionRunner.run(ExecuteBuildActionRunner.java:31)
	at org.gradle.launcher.exec.ChainingBuildActionRunner.run(ChainingBuildActionRunner.java:35)
	at org.gradle.internal.buildtree.ProblemReportingBuildActionRunner.run(ProblemReportingBuildActionRunner.java:49)
	at org.gradle.launcher.exec.BuildOutcomeReportingBuildActionRunner.run(BuildOutcomeReportingBuildActionRunner.java:65)
	at org.gradle.tooling.internal.provider.FileSystemWatchingBuildActionRunner.run(FileSystemWatchingBuildActionRunner.java:140)
	at org.gradle.launcher.exec.BuildCompletionNotifyingBuildActionRunner.run(BuildCompletionNotifyingBuildActionRunner.java:41)
	at org.gradle.launcher.exec.RootBuildLifecycleBuildActionExecutor.lambda$execute$0(RootBuildLifecycleBuildActionExecutor.java:40)
	at org.gradle.composite.internal.DefaultRootBuildState.run(DefaultRootBuildState.java:123)
	at org.gradle.launcher.exec.RootBuildLifecycleBuildActionExecutor.execute(RootBuildLifecycleBuildActionExecutor.java:40)
	at org.gradle.internal.buildtree.InitDeprecationLoggingActionExecutor.execute(InitDeprecationLoggingActionExecutor.java:62)
	at org.gradle.internal.buildtree.InitProblems.execute(InitProblems.java:38)
	at org.gradle.internal.buildtree.DefaultBuildTreeContext.execute(DefaultBuildTreeContext.java:40)
	at org.gradle.launcher.exec.BuildTreeLifecycleBuildActionExecutor.lambda$execute$0(BuildTreeLifecycleBuildActionExecutor.java:58)
	at org.gradle.internal.buildtree.BuildTreeState.run(BuildTreeState.java:58)
	at org.gradle.launcher.exec.BuildTreeLifecycleBuildActionExecutor.execute(BuildTreeLifecycleBuildActionExecutor.java:58)
	at org.gradle.launcher.exec.RunAsBuildOperationBuildActionExecutor$3.call(RunAsBuildOperationBuildActionExecutor.java:61)
	at org.gradle.launcher.exec.RunAsBuildOperationBuildActionExecutor$3.call(RunAsBuildOperationBuildActionExecutor.java:57)
	at org.gradle.internal.operations.DefaultBuildOperationRunner$CallableBuildOperationWorker.execute(DefaultBuildOperationRunner.java:204)
	at org.gradle.internal.operations.DefaultBuildOperationRunner$CallableBuildOperationWorker.execute(DefaultBuildOperationRunner.java:199)
	at org.gradle.internal.operations.DefaultBuildOperationRunner$2.execute(DefaultBuildOperationRunner.java:66)
	at org.gradle.internal.operations.DefaultBuildOperationRunner$2.execute(DefaultBuildOperationRunner.java:59)
	at org.gradle.internal.operations.DefaultBuildOperationRunner.execute(DefaultBuildOperationRunner.java:157)
	at org.gradle.internal.operations.DefaultBuildOperationRunner.execute(DefaultBuildOperationRunner.java:59)
	at org.gradle.internal.operations.DefaultBuildOperationRunner.call(DefaultBuildOperationRunner.java:53)
	at org.gradle.internal.operations.DefaultBuildOperationExecutor.call(DefaultBuildOperationExecutor.java:73)
	at org.gradle.launcher.exec.RunAsBuildOperationBuildActionExecutor.execute(RunAsBuildOperationBuildActionExecutor.java:57)
	at org.gradle.launcher.exec.RunAsWorkerThreadBuildActionExecutor.lambda$execute$0(RunAsWorkerThreadBuildActionExecutor.java:36)
	at org.gradle.internal.work.DefaultWorkerLeaseService.withLocks(DefaultWorkerLeaseService.java:264)
	at org.gradle.internal.work.DefaultWorkerLeaseService.runAsWorkerThread(DefaultWorkerLeaseService.java:128)
	at org.gradle.launcher.exec.RunAsWorkerThreadBuildActionExecutor.execute(RunAsWorkerThreadBuildActionExecutor.java:36)
	at org.gradle.tooling.internal.provider.continuous.ContinuousBuildActionExecutor.execute(ContinuousBuildActionExecutor.java:110)
	at org.gradle.tooling.internal.provider.SubscribableBuildActionExecutor.execute(SubscribableBuildActionExecutor.java:64)
	at org.gradle.internal.session.DefaultBuildSessionContext.execute(DefaultBuildSessionContext.java:46)
	at org.gradle.tooling.internal.provider.BuildSessionLifecycleBuildActionExecuter$ActionImpl.apply(BuildSessionLifecycleBuildActionExecuter.java:92)
	at org.gradle.tooling.internal.provider.BuildSessionLifecycleBuildActionExecuter$ActionImpl.apply(BuildSessionLifecycleBuildActionExecuter.java:80)
	at org.gradle.internal.session.BuildSessionState.run(BuildSessionState.java:69)
	at org.gradle.tooling.internal.provider.BuildSessionLifecycleBuildActionExecuter.execute(BuildSessionLifecycleBuildActionExecuter.java:62)
	at org.gradle.tooling.internal.provider.BuildSessionLifecycleBuildActionExecuter.execute(BuildSessionLifecycleBuildActionExecuter.java:41)
	at org.gradle.tooling.internal.provider.StartParamsValidatingActionExecuter.execute(StartParamsValidatingActionExecuter.java:64)
	at org.gradle.tooling.internal.provider.StartParamsValidatingActionExecuter.execute(StartParamsValidatingActionExecuter.java:32)
	at org.gradle.tooling.internal.provider.SessionFailureReportingActionExecuter.execute(SessionFailureReportingActionExecuter.java:51)
	at org.gradle.tooling.internal.provider.SessionFailureReportingActionExecuter.execute(SessionFailureReportingActionExecuter.java:39)
	at org.gradle.tooling.internal.provider.SetupLoggingActionExecuter.execute(SetupLoggingActionExecuter.java:47)
	at org.gradle.tooling.internal.provider.SetupLoggingActionExecuter.execute(SetupLoggingActionExecuter.java:31)
	at org.gradle.launcher.daemon.server.exec.ExecuteBuild.doBuild(ExecuteBuild.java:65)
	at org.gradle.launcher.daemon.server.exec.BuildCommandOnly.execute(BuildCommandOnly.java:37)
	at org.gradle.launcher.daemon.server.api.DaemonCommandExecution.proceed(DaemonCommandExecution.java:104)
	at org.gradle.launcher.daemon.server.exec.WatchForDisconnection.execute(WatchForDisconnection.java:39)
	at org.gradle.launcher.daemon.server.api.DaemonCommandExecution.proceed(DaemonCommandExecution.java:104)
	at org.gradle.launcher.daemon.server.exec.ResetDeprecationLogger.execute(ResetDeprecationLogger.java:29)
	at org.gradle.launcher.daemon.server.api.DaemonCommandExecution.proceed(DaemonCommandExecution.java:104)
	at org.gradle.launcher.daemon.server.exec.RequestStopIfSingleUsedDaemon.execute(RequestStopIfSingleUsedDaemon.java:35)
	at org.gradle.launcher.daemon.server.api.DaemonCommandExecution.proceed(DaemonCommandExecution.java:104)
	at org.gradle.launcher.daemon.server.exec.ForwardClientInput$2.create(ForwardClientInput.java:78)
	at org.gradle.launcher.daemon.server.exec.ForwardClientInput$2.create(ForwardClientInput.java:75)
	at org.gradle.util.internal.Swapper.swap(Swapper.java:38)
	at org.gradle.launcher.daemon.server.exec.ForwardClientInput.execute(ForwardClientInput.java:75)
	at org.gradle.launcher.daemon.server.api.DaemonCommandExecution.proceed(DaemonCommandExecution.java:104)
	at org.gradle.launcher.daemon.server.exec.LogAndCheckHealth.execute(LogAndCheckHealth.java:64)
	at org.gradle.launcher.daemon.server.api.DaemonCommandExecution.proceed(DaemonCommandExecution.java:104)
	at org.gradle.launcher.daemon.server.exec.LogToClient.doBuild(LogToClient.java:63)
	at org.gradle.launcher.daemon.server.exec.BuildCommandOnly.execute(BuildCommandOnly.java:37)
	at org.gradle.launcher.daemon.server.api.DaemonCommandExecution.proceed(DaemonCommandExecution.java:104)
	at org.gradle.launcher.daemon.server.exec.EstablishBuildEnvironment.doBuild(EstablishBuildEnvironment.java:84)
	at org.gradle.launcher.daemon.server.exec.BuildCommandOnly.execute(BuildCommandOnly.java:37)
	at org.gradle.launcher.daemon.server.api.DaemonCommandExecution.proceed(DaemonCommandExecution.java:104)
	at org.gradle.launcher.daemon.server.exec.StartBuildOrRespondWithBusy$1.run(StartBuildOrRespondWithBusy.java:52)
	at org.gradle.launcher.daemon.server.DaemonStateCoordinator$1.run(DaemonStateCoordinator.java:297)
	at org.gradle.internal.concurrent.ExecutorPolicy$CatchAndRecordFailures.onExecute(ExecutorPolicy.java:64)
	at org.gradle.internal.concurrent.AbstractManagedExecutor$1.run(AbstractManagedExecutor.java:47)
	at java.base/java.util.concurrent.ThreadPoolExecutor.runWorker(ThreadPoolExecutor.java:1136)
	at java.base/java.util.concurrent.ThreadPoolExecutor$Worker.run(ThreadPoolExecutor.java:635)
	at java.base/java.lang.Thread.run(Thread.java:840)
[gradle-intellij-plugin :] Cannot create plugin from file '/opt/android-studio/plugins/gradle': Invalid plugin descriptor 'plugin.xml'. Unable to read the plugin descriptor: No enum constant com.jetbrains.plugin.structure.intellij.plugin.IdePluginContentDescriptor.ServiceType.APPLİCATİON.
Unable to read descriptor [plugin.xml] from [/opt/android-studio/plugins/gradle-declarative/lib/gradle-declarative.jar]
java.lang.IllegalArgumentException: No enum constant com.jetbrains.plugin.structure.intellij.plugin.IdePluginContentDescriptor.ServiceType.APPLİCATİON
	at java.base/java.lang.Enum.valueOf(Enum.java:273)
	at com.jetbrains.plugin.structure.intellij.plugin.IdePluginContentDescriptor$ServiceType.valueOf(IdePluginContents.kt)
	at com.jetbrains.plugin.structure.intellij.plugin.PluginCreator.readServiceDescriptor(PluginCreator.kt:406)
	at com.jetbrains.plugin.structure.intellij.plugin.PluginCreator.readExtensions(PluginCreator.kt:341)
	at com.jetbrains.plugin.structure.intellij.plugin.PluginCreator.setInfoFromBean(PluginCreator.kt:320)
	at com.jetbrains.plugin.structure.intellij.plugin.PluginCreator.resolveDocumentAndValidateBean(PluginCreator.kt:664)
	at com.jetbrains.plugin.structure.intellij.plugin.PluginCreator.access$resolveDocumentAndValidateBean(PluginCreator.kt:31)
	at com.jetbrains.plugin.structure.intellij.plugin.PluginCreator$Companion.createPlugin(PluginCreator.kt:109)
	at com.jetbrains.plugin.structure.intellij.plugin.IdePluginManager.loadPluginInfoFromJarFile(IdePluginManager.kt:62)
	at com.jetbrains.plugin.structure.intellij.plugin.IdePluginManager.loadPluginInfoFromLibDirectory(IdePluginManager.kt:165)
	at com.jetbrains.plugin.structure.intellij.plugin.IdePluginManager.loadPluginInfoFromDirectory(IdePluginManager.kt:97)
	at com.jetbrains.plugin.structure.intellij.plugin.IdePluginManager.loadPluginInfoFromJarOrDirectory(IdePluginManager.kt:206)
	at com.jetbrains.plugin.structure.intellij.plugin.IdePluginManager.getPluginCreatorWithResult(IdePluginManager.kt:347)
	at com.jetbrains.plugin.structure.intellij.plugin.IdePluginManager.createPlugin(IdePluginManager.kt:314)
	at com.jetbrains.plugin.structure.intellij.plugin.IdePluginManager.createPlugin$default(IdePluginManager.kt:312)
	at org.jetbrains.intellij.Utils.createPlugin(utils.kt:222)
	at org.jetbrains.intellij.dependency.BuiltinPluginsRegistry.add(BuiltinPluginsRegistry.kt:89)
	at org.jetbrains.intellij.dependency.BuiltinPluginsRegistry.fillFromDirectory(BuiltinPluginsRegistry.kt:47)
	at org.jetbrains.intellij.dependency.BuiltinPluginsRegistry.access$fillFromDirectory(BuiltinPluginsRegistry.kt:21)
	at org.jetbrains.intellij.dependency.BuiltinPluginsRegistry$Companion.fromDirectory(BuiltinPluginsRegistry.kt:127)
	at org.jetbrains.intellij.dependency.IdeaDependencyManager.createDependency(IdeaDependencyManager.kt:92)
	at org.jetbrains.intellij.dependency.IdeaDependencyManager.resolveLocal(IdeaDependencyManager.kt:430)
	at org.jetbrains.intellij.IntelliJPlugin$prepareIdeaDependencyProvider$1.call(IntelliJPlugin.kt:299)
	at org.jetbrains.intellij.IntelliJPlugin$prepareIdeaDependencyProvider$1.call(IntelliJPlugin.kt:266)
	at org.gradle.api.internal.provider.DefaultProvider.calculateOwnValue(DefaultProvider.java:72)
	at org.gradle.api.internal.provider.AbstractMinimalProvider.calculateValue(AbstractMinimalProvider.java:115)
	at org.gradle.api.internal.provider.TransformBackedProvider.calculateOwnValue(TransformBackedProvider.java:82)
	at org.gradle.api.internal.provider.AbstractMinimalProvider.calculateValue(AbstractMinimalProvider.java:115)
	at org.gradle.api.internal.provider.AbstractMinimalProvider.withFinalValue(AbstractMinimalProvider.java:168)
	at org.gradle.api.internal.provider.DefaultProperty.finalValue(DefaultProperty.java:133)
	at org.gradle.api.internal.provider.DefaultProperty.finalValue(DefaultProperty.java:26)
	at org.gradle.api.internal.provider.AbstractProperty.finalizeNow(AbstractProperty.java:245)
	at org.gradle.api.internal.provider.AbstractProperty.beforeRead(AbstractProperty.java:239)
	at org.gradle.api.internal.provider.AbstractProperty.calculateOwnValue(AbstractProperty.java:135)
	at org.gradle.api.internal.provider.AbstractMinimalProvider.calculateValue(AbstractMinimalProvider.java:115)
	at org.gradle.api.internal.provider.TransformBackedProvider.calculateOwnValue(TransformBackedProvider.java:82)
	at org.gradle.api.internal.provider.AbstractMinimalProvider.calculateValue(AbstractMinimalProvider.java:115)
	at org.gradle.api.internal.provider.Collectors$ElementsFromCollectionProvider.collectEntries(Collectors.java:220)
	at org.gradle.api.internal.provider.AbstractCollectionProperty$CollectingSupplier.calculateValue(AbstractCollectionProperty.java:344)
	at org.gradle.api.internal.provider.AbstractCollectionProperty.calculateValueFrom(AbstractCollectionProperty.java:189)
	at org.gradle.api.internal.provider.AbstractCollectionProperty.calculateValueFrom(AbstractCollectionProperty.java:37)
	at org.gradle.api.internal.provider.AbstractProperty.doCalculateValue(AbstractProperty.java:142)
	at org.gradle.api.internal.provider.AbstractProperty.calculateOwnValue(AbstractProperty.java:136)
	at org.gradle.api.internal.provider.AbstractMinimalProvider.calculateOwnPresentValue(AbstractMinimalProvider.java:80)
	at org.gradle.api.internal.provider.AbstractMinimalProvider.get(AbstractMinimalProvider.java:100)
	at org.jetbrains.intellij.IntelliJPlugin$configurePrepareSandboxTasks$5$5.transform(IntelliJPlugin.kt:625)
	at org.jetbrains.intellij.IntelliJPlugin$configurePrepareSandboxTasks$5$5.transform(IntelliJPlugin.kt:624)
	at org.gradle.api.internal.provider.ValueSupplier$Present.transform(ValueSupplier.java:541)
	at org.gradle.api.internal.provider.TransformBackedProvider.mapValue(TransformBackedProvider.java:91)
	at org.gradle.api.internal.provider.TransformBackedProvider.calculateOwnValue(TransformBackedProvider.java:83)
	at org.gradle.api.internal.provider.AbstractMinimalProvider.calculateOwnPresentValue(AbstractMinimalProvider.java:80)
	at org.gradle.api.internal.provider.AbstractMinimalProvider.get(AbstractMinimalProvider.java:100)
	at org.gradle.api.internal.provider.ProviderResolutionStrategy$2.resolve(ProviderResolutionStrategy.java:33)
	at org.gradle.api.internal.file.collections.ProviderBackedFileCollection.visitDependencies(ProviderBackedFileCollection.java:57)
	at org.gradle.api.internal.tasks.CachingTaskDependencyResolveContext$TaskGraphImpl.getNodeValues(CachingTaskDependencyResolveContext.java:103)
	at org.gradle.internal.graph.CachingDirectedGraphWalker$GraphWithEmptyEdges.getNodeValues(CachingDirectedGraphWalker.java:213)
	at org.gradle.internal.graph.CachingDirectedGraphWalker.doSearch(CachingDirectedGraphWalker.java:121)
	at org.gradle.internal.graph.CachingDirectedGraphWalker.findValues(CachingDirectedGraphWalker.java:73)
	at org.gradle.api.internal.tasks.CachingTaskDependencyResolveContext.getDependencies(CachingTaskDependencyResolveContext.java:66)
	at org.gradle.execution.plan.TaskDependencyResolver.resolveDependenciesFor(TaskDependencyResolver.java:49)
	at org.gradle.execution.plan.LocalTaskNode.getDependencies(LocalTaskNode.java:148)
	at org.gradle.execution.plan.LocalTaskNode.resolveDependencies(LocalTaskNode.java:122)
	at org.gradle.execution.plan.DefaultExecutionPlan.discoverNodeRelationships(DefaultExecutionPlan.java:183)
	at org.gradle.execution.plan.DefaultExecutionPlan.doAddEntryNodes(DefaultExecutionPlan.java:155)
	at org.gradle.execution.plan.DefaultExecutionPlan.addEntryTasks(DefaultExecutionPlan.java:130)
	at org.gradle.execution.plan.DefaultExecutionPlan.addEntryTasks(DefaultExecutionPlan.java:122)
	at org.gradle.execution.TaskNameResolvingBuildTaskScheduler.scheduleRequestedTasks(TaskNameResolvingBuildTaskScheduler.java:54)
	at org.gradle.execution.DefaultTasksBuildTaskScheduler.scheduleRequestedTasks(DefaultTasksBuildTaskScheduler.java:72)
	at org.gradle.initialization.DefaultTaskExecutionPreparer.lambda$scheduleRequestedTasks$0(DefaultTaskExecutionPreparer.java:46)
	at org.gradle.internal.Factories$1.create(Factories.java:31)
	at org.gradle.internal.work.DefaultWorkerLeaseService.withReplacedLocks(DefaultWorkerLeaseService.java:360)
	at org.gradle.api.internal.project.DefaultProjectStateRegistry$DefaultBuildProjectRegistry.withMutableStateOfAllProjects(DefaultProjectStateRegistry.java:239)
	at org.gradle.api.internal.project.DefaultProjectStateRegistry$DefaultBuildProjectRegistry.withMutableStateOfAllProjects(DefaultProjectStateRegistry.java:232)
	at org.gradle.initialization.DefaultTaskExecutionPreparer.scheduleRequestedTasks(DefaultTaskExecutionPreparer.java:45)
	at org.gradle.initialization.VintageBuildModelController.lambda$scheduleRequestedTasks$0(VintageBuildModelController.java:76)
	at org.gradle.internal.model.StateTransitionController.lambda$inState$1(StateTransitionController.java:99)
	at org.gradle.internal.model.StateTransitionController.lambda$inState$2(StateTransitionController.java:114)
	at org.gradle.internal.work.DefaultSynchronizer.withLock(DefaultSynchronizer.java:44)
	at org.gradle.internal.model.StateTransitionController.inState(StateTransitionController.java:110)
	at org.gradle.internal.model.StateTransitionController.inState(StateTransitionController.java:98)
	at org.gradle.initialization.VintageBuildModelController.scheduleRequestedTasks(VintageBuildModelController.java:76)
	at org.gradle.internal.build.DefaultBuildLifecycleController$DefaultWorkGraphBuilder.addRequestedTasks(DefaultBuildLifecycleController.java:404)
	at org.gradle.internal.buildtree.DefaultBuildTreeWorkPreparer.lambda$scheduleRequestedTasks$0(DefaultBuildTreeWorkPreparer.java:41)
	at org.gradle.internal.build.DefaultBuildLifecycleController.lambda$populateWorkGraph$7(DefaultBuildLifecycleController.java:189)
	at org.gradle.internal.build.DefaultBuildWorkPreparer.populateWorkGraph(DefaultBuildWorkPreparer.java:42)
	at org.gradle.internal.build.BuildOperationFiringBuildWorkPreparer$PopulateWorkGraph.populateTaskGraph(BuildOperationFiringBuildWorkPreparer.java:106)
	at org.gradle.internal.build.BuildOperationFiringBuildWorkPreparer$PopulateWorkGraph.run(BuildOperationFiringBuildWorkPreparer.java:92)
	at org.gradle.internal.operations.DefaultBuildOperationRunner$1.execute(DefaultBuildOperationRunner.java:29)
	at org.gradle.internal.operations.DefaultBuildOperationRunner$1.execute(DefaultBuildOperationRunner.java:26)
	at org.gradle.internal.operations.DefaultBuildOperationRunner$2.execute(DefaultBuildOperationRunner.java:66)
	at org.gradle.internal.operations.DefaultBuildOperationRunner$2.execute(DefaultBuildOperationRunner.java:59)
	at org.gradle.internal.operations.DefaultBuildOperationRunner.execute(DefaultBuildOperationRunner.java:157)
	at org.gradle.internal.operations.DefaultBuildOperationRunner.execute(DefaultBuildOperationRunner.java:59)
	at org.gradle.internal.operations.DefaultBuildOperationRunner.run(DefaultBuildOperationRunner.java:47)
	at org.gradle.internal.operations.DefaultBuildOperationExecutor.run(DefaultBuildOperationExecutor.java:68)
	at org.gradle.internal.build.BuildOperationFiringBuildWorkPreparer.populateWorkGraph(BuildOperationFiringBuildWorkPreparer.java:67)
	at org.gradle.internal.build.DefaultBuildLifecycleController.lambda$populateWorkGraph$8(DefaultBuildLifecycleController.java:189)
	at org.gradle.internal.model.StateTransitionController.lambda$inState$1(StateTransitionController.java:99)
	at org.gradle.internal.model.StateTransitionController.lambda$inState$2(StateTransitionController.java:114)
	at org.gradle.internal.work.DefaultSynchronizer.withLock(DefaultSynchronizer.java:44)
	at org.gradle.internal.model.StateTransitionController.inState(StateTransitionController.java:110)
	at org.gradle.internal.model.StateTransitionController.inState(StateTransitionController.java:98)
	at org.gradle.internal.build.DefaultBuildLifecycleController.populateWorkGraph(DefaultBuildLifecycleController.java:189)
	at org.gradle.internal.build.DefaultBuildWorkGraphController$DefaultBuildWorkGraph.populateWorkGraph(DefaultBuildWorkGraphController.java:169)
	at org.gradle.composite.internal.DefaultBuildController.populateWorkGraph(DefaultBuildController.java:76)
	at org.gradle.composite.internal.DefaultIncludedBuildTaskGraph$DefaultBuildTreeWorkGraphBuilder.withWorkGraph(DefaultIncludedBuildTaskGraph.java:153)
	at org.gradle.internal.buildtree.DefaultBuildTreeWorkPreparer.lambda$scheduleRequestedTasks$1(DefaultBuildTreeWorkPreparer.java:41)
	at org.gradle.composite.internal.DefaultIncludedBuildTaskGraph$DefaultBuildTreeWorkGraph$1.run(DefaultIncludedBuildTaskGraph.java:209)
	at org.gradle.internal.operations.DefaultBuildOperationRunner$1.execute(DefaultBuildOperationRunner.java:29)
	at org.gradle.internal.operations.DefaultBuildOperationRunner$1.execute(DefaultBuildOperationRunner.java:26)
	at org.gradle.internal.operations.DefaultBuildOperationRunner$2.execute(DefaultBuildOperationRunner.java:66)
	at org.gradle.internal.operations.DefaultBuildOperationRunner$2.execute(DefaultBuildOperationRunner.java:59)
	at org.gradle.internal.operations.DefaultBuildOperationRunner.execute(DefaultBuildOperationRunner.java:157)
	at org.gradle.internal.operations.DefaultBuildOperationRunner.execute(DefaultBuildOperationRunner.java:59)
	at org.gradle.internal.operations.DefaultBuildOperationRunner.run(DefaultBuildOperationRunner.java:47)
	at org.gradle.internal.operations.DefaultBuildOperationExecutor.run(DefaultBuildOperationExecutor.java:68)
	at org.gradle.composite.internal.DefaultIncludedBuildTaskGraph$DefaultBuildTreeWorkGraph.scheduleWork(DefaultIncludedBuildTaskGraph.java:204)
	at org.gradle.internal.buildtree.DefaultBuildTreeWorkPreparer.scheduleRequestedTasks(DefaultBuildTreeWorkPreparer.java:37)
	at org.gradle.configurationcache.VintageBuildTreeWorkController$scheduleAndRunRequestedTasks$1.apply(VintageBuildTreeWorkController.kt:36)
	at org.gradle.configurationcache.VintageBuildTreeWorkController$scheduleAndRunRequestedTasks$1.apply(VintageBuildTreeWorkController.kt:35)
	at org.gradle.composite.internal.DefaultIncludedBuildTaskGraph.withNewWorkGraph(DefaultIncludedBuildTaskGraph.java:112)
	at org.gradle.configurationcache.VintageBuildTreeWorkController.scheduleAndRunRequestedTasks(VintageBuildTreeWorkController.kt:35)
	at org.gradle.internal.buildtree.DefaultBuildTreeLifecycleController.lambda$scheduleAndRunTasks$1(DefaultBuildTreeLifecycleController.java:76)
	at org.gradle.internal.buildtree.DefaultBuildTreeLifecycleController.lambda$runBuild$4(DefaultBuildTreeLifecycleController.java:119)
	at org.gradle.internal.model.StateTransitionController.lambda$transition$6(StateTransitionController.java:169)
	at org.gradle.internal.model.StateTransitionController.doTransition(StateTransitionController.java:266)
	at org.gradle.internal.model.StateTransitionController.lambda$transition$7(StateTransitionController.java:169)
	at org.gradle.internal.work.DefaultSynchronizer.withLock(DefaultSynchronizer.java:44)
	at org.gradle.internal.model.StateTransitionController.transition(StateTransitionController.java:169)
	at org.gradle.internal.buildtree.DefaultBuildTreeLifecycleController.runBuild(DefaultBuildTreeLifecycleController.java:116)
	at org.gradle.internal.buildtree.DefaultBuildTreeLifecycleController.scheduleAndRunTasks(DefaultBuildTreeLifecycleController.java:76)
	at org.gradle.internal.buildtree.DefaultBuildTreeLifecycleController.scheduleAndRunTasks(DefaultBuildTreeLifecycleController.java:71)
	at org.gradle.tooling.internal.provider.ExecuteBuildActionRunner.run(ExecuteBuildActionRunner.java:31)
	at org.gradle.launcher.exec.ChainingBuildActionRunner.run(ChainingBuildActionRunner.java:35)
	at org.gradle.internal.buildtree.ProblemReportingBuildActionRunner.run(ProblemReportingBuildActionRunner.java:49)
	at org.gradle.launcher.exec.BuildOutcomeReportingBuildActionRunner.run(BuildOutcomeReportingBuildActionRunner.java:65)
	at org.gradle.tooling.internal.provider.FileSystemWatchingBuildActionRunner.run(FileSystemWatchingBuildActionRunner.java:140)
	at org.gradle.launcher.exec.BuildCompletionNotifyingBuildActionRunner.run(BuildCompletionNotifyingBuildActionRunner.java:41)
	at org.gradle.launcher.exec.RootBuildLifecycleBuildActionExecutor.lambda$execute$0(RootBuildLifecycleBuildActionExecutor.java:40)
	at org.gradle.composite.internal.DefaultRootBuildState.run(DefaultRootBuildState.java:123)
	at org.gradle.launcher.exec.RootBuildLifecycleBuildActionExecutor.execute(RootBuildLifecycleBuildActionExecutor.java:40)
	at org.gradle.internal.buildtree.InitDeprecationLoggingActionExecutor.execute(InitDeprecationLoggingActionExecutor.java:62)
	at org.gradle.internal.buildtree.InitProblems.execute(InitProblems.java:38)
	at org.gradle.internal.buildtree.DefaultBuildTreeContext.execute(DefaultBuildTreeContext.java:40)
	at org.gradle.launcher.exec.BuildTreeLifecycleBuildActionExecutor.lambda$execute$0(BuildTreeLifecycleBuildActionExecutor.java:58)
	at org.gradle.internal.buildtree.BuildTreeState.run(BuildTreeState.java:58)
	at org.gradle.launcher.exec.BuildTreeLifecycleBuildActionExecutor.execute(BuildTreeLifecycleBuildActionExecutor.java:58)
	at org.gradle.launcher.exec.RunAsBuildOperationBuildActionExecutor$3.call(RunAsBuildOperationBuildActionExecutor.java:61)
	at org.gradle.launcher.exec.RunAsBuildOperationBuildActionExecutor$3.call(RunAsBuildOperationBuildActionExecutor.java:57)
	at org.gradle.internal.operations.DefaultBuildOperationRunner$CallableBuildOperationWorker.execute(DefaultBuildOperationRunner.java:204)
	at org.gradle.internal.operations.DefaultBuildOperationRunner$CallableBuildOperationWorker.execute(DefaultBuildOperationRunner.java:199)
	at org.gradle.internal.operations.DefaultBuildOperationRunner$2.execute(DefaultBuildOperationRunner.java:66)
	at org.gradle.internal.operations.DefaultBuildOperationRunner$2.execute(DefaultBuildOperationRunner.java:59)
	at org.gradle.internal.operations.DefaultBuildOperationRunner.execute(DefaultBuildOperationRunner.java:157)
	at org.gradle.internal.operations.DefaultBuildOperationRunner.execute(DefaultBuildOperationRunner.java:59)
	at org.gradle.internal.operations.DefaultBuildOperationRunner.call(DefaultBuildOperationRunner.java:53)
	at org.gradle.internal.operations.DefaultBuildOperationExecutor.call(DefaultBuildOperationExecutor.java:73)
	at org.gradle.launcher.exec.RunAsBuildOperationBuildActionExecutor.execute(RunAsBuildOperationBuildActionExecutor.java:57)
	at org.gradle.launcher.exec.RunAsWorkerThreadBuildActionExecutor.lambda$execute$0(RunAsWorkerThreadBuildActionExecutor.java:36)
	at org.gradle.internal.work.DefaultWorkerLeaseService.withLocks(DefaultWorkerLeaseService.java:264)
	at org.gradle.internal.work.DefaultWorkerLeaseService.runAsWorkerThread(DefaultWorkerLeaseService.java:128)
	at org.gradle.launcher.exec.RunAsWorkerThreadBuildActionExecutor.execute(RunAsWorkerThreadBuildActionExecutor.java:36)
	at org.gradle.tooling.internal.provider.continuous.ContinuousBuildActionExecutor.execute(ContinuousBuildActionExecutor.java:110)
	at org.gradle.tooling.internal.provider.SubscribableBuildActionExecutor.execute(SubscribableBuildActionExecutor.java:64)
	at org.gradle.internal.session.DefaultBuildSessionContext.execute(DefaultBuildSessionContext.java:46)
	at org.gradle.tooling.internal.provider.BuildSessionLifecycleBuildActionExecuter$ActionImpl.apply(BuildSessionLifecycleBuildActionExecuter.java:92)
	at org.gradle.tooling.internal.provider.BuildSessionLifecycleBuildActionExecuter$ActionImpl.apply(BuildSessionLifecycleBuildActionExecuter.java:80)
	at org.gradle.internal.session.BuildSessionState.run(BuildSessionState.java:69)
	at org.gradle.tooling.internal.provider.BuildSessionLifecycleBuildActionExecuter.execute(BuildSessionLifecycleBuildActionExecuter.java:62)
	at org.gradle.tooling.internal.provider.BuildSessionLifecycleBuildActionExecuter.execute(BuildSessionLifecycleBuildActionExecuter.java:41)
	at org.gradle.tooling.internal.provider.StartParamsValidatingActionExecuter.execute(StartParamsValidatingActionExecuter.java:64)
	at org.gradle.tooling.internal.provider.StartParamsValidatingActionExecuter.execute(StartParamsValidatingActionExecuter.java:32)
	at org.gradle.tooling.internal.provider.SessionFailureReportingActionExecuter.execute(SessionFailureReportingActionExecuter.java:51)
	at org.gradle.tooling.internal.provider.SessionFailureReportingActionExecuter.execute(SessionFailureReportingActionExecuter.java:39)
	at org.gradle.tooling.internal.provider.SetupLoggingActionExecuter.execute(SetupLoggingActionExecuter.java:47)
	at org.gradle.tooling.internal.provider.SetupLoggingActionExecuter.execute(SetupLoggingActionExecuter.java:31)
	at org.gradle.launcher.daemon.server.exec.ExecuteBuild.doBuild(ExecuteBuild.java:65)
	at org.gradle.launcher.daemon.server.exec.BuildCommandOnly.execute(BuildCommandOnly.java:37)
	at org.gradle.launcher.daemon.server.api.DaemonCommandExecution.proceed(DaemonCommandExecution.java:104)
	at org.gradle.launcher.daemon.server.exec.WatchForDisconnection.execute(WatchForDisconnection.java:39)
	at org.gradle.launcher.daemon.server.api.DaemonCommandExecution.proceed(DaemonCommandExecution.java:104)
	at org.gradle.launcher.daemon.server.exec.ResetDeprecationLogger.execute(ResetDeprecationLogger.java:29)
	at org.gradle.launcher.daemon.server.api.DaemonCommandExecution.proceed(DaemonCommandExecution.java:104)
	at org.gradle.launcher.daemon.server.exec.RequestStopIfSingleUsedDaemon.execute(RequestStopIfSingleUsedDaemon.java:35)
	at org.gradle.launcher.daemon.server.api.DaemonCommandExecution.proceed(DaemonCommandExecution.java:104)
	at org.gradle.launcher.daemon.server.exec.ForwardClientInput$2.create(ForwardClientInput.java:78)
	at org.gradle.launcher.daemon.server.exec.ForwardClientInput$2.create(ForwardClientInput.java:75)
	at org.gradle.util.internal.Swapper.swap(Swapper.java:38)
	at org.gradle.launcher.daemon.server.exec.ForwardClientInput.execute(ForwardClientInput.java:75)
	at org.gradle.launcher.daemon.server.api.DaemonCommandExecution.proceed(DaemonCommandExecution.java:104)
	at org.gradle.launcher.daemon.server.exec.LogAndCheckHealth.execute(LogAndCheckHealth.java:64)
	at org.gradle.launcher.daemon.server.api.DaemonCommandExecution.proceed(DaemonCommandExecution.java:104)
	at org.gradle.launcher.daemon.server.exec.LogToClient.doBuild(LogToClient.java:63)
	at org.gradle.launcher.daemon.server.exec.BuildCommandOnly.execute(BuildCommandOnly.java:37)
	at org.gradle.launcher.daemon.server.api.DaemonCommandExecution.proceed(DaemonCommandExecution.java:104)
	at org.gradle.launcher.daemon.server.exec.EstablishBuildEnvironment.doBuild(EstablishBuildEnvironment.java:84)
	at org.gradle.launcher.daemon.server.exec.BuildCommandOnly.execute(BuildCommandOnly.java:37)
	at org.gradle.launcher.daemon.server.api.DaemonCommandExecution.proceed(DaemonCommandExecution.java:104)
	at org.gradle.launcher.daemon.server.exec.StartBuildOrRespondWithBusy$1.run(StartBuildOrRespondWithBusy.java:52)
	at org.gradle.launcher.daemon.server.DaemonStateCoordinator$1.run(DaemonStateCoordinator.java:297)
	at org.gradle.internal.concurrent.ExecutorPolicy$CatchAndRecordFailures.onExecute(ExecutorPolicy.java:64)
	at org.gradle.internal.concurrent.AbstractManagedExecutor$1.run(AbstractManagedExecutor.java:47)
	at java.base/java.util.concurrent.ThreadPoolExecutor.runWorker(ThreadPoolExecutor.java:1136)
	at java.base/java.util.concurrent.ThreadPoolExecutor$Worker.run(ThreadPoolExecutor.java:635)
	at java.base/java.lang.Thread.run(Thread.java:840)
[gradle-intellij-plugin :] Cannot create plugin from file '/opt/android-studio/plugins/gradle-declarative': Invalid plugin descriptor 'plugin.xml'. Unable to read the plugin descriptor: No enum constant com.jetbrains.plugin.structure.intellij.plugin.IdePluginContentDescriptor.ServiceType.APPLİCATİON.
Unable to read descriptor [plugin.xml] from [/opt/android-studio/plugins/gradle-java/lib/gradle-java.jar]
java.lang.IllegalArgumentException: No enum constant com.jetbrains.plugin.structure.intellij.plugin.IdePluginContentDescriptor.ServiceType.APPLİCATİON
	at java.base/java.lang.Enum.valueOf(Enum.java:273)
	at com.jetbrains.plugin.structure.intellij.plugin.IdePluginContentDescriptor$ServiceType.valueOf(IdePluginContents.kt)
	at com.jetbrains.plugin.structure.intellij.plugin.PluginCreator.readServiceDescriptor(PluginCreator.kt:406)
	at com.jetbrains.plugin.structure.intellij.plugin.PluginCreator.readExtensions(PluginCreator.kt:341)
	at com.jetbrains.plugin.structure.intellij.plugin.PluginCreator.setInfoFromBean(PluginCreator.kt:320)
	at com.jetbrains.plugin.structure.intellij.plugin.PluginCreator.resolveDocumentAndValidateBean(PluginCreator.kt:664)
	at com.jetbrains.plugin.structure.intellij.plugin.PluginCreator.access$resolveDocumentAndValidateBean(PluginCreator.kt:31)
	at com.jetbrains.plugin.structure.intellij.plugin.PluginCreator$Companion.createPlugin(PluginCreator.kt:109)
	at com.jetbrains.plugin.structure.intellij.plugin.IdePluginManager.loadPluginInfoFromJarFile(IdePluginManager.kt:62)
	at com.jetbrains.plugin.structure.intellij.plugin.IdePluginManager.loadPluginInfoFromLibDirectory(IdePluginManager.kt:165)
	at com.jetbrains.plugin.structure.intellij.plugin.IdePluginManager.loadPluginInfoFromDirectory(IdePluginManager.kt:97)
	at com.jetbrains.plugin.structure.intellij.plugin.IdePluginManager.loadPluginInfoFromJarOrDirectory(IdePluginManager.kt:206)
	at com.jetbrains.plugin.structure.intellij.plugin.IdePluginManager.getPluginCreatorWithResult(IdePluginManager.kt:347)
	at com.jetbrains.plugin.structure.intellij.plugin.IdePluginManager.createPlugin(IdePluginManager.kt:314)
	at com.jetbrains.plugin.structure.intellij.plugin.IdePluginManager.createPlugin$default(IdePluginManager.kt:312)
	at org.jetbrains.intellij.Utils.createPlugin(utils.kt:222)
	at org.jetbrains.intellij.dependency.BuiltinPluginsRegistry.add(BuiltinPluginsRegistry.kt:89)
	at org.jetbrains.intellij.dependency.BuiltinPluginsRegistry.fillFromDirectory(BuiltinPluginsRegistry.kt:47)
	at org.jetbrains.intellij.dependency.BuiltinPluginsRegistry.access$fillFromDirectory(BuiltinPluginsRegistry.kt:21)
	at org.jetbrains.intellij.dependency.BuiltinPluginsRegistry$Companion.fromDirectory(BuiltinPluginsRegistry.kt:127)
	at org.jetbrains.intellij.dependency.IdeaDependencyManager.createDependency(IdeaDependencyManager.kt:92)
	at org.jetbrains.intellij.dependency.IdeaDependencyManager.resolveLocal(IdeaDependencyManager.kt:430)
	at org.jetbrains.intellij.IntelliJPlugin$prepareIdeaDependencyProvider$1.call(IntelliJPlugin.kt:299)
	at org.jetbrains.intellij.IntelliJPlugin$prepareIdeaDependencyProvider$1.call(IntelliJPlugin.kt:266)
	at org.gradle.api.internal.provider.DefaultProvider.calculateOwnValue(DefaultProvider.java:72)
	at org.gradle.api.internal.provider.AbstractMinimalProvider.calculateValue(AbstractMinimalProvider.java:115)
	at org.gradle.api.internal.provider.TransformBackedProvider.calculateOwnValue(TransformBackedProvider.java:82)
	at org.gradle.api.internal.provider.AbstractMinimalProvider.calculateValue(AbstractMinimalProvider.java:115)
	at org.gradle.api.internal.provider.AbstractMinimalProvider.withFinalValue(AbstractMinimalProvider.java:168)
	at org.gradle.api.internal.provider.DefaultProperty.finalValue(DefaultProperty.java:133)
	at org.gradle.api.internal.provider.DefaultProperty.finalValue(DefaultProperty.java:26)
	at org.gradle.api.internal.provider.AbstractProperty.finalizeNow(AbstractProperty.java:245)
	at org.gradle.api.internal.provider.AbstractProperty.beforeRead(AbstractProperty.java:239)
	at org.gradle.api.internal.provider.AbstractProperty.calculateOwnValue(AbstractProperty.java:135)
	at org.gradle.api.internal.provider.AbstractMinimalProvider.calculateValue(AbstractMinimalProvider.java:115)
	at org.gradle.api.internal.provider.TransformBackedProvider.calculateOwnValue(TransformBackedProvider.java:82)
	at org.gradle.api.internal.provider.AbstractMinimalProvider.calculateValue(AbstractMinimalProvider.java:115)
	at org.gradle.api.internal.provider.Collectors$ElementsFromCollectionProvider.collectEntries(Collectors.java:220)
	at org.gradle.api.internal.provider.AbstractCollectionProperty$CollectingSupplier.calculateValue(AbstractCollectionProperty.java:344)
	at org.gradle.api.internal.provider.AbstractCollectionProperty.calculateValueFrom(AbstractCollectionProperty.java:189)
	at org.gradle.api.internal.provider.AbstractCollectionProperty.calculateValueFrom(AbstractCollectionProperty.java:37)
	at org.gradle.api.internal.provider.AbstractProperty.doCalculateValue(AbstractProperty.java:142)
	at org.gradle.api.internal.provider.AbstractProperty.calculateOwnValue(AbstractProperty.java:136)
	at org.gradle.api.internal.provider.AbstractMinimalProvider.calculateOwnPresentValue(AbstractMinimalProvider.java:80)
	at org.gradle.api.internal.provider.AbstractMinimalProvider.get(AbstractMinimalProvider.java:100)
	at org.jetbrains.intellij.IntelliJPlugin$configurePrepareSandboxTasks$5$5.transform(IntelliJPlugin.kt:625)
	at org.jetbrains.intellij.IntelliJPlugin$configurePrepareSandboxTasks$5$5.transform(IntelliJPlugin.kt:624)
	at org.gradle.api.internal.provider.ValueSupplier$Present.transform(ValueSupplier.java:541)
	at org.gradle.api.internal.provider.TransformBackedProvider.mapValue(TransformBackedProvider.java:91)
	at org.gradle.api.internal.provider.TransformBackedProvider.calculateOwnValue(TransformBackedProvider.java:83)
	at org.gradle.api.internal.provider.AbstractMinimalProvider.calculateOwnPresentValue(AbstractMinimalProvider.java:80)
	at org.gradle.api.internal.provider.AbstractMinimalProvider.get(AbstractMinimalProvider.java:100)
	at org.gradle.api.internal.provider.ProviderResolutionStrategy$2.resolve(ProviderResolutionStrategy.java:33)
	at org.gradle.api.internal.file.collections.ProviderBackedFileCollection.visitDependencies(ProviderBackedFileCollection.java:57)
	at org.gradle.api.internal.tasks.CachingTaskDependencyResolveContext$TaskGraphImpl.getNodeValues(CachingTaskDependencyResolveContext.java:103)
	at org.gradle.internal.graph.CachingDirectedGraphWalker$GraphWithEmptyEdges.getNodeValues(CachingDirectedGraphWalker.java:213)
	at org.gradle.internal.graph.CachingDirectedGraphWalker.doSearch(CachingDirectedGraphWalker.java:121)
	at org.gradle.internal.graph.CachingDirectedGraphWalker.findValues(CachingDirectedGraphWalker.java:73)
	at org.gradle.api.internal.tasks.CachingTaskDependencyResolveContext.getDependencies(CachingTaskDependencyResolveContext.java:66)
	at org.gradle.execution.plan.TaskDependencyResolver.resolveDependenciesFor(TaskDependencyResolver.java:49)
	at org.gradle.execution.plan.LocalTaskNode.getDependencies(LocalTaskNode.java:148)
	at org.gradle.execution.plan.LocalTaskNode.resolveDependencies(LocalTaskNode.java:122)
	at org.gradle.execution.plan.DefaultExecutionPlan.discoverNodeRelationships(DefaultExecutionPlan.java:183)
	at org.gradle.execution.plan.DefaultExecutionPlan.doAddEntryNodes(DefaultExecutionPlan.java:155)
	at org.gradle.execution.plan.DefaultExecutionPlan.addEntryTasks(DefaultExecutionPlan.java:130)
	at org.gradle.execution.plan.DefaultExecutionPlan.addEntryTasks(DefaultExecutionPlan.java:122)
	at org.gradle.execution.TaskNameResolvingBuildTaskScheduler.scheduleRequestedTasks(TaskNameResolvingBuildTaskScheduler.java:54)
	at org.gradle.execution.DefaultTasksBuildTaskScheduler.scheduleRequestedTasks(DefaultTasksBuildTaskScheduler.java:72)
	at org.gradle.initialization.DefaultTaskExecutionPreparer.lambda$scheduleRequestedTasks$0(DefaultTaskExecutionPreparer.java:46)
	at org.gradle.internal.Factories$1.create(Factories.java:31)
	at org.gradle.internal.work.DefaultWorkerLeaseService.withReplacedLocks(DefaultWorkerLeaseService.java:360)
	at org.gradle.api.internal.project.DefaultProjectStateRegistry$DefaultBuildProjectRegistry.withMutableStateOfAllProjects(DefaultProjectStateRegistry.java:239)
	at org.gradle.api.internal.project.DefaultProjectStateRegistry$DefaultBuildProjectRegistry.withMutableStateOfAllProjects(DefaultProjectStateRegistry.java:232)
	at org.gradle.initialization.DefaultTaskExecutionPreparer.scheduleRequestedTasks(DefaultTaskExecutionPreparer.java:45)
	at org.gradle.initialization.VintageBuildModelController.lambda$scheduleRequestedTasks$0(VintageBuildModelController.java:76)
	at org.gradle.internal.model.StateTransitionController.lambda$inState$1(StateTransitionController.java:99)
	at org.gradle.internal.model.StateTransitionController.lambda$inState$2(StateTransitionController.java:114)
	at org.gradle.internal.work.DefaultSynchronizer.withLock(DefaultSynchronizer.java:44)
	at org.gradle.internal.model.StateTransitionController.inState(StateTransitionController.java:110)
	at org.gradle.internal.model.StateTransitionController.inState(StateTransitionController.java:98)
	at org.gradle.initialization.VintageBuildModelController.scheduleRequestedTasks(VintageBuildModelController.java:76)
	at org.gradle.internal.build.DefaultBuildLifecycleController$DefaultWorkGraphBuilder.addRequestedTasks(DefaultBuildLifecycleController.java:404)
	at org.gradle.internal.buildtree.DefaultBuildTreeWorkPreparer.lambda$scheduleRequestedTasks$0(DefaultBuildTreeWorkPreparer.java:41)
	at org.gradle.internal.build.DefaultBuildLifecycleController.lambda$populateWorkGraph$7(DefaultBuildLifecycleController.java:189)
	at org.gradle.internal.build.DefaultBuildWorkPreparer.populateWorkGraph(DefaultBuildWorkPreparer.java:42)
	at org.gradle.internal.build.BuildOperationFiringBuildWorkPreparer$PopulateWorkGraph.populateTaskGraph(BuildOperationFiringBuildWorkPreparer.java:106)
	at org.gradle.internal.build.BuildOperationFiringBuildWorkPreparer$PopulateWorkGraph.run(BuildOperationFiringBuildWorkPreparer.java:92)
	at org.gradle.internal.operations.DefaultBuildOperationRunner$1.execute(DefaultBuildOperationRunner.java:29)
	at org.gradle.internal.operations.DefaultBuildOperationRunner$1.execute(DefaultBuildOperationRunner.java:26)
	at org.gradle.internal.operations.DefaultBuildOperationRunner$2.execute(DefaultBuildOperationRunner.java:66)
	at org.gradle.internal.operations.DefaultBuildOperationRunner$2.execute(DefaultBuildOperationRunner.java:59)
	at org.gradle.internal.operations.DefaultBuildOperationRunner.execute(DefaultBuildOperationRunner.java:157)
	at org.gradle.internal.operations.DefaultBuildOperationRunner.execute(DefaultBuildOperationRunner.java:59)
	at org.gradle.internal.operations.DefaultBuildOperationRunner.run(DefaultBuildOperationRunner.java:47)
	at org.gradle.internal.operations.DefaultBuildOperationExecutor.run(DefaultBuildOperationExecutor.java:68)
	at org.gradle.internal.build.BuildOperationFiringBuildWorkPreparer.populateWorkGraph(BuildOperationFiringBuildWorkPreparer.java:67)
	at org.gradle.internal.build.DefaultBuildLifecycleController.lambda$populateWorkGraph$8(DefaultBuildLifecycleController.java:189)
	at org.gradle.internal.model.StateTransitionController.lambda$inState$1(StateTransitionController.java:99)
	at org.gradle.internal.model.StateTransitionController.lambda$inState$2(StateTransitionController.java:114)
	at org.gradle.internal.work.DefaultSynchronizer.withLock(DefaultSynchronizer.java:44)
	at org.gradle.internal.model.StateTransitionController.inState(StateTransitionController.java:110)
	at org.gradle.internal.model.StateTransitionController.inState(StateTransitionController.java:98)
	at org.gradle.internal.build.DefaultBuildLifecycleController.populateWorkGraph(DefaultBuildLifecycleController.java:189)
	at org.gradle.internal.build.DefaultBuildWorkGraphController$DefaultBuildWorkGraph.populateWorkGraph(DefaultBuildWorkGraphController.java:169)
	at org.gradle.composite.internal.DefaultBuildController.populateWorkGraph(DefaultBuildController.java:76)
	at org.gradle.composite.internal.DefaultIncludedBuildTaskGraph$DefaultBuildTreeWorkGraphBuilder.withWorkGraph(DefaultIncludedBuildTaskGraph.java:153)
	at org.gradle.internal.buildtree.DefaultBuildTreeWorkPreparer.lambda$scheduleRequestedTasks$1(DefaultBuildTreeWorkPreparer.java:41)
	at org.gradle.composite.internal.DefaultIncludedBuildTaskGraph$DefaultBuildTreeWorkGraph$1.run(DefaultIncludedBuildTaskGraph.java:209)
	at org.gradle.internal.operations.DefaultBuildOperationRunner$1.execute(DefaultBuildOperationRunner.java:29)
	at org.gradle.internal.operations.DefaultBuildOperationRunner$1.execute(DefaultBuildOperationRunner.java:26)
	at org.gradle.internal.operations.DefaultBuildOperationRunner$2.execute(DefaultBuildOperationRunner.java:66)
	at org.gradle.internal.operations.DefaultBuildOperationRunner$2.execute(DefaultBuildOperationRunner.java:59)
	at org.gradle.internal.operations.DefaultBuildOperationRunner.execute(DefaultBuildOperationRunner.java:157)
	at org.gradle.internal.operations.DefaultBuildOperationRunner.execute(DefaultBuildOperationRunner.java:59)
	at org.gradle.internal.operations.DefaultBuildOperationRunner.run(DefaultBuildOperationRunner.java:47)
	at org.gradle.internal.operations.DefaultBuildOperationExecutor.run(DefaultBuildOperationExecutor.java:68)
	at org.gradle.composite.internal.DefaultIncludedBuildTaskGraph$DefaultBuildTreeWorkGraph.scheduleWork(DefaultIncludedBuildTaskGraph.java:204)
	at org.gradle.internal.buildtree.DefaultBuildTreeWorkPreparer.scheduleRequestedTasks(DefaultBuildTreeWorkPreparer.java:37)
	at org.gradle.configurationcache.VintageBuildTreeWorkController$scheduleAndRunRequestedTasks$1.apply(VintageBuildTreeWorkController.kt:36)
	at org.gradle.configurationcache.VintageBuildTreeWorkController$scheduleAndRunRequestedTasks$1.apply(VintageBuildTreeWorkController.kt:35)
	at org.gradle.composite.internal.DefaultIncludedBuildTaskGraph.withNewWorkGraph(DefaultIncludedBuildTaskGraph.java:112)
	at org.gradle.configurationcache.VintageBuildTreeWorkController.scheduleAndRunRequestedTasks(VintageBuildTreeWorkController.kt:35)
	at org.gradle.internal.buildtree.DefaultBuildTreeLifecycleController.lambda$scheduleAndRunTasks$1(DefaultBuildTreeLifecycleController.java:76)
	at org.gradle.internal.buildtree.DefaultBuildTreeLifecycleController.lambda$runBuild$4(DefaultBuildTreeLifecycleController.java:119)
	at org.gradle.internal.model.StateTransitionController.lambda$transition$6(StateTransitionController.java:169)
	at org.gradle.internal.model.StateTransitionController.doTransition(StateTransitionController.java:266)
	at org.gradle.internal.model.StateTransitionController.lambda$transition$7(StateTransitionController.java:169)
	at org.gradle.internal.work.DefaultSynchronizer.withLock(DefaultSynchronizer.java:44)
	at org.gradle.internal.model.StateTransitionController.transition(StateTransitionController.java:169)
	at org.gradle.internal.buildtree.DefaultBuildTreeLifecycleController.runBuild(DefaultBuildTreeLifecycleController.java:116)
	at org.gradle.internal.buildtree.DefaultBuildTreeLifecycleController.scheduleAndRunTasks(DefaultBuildTreeLifecycleController.java:76)
	at org.gradle.internal.buildtree.DefaultBuildTreeLifecycleController.scheduleAndRunTasks(DefaultBuildTreeLifecycleController.java:71)
	at org.gradle.tooling.internal.provider.ExecuteBuildActionRunner.run(ExecuteBuildActionRunner.java:31)
	at org.gradle.launcher.exec.ChainingBuildActionRunner.run(ChainingBuildActionRunner.java:35)
	at org.gradle.internal.buildtree.ProblemReportingBuildActionRunner.run(ProblemReportingBuildActionRunner.java:49)
	at org.gradle.launcher.exec.BuildOutcomeReportingBuildActionRunner.run(BuildOutcomeReportingBuildActionRunner.java:65)
	at org.gradle.tooling.internal.provider.FileSystemWatchingBuildActionRunner.run(FileSystemWatchingBuildActionRunner.java:140)
	at org.gradle.launcher.exec.BuildCompletionNotifyingBuildActionRunner.run(BuildCompletionNotifyingBuildActionRunner.java:41)
	at org.gradle.launcher.exec.RootBuildLifecycleBuildActionExecutor.lambda$execute$0(RootBuildLifecycleBuildActionExecutor.java:40)
	at org.gradle.composite.internal.DefaultRootBuildState.run(DefaultRootBuildState.java:123)
	at org.gradle.launcher.exec.RootBuildLifecycleBuildActionExecutor.execute(RootBuildLifecycleBuildActionExecutor.java:40)
	at org.gradle.internal.buildtree.InitDeprecationLoggingActionExecutor.execute(InitDeprecationLoggingActionExecutor.java:62)
	at org.gradle.internal.buildtree.InitProblems.execute(InitProblems.java:38)
	at org.gradle.internal.buildtree.DefaultBuildTreeContext.execute(DefaultBuildTreeContext.java:40)
	at org.gradle.launcher.exec.BuildTreeLifecycleBuildActionExecutor.lambda$execute$0(BuildTreeLifecycleBuildActionExecutor.java:58)
	at org.gradle.internal.buildtree.BuildTreeState.run(BuildTreeState.java:58)
	at org.gradle.launcher.exec.BuildTreeLifecycleBuildActionExecutor.execute(BuildTreeLifecycleBuildActionExecutor.java:58)
	at org.gradle.launcher.exec.RunAsBuildOperationBuildActionExecutor$3.call(RunAsBuildOperationBuildActionExecutor.java:61)
	at org.gradle.launcher.exec.RunAsBuildOperationBuildActionExecutor$3.call(RunAsBuildOperationBuildActionExecutor.java:57)
	at org.gradle.internal.operations.DefaultBuildOperationRunner$CallableBuildOperationWorker.execute(DefaultBuildOperationRunner.java:204)
	at org.gradle.internal.operations.DefaultBuildOperationRunner$CallableBuildOperationWorker.execute(DefaultBuildOperationRunner.java:199)
	at org.gradle.internal.operations.DefaultBuildOperationRunner$2.execute(DefaultBuildOperationRunner.java:66)
	at org.gradle.internal.operations.DefaultBuildOperationRunner$2.execute(DefaultBuildOperationRunner.java:59)
	at org.gradle.internal.operations.DefaultBuildOperationRunner.execute(DefaultBuildOperationRunner.java:157)
	at org.gradle.internal.operations.DefaultBuildOperationRunner.execute(DefaultBuildOperationRunner.java:59)
	at org.gradle.internal.operations.DefaultBuildOperationRunner.call(DefaultBuildOperationRunner.java:53)
	at org.gradle.internal.operations.DefaultBuildOperationExecutor.call(DefaultBuildOperationExecutor.java:73)
	at org.gradle.launcher.exec.RunAsBuildOperationBuildActionExecutor.execute(RunAsBuildOperationBuildActionExecutor.java:57)
	at org.gradle.launcher.exec.RunAsWorkerThreadBuildActionExecutor.lambda$execute$0(RunAsWorkerThreadBuildActionExecutor.java:36)
	at org.gradle.internal.work.DefaultWorkerLeaseService.withLocks(DefaultWorkerLeaseService.java:264)
	at org.gradle.internal.work.DefaultWorkerLeaseService.runAsWorkerThread(DefaultWorkerLeaseService.java:128)
	at org.gradle.launcher.exec.RunAsWorkerThreadBuildActionExecutor.execute(RunAsWorkerThreadBuildActionExecutor.java:36)
	at org.gradle.tooling.internal.provider.continuous.ContinuousBuildActionExecutor.execute(ContinuousBuildActionExecutor.java:110)
	at org.gradle.tooling.internal.provider.SubscribableBuildActionExecutor.execute(SubscribableBuildActionExecutor.java:64)
	at org.gradle.internal.session.DefaultBuildSessionContext.execute(DefaultBuildSessionContext.java:46)
	at org.gradle.tooling.internal.provider.BuildSessionLifecycleBuildActionExecuter$ActionImpl.apply(BuildSessionLifecycleBuildActionExecuter.java:92)
	at org.gradle.tooling.internal.provider.BuildSessionLifecycleBuildActionExecuter$ActionImpl.apply(BuildSessionLifecycleBuildActionExecuter.java:80)
	at org.gradle.internal.session.BuildSessionState.run(BuildSessionState.java:69)
	at org.gradle.tooling.internal.provider.BuildSessionLifecycleBuildActionExecuter.execute(BuildSessionLifecycleBuildActionExecuter.java:62)
	at org.gradle.tooling.internal.provider.BuildSessionLifecycleBuildActionExecuter.execute(BuildSessionLifecycleBuildActionExecuter.java:41)
	at org.gradle.tooling.internal.provider.StartParamsValidatingActionExecuter.execute(StartParamsValidatingActionExecuter.java:64)
	at org.gradle.tooling.internal.provider.StartParamsValidatingActionExecuter.execute(StartParamsValidatingActionExecuter.java:32)
	at org.gradle.tooling.internal.provider.SessionFailureReportingActionExecuter.execute(SessionFailureReportingActionExecuter.java:51)
	at org.gradle.tooling.internal.provider.SessionFailureReportingActionExecuter.execute(SessionFailureReportingActionExecuter.java:39)
	at org.gradle.tooling.internal.provider.SetupLoggingActionExecuter.execute(SetupLoggingActionExecuter.java:47)
	at org.gradle.tooling.internal.provider.SetupLoggingActionExecuter.execute(SetupLoggingActionExecuter.java:31)
	at org.gradle.launcher.daemon.server.exec.ExecuteBuild.doBuild(ExecuteBuild.java:65)
	at org.gradle.launcher.daemon.server.exec.BuildCommandOnly.execute(BuildCommandOnly.java:37)
	at org.gradle.launcher.daemon.server.api.DaemonCommandExecution.proceed(DaemonCommandExecution.java:104)
	at org.gradle.launcher.daemon.server.exec.WatchForDisconnection.execute(WatchForDisconnection.java:39)
	at org.gradle.launcher.daemon.server.api.DaemonCommandExecution.proceed(DaemonCommandExecution.java:104)
	at org.gradle.launcher.daemon.server.exec.ResetDeprecationLogger.execute(ResetDeprecationLogger.java:29)
	at org.gradle.launcher.daemon.server.api.DaemonCommandExecution.proceed(DaemonCommandExecution.java:104)
	at org.gradle.launcher.daemon.server.exec.RequestStopIfSingleUsedDaemon.execute(RequestStopIfSingleUsedDaemon.java:35)
	at org.gradle.launcher.daemon.server.api.DaemonCommandExecution.proceed(DaemonCommandExecution.java:104)
	at org.gradle.launcher.daemon.server.exec.ForwardClientInput$2.create(ForwardClientInput.java:78)
	at org.gradle.launcher.daemon.server.exec.ForwardClientInput$2.create(ForwardClientInput.java:75)
	at org.gradle.util.internal.Swapper.swap(Swapper.java:38)
	at org.gradle.launcher.daemon.server.exec.ForwardClientInput.execute(ForwardClientInput.java:75)
	at org.gradle.launcher.daemon.server.api.DaemonCommandExecution.proceed(DaemonCommandExecution.java:104)
	at org.gradle.launcher.daemon.server.exec.LogAndCheckHealth.execute(LogAndCheckHealth.java:64)
	at org.gradle.launcher.daemon.server.api.DaemonCommandExecution.proceed(DaemonCommandExecution.java:104)
	at org.gradle.launcher.daemon.server.exec.LogToClient.doBuild(LogToClient.java:63)
	at org.gradle.launcher.daemon.server.exec.BuildCommandOnly.execute(BuildCommandOnly.java:37)
	at org.gradle.launcher.daemon.server.api.DaemonCommandExecution.proceed(DaemonCommandExecution.java:104)
	at org.gradle.launcher.daemon.server.exec.EstablishBuildEnvironment.doBuild(EstablishBuildEnvironment.java:84)
	at org.gradle.launcher.daemon.server.exec.BuildCommandOnly.execute(BuildCommandOnly.java:37)
	at org.gradle.launcher.daemon.server.api.DaemonCommandExecution.proceed(DaemonCommandExecution.java:104)
	at org.gradle.launcher.daemon.server.exec.StartBuildOrRespondWithBusy$1.run(StartBuildOrRespondWithBusy.java:52)
	at org.gradle.launcher.daemon.server.DaemonStateCoordinator$1.run(DaemonStateCoordinator.java:297)
	at org.gradle.internal.concurrent.ExecutorPolicy$CatchAndRecordFailures.onExecute(ExecutorPolicy.java:64)
	at org.gradle.internal.concurrent.AbstractManagedExecutor$1.run(AbstractManagedExecutor.java:47)
	at java.base/java.util.concurrent.ThreadPoolExecutor.runWorker(ThreadPoolExecutor.java:1136)
	at java.base/java.util.concurrent.ThreadPoolExecutor$Worker.run(ThreadPoolExecutor.java:635)
	at java.base/java.lang.Thread.run(Thread.java:840)
[gradle-intellij-plugin :] Cannot create plugin from file '/opt/android-studio/plugins/gradle-java': Invalid plugin descriptor 'plugin.xml'. Unable to read the plugin descriptor: No enum constant com.jetbrains.plugin.structure.intellij.plugin.IdePluginContentDescriptor.ServiceType.APPLİCATİON.
Unable to read descriptor [plugin.xml] from [/opt/android-studio/plugins/java/lib/java-impl.jar]
java.lang.IllegalArgumentException: No enum constant com.jetbrains.plugin.structure.intellij.plugin.IdePluginContentDescriptor.ServiceType.APPLİCATİON
	at java.base/java.lang.Enum.valueOf(Enum.java:273)
	at com.jetbrains.plugin.structure.intellij.plugin.IdePluginContentDescriptor$ServiceType.valueOf(IdePluginContents.kt)
	at com.jetbrains.plugin.structure.intellij.plugin.PluginCreator.readServiceDescriptor(PluginCreator.kt:406)
	at com.jetbrains.plugin.structure.intellij.plugin.PluginCreator.readExtensions(PluginCreator.kt:341)
	at com.jetbrains.plugin.structure.intellij.plugin.PluginCreator.setInfoFromBean(PluginCreator.kt:320)
	at com.jetbrains.plugin.structure.intellij.plugin.PluginCreator.resolveDocumentAndValidateBean(PluginCreator.kt:664)
	at com.jetbrains.plugin.structure.intellij.plugin.PluginCreator.access$resolveDocumentAndValidateBean(PluginCreator.kt:31)
	at com.jetbrains.plugin.structure.intellij.plugin.PluginCreator$Companion.createPlugin(PluginCreator.kt:109)
	at com.jetbrains.plugin.structure.intellij.plugin.IdePluginManager.loadPluginInfoFromJarFile(IdePluginManager.kt:62)
	at com.jetbrains.plugin.structure.intellij.plugin.IdePluginManager.loadPluginInfoFromLibDirectory(IdePluginManager.kt:165)
	at com.jetbrains.plugin.structure.intellij.plugin.IdePluginManager.loadPluginInfoFromDirectory(IdePluginManager.kt:97)
	at com.jetbrains.plugin.structure.intellij.plugin.IdePluginManager.loadPluginInfoFromJarOrDirectory(IdePluginManager.kt:206)
	at com.jetbrains.plugin.structure.intellij.plugin.IdePluginManager.getPluginCreatorWithResult(IdePluginManager.kt:347)
	at com.jetbrains.plugin.structure.intellij.plugin.IdePluginManager.createPlugin(IdePluginManager.kt:314)
	at com.jetbrains.plugin.structure.intellij.plugin.IdePluginManager.createPlugin$default(IdePluginManager.kt:312)
	at org.jetbrains.intellij.Utils.createPlugin(utils.kt:222)
	at org.jetbrains.intellij.dependency.BuiltinPluginsRegistry.add(BuiltinPluginsRegistry.kt:89)
	at org.jetbrains.intellij.dependency.BuiltinPluginsRegistry.fillFromDirectory(BuiltinPluginsRegistry.kt:47)
	at org.jetbrains.intellij.dependency.BuiltinPluginsRegistry.access$fillFromDirectory(BuiltinPluginsRegistry.kt:21)
	at org.jetbrains.intellij.dependency.BuiltinPluginsRegistry$Companion.fromDirectory(BuiltinPluginsRegistry.kt:127)
	at org.jetbrains.intellij.dependency.IdeaDependencyManager.createDependency(IdeaDependencyManager.kt:92)
	at org.jetbrains.intellij.dependency.IdeaDependencyManager.resolveLocal(IdeaDependencyManager.kt:430)
	at org.jetbrains.intellij.IntelliJPlugin$prepareIdeaDependencyProvider$1.call(IntelliJPlugin.kt:299)
	at org.jetbrains.intellij.IntelliJPlugin$prepareIdeaDependencyProvider$1.call(IntelliJPlugin.kt:266)
	at org.gradle.api.internal.provider.DefaultProvider.calculateOwnValue(DefaultProvider.java:72)
	at org.gradle.api.internal.provider.AbstractMinimalProvider.calculateValue(AbstractMinimalProvider.java:115)
	at org.gradle.api.internal.provider.TransformBackedProvider.calculateOwnValue(TransformBackedProvider.java:82)
	at org.gradle.api.internal.provider.AbstractMinimalProvider.calculateValue(AbstractMinimalProvider.java:115)
	at org.gradle.api.internal.provider.AbstractMinimalProvider.withFinalValue(AbstractMinimalProvider.java:168)
	at org.gradle.api.internal.provider.DefaultProperty.finalValue(DefaultProperty.java:133)
	at org.gradle.api.internal.provider.DefaultProperty.finalValue(DefaultProperty.java:26)
	at org.gradle.api.internal.provider.AbstractProperty.finalizeNow(AbstractProperty.java:245)
	at org.gradle.api.internal.provider.AbstractProperty.beforeRead(AbstractProperty.java:239)
	at org.gradle.api.internal.provider.AbstractProperty.calculateOwnValue(AbstractProperty.java:135)
	at org.gradle.api.internal.provider.AbstractMinimalProvider.calculateValue(AbstractMinimalProvider.java:115)
	at org.gradle.api.internal.provider.TransformBackedProvider.calculateOwnValue(TransformBackedProvider.java:82)
	at org.gradle.api.internal.provider.AbstractMinimalProvider.calculateValue(AbstractMinimalProvider.java:115)
	at org.gradle.api.internal.provider.Collectors$ElementsFromCollectionProvider.collectEntries(Collectors.java:220)
	at org.gradle.api.internal.provider.AbstractCollectionProperty$CollectingSupplier.calculateValue(AbstractCollectionProperty.java:344)
	at org.gradle.api.internal.provider.AbstractCollectionProperty.calculateValueFrom(AbstractCollectionProperty.java:189)
	at org.gradle.api.internal.provider.AbstractCollectionProperty.calculateValueFrom(AbstractCollectionProperty.java:37)
	at org.gradle.api.internal.provider.AbstractProperty.doCalculateValue(AbstractProperty.java:142)
	at org.gradle.api.internal.provider.AbstractProperty.calculateOwnValue(AbstractProperty.java:136)
	at org.gradle.api.internal.provider.AbstractMinimalProvider.calculateOwnPresentValue(AbstractMinimalProvider.java:80)
	at org.gradle.api.internal.provider.AbstractMinimalProvider.get(AbstractMinimalProvider.java:100)
	at org.jetbrains.intellij.IntelliJPlugin$configurePrepareSandboxTasks$5$5.transform(IntelliJPlugin.kt:625)
	at org.jetbrains.intellij.IntelliJPlugin$configurePrepareSandboxTasks$5$5.transform(IntelliJPlugin.kt:624)
	at org.gradle.api.internal.provider.ValueSupplier$Present.transform(ValueSupplier.java:541)
	at org.gradle.api.internal.provider.TransformBackedProvider.mapValue(TransformBackedProvider.java:91)
	at org.gradle.api.internal.provider.TransformBackedProvider.calculateOwnValue(TransformBackedProvider.java:83)
	at org.gradle.api.internal.provider.AbstractMinimalProvider.calculateOwnPresentValue(AbstractMinimalProvider.java:80)
	at org.gradle.api.internal.provider.AbstractMinimalProvider.get(AbstractMinimalProvider.java:100)
	at org.gradle.api.internal.provider.ProviderResolutionStrategy$2.resolve(ProviderResolutionStrategy.java:33)
	at org.gradle.api.internal.file.collections.ProviderBackedFileCollection.visitDependencies(ProviderBackedFileCollection.java:57)
	at org.gradle.api.internal.tasks.CachingTaskDependencyResolveContext$TaskGraphImpl.getNodeValues(CachingTaskDependencyResolveContext.java:103)
	at org.gradle.internal.graph.CachingDirectedGraphWalker$GraphWithEmptyEdges.getNodeValues(CachingDirectedGraphWalker.java:213)
	at org.gradle.internal.graph.CachingDirectedGraphWalker.doSearch(CachingDirectedGraphWalker.java:121)
	at org.gradle.internal.graph.CachingDirectedGraphWalker.findValues(CachingDirectedGraphWalker.java:73)
	at org.gradle.api.internal.tasks.CachingTaskDependencyResolveContext.getDependencies(CachingTaskDependencyResolveContext.java:66)
	at org.gradle.execution.plan.TaskDependencyResolver.resolveDependenciesFor(TaskDependencyResolver.java:49)
	at org.gradle.execution.plan.LocalTaskNode.getDependencies(LocalTaskNode.java:148)
	at org.gradle.execution.plan.LocalTaskNode.resolveDependencies(LocalTaskNode.java:122)
	at org.gradle.execution.plan.DefaultExecutionPlan.discoverNodeRelationships(DefaultExecutionPlan.java:183)
	at org.gradle.execution.plan.DefaultExecutionPlan.doAddEntryNodes(DefaultExecutionPlan.java:155)
	at org.gradle.execution.plan.DefaultExecutionPlan.addEntryTasks(DefaultExecutionPlan.java:130)
	at org.gradle.execution.plan.DefaultExecutionPlan.addEntryTasks(DefaultExecutionPlan.java:122)
	at org.gradle.execution.TaskNameResolvingBuildTaskScheduler.scheduleRequestedTasks(TaskNameResolvingBuildTaskScheduler.java:54)
	at org.gradle.execution.DefaultTasksBuildTaskScheduler.scheduleRequestedTasks(DefaultTasksBuildTaskScheduler.java:72)
	at org.gradle.initialization.DefaultTaskExecutionPreparer.lambda$scheduleRequestedTasks$0(DefaultTaskExecutionPreparer.java:46)
	at org.gradle.internal.Factories$1.create(Factories.java:31)
	at org.gradle.internal.work.DefaultWorkerLeaseService.withReplacedLocks(DefaultWorkerLeaseService.java:360)
	at org.gradle.api.internal.project.DefaultProjectStateRegistry$DefaultBuildProjectRegistry.withMutableStateOfAllProjects(DefaultProjectStateRegistry.java:239)
	at org.gradle.api.internal.project.DefaultProjectStateRegistry$DefaultBuildProjectRegistry.withMutableStateOfAllProjects(DefaultProjectStateRegistry.java:232)
	at org.gradle.initialization.DefaultTaskExecutionPreparer.scheduleRequestedTasks(DefaultTaskExecutionPreparer.java:45)
	at org.gradle.initialization.VintageBuildModelController.lambda$scheduleRequestedTasks$0(VintageBuildModelController.java:76)
	at org.gradle.internal.model.StateTransitionController.lambda$inState$1(StateTransitionController.java:99)
	at org.gradle.internal.model.StateTransitionController.lambda$inState$2(StateTransitionController.java:114)
	at org.gradle.internal.work.DefaultSynchronizer.withLock(DefaultSynchronizer.java:44)
	at org.gradle.internal.model.StateTransitionController.inState(StateTransitionController.java:110)
	at org.gradle.internal.model.StateTransitionController.inState(StateTransitionController.java:98)
	at org.gradle.initialization.VintageBuildModelController.scheduleRequestedTasks(VintageBuildModelController.java:76)
	at org.gradle.internal.build.DefaultBuildLifecycleController$DefaultWorkGraphBuilder.addRequestedTasks(DefaultBuildLifecycleController.java:404)
	at org.gradle.internal.buildtree.DefaultBuildTreeWorkPreparer.lambda$scheduleRequestedTasks$0(DefaultBuildTreeWorkPreparer.java:41)
	at org.gradle.internal.build.DefaultBuildLifecycleController.lambda$populateWorkGraph$7(DefaultBuildLifecycleController.java:189)
	at org.gradle.internal.build.DefaultBuildWorkPreparer.populateWorkGraph(DefaultBuildWorkPreparer.java:42)
	at org.gradle.internal.build.BuildOperationFiringBuildWorkPreparer$PopulateWorkGraph.populateTaskGraph(BuildOperationFiringBuildWorkPreparer.java:106)
	at org.gradle.internal.build.BuildOperationFiringBuildWorkPreparer$PopulateWorkGraph.run(BuildOperationFiringBuildWorkPreparer.java:92)
	at org.gradle.internal.operations.DefaultBuildOperationRunner$1.execute(DefaultBuildOperationRunner.java:29)
	at org.gradle.internal.operations.DefaultBuildOperationRunner$1.execute(DefaultBuildOperationRunner.java:26)
	at org.gradle.internal.operations.DefaultBuildOperationRunner$2.execute(DefaultBuildOperationRunner.java:66)
	at org.gradle.internal.operations.DefaultBuildOperationRunner$2.execute(DefaultBuildOperationRunner.java:59)
	at org.gradle.internal.operations.DefaultBuildOperationRunner.execute(DefaultBuildOperationRunner.java:157)
	at org.gradle.internal.operations.DefaultBuildOperationRunner.execute(DefaultBuildOperationRunner.java:59)
	at org.gradle.internal.operations.DefaultBuildOperationRunner.run(DefaultBuildOperationRunner.java:47)
	at org.gradle.internal.operations.DefaultBuildOperationExecutor.run(DefaultBuildOperationExecutor.java:68)
	at org.gradle.internal.build.BuildOperationFiringBuildWorkPreparer.populateWorkGraph(BuildOperationFiringBuildWorkPreparer.java:67)
	at org.gradle.internal.build.DefaultBuildLifecycleController.lambda$populateWorkGraph$8(DefaultBuildLifecycleController.java:189)
	at org.gradle.internal.model.StateTransitionController.lambda$inState$1(StateTransitionController.java:99)
	at org.gradle.internal.model.StateTransitionController.lambda$inState$2(StateTransitionController.java:114)
	at org.gradle.internal.work.DefaultSynchronizer.withLock(DefaultSynchronizer.java:44)
	at org.gradle.internal.model.StateTransitionController.inState(StateTransitionController.java:110)
	at org.gradle.internal.model.StateTransitionController.inState(StateTransitionController.java:98)
	at org.gradle.internal.build.DefaultBuildLifecycleController.populateWorkGraph(DefaultBuildLifecycleController.java:189)
	at org.gradle.internal.build.DefaultBuildWorkGraphController$DefaultBuildWorkGraph.populateWorkGraph(DefaultBuildWorkGraphController.java:169)
	at org.gradle.composite.internal.DefaultBuildController.populateWorkGraph(DefaultBuildController.java:76)
	at org.gradle.composite.internal.DefaultIncludedBuildTaskGraph$DefaultBuildTreeWorkGraphBuilder.withWorkGraph(DefaultIncludedBuildTaskGraph.java:153)
	at org.gradle.internal.buildtree.DefaultBuildTreeWorkPreparer.lambda$scheduleRequestedTasks$1(DefaultBuildTreeWorkPreparer.java:41)
	at org.gradle.composite.internal.DefaultIncludedBuildTaskGraph$DefaultBuildTreeWorkGraph$1.run(DefaultIncludedBuildTaskGraph.java:209)
	at org.gradle.internal.operations.DefaultBuildOperationRunner$1.execute(DefaultBuildOperationRunner.java:29)
	at org.gradle.internal.operations.DefaultBuildOperationRunner$1.execute(DefaultBuildOperationRunner.java:26)
	at org.gradle.internal.operations.DefaultBuildOperationRunner$2.execute(DefaultBuildOperationRunner.java:66)
	at org.gradle.internal.operations.DefaultBuildOperationRunner$2.execute(DefaultBuildOperationRunner.java:59)
	at org.gradle.internal.operations.DefaultBuildOperationRunner.execute(DefaultBuildOperationRunner.java:157)
	at org.gradle.internal.operations.DefaultBuildOperationRunner.execute(DefaultBuildOperationRunner.java:59)
	at org.gradle.internal.operations.DefaultBuildOperationRunner.run(DefaultBuildOperationRunner.java:47)
	at org.gradle.internal.operations.DefaultBuildOperationExecutor.run(DefaultBuildOperationExecutor.java:68)
	at org.gradle.composite.internal.DefaultIncludedBuildTaskGraph$DefaultBuildTreeWorkGraph.scheduleWork(DefaultIncludedBuildTaskGraph.java:204)
	at org.gradle.internal.buildtree.DefaultBuildTreeWorkPreparer.scheduleRequestedTasks(DefaultBuildTreeWorkPreparer.java:37)
	at org.gradle.configurationcache.VintageBuildTreeWorkController$scheduleAndRunRequestedTasks$1.apply(VintageBuildTreeWorkController.kt:36)
	at org.gradle.configurationcache.VintageBuildTreeWorkController$scheduleAndRunRequestedTasks$1.apply(VintageBuildTreeWorkController.kt:35)
	at org.gradle.composite.internal.DefaultIncludedBuildTaskGraph.withNewWorkGraph(DefaultIncludedBuildTaskGraph.java:112)
	at org.gradle.configurationcache.VintageBuildTreeWorkController.scheduleAndRunRequestedTasks(VintageBuildTreeWorkController.kt:35)
	at org.gradle.internal.buildtree.DefaultBuildTreeLifecycleController.lambda$scheduleAndRunTasks$1(DefaultBuildTreeLifecycleController.java:76)
	at org.gradle.internal.buildtree.DefaultBuildTreeLifecycleController.lambda$runBuild$4(DefaultBuildTreeLifecycleController.java:119)
	at org.gradle.internal.model.StateTransitionController.lambda$transition$6(StateTransitionController.java:169)
	at org.gradle.internal.model.StateTransitionController.doTransition(StateTransitionController.java:266)
	at org.gradle.internal.model.StateTransitionController.lambda$transition$7(StateTransitionController.java:169)
	at org.gradle.internal.work.DefaultSynchronizer.withLock(DefaultSynchronizer.java:44)
	at org.gradle.internal.model.StateTransitionController.transition(StateTransitionController.java:169)
	at org.gradle.internal.buildtree.DefaultBuildTreeLifecycleController.runBuild(DefaultBuildTreeLifecycleController.java:116)
	at org.gradle.internal.buildtree.DefaultBuildTreeLifecycleController.scheduleAndRunTasks(DefaultBuildTreeLifecycleController.java:76)
	at org.gradle.internal.buildtree.DefaultBuildTreeLifecycleController.scheduleAndRunTasks(DefaultBuildTreeLifecycleController.java:71)
	at org.gradle.tooling.internal.provider.ExecuteBuildActionRunner.run(ExecuteBuildActionRunner.java:31)
	at org.gradle.launcher.exec.ChainingBuildActionRunner.run(ChainingBuildActionRunner.java:35)
	at org.gradle.internal.buildtree.ProblemReportingBuildActionRunner.run(ProblemReportingBuildActionRunner.java:49)
	at org.gradle.launcher.exec.BuildOutcomeReportingBuildActionRunner.run(BuildOutcomeReportingBuildActionRunner.java:65)
	at org.gradle.tooling.internal.provider.FileSystemWatchingBuildActionRunner.run(FileSystemWatchingBuildActionRunner.java:140)
	at org.gradle.launcher.exec.BuildCompletionNotifyingBuildActionRunner.run(BuildCompletionNotifyingBuildActionRunner.java:41)
	at org.gradle.launcher.exec.RootBuildLifecycleBuildActionExecutor.lambda$execute$0(RootBuildLifecycleBuildActionExecutor.java:40)
	at org.gradle.composite.internal.DefaultRootBuildState.run(DefaultRootBuildState.java:123)
	at org.gradle.launcher.exec.RootBuildLifecycleBuildActionExecutor.execute(RootBuildLifecycleBuildActionExecutor.java:40)
	at org.gradle.internal.buildtree.InitDeprecationLoggingActionExecutor.execute(InitDeprecationLoggingActionExecutor.java:62)
	at org.gradle.internal.buildtree.InitProblems.execute(InitProblems.java:38)
	at org.gradle.internal.buildtree.DefaultBuildTreeContext.execute(DefaultBuildTreeContext.java:40)
	at org.gradle.launcher.exec.BuildTreeLifecycleBuildActionExecutor.lambda$execute$0(BuildTreeLifecycleBuildActionExecutor.java:58)
	at org.gradle.internal.buildtree.BuildTreeState.run(BuildTreeState.java:58)
	at org.gradle.launcher.exec.BuildTreeLifecycleBuildActionExecutor.execute(BuildTreeLifecycleBuildActionExecutor.java:58)
	at org.gradle.launcher.exec.RunAsBuildOperationBuildActionExecutor$3.call(RunAsBuildOperationBuildActionExecutor.java:61)
	at org.gradle.launcher.exec.RunAsBuildOperationBuildActionExecutor$3.call(RunAsBuildOperationBuildActionExecutor.java:57)
	at org.gradle.internal.operations.DefaultBuildOperationRunner$CallableBuildOperationWorker.execute(DefaultBuildOperationRunner.java:204)
	at org.gradle.internal.operations.DefaultBuildOperationRunner$CallableBuildOperationWorker.execute(DefaultBuildOperationRunner.java:199)
	at org.gradle.internal.operations.DefaultBuildOperationRunner$2.execute(DefaultBuildOperationRunner.java:66)
	at org.gradle.internal.operations.DefaultBuildOperationRunner$2.execute(DefaultBuildOperationRunner.java:59)
	at org.gradle.internal.operations.DefaultBuildOperationRunner.execute(DefaultBuildOperationRunner.java:157)
	at org.gradle.internal.operations.DefaultBuildOperationRunner.execute(DefaultBuildOperationRunner.java:59)
	at org.gradle.internal.operations.DefaultBuildOperationRunner.call(DefaultBuildOperationRunner.java:53)
	at org.gradle.internal.operations.DefaultBuildOperationExecutor.call(DefaultBuildOperationExecutor.java:73)
	at org.gradle.launcher.exec.RunAsBuildOperationBuildActionExecutor.execute(RunAsBuildOperationBuildActionExecutor.java:57)
	at org.gradle.launcher.exec.RunAsWorkerThreadBuildActionExecutor.lambda$execute$0(RunAsWorkerThreadBuildActionExecutor.java:36)
	at org.gradle.internal.work.DefaultWorkerLeaseService.withLocks(DefaultWorkerLeaseService.java:264)
	at org.gradle.internal.work.DefaultWorkerLeaseService.runAsWorkerThread(DefaultWorkerLeaseService.java:128)
	at org.gradle.launcher.exec.RunAsWorkerThreadBuildActionExecutor.execute(RunAsWorkerThreadBuildActionExecutor.java:36)
	at org.gradle.tooling.internal.provider.continuous.ContinuousBuildActionExecutor.execute(ContinuousBuildActionExecutor.java:110)
	at org.gradle.tooling.internal.provider.SubscribableBuildActionExecutor.execute(SubscribableBuildActionExecutor.java:64)
	at org.gradle.internal.session.DefaultBuildSessionContext.execute(DefaultBuildSessionContext.java:46)
	at org.gradle.tooling.internal.provider.BuildSessionLifecycleBuildActionExecuter$ActionImpl.apply(BuildSessionLifecycleBuildActionExecuter.java:92)
	at org.gradle.tooling.internal.provider.BuildSessionLifecycleBuildActionExecuter$ActionImpl.apply(BuildSessionLifecycleBuildActionExecuter.java:80)
	at org.gradle.internal.session.BuildSessionState.run(BuildSessionState.java:69)
	at org.gradle.tooling.internal.provider.BuildSessionLifecycleBuildActionExecuter.execute(BuildSessionLifecycleBuildActionExecuter.java:62)
	at org.gradle.tooling.internal.provider.BuildSessionLifecycleBuildActionExecuter.execute(BuildSessionLifecycleBuildActionExecuter.java:41)
	at org.gradle.tooling.internal.provider.StartParamsValidatingActionExecuter.execute(StartParamsValidatingActionExecuter.java:64)
	at org.gradle.tooling.internal.provider.StartParamsValidatingActionExecuter.execute(StartParamsValidatingActionExecuter.java:32)
	at org.gradle.tooling.internal.provider.SessionFailureReportingActionExecuter.execute(SessionFailureReportingActionExecuter.java:51)
	at org.gradle.tooling.internal.provider.SessionFailureReportingActionExecuter.execute(SessionFailureReportingActionExecuter.java:39)
	at org.gradle.tooling.internal.provider.SetupLoggingActionExecuter.execute(SetupLoggingActionExecuter.java:47)
	at org.gradle.tooling.internal.provider.SetupLoggingActionExecuter.execute(SetupLoggingActionExecuter.java:31)
	at org.gradle.launcher.daemon.server.exec.ExecuteBuild.doBuild(ExecuteBuild.java:65)
	at org.gradle.launcher.daemon.server.exec.BuildCommandOnly.execute(BuildCommandOnly.java:37)
	at org.gradle.launcher.daemon.server.api.DaemonCommandExecution.proceed(DaemonCommandExecution.java:104)
	at org.gradle.launcher.daemon.server.exec.WatchForDisconnection.execute(WatchForDisconnection.java:39)
	at org.gradle.launcher.daemon.server.api.DaemonCommandExecution.proceed(DaemonCommandExecution.java:104)
	at org.gradle.launcher.daemon.server.exec.ResetDeprecationLogger.execute(ResetDeprecationLogger.java:29)
	at org.gradle.launcher.daemon.server.api.DaemonCommandExecution.proceed(DaemonCommandExecution.java:104)
	at org.gradle.launcher.daemon.server.exec.RequestStopIfSingleUsedDaemon.execute(RequestStopIfSingleUsedDaemon.java:35)
	at org.gradle.launcher.daemon.server.api.DaemonCommandExecution.proceed(DaemonCommandExecution.java:104)
	at org.gradle.launcher.daemon.server.exec.ForwardClientInput$2.create(ForwardClientInput.java:78)
	at org.gradle.launcher.daemon.server.exec.ForwardClientInput$2.create(ForwardClientInput.java:75)
	at org.gradle.util.internal.Swapper.swap(Swapper.java:38)
	at org.gradle.launcher.daemon.server.exec.ForwardClientInput.execute(ForwardClientInput.java:75)
	at org.gradle.launcher.daemon.server.api.DaemonCommandExecution.proceed(DaemonCommandExecution.java:104)
	at org.gradle.launcher.daemon.server.exec.LogAndCheckHealth.execute(LogAndCheckHealth.java:64)
	at org.gradle.launcher.daemon.server.api.DaemonCommandExecution.proceed(DaemonCommandExecution.java:104)
	at org.gradle.launcher.daemon.server.exec.LogToClient.doBuild(LogToClient.java:63)
	at org.gradle.launcher.daemon.server.exec.BuildCommandOnly.execute(BuildCommandOnly.java:37)
	at org.gradle.launcher.daemon.server.api.DaemonCommandExecution.proceed(DaemonCommandExecution.java:104)
	at org.gradle.launcher.daemon.server.exec.EstablishBuildEnvironment.doBuild(EstablishBuildEnvironment.java:84)
	at org.gradle.launcher.daemon.server.exec.BuildCommandOnly.execute(BuildCommandOnly.java:37)
	at org.gradle.launcher.daemon.server.api.DaemonCommandExecution.proceed(DaemonCommandExecution.java:104)
	at org.gradle.launcher.daemon.server.exec.StartBuildOrRespondWithBusy$1.run(StartBuildOrRespondWithBusy.java:52)
	at org.gradle.launcher.daemon.server.DaemonStateCoordinator$1.run(DaemonStateCoordinator.java:297)
	at org.gradle.internal.concurrent.ExecutorPolicy$CatchAndRecordFailures.onExecute(ExecutorPolicy.java:64)
	at org.gradle.internal.concurrent.AbstractManagedExecutor$1.run(AbstractManagedExecutor.java:47)
	at java.base/java.util.concurrent.ThreadPoolExecutor.runWorker(ThreadPoolExecutor.java:1136)
	at java.base/java.util.concurrent.ThreadPoolExecutor$Worker.run(ThreadPoolExecutor.java:635)
	at java.base/java.lang.Thread.run(Thread.java:840)
[gradle-intellij-plugin :] Cannot create plugin from file '/opt/android-studio/plugins/java': Invalid plugin descriptor 'plugin.xml'. Unable to read the plugin descriptor: No enum constant com.jetbrains.plugin.structure.intellij.plugin.IdePluginContentDescriptor.ServiceType.APPLİCATİON.
Unable to read descriptor [plugin.xml] from [/opt/android-studio/plugins/java-decompiler/lib/java-decompiler.jar]
java.lang.IllegalArgumentException: No enum constant com.jetbrains.plugin.structure.intellij.plugin.IdePluginContentDescriptor.ListenerType.APPLİCATİON
	at java.base/java.lang.Enum.valueOf(Enum.java:273)
	at com.jetbrains.plugin.structure.intellij.plugin.IdePluginContentDescriptor$ListenerType.valueOf(IdePluginContents.kt)
	at com.jetbrains.plugin.structure.intellij.plugin.PluginCreator.readListeners(PluginCreator.kt:468)
	at com.jetbrains.plugin.structure.intellij.plugin.PluginCreator.setInfoFromBean(PluginCreator.kt:323)
	at com.jetbrains.plugin.structure.intellij.plugin.PluginCreator.resolveDocumentAndValidateBean(PluginCreator.kt:664)
	at com.jetbrains.plugin.structure.intellij.plugin.PluginCreator.access$resolveDocumentAndValidateBean(PluginCreator.kt:31)
	at com.jetbrains.plugin.structure.intellij.plugin.PluginCreator$Companion.createPlugin(PluginCreator.kt:109)
	at com.jetbrains.plugin.structure.intellij.plugin.IdePluginManager.loadPluginInfoFromJarFile(IdePluginManager.kt:62)
	at com.jetbrains.plugin.structure.intellij.plugin.IdePluginManager.loadPluginInfoFromLibDirectory(IdePluginManager.kt:165)
	at com.jetbrains.plugin.structure.intellij.plugin.IdePluginManager.loadPluginInfoFromDirectory(IdePluginManager.kt:97)
	at com.jetbrains.plugin.structure.intellij.plugin.IdePluginManager.loadPluginInfoFromJarOrDirectory(IdePluginManager.kt:206)
	at com.jetbrains.plugin.structure.intellij.plugin.IdePluginManager.getPluginCreatorWithResult(IdePluginManager.kt:347)
	at com.jetbrains.plugin.structure.intellij.plugin.IdePluginManager.createPlugin(IdePluginManager.kt:314)
	at com.jetbrains.plugin.structure.intellij.plugin.IdePluginManager.createPlugin$default(IdePluginManager.kt:312)
	at org.jetbrains.intellij.Utils.createPlugin(utils.kt:222)
	at org.jetbrains.intellij.dependency.BuiltinPluginsRegistry.add(BuiltinPluginsRegistry.kt:89)
	at org.jetbrains.intellij.dependency.BuiltinPluginsRegistry.fillFromDirectory(BuiltinPluginsRegistry.kt:47)
	at org.jetbrains.intellij.dependency.BuiltinPluginsRegistry.access$fillFromDirectory(BuiltinPluginsRegistry.kt:21)
	at org.jetbrains.intellij.dependency.BuiltinPluginsRegistry$Companion.fromDirectory(BuiltinPluginsRegistry.kt:127)
	at org.jetbrains.intellij.dependency.IdeaDependencyManager.createDependency(IdeaDependencyManager.kt:92)
	at org.jetbrains.intellij.dependency.IdeaDependencyManager.resolveLocal(IdeaDependencyManager.kt:430)
	at org.jetbrains.intellij.IntelliJPlugin$prepareIdeaDependencyProvider$1.call(IntelliJPlugin.kt:299)
	at org.jetbrains.intellij.IntelliJPlugin$prepareIdeaDependencyProvider$1.call(IntelliJPlugin.kt:266)
	at org.gradle.api.internal.provider.DefaultProvider.calculateOwnValue(DefaultProvider.java:72)
	at org.gradle.api.internal.provider.AbstractMinimalProvider.calculateValue(AbstractMinimalProvider.java:115)
	at org.gradle.api.internal.provider.TransformBackedProvider.calculateOwnValue(TransformBackedProvider.java:82)
	at org.gradle.api.internal.provider.AbstractMinimalProvider.calculateValue(AbstractMinimalProvider.java:115)
	at org.gradle.api.internal.provider.AbstractMinimalProvider.withFinalValue(AbstractMinimalProvider.java:168)
	at org.gradle.api.internal.provider.DefaultProperty.finalValue(DefaultProperty.java:133)
	at org.gradle.api.internal.provider.DefaultProperty.finalValue(DefaultProperty.java:26)
	at org.gradle.api.internal.provider.AbstractProperty.finalizeNow(AbstractProperty.java:245)
	at org.gradle.api.internal.provider.AbstractProperty.beforeRead(AbstractProperty.java:239)
	at org.gradle.api.internal.provider.AbstractProperty.calculateOwnValue(AbstractProperty.java:135)
	at org.gradle.api.internal.provider.AbstractMinimalProvider.calculateValue(AbstractMinimalProvider.java:115)
	at org.gradle.api.internal.provider.TransformBackedProvider.calculateOwnValue(TransformBackedProvider.java:82)
	at org.gradle.api.internal.provider.AbstractMinimalProvider.calculateValue(AbstractMinimalProvider.java:115)
	at org.gradle.api.internal.provider.Collectors$ElementsFromCollectionProvider.collectEntries(Collectors.java:220)
	at org.gradle.api.internal.provider.AbstractCollectionProperty$CollectingSupplier.calculateValue(AbstractCollectionProperty.java:344)
	at org.gradle.api.internal.provider.AbstractCollectionProperty.calculateValueFrom(AbstractCollectionProperty.java:189)
	at org.gradle.api.internal.provider.AbstractCollectionProperty.calculateValueFrom(AbstractCollectionProperty.java:37)
	at org.gradle.api.internal.provider.AbstractProperty.doCalculateValue(AbstractProperty.java:142)
	at org.gradle.api.internal.provider.AbstractProperty.calculateOwnValue(AbstractProperty.java:136)
	at org.gradle.api.internal.provider.AbstractMinimalProvider.calculateOwnPresentValue(AbstractMinimalProvider.java:80)
	at org.gradle.api.internal.provider.AbstractMinimalProvider.get(AbstractMinimalProvider.java:100)
	at org.jetbrains.intellij.IntelliJPlugin$configurePrepareSandboxTasks$5$5.transform(IntelliJPlugin.kt:625)
	at org.jetbrains.intellij.IntelliJPlugin$configurePrepareSandboxTasks$5$5.transform(IntelliJPlugin.kt:624)
	at org.gradle.api.internal.provider.ValueSupplier$Present.transform(ValueSupplier.java:541)
	at org.gradle.api.internal.provider.TransformBackedProvider.mapValue(TransformBackedProvider.java:91)
	at org.gradle.api.internal.provider.TransformBackedProvider.calculateOwnValue(TransformBackedProvider.java:83)
	at org.gradle.api.internal.provider.AbstractMinimalProvider.calculateOwnPresentValue(AbstractMinimalProvider.java:80)
	at org.gradle.api.internal.provider.AbstractMinimalProvider.get(AbstractMinimalProvider.java:100)
	at org.gradle.api.internal.provider.ProviderResolutionStrategy$2.resolve(ProviderResolutionStrategy.java:33)
	at org.gradle.api.internal.file.collections.ProviderBackedFileCollection.visitDependencies(ProviderBackedFileCollection.java:57)
	at org.gradle.api.internal.tasks.CachingTaskDependencyResolveContext$TaskGraphImpl.getNodeValues(CachingTaskDependencyResolveContext.java:103)
	at org.gradle.internal.graph.CachingDirectedGraphWalker$GraphWithEmptyEdges.getNodeValues(CachingDirectedGraphWalker.java:213)
	at org.gradle.internal.graph.CachingDirectedGraphWalker.doSearch(CachingDirectedGraphWalker.java:121)
	at org.gradle.internal.graph.CachingDirectedGraphWalker.findValues(CachingDirectedGraphWalker.java:73)
	at org.gradle.api.internal.tasks.CachingTaskDependencyResolveContext.getDependencies(CachingTaskDependencyResolveContext.java:66)
	at org.gradle.execution.plan.TaskDependencyResolver.resolveDependenciesFor(TaskDependencyResolver.java:49)
	at org.gradle.execution.plan.LocalTaskNode.getDependencies(LocalTaskNode.java:148)
	at org.gradle.execution.plan.LocalTaskNode.resolveDependencies(LocalTaskNode.java:122)
	at org.gradle.execution.plan.DefaultExecutionPlan.discoverNodeRelationships(DefaultExecutionPlan.java:183)
	at org.gradle.execution.plan.DefaultExecutionPlan.doAddEntryNodes(DefaultExecutionPlan.java:155)
	at org.gradle.execution.plan.DefaultExecutionPlan.addEntryTasks(DefaultExecutionPlan.java:130)
	at org.gradle.execution.plan.DefaultExecutionPlan.addEntryTasks(DefaultExecutionPlan.java:122)
	at org.gradle.execution.TaskNameResolvingBuildTaskScheduler.scheduleRequestedTasks(TaskNameResolvingBuildTaskScheduler.java:54)
	at org.gradle.execution.DefaultTasksBuildTaskScheduler.scheduleRequestedTasks(DefaultTasksBuildTaskScheduler.java:72)
	at org.gradle.initialization.DefaultTaskExecutionPreparer.lambda$scheduleRequestedTasks$0(DefaultTaskExecutionPreparer.java:46)
	at org.gradle.internal.Factories$1.create(Factories.java:31)
	at org.gradle.internal.work.DefaultWorkerLeaseService.withReplacedLocks(DefaultWorkerLeaseService.java:360)
	at org.gradle.api.internal.project.DefaultProjectStateRegistry$DefaultBuildProjectRegistry.withMutableStateOfAllProjects(DefaultProjectStateRegistry.java:239)
	at org.gradle.api.internal.project.DefaultProjectStateRegistry$DefaultBuildProjectRegistry.withMutableStateOfAllProjects(DefaultProjectStateRegistry.java:232)
	at org.gradle.initialization.DefaultTaskExecutionPreparer.scheduleRequestedTasks(DefaultTaskExecutionPreparer.java:45)
	at org.gradle.initialization.VintageBuildModelController.lambda$scheduleRequestedTasks$0(VintageBuildModelController.java:76)
	at org.gradle.internal.model.StateTransitionController.lambda$inState$1(StateTransitionController.java:99)
	at org.gradle.internal.model.StateTransitionController.lambda$inState$2(StateTransitionController.java:114)
	at org.gradle.internal.work.DefaultSynchronizer.withLock(DefaultSynchronizer.java:44)
	at org.gradle.internal.model.StateTransitionController.inState(StateTransitionController.java:110)
	at org.gradle.internal.model.StateTransitionController.inState(StateTransitionController.java:98)
	at org.gradle.initialization.VintageBuildModelController.scheduleRequestedTasks(VintageBuildModelController.java:76)
	at org.gradle.internal.build.DefaultBuildLifecycleController$DefaultWorkGraphBuilder.addRequestedTasks(DefaultBuildLifecycleController.java:404)
	at org.gradle.internal.buildtree.DefaultBuildTreeWorkPreparer.lambda$scheduleRequestedTasks$0(DefaultBuildTreeWorkPreparer.java:41)
	at org.gradle.internal.build.DefaultBuildLifecycleController.lambda$populateWorkGraph$7(DefaultBuildLifecycleController.java:189)
	at org.gradle.internal.build.DefaultBuildWorkPreparer.populateWorkGraph(DefaultBuildWorkPreparer.java:42)
	at org.gradle.internal.build.BuildOperationFiringBuildWorkPreparer$PopulateWorkGraph.populateTaskGraph(BuildOperationFiringBuildWorkPreparer.java:106)
	at org.gradle.internal.build.BuildOperationFiringBuildWorkPreparer$PopulateWorkGraph.run(BuildOperationFiringBuildWorkPreparer.java:92)
	at org.gradle.internal.operations.DefaultBuildOperationRunner$1.execute(DefaultBuildOperationRunner.java:29)
	at org.gradle.internal.operations.DefaultBuildOperationRunner$1.execute(DefaultBuildOperationRunner.java:26)
	at org.gradle.internal.operations.DefaultBuildOperationRunner$2.execute(DefaultBuildOperationRunner.java:66)
	at org.gradle.internal.operations.DefaultBuildOperationRunner$2.execute(DefaultBuildOperationRunner.java:59)
	at org.gradle.internal.operations.DefaultBuildOperationRunner.execute(DefaultBuildOperationRunner.java:157)
	at org.gradle.internal.operations.DefaultBuildOperationRunner.execute(DefaultBuildOperationRunner.java:59)
	at org.gradle.internal.operations.DefaultBuildOperationRunner.run(DefaultBuildOperationRunner.java:47)
	at org.gradle.internal.operations.DefaultBuildOperationExecutor.run(DefaultBuildOperationExecutor.java:68)
	at org.gradle.internal.build.BuildOperationFiringBuildWorkPreparer.populateWorkGraph(BuildOperationFiringBuildWorkPreparer.java:67)
	at org.gradle.internal.build.DefaultBuildLifecycleController.lambda$populateWorkGraph$8(DefaultBuildLifecycleController.java:189)
	at org.gradle.internal.model.StateTransitionController.lambda$inState$1(StateTransitionController.java:99)
	at org.gradle.internal.model.StateTransitionController.lambda$inState$2(StateTransitionController.java:114)
	at org.gradle.internal.work.DefaultSynchronizer.withLock(DefaultSynchronizer.java:44)
	at org.gradle.internal.model.StateTransitionController.inState(StateTransitionController.java:110)
	at org.gradle.internal.model.StateTransitionController.inState(StateTransitionController.java:98)
	at org.gradle.internal.build.DefaultBuildLifecycleController.populateWorkGraph(DefaultBuildLifecycleController.java:189)
	at org.gradle.internal.build.DefaultBuildWorkGraphController$DefaultBuildWorkGraph.populateWorkGraph(DefaultBuildWorkGraphController.java:169)
	at org.gradle.composite.internal.DefaultBuildController.populateWorkGraph(DefaultBuildController.java:76)
	at org.gradle.composite.internal.DefaultIncludedBuildTaskGraph$DefaultBuildTreeWorkGraphBuilder.withWorkGraph(DefaultIncludedBuildTaskGraph.java:153)
	at org.gradle.internal.buildtree.DefaultBuildTreeWorkPreparer.lambda$scheduleRequestedTasks$1(DefaultBuildTreeWorkPreparer.java:41)
	at org.gradle.composite.internal.DefaultIncludedBuildTaskGraph$DefaultBuildTreeWorkGraph$1.run(DefaultIncludedBuildTaskGraph.java:209)
	at org.gradle.internal.operations.DefaultBuildOperationRunner$1.execute(DefaultBuildOperationRunner.java:29)
	at org.gradle.internal.operations.DefaultBuildOperationRunner$1.execute(DefaultBuildOperationRunner.java:26)
	at org.gradle.internal.operations.DefaultBuildOperationRunner$2.execute(DefaultBuildOperationRunner.java:66)
	at org.gradle.internal.operations.DefaultBuildOperationRunner$2.execute(DefaultBuildOperationRunner.java:59)
	at org.gradle.internal.operations.DefaultBuildOperationRunner.execute(DefaultBuildOperationRunner.java:157)
	at org.gradle.internal.operations.DefaultBuildOperationRunner.execute(DefaultBuildOperationRunner.java:59)
	at org.gradle.internal.operations.DefaultBuildOperationRunner.run(DefaultBuildOperationRunner.java:47)
	at org.gradle.internal.operations.DefaultBuildOperationExecutor.run(DefaultBuildOperationExecutor.java:68)
	at org.gradle.composite.internal.DefaultIncludedBuildTaskGraph$DefaultBuildTreeWorkGraph.scheduleWork(DefaultIncludedBuildTaskGraph.java:204)
	at org.gradle.internal.buildtree.DefaultBuildTreeWorkPreparer.scheduleRequestedTasks(DefaultBuildTreeWorkPreparer.java:37)
	at org.gradle.configurationcache.VintageBuildTreeWorkController$scheduleAndRunRequestedTasks$1.apply(VintageBuildTreeWorkController.kt:36)
	at org.gradle.configurationcache.VintageBuildTreeWorkController$scheduleAndRunRequestedTasks$1.apply(VintageBuildTreeWorkController.kt:35)
	at org.gradle.composite.internal.DefaultIncludedBuildTaskGraph.withNewWorkGraph(DefaultIncludedBuildTaskGraph.java:112)
	at org.gradle.configurationcache.VintageBuildTreeWorkController.scheduleAndRunRequestedTasks(VintageBuildTreeWorkController.kt:35)
	at org.gradle.internal.buildtree.DefaultBuildTreeLifecycleController.lambda$scheduleAndRunTasks$1(DefaultBuildTreeLifecycleController.java:76)
	at org.gradle.internal.buildtree.DefaultBuildTreeLifecycleController.lambda$runBuild$4(DefaultBuildTreeLifecycleController.java:119)
	at org.gradle.internal.model.StateTransitionController.lambda$transition$6(StateTransitionController.java:169)
	at org.gradle.internal.model.StateTransitionController.doTransition(StateTransitionController.java:266)
	at org.gradle.internal.model.StateTransitionController.lambda$transition$7(StateTransitionController.java:169)
	at org.gradle.internal.work.DefaultSynchronizer.withLock(DefaultSynchronizer.java:44)
	at org.gradle.internal.model.StateTransitionController.transition(StateTransitionController.java:169)
	at org.gradle.internal.buildtree.DefaultBuildTreeLifecycleController.runBuild(DefaultBuildTreeLifecycleController.java:116)
	at org.gradle.internal.buildtree.DefaultBuildTreeLifecycleController.scheduleAndRunTasks(DefaultBuildTreeLifecycleController.java:76)
	at org.gradle.internal.buildtree.DefaultBuildTreeLifecycleController.scheduleAndRunTasks(DefaultBuildTreeLifecycleController.java:71)
	at org.gradle.tooling.internal.provider.ExecuteBuildActionRunner.run(ExecuteBuildActionRunner.java:31)
	at org.gradle.launcher.exec.ChainingBuildActionRunner.run(ChainingBuildActionRunner.java:35)
	at org.gradle.internal.buildtree.ProblemReportingBuildActionRunner.run(ProblemReportingBuildActionRunner.java:49)
	at org.gradle.launcher.exec.BuildOutcomeReportingBuildActionRunner.run(BuildOutcomeReportingBuildActionRunner.java:65)
	at org.gradle.tooling.internal.provider.FileSystemWatchingBuildActionRunner.run(FileSystemWatchingBuildActionRunner.java:140)
	at org.gradle.launcher.exec.BuildCompletionNotifyingBuildActionRunner.run(BuildCompletionNotifyingBuildActionRunner.java:41)
	at org.gradle.launcher.exec.RootBuildLifecycleBuildActionExecutor.lambda$execute$0(RootBuildLifecycleBuildActionExecutor.java:40)
	at org.gradle.composite.internal.DefaultRootBuildState.run(DefaultRootBuildState.java:123)
	at org.gradle.launcher.exec.RootBuildLifecycleBuildActionExecutor.execute(RootBuildLifecycleBuildActionExecutor.java:40)
	at org.gradle.internal.buildtree.InitDeprecationLoggingActionExecutor.execute(InitDeprecationLoggingActionExecutor.java:62)
	at org.gradle.internal.buildtree.InitProblems.execute(InitProblems.java:38)
	at org.gradle.internal.buildtree.DefaultBuildTreeContext.execute(DefaultBuildTreeContext.java:40)
	at org.gradle.launcher.exec.BuildTreeLifecycleBuildActionExecutor.lambda$execute$0(BuildTreeLifecycleBuildActionExecutor.java:58)
	at org.gradle.internal.buildtree.BuildTreeState.run(BuildTreeState.java:58)
	at org.gradle.launcher.exec.BuildTreeLifecycleBuildActionExecutor.execute(BuildTreeLifecycleBuildActionExecutor.java:58)
	at org.gradle.launcher.exec.RunAsBuildOperationBuildActionExecutor$3.call(RunAsBuildOperationBuildActionExecutor.java:61)
	at org.gradle.launcher.exec.RunAsBuildOperationBuildActionExecutor$3.call(RunAsBuildOperationBuildActionExecutor.java:57)
	at org.gradle.internal.operations.DefaultBuildOperationRunner$CallableBuildOperationWorker.execute(DefaultBuildOperationRunner.java:204)
	at org.gradle.internal.operations.DefaultBuildOperationRunner$CallableBuildOperationWorker.execute(DefaultBuildOperationRunner.java:199)
	at org.gradle.internal.operations.DefaultBuildOperationRunner$2.execute(DefaultBuildOperationRunner.java:66)
	at org.gradle.internal.operations.DefaultBuildOperationRunner$2.execute(DefaultBuildOperationRunner.java:59)
	at org.gradle.internal.operations.DefaultBuildOperationRunner.execute(DefaultBuildOperationRunner.java:157)
	at org.gradle.internal.operations.DefaultBuildOperationRunner.execute(DefaultBuildOperationRunner.java:59)
	at org.gradle.internal.operations.DefaultBuildOperationRunner.call(DefaultBuildOperationRunner.java:53)
	at org.gradle.internal.operations.DefaultBuildOperationExecutor.call(DefaultBuildOperationExecutor.java:73)
	at org.gradle.launcher.exec.RunAsBuildOperationBuildActionExecutor.execute(RunAsBuildOperationBuildActionExecutor.java:57)
	at org.gradle.launcher.exec.RunAsWorkerThreadBuildActionExecutor.lambda$execute$0(RunAsWorkerThreadBuildActionExecutor.java:36)
	at org.gradle.internal.work.DefaultWorkerLeaseService.withLocks(DefaultWorkerLeaseService.java:264)
	at org.gradle.internal.work.DefaultWorkerLeaseService.runAsWorkerThread(DefaultWorkerLeaseService.java:128)
	at org.gradle.launcher.exec.RunAsWorkerThreadBuildActionExecutor.execute(RunAsWorkerThreadBuildActionExecutor.java:36)
	at org.gradle.tooling.internal.provider.continuous.ContinuousBuildActionExecutor.execute(ContinuousBuildActionExecutor.java:110)
	at org.gradle.tooling.internal.provider.SubscribableBuildActionExecutor.execute(SubscribableBuildActionExecutor.java:64)
	at org.gradle.internal.session.DefaultBuildSessionContext.execute(DefaultBuildSessionContext.java:46)
	at org.gradle.tooling.internal.provider.BuildSessionLifecycleBuildActionExecuter$ActionImpl.apply(BuildSessionLifecycleBuildActionExecuter.java:92)
	at org.gradle.tooling.internal.provider.BuildSessionLifecycleBuildActionExecuter$ActionImpl.apply(BuildSessionLifecycleBuildActionExecuter.java:80)
	at org.gradle.internal.session.BuildSessionState.run(BuildSessionState.java:69)
	at org.gradle.tooling.internal.provider.BuildSessionLifecycleBuildActionExecuter.execute(BuildSessionLifecycleBuildActionExecuter.java:62)
	at org.gradle.tooling.internal.provider.BuildSessionLifecycleBuildActionExecuter.execute(BuildSessionLifecycleBuildActionExecuter.java:41)
	at org.gradle.tooling.internal.provider.StartParamsValidatingActionExecuter.execute(StartParamsValidatingActionExecuter.java:64)
	at org.gradle.tooling.internal.provider.StartParamsValidatingActionExecuter.execute(StartParamsValidatingActionExecuter.java:32)
	at org.gradle.tooling.internal.provider.SessionFailureReportingActionExecuter.execute(SessionFailureReportingActionExecuter.java:51)
	at org.gradle.tooling.internal.provider.SessionFailureReportingActionExecuter.execute(SessionFailureReportingActionExecuter.java:39)
	at org.gradle.tooling.internal.provider.SetupLoggingActionExecuter.execute(SetupLoggingActionExecuter.java:47)
	at org.gradle.tooling.internal.provider.SetupLoggingActionExecuter.execute(SetupLoggingActionExecuter.java:31)
	at org.gradle.launcher.daemon.server.exec.ExecuteBuild.doBuild(ExecuteBuild.java:65)
	at org.gradle.launcher.daemon.server.exec.BuildCommandOnly.execute(BuildCommandOnly.java:37)
	at org.gradle.launcher.daemon.server.api.DaemonCommandExecution.proceed(DaemonCommandExecution.java:104)
	at org.gradle.launcher.daemon.server.exec.WatchForDisconnection.execute(WatchForDisconnection.java:39)
	at org.gradle.launcher.daemon.server.api.DaemonCommandExecution.proceed(DaemonCommandExecution.java:104)
	at org.gradle.launcher.daemon.server.exec.ResetDeprecationLogger.execute(ResetDeprecationLogger.java:29)
	at org.gradle.launcher.daemon.server.api.DaemonCommandExecution.proceed(DaemonCommandExecution.java:104)
	at org.gradle.launcher.daemon.server.exec.RequestStopIfSingleUsedDaemon.execute(RequestStopIfSingleUsedDaemon.java:35)
	at org.gradle.launcher.daemon.server.api.DaemonCommandExecution.proceed(DaemonCommandExecution.java:104)
	at org.gradle.launcher.daemon.server.exec.ForwardClientInput$2.create(ForwardClientInput.java:78)
	at org.gradle.launcher.daemon.server.exec.ForwardClientInput$2.create(ForwardClientInput.java:75)
	at org.gradle.util.internal.Swapper.swap(Swapper.java:38)
	at org.gradle.launcher.daemon.server.exec.ForwardClientInput.execute(ForwardClientInput.java:75)
	at org.gradle.launcher.daemon.server.api.DaemonCommandExecution.proceed(DaemonCommandExecution.java:104)
	at org.gradle.launcher.daemon.server.exec.LogAndCheckHealth.execute(LogAndCheckHealth.java:64)
	at org.gradle.launcher.daemon.server.api.DaemonCommandExecution.proceed(DaemonCommandExecution.java:104)
	at org.gradle.launcher.daemon.server.exec.LogToClient.doBuild(LogToClient.java:63)
	at org.gradle.launcher.daemon.server.exec.BuildCommandOnly.execute(BuildCommandOnly.java:37)
	at org.gradle.launcher.daemon.server.api.DaemonCommandExecution.proceed(DaemonCommandExecution.java:104)
	at org.gradle.launcher.daemon.server.exec.EstablishBuildEnvironment.doBuild(EstablishBuildEnvironment.java:84)
	at org.gradle.launcher.daemon.server.exec.BuildCommandOnly.execute(BuildCommandOnly.java:37)
	at org.gradle.launcher.daemon.server.api.DaemonCommandExecution.proceed(DaemonCommandExecution.java:104)
	at org.gradle.launcher.daemon.server.exec.StartBuildOrRespondWithBusy$1.run(StartBuildOrRespondWithBusy.java:52)
	at org.gradle.launcher.daemon.server.DaemonStateCoordinator$1.run(DaemonStateCoordinator.java:297)
	at org.gradle.internal.concurrent.ExecutorPolicy$CatchAndRecordFailures.onExecute(ExecutorPolicy.java:64)
	at org.gradle.internal.concurrent.AbstractManagedExecutor$1.run(AbstractManagedExecutor.java:47)
	at java.base/java.util.concurrent.ThreadPoolExecutor.runWorker(ThreadPoolExecutor.java:1136)
	at java.base/java.util.concurrent.ThreadPoolExecutor$Worker.run(ThreadPoolExecutor.java:635)
	at java.base/java.lang.Thread.run(Thread.java:840)
[gradle-intellij-plugin :] Cannot create plugin from file '/opt/android-studio/plugins/java-decompiler': Invalid plugin descriptor 'plugin.xml'. Unable to read the plugin descriptor: No enum constant com.jetbrains.plugin.structure.intellij.plugin.IdePluginContentDescriptor.ListenerType.APPLİCATİON.
Unable to read descriptor [plugin.xml] from [/opt/android-studio/plugins/java-i18n/lib/java-i18n.jar]
java.lang.IllegalArgumentException: No enum constant com.jetbrains.plugin.structure.intellij.plugin.IdePluginContentDescriptor.ServiceType.APPLİCATİON
	at java.base/java.lang.Enum.valueOf(Enum.java:273)
	at com.jetbrains.plugin.structure.intellij.plugin.IdePluginContentDescriptor$ServiceType.valueOf(IdePluginContents.kt)
	at com.jetbrains.plugin.structure.intellij.plugin.PluginCreator.readServiceDescriptor(PluginCreator.kt:406)
	at com.jetbrains.plugin.structure.intellij.plugin.PluginCreator.readExtensions(PluginCreator.kt:341)
	at com.jetbrains.plugin.structure.intellij.plugin.PluginCreator.setInfoFromBean(PluginCreator.kt:320)
	at com.jetbrains.plugin.structure.intellij.plugin.PluginCreator.resolveDocumentAndValidateBean(PluginCreator.kt:664)
	at com.jetbrains.plugin.structure.intellij.plugin.PluginCreator.access$resolveDocumentAndValidateBean(PluginCreator.kt:31)
	at com.jetbrains.plugin.structure.intellij.plugin.PluginCreator$Companion.createPlugin(PluginCreator.kt:109)
	at com.jetbrains.plugin.structure.intellij.plugin.IdePluginManager.loadPluginInfoFromJarFile(IdePluginManager.kt:62)
	at com.jetbrains.plugin.structure.intellij.plugin.IdePluginManager.loadPluginInfoFromLibDirectory(IdePluginManager.kt:165)
	at com.jetbrains.plugin.structure.intellij.plugin.IdePluginManager.loadPluginInfoFromDirectory(IdePluginManager.kt:97)
	at com.jetbrains.plugin.structure.intellij.plugin.IdePluginManager.loadPluginInfoFromJarOrDirectory(IdePluginManager.kt:206)
	at com.jetbrains.plugin.structure.intellij.plugin.IdePluginManager.getPluginCreatorWithResult(IdePluginManager.kt:347)
	at com.jetbrains.plugin.structure.intellij.plugin.IdePluginManager.createPlugin(IdePluginManager.kt:314)
	at com.jetbrains.plugin.structure.intellij.plugin.IdePluginManager.createPlugin$default(IdePluginManager.kt:312)
	at org.jetbrains.intellij.Utils.createPlugin(utils.kt:222)
	at org.jetbrains.intellij.dependency.BuiltinPluginsRegistry.add(BuiltinPluginsRegistry.kt:89)
	at org.jetbrains.intellij.dependency.BuiltinPluginsRegistry.fillFromDirectory(BuiltinPluginsRegistry.kt:47)
	at org.jetbrains.intellij.dependency.BuiltinPluginsRegistry.access$fillFromDirectory(BuiltinPluginsRegistry.kt:21)
	at org.jetbrains.intellij.dependency.BuiltinPluginsRegistry$Companion.fromDirectory(BuiltinPluginsRegistry.kt:127)
	at org.jetbrains.intellij.dependency.IdeaDependencyManager.createDependency(IdeaDependencyManager.kt:92)
	at org.jetbrains.intellij.dependency.IdeaDependencyManager.resolveLocal(IdeaDependencyManager.kt:430)
	at org.jetbrains.intellij.IntelliJPlugin$prepareIdeaDependencyProvider$1.call(IntelliJPlugin.kt:299)
	at org.jetbrains.intellij.IntelliJPlugin$prepareIdeaDependencyProvider$1.call(IntelliJPlugin.kt:266)
	at org.gradle.api.internal.provider.DefaultProvider.calculateOwnValue(DefaultProvider.java:72)
	at org.gradle.api.internal.provider.AbstractMinimalProvider.calculateValue(AbstractMinimalProvider.java:115)
	at org.gradle.api.internal.provider.TransformBackedProvider.calculateOwnValue(TransformBackedProvider.java:82)
	at org.gradle.api.internal.provider.AbstractMinimalProvider.calculateValue(AbstractMinimalProvider.java:115)
	at org.gradle.api.internal.provider.AbstractMinimalProvider.withFinalValue(AbstractMinimalProvider.java:168)
	at org.gradle.api.internal.provider.DefaultProperty.finalValue(DefaultProperty.java:133)
	at org.gradle.api.internal.provider.DefaultProperty.finalValue(DefaultProperty.java:26)
	at org.gradle.api.internal.provider.AbstractProperty.finalizeNow(AbstractProperty.java:245)
	at org.gradle.api.internal.provider.AbstractProperty.beforeRead(AbstractProperty.java:239)
	at org.gradle.api.internal.provider.AbstractProperty.calculateOwnValue(AbstractProperty.java:135)
	at org.gradle.api.internal.provider.AbstractMinimalProvider.calculateValue(AbstractMinimalProvider.java:115)
	at org.gradle.api.internal.provider.TransformBackedProvider.calculateOwnValue(TransformBackedProvider.java:82)
	at org.gradle.api.internal.provider.AbstractMinimalProvider.calculateValue(AbstractMinimalProvider.java:115)
	at org.gradle.api.internal.provider.Collectors$ElementsFromCollectionProvider.collectEntries(Collectors.java:220)
	at org.gradle.api.internal.provider.AbstractCollectionProperty$CollectingSupplier.calculateValue(AbstractCollectionProperty.java:344)
	at org.gradle.api.internal.provider.AbstractCollectionProperty.calculateValueFrom(AbstractCollectionProperty.java:189)
	at org.gradle.api.internal.provider.AbstractCollectionProperty.calculateValueFrom(AbstractCollectionProperty.java:37)
	at org.gradle.api.internal.provider.AbstractProperty.doCalculateValue(AbstractProperty.java:142)
	at org.gradle.api.internal.provider.AbstractProperty.calculateOwnValue(AbstractProperty.java:136)
	at org.gradle.api.internal.provider.AbstractMinimalProvider.calculateOwnPresentValue(AbstractMinimalProvider.java:80)
	at org.gradle.api.internal.provider.AbstractMinimalProvider.get(AbstractMinimalProvider.java:100)
	at org.jetbrains.intellij.IntelliJPlugin$configurePrepareSandboxTasks$5$5.transform(IntelliJPlugin.kt:625)
	at org.jetbrains.intellij.IntelliJPlugin$configurePrepareSandboxTasks$5$5.transform(IntelliJPlugin.kt:624)
	at org.gradle.api.internal.provider.ValueSupplier$Present.transform(ValueSupplier.java:541)
	at org.gradle.api.internal.provider.TransformBackedProvider.mapValue(TransformBackedProvider.java:91)
	at org.gradle.api.internal.provider.TransformBackedProvider.calculateOwnValue(TransformBackedProvider.java:83)
	at org.gradle.api.internal.provider.AbstractMinimalProvider.calculateOwnPresentValue(AbstractMinimalProvider.java:80)
	at org.gradle.api.internal.provider.AbstractMinimalProvider.get(AbstractMinimalProvider.java:100)
	at org.gradle.api.internal.provider.ProviderResolutionStrategy$2.resolve(ProviderResolutionStrategy.java:33)
	at org.gradle.api.internal.file.collections.ProviderBackedFileCollection.visitDependencies(ProviderBackedFileCollection.java:57)
	at org.gradle.api.internal.tasks.CachingTaskDependencyResolveContext$TaskGraphImpl.getNodeValues(CachingTaskDependencyResolveContext.java:103)
	at org.gradle.internal.graph.CachingDirectedGraphWalker$GraphWithEmptyEdges.getNodeValues(CachingDirectedGraphWalker.java:213)
	at org.gradle.internal.graph.CachingDirectedGraphWalker.doSearch(CachingDirectedGraphWalker.java:121)
	at org.gradle.internal.graph.CachingDirectedGraphWalker.findValues(CachingDirectedGraphWalker.java:73)
	at org.gradle.api.internal.tasks.CachingTaskDependencyResolveContext.getDependencies(CachingTaskDependencyResolveContext.java:66)
	at org.gradle.execution.plan.TaskDependencyResolver.resolveDependenciesFor(TaskDependencyResolver.java:49)
	at org.gradle.execution.plan.LocalTaskNode.getDependencies(LocalTaskNode.java:148)
	at org.gradle.execution.plan.LocalTaskNode.resolveDependencies(LocalTaskNode.java:122)
	at org.gradle.execution.plan.DefaultExecutionPlan.discoverNodeRelationships(DefaultExecutionPlan.java:183)
	at org.gradle.execution.plan.DefaultExecutionPlan.doAddEntryNodes(DefaultExecutionPlan.java:155)
	at org.gradle.execution.plan.DefaultExecutionPlan.addEntryTasks(DefaultExecutionPlan.java:130)
	at org.gradle.execution.plan.DefaultExecutionPlan.addEntryTasks(DefaultExecutionPlan.java:122)
	at org.gradle.execution.TaskNameResolvingBuildTaskScheduler.scheduleRequestedTasks(TaskNameResolvingBuildTaskScheduler.java:54)
	at org.gradle.execution.DefaultTasksBuildTaskScheduler.scheduleRequestedTasks(DefaultTasksBuildTaskScheduler.java:72)
	at org.gradle.initialization.DefaultTaskExecutionPreparer.lambda$scheduleRequestedTasks$0(DefaultTaskExecutionPreparer.java:46)
	at org.gradle.internal.Factories$1.create(Factories.java:31)
	at org.gradle.internal.work.DefaultWorkerLeaseService.withReplacedLocks(DefaultWorkerLeaseService.java:360)
	at org.gradle.api.internal.project.DefaultProjectStateRegistry$DefaultBuildProjectRegistry.withMutableStateOfAllProjects(DefaultProjectStateRegistry.java:239)
	at org.gradle.api.internal.project.DefaultProjectStateRegistry$DefaultBuildProjectRegistry.withMutableStateOfAllProjects(DefaultProjectStateRegistry.java:232)
	at org.gradle.initialization.DefaultTaskExecutionPreparer.scheduleRequestedTasks(DefaultTaskExecutionPreparer.java:45)
	at org.gradle.initialization.VintageBuildModelController.lambda$scheduleRequestedTasks$0(VintageBuildModelController.java:76)
	at org.gradle.internal.model.StateTransitionController.lambda$inState$1(StateTransitionController.java:99)
	at org.gradle.internal.model.StateTransitionController.lambda$inState$2(StateTransitionController.java:114)
	at org.gradle.internal.work.DefaultSynchronizer.withLock(DefaultSynchronizer.java:44)
	at org.gradle.internal.model.StateTransitionController.inState(StateTransitionController.java:110)
	at org.gradle.internal.model.StateTransitionController.inState(StateTransitionController.java:98)
	at org.gradle.initialization.VintageBuildModelController.scheduleRequestedTasks(VintageBuildModelController.java:76)
	at org.gradle.internal.build.DefaultBuildLifecycleController$DefaultWorkGraphBuilder.addRequestedTasks(DefaultBuildLifecycleController.java:404)
	at org.gradle.internal.buildtree.DefaultBuildTreeWorkPreparer.lambda$scheduleRequestedTasks$0(DefaultBuildTreeWorkPreparer.java:41)
	at org.gradle.internal.build.DefaultBuildLifecycleController.lambda$populateWorkGraph$7(DefaultBuildLifecycleController.java:189)
	at org.gradle.internal.build.DefaultBuildWorkPreparer.populateWorkGraph(DefaultBuildWorkPreparer.java:42)
	at org.gradle.internal.build.BuildOperationFiringBuildWorkPreparer$PopulateWorkGraph.populateTaskGraph(BuildOperationFiringBuildWorkPreparer.java:106)
	at org.gradle.internal.build.BuildOperationFiringBuildWorkPreparer$PopulateWorkGraph.run(BuildOperationFiringBuildWorkPreparer.java:92)
	at org.gradle.internal.operations.DefaultBuildOperationRunner$1.execute(DefaultBuildOperationRunner.java:29)
	at org.gradle.internal.operations.DefaultBuildOperationRunner$1.execute(DefaultBuildOperationRunner.java:26)
	at org.gradle.internal.operations.DefaultBuildOperationRunner$2.execute(DefaultBuildOperationRunner.java:66)
	at org.gradle.internal.operations.DefaultBuildOperationRunner$2.execute(DefaultBuildOperationRunner.java:59)
	at org.gradle.internal.operations.DefaultBuildOperationRunner.execute(DefaultBuildOperationRunner.java:157)
	at org.gradle.internal.operations.DefaultBuildOperationRunner.execute(DefaultBuildOperationRunner.java:59)
	at org.gradle.internal.operations.DefaultBuildOperationRunner.run(DefaultBuildOperationRunner.java:47)
	at org.gradle.internal.operations.DefaultBuildOperationExecutor.run(DefaultBuildOperationExecutor.java:68)
	at org.gradle.internal.build.BuildOperationFiringBuildWorkPreparer.populateWorkGraph(BuildOperationFiringBuildWorkPreparer.java:67)
	at org.gradle.internal.build.DefaultBuildLifecycleController.lambda$populateWorkGraph$8(DefaultBuildLifecycleController.java:189)
	at org.gradle.internal.model.StateTransitionController.lambda$inState$1(StateTransitionController.java:99)
	at org.gradle.internal.model.StateTransitionController.lambda$inState$2(StateTransitionController.java:114)
	at org.gradle.internal.work.DefaultSynchronizer.withLock(DefaultSynchronizer.java:44)
	at org.gradle.internal.model.StateTransitionController.inState(StateTransitionController.java:110)
	at org.gradle.internal.model.StateTransitionController.inState(StateTransitionController.java:98)
	at org.gradle.internal.build.DefaultBuildLifecycleController.populateWorkGraph(DefaultBuildLifecycleController.java:189)
	at org.gradle.internal.build.DefaultBuildWorkGraphController$DefaultBuildWorkGraph.populateWorkGraph(DefaultBuildWorkGraphController.java:169)
	at org.gradle.composite.internal.DefaultBuildController.populateWorkGraph(DefaultBuildController.java:76)
	at org.gradle.composite.internal.DefaultIncludedBuildTaskGraph$DefaultBuildTreeWorkGraphBuilder.withWorkGraph(DefaultIncludedBuildTaskGraph.java:153)
	at org.gradle.internal.buildtree.DefaultBuildTreeWorkPreparer.lambda$scheduleRequestedTasks$1(DefaultBuildTreeWorkPreparer.java:41)
	at org.gradle.composite.internal.DefaultIncludedBuildTaskGraph$DefaultBuildTreeWorkGraph$1.run(DefaultIncludedBuildTaskGraph.java:209)
	at org.gradle.internal.operations.DefaultBuildOperationRunner$1.execute(DefaultBuildOperationRunner.java:29)
	at org.gradle.internal.operations.DefaultBuildOperationRunner$1.execute(DefaultBuildOperationRunner.java:26)
	at org.gradle.internal.operations.DefaultBuildOperationRunner$2.execute(DefaultBuildOperationRunner.java:66)
	at org.gradle.internal.operations.DefaultBuildOperationRunner$2.execute(DefaultBuildOperationRunner.java:59)
	at org.gradle.internal.operations.DefaultBuildOperationRunner.execute(DefaultBuildOperationRunner.java:157)
	at org.gradle.internal.operations.DefaultBuildOperationRunner.execute(DefaultBuildOperationRunner.java:59)
	at org.gradle.internal.operations.DefaultBuildOperationRunner.run(DefaultBuildOperationRunner.java:47)
	at org.gradle.internal.operations.DefaultBuildOperationExecutor.run(DefaultBuildOperationExecutor.java:68)
	at org.gradle.composite.internal.DefaultIncludedBuildTaskGraph$DefaultBuildTreeWorkGraph.scheduleWork(DefaultIncludedBuildTaskGraph.java:204)
	at org.gradle.internal.buildtree.DefaultBuildTreeWorkPreparer.scheduleRequestedTasks(DefaultBuildTreeWorkPreparer.java:37)
	at org.gradle.configurationcache.VintageBuildTreeWorkController$scheduleAndRunRequestedTasks$1.apply(VintageBuildTreeWorkController.kt:36)
	at org.gradle.configurationcache.VintageBuildTreeWorkController$scheduleAndRunRequestedTasks$1.apply(VintageBuildTreeWorkController.kt:35)
	at org.gradle.composite.internal.DefaultIncludedBuildTaskGraph.withNewWorkGraph(DefaultIncludedBuildTaskGraph.java:112)
	at org.gradle.configurationcache.VintageBuildTreeWorkController.scheduleAndRunRequestedTasks(VintageBuildTreeWorkController.kt:35)
	at org.gradle.internal.buildtree.DefaultBuildTreeLifecycleController.lambda$scheduleAndRunTasks$1(DefaultBuildTreeLifecycleController.java:76)
	at org.gradle.internal.buildtree.DefaultBuildTreeLifecycleController.lambda$runBuild$4(DefaultBuildTreeLifecycleController.java:119)
	at org.gradle.internal.model.StateTransitionController.lambda$transition$6(StateTransitionController.java:169)
	at org.gradle.internal.model.StateTransitionController.doTransition(StateTransitionController.java:266)
	at org.gradle.internal.model.StateTransitionController.lambda$transition$7(StateTransitionController.java:169)
	at org.gradle.internal.work.DefaultSynchronizer.withLock(DefaultSynchronizer.java:44)
	at org.gradle.internal.model.StateTransitionController.transition(StateTransitionController.java:169)
	at org.gradle.internal.buildtree.DefaultBuildTreeLifecycleController.runBuild(DefaultBuildTreeLifecycleController.java:116)
	at org.gradle.internal.buildtree.DefaultBuildTreeLifecycleController.scheduleAndRunTasks(DefaultBuildTreeLifecycleController.java:76)
	at org.gradle.internal.buildtree.DefaultBuildTreeLifecycleController.scheduleAndRunTasks(DefaultBuildTreeLifecycleController.java:71)
	at org.gradle.tooling.internal.provider.ExecuteBuildActionRunner.run(ExecuteBuildActionRunner.java:31)
	at org.gradle.launcher.exec.ChainingBuildActionRunner.run(ChainingBuildActionRunner.java:35)
	at org.gradle.internal.buildtree.ProblemReportingBuildActionRunner.run(ProblemReportingBuildActionRunner.java:49)
	at org.gradle.launcher.exec.BuildOutcomeReportingBuildActionRunner.run(BuildOutcomeReportingBuildActionRunner.java:65)
	at org.gradle.tooling.internal.provider.FileSystemWatchingBuildActionRunner.run(FileSystemWatchingBuildActionRunner.java:140)
	at org.gradle.launcher.exec.BuildCompletionNotifyingBuildActionRunner.run(BuildCompletionNotifyingBuildActionRunner.java:41)
	at org.gradle.launcher.exec.RootBuildLifecycleBuildActionExecutor.lambda$execute$0(RootBuildLifecycleBuildActionExecutor.java:40)
	at org.gradle.composite.internal.DefaultRootBuildState.run(DefaultRootBuildState.java:123)
	at org.gradle.launcher.exec.RootBuildLifecycleBuildActionExecutor.execute(RootBuildLifecycleBuildActionExecutor.java:40)
	at org.gradle.internal.buildtree.InitDeprecationLoggingActionExecutor.execute(InitDeprecationLoggingActionExecutor.java:62)
	at org.gradle.internal.buildtree.InitProblems.execute(InitProblems.java:38)
	at org.gradle.internal.buildtree.DefaultBuildTreeContext.execute(DefaultBuildTreeContext.java:40)
	at org.gradle.launcher.exec.BuildTreeLifecycleBuildActionExecutor.lambda$execute$0(BuildTreeLifecycleBuildActionExecutor.java:58)
	at org.gradle.internal.buildtree.BuildTreeState.run(BuildTreeState.java:58)
	at org.gradle.launcher.exec.BuildTreeLifecycleBuildActionExecutor.execute(BuildTreeLifecycleBuildActionExecutor.java:58)
	at org.gradle.launcher.exec.RunAsBuildOperationBuildActionExecutor$3.call(RunAsBuildOperationBuildActionExecutor.java:61)
	at org.gradle.launcher.exec.RunAsBuildOperationBuildActionExecutor$3.call(RunAsBuildOperationBuildActionExecutor.java:57)
	at org.gradle.internal.operations.DefaultBuildOperationRunner$CallableBuildOperationWorker.execute(DefaultBuildOperationRunner.java:204)
	at org.gradle.internal.operations.DefaultBuildOperationRunner$CallableBuildOperationWorker.execute(DefaultBuildOperationRunner.java:199)
	at org.gradle.internal.operations.DefaultBuildOperationRunner$2.execute(DefaultBuildOperationRunner.java:66)
	at org.gradle.internal.operations.DefaultBuildOperationRunner$2.execute(DefaultBuildOperationRunner.java:59)
	at org.gradle.internal.operations.DefaultBuildOperationRunner.execute(DefaultBuildOperationRunner.java:157)
	at org.gradle.internal.operations.DefaultBuildOperationRunner.execute(DefaultBuildOperationRunner.java:59)
	at org.gradle.internal.operations.DefaultBuildOperationRunner.call(DefaultBuildOperationRunner.java:53)
	at org.gradle.internal.operations.DefaultBuildOperationExecutor.call(DefaultBuildOperationExecutor.java:73)
	at org.gradle.launcher.exec.RunAsBuildOperationBuildActionExecutor.execute(RunAsBuildOperationBuildActionExecutor.java:57)
	at org.gradle.launcher.exec.RunAsWorkerThreadBuildActionExecutor.lambda$execute$0(RunAsWorkerThreadBuildActionExecutor.java:36)
	at org.gradle.internal.work.DefaultWorkerLeaseService.withLocks(DefaultWorkerLeaseService.java:264)
	at org.gradle.internal.work.DefaultWorkerLeaseService.runAsWorkerThread(DefaultWorkerLeaseService.java:128)
	at org.gradle.launcher.exec.RunAsWorkerThreadBuildActionExecutor.execute(RunAsWorkerThreadBuildActionExecutor.java:36)
	at org.gradle.tooling.internal.provider.continuous.ContinuousBuildActionExecutor.execute(ContinuousBuildActionExecutor.java:110)
	at org.gradle.tooling.internal.provider.SubscribableBuildActionExecutor.execute(SubscribableBuildActionExecutor.java:64)
	at org.gradle.internal.session.DefaultBuildSessionContext.execute(DefaultBuildSessionContext.java:46)
	at org.gradle.tooling.internal.provider.BuildSessionLifecycleBuildActionExecuter$ActionImpl.apply(BuildSessionLifecycleBuildActionExecuter.java:92)
	at org.gradle.tooling.internal.provider.BuildSessionLifecycleBuildActionExecuter$ActionImpl.apply(BuildSessionLifecycleBuildActionExecuter.java:80)
	at org.gradle.internal.session.BuildSessionState.run(BuildSessionState.java:69)
	at org.gradle.tooling.internal.provider.BuildSessionLifecycleBuildActionExecuter.execute(BuildSessionLifecycleBuildActionExecuter.java:62)
	at org.gradle.tooling.internal.provider.BuildSessionLifecycleBuildActionExecuter.execute(BuildSessionLifecycleBuildActionExecuter.java:41)
	at org.gradle.tooling.internal.provider.StartParamsValidatingActionExecuter.execute(StartParamsValidatingActionExecuter.java:64)
	at org.gradle.tooling.internal.provider.StartParamsValidatingActionExecuter.execute(StartParamsValidatingActionExecuter.java:32)
	at org.gradle.tooling.internal.provider.SessionFailureReportingActionExecuter.execute(SessionFailureReportingActionExecuter.java:51)
	at org.gradle.tooling.internal.provider.SessionFailureReportingActionExecuter.execute(SessionFailureReportingActionExecuter.java:39)
	at org.gradle.tooling.internal.provider.SetupLoggingActionExecuter.execute(SetupLoggingActionExecuter.java:47)
	at org.gradle.tooling.internal.provider.SetupLoggingActionExecuter.execute(SetupLoggingActionExecuter.java:31)
	at org.gradle.launcher.daemon.server.exec.ExecuteBuild.doBuild(ExecuteBuild.java:65)
	at org.gradle.launcher.daemon.server.exec.BuildCommandOnly.execute(BuildCommandOnly.java:37)
	at org.gradle.launcher.daemon.server.api.DaemonCommandExecution.proceed(DaemonCommandExecution.java:104)
	at org.gradle.launcher.daemon.server.exec.WatchForDisconnection.execute(WatchForDisconnection.java:39)
	at org.gradle.launcher.daemon.server.api.DaemonCommandExecution.proceed(DaemonCommandExecution.java:104)
	at org.gradle.launcher.daemon.server.exec.ResetDeprecationLogger.execute(ResetDeprecationLogger.java:29)
	at org.gradle.launcher.daemon.server.api.DaemonCommandExecution.proceed(DaemonCommandExecution.java:104)
	at org.gradle.launcher.daemon.server.exec.RequestStopIfSingleUsedDaemon.execute(RequestStopIfSingleUsedDaemon.java:35)
	at org.gradle.launcher.daemon.server.api.DaemonCommandExecution.proceed(DaemonCommandExecution.java:104)
	at org.gradle.launcher.daemon.server.exec.ForwardClientInput$2.create(ForwardClientInput.java:78)
	at org.gradle.launcher.daemon.server.exec.ForwardClientInput$2.create(ForwardClientInput.java:75)
	at org.gradle.util.internal.Swapper.swap(Swapper.java:38)
	at org.gradle.launcher.daemon.server.exec.ForwardClientInput.execute(ForwardClientInput.java:75)
	at org.gradle.launcher.daemon.server.api.DaemonCommandExecution.proceed(DaemonCommandExecution.java:104)
	at org.gradle.launcher.daemon.server.exec.LogAndCheckHealth.execute(LogAndCheckHealth.java:64)
	at org.gradle.launcher.daemon.server.api.DaemonCommandExecution.proceed(DaemonCommandExecution.java:104)
	at org.gradle.launcher.daemon.server.exec.LogToClient.doBuild(LogToClient.java:63)
	at org.gradle.launcher.daemon.server.exec.BuildCommandOnly.execute(BuildCommandOnly.java:37)
	at org.gradle.launcher.daemon.server.api.DaemonCommandExecution.proceed(DaemonCommandExecution.java:104)
	at org.gradle.launcher.daemon.server.exec.EstablishBuildEnvironment.doBuild(EstablishBuildEnvironment.java:84)
	at org.gradle.launcher.daemon.server.exec.BuildCommandOnly.execute(BuildCommandOnly.java:37)
	at org.gradle.launcher.daemon.server.api.DaemonCommandExecution.proceed(DaemonCommandExecution.java:104)
	at org.gradle.launcher.daemon.server.exec.StartBuildOrRespondWithBusy$1.run(StartBuildOrRespondWithBusy.java:52)
	at org.gradle.launcher.daemon.server.DaemonStateCoordinator$1.run(DaemonStateCoordinator.java:297)
	at org.gradle.internal.concurrent.ExecutorPolicy$CatchAndRecordFailures.onExecute(ExecutorPolicy.java:64)
	at org.gradle.internal.concurrent.AbstractManagedExecutor$1.run(AbstractManagedExecutor.java:47)
	at java.base/java.util.concurrent.ThreadPoolExecutor.runWorker(ThreadPoolExecutor.java:1136)
	at java.base/java.util.concurrent.ThreadPoolExecutor$Worker.run(ThreadPoolExecutor.java:635)
	at java.base/java.lang.Thread.run(Thread.java:840)
[gradle-intellij-plugin :] Cannot create plugin from file '/opt/android-studio/plugins/java-i18n': Invalid plugin descriptor 'plugin.xml'. Unable to read the plugin descriptor: No enum constant com.jetbrains.plugin.structure.intellij.plugin.IdePluginContentDescriptor.ServiceType.APPLİCATİON.
Unable to read descriptor [plugin.xml] from [/opt/android-studio/plugins/java-ide-customization/lib/java-ide-customization.jar]
java.lang.IllegalArgumentException: No enum constant com.jetbrains.plugin.structure.intellij.plugin.IdePluginContentDescriptor.ServiceType.APPLİCATİON
	at java.base/java.lang.Enum.valueOf(Enum.java:273)
	at com.jetbrains.plugin.structure.intellij.plugin.IdePluginContentDescriptor$ServiceType.valueOf(IdePluginContents.kt)
	at com.jetbrains.plugin.structure.intellij.plugin.PluginCreator.readServiceDescriptor(PluginCreator.kt:406)
	at com.jetbrains.plugin.structure.intellij.plugin.PluginCreator.readExtensions(PluginCreator.kt:341)
	at com.jetbrains.plugin.structure.intellij.plugin.PluginCreator.setInfoFromBean(PluginCreator.kt:320)
	at com.jetbrains.plugin.structure.intellij.plugin.PluginCreator.resolveDocumentAndValidateBean(PluginCreator.kt:664)
	at com.jetbrains.plugin.structure.intellij.plugin.PluginCreator.access$resolveDocumentAndValidateBean(PluginCreator.kt:31)
	at com.jetbrains.plugin.structure.intellij.plugin.PluginCreator$Companion.createPlugin(PluginCreator.kt:109)
	at com.jetbrains.plugin.structure.intellij.plugin.IdePluginManager.loadPluginInfoFromJarFile(IdePluginManager.kt:62)
	at com.jetbrains.plugin.structure.intellij.plugin.IdePluginManager.loadPluginInfoFromLibDirectory(IdePluginManager.kt:165)
	at com.jetbrains.plugin.structure.intellij.plugin.IdePluginManager.loadPluginInfoFromDirectory(IdePluginManager.kt:97)
	at com.jetbrains.plugin.structure.intellij.plugin.IdePluginManager.loadPluginInfoFromJarOrDirectory(IdePluginManager.kt:206)
	at com.jetbrains.plugin.structure.intellij.plugin.IdePluginManager.getPluginCreatorWithResult(IdePluginManager.kt:347)
	at com.jetbrains.plugin.structure.intellij.plugin.IdePluginManager.createPlugin(IdePluginManager.kt:314)
	at com.jetbrains.plugin.structure.intellij.plugin.IdePluginManager.createPlugin$default(IdePluginManager.kt:312)
	at org.jetbrains.intellij.Utils.createPlugin(utils.kt:222)
	at org.jetbrains.intellij.dependency.BuiltinPluginsRegistry.add(BuiltinPluginsRegistry.kt:89)
	at org.jetbrains.intellij.dependency.BuiltinPluginsRegistry.fillFromDirectory(BuiltinPluginsRegistry.kt:47)
	at org.jetbrains.intellij.dependency.BuiltinPluginsRegistry.access$fillFromDirectory(BuiltinPluginsRegistry.kt:21)
	at org.jetbrains.intellij.dependency.BuiltinPluginsRegistry$Companion.fromDirectory(BuiltinPluginsRegistry.kt:127)
	at org.jetbrains.intellij.dependency.IdeaDependencyManager.createDependency(IdeaDependencyManager.kt:92)
	at org.jetbrains.intellij.dependency.IdeaDependencyManager.resolveLocal(IdeaDependencyManager.kt:430)
	at org.jetbrains.intellij.IntelliJPlugin$prepareIdeaDependencyProvider$1.call(IntelliJPlugin.kt:299)
	at org.jetbrains.intellij.IntelliJPlugin$prepareIdeaDependencyProvider$1.call(IntelliJPlugin.kt:266)
	at org.gradle.api.internal.provider.DefaultProvider.calculateOwnValue(DefaultProvider.java:72)
	at org.gradle.api.internal.provider.AbstractMinimalProvider.calculateValue(AbstractMinimalProvider.java:115)
	at org.gradle.api.internal.provider.TransformBackedProvider.calculateOwnValue(TransformBackedProvider.java:82)
	at org.gradle.api.internal.provider.AbstractMinimalProvider.calculateValue(AbstractMinimalProvider.java:115)
	at org.gradle.api.internal.provider.AbstractMinimalProvider.withFinalValue(AbstractMinimalProvider.java:168)
	at org.gradle.api.internal.provider.DefaultProperty.finalValue(DefaultProperty.java:133)
	at org.gradle.api.internal.provider.DefaultProperty.finalValue(DefaultProperty.java:26)
	at org.gradle.api.internal.provider.AbstractProperty.finalizeNow(AbstractProperty.java:245)
	at org.gradle.api.internal.provider.AbstractProperty.beforeRead(AbstractProperty.java:239)
	at org.gradle.api.internal.provider.AbstractProperty.calculateOwnValue(AbstractProperty.java:135)
	at org.gradle.api.internal.provider.AbstractMinimalProvider.calculateValue(AbstractMinimalProvider.java:115)
	at org.gradle.api.internal.provider.TransformBackedProvider.calculateOwnValue(TransformBackedProvider.java:82)
	at org.gradle.api.internal.provider.AbstractMinimalProvider.calculateValue(AbstractMinimalProvider.java:115)
	at org.gradle.api.internal.provider.Collectors$ElementsFromCollectionProvider.collectEntries(Collectors.java:220)
	at org.gradle.api.internal.provider.AbstractCollectionProperty$CollectingSupplier.calculateValue(AbstractCollectionProperty.java:344)
	at org.gradle.api.internal.provider.AbstractCollectionProperty.calculateValueFrom(AbstractCollectionProperty.java:189)
	at org.gradle.api.internal.provider.AbstractCollectionProperty.calculateValueFrom(AbstractCollectionProperty.java:37)
	at org.gradle.api.internal.provider.AbstractProperty.doCalculateValue(AbstractProperty.java:142)
	at org.gradle.api.internal.provider.AbstractProperty.calculateOwnValue(AbstractProperty.java:136)
	at org.gradle.api.internal.provider.AbstractMinimalProvider.calculateOwnPresentValue(AbstractMinimalProvider.java:80)
	at org.gradle.api.internal.provider.AbstractMinimalProvider.get(AbstractMinimalProvider.java:100)
	at org.jetbrains.intellij.IntelliJPlugin$configurePrepareSandboxTasks$5$5.transform(IntelliJPlugin.kt:625)
	at org.jetbrains.intellij.IntelliJPlugin$configurePrepareSandboxTasks$5$5.transform(IntelliJPlugin.kt:624)
	at org.gradle.api.internal.provider.ValueSupplier$Present.transform(ValueSupplier.java:541)
	at org.gradle.api.internal.provider.TransformBackedProvider.mapValue(TransformBackedProvider.java:91)
	at org.gradle.api.internal.provider.TransformBackedProvider.calculateOwnValue(TransformBackedProvider.java:83)
	at org.gradle.api.internal.provider.AbstractMinimalProvider.calculateOwnPresentValue(AbstractMinimalProvider.java:80)
	at org.gradle.api.internal.provider.AbstractMinimalProvider.get(AbstractMinimalProvider.java:100)
	at org.gradle.api.internal.provider.ProviderResolutionStrategy$2.resolve(ProviderResolutionStrategy.java:33)
	at org.gradle.api.internal.file.collections.ProviderBackedFileCollection.visitDependencies(ProviderBackedFileCollection.java:57)
	at org.gradle.api.internal.tasks.CachingTaskDependencyResolveContext$TaskGraphImpl.getNodeValues(CachingTaskDependencyResolveContext.java:103)
	at org.gradle.internal.graph.CachingDirectedGraphWalker$GraphWithEmptyEdges.getNodeValues(CachingDirectedGraphWalker.java:213)
	at org.gradle.internal.graph.CachingDirectedGraphWalker.doSearch(CachingDirectedGraphWalker.java:121)
	at org.gradle.internal.graph.CachingDirectedGraphWalker.findValues(CachingDirectedGraphWalker.java:73)
	at org.gradle.api.internal.tasks.CachingTaskDependencyResolveContext.getDependencies(CachingTaskDependencyResolveContext.java:66)
	at org.gradle.execution.plan.TaskDependencyResolver.resolveDependenciesFor(TaskDependencyResolver.java:49)
	at org.gradle.execution.plan.LocalTaskNode.getDependencies(LocalTaskNode.java:148)
	at org.gradle.execution.plan.LocalTaskNode.resolveDependencies(LocalTaskNode.java:122)
	at org.gradle.execution.plan.DefaultExecutionPlan.discoverNodeRelationships(DefaultExecutionPlan.java:183)
	at org.gradle.execution.plan.DefaultExecutionPlan.doAddEntryNodes(DefaultExecutionPlan.java:155)
	at org.gradle.execution.plan.DefaultExecutionPlan.addEntryTasks(DefaultExecutionPlan.java:130)
	at org.gradle.execution.plan.DefaultExecutionPlan.addEntryTasks(DefaultExecutionPlan.java:122)
	at org.gradle.execution.TaskNameResolvingBuildTaskScheduler.scheduleRequestedTasks(TaskNameResolvingBuildTaskScheduler.java:54)
	at org.gradle.execution.DefaultTasksBuildTaskScheduler.scheduleRequestedTasks(DefaultTasksBuildTaskScheduler.java:72)
	at org.gradle.initialization.DefaultTaskExecutionPreparer.lambda$scheduleRequestedTasks$0(DefaultTaskExecutionPreparer.java:46)
	at org.gradle.internal.Factories$1.create(Factories.java:31)
	at org.gradle.internal.work.DefaultWorkerLeaseService.withReplacedLocks(DefaultWorkerLeaseService.java:360)
	at org.gradle.api.internal.project.DefaultProjectStateRegistry$DefaultBuildProjectRegistry.withMutableStateOfAllProjects(DefaultProjectStateRegistry.java:239)
	at org.gradle.api.internal.project.DefaultProjectStateRegistry$DefaultBuildProjectRegistry.withMutableStateOfAllProjects(DefaultProjectStateRegistry.java:232)
	at org.gradle.initialization.DefaultTaskExecutionPreparer.scheduleRequestedTasks(DefaultTaskExecutionPreparer.java:45)
	at org.gradle.initialization.VintageBuildModelController.lambda$scheduleRequestedTasks$0(VintageBuildModelController.java:76)
	at org.gradle.internal.model.StateTransitionController.lambda$inState$1(StateTransitionController.java:99)
	at org.gradle.internal.model.StateTransitionController.lambda$inState$2(StateTransitionController.java:114)
	at org.gradle.internal.work.DefaultSynchronizer.withLock(DefaultSynchronizer.java:44)
	at org.gradle.internal.model.StateTransitionController.inState(StateTransitionController.java:110)
	at org.gradle.internal.model.StateTransitionController.inState(StateTransitionController.java:98)
	at org.gradle.initialization.VintageBuildModelController.scheduleRequestedTasks(VintageBuildModelController.java:76)
	at org.gradle.internal.build.DefaultBuildLifecycleController$DefaultWorkGraphBuilder.addRequestedTasks(DefaultBuildLifecycleController.java:404)
	at org.gradle.internal.buildtree.DefaultBuildTreeWorkPreparer.lambda$scheduleRequestedTasks$0(DefaultBuildTreeWorkPreparer.java:41)
	at org.gradle.internal.build.DefaultBuildLifecycleController.lambda$populateWorkGraph$7(DefaultBuildLifecycleController.java:189)
	at org.gradle.internal.build.DefaultBuildWorkPreparer.populateWorkGraph(DefaultBuildWorkPreparer.java:42)
	at org.gradle.internal.build.BuildOperationFiringBuildWorkPreparer$PopulateWorkGraph.populateTaskGraph(BuildOperationFiringBuildWorkPreparer.java:106)
	at org.gradle.internal.build.BuildOperationFiringBuildWorkPreparer$PopulateWorkGraph.run(BuildOperationFiringBuildWorkPreparer.java:92)
	at org.gradle.internal.operations.DefaultBuildOperationRunner$1.execute(DefaultBuildOperationRunner.java:29)
	at org.gradle.internal.operations.DefaultBuildOperationRunner$1.execute(DefaultBuildOperationRunner.java:26)
	at org.gradle.internal.operations.DefaultBuildOperationRunner$2.execute(DefaultBuildOperationRunner.java:66)
	at org.gradle.internal.operations.DefaultBuildOperationRunner$2.execute(DefaultBuildOperationRunner.java:59)
	at org.gradle.internal.operations.DefaultBuildOperationRunner.execute(DefaultBuildOperationRunner.java:157)
	at org.gradle.internal.operations.DefaultBuildOperationRunner.execute(DefaultBuildOperationRunner.java:59)
	at org.gradle.internal.operations.DefaultBuildOperationRunner.run(DefaultBuildOperationRunner.java:47)
	at org.gradle.internal.operations.DefaultBuildOperationExecutor.run(DefaultBuildOperationExecutor.java:68)
	at org.gradle.internal.build.BuildOperationFiringBuildWorkPreparer.populateWorkGraph(BuildOperationFiringBuildWorkPreparer.java:67)
	at org.gradle.internal.build.DefaultBuildLifecycleController.lambda$populateWorkGraph$8(DefaultBuildLifecycleController.java:189)
	at org.gradle.internal.model.StateTransitionController.lambda$inState$1(StateTransitionController.java:99)
	at org.gradle.internal.model.StateTransitionController.lambda$inState$2(StateTransitionController.java:114)
	at org.gradle.internal.work.DefaultSynchronizer.withLock(DefaultSynchronizer.java:44)
	at org.gradle.internal.model.StateTransitionController.inState(StateTransitionController.java:110)
	at org.gradle.internal.model.StateTransitionController.inState(StateTransitionController.java:98)
	at org.gradle.internal.build.DefaultBuildLifecycleController.populateWorkGraph(DefaultBuildLifecycleController.java:189)
	at org.gradle.internal.build.DefaultBuildWorkGraphController$DefaultBuildWorkGraph.populateWorkGraph(DefaultBuildWorkGraphController.java:169)
	at org.gradle.composite.internal.DefaultBuildController.populateWorkGraph(DefaultBuildController.java:76)
	at org.gradle.composite.internal.DefaultIncludedBuildTaskGraph$DefaultBuildTreeWorkGraphBuilder.withWorkGraph(DefaultIncludedBuildTaskGraph.java:153)
	at org.gradle.internal.buildtree.DefaultBuildTreeWorkPreparer.lambda$scheduleRequestedTasks$1(DefaultBuildTreeWorkPreparer.java:41)
	at org.gradle.composite.internal.DefaultIncludedBuildTaskGraph$DefaultBuildTreeWorkGraph$1.run(DefaultIncludedBuildTaskGraph.java:209)
	at org.gradle.internal.operations.DefaultBuildOperationRunner$1.execute(DefaultBuildOperationRunner.java:29)
	at org.gradle.internal.operations.DefaultBuildOperationRunner$1.execute(DefaultBuildOperationRunner.java:26)
	at org.gradle.internal.operations.DefaultBuildOperationRunner$2.execute(DefaultBuildOperationRunner.java:66)
	at org.gradle.internal.operations.DefaultBuildOperationRunner$2.execute(DefaultBuildOperationRunner.java:59)
	at org.gradle.internal.operations.DefaultBuildOperationRunner.execute(DefaultBuildOperationRunner.java:157)
	at org.gradle.internal.operations.DefaultBuildOperationRunner.execute(DefaultBuildOperationRunner.java:59)
	at org.gradle.internal.operations.DefaultBuildOperationRunner.run(DefaultBuildOperationRunner.java:47)
	at org.gradle.internal.operations.DefaultBuildOperationExecutor.run(DefaultBuildOperationExecutor.java:68)
	at org.gradle.composite.internal.DefaultIncludedBuildTaskGraph$DefaultBuildTreeWorkGraph.scheduleWork(DefaultIncludedBuildTaskGraph.java:204)
	at org.gradle.internal.buildtree.DefaultBuildTreeWorkPreparer.scheduleRequestedTasks(DefaultBuildTreeWorkPreparer.java:37)
	at org.gradle.configurationcache.VintageBuildTreeWorkController$scheduleAndRunRequestedTasks$1.apply(VintageBuildTreeWorkController.kt:36)
	at org.gradle.configurationcache.VintageBuildTreeWorkController$scheduleAndRunRequestedTasks$1.apply(VintageBuildTreeWorkController.kt:35)
	at org.gradle.composite.internal.DefaultIncludedBuildTaskGraph.withNewWorkGraph(DefaultIncludedBuildTaskGraph.java:112)
	at org.gradle.configurationcache.VintageBuildTreeWorkController.scheduleAndRunRequestedTasks(VintageBuildTreeWorkController.kt:35)
	at org.gradle.internal.buildtree.DefaultBuildTreeLifecycleController.lambda$scheduleAndRunTasks$1(DefaultBuildTreeLifecycleController.java:76)
	at org.gradle.internal.buildtree.DefaultBuildTreeLifecycleController.lambda$runBuild$4(DefaultBuildTreeLifecycleController.java:119)
	at org.gradle.internal.model.StateTransitionController.lambda$transition$6(StateTransitionController.java:169)
	at org.gradle.internal.model.StateTransitionController.doTransition(StateTransitionController.java:266)
	at org.gradle.internal.model.StateTransitionController.lambda$transition$7(StateTransitionController.java:169)
	at org.gradle.internal.work.DefaultSynchronizer.withLock(DefaultSynchronizer.java:44)
	at org.gradle.internal.model.StateTransitionController.transition(StateTransitionController.java:169)
	at org.gradle.internal.buildtree.DefaultBuildTreeLifecycleController.runBuild(DefaultBuildTreeLifecycleController.java:116)
	at org.gradle.internal.buildtree.DefaultBuildTreeLifecycleController.scheduleAndRunTasks(DefaultBuildTreeLifecycleController.java:76)
	at org.gradle.internal.buildtree.DefaultBuildTreeLifecycleController.scheduleAndRunTasks(DefaultBuildTreeLifecycleController.java:71)
	at org.gradle.tooling.internal.provider.ExecuteBuildActionRunner.run(ExecuteBuildActionRunner.java:31)
	at org.gradle.launcher.exec.ChainingBuildActionRunner.run(ChainingBuildActionRunner.java:35)
	at org.gradle.internal.buildtree.ProblemReportingBuildActionRunner.run(ProblemReportingBuildActionRunner.java:49)
	at org.gradle.launcher.exec.BuildOutcomeReportingBuildActionRunner.run(BuildOutcomeReportingBuildActionRunner.java:65)
	at org.gradle.tooling.internal.provider.FileSystemWatchingBuildActionRunner.run(FileSystemWatchingBuildActionRunner.java:140)
	at org.gradle.launcher.exec.BuildCompletionNotifyingBuildActionRunner.run(BuildCompletionNotifyingBuildActionRunner.java:41)
	at org.gradle.launcher.exec.RootBuildLifecycleBuildActionExecutor.lambda$execute$0(RootBuildLifecycleBuildActionExecutor.java:40)
	at org.gradle.composite.internal.DefaultRootBuildState.run(DefaultRootBuildState.java:123)
	at org.gradle.launcher.exec.RootBuildLifecycleBuildActionExecutor.execute(RootBuildLifecycleBuildActionExecutor.java:40)
	at org.gradle.internal.buildtree.InitDeprecationLoggingActionExecutor.execute(InitDeprecationLoggingActionExecutor.java:62)
	at org.gradle.internal.buildtree.InitProblems.execute(InitProblems.java:38)
	at org.gradle.internal.buildtree.DefaultBuildTreeContext.execute(DefaultBuildTreeContext.java:40)
	at org.gradle.launcher.exec.BuildTreeLifecycleBuildActionExecutor.lambda$execute$0(BuildTreeLifecycleBuildActionExecutor.java:58)
	at org.gradle.internal.buildtree.BuildTreeState.run(BuildTreeState.java:58)
	at org.gradle.launcher.exec.BuildTreeLifecycleBuildActionExecutor.execute(BuildTreeLifecycleBuildActionExecutor.java:58)
	at org.gradle.launcher.exec.RunAsBuildOperationBuildActionExecutor$3.call(RunAsBuildOperationBuildActionExecutor.java:61)
	at org.gradle.launcher.exec.RunAsBuildOperationBuildActionExecutor$3.call(RunAsBuildOperationBuildActionExecutor.java:57)
	at org.gradle.internal.operations.DefaultBuildOperationRunner$CallableBuildOperationWorker.execute(DefaultBuildOperationRunner.java:204)
	at org.gradle.internal.operations.DefaultBuildOperationRunner$CallableBuildOperationWorker.execute(DefaultBuildOperationRunner.java:199)
	at org.gradle.internal.operations.DefaultBuildOperationRunner$2.execute(DefaultBuildOperationRunner.java:66)
	at org.gradle.internal.operations.DefaultBuildOperationRunner$2.execute(DefaultBuildOperationRunner.java:59)
	at org.gradle.internal.operations.DefaultBuildOperationRunner.execute(DefaultBuildOperationRunner.java:157)
	at org.gradle.internal.operations.DefaultBuildOperationRunner.execute(DefaultBuildOperationRunner.java:59)
	at org.gradle.internal.operations.DefaultBuildOperationRunner.call(DefaultBuildOperationRunner.java:53)
	at org.gradle.internal.operations.DefaultBuildOperationExecutor.call(DefaultBuildOperationExecutor.java:73)
	at org.gradle.launcher.exec.RunAsBuildOperationBuildActionExecutor.execute(RunAsBuildOperationBuildActionExecutor.java:57)
	at org.gradle.launcher.exec.RunAsWorkerThreadBuildActionExecutor.lambda$execute$0(RunAsWorkerThreadBuildActionExecutor.java:36)
	at org.gradle.internal.work.DefaultWorkerLeaseService.withLocks(DefaultWorkerLeaseService.java:264)
	at org.gradle.internal.work.DefaultWorkerLeaseService.runAsWorkerThread(DefaultWorkerLeaseService.java:128)
	at org.gradle.launcher.exec.RunAsWorkerThreadBuildActionExecutor.execute(RunAsWorkerThreadBuildActionExecutor.java:36)
	at org.gradle.tooling.internal.provider.continuous.ContinuousBuildActionExecutor.execute(ContinuousBuildActionExecutor.java:110)
	at org.gradle.tooling.internal.provider.SubscribableBuildActionExecutor.execute(SubscribableBuildActionExecutor.java:64)
	at org.gradle.internal.session.DefaultBuildSessionContext.execute(DefaultBuildSessionContext.java:46)
	at org.gradle.tooling.internal.provider.BuildSessionLifecycleBuildActionExecuter$ActionImpl.apply(BuildSessionLifecycleBuildActionExecuter.java:92)
	at org.gradle.tooling.internal.provider.BuildSessionLifecycleBuildActionExecuter$ActionImpl.apply(BuildSessionLifecycleBuildActionExecuter.java:80)
	at org.gradle.internal.session.BuildSessionState.run(BuildSessionState.java:69)
	at org.gradle.tooling.internal.provider.BuildSessionLifecycleBuildActionExecuter.execute(BuildSessionLifecycleBuildActionExecuter.java:62)
	at org.gradle.tooling.internal.provider.BuildSessionLifecycleBuildActionExecuter.execute(BuildSessionLifecycleBuildActionExecuter.java:41)
	at org.gradle.tooling.internal.provider.StartParamsValidatingActionExecuter.execute(StartParamsValidatingActionExecuter.java:64)
	at org.gradle.tooling.internal.provider.StartParamsValidatingActionExecuter.execute(StartParamsValidatingActionExecuter.java:32)
	at org.gradle.tooling.internal.provider.SessionFailureReportingActionExecuter.execute(SessionFailureReportingActionExecuter.java:51)
	at org.gradle.tooling.internal.provider.SessionFailureReportingActionExecuter.execute(SessionFailureReportingActionExecuter.java:39)
	at org.gradle.tooling.internal.provider.SetupLoggingActionExecuter.execute(SetupLoggingActionExecuter.java:47)
	at org.gradle.tooling.internal.provider.SetupLoggingActionExecuter.execute(SetupLoggingActionExecuter.java:31)
	at org.gradle.launcher.daemon.server.exec.ExecuteBuild.doBuild(ExecuteBuild.java:65)
	at org.gradle.launcher.daemon.server.exec.BuildCommandOnly.execute(BuildCommandOnly.java:37)
	at org.gradle.launcher.daemon.server.api.DaemonCommandExecution.proceed(DaemonCommandExecution.java:104)
	at org.gradle.launcher.daemon.server.exec.WatchForDisconnection.execute(WatchForDisconnection.java:39)
	at org.gradle.launcher.daemon.server.api.DaemonCommandExecution.proceed(DaemonCommandExecution.java:104)
	at org.gradle.launcher.daemon.server.exec.ResetDeprecationLogger.execute(ResetDeprecationLogger.java:29)
	at org.gradle.launcher.daemon.server.api.DaemonCommandExecution.proceed(DaemonCommandExecution.java:104)
	at org.gradle.launcher.daemon.server.exec.RequestStopIfSingleUsedDaemon.execute(RequestStopIfSingleUsedDaemon.java:35)
	at org.gradle.launcher.daemon.server.api.DaemonCommandExecution.proceed(DaemonCommandExecution.java:104)
	at org.gradle.launcher.daemon.server.exec.ForwardClientInput$2.create(ForwardClientInput.java:78)
	at org.gradle.launcher.daemon.server.exec.ForwardClientInput$2.create(ForwardClientInput.java:75)
	at org.gradle.util.internal.Swapper.swap(Swapper.java:38)
	at org.gradle.launcher.daemon.server.exec.ForwardClientInput.execute(ForwardClientInput.java:75)
	at org.gradle.launcher.daemon.server.api.DaemonCommandExecution.proceed(DaemonCommandExecution.java:104)
	at org.gradle.launcher.daemon.server.exec.LogAndCheckHealth.execute(LogAndCheckHealth.java:64)
	at org.gradle.launcher.daemon.server.api.DaemonCommandExecution.proceed(DaemonCommandExecution.java:104)
	at org.gradle.launcher.daemon.server.exec.LogToClient.doBuild(LogToClient.java:63)
	at org.gradle.launcher.daemon.server.exec.BuildCommandOnly.execute(BuildCommandOnly.java:37)
	at org.gradle.launcher.daemon.server.api.DaemonCommandExecution.proceed(DaemonCommandExecution.java:104)
	at org.gradle.launcher.daemon.server.exec.EstablishBuildEnvironment.doBuild(EstablishBuildEnvironment.java:84)
	at org.gradle.launcher.daemon.server.exec.BuildCommandOnly.execute(BuildCommandOnly.java:37)
	at org.gradle.launcher.daemon.server.api.DaemonCommandExecution.proceed(DaemonCommandExecution.java:104)
	at org.gradle.launcher.daemon.server.exec.StartBuildOrRespondWithBusy$1.run(StartBuildOrRespondWithBusy.java:52)
	at org.gradle.launcher.daemon.server.DaemonStateCoordinator$1.run(DaemonStateCoordinator.java:297)
	at org.gradle.internal.concurrent.ExecutorPolicy$CatchAndRecordFailures.onExecute(ExecutorPolicy.java:64)
	at org.gradle.internal.concurrent.AbstractManagedExecutor$1.run(AbstractManagedExecutor.java:47)
	at java.base/java.util.concurrent.ThreadPoolExecutor.runWorker(ThreadPoolExecutor.java:1136)
	at java.base/java.util.concurrent.ThreadPoolExecutor$Worker.run(ThreadPoolExecutor.java:635)
	at java.base/java.lang.Thread.run(Thread.java:840)
[gradle-intellij-plugin :] Cannot create plugin from file '/opt/android-studio/plugins/java-ide-customization': Invalid plugin descriptor 'plugin.xml'. Unable to read the plugin descriptor: No enum constant com.jetbrains.plugin.structure.intellij.plugin.IdePluginContentDescriptor.ServiceType.APPLİCATİON.
Unable to read descriptor [plugin.xml] from [/opt/android-studio/plugins/json/lib/json.jar]
java.lang.IllegalArgumentException: No enum constant com.jetbrains.plugin.structure.intellij.plugin.IdePluginContentDescriptor.ServiceType.APPLİCATİON
	at java.base/java.lang.Enum.valueOf(Enum.java:273)
	at com.jetbrains.plugin.structure.intellij.plugin.IdePluginContentDescriptor$ServiceType.valueOf(IdePluginContents.kt)
	at com.jetbrains.plugin.structure.intellij.plugin.PluginCreator.readServiceDescriptor(PluginCreator.kt:406)
	at com.jetbrains.plugin.structure.intellij.plugin.PluginCreator.readExtensions(PluginCreator.kt:341)
	at com.jetbrains.plugin.structure.intellij.plugin.PluginCreator.setInfoFromBean(PluginCreator.kt:320)
	at com.jetbrains.plugin.structure.intellij.plugin.PluginCreator.resolveDocumentAndValidateBean(PluginCreator.kt:664)
	at com.jetbrains.plugin.structure.intellij.plugin.PluginCreator.access$resolveDocumentAndValidateBean(PluginCreator.kt:31)
	at com.jetbrains.plugin.structure.intellij.plugin.PluginCreator$Companion.createPlugin(PluginCreator.kt:109)
	at com.jetbrains.plugin.structure.intellij.plugin.IdePluginManager.loadPluginInfoFromJarFile(IdePluginManager.kt:62)
	at com.jetbrains.plugin.structure.intellij.plugin.IdePluginManager.loadPluginInfoFromLibDirectory(IdePluginManager.kt:165)
	at com.jetbrains.plugin.structure.intellij.plugin.IdePluginManager.loadPluginInfoFromDirectory(IdePluginManager.kt:97)
	at com.jetbrains.plugin.structure.intellij.plugin.IdePluginManager.loadPluginInfoFromJarOrDirectory(IdePluginManager.kt:206)
	at com.jetbrains.plugin.structure.intellij.plugin.IdePluginManager.getPluginCreatorWithResult(IdePluginManager.kt:347)
	at com.jetbrains.plugin.structure.intellij.plugin.IdePluginManager.createPlugin(IdePluginManager.kt:314)
	at com.jetbrains.plugin.structure.intellij.plugin.IdePluginManager.createPlugin$default(IdePluginManager.kt:312)
	at org.jetbrains.intellij.Utils.createPlugin(utils.kt:222)
	at org.jetbrains.intellij.dependency.BuiltinPluginsRegistry.add(BuiltinPluginsRegistry.kt:89)
	at org.jetbrains.intellij.dependency.BuiltinPluginsRegistry.fillFromDirectory(BuiltinPluginsRegistry.kt:47)
	at org.jetbrains.intellij.dependency.BuiltinPluginsRegistry.access$fillFromDirectory(BuiltinPluginsRegistry.kt:21)
	at org.jetbrains.intellij.dependency.BuiltinPluginsRegistry$Companion.fromDirectory(BuiltinPluginsRegistry.kt:127)
	at org.jetbrains.intellij.dependency.IdeaDependencyManager.createDependency(IdeaDependencyManager.kt:92)
	at org.jetbrains.intellij.dependency.IdeaDependencyManager.resolveLocal(IdeaDependencyManager.kt:430)
	at org.jetbrains.intellij.IntelliJPlugin$prepareIdeaDependencyProvider$1.call(IntelliJPlugin.kt:299)
	at org.jetbrains.intellij.IntelliJPlugin$prepareIdeaDependencyProvider$1.call(IntelliJPlugin.kt:266)
	at org.gradle.api.internal.provider.DefaultProvider.calculateOwnValue(DefaultProvider.java:72)
	at org.gradle.api.internal.provider.AbstractMinimalProvider.calculateValue(AbstractMinimalProvider.java:115)
	at org.gradle.api.internal.provider.TransformBackedProvider.calculateOwnValue(TransformBackedProvider.java:82)
	at org.gradle.api.internal.provider.AbstractMinimalProvider.calculateValue(AbstractMinimalProvider.java:115)
	at org.gradle.api.internal.provider.AbstractMinimalProvider.withFinalValue(AbstractMinimalProvider.java:168)
	at org.gradle.api.internal.provider.DefaultProperty.finalValue(DefaultProperty.java:133)
	at org.gradle.api.internal.provider.DefaultProperty.finalValue(DefaultProperty.java:26)
	at org.gradle.api.internal.provider.AbstractProperty.finalizeNow(AbstractProperty.java:245)
	at org.gradle.api.internal.provider.AbstractProperty.beforeRead(AbstractProperty.java:239)
	at org.gradle.api.internal.provider.AbstractProperty.calculateOwnValue(AbstractProperty.java:135)
	at org.gradle.api.internal.provider.AbstractMinimalProvider.calculateValue(AbstractMinimalProvider.java:115)
	at org.gradle.api.internal.provider.TransformBackedProvider.calculateOwnValue(TransformBackedProvider.java:82)
	at org.gradle.api.internal.provider.AbstractMinimalProvider.calculateValue(AbstractMinimalProvider.java:115)
	at org.gradle.api.internal.provider.Collectors$ElementsFromCollectionProvider.collectEntries(Collectors.java:220)
	at org.gradle.api.internal.provider.AbstractCollectionProperty$CollectingSupplier.calculateValue(AbstractCollectionProperty.java:344)
	at org.gradle.api.internal.provider.AbstractCollectionProperty.calculateValueFrom(AbstractCollectionProperty.java:189)
	at org.gradle.api.internal.provider.AbstractCollectionProperty.calculateValueFrom(AbstractCollectionProperty.java:37)
	at org.gradle.api.internal.provider.AbstractProperty.doCalculateValue(AbstractProperty.java:142)
	at org.gradle.api.internal.provider.AbstractProperty.calculateOwnValue(AbstractProperty.java:136)
	at org.gradle.api.internal.provider.AbstractMinimalProvider.calculateOwnPresentValue(AbstractMinimalProvider.java:80)
	at org.gradle.api.internal.provider.AbstractMinimalProvider.get(AbstractMinimalProvider.java:100)
	at org.jetbrains.intellij.IntelliJPlugin$configurePrepareSandboxTasks$5$5.transform(IntelliJPlugin.kt:625)
	at org.jetbrains.intellij.IntelliJPlugin$configurePrepareSandboxTasks$5$5.transform(IntelliJPlugin.kt:624)
	at org.gradle.api.internal.provider.ValueSupplier$Present.transform(ValueSupplier.java:541)
	at org.gradle.api.internal.provider.TransformBackedProvider.mapValue(TransformBackedProvider.java:91)
	at org.gradle.api.internal.provider.TransformBackedProvider.calculateOwnValue(TransformBackedProvider.java:83)
	at org.gradle.api.internal.provider.AbstractMinimalProvider.calculateOwnPresentValue(AbstractMinimalProvider.java:80)
	at org.gradle.api.internal.provider.AbstractMinimalProvider.get(AbstractMinimalProvider.java:100)
	at org.gradle.api.internal.provider.ProviderResolutionStrategy$2.resolve(ProviderResolutionStrategy.java:33)
	at org.gradle.api.internal.file.collections.ProviderBackedFileCollection.visitDependencies(ProviderBackedFileCollection.java:57)
	at org.gradle.api.internal.tasks.CachingTaskDependencyResolveContext$TaskGraphImpl.getNodeValues(CachingTaskDependencyResolveContext.java:103)
	at org.gradle.internal.graph.CachingDirectedGraphWalker$GraphWithEmptyEdges.getNodeValues(CachingDirectedGraphWalker.java:213)
	at org.gradle.internal.graph.CachingDirectedGraphWalker.doSearch(CachingDirectedGraphWalker.java:121)
	at org.gradle.internal.graph.CachingDirectedGraphWalker.findValues(CachingDirectedGraphWalker.java:73)
	at org.gradle.api.internal.tasks.CachingTaskDependencyResolveContext.getDependencies(CachingTaskDependencyResolveContext.java:66)
	at org.gradle.execution.plan.TaskDependencyResolver.resolveDependenciesFor(TaskDependencyResolver.java:49)
	at org.gradle.execution.plan.LocalTaskNode.getDependencies(LocalTaskNode.java:148)
	at org.gradle.execution.plan.LocalTaskNode.resolveDependencies(LocalTaskNode.java:122)
	at org.gradle.execution.plan.DefaultExecutionPlan.discoverNodeRelationships(DefaultExecutionPlan.java:183)
	at org.gradle.execution.plan.DefaultExecutionPlan.doAddEntryNodes(DefaultExecutionPlan.java:155)
	at org.gradle.execution.plan.DefaultExecutionPlan.addEntryTasks(DefaultExecutionPlan.java:130)
	at org.gradle.execution.plan.DefaultExecutionPlan.addEntryTasks(DefaultExecutionPlan.java:122)
	at org.gradle.execution.TaskNameResolvingBuildTaskScheduler.scheduleRequestedTasks(TaskNameResolvingBuildTaskScheduler.java:54)
	at org.gradle.execution.DefaultTasksBuildTaskScheduler.scheduleRequestedTasks(DefaultTasksBuildTaskScheduler.java:72)
	at org.gradle.initialization.DefaultTaskExecutionPreparer.lambda$scheduleRequestedTasks$0(DefaultTaskExecutionPreparer.java:46)
	at org.gradle.internal.Factories$1.create(Factories.java:31)
	at org.gradle.internal.work.DefaultWorkerLeaseService.withReplacedLocks(DefaultWorkerLeaseService.java:360)
	at org.gradle.api.internal.project.DefaultProjectStateRegistry$DefaultBuildProjectRegistry.withMutableStateOfAllProjects(DefaultProjectStateRegistry.java:239)
	at org.gradle.api.internal.project.DefaultProjectStateRegistry$DefaultBuildProjectRegistry.withMutableStateOfAllProjects(DefaultProjectStateRegistry.java:232)
	at org.gradle.initialization.DefaultTaskExecutionPreparer.scheduleRequestedTasks(DefaultTaskExecutionPreparer.java:45)
	at org.gradle.initialization.VintageBuildModelController.lambda$scheduleRequestedTasks$0(VintageBuildModelController.java:76)
	at org.gradle.internal.model.StateTransitionController.lambda$inState$1(StateTransitionController.java:99)
	at org.gradle.internal.model.StateTransitionController.lambda$inState$2(StateTransitionController.java:114)
	at org.gradle.internal.work.DefaultSynchronizer.withLock(DefaultSynchronizer.java:44)
	at org.gradle.internal.model.StateTransitionController.inState(StateTransitionController.java:110)
	at org.gradle.internal.model.StateTransitionController.inState(StateTransitionController.java:98)
	at org.gradle.initialization.VintageBuildModelController.scheduleRequestedTasks(VintageBuildModelController.java:76)
	at org.gradle.internal.build.DefaultBuildLifecycleController$DefaultWorkGraphBuilder.addRequestedTasks(DefaultBuildLifecycleController.java:404)
	at org.gradle.internal.buildtree.DefaultBuildTreeWorkPreparer.lambda$scheduleRequestedTasks$0(DefaultBuildTreeWorkPreparer.java:41)
	at org.gradle.internal.build.DefaultBuildLifecycleController.lambda$populateWorkGraph$7(DefaultBuildLifecycleController.java:189)
	at org.gradle.internal.build.DefaultBuildWorkPreparer.populateWorkGraph(DefaultBuildWorkPreparer.java:42)
	at org.gradle.internal.build.BuildOperationFiringBuildWorkPreparer$PopulateWorkGraph.populateTaskGraph(BuildOperationFiringBuildWorkPreparer.java:106)
	at org.gradle.internal.build.BuildOperationFiringBuildWorkPreparer$PopulateWorkGraph.run(BuildOperationFiringBuildWorkPreparer.java:92)
	at org.gradle.internal.operations.DefaultBuildOperationRunner$1.execute(DefaultBuildOperationRunner.java:29)
	at org.gradle.internal.operations.DefaultBuildOperationRunner$1.execute(DefaultBuildOperationRunner.java:26)
	at org.gradle.internal.operations.DefaultBuildOperationRunner$2.execute(DefaultBuildOperationRunner.java:66)
	at org.gradle.internal.operations.DefaultBuildOperationRunner$2.execute(DefaultBuildOperationRunner.java:59)
	at org.gradle.internal.operations.DefaultBuildOperationRunner.execute(DefaultBuildOperationRunner.java:157)
	at org.gradle.internal.operations.DefaultBuildOperationRunner.execute(DefaultBuildOperationRunner.java:59)
	at org.gradle.internal.operations.DefaultBuildOperationRunner.run(DefaultBuildOperationRunner.java:47)
	at org.gradle.internal.operations.DefaultBuildOperationExecutor.run(DefaultBuildOperationExecutor.java:68)
	at org.gradle.internal.build.BuildOperationFiringBuildWorkPreparer.populateWorkGraph(BuildOperationFiringBuildWorkPreparer.java:67)
	at org.gradle.internal.build.DefaultBuildLifecycleController.lambda$populateWorkGraph$8(DefaultBuildLifecycleController.java:189)
	at org.gradle.internal.model.StateTransitionController.lambda$inState$1(StateTransitionController.java:99)
	at org.gradle.internal.model.StateTransitionController.lambda$inState$2(StateTransitionController.java:114)
	at org.gradle.internal.work.DefaultSynchronizer.withLock(DefaultSynchronizer.java:44)
	at org.gradle.internal.model.StateTransitionController.inState(StateTransitionController.java:110)
	at org.gradle.internal.model.StateTransitionController.inState(StateTransitionController.java:98)
	at org.gradle.internal.build.DefaultBuildLifecycleController.populateWorkGraph(DefaultBuildLifecycleController.java:189)
	at org.gradle.internal.build.DefaultBuildWorkGraphController$DefaultBuildWorkGraph.populateWorkGraph(DefaultBuildWorkGraphController.java:169)
	at org.gradle.composite.internal.DefaultBuildController.populateWorkGraph(DefaultBuildController.java:76)
	at org.gradle.composite.internal.DefaultIncludedBuildTaskGraph$DefaultBuildTreeWorkGraphBuilder.withWorkGraph(DefaultIncludedBuildTaskGraph.java:153)
	at org.gradle.internal.buildtree.DefaultBuildTreeWorkPreparer.lambda$scheduleRequestedTasks$1(DefaultBuildTreeWorkPreparer.java:41)
	at org.gradle.composite.internal.DefaultIncludedBuildTaskGraph$DefaultBuildTreeWorkGraph$1.run(DefaultIncludedBuildTaskGraph.java:209)
	at org.gradle.internal.operations.DefaultBuildOperationRunner$1.execute(DefaultBuildOperationRunner.java:29)
	at org.gradle.internal.operations.DefaultBuildOperationRunner$1.execute(DefaultBuildOperationRunner.java:26)
	at org.gradle.internal.operations.DefaultBuildOperationRunner$2.execute(DefaultBuildOperationRunner.java:66)
	at org.gradle.internal.operations.DefaultBuildOperationRunner$2.execute(DefaultBuildOperationRunner.java:59)
	at org.gradle.internal.operations.DefaultBuildOperationRunner.execute(DefaultBuildOperationRunner.java:157)
	at org.gradle.internal.operations.DefaultBuildOperationRunner.execute(DefaultBuildOperationRunner.java:59)
	at org.gradle.internal.operations.DefaultBuildOperationRunner.run(DefaultBuildOperationRunner.java:47)
	at org.gradle.internal.operations.DefaultBuildOperationExecutor.run(DefaultBuildOperationExecutor.java:68)
	at org.gradle.composite.internal.DefaultIncludedBuildTaskGraph$DefaultBuildTreeWorkGraph.scheduleWork(DefaultIncludedBuildTaskGraph.java:204)
	at org.gradle.internal.buildtree.DefaultBuildTreeWorkPreparer.scheduleRequestedTasks(DefaultBuildTreeWorkPreparer.java:37)
	at org.gradle.configurationcache.VintageBuildTreeWorkController$scheduleAndRunRequestedTasks$1.apply(VintageBuildTreeWorkController.kt:36)
	at org.gradle.configurationcache.VintageBuildTreeWorkController$scheduleAndRunRequestedTasks$1.apply(VintageBuildTreeWorkController.kt:35)
	at org.gradle.composite.internal.DefaultIncludedBuildTaskGraph.withNewWorkGraph(DefaultIncludedBuildTaskGraph.java:112)
	at org.gradle.configurationcache.VintageBuildTreeWorkController.scheduleAndRunRequestedTasks(VintageBuildTreeWorkController.kt:35)
	at org.gradle.internal.buildtree.DefaultBuildTreeLifecycleController.lambda$scheduleAndRunTasks$1(DefaultBuildTreeLifecycleController.java:76)
	at org.gradle.internal.buildtree.DefaultBuildTreeLifecycleController.lambda$runBuild$4(DefaultBuildTreeLifecycleController.java:119)
	at org.gradle.internal.model.StateTransitionController.lambda$transition$6(StateTransitionController.java:169)
	at org.gradle.internal.model.StateTransitionController.doTransition(StateTransitionController.java:266)
	at org.gradle.internal.model.StateTransitionController.lambda$transition$7(StateTransitionController.java:169)
	at org.gradle.internal.work.DefaultSynchronizer.withLock(DefaultSynchronizer.java:44)
	at org.gradle.internal.model.StateTransitionController.transition(StateTransitionController.java:169)
	at org.gradle.internal.buildtree.DefaultBuildTreeLifecycleController.runBuild(DefaultBuildTreeLifecycleController.java:116)
	at org.gradle.internal.buildtree.DefaultBuildTreeLifecycleController.scheduleAndRunTasks(DefaultBuildTreeLifecycleController.java:76)
	at org.gradle.internal.buildtree.DefaultBuildTreeLifecycleController.scheduleAndRunTasks(DefaultBuildTreeLifecycleController.java:71)
	at org.gradle.tooling.internal.provider.ExecuteBuildActionRunner.run(ExecuteBuildActionRunner.java:31)
	at org.gradle.launcher.exec.ChainingBuildActionRunner.run(ChainingBuildActionRunner.java:35)
	at org.gradle.internal.buildtree.ProblemReportingBuildActionRunner.run(ProblemReportingBuildActionRunner.java:49)
	at org.gradle.launcher.exec.BuildOutcomeReportingBuildActionRunner.run(BuildOutcomeReportingBuildActionRunner.java:65)
	at org.gradle.tooling.internal.provider.FileSystemWatchingBuildActionRunner.run(FileSystemWatchingBuildActionRunner.java:140)
	at org.gradle.launcher.exec.BuildCompletionNotifyingBuildActionRunner.run(BuildCompletionNotifyingBuildActionRunner.java:41)
	at org.gradle.launcher.exec.RootBuildLifecycleBuildActionExecutor.lambda$execute$0(RootBuildLifecycleBuildActionExecutor.java:40)
	at org.gradle.composite.internal.DefaultRootBuildState.run(DefaultRootBuildState.java:123)
	at org.gradle.launcher.exec.RootBuildLifecycleBuildActionExecutor.execute(RootBuildLifecycleBuildActionExecutor.java:40)
	at org.gradle.internal.buildtree.InitDeprecationLoggingActionExecutor.execute(InitDeprecationLoggingActionExecutor.java:62)
	at org.gradle.internal.buildtree.InitProblems.execute(InitProblems.java:38)
	at org.gradle.internal.buildtree.DefaultBuildTreeContext.execute(DefaultBuildTreeContext.java:40)
	at org.gradle.launcher.exec.BuildTreeLifecycleBuildActionExecutor.lambda$execute$0(BuildTreeLifecycleBuildActionExecutor.java:58)
	at org.gradle.internal.buildtree.BuildTreeState.run(BuildTreeState.java:58)
	at org.gradle.launcher.exec.BuildTreeLifecycleBuildActionExecutor.execute(BuildTreeLifecycleBuildActionExecutor.java:58)
	at org.gradle.launcher.exec.RunAsBuildOperationBuildActionExecutor$3.call(RunAsBuildOperationBuildActionExecutor.java:61)
	at org.gradle.launcher.exec.RunAsBuildOperationBuildActionExecutor$3.call(RunAsBuildOperationBuildActionExecutor.java:57)
	at org.gradle.internal.operations.DefaultBuildOperationRunner$CallableBuildOperationWorker.execute(DefaultBuildOperationRunner.java:204)
	at org.gradle.internal.operations.DefaultBuildOperationRunner$CallableBuildOperationWorker.execute(DefaultBuildOperationRunner.java:199)
	at org.gradle.internal.operations.DefaultBuildOperationRunner$2.execute(DefaultBuildOperationRunner.java:66)
	at org.gradle.internal.operations.DefaultBuildOperationRunner$2.execute(DefaultBuildOperationRunner.java:59)
	at org.gradle.internal.operations.DefaultBuildOperationRunner.execute(DefaultBuildOperationRunner.java:157)
	at org.gradle.internal.operations.DefaultBuildOperationRunner.execute(DefaultBuildOperationRunner.java:59)
	at org.gradle.internal.operations.DefaultBuildOperationRunner.call(DefaultBuildOperationRunner.java:53)
	at org.gradle.internal.operations.DefaultBuildOperationExecutor.call(DefaultBuildOperationExecutor.java:73)
	at org.gradle.launcher.exec.RunAsBuildOperationBuildActionExecutor.execute(RunAsBuildOperationBuildActionExecutor.java:57)
	at org.gradle.launcher.exec.RunAsWorkerThreadBuildActionExecutor.lambda$execute$0(RunAsWorkerThreadBuildActionExecutor.java:36)
	at org.gradle.internal.work.DefaultWorkerLeaseService.withLocks(DefaultWorkerLeaseService.java:264)
	at org.gradle.internal.work.DefaultWorkerLeaseService.runAsWorkerThread(DefaultWorkerLeaseService.java:128)
	at org.gradle.launcher.exec.RunAsWorkerThreadBuildActionExecutor.execute(RunAsWorkerThreadBuildActionExecutor.java:36)
	at org.gradle.tooling.internal.provider.continuous.ContinuousBuildActionExecutor.execute(ContinuousBuildActionExecutor.java:110)
	at org.gradle.tooling.internal.provider.SubscribableBuildActionExecutor.execute(SubscribableBuildActionExecutor.java:64)
	at org.gradle.internal.session.DefaultBuildSessionContext.execute(DefaultBuildSessionContext.java:46)
	at org.gradle.tooling.internal.provider.BuildSessionLifecycleBuildActionExecuter$ActionImpl.apply(BuildSessionLifecycleBuildActionExecuter.java:92)
	at org.gradle.tooling.internal.provider.BuildSessionLifecycleBuildActionExecuter$ActionImpl.apply(BuildSessionLifecycleBuildActionExecuter.java:80)
	at org.gradle.internal.session.BuildSessionState.run(BuildSessionState.java:69)
	at org.gradle.tooling.internal.provider.BuildSessionLifecycleBuildActionExecuter.execute(BuildSessionLifecycleBuildActionExecuter.java:62)
	at org.gradle.tooling.internal.provider.BuildSessionLifecycleBuildActionExecuter.execute(BuildSessionLifecycleBuildActionExecuter.java:41)
	at org.gradle.tooling.internal.provider.StartParamsValidatingActionExecuter.execute(StartParamsValidatingActionExecuter.java:64)
	at org.gradle.tooling.internal.provider.StartParamsValidatingActionExecuter.execute(StartParamsValidatingActionExecuter.java:32)
	at org.gradle.tooling.internal.provider.SessionFailureReportingActionExecuter.execute(SessionFailureReportingActionExecuter.java:51)
	at org.gradle.tooling.internal.provider.SessionFailureReportingActionExecuter.execute(SessionFailureReportingActionExecuter.java:39)
	at org.gradle.tooling.internal.provider.SetupLoggingActionExecuter.execute(SetupLoggingActionExecuter.java:47)
	at org.gradle.tooling.internal.provider.SetupLoggingActionExecuter.execute(SetupLoggingActionExecuter.java:31)
	at org.gradle.launcher.daemon.server.exec.ExecuteBuild.doBuild(ExecuteBuild.java:65)
	at org.gradle.launcher.daemon.server.exec.BuildCommandOnly.execute(BuildCommandOnly.java:37)
	at org.gradle.launcher.daemon.server.api.DaemonCommandExecution.proceed(DaemonCommandExecution.java:104)
	at org.gradle.launcher.daemon.server.exec.WatchForDisconnection.execute(WatchForDisconnection.java:39)
	at org.gradle.launcher.daemon.server.api.DaemonCommandExecution.proceed(DaemonCommandExecution.java:104)
	at org.gradle.launcher.daemon.server.exec.ResetDeprecationLogger.execute(ResetDeprecationLogger.java:29)
	at org.gradle.launcher.daemon.server.api.DaemonCommandExecution.proceed(DaemonCommandExecution.java:104)
	at org.gradle.launcher.daemon.server.exec.RequestStopIfSingleUsedDaemon.execute(RequestStopIfSingleUsedDaemon.java:35)
	at org.gradle.launcher.daemon.server.api.DaemonCommandExecution.proceed(DaemonCommandExecution.java:104)
	at org.gradle.launcher.daemon.server.exec.ForwardClientInput$2.create(ForwardClientInput.java:78)
	at org.gradle.launcher.daemon.server.exec.ForwardClientInput$2.create(ForwardClientInput.java:75)
	at org.gradle.util.internal.Swapper.swap(Swapper.java:38)
	at org.gradle.launcher.daemon.server.exec.ForwardClientInput.execute(ForwardClientInput.java:75)
	at org.gradle.launcher.daemon.server.api.DaemonCommandExecution.proceed(DaemonCommandExecution.java:104)
	at org.gradle.launcher.daemon.server.exec.LogAndCheckHealth.execute(LogAndCheckHealth.java:64)
	at org.gradle.launcher.daemon.server.api.DaemonCommandExecution.proceed(DaemonCommandExecution.java:104)
	at org.gradle.launcher.daemon.server.exec.LogToClient.doBuild(LogToClient.java:63)
	at org.gradle.launcher.daemon.server.exec.BuildCommandOnly.execute(BuildCommandOnly.java:37)
	at org.gradle.launcher.daemon.server.api.DaemonCommandExecution.proceed(DaemonCommandExecution.java:104)
	at org.gradle.launcher.daemon.server.exec.EstablishBuildEnvironment.doBuild(EstablishBuildEnvironment.java:84)
	at org.gradle.launcher.daemon.server.exec.BuildCommandOnly.execute(BuildCommandOnly.java:37)
	at org.gradle.launcher.daemon.server.api.DaemonCommandExecution.proceed(DaemonCommandExecution.java:104)
	at org.gradle.launcher.daemon.server.exec.StartBuildOrRespondWithBusy$1.run(StartBuildOrRespondWithBusy.java:52)
	at org.gradle.launcher.daemon.server.DaemonStateCoordinator$1.run(DaemonStateCoordinator.java:297)
	at org.gradle.internal.concurrent.ExecutorPolicy$CatchAndRecordFailures.onExecute(ExecutorPolicy.java:64)
	at org.gradle.internal.concurrent.AbstractManagedExecutor$1.run(AbstractManagedExecutor.java:47)
	at java.base/java.util.concurrent.ThreadPoolExecutor.runWorker(ThreadPoolExecutor.java:1136)
	at java.base/java.util.concurrent.ThreadPoolExecutor$Worker.run(ThreadPoolExecutor.java:635)
	at java.base/java.lang.Thread.run(Thread.java:840)
[gradle-intellij-plugin :] Cannot create plugin from file '/opt/android-studio/plugins/json': Invalid plugin descriptor 'plugin.xml'. Unable to read the plugin descriptor: No enum constant com.jetbrains.plugin.structure.intellij.plugin.IdePluginContentDescriptor.ServiceType.APPLİCATİON.
Unable to read descriptor [plugin.xml] from [/opt/android-studio/plugins/markdown/lib/markdown.jar]
java.lang.IllegalArgumentException: No enum constant com.jetbrains.plugin.structure.intellij.plugin.IdePluginContentDescriptor.ServiceType.APPLİCATİON
	at java.base/java.lang.Enum.valueOf(Enum.java:273)
	at com.jetbrains.plugin.structure.intellij.plugin.IdePluginContentDescriptor$ServiceType.valueOf(IdePluginContents.kt)
	at com.jetbrains.plugin.structure.intellij.plugin.PluginCreator.readServiceDescriptor(PluginCreator.kt:406)
	at com.jetbrains.plugin.structure.intellij.plugin.PluginCreator.readExtensions(PluginCreator.kt:341)
	at com.jetbrains.plugin.structure.intellij.plugin.PluginCreator.setInfoFromBean(PluginCreator.kt:320)
	at com.jetbrains.plugin.structure.intellij.plugin.PluginCreator.resolveDocumentAndValidateBean(PluginCreator.kt:664)
	at com.jetbrains.plugin.structure.intellij.plugin.PluginCreator.access$resolveDocumentAndValidateBean(PluginCreator.kt:31)
	at com.jetbrains.plugin.structure.intellij.plugin.PluginCreator$Companion.createPlugin(PluginCreator.kt:109)
	at com.jetbrains.plugin.structure.intellij.plugin.IdePluginManager.loadPluginInfoFromJarFile(IdePluginManager.kt:62)
	at com.jetbrains.plugin.structure.intellij.plugin.IdePluginManager.loadPluginInfoFromLibDirectory(IdePluginManager.kt:165)
	at com.jetbrains.plugin.structure.intellij.plugin.IdePluginManager.loadPluginInfoFromDirectory(IdePluginManager.kt:97)
	at com.jetbrains.plugin.structure.intellij.plugin.IdePluginManager.loadPluginInfoFromJarOrDirectory(IdePluginManager.kt:206)
	at com.jetbrains.plugin.structure.intellij.plugin.IdePluginManager.getPluginCreatorWithResult(IdePluginManager.kt:347)
	at com.jetbrains.plugin.structure.intellij.plugin.IdePluginManager.createPlugin(IdePluginManager.kt:314)
	at com.jetbrains.plugin.structure.intellij.plugin.IdePluginManager.createPlugin$default(IdePluginManager.kt:312)
	at org.jetbrains.intellij.Utils.createPlugin(utils.kt:222)
	at org.jetbrains.intellij.dependency.BuiltinPluginsRegistry.add(BuiltinPluginsRegistry.kt:89)
	at org.jetbrains.intellij.dependency.BuiltinPluginsRegistry.fillFromDirectory(BuiltinPluginsRegistry.kt:47)
	at org.jetbrains.intellij.dependency.BuiltinPluginsRegistry.access$fillFromDirectory(BuiltinPluginsRegistry.kt:21)
	at org.jetbrains.intellij.dependency.BuiltinPluginsRegistry$Companion.fromDirectory(BuiltinPluginsRegistry.kt:127)
	at org.jetbrains.intellij.dependency.IdeaDependencyManager.createDependency(IdeaDependencyManager.kt:92)
	at org.jetbrains.intellij.dependency.IdeaDependencyManager.resolveLocal(IdeaDependencyManager.kt:430)
	at org.jetbrains.intellij.IntelliJPlugin$prepareIdeaDependencyProvider$1.call(IntelliJPlugin.kt:299)
	at org.jetbrains.intellij.IntelliJPlugin$prepareIdeaDependencyProvider$1.call(IntelliJPlugin.kt:266)
	at org.gradle.api.internal.provider.DefaultProvider.calculateOwnValue(DefaultProvider.java:72)
	at org.gradle.api.internal.provider.AbstractMinimalProvider.calculateValue(AbstractMinimalProvider.java:115)
	at org.gradle.api.internal.provider.TransformBackedProvider.calculateOwnValue(TransformBackedProvider.java:82)
	at org.gradle.api.internal.provider.AbstractMinimalProvider.calculateValue(AbstractMinimalProvider.java:115)
	at org.gradle.api.internal.provider.AbstractMinimalProvider.withFinalValue(AbstractMinimalProvider.java:168)
	at org.gradle.api.internal.provider.DefaultProperty.finalValue(DefaultProperty.java:133)
	at org.gradle.api.internal.provider.DefaultProperty.finalValue(DefaultProperty.java:26)
	at org.gradle.api.internal.provider.AbstractProperty.finalizeNow(AbstractProperty.java:245)
	at org.gradle.api.internal.provider.AbstractProperty.beforeRead(AbstractProperty.java:239)
	at org.gradle.api.internal.provider.AbstractProperty.calculateOwnValue(AbstractProperty.java:135)
	at org.gradle.api.internal.provider.AbstractMinimalProvider.calculateValue(AbstractMinimalProvider.java:115)
	at org.gradle.api.internal.provider.TransformBackedProvider.calculateOwnValue(TransformBackedProvider.java:82)
	at org.gradle.api.internal.provider.AbstractMinimalProvider.calculateValue(AbstractMinimalProvider.java:115)
	at org.gradle.api.internal.provider.Collectors$ElementsFromCollectionProvider.collectEntries(Collectors.java:220)
	at org.gradle.api.internal.provider.AbstractCollectionProperty$CollectingSupplier.calculateValue(AbstractCollectionProperty.java:344)
	at org.gradle.api.internal.provider.AbstractCollectionProperty.calculateValueFrom(AbstractCollectionProperty.java:189)
	at org.gradle.api.internal.provider.AbstractCollectionProperty.calculateValueFrom(AbstractCollectionProperty.java:37)
	at org.gradle.api.internal.provider.AbstractProperty.doCalculateValue(AbstractProperty.java:142)
	at org.gradle.api.internal.provider.AbstractProperty.calculateOwnValue(AbstractProperty.java:136)
	at org.gradle.api.internal.provider.AbstractMinimalProvider.calculateOwnPresentValue(AbstractMinimalProvider.java:80)
	at org.gradle.api.internal.provider.AbstractMinimalProvider.get(AbstractMinimalProvider.java:100)
	at org.jetbrains.intellij.IntelliJPlugin$configurePrepareSandboxTasks$5$5.transform(IntelliJPlugin.kt:625)
	at org.jetbrains.intellij.IntelliJPlugin$configurePrepareSandboxTasks$5$5.transform(IntelliJPlugin.kt:624)
	at org.gradle.api.internal.provider.ValueSupplier$Present.transform(ValueSupplier.java:541)
	at org.gradle.api.internal.provider.TransformBackedProvider.mapValue(TransformBackedProvider.java:91)
	at org.gradle.api.internal.provider.TransformBackedProvider.calculateOwnValue(TransformBackedProvider.java:83)
	at org.gradle.api.internal.provider.AbstractMinimalProvider.calculateOwnPresentValue(AbstractMinimalProvider.java:80)
	at org.gradle.api.internal.provider.AbstractMinimalProvider.get(AbstractMinimalProvider.java:100)
	at org.gradle.api.internal.provider.ProviderResolutionStrategy$2.resolve(ProviderResolutionStrategy.java:33)
	at org.gradle.api.internal.file.collections.ProviderBackedFileCollection.visitDependencies(ProviderBackedFileCollection.java:57)
	at org.gradle.api.internal.tasks.CachingTaskDependencyResolveContext$TaskGraphImpl.getNodeValues(CachingTaskDependencyResolveContext.java:103)
	at org.gradle.internal.graph.CachingDirectedGraphWalker$GraphWithEmptyEdges.getNodeValues(CachingDirectedGraphWalker.java:213)
	at org.gradle.internal.graph.CachingDirectedGraphWalker.doSearch(CachingDirectedGraphWalker.java:121)
	at org.gradle.internal.graph.CachingDirectedGraphWalker.findValues(CachingDirectedGraphWalker.java:73)
	at org.gradle.api.internal.tasks.CachingTaskDependencyResolveContext.getDependencies(CachingTaskDependencyResolveContext.java:66)
	at org.gradle.execution.plan.TaskDependencyResolver.resolveDependenciesFor(TaskDependencyResolver.java:49)
	at org.gradle.execution.plan.LocalTaskNode.getDependencies(LocalTaskNode.java:148)
	at org.gradle.execution.plan.LocalTaskNode.resolveDependencies(LocalTaskNode.java:122)
	at org.gradle.execution.plan.DefaultExecutionPlan.discoverNodeRelationships(DefaultExecutionPlan.java:183)
	at org.gradle.execution.plan.DefaultExecutionPlan.doAddEntryNodes(DefaultExecutionPlan.java:155)
	at org.gradle.execution.plan.DefaultExecutionPlan.addEntryTasks(DefaultExecutionPlan.java:130)
	at org.gradle.execution.plan.DefaultExecutionPlan.addEntryTasks(DefaultExecutionPlan.java:122)
	at org.gradle.execution.TaskNameResolvingBuildTaskScheduler.scheduleRequestedTasks(TaskNameResolvingBuildTaskScheduler.java:54)
	at org.gradle.execution.DefaultTasksBuildTaskScheduler.scheduleRequestedTasks(DefaultTasksBuildTaskScheduler.java:72)
	at org.gradle.initialization.DefaultTaskExecutionPreparer.lambda$scheduleRequestedTasks$0(DefaultTaskExecutionPreparer.java:46)
	at org.gradle.internal.Factories$1.create(Factories.java:31)
	at org.gradle.internal.work.DefaultWorkerLeaseService.withReplacedLocks(DefaultWorkerLeaseService.java:360)
	at org.gradle.api.internal.project.DefaultProjectStateRegistry$DefaultBuildProjectRegistry.withMutableStateOfAllProjects(DefaultProjectStateRegistry.java:239)
	at org.gradle.api.internal.project.DefaultProjectStateRegistry$DefaultBuildProjectRegistry.withMutableStateOfAllProjects(DefaultProjectStateRegistry.java:232)
	at org.gradle.initialization.DefaultTaskExecutionPreparer.scheduleRequestedTasks(DefaultTaskExecutionPreparer.java:45)
	at org.gradle.initialization.VintageBuildModelController.lambda$scheduleRequestedTasks$0(VintageBuildModelController.java:76)
	at org.gradle.internal.model.StateTransitionController.lambda$inState$1(StateTransitionController.java:99)
	at org.gradle.internal.model.StateTransitionController.lambda$inState$2(StateTransitionController.java:114)
	at org.gradle.internal.work.DefaultSynchronizer.withLock(DefaultSynchronizer.java:44)
	at org.gradle.internal.model.StateTransitionController.inState(StateTransitionController.java:110)
	at org.gradle.internal.model.StateTransitionController.inState(StateTransitionController.java:98)
	at org.gradle.initialization.VintageBuildModelController.scheduleRequestedTasks(VintageBuildModelController.java:76)
	at org.gradle.internal.build.DefaultBuildLifecycleController$DefaultWorkGraphBuilder.addRequestedTasks(DefaultBuildLifecycleController.java:404)
	at org.gradle.internal.buildtree.DefaultBuildTreeWorkPreparer.lambda$scheduleRequestedTasks$0(DefaultBuildTreeWorkPreparer.java:41)
	at org.gradle.internal.build.DefaultBuildLifecycleController.lambda$populateWorkGraph$7(DefaultBuildLifecycleController.java:189)
	at org.gradle.internal.build.DefaultBuildWorkPreparer.populateWorkGraph(DefaultBuildWorkPreparer.java:42)
	at org.gradle.internal.build.BuildOperationFiringBuildWorkPreparer$PopulateWorkGraph.populateTaskGraph(BuildOperationFiringBuildWorkPreparer.java:106)
	at org.gradle.internal.build.BuildOperationFiringBuildWorkPreparer$PopulateWorkGraph.run(BuildOperationFiringBuildWorkPreparer.java:92)
	at org.gradle.internal.operations.DefaultBuildOperationRunner$1.execute(DefaultBuildOperationRunner.java:29)
	at org.gradle.internal.operations.DefaultBuildOperationRunner$1.execute(DefaultBuildOperationRunner.java:26)
	at org.gradle.internal.operations.DefaultBuildOperationRunner$2.execute(DefaultBuildOperationRunner.java:66)
	at org.gradle.internal.operations.DefaultBuildOperationRunner$2.execute(DefaultBuildOperationRunner.java:59)
	at org.gradle.internal.operations.DefaultBuildOperationRunner.execute(DefaultBuildOperationRunner.java:157)
	at org.gradle.internal.operations.DefaultBuildOperationRunner.execute(DefaultBuildOperationRunner.java:59)
	at org.gradle.internal.operations.DefaultBuildOperationRunner.run(DefaultBuildOperationRunner.java:47)
	at org.gradle.internal.operations.DefaultBuildOperationExecutor.run(DefaultBuildOperationExecutor.java:68)
	at org.gradle.internal.build.BuildOperationFiringBuildWorkPreparer.populateWorkGraph(BuildOperationFiringBuildWorkPreparer.java:67)
	at org.gradle.internal.build.DefaultBuildLifecycleController.lambda$populateWorkGraph$8(DefaultBuildLifecycleController.java:189)
	at org.gradle.internal.model.StateTransitionController.lambda$inState$1(StateTransitionController.java:99)
	at org.gradle.internal.model.StateTransitionController.lambda$inState$2(StateTransitionController.java:114)
	at org.gradle.internal.work.DefaultSynchronizer.withLock(DefaultSynchronizer.java:44)
	at org.gradle.internal.model.StateTransitionController.inState(StateTransitionController.java:110)
	at org.gradle.internal.model.StateTransitionController.inState(StateTransitionController.java:98)
	at org.gradle.internal.build.DefaultBuildLifecycleController.populateWorkGraph(DefaultBuildLifecycleController.java:189)
	at org.gradle.internal.build.DefaultBuildWorkGraphController$DefaultBuildWorkGraph.populateWorkGraph(DefaultBuildWorkGraphController.java:169)
	at org.gradle.composite.internal.DefaultBuildController.populateWorkGraph(DefaultBuildController.java:76)
	at org.gradle.composite.internal.DefaultIncludedBuildTaskGraph$DefaultBuildTreeWorkGraphBuilder.withWorkGraph(DefaultIncludedBuildTaskGraph.java:153)
	at org.gradle.internal.buildtree.DefaultBuildTreeWorkPreparer.lambda$scheduleRequestedTasks$1(DefaultBuildTreeWorkPreparer.java:41)
	at org.gradle.composite.internal.DefaultIncludedBuildTaskGraph$DefaultBuildTreeWorkGraph$1.run(DefaultIncludedBuildTaskGraph.java:209)
	at org.gradle.internal.operations.DefaultBuildOperationRunner$1.execute(DefaultBuildOperationRunner.java:29)
	at org.gradle.internal.operations.DefaultBuildOperationRunner$1.execute(DefaultBuildOperationRunner.java:26)
	at org.gradle.internal.operations.DefaultBuildOperationRunner$2.execute(DefaultBuildOperationRunner.java:66)
	at org.gradle.internal.operations.DefaultBuildOperationRunner$2.execute(DefaultBuildOperationRunner.java:59)
	at org.gradle.internal.operations.DefaultBuildOperationRunner.execute(DefaultBuildOperationRunner.java:157)
	at org.gradle.internal.operations.DefaultBuildOperationRunner.execute(DefaultBuildOperationRunner.java:59)
	at org.gradle.internal.operations.DefaultBuildOperationRunner.run(DefaultBuildOperationRunner.java:47)
	at org.gradle.internal.operations.DefaultBuildOperationExecutor.run(DefaultBuildOperationExecutor.java:68)
	at org.gradle.composite.internal.DefaultIncludedBuildTaskGraph$DefaultBuildTreeWorkGraph.scheduleWork(DefaultIncludedBuildTaskGraph.java:204)
	at org.gradle.internal.buildtree.DefaultBuildTreeWorkPreparer.scheduleRequestedTasks(DefaultBuildTreeWorkPreparer.java:37)
	at org.gradle.configurationcache.VintageBuildTreeWorkController$scheduleAndRunRequestedTasks$1.apply(VintageBuildTreeWorkController.kt:36)
	at org.gradle.configurationcache.VintageBuildTreeWorkController$scheduleAndRunRequestedTasks$1.apply(VintageBuildTreeWorkController.kt:35)
	at org.gradle.composite.internal.DefaultIncludedBuildTaskGraph.withNewWorkGraph(DefaultIncludedBuildTaskGraph.java:112)
	at org.gradle.configurationcache.VintageBuildTreeWorkController.scheduleAndRunRequestedTasks(VintageBuildTreeWorkController.kt:35)
	at org.gradle.internal.buildtree.DefaultBuildTreeLifecycleController.lambda$scheduleAndRunTasks$1(DefaultBuildTreeLifecycleController.java:76)
	at org.gradle.internal.buildtree.DefaultBuildTreeLifecycleController.lambda$runBuild$4(DefaultBuildTreeLifecycleController.java:119)
	at org.gradle.internal.model.StateTransitionController.lambda$transition$6(StateTransitionController.java:169)
	at org.gradle.internal.model.StateTransitionController.doTransition(StateTransitionController.java:266)
	at org.gradle.internal.model.StateTransitionController.lambda$transition$7(StateTransitionController.java:169)
	at org.gradle.internal.work.DefaultSynchronizer.withLock(DefaultSynchronizer.java:44)
	at org.gradle.internal.model.StateTransitionController.transition(StateTransitionController.java:169)
	at org.gradle.internal.buildtree.DefaultBuildTreeLifecycleController.runBuild(DefaultBuildTreeLifecycleController.java:116)
	at org.gradle.internal.buildtree.DefaultBuildTreeLifecycleController.scheduleAndRunTasks(DefaultBuildTreeLifecycleController.java:76)
	at org.gradle.internal.buildtree.DefaultBuildTreeLifecycleController.scheduleAndRunTasks(DefaultBuildTreeLifecycleController.java:71)
	at org.gradle.tooling.internal.provider.ExecuteBuildActionRunner.run(ExecuteBuildActionRunner.java:31)
	at org.gradle.launcher.exec.ChainingBuildActionRunner.run(ChainingBuildActionRunner.java:35)
	at org.gradle.internal.buildtree.ProblemReportingBuildActionRunner.run(ProblemReportingBuildActionRunner.java:49)
	at org.gradle.launcher.exec.BuildOutcomeReportingBuildActionRunner.run(BuildOutcomeReportingBuildActionRunner.java:65)
	at org.gradle.tooling.internal.provider.FileSystemWatchingBuildActionRunner.run(FileSystemWatchingBuildActionRunner.java:140)
	at org.gradle.launcher.exec.BuildCompletionNotifyingBuildActionRunner.run(BuildCompletionNotifyingBuildActionRunner.java:41)
	at org.gradle.launcher.exec.RootBuildLifecycleBuildActionExecutor.lambda$execute$0(RootBuildLifecycleBuildActionExecutor.java:40)
	at org.gradle.composite.internal.DefaultRootBuildState.run(DefaultRootBuildState.java:123)
	at org.gradle.launcher.exec.RootBuildLifecycleBuildActionExecutor.execute(RootBuildLifecycleBuildActionExecutor.java:40)
	at org.gradle.internal.buildtree.InitDeprecationLoggingActionExecutor.execute(InitDeprecationLoggingActionExecutor.java:62)
	at org.gradle.internal.buildtree.InitProblems.execute(InitProblems.java:38)
	at org.gradle.internal.buildtree.DefaultBuildTreeContext.execute(DefaultBuildTreeContext.java:40)
	at org.gradle.launcher.exec.BuildTreeLifecycleBuildActionExecutor.lambda$execute$0(BuildTreeLifecycleBuildActionExecutor.java:58)
	at org.gradle.internal.buildtree.BuildTreeState.run(BuildTreeState.java:58)
	at org.gradle.launcher.exec.BuildTreeLifecycleBuildActionExecutor.execute(BuildTreeLifecycleBuildActionExecutor.java:58)
	at org.gradle.launcher.exec.RunAsBuildOperationBuildActionExecutor$3.call(RunAsBuildOperationBuildActionExecutor.java:61)
	at org.gradle.launcher.exec.RunAsBuildOperationBuildActionExecutor$3.call(RunAsBuildOperationBuildActionExecutor.java:57)
	at org.gradle.internal.operations.DefaultBuildOperationRunner$CallableBuildOperationWorker.execute(DefaultBuildOperationRunner.java:204)
	at org.gradle.internal.operations.DefaultBuildOperationRunner$CallableBuildOperationWorker.execute(DefaultBuildOperationRunner.java:199)
	at org.gradle.internal.operations.DefaultBuildOperationRunner$2.execute(DefaultBuildOperationRunner.java:66)
	at org.gradle.internal.operations.DefaultBuildOperationRunner$2.execute(DefaultBuildOperationRunner.java:59)
	at org.gradle.internal.operations.DefaultBuildOperationRunner.execute(DefaultBuildOperationRunner.java:157)
	at org.gradle.internal.operations.DefaultBuildOperationRunner.execute(DefaultBuildOperationRunner.java:59)
	at org.gradle.internal.operations.DefaultBuildOperationRunner.call(DefaultBuildOperationRunner.java:53)
	at org.gradle.internal.operations.DefaultBuildOperationExecutor.call(DefaultBuildOperationExecutor.java:73)
	at org.gradle.launcher.exec.RunAsBuildOperationBuildActionExecutor.execute(RunAsBuildOperationBuildActionExecutor.java:57)
	at org.gradle.launcher.exec.RunAsWorkerThreadBuildActionExecutor.lambda$execute$0(RunAsWorkerThreadBuildActionExecutor.java:36)
	at org.gradle.internal.work.DefaultWorkerLeaseService.withLocks(DefaultWorkerLeaseService.java:264)
	at org.gradle.internal.work.DefaultWorkerLeaseService.runAsWorkerThread(DefaultWorkerLeaseService.java:128)
	at org.gradle.launcher.exec.RunAsWorkerThreadBuildActionExecutor.execute(RunAsWorkerThreadBuildActionExecutor.java:36)
	at org.gradle.tooling.internal.provider.continuous.ContinuousBuildActionExecutor.execute(ContinuousBuildActionExecutor.java:110)
	at org.gradle.tooling.internal.provider.SubscribableBuildActionExecutor.execute(SubscribableBuildActionExecutor.java:64)
	at org.gradle.internal.session.DefaultBuildSessionContext.execute(DefaultBuildSessionContext.java:46)
	at org.gradle.tooling.internal.provider.BuildSessionLifecycleBuildActionExecuter$ActionImpl.apply(BuildSessionLifecycleBuildActionExecuter.java:92)
	at org.gradle.tooling.internal.provider.BuildSessionLifecycleBuildActionExecuter$ActionImpl.apply(BuildSessionLifecycleBuildActionExecuter.java:80)
	at org.gradle.internal.session.BuildSessionState.run(BuildSessionState.java:69)
	at org.gradle.tooling.internal.provider.BuildSessionLifecycleBuildActionExecuter.execute(BuildSessionLifecycleBuildActionExecuter.java:62)
	at org.gradle.tooling.internal.provider.BuildSessionLifecycleBuildActionExecuter.execute(BuildSessionLifecycleBuildActionExecuter.java:41)
	at org.gradle.tooling.internal.provider.StartParamsValidatingActionExecuter.execute(StartParamsValidatingActionExecuter.java:64)
	at org.gradle.tooling.internal.provider.StartParamsValidatingActionExecuter.execute(StartParamsValidatingActionExecuter.java:32)
	at org.gradle.tooling.internal.provider.SessionFailureReportingActionExecuter.execute(SessionFailureReportingActionExecuter.java:51)
	at org.gradle.tooling.internal.provider.SessionFailureReportingActionExecuter.execute(SessionFailureReportingActionExecuter.java:39)
	at org.gradle.tooling.internal.provider.SetupLoggingActionExecuter.execute(SetupLoggingActionExecuter.java:47)
	at org.gradle.tooling.internal.provider.SetupLoggingActionExecuter.execute(SetupLoggingActionExecuter.java:31)
	at org.gradle.launcher.daemon.server.exec.ExecuteBuild.doBuild(ExecuteBuild.java:65)
	at org.gradle.launcher.daemon.server.exec.BuildCommandOnly.execute(BuildCommandOnly.java:37)
	at org.gradle.launcher.daemon.server.api.DaemonCommandExecution.proceed(DaemonCommandExecution.java:104)
	at org.gradle.launcher.daemon.server.exec.WatchForDisconnection.execute(WatchForDisconnection.java:39)
	at org.gradle.launcher.daemon.server.api.DaemonCommandExecution.proceed(DaemonCommandExecution.java:104)
	at org.gradle.launcher.daemon.server.exec.ResetDeprecationLogger.execute(ResetDeprecationLogger.java:29)
	at org.gradle.launcher.daemon.server.api.DaemonCommandExecution.proceed(DaemonCommandExecution.java:104)
	at org.gradle.launcher.daemon.server.exec.RequestStopIfSingleUsedDaemon.execute(RequestStopIfSingleUsedDaemon.java:35)
	at org.gradle.launcher.daemon.server.api.DaemonCommandExecution.proceed(DaemonCommandExecution.java:104)
	at org.gradle.launcher.daemon.server.exec.ForwardClientInput$2.create(ForwardClientInput.java:78)
	at org.gradle.launcher.daemon.server.exec.ForwardClientInput$2.create(ForwardClientInput.java:75)
	at org.gradle.util.internal.Swapper.swap(Swapper.java:38)
	at org.gradle.launcher.daemon.server.exec.ForwardClientInput.execute(ForwardClientInput.java:75)
	at org.gradle.launcher.daemon.server.api.DaemonCommandExecution.proceed(DaemonCommandExecution.java:104)
	at org.gradle.launcher.daemon.server.exec.LogAndCheckHealth.execute(LogAndCheckHealth.java:64)
	at org.gradle.launcher.daemon.server.api.DaemonCommandExecution.proceed(DaemonCommandExecution.java:104)
	at org.gradle.launcher.daemon.server.exec.LogToClient.doBuild(LogToClient.java:63)
	at org.gradle.launcher.daemon.server.exec.BuildCommandOnly.execute(BuildCommandOnly.java:37)
	at org.gradle.launcher.daemon.server.api.DaemonCommandExecution.proceed(DaemonCommandExecution.java:104)
	at org.gradle.launcher.daemon.server.exec.EstablishBuildEnvironment.doBuild(EstablishBuildEnvironment.java:84)
	at org.gradle.launcher.daemon.server.exec.BuildCommandOnly.execute(BuildCommandOnly.java:37)
	at org.gradle.launcher.daemon.server.api.DaemonCommandExecution.proceed(DaemonCommandExecution.java:104)
	at org.gradle.launcher.daemon.server.exec.StartBuildOrRespondWithBusy$1.run(StartBuildOrRespondWithBusy.java:52)
	at org.gradle.launcher.daemon.server.DaemonStateCoordinator$1.run(DaemonStateCoordinator.java:297)
	at org.gradle.internal.concurrent.ExecutorPolicy$CatchAndRecordFailures.onExecute(ExecutorPolicy.java:64)
	at org.gradle.internal.concurrent.AbstractManagedExecutor$1.run(AbstractManagedExecutor.java:47)
	at java.base/java.util.concurrent.ThreadPoolExecutor.runWorker(ThreadPoolExecutor.java:1136)
	at java.base/java.util.concurrent.ThreadPoolExecutor$Worker.run(ThreadPoolExecutor.java:635)
	at java.base/java.lang.Thread.run(Thread.java:840)
[gradle-intellij-plugin :] Cannot create plugin from file '/opt/android-studio/plugins/markdown': Invalid plugin descriptor 'plugin.xml'. Unable to read the plugin descriptor: No enum constant com.jetbrains.plugin.structure.intellij.plugin.IdePluginContentDescriptor.ServiceType.APPLİCATİON.
Unable to read descriptor [plugin.xml] from [/opt/android-studio/plugins/performanceTesting/lib/performanceTesting.jar]
java.lang.IllegalArgumentException: No enum constant com.jetbrains.plugin.structure.intellij.plugin.IdePluginContentDescriptor.ListenerType.APPLİCATİON
	at java.base/java.lang.Enum.valueOf(Enum.java:273)
	at com.jetbrains.plugin.structure.intellij.plugin.IdePluginContentDescriptor$ListenerType.valueOf(IdePluginContents.kt)
	at com.jetbrains.plugin.structure.intellij.plugin.PluginCreator.readListeners(PluginCreator.kt:468)
	at com.jetbrains.plugin.structure.intellij.plugin.PluginCreator.setInfoFromBean(PluginCreator.kt:323)
	at com.jetbrains.plugin.structure.intellij.plugin.PluginCreator.resolveDocumentAndValidateBean(PluginCreator.kt:664)
	at com.jetbrains.plugin.structure.intellij.plugin.PluginCreator.access$resolveDocumentAndValidateBean(PluginCreator.kt:31)
	at com.jetbrains.plugin.structure.intellij.plugin.PluginCreator$Companion.createPlugin(PluginCreator.kt:109)
	at com.jetbrains.plugin.structure.intellij.plugin.IdePluginManager.loadPluginInfoFromJarFile(IdePluginManager.kt:62)
	at com.jetbrains.plugin.structure.intellij.plugin.IdePluginManager.loadPluginInfoFromLibDirectory(IdePluginManager.kt:165)
	at com.jetbrains.plugin.structure.intellij.plugin.IdePluginManager.loadPluginInfoFromDirectory(IdePluginManager.kt:97)
	at com.jetbrains.plugin.structure.intellij.plugin.IdePluginManager.loadPluginInfoFromJarOrDirectory(IdePluginManager.kt:206)
	at com.jetbrains.plugin.structure.intellij.plugin.IdePluginManager.getPluginCreatorWithResult(IdePluginManager.kt:347)
	at com.jetbrains.plugin.structure.intellij.plugin.IdePluginManager.createPlugin(IdePluginManager.kt:314)
	at com.jetbrains.plugin.structure.intellij.plugin.IdePluginManager.createPlugin$default(IdePluginManager.kt:312)
	at org.jetbrains.intellij.Utils.createPlugin(utils.kt:222)
	at org.jetbrains.intellij.dependency.BuiltinPluginsRegistry.add(BuiltinPluginsRegistry.kt:89)
	at org.jetbrains.intellij.dependency.BuiltinPluginsRegistry.fillFromDirectory(BuiltinPluginsRegistry.kt:47)
	at org.jetbrains.intellij.dependency.BuiltinPluginsRegistry.access$fillFromDirectory(BuiltinPluginsRegistry.kt:21)
	at org.jetbrains.intellij.dependency.BuiltinPluginsRegistry$Companion.fromDirectory(BuiltinPluginsRegistry.kt:127)
	at org.jetbrains.intellij.dependency.IdeaDependencyManager.createDependency(IdeaDependencyManager.kt:92)
	at org.jetbrains.intellij.dependency.IdeaDependencyManager.resolveLocal(IdeaDependencyManager.kt:430)
	at org.jetbrains.intellij.IntelliJPlugin$prepareIdeaDependencyProvider$1.call(IntelliJPlugin.kt:299)
	at org.jetbrains.intellij.IntelliJPlugin$prepareIdeaDependencyProvider$1.call(IntelliJPlugin.kt:266)
	at org.gradle.api.internal.provider.DefaultProvider.calculateOwnValue(DefaultProvider.java:72)
	at org.gradle.api.internal.provider.AbstractMinimalProvider.calculateValue(AbstractMinimalProvider.java:115)
	at org.gradle.api.internal.provider.TransformBackedProvider.calculateOwnValue(TransformBackedProvider.java:82)
	at org.gradle.api.internal.provider.AbstractMinimalProvider.calculateValue(AbstractMinimalProvider.java:115)
	at org.gradle.api.internal.provider.AbstractMinimalProvider.withFinalValue(AbstractMinimalProvider.java:168)
	at org.gradle.api.internal.provider.DefaultProperty.finalValue(DefaultProperty.java:133)
	at org.gradle.api.internal.provider.DefaultProperty.finalValue(DefaultProperty.java:26)
	at org.gradle.api.internal.provider.AbstractProperty.finalizeNow(AbstractProperty.java:245)
	at org.gradle.api.internal.provider.AbstractProperty.beforeRead(AbstractProperty.java:239)
	at org.gradle.api.internal.provider.AbstractProperty.calculateOwnValue(AbstractProperty.java:135)
	at org.gradle.api.internal.provider.AbstractMinimalProvider.calculateValue(AbstractMinimalProvider.java:115)
	at org.gradle.api.internal.provider.TransformBackedProvider.calculateOwnValue(TransformBackedProvider.java:82)
	at org.gradle.api.internal.provider.AbstractMinimalProvider.calculateValue(AbstractMinimalProvider.java:115)
	at org.gradle.api.internal.provider.Collectors$ElementsFromCollectionProvider.collectEntries(Collectors.java:220)
	at org.gradle.api.internal.provider.AbstractCollectionProperty$CollectingSupplier.calculateValue(AbstractCollectionProperty.java:344)
	at org.gradle.api.internal.provider.AbstractCollectionProperty.calculateValueFrom(AbstractCollectionProperty.java:189)
	at org.gradle.api.internal.provider.AbstractCollectionProperty.calculateValueFrom(AbstractCollectionProperty.java:37)
	at org.gradle.api.internal.provider.AbstractProperty.doCalculateValue(AbstractProperty.java:142)
	at org.gradle.api.internal.provider.AbstractProperty.calculateOwnValue(AbstractProperty.java:136)
	at org.gradle.api.internal.provider.AbstractMinimalProvider.calculateOwnPresentValue(AbstractMinimalProvider.java:80)
	at org.gradle.api.internal.provider.AbstractMinimalProvider.get(AbstractMinimalProvider.java:100)
	at org.jetbrains.intellij.IntelliJPlugin$configurePrepareSandboxTasks$5$5.transform(IntelliJPlugin.kt:625)
	at org.jetbrains.intellij.IntelliJPlugin$configurePrepareSandboxTasks$5$5.transform(IntelliJPlugin.kt:624)
	at org.gradle.api.internal.provider.ValueSupplier$Present.transform(ValueSupplier.java:541)
	at org.gradle.api.internal.provider.TransformBackedProvider.mapValue(TransformBackedProvider.java:91)
	at org.gradle.api.internal.provider.TransformBackedProvider.calculateOwnValue(TransformBackedProvider.java:83)
	at org.gradle.api.internal.provider.AbstractMinimalProvider.calculateOwnPresentValue(AbstractMinimalProvider.java:80)
	at org.gradle.api.internal.provider.AbstractMinimalProvider.get(AbstractMinimalProvider.java:100)
	at org.gradle.api.internal.provider.ProviderResolutionStrategy$2.resolve(ProviderResolutionStrategy.java:33)
	at org.gradle.api.internal.file.collections.ProviderBackedFileCollection.visitDependencies(ProviderBackedFileCollection.java:57)
	at org.gradle.api.internal.tasks.CachingTaskDependencyResolveContext$TaskGraphImpl.getNodeValues(CachingTaskDependencyResolveContext.java:103)
	at org.gradle.internal.graph.CachingDirectedGraphWalker$GraphWithEmptyEdges.getNodeValues(CachingDirectedGraphWalker.java:213)
	at org.gradle.internal.graph.CachingDirectedGraphWalker.doSearch(CachingDirectedGraphWalker.java:121)
	at org.gradle.internal.graph.CachingDirectedGraphWalker.findValues(CachingDirectedGraphWalker.java:73)
	at org.gradle.api.internal.tasks.CachingTaskDependencyResolveContext.getDependencies(CachingTaskDependencyResolveContext.java:66)
	at org.gradle.execution.plan.TaskDependencyResolver.resolveDependenciesFor(TaskDependencyResolver.java:49)
	at org.gradle.execution.plan.LocalTaskNode.getDependencies(LocalTaskNode.java:148)
	at org.gradle.execution.plan.LocalTaskNode.resolveDependencies(LocalTaskNode.java:122)
	at org.gradle.execution.plan.DefaultExecutionPlan.discoverNodeRelationships(DefaultExecutionPlan.java:183)
	at org.gradle.execution.plan.DefaultExecutionPlan.doAddEntryNodes(DefaultExecutionPlan.java:155)
	at org.gradle.execution.plan.DefaultExecutionPlan.addEntryTasks(DefaultExecutionPlan.java:130)
	at org.gradle.execution.plan.DefaultExecutionPlan.addEntryTasks(DefaultExecutionPlan.java:122)
	at org.gradle.execution.TaskNameResolvingBuildTaskScheduler.scheduleRequestedTasks(TaskNameResolvingBuildTaskScheduler.java:54)
	at org.gradle.execution.DefaultTasksBuildTaskScheduler.scheduleRequestedTasks(DefaultTasksBuildTaskScheduler.java:72)
	at org.gradle.initialization.DefaultTaskExecutionPreparer.lambda$scheduleRequestedTasks$0(DefaultTaskExecutionPreparer.java:46)
	at org.gradle.internal.Factories$1.create(Factories.java:31)
	at org.gradle.internal.work.DefaultWorkerLeaseService.withReplacedLocks(DefaultWorkerLeaseService.java:360)
	at org.gradle.api.internal.project.DefaultProjectStateRegistry$DefaultBuildProjectRegistry.withMutableStateOfAllProjects(DefaultProjectStateRegistry.java:239)
	at org.gradle.api.internal.project.DefaultProjectStateRegistry$DefaultBuildProjectRegistry.withMutableStateOfAllProjects(DefaultProjectStateRegistry.java:232)
	at org.gradle.initialization.DefaultTaskExecutionPreparer.scheduleRequestedTasks(DefaultTaskExecutionPreparer.java:45)
	at org.gradle.initialization.VintageBuildModelController.lambda$scheduleRequestedTasks$0(VintageBuildModelController.java:76)
	at org.gradle.internal.model.StateTransitionController.lambda$inState$1(StateTransitionController.java:99)
	at org.gradle.internal.model.StateTransitionController.lambda$inState$2(StateTransitionController.java:114)
	at org.gradle.internal.work.DefaultSynchronizer.withLock(DefaultSynchronizer.java:44)
	at org.gradle.internal.model.StateTransitionController.inState(StateTransitionController.java:110)
	at org.gradle.internal.model.StateTransitionController.inState(StateTransitionController.java:98)
	at org.gradle.initialization.VintageBuildModelController.scheduleRequestedTasks(VintageBuildModelController.java:76)
	at org.gradle.internal.build.DefaultBuildLifecycleController$DefaultWorkGraphBuilder.addRequestedTasks(DefaultBuildLifecycleController.java:404)
	at org.gradle.internal.buildtree.DefaultBuildTreeWorkPreparer.lambda$scheduleRequestedTasks$0(DefaultBuildTreeWorkPreparer.java:41)
	at org.gradle.internal.build.DefaultBuildLifecycleController.lambda$populateWorkGraph$7(DefaultBuildLifecycleController.java:189)
	at org.gradle.internal.build.DefaultBuildWorkPreparer.populateWorkGraph(DefaultBuildWorkPreparer.java:42)
	at org.gradle.internal.build.BuildOperationFiringBuildWorkPreparer$PopulateWorkGraph.populateTaskGraph(BuildOperationFiringBuildWorkPreparer.java:106)
	at org.gradle.internal.build.BuildOperationFiringBuildWorkPreparer$PopulateWorkGraph.run(BuildOperationFiringBuildWorkPreparer.java:92)
	at org.gradle.internal.operations.DefaultBuildOperationRunner$1.execute(DefaultBuildOperationRunner.java:29)
	at org.gradle.internal.operations.DefaultBuildOperationRunner$1.execute(DefaultBuildOperationRunner.java:26)
	at org.gradle.internal.operations.DefaultBuildOperationRunner$2.execute(DefaultBuildOperationRunner.java:66)
	at org.gradle.internal.operations.DefaultBuildOperationRunner$2.execute(DefaultBuildOperationRunner.java:59)
	at org.gradle.internal.operations.DefaultBuildOperationRunner.execute(DefaultBuildOperationRunner.java:157)
	at org.gradle.internal.operations.DefaultBuildOperationRunner.execute(DefaultBuildOperationRunner.java:59)
	at org.gradle.internal.operations.DefaultBuildOperationRunner.run(DefaultBuildOperationRunner.java:47)
	at org.gradle.internal.operations.DefaultBuildOperationExecutor.run(DefaultBuildOperationExecutor.java:68)
	at org.gradle.internal.build.BuildOperationFiringBuildWorkPreparer.populateWorkGraph(BuildOperationFiringBuildWorkPreparer.java:67)
	at org.gradle.internal.build.DefaultBuildLifecycleController.lambda$populateWorkGraph$8(DefaultBuildLifecycleController.java:189)
	at org.gradle.internal.model.StateTransitionController.lambda$inState$1(StateTransitionController.java:99)
	at org.gradle.internal.model.StateTransitionController.lambda$inState$2(StateTransitionController.java:114)
	at org.gradle.internal.work.DefaultSynchronizer.withLock(DefaultSynchronizer.java:44)
	at org.gradle.internal.model.StateTransitionController.inState(StateTransitionController.java:110)
	at org.gradle.internal.model.StateTransitionController.inState(StateTransitionController.java:98)
	at org.gradle.internal.build.DefaultBuildLifecycleController.populateWorkGraph(DefaultBuildLifecycleController.java:189)
	at org.gradle.internal.build.DefaultBuildWorkGraphController$DefaultBuildWorkGraph.populateWorkGraph(DefaultBuildWorkGraphController.java:169)
	at org.gradle.composite.internal.DefaultBuildController.populateWorkGraph(DefaultBuildController.java:76)
	at org.gradle.composite.internal.DefaultIncludedBuildTaskGraph$DefaultBuildTreeWorkGraphBuilder.withWorkGraph(DefaultIncludedBuildTaskGraph.java:153)
	at org.gradle.internal.buildtree.DefaultBuildTreeWorkPreparer.lambda$scheduleRequestedTasks$1(DefaultBuildTreeWorkPreparer.java:41)
	at org.gradle.composite.internal.DefaultIncludedBuildTaskGraph$DefaultBuildTreeWorkGraph$1.run(DefaultIncludedBuildTaskGraph.java:209)
	at org.gradle.internal.operations.DefaultBuildOperationRunner$1.execute(DefaultBuildOperationRunner.java:29)
	at org.gradle.internal.operations.DefaultBuildOperationRunner$1.execute(DefaultBuildOperationRunner.java:26)
	at org.gradle.internal.operations.DefaultBuildOperationRunner$2.execute(DefaultBuildOperationRunner.java:66)
	at org.gradle.internal.operations.DefaultBuildOperationRunner$2.execute(DefaultBuildOperationRunner.java:59)
	at org.gradle.internal.operations.DefaultBuildOperationRunner.execute(DefaultBuildOperationRunner.java:157)
	at org.gradle.internal.operations.DefaultBuildOperationRunner.execute(DefaultBuildOperationRunner.java:59)
	at org.gradle.internal.operations.DefaultBuildOperationRunner.run(DefaultBuildOperationRunner.java:47)
	at org.gradle.internal.operations.DefaultBuildOperationExecutor.run(DefaultBuildOperationExecutor.java:68)
	at org.gradle.composite.internal.DefaultIncludedBuildTaskGraph$DefaultBuildTreeWorkGraph.scheduleWork(DefaultIncludedBuildTaskGraph.java:204)
	at org.gradle.internal.buildtree.DefaultBuildTreeWorkPreparer.scheduleRequestedTasks(DefaultBuildTreeWorkPreparer.java:37)
	at org.gradle.configurationcache.VintageBuildTreeWorkController$scheduleAndRunRequestedTasks$1.apply(VintageBuildTreeWorkController.kt:36)
	at org.gradle.configurationcache.VintageBuildTreeWorkController$scheduleAndRunRequestedTasks$1.apply(VintageBuildTreeWorkController.kt:35)
	at org.gradle.composite.internal.DefaultIncludedBuildTaskGraph.withNewWorkGraph(DefaultIncludedBuildTaskGraph.java:112)
	at org.gradle.configurationcache.VintageBuildTreeWorkController.scheduleAndRunRequestedTasks(VintageBuildTreeWorkController.kt:35)
	at org.gradle.internal.buildtree.DefaultBuildTreeLifecycleController.lambda$scheduleAndRunTasks$1(DefaultBuildTreeLifecycleController.java:76)
	at org.gradle.internal.buildtree.DefaultBuildTreeLifecycleController.lambda$runBuild$4(DefaultBuildTreeLifecycleController.java:119)
	at org.gradle.internal.model.StateTransitionController.lambda$transition$6(StateTransitionController.java:169)
	at org.gradle.internal.model.StateTransitionController.doTransition(StateTransitionController.java:266)
	at org.gradle.internal.model.StateTransitionController.lambda$transition$7(StateTransitionController.java:169)
	at org.gradle.internal.work.DefaultSynchronizer.withLock(DefaultSynchronizer.java:44)
	at org.gradle.internal.model.StateTransitionController.transition(StateTransitionController.java:169)
	at org.gradle.internal.buildtree.DefaultBuildTreeLifecycleController.runBuild(DefaultBuildTreeLifecycleController.java:116)
	at org.gradle.internal.buildtree.DefaultBuildTreeLifecycleController.scheduleAndRunTasks(DefaultBuildTreeLifecycleController.java:76)
	at org.gradle.internal.buildtree.DefaultBuildTreeLifecycleController.scheduleAndRunTasks(DefaultBuildTreeLifecycleController.java:71)
	at org.gradle.tooling.internal.provider.ExecuteBuildActionRunner.run(ExecuteBuildActionRunner.java:31)
	at org.gradle.launcher.exec.ChainingBuildActionRunner.run(ChainingBuildActionRunner.java:35)
	at org.gradle.internal.buildtree.ProblemReportingBuildActionRunner.run(ProblemReportingBuildActionRunner.java:49)
	at org.gradle.launcher.exec.BuildOutcomeReportingBuildActionRunner.run(BuildOutcomeReportingBuildActionRunner.java:65)
	at org.gradle.tooling.internal.provider.FileSystemWatchingBuildActionRunner.run(FileSystemWatchingBuildActionRunner.java:140)
	at org.gradle.launcher.exec.BuildCompletionNotifyingBuildActionRunner.run(BuildCompletionNotifyingBuildActionRunner.java:41)
	at org.gradle.launcher.exec.RootBuildLifecycleBuildActionExecutor.lambda$execute$0(RootBuildLifecycleBuildActionExecutor.java:40)
	at org.gradle.composite.internal.DefaultRootBuildState.run(DefaultRootBuildState.java:123)
	at org.gradle.launcher.exec.RootBuildLifecycleBuildActionExecutor.execute(RootBuildLifecycleBuildActionExecutor.java:40)
	at org.gradle.internal.buildtree.InitDeprecationLoggingActionExecutor.execute(InitDeprecationLoggingActionExecutor.java:62)
	at org.gradle.internal.buildtree.InitProblems.execute(InitProblems.java:38)
	at org.gradle.internal.buildtree.DefaultBuildTreeContext.execute(DefaultBuildTreeContext.java:40)
	at org.gradle.launcher.exec.BuildTreeLifecycleBuildActionExecutor.lambda$execute$0(BuildTreeLifecycleBuildActionExecutor.java:58)
	at org.gradle.internal.buildtree.BuildTreeState.run(BuildTreeState.java:58)
	at org.gradle.launcher.exec.BuildTreeLifecycleBuildActionExecutor.execute(BuildTreeLifecycleBuildActionExecutor.java:58)
	at org.gradle.launcher.exec.RunAsBuildOperationBuildActionExecutor$3.call(RunAsBuildOperationBuildActionExecutor.java:61)
	at org.gradle.launcher.exec.RunAsBuildOperationBuildActionExecutor$3.call(RunAsBuildOperationBuildActionExecutor.java:57)
	at org.gradle.internal.operations.DefaultBuildOperationRunner$CallableBuildOperationWorker.execute(DefaultBuildOperationRunner.java:204)
	at org.gradle.internal.operations.DefaultBuildOperationRunner$CallableBuildOperationWorker.execute(DefaultBuildOperationRunner.java:199)
	at org.gradle.internal.operations.DefaultBuildOperationRunner$2.execute(DefaultBuildOperationRunner.java:66)
	at org.gradle.internal.operations.DefaultBuildOperationRunner$2.execute(DefaultBuildOperationRunner.java:59)
	at org.gradle.internal.operations.DefaultBuildOperationRunner.execute(DefaultBuildOperationRunner.java:157)
	at org.gradle.internal.operations.DefaultBuildOperationRunner.execute(DefaultBuildOperationRunner.java:59)
	at org.gradle.internal.operations.DefaultBuildOperationRunner.call(DefaultBuildOperationRunner.java:53)
	at org.gradle.internal.operations.DefaultBuildOperationExecutor.call(DefaultBuildOperationExecutor.java:73)
	at org.gradle.launcher.exec.RunAsBuildOperationBuildActionExecutor.execute(RunAsBuildOperationBuildActionExecutor.java:57)
	at org.gradle.launcher.exec.RunAsWorkerThreadBuildActionExecutor.lambda$execute$0(RunAsWorkerThreadBuildActionExecutor.java:36)
	at org.gradle.internal.work.DefaultWorkerLeaseService.withLocks(DefaultWorkerLeaseService.java:264)
	at org.gradle.internal.work.DefaultWorkerLeaseService.runAsWorkerThread(DefaultWorkerLeaseService.java:128)
	at org.gradle.launcher.exec.RunAsWorkerThreadBuildActionExecutor.execute(RunAsWorkerThreadBuildActionExecutor.java:36)
	at org.gradle.tooling.internal.provider.continuous.ContinuousBuildActionExecutor.execute(ContinuousBuildActionExecutor.java:110)
	at org.gradle.tooling.internal.provider.SubscribableBuildActionExecutor.execute(SubscribableBuildActionExecutor.java:64)
	at org.gradle.internal.session.DefaultBuildSessionContext.execute(DefaultBuildSessionContext.java:46)
	at org.gradle.tooling.internal.provider.BuildSessionLifecycleBuildActionExecuter$ActionImpl.apply(BuildSessionLifecycleBuildActionExecuter.java:92)
	at org.gradle.tooling.internal.provider.BuildSessionLifecycleBuildActionExecuter$ActionImpl.apply(BuildSessionLifecycleBuildActionExecuter.java:80)
	at org.gradle.internal.session.BuildSessionState.run(BuildSessionState.java:69)
	at org.gradle.tooling.internal.provider.BuildSessionLifecycleBuildActionExecuter.execute(BuildSessionLifecycleBuildActionExecuter.java:62)
	at org.gradle.tooling.internal.provider.BuildSessionLifecycleBuildActionExecuter.execute(BuildSessionLifecycleBuildActionExecuter.java:41)
	at org.gradle.tooling.internal.provider.StartParamsValidatingActionExecuter.execute(StartParamsValidatingActionExecuter.java:64)
	at org.gradle.tooling.internal.provider.StartParamsValidatingActionExecuter.execute(StartParamsValidatingActionExecuter.java:32)
	at org.gradle.tooling.internal.provider.SessionFailureReportingActionExecuter.execute(SessionFailureReportingActionExecuter.java:51)
	at org.gradle.tooling.internal.provider.SessionFailureReportingActionExecuter.execute(SessionFailureReportingActionExecuter.java:39)
	at org.gradle.tooling.internal.provider.SetupLoggingActionExecuter.execute(SetupLoggingActionExecuter.java:47)
	at org.gradle.tooling.internal.provider.SetupLoggingActionExecuter.execute(SetupLoggingActionExecuter.java:31)
	at org.gradle.launcher.daemon.server.exec.ExecuteBuild.doBuild(ExecuteBuild.java:65)
	at org.gradle.launcher.daemon.server.exec.BuildCommandOnly.execute(BuildCommandOnly.java:37)
	at org.gradle.launcher.daemon.server.api.DaemonCommandExecution.proceed(DaemonCommandExecution.java:104)
	at org.gradle.launcher.daemon.server.exec.WatchForDisconnection.execute(WatchForDisconnection.java:39)
	at org.gradle.launcher.daemon.server.api.DaemonCommandExecution.proceed(DaemonCommandExecution.java:104)
	at org.gradle.launcher.daemon.server.exec.ResetDeprecationLogger.execute(ResetDeprecationLogger.java:29)
	at org.gradle.launcher.daemon.server.api.DaemonCommandExecution.proceed(DaemonCommandExecution.java:104)
	at org.gradle.launcher.daemon.server.exec.RequestStopIfSingleUsedDaemon.execute(RequestStopIfSingleUsedDaemon.java:35)
	at org.gradle.launcher.daemon.server.api.DaemonCommandExecution.proceed(DaemonCommandExecution.java:104)
	at org.gradle.launcher.daemon.server.exec.ForwardClientInput$2.create(ForwardClientInput.java:78)
	at org.gradle.launcher.daemon.server.exec.ForwardClientInput$2.create(ForwardClientInput.java:75)
	at org.gradle.util.internal.Swapper.swap(Swapper.java:38)
	at org.gradle.launcher.daemon.server.exec.ForwardClientInput.execute(ForwardClientInput.java:75)
	at org.gradle.launcher.daemon.server.api.DaemonCommandExecution.proceed(DaemonCommandExecution.java:104)
	at org.gradle.launcher.daemon.server.exec.LogAndCheckHealth.execute(LogAndCheckHealth.java:64)
	at org.gradle.launcher.daemon.server.api.DaemonCommandExecution.proceed(DaemonCommandExecution.java:104)
	at org.gradle.launcher.daemon.server.exec.LogToClient.doBuild(LogToClient.java:63)
	at org.gradle.launcher.daemon.server.exec.BuildCommandOnly.execute(BuildCommandOnly.java:37)
	at org.gradle.launcher.daemon.server.api.DaemonCommandExecution.proceed(DaemonCommandExecution.java:104)
	at org.gradle.launcher.daemon.server.exec.EstablishBuildEnvironment.doBuild(EstablishBuildEnvironment.java:84)
	at org.gradle.launcher.daemon.server.exec.BuildCommandOnly.execute(BuildCommandOnly.java:37)
	at org.gradle.launcher.daemon.server.api.DaemonCommandExecution.proceed(DaemonCommandExecution.java:104)
	at org.gradle.launcher.daemon.server.exec.StartBuildOrRespondWithBusy$1.run(StartBuildOrRespondWithBusy.java:52)
	at org.gradle.launcher.daemon.server.DaemonStateCoordinator$1.run(DaemonStateCoordinator.java:297)
	at org.gradle.internal.concurrent.ExecutorPolicy$CatchAndRecordFailures.onExecute(ExecutorPolicy.java:64)
	at org.gradle.internal.concurrent.AbstractManagedExecutor$1.run(AbstractManagedExecutor.java:47)
	at java.base/java.util.concurrent.ThreadPoolExecutor.runWorker(ThreadPoolExecutor.java:1136)
	at java.base/java.util.concurrent.ThreadPoolExecutor$Worker.run(ThreadPoolExecutor.java:635)
	at java.base/java.lang.Thread.run(Thread.java:840)
[gradle-intellij-plugin :] Cannot create plugin from file '/opt/android-studio/plugins/performanceTesting': Invalid plugin descriptor 'plugin.xml'. Unable to read the plugin descriptor: No enum constant com.jetbrains.plugin.structure.intellij.plugin.IdePluginContentDescriptor.ListenerType.APPLİCATİON.
Unable to read descriptor [plugin.xml] from [/opt/android-studio/plugins/platform-images/lib/platform-images.jar]
java.lang.IllegalArgumentException: No enum constant com.jetbrains.plugin.structure.intellij.plugin.IdePluginContentDescriptor.ServiceType.APPLİCATİON
	at java.base/java.lang.Enum.valueOf(Enum.java:273)
	at com.jetbrains.plugin.structure.intellij.plugin.IdePluginContentDescriptor$ServiceType.valueOf(IdePluginContents.kt)
	at com.jetbrains.plugin.structure.intellij.plugin.PluginCreator.readServiceDescriptor(PluginCreator.kt:406)
	at com.jetbrains.plugin.structure.intellij.plugin.PluginCreator.readExtensions(PluginCreator.kt:341)
	at com.jetbrains.plugin.structure.intellij.plugin.PluginCreator.setInfoFromBean(PluginCreator.kt:320)
	at com.jetbrains.plugin.structure.intellij.plugin.PluginCreator.resolveDocumentAndValidateBean(PluginCreator.kt:664)
	at com.jetbrains.plugin.structure.intellij.plugin.PluginCreator.access$resolveDocumentAndValidateBean(PluginCreator.kt:31)
	at com.jetbrains.plugin.structure.intellij.plugin.PluginCreator$Companion.createPlugin(PluginCreator.kt:109)
	at com.jetbrains.plugin.structure.intellij.plugin.IdePluginManager.loadPluginInfoFromJarFile(IdePluginManager.kt:62)
	at com.jetbrains.plugin.structure.intellij.plugin.IdePluginManager.loadPluginInfoFromLibDirectory(IdePluginManager.kt:165)
	at com.jetbrains.plugin.structure.intellij.plugin.IdePluginManager.loadPluginInfoFromDirectory(IdePluginManager.kt:97)
	at com.jetbrains.plugin.structure.intellij.plugin.IdePluginManager.loadPluginInfoFromJarOrDirectory(IdePluginManager.kt:206)
	at com.jetbrains.plugin.structure.intellij.plugin.IdePluginManager.getPluginCreatorWithResult(IdePluginManager.kt:347)
	at com.jetbrains.plugin.structure.intellij.plugin.IdePluginManager.createPlugin(IdePluginManager.kt:314)
	at com.jetbrains.plugin.structure.intellij.plugin.IdePluginManager.createPlugin$default(IdePluginManager.kt:312)
	at org.jetbrains.intellij.Utils.createPlugin(utils.kt:222)
	at org.jetbrains.intellij.dependency.BuiltinPluginsRegistry.add(BuiltinPluginsRegistry.kt:89)
	at org.jetbrains.intellij.dependency.BuiltinPluginsRegistry.fillFromDirectory(BuiltinPluginsRegistry.kt:47)
	at org.jetbrains.intellij.dependency.BuiltinPluginsRegistry.access$fillFromDirectory(BuiltinPluginsRegistry.kt:21)
	at org.jetbrains.intellij.dependency.BuiltinPluginsRegistry$Companion.fromDirectory(BuiltinPluginsRegistry.kt:127)
	at org.jetbrains.intellij.dependency.IdeaDependencyManager.createDependency(IdeaDependencyManager.kt:92)
	at org.jetbrains.intellij.dependency.IdeaDependencyManager.resolveLocal(IdeaDependencyManager.kt:430)
	at org.jetbrains.intellij.IntelliJPlugin$prepareIdeaDependencyProvider$1.call(IntelliJPlugin.kt:299)
	at org.jetbrains.intellij.IntelliJPlugin$prepareIdeaDependencyProvider$1.call(IntelliJPlugin.kt:266)
	at org.gradle.api.internal.provider.DefaultProvider.calculateOwnValue(DefaultProvider.java:72)
	at org.gradle.api.internal.provider.AbstractMinimalProvider.calculateValue(AbstractMinimalProvider.java:115)
	at org.gradle.api.internal.provider.TransformBackedProvider.calculateOwnValue(TransformBackedProvider.java:82)
	at org.gradle.api.internal.provider.AbstractMinimalProvider.calculateValue(AbstractMinimalProvider.java:115)
	at org.gradle.api.internal.provider.AbstractMinimalProvider.withFinalValue(AbstractMinimalProvider.java:168)
	at org.gradle.api.internal.provider.DefaultProperty.finalValue(DefaultProperty.java:133)
	at org.gradle.api.internal.provider.DefaultProperty.finalValue(DefaultProperty.java:26)
	at org.gradle.api.internal.provider.AbstractProperty.finalizeNow(AbstractProperty.java:245)
	at org.gradle.api.internal.provider.AbstractProperty.beforeRead(AbstractProperty.java:239)
	at org.gradle.api.internal.provider.AbstractProperty.calculateOwnValue(AbstractProperty.java:135)
	at org.gradle.api.internal.provider.AbstractMinimalProvider.calculateValue(AbstractMinimalProvider.java:115)
	at org.gradle.api.internal.provider.TransformBackedProvider.calculateOwnValue(TransformBackedProvider.java:82)
	at org.gradle.api.internal.provider.AbstractMinimalProvider.calculateValue(AbstractMinimalProvider.java:115)
	at org.gradle.api.internal.provider.Collectors$ElementsFromCollectionProvider.collectEntries(Collectors.java:220)
	at org.gradle.api.internal.provider.AbstractCollectionProperty$CollectingSupplier.calculateValue(AbstractCollectionProperty.java:344)
	at org.gradle.api.internal.provider.AbstractCollectionProperty.calculateValueFrom(AbstractCollectionProperty.java:189)
	at org.gradle.api.internal.provider.AbstractCollectionProperty.calculateValueFrom(AbstractCollectionProperty.java:37)
	at org.gradle.api.internal.provider.AbstractProperty.doCalculateValue(AbstractProperty.java:142)
	at org.gradle.api.internal.provider.AbstractProperty.calculateOwnValue(AbstractProperty.java:136)
	at org.gradle.api.internal.provider.AbstractMinimalProvider.calculateOwnPresentValue(AbstractMinimalProvider.java:80)
	at org.gradle.api.internal.provider.AbstractMinimalProvider.get(AbstractMinimalProvider.java:100)
	at org.jetbrains.intellij.IntelliJPlugin$configurePrepareSandboxTasks$5$5.transform(IntelliJPlugin.kt:625)
	at org.jetbrains.intellij.IntelliJPlugin$configurePrepareSandboxTasks$5$5.transform(IntelliJPlugin.kt:624)
	at org.gradle.api.internal.provider.ValueSupplier$Present.transform(ValueSupplier.java:541)
	at org.gradle.api.internal.provider.TransformBackedProvider.mapValue(TransformBackedProvider.java:91)
	at org.gradle.api.internal.provider.TransformBackedProvider.calculateOwnValue(TransformBackedProvider.java:83)
	at org.gradle.api.internal.provider.AbstractMinimalProvider.calculateOwnPresentValue(AbstractMinimalProvider.java:80)
	at org.gradle.api.internal.provider.AbstractMinimalProvider.get(AbstractMinimalProvider.java:100)
	at org.gradle.api.internal.provider.ProviderResolutionStrategy$2.resolve(ProviderResolutionStrategy.java:33)
	at org.gradle.api.internal.file.collections.ProviderBackedFileCollection.visitDependencies(ProviderBackedFileCollection.java:57)
	at org.gradle.api.internal.tasks.CachingTaskDependencyResolveContext$TaskGraphImpl.getNodeValues(CachingTaskDependencyResolveContext.java:103)
	at org.gradle.internal.graph.CachingDirectedGraphWalker$GraphWithEmptyEdges.getNodeValues(CachingDirectedGraphWalker.java:213)
	at org.gradle.internal.graph.CachingDirectedGraphWalker.doSearch(CachingDirectedGraphWalker.java:121)
	at org.gradle.internal.graph.CachingDirectedGraphWalker.findValues(CachingDirectedGraphWalker.java:73)
	at org.gradle.api.internal.tasks.CachingTaskDependencyResolveContext.getDependencies(CachingTaskDependencyResolveContext.java:66)
	at org.gradle.execution.plan.TaskDependencyResolver.resolveDependenciesFor(TaskDependencyResolver.java:49)
	at org.gradle.execution.plan.LocalTaskNode.getDependencies(LocalTaskNode.java:148)
	at org.gradle.execution.plan.LocalTaskNode.resolveDependencies(LocalTaskNode.java:122)
	at org.gradle.execution.plan.DefaultExecutionPlan.discoverNodeRelationships(DefaultExecutionPlan.java:183)
	at org.gradle.execution.plan.DefaultExecutionPlan.doAddEntryNodes(DefaultExecutionPlan.java:155)
	at org.gradle.execution.plan.DefaultExecutionPlan.addEntryTasks(DefaultExecutionPlan.java:130)
	at org.gradle.execution.plan.DefaultExecutionPlan.addEntryTasks(DefaultExecutionPlan.java:122)
	at org.gradle.execution.TaskNameResolvingBuildTaskScheduler.scheduleRequestedTasks(TaskNameResolvingBuildTaskScheduler.java:54)
	at org.gradle.execution.DefaultTasksBuildTaskScheduler.scheduleRequestedTasks(DefaultTasksBuildTaskScheduler.java:72)
	at org.gradle.initialization.DefaultTaskExecutionPreparer.lambda$scheduleRequestedTasks$0(DefaultTaskExecutionPreparer.java:46)
	at org.gradle.internal.Factories$1.create(Factories.java:31)
	at org.gradle.internal.work.DefaultWorkerLeaseService.withReplacedLocks(DefaultWorkerLeaseService.java:360)
	at org.gradle.api.internal.project.DefaultProjectStateRegistry$DefaultBuildProjectRegistry.withMutableStateOfAllProjects(DefaultProjectStateRegistry.java:239)
	at org.gradle.api.internal.project.DefaultProjectStateRegistry$DefaultBuildProjectRegistry.withMutableStateOfAllProjects(DefaultProjectStateRegistry.java:232)
	at org.gradle.initialization.DefaultTaskExecutionPreparer.scheduleRequestedTasks(DefaultTaskExecutionPreparer.java:45)
	at org.gradle.initialization.VintageBuildModelController.lambda$scheduleRequestedTasks$0(VintageBuildModelController.java:76)
	at org.gradle.internal.model.StateTransitionController.lambda$inState$1(StateTransitionController.java:99)
	at org.gradle.internal.model.StateTransitionController.lambda$inState$2(StateTransitionController.java:114)
	at org.gradle.internal.work.DefaultSynchronizer.withLock(DefaultSynchronizer.java:44)
	at org.gradle.internal.model.StateTransitionController.inState(StateTransitionController.java:110)
	at org.gradle.internal.model.StateTransitionController.inState(StateTransitionController.java:98)
	at org.gradle.initialization.VintageBuildModelController.scheduleRequestedTasks(VintageBuildModelController.java:76)
	at org.gradle.internal.build.DefaultBuildLifecycleController$DefaultWorkGraphBuilder.addRequestedTasks(DefaultBuildLifecycleController.java:404)
	at org.gradle.internal.buildtree.DefaultBuildTreeWorkPreparer.lambda$scheduleRequestedTasks$0(DefaultBuildTreeWorkPreparer.java:41)
	at org.gradle.internal.build.DefaultBuildLifecycleController.lambda$populateWorkGraph$7(DefaultBuildLifecycleController.java:189)
	at org.gradle.internal.build.DefaultBuildWorkPreparer.populateWorkGraph(DefaultBuildWorkPreparer.java:42)
	at org.gradle.internal.build.BuildOperationFiringBuildWorkPreparer$PopulateWorkGraph.populateTaskGraph(BuildOperationFiringBuildWorkPreparer.java:106)
	at org.gradle.internal.build.BuildOperationFiringBuildWorkPreparer$PopulateWorkGraph.run(BuildOperationFiringBuildWorkPreparer.java:92)
	at org.gradle.internal.operations.DefaultBuildOperationRunner$1.execute(DefaultBuildOperationRunner.java:29)
	at org.gradle.internal.operations.DefaultBuildOperationRunner$1.execute(DefaultBuildOperationRunner.java:26)
	at org.gradle.internal.operations.DefaultBuildOperationRunner$2.execute(DefaultBuildOperationRunner.java:66)
	at org.gradle.internal.operations.DefaultBuildOperationRunner$2.execute(DefaultBuildOperationRunner.java:59)
	at org.gradle.internal.operations.DefaultBuildOperationRunner.execute(DefaultBuildOperationRunner.java:157)
	at org.gradle.internal.operations.DefaultBuildOperationRunner.execute(DefaultBuildOperationRunner.java:59)
	at org.gradle.internal.operations.DefaultBuildOperationRunner.run(DefaultBuildOperationRunner.java:47)
	at org.gradle.internal.operations.DefaultBuildOperationExecutor.run(DefaultBuildOperationExecutor.java:68)
	at org.gradle.internal.build.BuildOperationFiringBuildWorkPreparer.populateWorkGraph(BuildOperationFiringBuildWorkPreparer.java:67)
	at org.gradle.internal.build.DefaultBuildLifecycleController.lambda$populateWorkGraph$8(DefaultBuildLifecycleController.java:189)
	at org.gradle.internal.model.StateTransitionController.lambda$inState$1(StateTransitionController.java:99)
	at org.gradle.internal.model.StateTransitionController.lambda$inState$2(StateTransitionController.java:114)
	at org.gradle.internal.work.DefaultSynchronizer.withLock(DefaultSynchronizer.java:44)
	at org.gradle.internal.model.StateTransitionController.inState(StateTransitionController.java:110)
	at org.gradle.internal.model.StateTransitionController.inState(StateTransitionController.java:98)
	at org.gradle.internal.build.DefaultBuildLifecycleController.populateWorkGraph(DefaultBuildLifecycleController.java:189)
	at org.gradle.internal.build.DefaultBuildWorkGraphController$DefaultBuildWorkGraph.populateWorkGraph(DefaultBuildWorkGraphController.java:169)
	at org.gradle.composite.internal.DefaultBuildController.populateWorkGraph(DefaultBuildController.java:76)
	at org.gradle.composite.internal.DefaultIncludedBuildTaskGraph$DefaultBuildTreeWorkGraphBuilder.withWorkGraph(DefaultIncludedBuildTaskGraph.java:153)
	at org.gradle.internal.buildtree.DefaultBuildTreeWorkPreparer.lambda$scheduleRequestedTasks$1(DefaultBuildTreeWorkPreparer.java:41)
	at org.gradle.composite.internal.DefaultIncludedBuildTaskGraph$DefaultBuildTreeWorkGraph$1.run(DefaultIncludedBuildTaskGraph.java:209)
	at org.gradle.internal.operations.DefaultBuildOperationRunner$1.execute(DefaultBuildOperationRunner.java:29)
	at org.gradle.internal.operations.DefaultBuildOperationRunner$1.execute(DefaultBuildOperationRunner.java:26)
	at org.gradle.internal.operations.DefaultBuildOperationRunner$2.execute(DefaultBuildOperationRunner.java:66)
	at org.gradle.internal.operations.DefaultBuildOperationRunner$2.execute(DefaultBuildOperationRunner.java:59)
	at org.gradle.internal.operations.DefaultBuildOperationRunner.execute(DefaultBuildOperationRunner.java:157)
	at org.gradle.internal.operations.DefaultBuildOperationRunner.execute(DefaultBuildOperationRunner.java:59)
	at org.gradle.internal.operations.DefaultBuildOperationRunner.run(DefaultBuildOperationRunner.java:47)
	at org.gradle.internal.operations.DefaultBuildOperationExecutor.run(DefaultBuildOperationExecutor.java:68)
	at org.gradle.composite.internal.DefaultIncludedBuildTaskGraph$DefaultBuildTreeWorkGraph.scheduleWork(DefaultIncludedBuildTaskGraph.java:204)
	at org.gradle.internal.buildtree.DefaultBuildTreeWorkPreparer.scheduleRequestedTasks(DefaultBuildTreeWorkPreparer.java:37)
	at org.gradle.configurationcache.VintageBuildTreeWorkController$scheduleAndRunRequestedTasks$1.apply(VintageBuildTreeWorkController.kt:36)
	at org.gradle.configurationcache.VintageBuildTreeWorkController$scheduleAndRunRequestedTasks$1.apply(VintageBuildTreeWorkController.kt:35)
	at org.gradle.composite.internal.DefaultIncludedBuildTaskGraph.withNewWorkGraph(DefaultIncludedBuildTaskGraph.java:112)
	at org.gradle.configurationcache.VintageBuildTreeWorkController.scheduleAndRunRequestedTasks(VintageBuildTreeWorkController.kt:35)
	at org.gradle.internal.buildtree.DefaultBuildTreeLifecycleController.lambda$scheduleAndRunTasks$1(DefaultBuildTreeLifecycleController.java:76)
	at org.gradle.internal.buildtree.DefaultBuildTreeLifecycleController.lambda$runBuild$4(DefaultBuildTreeLifecycleController.java:119)
	at org.gradle.internal.model.StateTransitionController.lambda$transition$6(StateTransitionController.java:169)
	at org.gradle.internal.model.StateTransitionController.doTransition(StateTransitionController.java:266)
	at org.gradle.internal.model.StateTransitionController.lambda$transition$7(StateTransitionController.java:169)
	at org.gradle.internal.work.DefaultSynchronizer.withLock(DefaultSynchronizer.java:44)
	at org.gradle.internal.model.StateTransitionController.transition(StateTransitionController.java:169)
	at org.gradle.internal.buildtree.DefaultBuildTreeLifecycleController.runBuild(DefaultBuildTreeLifecycleController.java:116)
	at org.gradle.internal.buildtree.DefaultBuildTreeLifecycleController.scheduleAndRunTasks(DefaultBuildTreeLifecycleController.java:76)
	at org.gradle.internal.buildtree.DefaultBuildTreeLifecycleController.scheduleAndRunTasks(DefaultBuildTreeLifecycleController.java:71)
	at org.gradle.tooling.internal.provider.ExecuteBuildActionRunner.run(ExecuteBuildActionRunner.java:31)
	at org.gradle.launcher.exec.ChainingBuildActionRunner.run(ChainingBuildActionRunner.java:35)
	at org.gradle.internal.buildtree.ProblemReportingBuildActionRunner.run(ProblemReportingBuildActionRunner.java:49)
	at org.gradle.launcher.exec.BuildOutcomeReportingBuildActionRunner.run(BuildOutcomeReportingBuildActionRunner.java:65)
	at org.gradle.tooling.internal.provider.FileSystemWatchingBuildActionRunner.run(FileSystemWatchingBuildActionRunner.java:140)
	at org.gradle.launcher.exec.BuildCompletionNotifyingBuildActionRunner.run(BuildCompletionNotifyingBuildActionRunner.java:41)
	at org.gradle.launcher.exec.RootBuildLifecycleBuildActionExecutor.lambda$execute$0(RootBuildLifecycleBuildActionExecutor.java:40)
	at org.gradle.composite.internal.DefaultRootBuildState.run(DefaultRootBuildState.java:123)
	at org.gradle.launcher.exec.RootBuildLifecycleBuildActionExecutor.execute(RootBuildLifecycleBuildActionExecutor.java:40)
	at org.gradle.internal.buildtree.InitDeprecationLoggingActionExecutor.execute(InitDeprecationLoggingActionExecutor.java:62)
	at org.gradle.internal.buildtree.InitProblems.execute(InitProblems.java:38)
	at org.gradle.internal.buildtree.DefaultBuildTreeContext.execute(DefaultBuildTreeContext.java:40)
	at org.gradle.launcher.exec.BuildTreeLifecycleBuildActionExecutor.lambda$execute$0(BuildTreeLifecycleBuildActionExecutor.java:58)
	at org.gradle.internal.buildtree.BuildTreeState.run(BuildTreeState.java:58)
	at org.gradle.launcher.exec.BuildTreeLifecycleBuildActionExecutor.execute(BuildTreeLifecycleBuildActionExecutor.java:58)
	at org.gradle.launcher.exec.RunAsBuildOperationBuildActionExecutor$3.call(RunAsBuildOperationBuildActionExecutor.java:61)
	at org.gradle.launcher.exec.RunAsBuildOperationBuildActionExecutor$3.call(RunAsBuildOperationBuildActionExecutor.java:57)
	at org.gradle.internal.operations.DefaultBuildOperationRunner$CallableBuildOperationWorker.execute(DefaultBuildOperationRunner.java:204)
	at org.gradle.internal.operations.DefaultBuildOperationRunner$CallableBuildOperationWorker.execute(DefaultBuildOperationRunner.java:199)
	at org.gradle.internal.operations.DefaultBuildOperationRunner$2.execute(DefaultBuildOperationRunner.java:66)
	at org.gradle.internal.operations.DefaultBuildOperationRunner$2.execute(DefaultBuildOperationRunner.java:59)
	at org.gradle.internal.operations.DefaultBuildOperationRunner.execute(DefaultBuildOperationRunner.java:157)
	at org.gradle.internal.operations.DefaultBuildOperationRunner.execute(DefaultBuildOperationRunner.java:59)
	at org.gradle.internal.operations.DefaultBuildOperationRunner.call(DefaultBuildOperationRunner.java:53)
	at org.gradle.internal.operations.DefaultBuildOperationExecutor.call(DefaultBuildOperationExecutor.java:73)
	at org.gradle.launcher.exec.RunAsBuildOperationBuildActionExecutor.execute(RunAsBuildOperationBuildActionExecutor.java:57)
	at org.gradle.launcher.exec.RunAsWorkerThreadBuildActionExecutor.lambda$execute$0(RunAsWorkerThreadBuildActionExecutor.java:36)
	at org.gradle.internal.work.DefaultWorkerLeaseService.withLocks(DefaultWorkerLeaseService.java:264)
	at org.gradle.internal.work.DefaultWorkerLeaseService.runAsWorkerThread(DefaultWorkerLeaseService.java:128)
	at org.gradle.launcher.exec.RunAsWorkerThreadBuildActionExecutor.execute(RunAsWorkerThreadBuildActionExecutor.java:36)
	at org.gradle.tooling.internal.provider.continuous.ContinuousBuildActionExecutor.execute(ContinuousBuildActionExecutor.java:110)
	at org.gradle.tooling.internal.provider.SubscribableBuildActionExecutor.execute(SubscribableBuildActionExecutor.java:64)
	at org.gradle.internal.session.DefaultBuildSessionContext.execute(DefaultBuildSessionContext.java:46)
	at org.gradle.tooling.internal.provider.BuildSessionLifecycleBuildActionExecuter$ActionImpl.apply(BuildSessionLifecycleBuildActionExecuter.java:92)
	at org.gradle.tooling.internal.provider.BuildSessionLifecycleBuildActionExecuter$ActionImpl.apply(BuildSessionLifecycleBuildActionExecuter.java:80)
	at org.gradle.internal.session.BuildSessionState.run(BuildSessionState.java:69)
	at org.gradle.tooling.internal.provider.BuildSessionLifecycleBuildActionExecuter.execute(BuildSessionLifecycleBuildActionExecuter.java:62)
	at org.gradle.tooling.internal.provider.BuildSessionLifecycleBuildActionExecuter.execute(BuildSessionLifecycleBuildActionExecuter.java:41)
	at org.gradle.tooling.internal.provider.StartParamsValidatingActionExecuter.execute(StartParamsValidatingActionExecuter.java:64)
	at org.gradle.tooling.internal.provider.StartParamsValidatingActionExecuter.execute(StartParamsValidatingActionExecuter.java:32)
	at org.gradle.tooling.internal.provider.SessionFailureReportingActionExecuter.execute(SessionFailureReportingActionExecuter.java:51)
	at org.gradle.tooling.internal.provider.SessionFailureReportingActionExecuter.execute(SessionFailureReportingActionExecuter.java:39)
	at org.gradle.tooling.internal.provider.SetupLoggingActionExecuter.execute(SetupLoggingActionExecuter.java:47)
	at org.gradle.tooling.internal.provider.SetupLoggingActionExecuter.execute(SetupLoggingActionExecuter.java:31)
	at org.gradle.launcher.daemon.server.exec.ExecuteBuild.doBuild(ExecuteBuild.java:65)
	at org.gradle.launcher.daemon.server.exec.BuildCommandOnly.execute(BuildCommandOnly.java:37)
	at org.gradle.launcher.daemon.server.api.DaemonCommandExecution.proceed(DaemonCommandExecution.java:104)
	at org.gradle.launcher.daemon.server.exec.WatchForDisconnection.execute(WatchForDisconnection.java:39)
	at org.gradle.launcher.daemon.server.api.DaemonCommandExecution.proceed(DaemonCommandExecution.java:104)
	at org.gradle.launcher.daemon.server.exec.ResetDeprecationLogger.execute(ResetDeprecationLogger.java:29)
	at org.gradle.launcher.daemon.server.api.DaemonCommandExecution.proceed(DaemonCommandExecution.java:104)
	at org.gradle.launcher.daemon.server.exec.RequestStopIfSingleUsedDaemon.execute(RequestStopIfSingleUsedDaemon.java:35)
	at org.gradle.launcher.daemon.server.api.DaemonCommandExecution.proceed(DaemonCommandExecution.java:104)
	at org.gradle.launcher.daemon.server.exec.ForwardClientInput$2.create(ForwardClientInput.java:78)
	at org.gradle.launcher.daemon.server.exec.ForwardClientInput$2.create(ForwardClientInput.java:75)
	at org.gradle.util.internal.Swapper.swap(Swapper.java:38)
	at org.gradle.launcher.daemon.server.exec.ForwardClientInput.execute(ForwardClientInput.java:75)
	at org.gradle.launcher.daemon.server.api.DaemonCommandExecution.proceed(DaemonCommandExecution.java:104)
	at org.gradle.launcher.daemon.server.exec.LogAndCheckHealth.execute(LogAndCheckHealth.java:64)
	at org.gradle.launcher.daemon.server.api.DaemonCommandExecution.proceed(DaemonCommandExecution.java:104)
	at org.gradle.launcher.daemon.server.exec.LogToClient.doBuild(LogToClient.java:63)
	at org.gradle.launcher.daemon.server.exec.BuildCommandOnly.execute(BuildCommandOnly.java:37)
	at org.gradle.launcher.daemon.server.api.DaemonCommandExecution.proceed(DaemonCommandExecution.java:104)
	at org.gradle.launcher.daemon.server.exec.EstablishBuildEnvironment.doBuild(EstablishBuildEnvironment.java:84)
	at org.gradle.launcher.daemon.server.exec.BuildCommandOnly.execute(BuildCommandOnly.java:37)
	at org.gradle.launcher.daemon.server.api.DaemonCommandExecution.proceed(DaemonCommandExecution.java:104)
	at org.gradle.launcher.daemon.server.exec.StartBuildOrRespondWithBusy$1.run(StartBuildOrRespondWithBusy.java:52)
	at org.gradle.launcher.daemon.server.DaemonStateCoordinator$1.run(DaemonStateCoordinator.java:297)
	at org.gradle.internal.concurrent.ExecutorPolicy$CatchAndRecordFailures.onExecute(ExecutorPolicy.java:64)
	at org.gradle.internal.concurrent.AbstractManagedExecutor$1.run(AbstractManagedExecutor.java:47)
	at java.base/java.util.concurrent.ThreadPoolExecutor.runWorker(ThreadPoolExecutor.java:1136)
	at java.base/java.util.concurrent.ThreadPoolExecutor$Worker.run(ThreadPoolExecutor.java:635)
	at java.base/java.lang.Thread.run(Thread.java:840)
[gradle-intellij-plugin :] Cannot create plugin from file '/opt/android-studio/plugins/platform-images': Invalid plugin descriptor 'plugin.xml'. Unable to read the plugin descriptor: No enum constant com.jetbrains.plugin.structure.intellij.plugin.IdePluginContentDescriptor.ServiceType.APPLİCATİON.
Unable to read descriptor [plugin.xml] from [/opt/android-studio/plugins/platform-langInjection/lib/platform-langInjection.jar]
java.lang.IllegalArgumentException: No enum constant com.jetbrains.plugin.structure.intellij.plugin.IdePluginContentDescriptor.ServiceType.APPLİCATİON
	at java.base/java.lang.Enum.valueOf(Enum.java:273)
	at com.jetbrains.plugin.structure.intellij.plugin.IdePluginContentDescriptor$ServiceType.valueOf(IdePluginContents.kt)
	at com.jetbrains.plugin.structure.intellij.plugin.PluginCreator.readServiceDescriptor(PluginCreator.kt:406)
	at com.jetbrains.plugin.structure.intellij.plugin.PluginCreator.readExtensions(PluginCreator.kt:341)
	at com.jetbrains.plugin.structure.intellij.plugin.PluginCreator.setInfoFromBean(PluginCreator.kt:320)
	at com.jetbrains.plugin.structure.intellij.plugin.PluginCreator.resolveDocumentAndValidateBean(PluginCreator.kt:664)
	at com.jetbrains.plugin.structure.intellij.plugin.PluginCreator.access$resolveDocumentAndValidateBean(PluginCreator.kt:31)
	at com.jetbrains.plugin.structure.intellij.plugin.PluginCreator$Companion.createPlugin(PluginCreator.kt:109)
	at com.jetbrains.plugin.structure.intellij.plugin.IdePluginManager.loadPluginInfoFromJarFile(IdePluginManager.kt:62)
	at com.jetbrains.plugin.structure.intellij.plugin.IdePluginManager.loadPluginInfoFromLibDirectory(IdePluginManager.kt:165)
	at com.jetbrains.plugin.structure.intellij.plugin.IdePluginManager.loadPluginInfoFromDirectory(IdePluginManager.kt:97)
	at com.jetbrains.plugin.structure.intellij.plugin.IdePluginManager.loadPluginInfoFromJarOrDirectory(IdePluginManager.kt:206)
	at com.jetbrains.plugin.structure.intellij.plugin.IdePluginManager.getPluginCreatorWithResult(IdePluginManager.kt:347)
	at com.jetbrains.plugin.structure.intellij.plugin.IdePluginManager.createPlugin(IdePluginManager.kt:314)
	at com.jetbrains.plugin.structure.intellij.plugin.IdePluginManager.createPlugin$default(IdePluginManager.kt:312)
	at org.jetbrains.intellij.Utils.createPlugin(utils.kt:222)
	at org.jetbrains.intellij.dependency.BuiltinPluginsRegistry.add(BuiltinPluginsRegistry.kt:89)
	at org.jetbrains.intellij.dependency.BuiltinPluginsRegistry.fillFromDirectory(BuiltinPluginsRegistry.kt:47)
	at org.jetbrains.intellij.dependency.BuiltinPluginsRegistry.access$fillFromDirectory(BuiltinPluginsRegistry.kt:21)
	at org.jetbrains.intellij.dependency.BuiltinPluginsRegistry$Companion.fromDirectory(BuiltinPluginsRegistry.kt:127)
	at org.jetbrains.intellij.dependency.IdeaDependencyManager.createDependency(IdeaDependencyManager.kt:92)
	at org.jetbrains.intellij.dependency.IdeaDependencyManager.resolveLocal(IdeaDependencyManager.kt:430)
	at org.jetbrains.intellij.IntelliJPlugin$prepareIdeaDependencyProvider$1.call(IntelliJPlugin.kt:299)
	at org.jetbrains.intellij.IntelliJPlugin$prepareIdeaDependencyProvider$1.call(IntelliJPlugin.kt:266)
	at org.gradle.api.internal.provider.DefaultProvider.calculateOwnValue(DefaultProvider.java:72)
	at org.gradle.api.internal.provider.AbstractMinimalProvider.calculateValue(AbstractMinimalProvider.java:115)
	at org.gradle.api.internal.provider.TransformBackedProvider.calculateOwnValue(TransformBackedProvider.java:82)
	at org.gradle.api.internal.provider.AbstractMinimalProvider.calculateValue(AbstractMinimalProvider.java:115)
	at org.gradle.api.internal.provider.AbstractMinimalProvider.withFinalValue(AbstractMinimalProvider.java:168)
	at org.gradle.api.internal.provider.DefaultProperty.finalValue(DefaultProperty.java:133)
	at org.gradle.api.internal.provider.DefaultProperty.finalValue(DefaultProperty.java:26)
	at org.gradle.api.internal.provider.AbstractProperty.finalizeNow(AbstractProperty.java:245)
	at org.gradle.api.internal.provider.AbstractProperty.beforeRead(AbstractProperty.java:239)
	at org.gradle.api.internal.provider.AbstractProperty.calculateOwnValue(AbstractProperty.java:135)
	at org.gradle.api.internal.provider.AbstractMinimalProvider.calculateValue(AbstractMinimalProvider.java:115)
	at org.gradle.api.internal.provider.TransformBackedProvider.calculateOwnValue(TransformBackedProvider.java:82)
	at org.gradle.api.internal.provider.AbstractMinimalProvider.calculateValue(AbstractMinimalProvider.java:115)
	at org.gradle.api.internal.provider.Collectors$ElementsFromCollectionProvider.collectEntries(Collectors.java:220)
	at org.gradle.api.internal.provider.AbstractCollectionProperty$CollectingSupplier.calculateValue(AbstractCollectionProperty.java:344)
	at org.gradle.api.internal.provider.AbstractCollectionProperty.calculateValueFrom(AbstractCollectionProperty.java:189)
	at org.gradle.api.internal.provider.AbstractCollectionProperty.calculateValueFrom(AbstractCollectionProperty.java:37)
	at org.gradle.api.internal.provider.AbstractProperty.doCalculateValue(AbstractProperty.java:142)
	at org.gradle.api.internal.provider.AbstractProperty.calculateOwnValue(AbstractProperty.java:136)
	at org.gradle.api.internal.provider.AbstractMinimalProvider.calculateOwnPresentValue(AbstractMinimalProvider.java:80)
	at org.gradle.api.internal.provider.AbstractMinimalProvider.get(AbstractMinimalProvider.java:100)
	at org.jetbrains.intellij.IntelliJPlugin$configurePrepareSandboxTasks$5$5.transform(IntelliJPlugin.kt:625)
	at org.jetbrains.intellij.IntelliJPlugin$configurePrepareSandboxTasks$5$5.transform(IntelliJPlugin.kt:624)
	at org.gradle.api.internal.provider.ValueSupplier$Present.transform(ValueSupplier.java:541)
	at org.gradle.api.internal.provider.TransformBackedProvider.mapValue(TransformBackedProvider.java:91)
	at org.gradle.api.internal.provider.TransformBackedProvider.calculateOwnValue(TransformBackedProvider.java:83)
	at org.gradle.api.internal.provider.AbstractMinimalProvider.calculateOwnPresentValue(AbstractMinimalProvider.java:80)
	at org.gradle.api.internal.provider.AbstractMinimalProvider.get(AbstractMinimalProvider.java:100)
	at org.gradle.api.internal.provider.ProviderResolutionStrategy$2.resolve(ProviderResolutionStrategy.java:33)
	at org.gradle.api.internal.file.collections.ProviderBackedFileCollection.visitDependencies(ProviderBackedFileCollection.java:57)
	at org.gradle.api.internal.tasks.CachingTaskDependencyResolveContext$TaskGraphImpl.getNodeValues(CachingTaskDependencyResolveContext.java:103)
	at org.gradle.internal.graph.CachingDirectedGraphWalker$GraphWithEmptyEdges.getNodeValues(CachingDirectedGraphWalker.java:213)
	at org.gradle.internal.graph.CachingDirectedGraphWalker.doSearch(CachingDirectedGraphWalker.java:121)
	at org.gradle.internal.graph.CachingDirectedGraphWalker.findValues(CachingDirectedGraphWalker.java:73)
	at org.gradle.api.internal.tasks.CachingTaskDependencyResolveContext.getDependencies(CachingTaskDependencyResolveContext.java:66)
	at org.gradle.execution.plan.TaskDependencyResolver.resolveDependenciesFor(TaskDependencyResolver.java:49)
	at org.gradle.execution.plan.LocalTaskNode.getDependencies(LocalTaskNode.java:148)
	at org.gradle.execution.plan.LocalTaskNode.resolveDependencies(LocalTaskNode.java:122)
	at org.gradle.execution.plan.DefaultExecutionPlan.discoverNodeRelationships(DefaultExecutionPlan.java:183)
	at org.gradle.execution.plan.DefaultExecutionPlan.doAddEntryNodes(DefaultExecutionPlan.java:155)
	at org.gradle.execution.plan.DefaultExecutionPlan.addEntryTasks(DefaultExecutionPlan.java:130)
	at org.gradle.execution.plan.DefaultExecutionPlan.addEntryTasks(DefaultExecutionPlan.java:122)
	at org.gradle.execution.TaskNameResolvingBuildTaskScheduler.scheduleRequestedTasks(TaskNameResolvingBuildTaskScheduler.java:54)
	at org.gradle.execution.DefaultTasksBuildTaskScheduler.scheduleRequestedTasks(DefaultTasksBuildTaskScheduler.java:72)
	at org.gradle.initialization.DefaultTaskExecutionPreparer.lambda$scheduleRequestedTasks$0(DefaultTaskExecutionPreparer.java:46)
	at org.gradle.internal.Factories$1.create(Factories.java:31)
	at org.gradle.internal.work.DefaultWorkerLeaseService.withReplacedLocks(DefaultWorkerLeaseService.java:360)
	at org.gradle.api.internal.project.DefaultProjectStateRegistry$DefaultBuildProjectRegistry.withMutableStateOfAllProjects(DefaultProjectStateRegistry.java:239)
	at org.gradle.api.internal.project.DefaultProjectStateRegistry$DefaultBuildProjectRegistry.withMutableStateOfAllProjects(DefaultProjectStateRegistry.java:232)
	at org.gradle.initialization.DefaultTaskExecutionPreparer.scheduleRequestedTasks(DefaultTaskExecutionPreparer.java:45)
	at org.gradle.initialization.VintageBuildModelController.lambda$scheduleRequestedTasks$0(VintageBuildModelController.java:76)
	at org.gradle.internal.model.StateTransitionController.lambda$inState$1(StateTransitionController.java:99)
	at org.gradle.internal.model.StateTransitionController.lambda$inState$2(StateTransitionController.java:114)
	at org.gradle.internal.work.DefaultSynchronizer.withLock(DefaultSynchronizer.java:44)
	at org.gradle.internal.model.StateTransitionController.inState(StateTransitionController.java:110)
	at org.gradle.internal.model.StateTransitionController.inState(StateTransitionController.java:98)
	at org.gradle.initialization.VintageBuildModelController.scheduleRequestedTasks(VintageBuildModelController.java:76)
	at org.gradle.internal.build.DefaultBuildLifecycleController$DefaultWorkGraphBuilder.addRequestedTasks(DefaultBuildLifecycleController.java:404)
	at org.gradle.internal.buildtree.DefaultBuildTreeWorkPreparer.lambda$scheduleRequestedTasks$0(DefaultBuildTreeWorkPreparer.java:41)
	at org.gradle.internal.build.DefaultBuildLifecycleController.lambda$populateWorkGraph$7(DefaultBuildLifecycleController.java:189)
	at org.gradle.internal.build.DefaultBuildWorkPreparer.populateWorkGraph(DefaultBuildWorkPreparer.java:42)
	at org.gradle.internal.build.BuildOperationFiringBuildWorkPreparer$PopulateWorkGraph.populateTaskGraph(BuildOperationFiringBuildWorkPreparer.java:106)
	at org.gradle.internal.build.BuildOperationFiringBuildWorkPreparer$PopulateWorkGraph.run(BuildOperationFiringBuildWorkPreparer.java:92)
	at org.gradle.internal.operations.DefaultBuildOperationRunner$1.execute(DefaultBuildOperationRunner.java:29)
	at org.gradle.internal.operations.DefaultBuildOperationRunner$1.execute(DefaultBuildOperationRunner.java:26)
	at org.gradle.internal.operations.DefaultBuildOperationRunner$2.execute(DefaultBuildOperationRunner.java:66)
	at org.gradle.internal.operations.DefaultBuildOperationRunner$2.execute(DefaultBuildOperationRunner.java:59)
	at org.gradle.internal.operations.DefaultBuildOperationRunner.execute(DefaultBuildOperationRunner.java:157)
	at org.gradle.internal.operations.DefaultBuildOperationRunner.execute(DefaultBuildOperationRunner.java:59)
	at org.gradle.internal.operations.DefaultBuildOperationRunner.run(DefaultBuildOperationRunner.java:47)
	at org.gradle.internal.operations.DefaultBuildOperationExecutor.run(DefaultBuildOperationExecutor.java:68)
	at org.gradle.internal.build.BuildOperationFiringBuildWorkPreparer.populateWorkGraph(BuildOperationFiringBuildWorkPreparer.java:67)
	at org.gradle.internal.build.DefaultBuildLifecycleController.lambda$populateWorkGraph$8(DefaultBuildLifecycleController.java:189)
	at org.gradle.internal.model.StateTransitionController.lambda$inState$1(StateTransitionController.java:99)
	at org.gradle.internal.model.StateTransitionController.lambda$inState$2(StateTransitionController.java:114)
	at org.gradle.internal.work.DefaultSynchronizer.withLock(DefaultSynchronizer.java:44)
	at org.gradle.internal.model.StateTransitionController.inState(StateTransitionController.java:110)
	at org.gradle.internal.model.StateTransitionController.inState(StateTransitionController.java:98)
	at org.gradle.internal.build.DefaultBuildLifecycleController.populateWorkGraph(DefaultBuildLifecycleController.java:189)
	at org.gradle.internal.build.DefaultBuildWorkGraphController$DefaultBuildWorkGraph.populateWorkGraph(DefaultBuildWorkGraphController.java:169)
	at org.gradle.composite.internal.DefaultBuildController.populateWorkGraph(DefaultBuildController.java:76)
	at org.gradle.composite.internal.DefaultIncludedBuildTaskGraph$DefaultBuildTreeWorkGraphBuilder.withWorkGraph(DefaultIncludedBuildTaskGraph.java:153)
	at org.gradle.internal.buildtree.DefaultBuildTreeWorkPreparer.lambda$scheduleRequestedTasks$1(DefaultBuildTreeWorkPreparer.java:41)
	at org.gradle.composite.internal.DefaultIncludedBuildTaskGraph$DefaultBuildTreeWorkGraph$1.run(DefaultIncludedBuildTaskGraph.java:209)
	at org.gradle.internal.operations.DefaultBuildOperationRunner$1.execute(DefaultBuildOperationRunner.java:29)
	at org.gradle.internal.operations.DefaultBuildOperationRunner$1.execute(DefaultBuildOperationRunner.java:26)
	at org.gradle.internal.operations.DefaultBuildOperationRunner$2.execute(DefaultBuildOperationRunner.java:66)
	at org.gradle.internal.operations.DefaultBuildOperationRunner$2.execute(DefaultBuildOperationRunner.java:59)
	at org.gradle.internal.operations.DefaultBuildOperationRunner.execute(DefaultBuildOperationRunner.java:157)
	at org.gradle.internal.operations.DefaultBuildOperationRunner.execute(DefaultBuildOperationRunner.java:59)
	at org.gradle.internal.operations.DefaultBuildOperationRunner.run(DefaultBuildOperationRunner.java:47)
	at org.gradle.internal.operations.DefaultBuildOperationExecutor.run(DefaultBuildOperationExecutor.java:68)
	at org.gradle.composite.internal.DefaultIncludedBuildTaskGraph$DefaultBuildTreeWorkGraph.scheduleWork(DefaultIncludedBuildTaskGraph.java:204)
	at org.gradle.internal.buildtree.DefaultBuildTreeWorkPreparer.scheduleRequestedTasks(DefaultBuildTreeWorkPreparer.java:37)
	at org.gradle.configurationcache.VintageBuildTreeWorkController$scheduleAndRunRequestedTasks$1.apply(VintageBuildTreeWorkController.kt:36)
	at org.gradle.configurationcache.VintageBuildTreeWorkController$scheduleAndRunRequestedTasks$1.apply(VintageBuildTreeWorkController.kt:35)
	at org.gradle.composite.internal.DefaultIncludedBuildTaskGraph.withNewWorkGraph(DefaultIncludedBuildTaskGraph.java:112)
	at org.gradle.configurationcache.VintageBuildTreeWorkController.scheduleAndRunRequestedTasks(VintageBuildTreeWorkController.kt:35)
	at org.gradle.internal.buildtree.DefaultBuildTreeLifecycleController.lambda$scheduleAndRunTasks$1(DefaultBuildTreeLifecycleController.java:76)
	at org.gradle.internal.buildtree.DefaultBuildTreeLifecycleController.lambda$runBuild$4(DefaultBuildTreeLifecycleController.java:119)
	at org.gradle.internal.model.StateTransitionController.lambda$transition$6(StateTransitionController.java:169)
	at org.gradle.internal.model.StateTransitionController.doTransition(StateTransitionController.java:266)
	at org.gradle.internal.model.StateTransitionController.lambda$transition$7(StateTransitionController.java:169)
	at org.gradle.internal.work.DefaultSynchronizer.withLock(DefaultSynchronizer.java:44)
	at org.gradle.internal.model.StateTransitionController.transition(StateTransitionController.java:169)
	at org.gradle.internal.buildtree.DefaultBuildTreeLifecycleController.runBuild(DefaultBuildTreeLifecycleController.java:116)
	at org.gradle.internal.buildtree.DefaultBuildTreeLifecycleController.scheduleAndRunTasks(DefaultBuildTreeLifecycleController.java:76)
	at org.gradle.internal.buildtree.DefaultBuildTreeLifecycleController.scheduleAndRunTasks(DefaultBuildTreeLifecycleController.java:71)
	at org.gradle.tooling.internal.provider.ExecuteBuildActionRunner.run(ExecuteBuildActionRunner.java:31)
	at org.gradle.launcher.exec.ChainingBuildActionRunner.run(ChainingBuildActionRunner.java:35)
	at org.gradle.internal.buildtree.ProblemReportingBuildActionRunner.run(ProblemReportingBuildActionRunner.java:49)
	at org.gradle.launcher.exec.BuildOutcomeReportingBuildActionRunner.run(BuildOutcomeReportingBuildActionRunner.java:65)
	at org.gradle.tooling.internal.provider.FileSystemWatchingBuildActionRunner.run(FileSystemWatchingBuildActionRunner.java:140)
	at org.gradle.launcher.exec.BuildCompletionNotifyingBuildActionRunner.run(BuildCompletionNotifyingBuildActionRunner.java:41)
	at org.gradle.launcher.exec.RootBuildLifecycleBuildActionExecutor.lambda$execute$0(RootBuildLifecycleBuildActionExecutor.java:40)
	at org.gradle.composite.internal.DefaultRootBuildState.run(DefaultRootBuildState.java:123)
	at org.gradle.launcher.exec.RootBuildLifecycleBuildActionExecutor.execute(RootBuildLifecycleBuildActionExecutor.java:40)
	at org.gradle.internal.buildtree.InitDeprecationLoggingActionExecutor.execute(InitDeprecationLoggingActionExecutor.java:62)
	at org.gradle.internal.buildtree.InitProblems.execute(InitProblems.java:38)
	at org.gradle.internal.buildtree.DefaultBuildTreeContext.execute(DefaultBuildTreeContext.java:40)
	at org.gradle.launcher.exec.BuildTreeLifecycleBuildActionExecutor.lambda$execute$0(BuildTreeLifecycleBuildActionExecutor.java:58)
	at org.gradle.internal.buildtree.BuildTreeState.run(BuildTreeState.java:58)
	at org.gradle.launcher.exec.BuildTreeLifecycleBuildActionExecutor.execute(BuildTreeLifecycleBuildActionExecutor.java:58)
	at org.gradle.launcher.exec.RunAsBuildOperationBuildActionExecutor$3.call(RunAsBuildOperationBuildActionExecutor.java:61)
	at org.gradle.launcher.exec.RunAsBuildOperationBuildActionExecutor$3.call(RunAsBuildOperationBuildActionExecutor.java:57)
	at org.gradle.internal.operations.DefaultBuildOperationRunner$CallableBuildOperationWorker.execute(DefaultBuildOperationRunner.java:204)
	at org.gradle.internal.operations.DefaultBuildOperationRunner$CallableBuildOperationWorker.execute(DefaultBuildOperationRunner.java:199)
	at org.gradle.internal.operations.DefaultBuildOperationRunner$2.execute(DefaultBuildOperationRunner.java:66)
	at org.gradle.internal.operations.DefaultBuildOperationRunner$2.execute(DefaultBuildOperationRunner.java:59)
	at org.gradle.internal.operations.DefaultBuildOperationRunner.execute(DefaultBuildOperationRunner.java:157)
	at org.gradle.internal.operations.DefaultBuildOperationRunner.execute(DefaultBuildOperationRunner.java:59)
	at org.gradle.internal.operations.DefaultBuildOperationRunner.call(DefaultBuildOperationRunner.java:53)
	at org.gradle.internal.operations.DefaultBuildOperationExecutor.call(DefaultBuildOperationExecutor.java:73)
	at org.gradle.launcher.exec.RunAsBuildOperationBuildActionExecutor.execute(RunAsBuildOperationBuildActionExecutor.java:57)
	at org.gradle.launcher.exec.RunAsWorkerThreadBuildActionExecutor.lambda$execute$0(RunAsWorkerThreadBuildActionExecutor.java:36)
	at org.gradle.internal.work.DefaultWorkerLeaseService.withLocks(DefaultWorkerLeaseService.java:264)
	at org.gradle.internal.work.DefaultWorkerLeaseService.runAsWorkerThread(DefaultWorkerLeaseService.java:128)
	at org.gradle.launcher.exec.RunAsWorkerThreadBuildActionExecutor.execute(RunAsWorkerThreadBuildActionExecutor.java:36)
	at org.gradle.tooling.internal.provider.continuous.ContinuousBuildActionExecutor.execute(ContinuousBuildActionExecutor.java:110)
	at org.gradle.tooling.internal.provider.SubscribableBuildActionExecutor.execute(SubscribableBuildActionExecutor.java:64)
	at org.gradle.internal.session.DefaultBuildSessionContext.execute(DefaultBuildSessionContext.java:46)
	at org.gradle.tooling.internal.provider.BuildSessionLifecycleBuildActionExecuter$ActionImpl.apply(BuildSessionLifecycleBuildActionExecuter.java:92)
	at org.gradle.tooling.internal.provider.BuildSessionLifecycleBuildActionExecuter$ActionImpl.apply(BuildSessionLifecycleBuildActionExecuter.java:80)
	at org.gradle.internal.session.BuildSessionState.run(BuildSessionState.java:69)
	at org.gradle.tooling.internal.provider.BuildSessionLifecycleBuildActionExecuter.execute(BuildSessionLifecycleBuildActionExecuter.java:62)
	at org.gradle.tooling.internal.provider.BuildSessionLifecycleBuildActionExecuter.execute(BuildSessionLifecycleBuildActionExecuter.java:41)
	at org.gradle.tooling.internal.provider.StartParamsValidatingActionExecuter.execute(StartParamsValidatingActionExecuter.java:64)
	at org.gradle.tooling.internal.provider.StartParamsValidatingActionExecuter.execute(StartParamsValidatingActionExecuter.java:32)
	at org.gradle.tooling.internal.provider.SessionFailureReportingActionExecuter.execute(SessionFailureReportingActionExecuter.java:51)
	at org.gradle.tooling.internal.provider.SessionFailureReportingActionExecuter.execute(SessionFailureReportingActionExecuter.java:39)
	at org.gradle.tooling.internal.provider.SetupLoggingActionExecuter.execute(SetupLoggingActionExecuter.java:47)
	at org.gradle.tooling.internal.provider.SetupLoggingActionExecuter.execute(SetupLoggingActionExecuter.java:31)
	at org.gradle.launcher.daemon.server.exec.ExecuteBuild.doBuild(ExecuteBuild.java:65)
	at org.gradle.launcher.daemon.server.exec.BuildCommandOnly.execute(BuildCommandOnly.java:37)
	at org.gradle.launcher.daemon.server.api.DaemonCommandExecution.proceed(DaemonCommandExecution.java:104)
	at org.gradle.launcher.daemon.server.exec.WatchForDisconnection.execute(WatchForDisconnection.java:39)
	at org.gradle.launcher.daemon.server.api.DaemonCommandExecution.proceed(DaemonCommandExecution.java:104)
	at org.gradle.launcher.daemon.server.exec.ResetDeprecationLogger.execute(ResetDeprecationLogger.java:29)
	at org.gradle.launcher.daemon.server.api.DaemonCommandExecution.proceed(DaemonCommandExecution.java:104)
	at org.gradle.launcher.daemon.server.exec.RequestStopIfSingleUsedDaemon.execute(RequestStopIfSingleUsedDaemon.java:35)
	at org.gradle.launcher.daemon.server.api.DaemonCommandExecution.proceed(DaemonCommandExecution.java:104)
	at org.gradle.launcher.daemon.server.exec.ForwardClientInput$2.create(ForwardClientInput.java:78)
	at org.gradle.launcher.daemon.server.exec.ForwardClientInput$2.create(ForwardClientInput.java:75)
	at org.gradle.util.internal.Swapper.swap(Swapper.java:38)
	at org.gradle.launcher.daemon.server.exec.ForwardClientInput.execute(ForwardClientInput.java:75)
	at org.gradle.launcher.daemon.server.api.DaemonCommandExecution.proceed(DaemonCommandExecution.java:104)
	at org.gradle.launcher.daemon.server.exec.LogAndCheckHealth.execute(LogAndCheckHealth.java:64)
	at org.gradle.launcher.daemon.server.api.DaemonCommandExecution.proceed(DaemonCommandExecution.java:104)
	at org.gradle.launcher.daemon.server.exec.LogToClient.doBuild(LogToClient.java:63)
	at org.gradle.launcher.daemon.server.exec.BuildCommandOnly.execute(BuildCommandOnly.java:37)
	at org.gradle.launcher.daemon.server.api.DaemonCommandExecution.proceed(DaemonCommandExecution.java:104)
	at org.gradle.launcher.daemon.server.exec.EstablishBuildEnvironment.doBuild(EstablishBuildEnvironment.java:84)
	at org.gradle.launcher.daemon.server.exec.BuildCommandOnly.execute(BuildCommandOnly.java:37)
	at org.gradle.launcher.daemon.server.api.DaemonCommandExecution.proceed(DaemonCommandExecution.java:104)
	at org.gradle.launcher.daemon.server.exec.StartBuildOrRespondWithBusy$1.run(StartBuildOrRespondWithBusy.java:52)
	at org.gradle.launcher.daemon.server.DaemonStateCoordinator$1.run(DaemonStateCoordinator.java:297)
	at org.gradle.internal.concurrent.ExecutorPolicy$CatchAndRecordFailures.onExecute(ExecutorPolicy.java:64)
	at org.gradle.internal.concurrent.AbstractManagedExecutor$1.run(AbstractManagedExecutor.java:47)
	at java.base/java.util.concurrent.ThreadPoolExecutor.runWorker(ThreadPoolExecutor.java:1136)
	at java.base/java.util.concurrent.ThreadPoolExecutor$Worker.run(ThreadPoolExecutor.java:635)
	at java.base/java.lang.Thread.run(Thread.java:840)
[gradle-intellij-plugin :] Cannot create plugin from file '/opt/android-studio/plugins/platform-langInjection': Invalid plugin descriptor 'plugin.xml'. Unable to read the plugin descriptor: No enum constant com.jetbrains.plugin.structure.intellij.plugin.IdePluginContentDescriptor.ServiceType.APPLİCATİON.
Unable to read descriptor [plugin.xml] from [/opt/android-studio/plugins/properties/lib/properties.jar]
java.lang.IllegalArgumentException: No enum constant com.jetbrains.plugin.structure.intellij.plugin.IdePluginContentDescriptor.ServiceType.APPLİCATİON
	at java.base/java.lang.Enum.valueOf(Enum.java:273)
	at com.jetbrains.plugin.structure.intellij.plugin.IdePluginContentDescriptor$ServiceType.valueOf(IdePluginContents.kt)
	at com.jetbrains.plugin.structure.intellij.plugin.PluginCreator.readServiceDescriptor(PluginCreator.kt:406)
	at com.jetbrains.plugin.structure.intellij.plugin.PluginCreator.readExtensions(PluginCreator.kt:341)
	at com.jetbrains.plugin.structure.intellij.plugin.PluginCreator.setInfoFromBean(PluginCreator.kt:320)
	at com.jetbrains.plugin.structure.intellij.plugin.PluginCreator.resolveDocumentAndValidateBean(PluginCreator.kt:664)
	at com.jetbrains.plugin.structure.intellij.plugin.PluginCreator.access$resolveDocumentAndValidateBean(PluginCreator.kt:31)
	at com.jetbrains.plugin.structure.intellij.plugin.PluginCreator$Companion.createPlugin(PluginCreator.kt:109)
	at com.jetbrains.plugin.structure.intellij.plugin.IdePluginManager.loadPluginInfoFromJarFile(IdePluginManager.kt:62)
	at com.jetbrains.plugin.structure.intellij.plugin.IdePluginManager.loadPluginInfoFromLibDirectory(IdePluginManager.kt:165)
	at com.jetbrains.plugin.structure.intellij.plugin.IdePluginManager.loadPluginInfoFromDirectory(IdePluginManager.kt:97)
	at com.jetbrains.plugin.structure.intellij.plugin.IdePluginManager.loadPluginInfoFromJarOrDirectory(IdePluginManager.kt:206)
	at com.jetbrains.plugin.structure.intellij.plugin.IdePluginManager.getPluginCreatorWithResult(IdePluginManager.kt:347)
	at com.jetbrains.plugin.structure.intellij.plugin.IdePluginManager.createPlugin(IdePluginManager.kt:314)
	at com.jetbrains.plugin.structure.intellij.plugin.IdePluginManager.createPlugin$default(IdePluginManager.kt:312)
	at org.jetbrains.intellij.Utils.createPlugin(utils.kt:222)
	at org.jetbrains.intellij.dependency.BuiltinPluginsRegistry.add(BuiltinPluginsRegistry.kt:89)
	at org.jetbrains.intellij.dependency.BuiltinPluginsRegistry.fillFromDirectory(BuiltinPluginsRegistry.kt:47)
	at org.jetbrains.intellij.dependency.BuiltinPluginsRegistry.access$fillFromDirectory(BuiltinPluginsRegistry.kt:21)
	at org.jetbrains.intellij.dependency.BuiltinPluginsRegistry$Companion.fromDirectory(BuiltinPluginsRegistry.kt:127)
	at org.jetbrains.intellij.dependency.IdeaDependencyManager.createDependency(IdeaDependencyManager.kt:92)
	at org.jetbrains.intellij.dependency.IdeaDependencyManager.resolveLocal(IdeaDependencyManager.kt:430)
	at org.jetbrains.intellij.IntelliJPlugin$prepareIdeaDependencyProvider$1.call(IntelliJPlugin.kt:299)
	at org.jetbrains.intellij.IntelliJPlugin$prepareIdeaDependencyProvider$1.call(IntelliJPlugin.kt:266)
	at org.gradle.api.internal.provider.DefaultProvider.calculateOwnValue(DefaultProvider.java:72)
	at org.gradle.api.internal.provider.AbstractMinimalProvider.calculateValue(AbstractMinimalProvider.java:115)
	at org.gradle.api.internal.provider.TransformBackedProvider.calculateOwnValue(TransformBackedProvider.java:82)
	at org.gradle.api.internal.provider.AbstractMinimalProvider.calculateValue(AbstractMinimalProvider.java:115)
	at org.gradle.api.internal.provider.AbstractMinimalProvider.withFinalValue(AbstractMinimalProvider.java:168)
	at org.gradle.api.internal.provider.DefaultProperty.finalValue(DefaultProperty.java:133)
	at org.gradle.api.internal.provider.DefaultProperty.finalValue(DefaultProperty.java:26)
	at org.gradle.api.internal.provider.AbstractProperty.finalizeNow(AbstractProperty.java:245)
	at org.gradle.api.internal.provider.AbstractProperty.beforeRead(AbstractProperty.java:239)
	at org.gradle.api.internal.provider.AbstractProperty.calculateOwnValue(AbstractProperty.java:135)
	at org.gradle.api.internal.provider.AbstractMinimalProvider.calculateValue(AbstractMinimalProvider.java:115)
	at org.gradle.api.internal.provider.TransformBackedProvider.calculateOwnValue(TransformBackedProvider.java:82)
	at org.gradle.api.internal.provider.AbstractMinimalProvider.calculateValue(AbstractMinimalProvider.java:115)
	at org.gradle.api.internal.provider.Collectors$ElementsFromCollectionProvider.collectEntries(Collectors.java:220)
	at org.gradle.api.internal.provider.AbstractCollectionProperty$CollectingSupplier.calculateValue(AbstractCollectionProperty.java:344)
	at org.gradle.api.internal.provider.AbstractCollectionProperty.calculateValueFrom(AbstractCollectionProperty.java:189)
	at org.gradle.api.internal.provider.AbstractCollectionProperty.calculateValueFrom(AbstractCollectionProperty.java:37)
	at org.gradle.api.internal.provider.AbstractProperty.doCalculateValue(AbstractProperty.java:142)
	at org.gradle.api.internal.provider.AbstractProperty.calculateOwnValue(AbstractProperty.java:136)
	at org.gradle.api.internal.provider.AbstractMinimalProvider.calculateOwnPresentValue(AbstractMinimalProvider.java:80)
	at org.gradle.api.internal.provider.AbstractMinimalProvider.get(AbstractMinimalProvider.java:100)
	at org.jetbrains.intellij.IntelliJPlugin$configurePrepareSandboxTasks$5$5.transform(IntelliJPlugin.kt:625)
	at org.jetbrains.intellij.IntelliJPlugin$configurePrepareSandboxTasks$5$5.transform(IntelliJPlugin.kt:624)
	at org.gradle.api.internal.provider.ValueSupplier$Present.transform(ValueSupplier.java:541)
	at org.gradle.api.internal.provider.TransformBackedProvider.mapValue(TransformBackedProvider.java:91)
	at org.gradle.api.internal.provider.TransformBackedProvider.calculateOwnValue(TransformBackedProvider.java:83)
	at org.gradle.api.internal.provider.AbstractMinimalProvider.calculateOwnPresentValue(AbstractMinimalProvider.java:80)
	at org.gradle.api.internal.provider.AbstractMinimalProvider.get(AbstractMinimalProvider.java:100)
	at org.gradle.api.internal.provider.ProviderResolutionStrategy$2.resolve(ProviderResolutionStrategy.java:33)
	at org.gradle.api.internal.file.collections.ProviderBackedFileCollection.visitDependencies(ProviderBackedFileCollection.java:57)
	at org.gradle.api.internal.tasks.CachingTaskDependencyResolveContext$TaskGraphImpl.getNodeValues(CachingTaskDependencyResolveContext.java:103)
	at org.gradle.internal.graph.CachingDirectedGraphWalker$GraphWithEmptyEdges.getNodeValues(CachingDirectedGraphWalker.java:213)
	at org.gradle.internal.graph.CachingDirectedGraphWalker.doSearch(CachingDirectedGraphWalker.java:121)
	at org.gradle.internal.graph.CachingDirectedGraphWalker.findValues(CachingDirectedGraphWalker.java:73)
	at org.gradle.api.internal.tasks.CachingTaskDependencyResolveContext.getDependencies(CachingTaskDependencyResolveContext.java:66)
	at org.gradle.execution.plan.TaskDependencyResolver.resolveDependenciesFor(TaskDependencyResolver.java:49)
	at org.gradle.execution.plan.LocalTaskNode.getDependencies(LocalTaskNode.java:148)
	at org.gradle.execution.plan.LocalTaskNode.resolveDependencies(LocalTaskNode.java:122)
	at org.gradle.execution.plan.DefaultExecutionPlan.discoverNodeRelationships(DefaultExecutionPlan.java:183)
	at org.gradle.execution.plan.DefaultExecutionPlan.doAddEntryNodes(DefaultExecutionPlan.java:155)
	at org.gradle.execution.plan.DefaultExecutionPlan.addEntryTasks(DefaultExecutionPlan.java:130)
	at org.gradle.execution.plan.DefaultExecutionPlan.addEntryTasks(DefaultExecutionPlan.java:122)
	at org.gradle.execution.TaskNameResolvingBuildTaskScheduler.scheduleRequestedTasks(TaskNameResolvingBuildTaskScheduler.java:54)
	at org.gradle.execution.DefaultTasksBuildTaskScheduler.scheduleRequestedTasks(DefaultTasksBuildTaskScheduler.java:72)
	at org.gradle.initialization.DefaultTaskExecutionPreparer.lambda$scheduleRequestedTasks$0(DefaultTaskExecutionPreparer.java:46)
	at org.gradle.internal.Factories$1.create(Factories.java:31)
	at org.gradle.internal.work.DefaultWorkerLeaseService.withReplacedLocks(DefaultWorkerLeaseService.java:360)
	at org.gradle.api.internal.project.DefaultProjectStateRegistry$DefaultBuildProjectRegistry.withMutableStateOfAllProjects(DefaultProjectStateRegistry.java:239)
	at org.gradle.api.internal.project.DefaultProjectStateRegistry$DefaultBuildProjectRegistry.withMutableStateOfAllProjects(DefaultProjectStateRegistry.java:232)
	at org.gradle.initialization.DefaultTaskExecutionPreparer.scheduleRequestedTasks(DefaultTaskExecutionPreparer.java:45)
	at org.gradle.initialization.VintageBuildModelController.lambda$scheduleRequestedTasks$0(VintageBuildModelController.java:76)
	at org.gradle.internal.model.StateTransitionController.lambda$inState$1(StateTransitionController.java:99)
	at org.gradle.internal.model.StateTransitionController.lambda$inState$2(StateTransitionController.java:114)
	at org.gradle.internal.work.DefaultSynchronizer.withLock(DefaultSynchronizer.java:44)
	at org.gradle.internal.model.StateTransitionController.inState(StateTransitionController.java:110)
	at org.gradle.internal.model.StateTransitionController.inState(StateTransitionController.java:98)
	at org.gradle.initialization.VintageBuildModelController.scheduleRequestedTasks(VintageBuildModelController.java:76)
	at org.gradle.internal.build.DefaultBuildLifecycleController$DefaultWorkGraphBuilder.addRequestedTasks(DefaultBuildLifecycleController.java:404)
	at org.gradle.internal.buildtree.DefaultBuildTreeWorkPreparer.lambda$scheduleRequestedTasks$0(DefaultBuildTreeWorkPreparer.java:41)
	at org.gradle.internal.build.DefaultBuildLifecycleController.lambda$populateWorkGraph$7(DefaultBuildLifecycleController.java:189)
	at org.gradle.internal.build.DefaultBuildWorkPreparer.populateWorkGraph(DefaultBuildWorkPreparer.java:42)
	at org.gradle.internal.build.BuildOperationFiringBuildWorkPreparer$PopulateWorkGraph.populateTaskGraph(BuildOperationFiringBuildWorkPreparer.java:106)
	at org.gradle.internal.build.BuildOperationFiringBuildWorkPreparer$PopulateWorkGraph.run(BuildOperationFiringBuildWorkPreparer.java:92)
	at org.gradle.internal.operations.DefaultBuildOperationRunner$1.execute(DefaultBuildOperationRunner.java:29)
	at org.gradle.internal.operations.DefaultBuildOperationRunner$1.execute(DefaultBuildOperationRunner.java:26)
	at org.gradle.internal.operations.DefaultBuildOperationRunner$2.execute(DefaultBuildOperationRunner.java:66)
	at org.gradle.internal.operations.DefaultBuildOperationRunner$2.execute(DefaultBuildOperationRunner.java:59)
	at org.gradle.internal.operations.DefaultBuildOperationRunner.execute(DefaultBuildOperationRunner.java:157)
	at org.gradle.internal.operations.DefaultBuildOperationRunner.execute(DefaultBuildOperationRunner.java:59)
	at org.gradle.internal.operations.DefaultBuildOperationRunner.run(DefaultBuildOperationRunner.java:47)
	at org.gradle.internal.operations.DefaultBuildOperationExecutor.run(DefaultBuildOperationExecutor.java:68)
	at org.gradle.internal.build.BuildOperationFiringBuildWorkPreparer.populateWorkGraph(BuildOperationFiringBuildWorkPreparer.java:67)
	at org.gradle.internal.build.DefaultBuildLifecycleController.lambda$populateWorkGraph$8(DefaultBuildLifecycleController.java:189)
	at org.gradle.internal.model.StateTransitionController.lambda$inState$1(StateTransitionController.java:99)
	at org.gradle.internal.model.StateTransitionController.lambda$inState$2(StateTransitionController.java:114)
	at org.gradle.internal.work.DefaultSynchronizer.withLock(DefaultSynchronizer.java:44)
	at org.gradle.internal.model.StateTransitionController.inState(StateTransitionController.java:110)
	at org.gradle.internal.model.StateTransitionController.inState(StateTransitionController.java:98)
	at org.gradle.internal.build.DefaultBuildLifecycleController.populateWorkGraph(DefaultBuildLifecycleController.java:189)
	at org.gradle.internal.build.DefaultBuildWorkGraphController$DefaultBuildWorkGraph.populateWorkGraph(DefaultBuildWorkGraphController.java:169)
	at org.gradle.composite.internal.DefaultBuildController.populateWorkGraph(DefaultBuildController.java:76)
	at org.gradle.composite.internal.DefaultIncludedBuildTaskGraph$DefaultBuildTreeWorkGraphBuilder.withWorkGraph(DefaultIncludedBuildTaskGraph.java:153)
	at org.gradle.internal.buildtree.DefaultBuildTreeWorkPreparer.lambda$scheduleRequestedTasks$1(DefaultBuildTreeWorkPreparer.java:41)
	at org.gradle.composite.internal.DefaultIncludedBuildTaskGraph$DefaultBuildTreeWorkGraph$1.run(DefaultIncludedBuildTaskGraph.java:209)
	at org.gradle.internal.operations.DefaultBuildOperationRunner$1.execute(DefaultBuildOperationRunner.java:29)
	at org.gradle.internal.operations.DefaultBuildOperationRunner$1.execute(DefaultBuildOperationRunner.java:26)
	at org.gradle.internal.operations.DefaultBuildOperationRunner$2.execute(DefaultBuildOperationRunner.java:66)
	at org.gradle.internal.operations.DefaultBuildOperationRunner$2.execute(DefaultBuildOperationRunner.java:59)
	at org.gradle.internal.operations.DefaultBuildOperationRunner.execute(DefaultBuildOperationRunner.java:157)
	at org.gradle.internal.operations.DefaultBuildOperationRunner.execute(DefaultBuildOperationRunner.java:59)
	at org.gradle.internal.operations.DefaultBuildOperationRunner.run(DefaultBuildOperationRunner.java:47)
	at org.gradle.internal.operations.DefaultBuildOperationExecutor.run(DefaultBuildOperationExecutor.java:68)
	at org.gradle.composite.internal.DefaultIncludedBuildTaskGraph$DefaultBuildTreeWorkGraph.scheduleWork(DefaultIncludedBuildTaskGraph.java:204)
	at org.gradle.internal.buildtree.DefaultBuildTreeWorkPreparer.scheduleRequestedTasks(DefaultBuildTreeWorkPreparer.java:37)
	at org.gradle.configurationcache.VintageBuildTreeWorkController$scheduleAndRunRequestedTasks$1.apply(VintageBuildTreeWorkController.kt:36)
	at org.gradle.configurationcache.VintageBuildTreeWorkController$scheduleAndRunRequestedTasks$1.apply(VintageBuildTreeWorkController.kt:35)
	at org.gradle.composite.internal.DefaultIncludedBuildTaskGraph.withNewWorkGraph(DefaultIncludedBuildTaskGraph.java:112)
	at org.gradle.configurationcache.VintageBuildTreeWorkController.scheduleAndRunRequestedTasks(VintageBuildTreeWorkController.kt:35)
	at org.gradle.internal.buildtree.DefaultBuildTreeLifecycleController.lambda$scheduleAndRunTasks$1(DefaultBuildTreeLifecycleController.java:76)
	at org.gradle.internal.buildtree.DefaultBuildTreeLifecycleController.lambda$runBuild$4(DefaultBuildTreeLifecycleController.java:119)
	at org.gradle.internal.model.StateTransitionController.lambda$transition$6(StateTransitionController.java:169)
	at org.gradle.internal.model.StateTransitionController.doTransition(StateTransitionController.java:266)
	at org.gradle.internal.model.StateTransitionController.lambda$transition$7(StateTransitionController.java:169)
	at org.gradle.internal.work.DefaultSynchronizer.withLock(DefaultSynchronizer.java:44)
	at org.gradle.internal.model.StateTransitionController.transition(StateTransitionController.java:169)
	at org.gradle.internal.buildtree.DefaultBuildTreeLifecycleController.runBuild(DefaultBuildTreeLifecycleController.java:116)
	at org.gradle.internal.buildtree.DefaultBuildTreeLifecycleController.scheduleAndRunTasks(DefaultBuildTreeLifecycleController.java:76)
	at org.gradle.internal.buildtree.DefaultBuildTreeLifecycleController.scheduleAndRunTasks(DefaultBuildTreeLifecycleController.java:71)
	at org.gradle.tooling.internal.provider.ExecuteBuildActionRunner.run(ExecuteBuildActionRunner.java:31)
	at org.gradle.launcher.exec.ChainingBuildActionRunner.run(ChainingBuildActionRunner.java:35)
	at org.gradle.internal.buildtree.ProblemReportingBuildActionRunner.run(ProblemReportingBuildActionRunner.java:49)
	at org.gradle.launcher.exec.BuildOutcomeReportingBuildActionRunner.run(BuildOutcomeReportingBuildActionRunner.java:65)
	at org.gradle.tooling.internal.provider.FileSystemWatchingBuildActionRunner.run(FileSystemWatchingBuildActionRunner.java:140)
	at org.gradle.launcher.exec.BuildCompletionNotifyingBuildActionRunner.run(BuildCompletionNotifyingBuildActionRunner.java:41)
	at org.gradle.launcher.exec.RootBuildLifecycleBuildActionExecutor.lambda$execute$0(RootBuildLifecycleBuildActionExecutor.java:40)
	at org.gradle.composite.internal.DefaultRootBuildState.run(DefaultRootBuildState.java:123)
	at org.gradle.launcher.exec.RootBuildLifecycleBuildActionExecutor.execute(RootBuildLifecycleBuildActionExecutor.java:40)
	at org.gradle.internal.buildtree.InitDeprecationLoggingActionExecutor.execute(InitDeprecationLoggingActionExecutor.java:62)
	at org.gradle.internal.buildtree.InitProblems.execute(InitProblems.java:38)
	at org.gradle.internal.buildtree.DefaultBuildTreeContext.execute(DefaultBuildTreeContext.java:40)
	at org.gradle.launcher.exec.BuildTreeLifecycleBuildActionExecutor.lambda$execute$0(BuildTreeLifecycleBuildActionExecutor.java:58)
	at org.gradle.internal.buildtree.BuildTreeState.run(BuildTreeState.java:58)
	at org.gradle.launcher.exec.BuildTreeLifecycleBuildActionExecutor.execute(BuildTreeLifecycleBuildActionExecutor.java:58)
	at org.gradle.launcher.exec.RunAsBuildOperationBuildActionExecutor$3.call(RunAsBuildOperationBuildActionExecutor.java:61)
	at org.gradle.launcher.exec.RunAsBuildOperationBuildActionExecutor$3.call(RunAsBuildOperationBuildActionExecutor.java:57)
	at org.gradle.internal.operations.DefaultBuildOperationRunner$CallableBuildOperationWorker.execute(DefaultBuildOperationRunner.java:204)
	at org.gradle.internal.operations.DefaultBuildOperationRunner$CallableBuildOperationWorker.execute(DefaultBuildOperationRunner.java:199)
	at org.gradle.internal.operations.DefaultBuildOperationRunner$2.execute(DefaultBuildOperationRunner.java:66)
	at org.gradle.internal.operations.DefaultBuildOperationRunner$2.execute(DefaultBuildOperationRunner.java:59)
	at org.gradle.internal.operations.DefaultBuildOperationRunner.execute(DefaultBuildOperationRunner.java:157)
	at org.gradle.internal.operations.DefaultBuildOperationRunner.execute(DefaultBuildOperationRunner.java:59)
	at org.gradle.internal.operations.DefaultBuildOperationRunner.call(DefaultBuildOperationRunner.java:53)
	at org.gradle.internal.operations.DefaultBuildOperationExecutor.call(DefaultBuildOperationExecutor.java:73)
	at org.gradle.launcher.exec.RunAsBuildOperationBuildActionExecutor.execute(RunAsBuildOperationBuildActionExecutor.java:57)
	at org.gradle.launcher.exec.RunAsWorkerThreadBuildActionExecutor.lambda$execute$0(RunAsWorkerThreadBuildActionExecutor.java:36)
	at org.gradle.internal.work.DefaultWorkerLeaseService.withLocks(DefaultWorkerLeaseService.java:264)
	at org.gradle.internal.work.DefaultWorkerLeaseService.runAsWorkerThread(DefaultWorkerLeaseService.java:128)
	at org.gradle.launcher.exec.RunAsWorkerThreadBuildActionExecutor.execute(RunAsWorkerThreadBuildActionExecutor.java:36)
	at org.gradle.tooling.internal.provider.continuous.ContinuousBuildActionExecutor.execute(ContinuousBuildActionExecutor.java:110)
	at org.gradle.tooling.internal.provider.SubscribableBuildActionExecutor.execute(SubscribableBuildActionExecutor.java:64)
	at org.gradle.internal.session.DefaultBuildSessionContext.execute(DefaultBuildSessionContext.java:46)
	at org.gradle.tooling.internal.provider.BuildSessionLifecycleBuildActionExecuter$ActionImpl.apply(BuildSessionLifecycleBuildActionExecuter.java:92)
	at org.gradle.tooling.internal.provider.BuildSessionLifecycleBuildActionExecuter$ActionImpl.apply(BuildSessionLifecycleBuildActionExecuter.java:80)
	at org.gradle.internal.session.BuildSessionState.run(BuildSessionState.java:69)
	at org.gradle.tooling.internal.provider.BuildSessionLifecycleBuildActionExecuter.execute(BuildSessionLifecycleBuildActionExecuter.java:62)
	at org.gradle.tooling.internal.provider.BuildSessionLifecycleBuildActionExecuter.execute(BuildSessionLifecycleBuildActionExecuter.java:41)
	at org.gradle.tooling.internal.provider.StartParamsValidatingActionExecuter.execute(StartParamsValidatingActionExecuter.java:64)
	at org.gradle.tooling.internal.provider.StartParamsValidatingActionExecuter.execute(StartParamsValidatingActionExecuter.java:32)
	at org.gradle.tooling.internal.provider.SessionFailureReportingActionExecuter.execute(SessionFailureReportingActionExecuter.java:51)
	at org.gradle.tooling.internal.provider.SessionFailureReportingActionExecuter.execute(SessionFailureReportingActionExecuter.java:39)
	at org.gradle.tooling.internal.provider.SetupLoggingActionExecuter.execute(SetupLoggingActionExecuter.java:47)
	at org.gradle.tooling.internal.provider.SetupLoggingActionExecuter.execute(SetupLoggingActionExecuter.java:31)
	at org.gradle.launcher.daemon.server.exec.ExecuteBuild.doBuild(ExecuteBuild.java:65)
	at org.gradle.launcher.daemon.server.exec.BuildCommandOnly.execute(BuildCommandOnly.java:37)
	at org.gradle.launcher.daemon.server.api.DaemonCommandExecution.proceed(DaemonCommandExecution.java:104)
	at org.gradle.launcher.daemon.server.exec.WatchForDisconnection.execute(WatchForDisconnection.java:39)
	at org.gradle.launcher.daemon.server.api.DaemonCommandExecution.proceed(DaemonCommandExecution.java:104)
	at org.gradle.launcher.daemon.server.exec.ResetDeprecationLogger.execute(ResetDeprecationLogger.java:29)
	at org.gradle.launcher.daemon.server.api.DaemonCommandExecution.proceed(DaemonCommandExecution.java:104)
	at org.gradle.launcher.daemon.server.exec.RequestStopIfSingleUsedDaemon.execute(RequestStopIfSingleUsedDaemon.java:35)
	at org.gradle.launcher.daemon.server.api.DaemonCommandExecution.proceed(DaemonCommandExecution.java:104)
	at org.gradle.launcher.daemon.server.exec.ForwardClientInput$2.create(ForwardClientInput.java:78)
	at org.gradle.launcher.daemon.server.exec.ForwardClientInput$2.create(ForwardClientInput.java:75)
	at org.gradle.util.internal.Swapper.swap(Swapper.java:38)
	at org.gradle.launcher.daemon.server.exec.ForwardClientInput.execute(ForwardClientInput.java:75)
	at org.gradle.launcher.daemon.server.api.DaemonCommandExecution.proceed(DaemonCommandExecution.java:104)
	at org.gradle.launcher.daemon.server.exec.LogAndCheckHealth.execute(LogAndCheckHealth.java:64)
	at org.gradle.launcher.daemon.server.api.DaemonCommandExecution.proceed(DaemonCommandExecution.java:104)
	at org.gradle.launcher.daemon.server.exec.LogToClient.doBuild(LogToClient.java:63)
	at org.gradle.launcher.daemon.server.exec.BuildCommandOnly.execute(BuildCommandOnly.java:37)
	at org.gradle.launcher.daemon.server.api.DaemonCommandExecution.proceed(DaemonCommandExecution.java:104)
	at org.gradle.launcher.daemon.server.exec.EstablishBuildEnvironment.doBuild(EstablishBuildEnvironment.java:84)
	at org.gradle.launcher.daemon.server.exec.BuildCommandOnly.execute(BuildCommandOnly.java:37)
	at org.gradle.launcher.daemon.server.api.DaemonCommandExecution.proceed(DaemonCommandExecution.java:104)
	at org.gradle.launcher.daemon.server.exec.StartBuildOrRespondWithBusy$1.run(StartBuildOrRespondWithBusy.java:52)
	at org.gradle.launcher.daemon.server.DaemonStateCoordinator$1.run(DaemonStateCoordinator.java:297)
	at org.gradle.internal.concurrent.ExecutorPolicy$CatchAndRecordFailures.onExecute(ExecutorPolicy.java:64)
	at org.gradle.internal.concurrent.AbstractManagedExecutor$1.run(AbstractManagedExecutor.java:47)
	at java.base/java.util.concurrent.ThreadPoolExecutor.runWorker(ThreadPoolExecutor.java:1136)
	at java.base/java.util.concurrent.ThreadPoolExecutor$Worker.run(ThreadPoolExecutor.java:635)
	at java.base/java.lang.Thread.run(Thread.java:840)
[gradle-intellij-plugin :] Cannot create plugin from file '/opt/android-studio/plugins/properties': Invalid plugin descriptor 'plugin.xml'. Unable to read the plugin descriptor: No enum constant com.jetbrains.plugin.structure.intellij.plugin.IdePluginContentDescriptor.ServiceType.APPLİCATİON.
Unable to read descriptor [../intellij.sh.terminal.xml] from [/opt/android-studio/plugins/sh/lib/sh.jar]
java.lang.IllegalArgumentException: No enum constant com.jetbrains.plugin.structure.intellij.plugin.IdePluginContentDescriptor.ServiceType.APPLİCATİON
	at java.base/java.lang.Enum.valueOf(Enum.java:273)
	at com.jetbrains.plugin.structure.intellij.plugin.IdePluginContentDescriptor$ServiceType.valueOf(IdePluginContents.kt)
	at com.jetbrains.plugin.structure.intellij.plugin.PluginCreator.readServiceDescriptor(PluginCreator.kt:406)
	at com.jetbrains.plugin.structure.intellij.plugin.PluginCreator.readExtensions(PluginCreator.kt:341)
	at com.jetbrains.plugin.structure.intellij.plugin.PluginCreator.setInfoFromBean(PluginCreator.kt:320)
	at com.jetbrains.plugin.structure.intellij.plugin.PluginCreator.resolveDocumentAndValidateBean(PluginCreator.kt:664)
	at com.jetbrains.plugin.structure.intellij.plugin.PluginCreator.access$resolveDocumentAndValidateBean(PluginCreator.kt:31)
	at com.jetbrains.plugin.structure.intellij.plugin.PluginCreator$Companion.createPlugin(PluginCreator.kt:109)
	at com.jetbrains.plugin.structure.intellij.plugin.IdePluginManager.loadPluginInfoFromJarFile(IdePluginManager.kt:62)
	at com.jetbrains.plugin.structure.intellij.plugin.IdePluginManager.loadPluginInfoFromLibDirectory(IdePluginManager.kt:165)
	at com.jetbrains.plugin.structure.intellij.plugin.IdePluginManager.loadPluginInfoFromDirectory(IdePluginManager.kt:97)
	at com.jetbrains.plugin.structure.intellij.plugin.IdePluginManager.loadPluginInfoFromJarOrDirectory(IdePluginManager.kt:206)
	at com.jetbrains.plugin.structure.intellij.plugin.IdePluginManager.resolveContentModules(IdePluginManager.kt:238)
	at com.jetbrains.plugin.structure.intellij.plugin.IdePluginManager.getPluginCreatorWithResult(IdePluginManager.kt:349)
	at com.jetbrains.plugin.structure.intellij.plugin.IdePluginManager.createPlugin(IdePluginManager.kt:314)
	at com.jetbrains.plugin.structure.intellij.plugin.IdePluginManager.createPlugin$default(IdePluginManager.kt:312)
	at org.jetbrains.intellij.Utils.createPlugin(utils.kt:222)
	at org.jetbrains.intellij.dependency.BuiltinPluginsRegistry.add(BuiltinPluginsRegistry.kt:89)
	at org.jetbrains.intellij.dependency.BuiltinPluginsRegistry.fillFromDirectory(BuiltinPluginsRegistry.kt:47)
	at org.jetbrains.intellij.dependency.BuiltinPluginsRegistry.access$fillFromDirectory(BuiltinPluginsRegistry.kt:21)
	at org.jetbrains.intellij.dependency.BuiltinPluginsRegistry$Companion.fromDirectory(BuiltinPluginsRegistry.kt:127)
	at org.jetbrains.intellij.dependency.IdeaDependencyManager.createDependency(IdeaDependencyManager.kt:92)
	at org.jetbrains.intellij.dependency.IdeaDependencyManager.resolveLocal(IdeaDependencyManager.kt:430)
	at org.jetbrains.intellij.IntelliJPlugin$prepareIdeaDependencyProvider$1.call(IntelliJPlugin.kt:299)
	at org.jetbrains.intellij.IntelliJPlugin$prepareIdeaDependencyProvider$1.call(IntelliJPlugin.kt:266)
	at org.gradle.api.internal.provider.DefaultProvider.calculateOwnValue(DefaultProvider.java:72)
	at org.gradle.api.internal.provider.AbstractMinimalProvider.calculateValue(AbstractMinimalProvider.java:115)
	at org.gradle.api.internal.provider.TransformBackedProvider.calculateOwnValue(TransformBackedProvider.java:82)
	at org.gradle.api.internal.provider.AbstractMinimalProvider.calculateValue(AbstractMinimalProvider.java:115)
	at org.gradle.api.internal.provider.AbstractMinimalProvider.withFinalValue(AbstractMinimalProvider.java:168)
	at org.gradle.api.internal.provider.DefaultProperty.finalValue(DefaultProperty.java:133)
	at org.gradle.api.internal.provider.DefaultProperty.finalValue(DefaultProperty.java:26)
	at org.gradle.api.internal.provider.AbstractProperty.finalizeNow(AbstractProperty.java:245)
	at org.gradle.api.internal.provider.AbstractProperty.beforeRead(AbstractProperty.java:239)
	at org.gradle.api.internal.provider.AbstractProperty.calculateOwnValue(AbstractProperty.java:135)
	at org.gradle.api.internal.provider.AbstractMinimalProvider.calculateValue(AbstractMinimalProvider.java:115)
	at org.gradle.api.internal.provider.TransformBackedProvider.calculateOwnValue(TransformBackedProvider.java:82)
	at org.gradle.api.internal.provider.AbstractMinimalProvider.calculateValue(AbstractMinimalProvider.java:115)
	at org.gradle.api.internal.provider.Collectors$ElementsFromCollectionProvider.collectEntries(Collectors.java:220)
	at org.gradle.api.internal.provider.AbstractCollectionProperty$CollectingSupplier.calculateValue(AbstractCollectionProperty.java:344)
	at org.gradle.api.internal.provider.AbstractCollectionProperty.calculateValueFrom(AbstractCollectionProperty.java:189)
	at org.gradle.api.internal.provider.AbstractCollectionProperty.calculateValueFrom(AbstractCollectionProperty.java:37)
	at org.gradle.api.internal.provider.AbstractProperty.doCalculateValue(AbstractProperty.java:142)
	at org.gradle.api.internal.provider.AbstractProperty.calculateOwnValue(AbstractProperty.java:136)
	at org.gradle.api.internal.provider.AbstractMinimalProvider.calculateOwnPresentValue(AbstractMinimalProvider.java:80)
	at org.gradle.api.internal.provider.AbstractMinimalProvider.get(AbstractMinimalProvider.java:100)
	at org.jetbrains.intellij.IntelliJPlugin$configurePrepareSandboxTasks$5$5.transform(IntelliJPlugin.kt:625)
	at org.jetbrains.intellij.IntelliJPlugin$configurePrepareSandboxTasks$5$5.transform(IntelliJPlugin.kt:624)
	at org.gradle.api.internal.provider.ValueSupplier$Present.transform(ValueSupplier.java:541)
	at org.gradle.api.internal.provider.TransformBackedProvider.mapValue(TransformBackedProvider.java:91)
	at org.gradle.api.internal.provider.TransformBackedProvider.calculateOwnValue(TransformBackedProvider.java:83)
	at org.gradle.api.internal.provider.AbstractMinimalProvider.calculateOwnPresentValue(AbstractMinimalProvider.java:80)
	at org.gradle.api.internal.provider.AbstractMinimalProvider.get(AbstractMinimalProvider.java:100)
	at org.gradle.api.internal.provider.ProviderResolutionStrategy$2.resolve(ProviderResolutionStrategy.java:33)
	at org.gradle.api.internal.file.collections.ProviderBackedFileCollection.visitDependencies(ProviderBackedFileCollection.java:57)
	at org.gradle.api.internal.tasks.CachingTaskDependencyResolveContext$TaskGraphImpl.getNodeValues(CachingTaskDependencyResolveContext.java:103)
	at org.gradle.internal.graph.CachingDirectedGraphWalker$GraphWithEmptyEdges.getNodeValues(CachingDirectedGraphWalker.java:213)
	at org.gradle.internal.graph.CachingDirectedGraphWalker.doSearch(CachingDirectedGraphWalker.java:121)
	at org.gradle.internal.graph.CachingDirectedGraphWalker.findValues(CachingDirectedGraphWalker.java:73)
	at org.gradle.api.internal.tasks.CachingTaskDependencyResolveContext.getDependencies(CachingTaskDependencyResolveContext.java:66)
	at org.gradle.execution.plan.TaskDependencyResolver.resolveDependenciesFor(TaskDependencyResolver.java:49)
	at org.gradle.execution.plan.LocalTaskNode.getDependencies(LocalTaskNode.java:148)
	at org.gradle.execution.plan.LocalTaskNode.resolveDependencies(LocalTaskNode.java:122)
	at org.gradle.execution.plan.DefaultExecutionPlan.discoverNodeRelationships(DefaultExecutionPlan.java:183)
	at org.gradle.execution.plan.DefaultExecutionPlan.doAddEntryNodes(DefaultExecutionPlan.java:155)
	at org.gradle.execution.plan.DefaultExecutionPlan.addEntryTasks(DefaultExecutionPlan.java:130)
	at org.gradle.execution.plan.DefaultExecutionPlan.addEntryTasks(DefaultExecutionPlan.java:122)
	at org.gradle.execution.TaskNameResolvingBuildTaskScheduler.scheduleRequestedTasks(TaskNameResolvingBuildTaskScheduler.java:54)
	at org.gradle.execution.DefaultTasksBuildTaskScheduler.scheduleRequestedTasks(DefaultTasksBuildTaskScheduler.java:72)
	at org.gradle.initialization.DefaultTaskExecutionPreparer.lambda$scheduleRequestedTasks$0(DefaultTaskExecutionPreparer.java:46)
	at org.gradle.internal.Factories$1.create(Factories.java:31)
	at org.gradle.internal.work.DefaultWorkerLeaseService.withReplacedLocks(DefaultWorkerLeaseService.java:360)
	at org.gradle.api.internal.project.DefaultProjectStateRegistry$DefaultBuildProjectRegistry.withMutableStateOfAllProjects(DefaultProjectStateRegistry.java:239)
	at org.gradle.api.internal.project.DefaultProjectStateRegistry$DefaultBuildProjectRegistry.withMutableStateOfAllProjects(DefaultProjectStateRegistry.java:232)
	at org.gradle.initialization.DefaultTaskExecutionPreparer.scheduleRequestedTasks(DefaultTaskExecutionPreparer.java:45)
	at org.gradle.initialization.VintageBuildModelController.lambda$scheduleRequestedTasks$0(VintageBuildModelController.java:76)
	at org.gradle.internal.model.StateTransitionController.lambda$inState$1(StateTransitionController.java:99)
	at org.gradle.internal.model.StateTransitionController.lambda$inState$2(StateTransitionController.java:114)
	at org.gradle.internal.work.DefaultSynchronizer.withLock(DefaultSynchronizer.java:44)
	at org.gradle.internal.model.StateTransitionController.inState(StateTransitionController.java:110)
	at org.gradle.internal.model.StateTransitionController.inState(StateTransitionController.java:98)
	at org.gradle.initialization.VintageBuildModelController.scheduleRequestedTasks(VintageBuildModelController.java:76)
	at org.gradle.internal.build.DefaultBuildLifecycleController$DefaultWorkGraphBuilder.addRequestedTasks(DefaultBuildLifecycleController.java:404)
	at org.gradle.internal.buildtree.DefaultBuildTreeWorkPreparer.lambda$scheduleRequestedTasks$0(DefaultBuildTreeWorkPreparer.java:41)
	at org.gradle.internal.build.DefaultBuildLifecycleController.lambda$populateWorkGraph$7(DefaultBuildLifecycleController.java:189)
	at org.gradle.internal.build.DefaultBuildWorkPreparer.populateWorkGraph(DefaultBuildWorkPreparer.java:42)
	at org.gradle.internal.build.BuildOperationFiringBuildWorkPreparer$PopulateWorkGraph.populateTaskGraph(BuildOperationFiringBuildWorkPreparer.java:106)
	at org.gradle.internal.build.BuildOperationFiringBuildWorkPreparer$PopulateWorkGraph.run(BuildOperationFiringBuildWorkPreparer.java:92)
	at org.gradle.internal.operations.DefaultBuildOperationRunner$1.execute(DefaultBuildOperationRunner.java:29)
	at org.gradle.internal.operations.DefaultBuildOperationRunner$1.execute(DefaultBuildOperationRunner.java:26)
	at org.gradle.internal.operations.DefaultBuildOperationRunner$2.execute(DefaultBuildOperationRunner.java:66)
	at org.gradle.internal.operations.DefaultBuildOperationRunner$2.execute(DefaultBuildOperationRunner.java:59)
	at org.gradle.internal.operations.DefaultBuildOperationRunner.execute(DefaultBuildOperationRunner.java:157)
	at org.gradle.internal.operations.DefaultBuildOperationRunner.execute(DefaultBuildOperationRunner.java:59)
	at org.gradle.internal.operations.DefaultBuildOperationRunner.run(DefaultBuildOperationRunner.java:47)
	at org.gradle.internal.operations.DefaultBuildOperationExecutor.run(DefaultBuildOperationExecutor.java:68)
	at org.gradle.internal.build.BuildOperationFiringBuildWorkPreparer.populateWorkGraph(BuildOperationFiringBuildWorkPreparer.java:67)
	at org.gradle.internal.build.DefaultBuildLifecycleController.lambda$populateWorkGraph$8(DefaultBuildLifecycleController.java:189)
	at org.gradle.internal.model.StateTransitionController.lambda$inState$1(StateTransitionController.java:99)
	at org.gradle.internal.model.StateTransitionController.lambda$inState$2(StateTransitionController.java:114)
	at org.gradle.internal.work.DefaultSynchronizer.withLock(DefaultSynchronizer.java:44)
	at org.gradle.internal.model.StateTransitionController.inState(StateTransitionController.java:110)
	at org.gradle.internal.model.StateTransitionController.inState(StateTransitionController.java:98)
	at org.gradle.internal.build.DefaultBuildLifecycleController.populateWorkGraph(DefaultBuildLifecycleController.java:189)
	at org.gradle.internal.build.DefaultBuildWorkGraphController$DefaultBuildWorkGraph.populateWorkGraph(DefaultBuildWorkGraphController.java:169)
	at org.gradle.composite.internal.DefaultBuildController.populateWorkGraph(DefaultBuildController.java:76)
	at org.gradle.composite.internal.DefaultIncludedBuildTaskGraph$DefaultBuildTreeWorkGraphBuilder.withWorkGraph(DefaultIncludedBuildTaskGraph.java:153)
	at org.gradle.internal.buildtree.DefaultBuildTreeWorkPreparer.lambda$scheduleRequestedTasks$1(DefaultBuildTreeWorkPreparer.java:41)
	at org.gradle.composite.internal.DefaultIncludedBuildTaskGraph$DefaultBuildTreeWorkGraph$1.run(DefaultIncludedBuildTaskGraph.java:209)
	at org.gradle.internal.operations.DefaultBuildOperationRunner$1.execute(DefaultBuildOperationRunner.java:29)
	at org.gradle.internal.operations.DefaultBuildOperationRunner$1.execute(DefaultBuildOperationRunner.java:26)
	at org.gradle.internal.operations.DefaultBuildOperationRunner$2.execute(DefaultBuildOperationRunner.java:66)
	at org.gradle.internal.operations.DefaultBuildOperationRunner$2.execute(DefaultBuildOperationRunner.java:59)
	at org.gradle.internal.operations.DefaultBuildOperationRunner.execute(DefaultBuildOperationRunner.java:157)
	at org.gradle.internal.operations.DefaultBuildOperationRunner.execute(DefaultBuildOperationRunner.java:59)
	at org.gradle.internal.operations.DefaultBuildOperationRunner.run(DefaultBuildOperationRunner.java:47)
	at org.gradle.internal.operations.DefaultBuildOperationExecutor.run(DefaultBuildOperationExecutor.java:68)
	at org.gradle.composite.internal.DefaultIncludedBuildTaskGraph$DefaultBuildTreeWorkGraph.scheduleWork(DefaultIncludedBuildTaskGraph.java:204)
	at org.gradle.internal.buildtree.DefaultBuildTreeWorkPreparer.scheduleRequestedTasks(DefaultBuildTreeWorkPreparer.java:37)
	at org.gradle.configurationcache.VintageBuildTreeWorkController$scheduleAndRunRequestedTasks$1.apply(VintageBuildTreeWorkController.kt:36)
	at org.gradle.configurationcache.VintageBuildTreeWorkController$scheduleAndRunRequestedTasks$1.apply(VintageBuildTreeWorkController.kt:35)
	at org.gradle.composite.internal.DefaultIncludedBuildTaskGraph.withNewWorkGraph(DefaultIncludedBuildTaskGraph.java:112)
	at org.gradle.configurationcache.VintageBuildTreeWorkController.scheduleAndRunRequestedTasks(VintageBuildTreeWorkController.kt:35)
	at org.gradle.internal.buildtree.DefaultBuildTreeLifecycleController.lambda$scheduleAndRunTasks$1(DefaultBuildTreeLifecycleController.java:76)
	at org.gradle.internal.buildtree.DefaultBuildTreeLifecycleController.lambda$runBuild$4(DefaultBuildTreeLifecycleController.java:119)
	at org.gradle.internal.model.StateTransitionController.lambda$transition$6(StateTransitionController.java:169)
	at org.gradle.internal.model.StateTransitionController.doTransition(StateTransitionController.java:266)
	at org.gradle.internal.model.StateTransitionController.lambda$transition$7(StateTransitionController.java:169)
	at org.gradle.internal.work.DefaultSynchronizer.withLock(DefaultSynchronizer.java:44)
	at org.gradle.internal.model.StateTransitionController.transition(StateTransitionController.java:169)
	at org.gradle.internal.buildtree.DefaultBuildTreeLifecycleController.runBuild(DefaultBuildTreeLifecycleController.java:116)
	at org.gradle.internal.buildtree.DefaultBuildTreeLifecycleController.scheduleAndRunTasks(DefaultBuildTreeLifecycleController.java:76)
	at org.gradle.internal.buildtree.DefaultBuildTreeLifecycleController.scheduleAndRunTasks(DefaultBuildTreeLifecycleController.java:71)
	at org.gradle.tooling.internal.provider.ExecuteBuildActionRunner.run(ExecuteBuildActionRunner.java:31)
	at org.gradle.launcher.exec.ChainingBuildActionRunner.run(ChainingBuildActionRunner.java:35)
	at org.gradle.internal.buildtree.ProblemReportingBuildActionRunner.run(ProblemReportingBuildActionRunner.java:49)
	at org.gradle.launcher.exec.BuildOutcomeReportingBuildActionRunner.run(BuildOutcomeReportingBuildActionRunner.java:65)
	at org.gradle.tooling.internal.provider.FileSystemWatchingBuildActionRunner.run(FileSystemWatchingBuildActionRunner.java:140)
	at org.gradle.launcher.exec.BuildCompletionNotifyingBuildActionRunner.run(BuildCompletionNotifyingBuildActionRunner.java:41)
	at org.gradle.launcher.exec.RootBuildLifecycleBuildActionExecutor.lambda$execute$0(RootBuildLifecycleBuildActionExecutor.java:40)
	at org.gradle.composite.internal.DefaultRootBuildState.run(DefaultRootBuildState.java:123)
	at org.gradle.launcher.exec.RootBuildLifecycleBuildActionExecutor.execute(RootBuildLifecycleBuildActionExecutor.java:40)
	at org.gradle.internal.buildtree.InitDeprecationLoggingActionExecutor.execute(InitDeprecationLoggingActionExecutor.java:62)
	at org.gradle.internal.buildtree.InitProblems.execute(InitProblems.java:38)
	at org.gradle.internal.buildtree.DefaultBuildTreeContext.execute(DefaultBuildTreeContext.java:40)
	at org.gradle.launcher.exec.BuildTreeLifecycleBuildActionExecutor.lambda$execute$0(BuildTreeLifecycleBuildActionExecutor.java:58)
	at org.gradle.internal.buildtree.BuildTreeState.run(BuildTreeState.java:58)
	at org.gradle.launcher.exec.BuildTreeLifecycleBuildActionExecutor.execute(BuildTreeLifecycleBuildActionExecutor.java:58)
	at org.gradle.launcher.exec.RunAsBuildOperationBuildActionExecutor$3.call(RunAsBuildOperationBuildActionExecutor.java:61)
	at org.gradle.launcher.exec.RunAsBuildOperationBuildActionExecutor$3.call(RunAsBuildOperationBuildActionExecutor.java:57)
	at org.gradle.internal.operations.DefaultBuildOperationRunner$CallableBuildOperationWorker.execute(DefaultBuildOperationRunner.java:204)
	at org.gradle.internal.operations.DefaultBuildOperationRunner$CallableBuildOperationWorker.execute(DefaultBuildOperationRunner.java:199)
	at org.gradle.internal.operations.DefaultBuildOperationRunner$2.execute(DefaultBuildOperationRunner.java:66)
	at org.gradle.internal.operations.DefaultBuildOperationRunner$2.execute(DefaultBuildOperationRunner.java:59)
	at org.gradle.internal.operations.DefaultBuildOperationRunner.execute(DefaultBuildOperationRunner.java:157)
	at org.gradle.internal.operations.DefaultBuildOperationRunner.execute(DefaultBuildOperationRunner.java:59)
	at org.gradle.internal.operations.DefaultBuildOperationRunner.call(DefaultBuildOperationRunner.java:53)
	at org.gradle.internal.operations.DefaultBuildOperationExecutor.call(DefaultBuildOperationExecutor.java:73)
	at org.gradle.launcher.exec.RunAsBuildOperationBuildActionExecutor.execute(RunAsBuildOperationBuildActionExecutor.java:57)
	at org.gradle.launcher.exec.RunAsWorkerThreadBuildActionExecutor.lambda$execute$0(RunAsWorkerThreadBuildActionExecutor.java:36)
	at org.gradle.internal.work.DefaultWorkerLeaseService.withLocks(DefaultWorkerLeaseService.java:264)
	at org.gradle.internal.work.DefaultWorkerLeaseService.runAsWorkerThread(DefaultWorkerLeaseService.java:128)
	at org.gradle.launcher.exec.RunAsWorkerThreadBuildActionExecutor.execute(RunAsWorkerThreadBuildActionExecutor.java:36)
	at org.gradle.tooling.internal.provider.continuous.ContinuousBuildActionExecutor.execute(ContinuousBuildActionExecutor.java:110)
	at org.gradle.tooling.internal.provider.SubscribableBuildActionExecutor.execute(SubscribableBuildActionExecutor.java:64)
	at org.gradle.internal.session.DefaultBuildSessionContext.execute(DefaultBuildSessionContext.java:46)
	at org.gradle.tooling.internal.provider.BuildSessionLifecycleBuildActionExecuter$ActionImpl.apply(BuildSessionLifecycleBuildActionExecuter.java:92)
	at org.gradle.tooling.internal.provider.BuildSessionLifecycleBuildActionExecuter$ActionImpl.apply(BuildSessionLifecycleBuildActionExecuter.java:80)
	at org.gradle.internal.session.BuildSessionState.run(BuildSessionState.java:69)
	at org.gradle.tooling.internal.provider.BuildSessionLifecycleBuildActionExecuter.execute(BuildSessionLifecycleBuildActionExecuter.java:62)
	at org.gradle.tooling.internal.provider.BuildSessionLifecycleBuildActionExecuter.execute(BuildSessionLifecycleBuildActionExecuter.java:41)
	at org.gradle.tooling.internal.provider.StartParamsValidatingActionExecuter.execute(StartParamsValidatingActionExecuter.java:64)
	at org.gradle.tooling.internal.provider.StartParamsValidatingActionExecuter.execute(StartParamsValidatingActionExecuter.java:32)
	at org.gradle.tooling.internal.provider.SessionFailureReportingActionExecuter.execute(SessionFailureReportingActionExecuter.java:51)
	at org.gradle.tooling.internal.provider.SessionFailureReportingActionExecuter.execute(SessionFailureReportingActionExecuter.java:39)
	at org.gradle.tooling.internal.provider.SetupLoggingActionExecuter.execute(SetupLoggingActionExecuter.java:47)
	at org.gradle.tooling.internal.provider.SetupLoggingActionExecuter.execute(SetupLoggingActionExecuter.java:31)
	at org.gradle.launcher.daemon.server.exec.ExecuteBuild.doBuild(ExecuteBuild.java:65)
	at org.gradle.launcher.daemon.server.exec.BuildCommandOnly.execute(BuildCommandOnly.java:37)
	at org.gradle.launcher.daemon.server.api.DaemonCommandExecution.proceed(DaemonCommandExecution.java:104)
	at org.gradle.launcher.daemon.server.exec.WatchForDisconnection.execute(WatchForDisconnection.java:39)
	at org.gradle.launcher.daemon.server.api.DaemonCommandExecution.proceed(DaemonCommandExecution.java:104)
	at org.gradle.launcher.daemon.server.exec.ResetDeprecationLogger.execute(ResetDeprecationLogger.java:29)
	at org.gradle.launcher.daemon.server.api.DaemonCommandExecution.proceed(DaemonCommandExecution.java:104)
	at org.gradle.launcher.daemon.server.exec.RequestStopIfSingleUsedDaemon.execute(RequestStopIfSingleUsedDaemon.java:35)
	at org.gradle.launcher.daemon.server.api.DaemonCommandExecution.proceed(DaemonCommandExecution.java:104)
	at org.gradle.launcher.daemon.server.exec.ForwardClientInput$2.create(ForwardClientInput.java:78)
	at org.gradle.launcher.daemon.server.exec.ForwardClientInput$2.create(ForwardClientInput.java:75)
	at org.gradle.util.internal.Swapper.swap(Swapper.java:38)
	at org.gradle.launcher.daemon.server.exec.ForwardClientInput.execute(ForwardClientInput.java:75)
	at org.gradle.launcher.daemon.server.api.DaemonCommandExecution.proceed(DaemonCommandExecution.java:104)
	at org.gradle.launcher.daemon.server.exec.LogAndCheckHealth.execute(LogAndCheckHealth.java:64)
	at org.gradle.launcher.daemon.server.api.DaemonCommandExecution.proceed(DaemonCommandExecution.java:104)
	at org.gradle.launcher.daemon.server.exec.LogToClient.doBuild(LogToClient.java:63)
	at org.gradle.launcher.daemon.server.exec.BuildCommandOnly.execute(BuildCommandOnly.java:37)
	at org.gradle.launcher.daemon.server.api.DaemonCommandExecution.proceed(DaemonCommandExecution.java:104)
	at org.gradle.launcher.daemon.server.exec.EstablishBuildEnvironment.doBuild(EstablishBuildEnvironment.java:84)
	at org.gradle.launcher.daemon.server.exec.BuildCommandOnly.execute(BuildCommandOnly.java:37)
	at org.gradle.launcher.daemon.server.api.DaemonCommandExecution.proceed(DaemonCommandExecution.java:104)
	at org.gradle.launcher.daemon.server.exec.StartBuildOrRespondWithBusy$1.run(StartBuildOrRespondWithBusy.java:52)
	at org.gradle.launcher.daemon.server.DaemonStateCoordinator$1.run(DaemonStateCoordinator.java:297)
	at org.gradle.internal.concurrent.ExecutorPolicy$CatchAndRecordFailures.onExecute(ExecutorPolicy.java:64)
	at org.gradle.internal.concurrent.AbstractManagedExecutor$1.run(AbstractManagedExecutor.java:47)
	at java.base/java.util.concurrent.ThreadPoolExecutor.runWorker(ThreadPoolExecutor.java:1136)
	at java.base/java.util.concurrent.ThreadPoolExecutor$Worker.run(ThreadPoolExecutor.java:635)
	at java.base/java.lang.Thread.run(Thread.java:840)
Unable to read descriptor [plugin.xml] from [/opt/android-studio/plugins/tasks/lib/tasks-core.jar]
java.lang.IllegalArgumentException: No enum constant com.jetbrains.plugin.structure.intellij.plugin.IdePluginContentDescriptor.ServiceType.APPLİCATİON
	at java.base/java.lang.Enum.valueOf(Enum.java:273)
	at com.jetbrains.plugin.structure.intellij.plugin.IdePluginContentDescriptor$ServiceType.valueOf(IdePluginContents.kt)
	at com.jetbrains.plugin.structure.intellij.plugin.PluginCreator.readServiceDescriptor(PluginCreator.kt:406)
	at com.jetbrains.plugin.structure.intellij.plugin.PluginCreator.readExtensions(PluginCreator.kt:341)
	at com.jetbrains.plugin.structure.intellij.plugin.PluginCreator.setInfoFromBean(PluginCreator.kt:320)
	at com.jetbrains.plugin.structure.intellij.plugin.PluginCreator.resolveDocumentAndValidateBean(PluginCreator.kt:664)
	at com.jetbrains.plugin.structure.intellij.plugin.PluginCreator.access$resolveDocumentAndValidateBean(PluginCreator.kt:31)
	at com.jetbrains.plugin.structure.intellij.plugin.PluginCreator$Companion.createPlugin(PluginCreator.kt:109)
	at com.jetbrains.plugin.structure.intellij.plugin.IdePluginManager.loadPluginInfoFromJarFile(IdePluginManager.kt:62)
	at com.jetbrains.plugin.structure.intellij.plugin.IdePluginManager.loadPluginInfoFromLibDirectory(IdePluginManager.kt:165)
	at com.jetbrains.plugin.structure.intellij.plugin.IdePluginManager.loadPluginInfoFromDirectory(IdePluginManager.kt:97)
	at com.jetbrains.plugin.structure.intellij.plugin.IdePluginManager.loadPluginInfoFromJarOrDirectory(IdePluginManager.kt:206)
	at com.jetbrains.plugin.structure.intellij.plugin.IdePluginManager.getPluginCreatorWithResult(IdePluginManager.kt:347)
	at com.jetbrains.plugin.structure.intellij.plugin.IdePluginManager.createPlugin(IdePluginManager.kt:314)
	at com.jetbrains.plugin.structure.intellij.plugin.IdePluginManager.createPlugin$default(IdePluginManager.kt:312)
	at org.jetbrains.intellij.Utils.createPlugin(utils.kt:222)
	at org.jetbrains.intellij.dependency.BuiltinPluginsRegistry.add(BuiltinPluginsRegistry.kt:89)
	at org.jetbrains.intellij.dependency.BuiltinPluginsRegistry.fillFromDirectory(BuiltinPluginsRegistry.kt:47)
	at org.jetbrains.intellij.dependency.BuiltinPluginsRegistry.access$fillFromDirectory(BuiltinPluginsRegistry.kt:21)
	at org.jetbrains.intellij.dependency.BuiltinPluginsRegistry$Companion.fromDirectory(BuiltinPluginsRegistry.kt:127)
	at org.jetbrains.intellij.dependency.IdeaDependencyManager.createDependency(IdeaDependencyManager.kt:92)
	at org.jetbrains.intellij.dependency.IdeaDependencyManager.resolveLocal(IdeaDependencyManager.kt:430)
	at org.jetbrains.intellij.IntelliJPlugin$prepareIdeaDependencyProvider$1.call(IntelliJPlugin.kt:299)
	at org.jetbrains.intellij.IntelliJPlugin$prepareIdeaDependencyProvider$1.call(IntelliJPlugin.kt:266)
	at org.gradle.api.internal.provider.DefaultProvider.calculateOwnValue(DefaultProvider.java:72)
	at org.gradle.api.internal.provider.AbstractMinimalProvider.calculateValue(AbstractMinimalProvider.java:115)
	at org.gradle.api.internal.provider.TransformBackedProvider.calculateOwnValue(TransformBackedProvider.java:82)
	at org.gradle.api.internal.provider.AbstractMinimalProvider.calculateValue(AbstractMinimalProvider.java:115)
	at org.gradle.api.internal.provider.AbstractMinimalProvider.withFinalValue(AbstractMinimalProvider.java:168)
	at org.gradle.api.internal.provider.DefaultProperty.finalValue(DefaultProperty.java:133)
	at org.gradle.api.internal.provider.DefaultProperty.finalValue(DefaultProperty.java:26)
	at org.gradle.api.internal.provider.AbstractProperty.finalizeNow(AbstractProperty.java:245)
	at org.gradle.api.internal.provider.AbstractProperty.beforeRead(AbstractProperty.java:239)
	at org.gradle.api.internal.provider.AbstractProperty.calculateOwnValue(AbstractProperty.java:135)
	at org.gradle.api.internal.provider.AbstractMinimalProvider.calculateValue(AbstractMinimalProvider.java:115)
	at org.gradle.api.internal.provider.TransformBackedProvider.calculateOwnValue(TransformBackedProvider.java:82)
	at org.gradle.api.internal.provider.AbstractMinimalProvider.calculateValue(AbstractMinimalProvider.java:115)
	at org.gradle.api.internal.provider.Collectors$ElementsFromCollectionProvider.collectEntries(Collectors.java:220)
	at org.gradle.api.internal.provider.AbstractCollectionProperty$CollectingSupplier.calculateValue(AbstractCollectionProperty.java:344)
	at org.gradle.api.internal.provider.AbstractCollectionProperty.calculateValueFrom(AbstractCollectionProperty.java:189)
	at org.gradle.api.internal.provider.AbstractCollectionProperty.calculateValueFrom(AbstractCollectionProperty.java:37)
	at org.gradle.api.internal.provider.AbstractProperty.doCalculateValue(AbstractProperty.java:142)
	at org.gradle.api.internal.provider.AbstractProperty.calculateOwnValue(AbstractProperty.java:136)
	at org.gradle.api.internal.provider.AbstractMinimalProvider.calculateOwnPresentValue(AbstractMinimalProvider.java:80)
	at org.gradle.api.internal.provider.AbstractMinimalProvider.get(AbstractMinimalProvider.java:100)
	at org.jetbrains.intellij.IntelliJPlugin$configurePrepareSandboxTasks$5$5.transform(IntelliJPlugin.kt:625)
	at org.jetbrains.intellij.IntelliJPlugin$configurePrepareSandboxTasks$5$5.transform(IntelliJPlugin.kt:624)
	at org.gradle.api.internal.provider.ValueSupplier$Present.transform(ValueSupplier.java:541)
	at org.gradle.api.internal.provider.TransformBackedProvider.mapValue(TransformBackedProvider.java:91)
	at org.gradle.api.internal.provider.TransformBackedProvider.calculateOwnValue(TransformBackedProvider.java:83)
	at org.gradle.api.internal.provider.AbstractMinimalProvider.calculateOwnPresentValue(AbstractMinimalProvider.java:80)
	at org.gradle.api.internal.provider.AbstractMinimalProvider.get(AbstractMinimalProvider.java:100)
	at org.gradle.api.internal.provider.ProviderResolutionStrategy$2.resolve(ProviderResolutionStrategy.java:33)
	at org.gradle.api.internal.file.collections.ProviderBackedFileCollection.visitDependencies(ProviderBackedFileCollection.java:57)
	at org.gradle.api.internal.tasks.CachingTaskDependencyResolveContext$TaskGraphImpl.getNodeValues(CachingTaskDependencyResolveContext.java:103)
	at org.gradle.internal.graph.CachingDirectedGraphWalker$GraphWithEmptyEdges.getNodeValues(CachingDirectedGraphWalker.java:213)
	at org.gradle.internal.graph.CachingDirectedGraphWalker.doSearch(CachingDirectedGraphWalker.java:121)
	at org.gradle.internal.graph.CachingDirectedGraphWalker.findValues(CachingDirectedGraphWalker.java:73)
	at org.gradle.api.internal.tasks.CachingTaskDependencyResolveContext.getDependencies(CachingTaskDependencyResolveContext.java:66)
	at org.gradle.execution.plan.TaskDependencyResolver.resolveDependenciesFor(TaskDependencyResolver.java:49)
	at org.gradle.execution.plan.LocalTaskNode.getDependencies(LocalTaskNode.java:148)
	at org.gradle.execution.plan.LocalTaskNode.resolveDependencies(LocalTaskNode.java:122)
	at org.gradle.execution.plan.DefaultExecutionPlan.discoverNodeRelationships(DefaultExecutionPlan.java:183)
	at org.gradle.execution.plan.DefaultExecutionPlan.doAddEntryNodes(DefaultExecutionPlan.java:155)
	at org.gradle.execution.plan.DefaultExecutionPlan.addEntryTasks(DefaultExecutionPlan.java:130)
	at org.gradle.execution.plan.DefaultExecutionPlan.addEntryTasks(DefaultExecutionPlan.java:122)
	at org.gradle.execution.TaskNameResolvingBuildTaskScheduler.scheduleRequestedTasks(TaskNameResolvingBuildTaskScheduler.java:54)
	at org.gradle.execution.DefaultTasksBuildTaskScheduler.scheduleRequestedTasks(DefaultTasksBuildTaskScheduler.java:72)
	at org.gradle.initialization.DefaultTaskExecutionPreparer.lambda$scheduleRequestedTasks$0(DefaultTaskExecutionPreparer.java:46)
	at org.gradle.internal.Factories$1.create(Factories.java:31)
	at org.gradle.internal.work.DefaultWorkerLeaseService.withReplacedLocks(DefaultWorkerLeaseService.java:360)
	at org.gradle.api.internal.project.DefaultProjectStateRegistry$DefaultBuildProjectRegistry.withMutableStateOfAllProjects(DefaultProjectStateRegistry.java:239)
	at org.gradle.api.internal.project.DefaultProjectStateRegistry$DefaultBuildProjectRegistry.withMutableStateOfAllProjects(DefaultProjectStateRegistry.java:232)
	at org.gradle.initialization.DefaultTaskExecutionPreparer.scheduleRequestedTasks(DefaultTaskExecutionPreparer.java:45)
	at org.gradle.initialization.VintageBuildModelController.lambda$scheduleRequestedTasks$0(VintageBuildModelController.java:76)
	at org.gradle.internal.model.StateTransitionController.lambda$inState$1(StateTransitionController.java:99)
	at org.gradle.internal.model.StateTransitionController.lambda$inState$2(StateTransitionController.java:114)
	at org.gradle.internal.work.DefaultSynchronizer.withLock(DefaultSynchronizer.java:44)
	at org.gradle.internal.model.StateTransitionController.inState(StateTransitionController.java:110)
	at org.gradle.internal.model.StateTransitionController.inState(StateTransitionController.java:98)
	at org.gradle.initialization.VintageBuildModelController.scheduleRequestedTasks(VintageBuildModelController.java:76)
	at org.gradle.internal.build.DefaultBuildLifecycleController$DefaultWorkGraphBuilder.addRequestedTasks(DefaultBuildLifecycleController.java:404)
	at org.gradle.internal.buildtree.DefaultBuildTreeWorkPreparer.lambda$scheduleRequestedTasks$0(DefaultBuildTreeWorkPreparer.java:41)
	at org.gradle.internal.build.DefaultBuildLifecycleController.lambda$populateWorkGraph$7(DefaultBuildLifecycleController.java:189)
	at org.gradle.internal.build.DefaultBuildWorkPreparer.populateWorkGraph(DefaultBuildWorkPreparer.java:42)
	at org.gradle.internal.build.BuildOperationFiringBuildWorkPreparer$PopulateWorkGraph.populateTaskGraph(BuildOperationFiringBuildWorkPreparer.java:106)
	at org.gradle.internal.build.BuildOperationFiringBuildWorkPreparer$PopulateWorkGraph.run(BuildOperationFiringBuildWorkPreparer.java:92)
	at org.gradle.internal.operations.DefaultBuildOperationRunner$1.execute(DefaultBuildOperationRunner.java:29)
	at org.gradle.internal.operations.DefaultBuildOperationRunner$1.execute(DefaultBuildOperationRunner.java:26)
	at org.gradle.internal.operations.DefaultBuildOperationRunner$2.execute(DefaultBuildOperationRunner.java:66)
	at org.gradle.internal.operations.DefaultBuildOperationRunner$2.execute(DefaultBuildOperationRunner.java:59)
	at org.gradle.internal.operations.DefaultBuildOperationRunner.execute(DefaultBuildOperationRunner.java:157)
	at org.gradle.internal.operations.DefaultBuildOperationRunner.execute(DefaultBuildOperationRunner.java:59)
	at org.gradle.internal.operations.DefaultBuildOperationRunner.run(DefaultBuildOperationRunner.java:47)
	at org.gradle.internal.operations.DefaultBuildOperationExecutor.run(DefaultBuildOperationExecutor.java:68)
	at org.gradle.internal.build.BuildOperationFiringBuildWorkPreparer.populateWorkGraph(BuildOperationFiringBuildWorkPreparer.java:67)
	at org.gradle.internal.build.DefaultBuildLifecycleController.lambda$populateWorkGraph$8(DefaultBuildLifecycleController.java:189)
	at org.gradle.internal.model.StateTransitionController.lambda$inState$1(StateTransitionController.java:99)
	at org.gradle.internal.model.StateTransitionController.lambda$inState$2(StateTransitionController.java:114)
	at org.gradle.internal.work.DefaultSynchronizer.withLock(DefaultSynchronizer.java:44)
	at org.gradle.internal.model.StateTransitionController.inState(StateTransitionController.java:110)
	at org.gradle.internal.model.StateTransitionController.inState(StateTransitionController.java:98)
	at org.gradle.internal.build.DefaultBuildLifecycleController.populateWorkGraph(DefaultBuildLifecycleController.java:189)
	at org.gradle.internal.build.DefaultBuildWorkGraphController$DefaultBuildWorkGraph.populateWorkGraph(DefaultBuildWorkGraphController.java:169)
	at org.gradle.composite.internal.DefaultBuildController.populateWorkGraph(DefaultBuildController.java:76)
	at org.gradle.composite.internal.DefaultIncludedBuildTaskGraph$DefaultBuildTreeWorkGraphBuilder.withWorkGraph(DefaultIncludedBuildTaskGraph.java:153)
	at org.gradle.internal.buildtree.DefaultBuildTreeWorkPreparer.lambda$scheduleRequestedTasks$1(DefaultBuildTreeWorkPreparer.java:41)
	at org.gradle.composite.internal.DefaultIncludedBuildTaskGraph$DefaultBuildTreeWorkGraph$1.run(DefaultIncludedBuildTaskGraph.java:209)
	at org.gradle.internal.operations.DefaultBuildOperationRunner$1.execute(DefaultBuildOperationRunner.java:29)
	at org.gradle.internal.operations.DefaultBuildOperationRunner$1.execute(DefaultBuildOperationRunner.java:26)
	at org.gradle.internal.operations.DefaultBuildOperationRunner$2.execute(DefaultBuildOperationRunner.java:66)
	at org.gradle.internal.operations.DefaultBuildOperationRunner$2.execute(DefaultBuildOperationRunner.java:59)
	at org.gradle.internal.operations.DefaultBuildOperationRunner.execute(DefaultBuildOperationRunner.java:157)
	at org.gradle.internal.operations.DefaultBuildOperationRunner.execute(DefaultBuildOperationRunner.java:59)
	at org.gradle.internal.operations.DefaultBuildOperationRunner.run(DefaultBuildOperationRunner.java:47)
	at org.gradle.internal.operations.DefaultBuildOperationExecutor.run(DefaultBuildOperationExecutor.java:68)
	at org.gradle.composite.internal.DefaultIncludedBuildTaskGraph$DefaultBuildTreeWorkGraph.scheduleWork(DefaultIncludedBuildTaskGraph.java:204)
	at org.gradle.internal.buildtree.DefaultBuildTreeWorkPreparer.scheduleRequestedTasks(DefaultBuildTreeWorkPreparer.java:37)
	at org.gradle.configurationcache.VintageBuildTreeWorkController$scheduleAndRunRequestedTasks$1.apply(VintageBuildTreeWorkController.kt:36)
	at org.gradle.configurationcache.VintageBuildTreeWorkController$scheduleAndRunRequestedTasks$1.apply(VintageBuildTreeWorkController.kt:35)
	at org.gradle.composite.internal.DefaultIncludedBuildTaskGraph.withNewWorkGraph(DefaultIncludedBuildTaskGraph.java:112)
	at org.gradle.configurationcache.VintageBuildTreeWorkController.scheduleAndRunRequestedTasks(VintageBuildTreeWorkController.kt:35)
	at org.gradle.internal.buildtree.DefaultBuildTreeLifecycleController.lambda$scheduleAndRunTasks$1(DefaultBuildTreeLifecycleController.java:76)
	at org.gradle.internal.buildtree.DefaultBuildTreeLifecycleController.lambda$runBuild$4(DefaultBuildTreeLifecycleController.java:119)
	at org.gradle.internal.model.StateTransitionController.lambda$transition$6(StateTransitionController.java:169)
	at org.gradle.internal.model.StateTransitionController.doTransition(StateTransitionController.java:266)
	at org.gradle.internal.model.StateTransitionController.lambda$transition$7(StateTransitionController.java:169)
	at org.gradle.internal.work.DefaultSynchronizer.withLock(DefaultSynchronizer.java:44)
	at org.gradle.internal.model.StateTransitionController.transition(StateTransitionController.java:169)
	at org.gradle.internal.buildtree.DefaultBuildTreeLifecycleController.runBuild(DefaultBuildTreeLifecycleController.java:116)
	at org.gradle.internal.buildtree.DefaultBuildTreeLifecycleController.scheduleAndRunTasks(DefaultBuildTreeLifecycleController.java:76)
	at org.gradle.internal.buildtree.DefaultBuildTreeLifecycleController.scheduleAndRunTasks(DefaultBuildTreeLifecycleController.java:71)
	at org.gradle.tooling.internal.provider.ExecuteBuildActionRunner.run(ExecuteBuildActionRunner.java:31)
	at org.gradle.launcher.exec.ChainingBuildActionRunner.run(ChainingBuildActionRunner.java:35)
	at org.gradle.internal.buildtree.ProblemReportingBuildActionRunner.run(ProblemReportingBuildActionRunner.java:49)
	at org.gradle.launcher.exec.BuildOutcomeReportingBuildActionRunner.run(BuildOutcomeReportingBuildActionRunner.java:65)
	at org.gradle.tooling.internal.provider.FileSystemWatchingBuildActionRunner.run(FileSystemWatchingBuildActionRunner.java:140)
	at org.gradle.launcher.exec.BuildCompletionNotifyingBuildActionRunner.run(BuildCompletionNotifyingBuildActionRunner.java:41)
	at org.gradle.launcher.exec.RootBuildLifecycleBuildActionExecutor.lambda$execute$0(RootBuildLifecycleBuildActionExecutor.java:40)
	at org.gradle.composite.internal.DefaultRootBuildState.run(DefaultRootBuildState.java:123)
	at org.gradle.launcher.exec.RootBuildLifecycleBuildActionExecutor.execute(RootBuildLifecycleBuildActionExecutor.java:40)
	at org.gradle.internal.buildtree.InitDeprecationLoggingActionExecutor.execute(InitDeprecationLoggingActionExecutor.java:62)
	at org.gradle.internal.buildtree.InitProblems.execute(InitProblems.java:38)
	at org.gradle.internal.buildtree.DefaultBuildTreeContext.execute(DefaultBuildTreeContext.java:40)
	at org.gradle.launcher.exec.BuildTreeLifecycleBuildActionExecutor.lambda$execute$0(BuildTreeLifecycleBuildActionExecutor.java:58)
	at org.gradle.internal.buildtree.BuildTreeState.run(BuildTreeState.java:58)
	at org.gradle.launcher.exec.BuildTreeLifecycleBuildActionExecutor.execute(BuildTreeLifecycleBuildActionExecutor.java:58)
	at org.gradle.launcher.exec.RunAsBuildOperationBuildActionExecutor$3.call(RunAsBuildOperationBuildActionExecutor.java:61)
	at org.gradle.launcher.exec.RunAsBuildOperationBuildActionExecutor$3.call(RunAsBuildOperationBuildActionExecutor.java:57)
	at org.gradle.internal.operations.DefaultBuildOperationRunner$CallableBuildOperationWorker.execute(DefaultBuildOperationRunner.java:204)
	at org.gradle.internal.operations.DefaultBuildOperationRunner$CallableBuildOperationWorker.execute(DefaultBuildOperationRunner.java:199)
	at org.gradle.internal.operations.DefaultBuildOperationRunner$2.execute(DefaultBuildOperationRunner.java:66)
	at org.gradle.internal.operations.DefaultBuildOperationRunner$2.execute(DefaultBuildOperationRunner.java:59)
	at org.gradle.internal.operations.DefaultBuildOperationRunner.execute(DefaultBuildOperationRunner.java:157)
	at org.gradle.internal.operations.DefaultBuildOperationRunner.execute(DefaultBuildOperationRunner.java:59)
	at org.gradle.internal.operations.DefaultBuildOperationRunner.call(DefaultBuildOperationRunner.java:53)
	at org.gradle.internal.operations.DefaultBuildOperationExecutor.call(DefaultBuildOperationExecutor.java:73)
	at org.gradle.launcher.exec.RunAsBuildOperationBuildActionExecutor.execute(RunAsBuildOperationBuildActionExecutor.java:57)
	at org.gradle.launcher.exec.RunAsWorkerThreadBuildActionExecutor.lambda$execute$0(RunAsWorkerThreadBuildActionExecutor.java:36)
	at org.gradle.internal.work.DefaultWorkerLeaseService.withLocks(DefaultWorkerLeaseService.java:264)
	at org.gradle.internal.work.DefaultWorkerLeaseService.runAsWorkerThread(DefaultWorkerLeaseService.java:128)
	at org.gradle.launcher.exec.RunAsWorkerThreadBuildActionExecutor.execute(RunAsWorkerThreadBuildActionExecutor.java:36)
	at org.gradle.tooling.internal.provider.continuous.ContinuousBuildActionExecutor.execute(ContinuousBuildActionExecutor.java:110)
	at org.gradle.tooling.internal.provider.SubscribableBuildActionExecutor.execute(SubscribableBuildActionExecutor.java:64)
	at org.gradle.internal.session.DefaultBuildSessionContext.execute(DefaultBuildSessionContext.java:46)
	at org.gradle.tooling.internal.provider.BuildSessionLifecycleBuildActionExecuter$ActionImpl.apply(BuildSessionLifecycleBuildActionExecuter.java:92)
	at org.gradle.tooling.internal.provider.BuildSessionLifecycleBuildActionExecuter$ActionImpl.apply(BuildSessionLifecycleBuildActionExecuter.java:80)
	at org.gradle.internal.session.BuildSessionState.run(BuildSessionState.java:69)
	at org.gradle.tooling.internal.provider.BuildSessionLifecycleBuildActionExecuter.execute(BuildSessionLifecycleBuildActionExecuter.java:62)
	at org.gradle.tooling.internal.provider.BuildSessionLifecycleBuildActionExecuter.execute(BuildSessionLifecycleBuildActionExecuter.java:41)
	at org.gradle.tooling.internal.provider.StartParamsValidatingActionExecuter.execute(StartParamsValidatingActionExecuter.java:64)
	at org.gradle.tooling.internal.provider.StartParamsValidatingActionExecuter.execute(StartParamsValidatingActionExecuter.java:32)
	at org.gradle.tooling.internal.provider.SessionFailureReportingActionExecuter.execute(SessionFailureReportingActionExecuter.java:51)
	at org.gradle.tooling.internal.provider.SessionFailureReportingActionExecuter.execute(SessionFailureReportingActionExecuter.java:39)
	at org.gradle.tooling.internal.provider.SetupLoggingActionExecuter.execute(SetupLoggingActionExecuter.java:47)
	at org.gradle.tooling.internal.provider.SetupLoggingActionExecuter.execute(SetupLoggingActionExecuter.java:31)
	at org.gradle.launcher.daemon.server.exec.ExecuteBuild.doBuild(ExecuteBuild.java:65)
	at org.gradle.launcher.daemon.server.exec.BuildCommandOnly.execute(BuildCommandOnly.java:37)
	at org.gradle.launcher.daemon.server.api.DaemonCommandExecution.proceed(DaemonCommandExecution.java:104)
	at org.gradle.launcher.daemon.server.exec.WatchForDisconnection.execute(WatchForDisconnection.java:39)
	at org.gradle.launcher.daemon.server.api.DaemonCommandExecution.proceed(DaemonCommandExecution.java:104)
	at org.gradle.launcher.daemon.server.exec.ResetDeprecationLogger.execute(ResetDeprecationLogger.java:29)
	at org.gradle.launcher.daemon.server.api.DaemonCommandExecution.proceed(DaemonCommandExecution.java:104)
	at org.gradle.launcher.daemon.server.exec.RequestStopIfSingleUsedDaemon.execute(RequestStopIfSingleUsedDaemon.java:35)
	at org.gradle.launcher.daemon.server.api.DaemonCommandExecution.proceed(DaemonCommandExecution.java:104)
	at org.gradle.launcher.daemon.server.exec.ForwardClientInput$2.create(ForwardClientInput.java:78)
	at org.gradle.launcher.daemon.server.exec.ForwardClientInput$2.create(ForwardClientInput.java:75)
	at org.gradle.util.internal.Swapper.swap(Swapper.java:38)
	at org.gradle.launcher.daemon.server.exec.ForwardClientInput.execute(ForwardClientInput.java:75)
	at org.gradle.launcher.daemon.server.api.DaemonCommandExecution.proceed(DaemonCommandExecution.java:104)
	at org.gradle.launcher.daemon.server.exec.LogAndCheckHealth.execute(LogAndCheckHealth.java:64)
	at org.gradle.launcher.daemon.server.api.DaemonCommandExecution.proceed(DaemonCommandExecution.java:104)
	at org.gradle.launcher.daemon.server.exec.LogToClient.doBuild(LogToClient.java:63)
	at org.gradle.launcher.daemon.server.exec.BuildCommandOnly.execute(BuildCommandOnly.java:37)
	at org.gradle.launcher.daemon.server.api.DaemonCommandExecution.proceed(DaemonCommandExecution.java:104)
	at org.gradle.launcher.daemon.server.exec.EstablishBuildEnvironment.doBuild(EstablishBuildEnvironment.java:84)
	at org.gradle.launcher.daemon.server.exec.BuildCommandOnly.execute(BuildCommandOnly.java:37)
	at org.gradle.launcher.daemon.server.api.DaemonCommandExecution.proceed(DaemonCommandExecution.java:104)
	at org.gradle.launcher.daemon.server.exec.StartBuildOrRespondWithBusy$1.run(StartBuildOrRespondWithBusy.java:52)
	at org.gradle.launcher.daemon.server.DaemonStateCoordinator$1.run(DaemonStateCoordinator.java:297)
	at org.gradle.internal.concurrent.ExecutorPolicy$CatchAndRecordFailures.onExecute(ExecutorPolicy.java:64)
	at org.gradle.internal.concurrent.AbstractManagedExecutor$1.run(AbstractManagedExecutor.java:47)
	at java.base/java.util.concurrent.ThreadPoolExecutor.runWorker(ThreadPoolExecutor.java:1136)
	at java.base/java.util.concurrent.ThreadPoolExecutor$Worker.run(ThreadPoolExecutor.java:635)
	at java.base/java.lang.Thread.run(Thread.java:840)
[gradle-intellij-plugin :] Cannot create plugin from file '/opt/android-studio/plugins/tasks': Invalid plugin descriptor 'plugin.xml'. Unable to read the plugin descriptor: No enum constant com.jetbrains.plugin.structure.intellij.plugin.IdePluginContentDescriptor.ServiceType.APPLİCATİON.
Unable to read descriptor [plugin.xml] from [/opt/android-studio/plugins/terminal/lib/terminal.jar]
java.lang.IllegalArgumentException: No enum constant com.jetbrains.plugin.structure.intellij.plugin.IdePluginContentDescriptor.ServiceType.APPLİCATİON
	at java.base/java.lang.Enum.valueOf(Enum.java:273)
	at com.jetbrains.plugin.structure.intellij.plugin.IdePluginContentDescriptor$ServiceType.valueOf(IdePluginContents.kt)
	at com.jetbrains.plugin.structure.intellij.plugin.PluginCreator.readServiceDescriptor(PluginCreator.kt:406)
	at com.jetbrains.plugin.structure.intellij.plugin.PluginCreator.readExtensions(PluginCreator.kt:341)
	at com.jetbrains.plugin.structure.intellij.plugin.PluginCreator.setInfoFromBean(PluginCreator.kt:320)
	at com.jetbrains.plugin.structure.intellij.plugin.PluginCreator.resolveDocumentAndValidateBean(PluginCreator.kt:664)
	at com.jetbrains.plugin.structure.intellij.plugin.PluginCreator.access$resolveDocumentAndValidateBean(PluginCreator.kt:31)
	at com.jetbrains.plugin.structure.intellij.plugin.PluginCreator$Companion.createPlugin(PluginCreator.kt:109)
	at com.jetbrains.plugin.structure.intellij.plugin.IdePluginManager.loadPluginInfoFromJarFile(IdePluginManager.kt:62)
	at com.jetbrains.plugin.structure.intellij.plugin.IdePluginManager.loadPluginInfoFromLibDirectory(IdePluginManager.kt:165)
	at com.jetbrains.plugin.structure.intellij.plugin.IdePluginManager.loadPluginInfoFromDirectory(IdePluginManager.kt:97)
	at com.jetbrains.plugin.structure.intellij.plugin.IdePluginManager.loadPluginInfoFromJarOrDirectory(IdePluginManager.kt:206)
	at com.jetbrains.plugin.structure.intellij.plugin.IdePluginManager.getPluginCreatorWithResult(IdePluginManager.kt:347)
	at com.jetbrains.plugin.structure.intellij.plugin.IdePluginManager.createPlugin(IdePluginManager.kt:314)
	at com.jetbrains.plugin.structure.intellij.plugin.IdePluginManager.createPlugin$default(IdePluginManager.kt:312)
	at org.jetbrains.intellij.Utils.createPlugin(utils.kt:222)
	at org.jetbrains.intellij.dependency.BuiltinPluginsRegistry.add(BuiltinPluginsRegistry.kt:89)
	at org.jetbrains.intellij.dependency.BuiltinPluginsRegistry.fillFromDirectory(BuiltinPluginsRegistry.kt:47)
	at org.jetbrains.intellij.dependency.BuiltinPluginsRegistry.access$fillFromDirectory(BuiltinPluginsRegistry.kt:21)
	at org.jetbrains.intellij.dependency.BuiltinPluginsRegistry$Companion.fromDirectory(BuiltinPluginsRegistry.kt:127)
	at org.jetbrains.intellij.dependency.IdeaDependencyManager.createDependency(IdeaDependencyManager.kt:92)
	at org.jetbrains.intellij.dependency.IdeaDependencyManager.resolveLocal(IdeaDependencyManager.kt:430)
	at org.jetbrains.intellij.IntelliJPlugin$prepareIdeaDependencyProvider$1.call(IntelliJPlugin.kt:299)
	at org.jetbrains.intellij.IntelliJPlugin$prepareIdeaDependencyProvider$1.call(IntelliJPlugin.kt:266)
	at org.gradle.api.internal.provider.DefaultProvider.calculateOwnValue(DefaultProvider.java:72)
	at org.gradle.api.internal.provider.AbstractMinimalProvider.calculateValue(AbstractMinimalProvider.java:115)
	at org.gradle.api.internal.provider.TransformBackedProvider.calculateOwnValue(TransformBackedProvider.java:82)
	at org.gradle.api.internal.provider.AbstractMinimalProvider.calculateValue(AbstractMinimalProvider.java:115)
	at org.gradle.api.internal.provider.AbstractMinimalProvider.withFinalValue(AbstractMinimalProvider.java:168)
	at org.gradle.api.internal.provider.DefaultProperty.finalValue(DefaultProperty.java:133)
	at org.gradle.api.internal.provider.DefaultProperty.finalValue(DefaultProperty.java:26)
	at org.gradle.api.internal.provider.AbstractProperty.finalizeNow(AbstractProperty.java:245)
	at org.gradle.api.internal.provider.AbstractProperty.beforeRead(AbstractProperty.java:239)
	at org.gradle.api.internal.provider.AbstractProperty.calculateOwnValue(AbstractProperty.java:135)
	at org.gradle.api.internal.provider.AbstractMinimalProvider.calculateValue(AbstractMinimalProvider.java:115)
	at org.gradle.api.internal.provider.TransformBackedProvider.calculateOwnValue(TransformBackedProvider.java:82)
	at org.gradle.api.internal.provider.AbstractMinimalProvider.calculateValue(AbstractMinimalProvider.java:115)
	at org.gradle.api.internal.provider.Collectors$ElementsFromCollectionProvider.collectEntries(Collectors.java:220)
	at org.gradle.api.internal.provider.AbstractCollectionProperty$CollectingSupplier.calculateValue(AbstractCollectionProperty.java:344)
	at org.gradle.api.internal.provider.AbstractCollectionProperty.calculateValueFrom(AbstractCollectionProperty.java:189)
	at org.gradle.api.internal.provider.AbstractCollectionProperty.calculateValueFrom(AbstractCollectionProperty.java:37)
	at org.gradle.api.internal.provider.AbstractProperty.doCalculateValue(AbstractProperty.java:142)
	at org.gradle.api.internal.provider.AbstractProperty.calculateOwnValue(AbstractProperty.java:136)
	at org.gradle.api.internal.provider.AbstractMinimalProvider.calculateOwnPresentValue(AbstractMinimalProvider.java:80)
	at org.gradle.api.internal.provider.AbstractMinimalProvider.get(AbstractMinimalProvider.java:100)
	at org.jetbrains.intellij.IntelliJPlugin$configurePrepareSandboxTasks$5$5.transform(IntelliJPlugin.kt:625)
	at org.jetbrains.intellij.IntelliJPlugin$configurePrepareSandboxTasks$5$5.transform(IntelliJPlugin.kt:624)
	at org.gradle.api.internal.provider.ValueSupplier$Present.transform(ValueSupplier.java:541)
	at org.gradle.api.internal.provider.TransformBackedProvider.mapValue(TransformBackedProvider.java:91)
	at org.gradle.api.internal.provider.TransformBackedProvider.calculateOwnValue(TransformBackedProvider.java:83)
	at org.gradle.api.internal.provider.AbstractMinimalProvider.calculateOwnPresentValue(AbstractMinimalProvider.java:80)
	at org.gradle.api.internal.provider.AbstractMinimalProvider.get(AbstractMinimalProvider.java:100)
	at org.gradle.api.internal.provider.ProviderResolutionStrategy$2.resolve(ProviderResolutionStrategy.java:33)
	at org.gradle.api.internal.file.collections.ProviderBackedFileCollection.visitDependencies(ProviderBackedFileCollection.java:57)
	at org.gradle.api.internal.tasks.CachingTaskDependencyResolveContext$TaskGraphImpl.getNodeValues(CachingTaskDependencyResolveContext.java:103)
	at org.gradle.internal.graph.CachingDirectedGraphWalker$GraphWithEmptyEdges.getNodeValues(CachingDirectedGraphWalker.java:213)
	at org.gradle.internal.graph.CachingDirectedGraphWalker.doSearch(CachingDirectedGraphWalker.java:121)
	at org.gradle.internal.graph.CachingDirectedGraphWalker.findValues(CachingDirectedGraphWalker.java:73)
	at org.gradle.api.internal.tasks.CachingTaskDependencyResolveContext.getDependencies(CachingTaskDependencyResolveContext.java:66)
	at org.gradle.execution.plan.TaskDependencyResolver.resolveDependenciesFor(TaskDependencyResolver.java:49)
	at org.gradle.execution.plan.LocalTaskNode.getDependencies(LocalTaskNode.java:148)
	at org.gradle.execution.plan.LocalTaskNode.resolveDependencies(LocalTaskNode.java:122)
	at org.gradle.execution.plan.DefaultExecutionPlan.discoverNodeRelationships(DefaultExecutionPlan.java:183)
	at org.gradle.execution.plan.DefaultExecutionPlan.doAddEntryNodes(DefaultExecutionPlan.java:155)
	at org.gradle.execution.plan.DefaultExecutionPlan.addEntryTasks(DefaultExecutionPlan.java:130)
	at org.gradle.execution.plan.DefaultExecutionPlan.addEntryTasks(DefaultExecutionPlan.java:122)
	at org.gradle.execution.TaskNameResolvingBuildTaskScheduler.scheduleRequestedTasks(TaskNameResolvingBuildTaskScheduler.java:54)
	at org.gradle.execution.DefaultTasksBuildTaskScheduler.scheduleRequestedTasks(DefaultTasksBuildTaskScheduler.java:72)
	at org.gradle.initialization.DefaultTaskExecutionPreparer.lambda$scheduleRequestedTasks$0(DefaultTaskExecutionPreparer.java:46)
	at org.gradle.internal.Factories$1.create(Factories.java:31)
	at org.gradle.internal.work.DefaultWorkerLeaseService.withReplacedLocks(DefaultWorkerLeaseService.java:360)
	at org.gradle.api.internal.project.DefaultProjectStateRegistry$DefaultBuildProjectRegistry.withMutableStateOfAllProjects(DefaultProjectStateRegistry.java:239)
	at org.gradle.api.internal.project.DefaultProjectStateRegistry$DefaultBuildProjectRegistry.withMutableStateOfAllProjects(DefaultProjectStateRegistry.java:232)
	at org.gradle.initialization.DefaultTaskExecutionPreparer.scheduleRequestedTasks(DefaultTaskExecutionPreparer.java:45)
	at org.gradle.initialization.VintageBuildModelController.lambda$scheduleRequestedTasks$0(VintageBuildModelController.java:76)
	at org.gradle.internal.model.StateTransitionController.lambda$inState$1(StateTransitionController.java:99)
	at org.gradle.internal.model.StateTransitionController.lambda$inState$2(StateTransitionController.java:114)
	at org.gradle.internal.work.DefaultSynchronizer.withLock(DefaultSynchronizer.java:44)
	at org.gradle.internal.model.StateTransitionController.inState(StateTransitionController.java:110)
	at org.gradle.internal.model.StateTransitionController.inState(StateTransitionController.java:98)
	at org.gradle.initialization.VintageBuildModelController.scheduleRequestedTasks(VintageBuildModelController.java:76)
	at org.gradle.internal.build.DefaultBuildLifecycleController$DefaultWorkGraphBuilder.addRequestedTasks(DefaultBuildLifecycleController.java:404)
	at org.gradle.internal.buildtree.DefaultBuildTreeWorkPreparer.lambda$scheduleRequestedTasks$0(DefaultBuildTreeWorkPreparer.java:41)
	at org.gradle.internal.build.DefaultBuildLifecycleController.lambda$populateWorkGraph$7(DefaultBuildLifecycleController.java:189)
	at org.gradle.internal.build.DefaultBuildWorkPreparer.populateWorkGraph(DefaultBuildWorkPreparer.java:42)
	at org.gradle.internal.build.BuildOperationFiringBuildWorkPreparer$PopulateWorkGraph.populateTaskGraph(BuildOperationFiringBuildWorkPreparer.java:106)
	at org.gradle.internal.build.BuildOperationFiringBuildWorkPreparer$PopulateWorkGraph.run(BuildOperationFiringBuildWorkPreparer.java:92)
	at org.gradle.internal.operations.DefaultBuildOperationRunner$1.execute(DefaultBuildOperationRunner.java:29)
	at org.gradle.internal.operations.DefaultBuildOperationRunner$1.execute(DefaultBuildOperationRunner.java:26)
	at org.gradle.internal.operations.DefaultBuildOperationRunner$2.execute(DefaultBuildOperationRunner.java:66)
	at org.gradle.internal.operations.DefaultBuildOperationRunner$2.execute(DefaultBuildOperationRunner.java:59)
	at org.gradle.internal.operations.DefaultBuildOperationRunner.execute(DefaultBuildOperationRunner.java:157)
	at org.gradle.internal.operations.DefaultBuildOperationRunner.execute(DefaultBuildOperationRunner.java:59)
	at org.gradle.internal.operations.DefaultBuildOperationRunner.run(DefaultBuildOperationRunner.java:47)
	at org.gradle.internal.operations.DefaultBuildOperationExecutor.run(DefaultBuildOperationExecutor.java:68)
	at org.gradle.internal.build.BuildOperationFiringBuildWorkPreparer.populateWorkGraph(BuildOperationFiringBuildWorkPreparer.java:67)
	at org.gradle.internal.build.DefaultBuildLifecycleController.lambda$populateWorkGraph$8(DefaultBuildLifecycleController.java:189)
	at org.gradle.internal.model.StateTransitionController.lambda$inState$1(StateTransitionController.java:99)
	at org.gradle.internal.model.StateTransitionController.lambda$inState$2(StateTransitionController.java:114)
	at org.gradle.internal.work.DefaultSynchronizer.withLock(DefaultSynchronizer.java:44)
	at org.gradle.internal.model.StateTransitionController.inState(StateTransitionController.java:110)
	at org.gradle.internal.model.StateTransitionController.inState(StateTransitionController.java:98)
	at org.gradle.internal.build.DefaultBuildLifecycleController.populateWorkGraph(DefaultBuildLifecycleController.java:189)
	at org.gradle.internal.build.DefaultBuildWorkGraphController$DefaultBuildWorkGraph.populateWorkGraph(DefaultBuildWorkGraphController.java:169)
	at org.gradle.composite.internal.DefaultBuildController.populateWorkGraph(DefaultBuildController.java:76)
	at org.gradle.composite.internal.DefaultIncludedBuildTaskGraph$DefaultBuildTreeWorkGraphBuilder.withWorkGraph(DefaultIncludedBuildTaskGraph.java:153)
	at org.gradle.internal.buildtree.DefaultBuildTreeWorkPreparer.lambda$scheduleRequestedTasks$1(DefaultBuildTreeWorkPreparer.java:41)
	at org.gradle.composite.internal.DefaultIncludedBuildTaskGraph$DefaultBuildTreeWorkGraph$1.run(DefaultIncludedBuildTaskGraph.java:209)
	at org.gradle.internal.operations.DefaultBuildOperationRunner$1.execute(DefaultBuildOperationRunner.java:29)
	at org.gradle.internal.operations.DefaultBuildOperationRunner$1.execute(DefaultBuildOperationRunner.java:26)
	at org.gradle.internal.operations.DefaultBuildOperationRunner$2.execute(DefaultBuildOperationRunner.java:66)
	at org.gradle.internal.operations.DefaultBuildOperationRunner$2.execute(DefaultBuildOperationRunner.java:59)
	at org.gradle.internal.operations.DefaultBuildOperationRunner.execute(DefaultBuildOperationRunner.java:157)
	at org.gradle.internal.operations.DefaultBuildOperationRunner.execute(DefaultBuildOperationRunner.java:59)
	at org.gradle.internal.operations.DefaultBuildOperationRunner.run(DefaultBuildOperationRunner.java:47)
	at org.gradle.internal.operations.DefaultBuildOperationExecutor.run(DefaultBuildOperationExecutor.java:68)
	at org.gradle.composite.internal.DefaultIncludedBuildTaskGraph$DefaultBuildTreeWorkGraph.scheduleWork(DefaultIncludedBuildTaskGraph.java:204)
	at org.gradle.internal.buildtree.DefaultBuildTreeWorkPreparer.scheduleRequestedTasks(DefaultBuildTreeWorkPreparer.java:37)
	at org.gradle.configurationcache.VintageBuildTreeWorkController$scheduleAndRunRequestedTasks$1.apply(VintageBuildTreeWorkController.kt:36)
	at org.gradle.configurationcache.VintageBuildTreeWorkController$scheduleAndRunRequestedTasks$1.apply(VintageBuildTreeWorkController.kt:35)
	at org.gradle.composite.internal.DefaultIncludedBuildTaskGraph.withNewWorkGraph(DefaultIncludedBuildTaskGraph.java:112)
	at org.gradle.configurationcache.VintageBuildTreeWorkController.scheduleAndRunRequestedTasks(VintageBuildTreeWorkController.kt:35)
	at org.gradle.internal.buildtree.DefaultBuildTreeLifecycleController.lambda$scheduleAndRunTasks$1(DefaultBuildTreeLifecycleController.java:76)
	at org.gradle.internal.buildtree.DefaultBuildTreeLifecycleController.lambda$runBuild$4(DefaultBuildTreeLifecycleController.java:119)
	at org.gradle.internal.model.StateTransitionController.lambda$transition$6(StateTransitionController.java:169)
	at org.gradle.internal.model.StateTransitionController.doTransition(StateTransitionController.java:266)
	at org.gradle.internal.model.StateTransitionController.lambda$transition$7(StateTransitionController.java:169)
	at org.gradle.internal.work.DefaultSynchronizer.withLock(DefaultSynchronizer.java:44)
	at org.gradle.internal.model.StateTransitionController.transition(StateTransitionController.java:169)
	at org.gradle.internal.buildtree.DefaultBuildTreeLifecycleController.runBuild(DefaultBuildTreeLifecycleController.java:116)
	at org.gradle.internal.buildtree.DefaultBuildTreeLifecycleController.scheduleAndRunTasks(DefaultBuildTreeLifecycleController.java:76)
	at org.gradle.internal.buildtree.DefaultBuildTreeLifecycleController.scheduleAndRunTasks(DefaultBuildTreeLifecycleController.java:71)
	at org.gradle.tooling.internal.provider.ExecuteBuildActionRunner.run(ExecuteBuildActionRunner.java:31)
	at org.gradle.launcher.exec.ChainingBuildActionRunner.run(ChainingBuildActionRunner.java:35)
	at org.gradle.internal.buildtree.ProblemReportingBuildActionRunner.run(ProblemReportingBuildActionRunner.java:49)
	at org.gradle.launcher.exec.BuildOutcomeReportingBuildActionRunner.run(BuildOutcomeReportingBuildActionRunner.java:65)
	at org.gradle.tooling.internal.provider.FileSystemWatchingBuildActionRunner.run(FileSystemWatchingBuildActionRunner.java:140)
	at org.gradle.launcher.exec.BuildCompletionNotifyingBuildActionRunner.run(BuildCompletionNotifyingBuildActionRunner.java:41)
	at org.gradle.launcher.exec.RootBuildLifecycleBuildActionExecutor.lambda$execute$0(RootBuildLifecycleBuildActionExecutor.java:40)
	at org.gradle.composite.internal.DefaultRootBuildState.run(DefaultRootBuildState.java:123)
	at org.gradle.launcher.exec.RootBuildLifecycleBuildActionExecutor.execute(RootBuildLifecycleBuildActionExecutor.java:40)
	at org.gradle.internal.buildtree.InitDeprecationLoggingActionExecutor.execute(InitDeprecationLoggingActionExecutor.java:62)
	at org.gradle.internal.buildtree.InitProblems.execute(InitProblems.java:38)
	at org.gradle.internal.buildtree.DefaultBuildTreeContext.execute(DefaultBuildTreeContext.java:40)
	at org.gradle.launcher.exec.BuildTreeLifecycleBuildActionExecutor.lambda$execute$0(BuildTreeLifecycleBuildActionExecutor.java:58)
	at org.gradle.internal.buildtree.BuildTreeState.run(BuildTreeState.java:58)
	at org.gradle.launcher.exec.BuildTreeLifecycleBuildActionExecutor.execute(BuildTreeLifecycleBuildActionExecutor.java:58)
	at org.gradle.launcher.exec.RunAsBuildOperationBuildActionExecutor$3.call(RunAsBuildOperationBuildActionExecutor.java:61)
	at org.gradle.launcher.exec.RunAsBuildOperationBuildActionExecutor$3.call(RunAsBuildOperationBuildActionExecutor.java:57)
	at org.gradle.internal.operations.DefaultBuildOperationRunner$CallableBuildOperationWorker.execute(DefaultBuildOperationRunner.java:204)
	at org.gradle.internal.operations.DefaultBuildOperationRunner$CallableBuildOperationWorker.execute(DefaultBuildOperationRunner.java:199)
	at org.gradle.internal.operations.DefaultBuildOperationRunner$2.execute(DefaultBuildOperationRunner.java:66)
	at org.gradle.internal.operations.DefaultBuildOperationRunner$2.execute(DefaultBuildOperationRunner.java:59)
	at org.gradle.internal.operations.DefaultBuildOperationRunner.execute(DefaultBuildOperationRunner.java:157)
	at org.gradle.internal.operations.DefaultBuildOperationRunner.execute(DefaultBuildOperationRunner.java:59)
	at org.gradle.internal.operations.DefaultBuildOperationRunner.call(DefaultBuildOperationRunner.java:53)
	at org.gradle.internal.operations.DefaultBuildOperationExecutor.call(DefaultBuildOperationExecutor.java:73)
	at org.gradle.launcher.exec.RunAsBuildOperationBuildActionExecutor.execute(RunAsBuildOperationBuildActionExecutor.java:57)
	at org.gradle.launcher.exec.RunAsWorkerThreadBuildActionExecutor.lambda$execute$0(RunAsWorkerThreadBuildActionExecutor.java:36)
	at org.gradle.internal.work.DefaultWorkerLeaseService.withLocks(DefaultWorkerLeaseService.java:264)
	at org.gradle.internal.work.DefaultWorkerLeaseService.runAsWorkerThread(DefaultWorkerLeaseService.java:128)
	at org.gradle.launcher.exec.RunAsWorkerThreadBuildActionExecutor.execute(RunAsWorkerThreadBuildActionExecutor.java:36)
	at org.gradle.tooling.internal.provider.continuous.ContinuousBuildActionExecutor.execute(ContinuousBuildActionExecutor.java:110)
	at org.gradle.tooling.internal.provider.SubscribableBuildActionExecutor.execute(SubscribableBuildActionExecutor.java:64)
	at org.gradle.internal.session.DefaultBuildSessionContext.execute(DefaultBuildSessionContext.java:46)
	at org.gradle.tooling.internal.provider.BuildSessionLifecycleBuildActionExecuter$ActionImpl.apply(BuildSessionLifecycleBuildActionExecuter.java:92)
	at org.gradle.tooling.internal.provider.BuildSessionLifecycleBuildActionExecuter$ActionImpl.apply(BuildSessionLifecycleBuildActionExecuter.java:80)
	at org.gradle.internal.session.BuildSessionState.run(BuildSessionState.java:69)
	at org.gradle.tooling.internal.provider.BuildSessionLifecycleBuildActionExecuter.execute(BuildSessionLifecycleBuildActionExecuter.java:62)
	at org.gradle.tooling.internal.provider.BuildSessionLifecycleBuildActionExecuter.execute(BuildSessionLifecycleBuildActionExecuter.java:41)
	at org.gradle.tooling.internal.provider.StartParamsValidatingActionExecuter.execute(StartParamsValidatingActionExecuter.java:64)
	at org.gradle.tooling.internal.provider.StartParamsValidatingActionExecuter.execute(StartParamsValidatingActionExecuter.java:32)
	at org.gradle.tooling.internal.provider.SessionFailureReportingActionExecuter.execute(SessionFailureReportingActionExecuter.java:51)
	at org.gradle.tooling.internal.provider.SessionFailureReportingActionExecuter.execute(SessionFailureReportingActionExecuter.java:39)
	at org.gradle.tooling.internal.provider.SetupLoggingActionExecuter.execute(SetupLoggingActionExecuter.java:47)
	at org.gradle.tooling.internal.provider.SetupLoggingActionExecuter.execute(SetupLoggingActionExecuter.java:31)
	at org.gradle.launcher.daemon.server.exec.ExecuteBuild.doBuild(ExecuteBuild.java:65)
	at org.gradle.launcher.daemon.server.exec.BuildCommandOnly.execute(BuildCommandOnly.java:37)
	at org.gradle.launcher.daemon.server.api.DaemonCommandExecution.proceed(DaemonCommandExecution.java:104)
	at org.gradle.launcher.daemon.server.exec.WatchForDisconnection.execute(WatchForDisconnection.java:39)
	at org.gradle.launcher.daemon.server.api.DaemonCommandExecution.proceed(DaemonCommandExecution.java:104)
	at org.gradle.launcher.daemon.server.exec.ResetDeprecationLogger.execute(ResetDeprecationLogger.java:29)
	at org.gradle.launcher.daemon.server.api.DaemonCommandExecution.proceed(DaemonCommandExecution.java:104)
	at org.gradle.launcher.daemon.server.exec.RequestStopIfSingleUsedDaemon.execute(RequestStopIfSingleUsedDaemon.java:35)
	at org.gradle.launcher.daemon.server.api.DaemonCommandExecution.proceed(DaemonCommandExecution.java:104)
	at org.gradle.launcher.daemon.server.exec.ForwardClientInput$2.create(ForwardClientInput.java:78)
	at org.gradle.launcher.daemon.server.exec.ForwardClientInput$2.create(ForwardClientInput.java:75)
	at org.gradle.util.internal.Swapper.swap(Swapper.java:38)
	at org.gradle.launcher.daemon.server.exec.ForwardClientInput.execute(ForwardClientInput.java:75)
	at org.gradle.launcher.daemon.server.api.DaemonCommandExecution.proceed(DaemonCommandExecution.java:104)
	at org.gradle.launcher.daemon.server.exec.LogAndCheckHealth.execute(LogAndCheckHealth.java:64)
	at org.gradle.launcher.daemon.server.api.DaemonCommandExecution.proceed(DaemonCommandExecution.java:104)
	at org.gradle.launcher.daemon.server.exec.LogToClient.doBuild(LogToClient.java:63)
	at org.gradle.launcher.daemon.server.exec.BuildCommandOnly.execute(BuildCommandOnly.java:37)
	at org.gradle.launcher.daemon.server.api.DaemonCommandExecution.proceed(DaemonCommandExecution.java:104)
	at org.gradle.launcher.daemon.server.exec.EstablishBuildEnvironment.doBuild(EstablishBuildEnvironment.java:84)
	at org.gradle.launcher.daemon.server.exec.BuildCommandOnly.execute(BuildCommandOnly.java:37)
	at org.gradle.launcher.daemon.server.api.DaemonCommandExecution.proceed(DaemonCommandExecution.java:104)
	at org.gradle.launcher.daemon.server.exec.StartBuildOrRespondWithBusy$1.run(StartBuildOrRespondWithBusy.java:52)
	at org.gradle.launcher.daemon.server.DaemonStateCoordinator$1.run(DaemonStateCoordinator.java:297)
	at org.gradle.internal.concurrent.ExecutorPolicy$CatchAndRecordFailures.onExecute(ExecutorPolicy.java:64)
	at org.gradle.internal.concurrent.AbstractManagedExecutor$1.run(AbstractManagedExecutor.java:47)
	at java.base/java.util.concurrent.ThreadPoolExecutor.runWorker(ThreadPoolExecutor.java:1136)
	at java.base/java.util.concurrent.ThreadPoolExecutor$Worker.run(ThreadPoolExecutor.java:635)
	at java.base/java.lang.Thread.run(Thread.java:840)
[gradle-intellij-plugin :] Cannot create plugin from file '/opt/android-studio/plugins/terminal': Invalid plugin descriptor 'plugin.xml'. Unable to read the plugin descriptor: No enum constant com.jetbrains.plugin.structure.intellij.plugin.IdePluginContentDescriptor.ServiceType.APPLİCATİON.
Unable to read descriptor [plugin.xml] from [/opt/android-studio/plugins/test-recorder/lib/test-recorder.jar]
java.lang.IllegalArgumentException: No enum constant com.jetbrains.plugin.structure.intellij.plugin.IdePluginContentDescriptor.ServiceType.APPLİCATİON
	at java.base/java.lang.Enum.valueOf(Enum.java:273)
	at com.jetbrains.plugin.structure.intellij.plugin.IdePluginContentDescriptor$ServiceType.valueOf(IdePluginContents.kt)
	at com.jetbrains.plugin.structure.intellij.plugin.PluginCreator.readServiceDescriptor(PluginCreator.kt:406)
	at com.jetbrains.plugin.structure.intellij.plugin.PluginCreator.readExtensions(PluginCreator.kt:341)
	at com.jetbrains.plugin.structure.intellij.plugin.PluginCreator.setInfoFromBean(PluginCreator.kt:320)
	at com.jetbrains.plugin.structure.intellij.plugin.PluginCreator.resolveDocumentAndValidateBean(PluginCreator.kt:664)
	at com.jetbrains.plugin.structure.intellij.plugin.PluginCreator.access$resolveDocumentAndValidateBean(PluginCreator.kt:31)
	at com.jetbrains.plugin.structure.intellij.plugin.PluginCreator$Companion.createPlugin(PluginCreator.kt:109)
	at com.jetbrains.plugin.structure.intellij.plugin.IdePluginManager.loadPluginInfoFromJarFile(IdePluginManager.kt:62)
	at com.jetbrains.plugin.structure.intellij.plugin.IdePluginManager.loadPluginInfoFromLibDirectory(IdePluginManager.kt:165)
	at com.jetbrains.plugin.structure.intellij.plugin.IdePluginManager.loadPluginInfoFromDirectory(IdePluginManager.kt:97)
	at com.jetbrains.plugin.structure.intellij.plugin.IdePluginManager.loadPluginInfoFromJarOrDirectory(IdePluginManager.kt:206)
	at com.jetbrains.plugin.structure.intellij.plugin.IdePluginManager.getPluginCreatorWithResult(IdePluginManager.kt:347)
	at com.jetbrains.plugin.structure.intellij.plugin.IdePluginManager.createPlugin(IdePluginManager.kt:314)
	at com.jetbrains.plugin.structure.intellij.plugin.IdePluginManager.createPlugin$default(IdePluginManager.kt:312)
	at org.jetbrains.intellij.Utils.createPlugin(utils.kt:222)
	at org.jetbrains.intellij.dependency.BuiltinPluginsRegistry.add(BuiltinPluginsRegistry.kt:89)
	at org.jetbrains.intellij.dependency.BuiltinPluginsRegistry.fillFromDirectory(BuiltinPluginsRegistry.kt:47)
	at org.jetbrains.intellij.dependency.BuiltinPluginsRegistry.access$fillFromDirectory(BuiltinPluginsRegistry.kt:21)
	at org.jetbrains.intellij.dependency.BuiltinPluginsRegistry$Companion.fromDirectory(BuiltinPluginsRegistry.kt:127)
	at org.jetbrains.intellij.dependency.IdeaDependencyManager.createDependency(IdeaDependencyManager.kt:92)
	at org.jetbrains.intellij.dependency.IdeaDependencyManager.resolveLocal(IdeaDependencyManager.kt:430)
	at org.jetbrains.intellij.IntelliJPlugin$prepareIdeaDependencyProvider$1.call(IntelliJPlugin.kt:299)
	at org.jetbrains.intellij.IntelliJPlugin$prepareIdeaDependencyProvider$1.call(IntelliJPlugin.kt:266)
	at org.gradle.api.internal.provider.DefaultProvider.calculateOwnValue(DefaultProvider.java:72)
	at org.gradle.api.internal.provider.AbstractMinimalProvider.calculateValue(AbstractMinimalProvider.java:115)
	at org.gradle.api.internal.provider.TransformBackedProvider.calculateOwnValue(TransformBackedProvider.java:82)
	at org.gradle.api.internal.provider.AbstractMinimalProvider.calculateValue(AbstractMinimalProvider.java:115)
	at org.gradle.api.internal.provider.AbstractMinimalProvider.withFinalValue(AbstractMinimalProvider.java:168)
	at org.gradle.api.internal.provider.DefaultProperty.finalValue(DefaultProperty.java:133)
	at org.gradle.api.internal.provider.DefaultProperty.finalValue(DefaultProperty.java:26)
	at org.gradle.api.internal.provider.AbstractProperty.finalizeNow(AbstractProperty.java:245)
	at org.gradle.api.internal.provider.AbstractProperty.beforeRead(AbstractProperty.java:239)
	at org.gradle.api.internal.provider.AbstractProperty.calculateOwnValue(AbstractProperty.java:135)
	at org.gradle.api.internal.provider.AbstractMinimalProvider.calculateValue(AbstractMinimalProvider.java:115)
	at org.gradle.api.internal.provider.TransformBackedProvider.calculateOwnValue(TransformBackedProvider.java:82)
	at org.gradle.api.internal.provider.AbstractMinimalProvider.calculateValue(AbstractMinimalProvider.java:115)
	at org.gradle.api.internal.provider.Collectors$ElementsFromCollectionProvider.collectEntries(Collectors.java:220)
	at org.gradle.api.internal.provider.AbstractCollectionProperty$CollectingSupplier.calculateValue(AbstractCollectionProperty.java:344)
	at org.gradle.api.internal.provider.AbstractCollectionProperty.calculateValueFrom(AbstractCollectionProperty.java:189)
	at org.gradle.api.internal.provider.AbstractCollectionProperty.calculateValueFrom(AbstractCollectionProperty.java:37)
	at org.gradle.api.internal.provider.AbstractProperty.doCalculateValue(AbstractProperty.java:142)
	at org.gradle.api.internal.provider.AbstractProperty.calculateOwnValue(AbstractProperty.java:136)
	at org.gradle.api.internal.provider.AbstractMinimalProvider.calculateOwnPresentValue(AbstractMinimalProvider.java:80)
	at org.gradle.api.internal.provider.AbstractMinimalProvider.get(AbstractMinimalProvider.java:100)
	at org.jetbrains.intellij.IntelliJPlugin$configurePrepareSandboxTasks$5$5.transform(IntelliJPlugin.kt:625)
	at org.jetbrains.intellij.IntelliJPlugin$configurePrepareSandboxTasks$5$5.transform(IntelliJPlugin.kt:624)
	at org.gradle.api.internal.provider.ValueSupplier$Present.transform(ValueSupplier.java:541)
	at org.gradle.api.internal.provider.TransformBackedProvider.mapValue(TransformBackedProvider.java:91)
	at org.gradle.api.internal.provider.TransformBackedProvider.calculateOwnValue(TransformBackedProvider.java:83)
	at org.gradle.api.internal.provider.AbstractMinimalProvider.calculateOwnPresentValue(AbstractMinimalProvider.java:80)
	at org.gradle.api.internal.provider.AbstractMinimalProvider.get(AbstractMinimalProvider.java:100)
	at org.gradle.api.internal.provider.ProviderResolutionStrategy$2.resolve(ProviderResolutionStrategy.java:33)
	at org.gradle.api.internal.file.collections.ProviderBackedFileCollection.visitDependencies(ProviderBackedFileCollection.java:57)
	at org.gradle.api.internal.tasks.CachingTaskDependencyResolveContext$TaskGraphImpl.getNodeValues(CachingTaskDependencyResolveContext.java:103)
	at org.gradle.internal.graph.CachingDirectedGraphWalker$GraphWithEmptyEdges.getNodeValues(CachingDirectedGraphWalker.java:213)
	at org.gradle.internal.graph.CachingDirectedGraphWalker.doSearch(CachingDirectedGraphWalker.java:121)
	at org.gradle.internal.graph.CachingDirectedGraphWalker.findValues(CachingDirectedGraphWalker.java:73)
	at org.gradle.api.internal.tasks.CachingTaskDependencyResolveContext.getDependencies(CachingTaskDependencyResolveContext.java:66)
	at org.gradle.execution.plan.TaskDependencyResolver.resolveDependenciesFor(TaskDependencyResolver.java:49)
	at org.gradle.execution.plan.LocalTaskNode.getDependencies(LocalTaskNode.java:148)
	at org.gradle.execution.plan.LocalTaskNode.resolveDependencies(LocalTaskNode.java:122)
	at org.gradle.execution.plan.DefaultExecutionPlan.discoverNodeRelationships(DefaultExecutionPlan.java:183)
	at org.gradle.execution.plan.DefaultExecutionPlan.doAddEntryNodes(DefaultExecutionPlan.java:155)
	at org.gradle.execution.plan.DefaultExecutionPlan.addEntryTasks(DefaultExecutionPlan.java:130)
	at org.gradle.execution.plan.DefaultExecutionPlan.addEntryTasks(DefaultExecutionPlan.java:122)
	at org.gradle.execution.TaskNameResolvingBuildTaskScheduler.scheduleRequestedTasks(TaskNameResolvingBuildTaskScheduler.java:54)
	at org.gradle.execution.DefaultTasksBuildTaskScheduler.scheduleRequestedTasks(DefaultTasksBuildTaskScheduler.java:72)
	at org.gradle.initialization.DefaultTaskExecutionPreparer.lambda$scheduleRequestedTasks$0(DefaultTaskExecutionPreparer.java:46)
	at org.gradle.internal.Factories$1.create(Factories.java:31)
	at org.gradle.internal.work.DefaultWorkerLeaseService.withReplacedLocks(DefaultWorkerLeaseService.java:360)
	at org.gradle.api.internal.project.DefaultProjectStateRegistry$DefaultBuildProjectRegistry.withMutableStateOfAllProjects(DefaultProjectStateRegistry.java:239)
	at org.gradle.api.internal.project.DefaultProjectStateRegistry$DefaultBuildProjectRegistry.withMutableStateOfAllProjects(DefaultProjectStateRegistry.java:232)
	at org.gradle.initialization.DefaultTaskExecutionPreparer.scheduleRequestedTasks(DefaultTaskExecutionPreparer.java:45)
	at org.gradle.initialization.VintageBuildModelController.lambda$scheduleRequestedTasks$0(VintageBuildModelController.java:76)
	at org.gradle.internal.model.StateTransitionController.lambda$inState$1(StateTransitionController.java:99)
	at org.gradle.internal.model.StateTransitionController.lambda$inState$2(StateTransitionController.java:114)
	at org.gradle.internal.work.DefaultSynchronizer.withLock(DefaultSynchronizer.java:44)
	at org.gradle.internal.model.StateTransitionController.inState(StateTransitionController.java:110)
	at org.gradle.internal.model.StateTransitionController.inState(StateTransitionController.java:98)
	at org.gradle.initialization.VintageBuildModelController.scheduleRequestedTasks(VintageBuildModelController.java:76)
	at org.gradle.internal.build.DefaultBuildLifecycleController$DefaultWorkGraphBuilder.addRequestedTasks(DefaultBuildLifecycleController.java:404)
	at org.gradle.internal.buildtree.DefaultBuildTreeWorkPreparer.lambda$scheduleRequestedTasks$0(DefaultBuildTreeWorkPreparer.java:41)
	at org.gradle.internal.build.DefaultBuildLifecycleController.lambda$populateWorkGraph$7(DefaultBuildLifecycleController.java:189)
	at org.gradle.internal.build.DefaultBuildWorkPreparer.populateWorkGraph(DefaultBuildWorkPreparer.java:42)
	at org.gradle.internal.build.BuildOperationFiringBuildWorkPreparer$PopulateWorkGraph.populateTaskGraph(BuildOperationFiringBuildWorkPreparer.java:106)
	at org.gradle.internal.build.BuildOperationFiringBuildWorkPreparer$PopulateWorkGraph.run(BuildOperationFiringBuildWorkPreparer.java:92)
	at org.gradle.internal.operations.DefaultBuildOperationRunner$1.execute(DefaultBuildOperationRunner.java:29)
	at org.gradle.internal.operations.DefaultBuildOperationRunner$1.execute(DefaultBuildOperationRunner.java:26)
	at org.gradle.internal.operations.DefaultBuildOperationRunner$2.execute(DefaultBuildOperationRunner.java:66)
	at org.gradle.internal.operations.DefaultBuildOperationRunner$2.execute(DefaultBuildOperationRunner.java:59)
	at org.gradle.internal.operations.DefaultBuildOperationRunner.execute(DefaultBuildOperationRunner.java:157)
	at org.gradle.internal.operations.DefaultBuildOperationRunner.execute(DefaultBuildOperationRunner.java:59)
	at org.gradle.internal.operations.DefaultBuildOperationRunner.run(DefaultBuildOperationRunner.java:47)
	at org.gradle.internal.operations.DefaultBuildOperationExecutor.run(DefaultBuildOperationExecutor.java:68)
	at org.gradle.internal.build.BuildOperationFiringBuildWorkPreparer.populateWorkGraph(BuildOperationFiringBuildWorkPreparer.java:67)
	at org.gradle.internal.build.DefaultBuildLifecycleController.lambda$populateWorkGraph$8(DefaultBuildLifecycleController.java:189)
	at org.gradle.internal.model.StateTransitionController.lambda$inState$1(StateTransitionController.java:99)
	at org.gradle.internal.model.StateTransitionController.lambda$inState$2(StateTransitionController.java:114)
	at org.gradle.internal.work.DefaultSynchronizer.withLock(DefaultSynchronizer.java:44)
	at org.gradle.internal.model.StateTransitionController.inState(StateTransitionController.java:110)
	at org.gradle.internal.model.StateTransitionController.inState(StateTransitionController.java:98)
	at org.gradle.internal.build.DefaultBuildLifecycleController.populateWorkGraph(DefaultBuildLifecycleController.java:189)
	at org.gradle.internal.build.DefaultBuildWorkGraphController$DefaultBuildWorkGraph.populateWorkGraph(DefaultBuildWorkGraphController.java:169)
	at org.gradle.composite.internal.DefaultBuildController.populateWorkGraph(DefaultBuildController.java:76)
	at org.gradle.composite.internal.DefaultIncludedBuildTaskGraph$DefaultBuildTreeWorkGraphBuilder.withWorkGraph(DefaultIncludedBuildTaskGraph.java:153)
	at org.gradle.internal.buildtree.DefaultBuildTreeWorkPreparer.lambda$scheduleRequestedTasks$1(DefaultBuildTreeWorkPreparer.java:41)
	at org.gradle.composite.internal.DefaultIncludedBuildTaskGraph$DefaultBuildTreeWorkGraph$1.run(DefaultIncludedBuildTaskGraph.java:209)
	at org.gradle.internal.operations.DefaultBuildOperationRunner$1.execute(DefaultBuildOperationRunner.java:29)
	at org.gradle.internal.operations.DefaultBuildOperationRunner$1.execute(DefaultBuildOperationRunner.java:26)
	at org.gradle.internal.operations.DefaultBuildOperationRunner$2.execute(DefaultBuildOperationRunner.java:66)
	at org.gradle.internal.operations.DefaultBuildOperationRunner$2.execute(DefaultBuildOperationRunner.java:59)
	at org.gradle.internal.operations.DefaultBuildOperationRunner.execute(DefaultBuildOperationRunner.java:157)
	at org.gradle.internal.operations.DefaultBuildOperationRunner.execute(DefaultBuildOperationRunner.java:59)
	at org.gradle.internal.operations.DefaultBuildOperationRunner.run(DefaultBuildOperationRunner.java:47)
	at org.gradle.internal.operations.DefaultBuildOperationExecutor.run(DefaultBuildOperationExecutor.java:68)
	at org.gradle.composite.internal.DefaultIncludedBuildTaskGraph$DefaultBuildTreeWorkGraph.scheduleWork(DefaultIncludedBuildTaskGraph.java:204)
	at org.gradle.internal.buildtree.DefaultBuildTreeWorkPreparer.scheduleRequestedTasks(DefaultBuildTreeWorkPreparer.java:37)
	at org.gradle.configurationcache.VintageBuildTreeWorkController$scheduleAndRunRequestedTasks$1.apply(VintageBuildTreeWorkController.kt:36)
	at org.gradle.configurationcache.VintageBuildTreeWorkController$scheduleAndRunRequestedTasks$1.apply(VintageBuildTreeWorkController.kt:35)
	at org.gradle.composite.internal.DefaultIncludedBuildTaskGraph.withNewWorkGraph(DefaultIncludedBuildTaskGraph.java:112)
	at org.gradle.configurationcache.VintageBuildTreeWorkController.scheduleAndRunRequestedTasks(VintageBuildTreeWorkController.kt:35)
	at org.gradle.internal.buildtree.DefaultBuildTreeLifecycleController.lambda$scheduleAndRunTasks$1(DefaultBuildTreeLifecycleController.java:76)
	at org.gradle.internal.buildtree.DefaultBuildTreeLifecycleController.lambda$runBuild$4(DefaultBuildTreeLifecycleController.java:119)
	at org.gradle.internal.model.StateTransitionController.lambda$transition$6(StateTransitionController.java:169)
	at org.gradle.internal.model.StateTransitionController.doTransition(StateTransitionController.java:266)
	at org.gradle.internal.model.StateTransitionController.lambda$transition$7(StateTransitionController.java:169)
	at org.gradle.internal.work.DefaultSynchronizer.withLock(DefaultSynchronizer.java:44)
	at org.gradle.internal.model.StateTransitionController.transition(StateTransitionController.java:169)
	at org.gradle.internal.buildtree.DefaultBuildTreeLifecycleController.runBuild(DefaultBuildTreeLifecycleController.java:116)
	at org.gradle.internal.buildtree.DefaultBuildTreeLifecycleController.scheduleAndRunTasks(DefaultBuildTreeLifecycleController.java:76)
	at org.gradle.internal.buildtree.DefaultBuildTreeLifecycleController.scheduleAndRunTasks(DefaultBuildTreeLifecycleController.java:71)
	at org.gradle.tooling.internal.provider.ExecuteBuildActionRunner.run(ExecuteBuildActionRunner.java:31)
	at org.gradle.launcher.exec.ChainingBuildActionRunner.run(ChainingBuildActionRunner.java:35)
	at org.gradle.internal.buildtree.ProblemReportingBuildActionRunner.run(ProblemReportingBuildActionRunner.java:49)
	at org.gradle.launcher.exec.BuildOutcomeReportingBuildActionRunner.run(BuildOutcomeReportingBuildActionRunner.java:65)
	at org.gradle.tooling.internal.provider.FileSystemWatchingBuildActionRunner.run(FileSystemWatchingBuildActionRunner.java:140)
	at org.gradle.launcher.exec.BuildCompletionNotifyingBuildActionRunner.run(BuildCompletionNotifyingBuildActionRunner.java:41)
	at org.gradle.launcher.exec.RootBuildLifecycleBuildActionExecutor.lambda$execute$0(RootBuildLifecycleBuildActionExecutor.java:40)
	at org.gradle.composite.internal.DefaultRootBuildState.run(DefaultRootBuildState.java:123)
	at org.gradle.launcher.exec.RootBuildLifecycleBuildActionExecutor.execute(RootBuildLifecycleBuildActionExecutor.java:40)
	at org.gradle.internal.buildtree.InitDeprecationLoggingActionExecutor.execute(InitDeprecationLoggingActionExecutor.java:62)
	at org.gradle.internal.buildtree.InitProblems.execute(InitProblems.java:38)
	at org.gradle.internal.buildtree.DefaultBuildTreeContext.execute(DefaultBuildTreeContext.java:40)
	at org.gradle.launcher.exec.BuildTreeLifecycleBuildActionExecutor.lambda$execute$0(BuildTreeLifecycleBuildActionExecutor.java:58)
	at org.gradle.internal.buildtree.BuildTreeState.run(BuildTreeState.java:58)
	at org.gradle.launcher.exec.BuildTreeLifecycleBuildActionExecutor.execute(BuildTreeLifecycleBuildActionExecutor.java:58)
	at org.gradle.launcher.exec.RunAsBuildOperationBuildActionExecutor$3.call(RunAsBuildOperationBuildActionExecutor.java:61)
	at org.gradle.launcher.exec.RunAsBuildOperationBuildActionExecutor$3.call(RunAsBuildOperationBuildActionExecutor.java:57)
	at org.gradle.internal.operations.DefaultBuildOperationRunner$CallableBuildOperationWorker.execute(DefaultBuildOperationRunner.java:204)
	at org.gradle.internal.operations.DefaultBuildOperationRunner$CallableBuildOperationWorker.execute(DefaultBuildOperationRunner.java:199)
	at org.gradle.internal.operations.DefaultBuildOperationRunner$2.execute(DefaultBuildOperationRunner.java:66)
	at org.gradle.internal.operations.DefaultBuildOperationRunner$2.execute(DefaultBuildOperationRunner.java:59)
	at org.gradle.internal.operations.DefaultBuildOperationRunner.execute(DefaultBuildOperationRunner.java:157)
	at org.gradle.internal.operations.DefaultBuildOperationRunner.execute(DefaultBuildOperationRunner.java:59)
	at org.gradle.internal.operations.DefaultBuildOperationRunner.call(DefaultBuildOperationRunner.java:53)
	at org.gradle.internal.operations.DefaultBuildOperationExecutor.call(DefaultBuildOperationExecutor.java:73)
	at org.gradle.launcher.exec.RunAsBuildOperationBuildActionExecutor.execute(RunAsBuildOperationBuildActionExecutor.java:57)
	at org.gradle.launcher.exec.RunAsWorkerThreadBuildActionExecutor.lambda$execute$0(RunAsWorkerThreadBuildActionExecutor.java:36)
	at org.gradle.internal.work.DefaultWorkerLeaseService.withLocks(DefaultWorkerLeaseService.java:264)
	at org.gradle.internal.work.DefaultWorkerLeaseService.runAsWorkerThread(DefaultWorkerLeaseService.java:128)
	at org.gradle.launcher.exec.RunAsWorkerThreadBuildActionExecutor.execute(RunAsWorkerThreadBuildActionExecutor.java:36)
	at org.gradle.tooling.internal.provider.continuous.ContinuousBuildActionExecutor.execute(ContinuousBuildActionExecutor.java:110)
	at org.gradle.tooling.internal.provider.SubscribableBuildActionExecutor.execute(SubscribableBuildActionExecutor.java:64)
	at org.gradle.internal.session.DefaultBuildSessionContext.execute(DefaultBuildSessionContext.java:46)
	at org.gradle.tooling.internal.provider.BuildSessionLifecycleBuildActionExecuter$ActionImpl.apply(BuildSessionLifecycleBuildActionExecuter.java:92)
	at org.gradle.tooling.internal.provider.BuildSessionLifecycleBuildActionExecuter$ActionImpl.apply(BuildSessionLifecycleBuildActionExecuter.java:80)
	at org.gradle.internal.session.BuildSessionState.run(BuildSessionState.java:69)
	at org.gradle.tooling.internal.provider.BuildSessionLifecycleBuildActionExecuter.execute(BuildSessionLifecycleBuildActionExecuter.java:62)
	at org.gradle.tooling.internal.provider.BuildSessionLifecycleBuildActionExecuter.execute(BuildSessionLifecycleBuildActionExecuter.java:41)
	at org.gradle.tooling.internal.provider.StartParamsValidatingActionExecuter.execute(StartParamsValidatingActionExecuter.java:64)
	at org.gradle.tooling.internal.provider.StartParamsValidatingActionExecuter.execute(StartParamsValidatingActionExecuter.java:32)
	at org.gradle.tooling.internal.provider.SessionFailureReportingActionExecuter.execute(SessionFailureReportingActionExecuter.java:51)
	at org.gradle.tooling.internal.provider.SessionFailureReportingActionExecuter.execute(SessionFailureReportingActionExecuter.java:39)
	at org.gradle.tooling.internal.provider.SetupLoggingActionExecuter.execute(SetupLoggingActionExecuter.java:47)
	at org.gradle.tooling.internal.provider.SetupLoggingActionExecuter.execute(SetupLoggingActionExecuter.java:31)
	at org.gradle.launcher.daemon.server.exec.ExecuteBuild.doBuild(ExecuteBuild.java:65)
	at org.gradle.launcher.daemon.server.exec.BuildCommandOnly.execute(BuildCommandOnly.java:37)
	at org.gradle.launcher.daemon.server.api.DaemonCommandExecution.proceed(DaemonCommandExecution.java:104)
	at org.gradle.launcher.daemon.server.exec.WatchForDisconnection.execute(WatchForDisconnection.java:39)
	at org.gradle.launcher.daemon.server.api.DaemonCommandExecution.proceed(DaemonCommandExecution.java:104)
	at org.gradle.launcher.daemon.server.exec.ResetDeprecationLogger.execute(ResetDeprecationLogger.java:29)
	at org.gradle.launcher.daemon.server.api.DaemonCommandExecution.proceed(DaemonCommandExecution.java:104)
	at org.gradle.launcher.daemon.server.exec.RequestStopIfSingleUsedDaemon.execute(RequestStopIfSingleUsedDaemon.java:35)
	at org.gradle.launcher.daemon.server.api.DaemonCommandExecution.proceed(DaemonCommandExecution.java:104)
	at org.gradle.launcher.daemon.server.exec.ForwardClientInput$2.create(ForwardClientInput.java:78)
	at org.gradle.launcher.daemon.server.exec.ForwardClientInput$2.create(ForwardClientInput.java:75)
	at org.gradle.util.internal.Swapper.swap(Swapper.java:38)
	at org.gradle.launcher.daemon.server.exec.ForwardClientInput.execute(ForwardClientInput.java:75)
	at org.gradle.launcher.daemon.server.api.DaemonCommandExecution.proceed(DaemonCommandExecution.java:104)
	at org.gradle.launcher.daemon.server.exec.LogAndCheckHealth.execute(LogAndCheckHealth.java:64)
	at org.gradle.launcher.daemon.server.api.DaemonCommandExecution.proceed(DaemonCommandExecution.java:104)
	at org.gradle.launcher.daemon.server.exec.LogToClient.doBuild(LogToClient.java:63)
	at org.gradle.launcher.daemon.server.exec.BuildCommandOnly.execute(BuildCommandOnly.java:37)
	at org.gradle.launcher.daemon.server.api.DaemonCommandExecution.proceed(DaemonCommandExecution.java:104)
	at org.gradle.launcher.daemon.server.exec.EstablishBuildEnvironment.doBuild(EstablishBuildEnvironment.java:84)
	at org.gradle.launcher.daemon.server.exec.BuildCommandOnly.execute(BuildCommandOnly.java:37)
	at org.gradle.launcher.daemon.server.api.DaemonCommandExecution.proceed(DaemonCommandExecution.java:104)
	at org.gradle.launcher.daemon.server.exec.StartBuildOrRespondWithBusy$1.run(StartBuildOrRespondWithBusy.java:52)
	at org.gradle.launcher.daemon.server.DaemonStateCoordinator$1.run(DaemonStateCoordinator.java:297)
	at org.gradle.internal.concurrent.ExecutorPolicy$CatchAndRecordFailures.onExecute(ExecutorPolicy.java:64)
	at org.gradle.internal.concurrent.AbstractManagedExecutor$1.run(AbstractManagedExecutor.java:47)
	at java.base/java.util.concurrent.ThreadPoolExecutor.runWorker(ThreadPoolExecutor.java:1136)
	at java.base/java.util.concurrent.ThreadPoolExecutor$Worker.run(ThreadPoolExecutor.java:635)
	at java.base/java.lang.Thread.run(Thread.java:840)
[gradle-intellij-plugin :] Cannot create plugin from file '/opt/android-studio/plugins/test-recorder': Invalid plugin descriptor 'plugin.xml'. Unable to read the plugin descriptor: No enum constant com.jetbrains.plugin.structure.intellij.plugin.IdePluginContentDescriptor.ServiceType.APPLİCATİON.
Unable to read descriptor [plugin.xml] from [/opt/android-studio/plugins/textmate/lib/textmate.jar]
java.lang.IllegalArgumentException: No enum constant com.jetbrains.plugin.structure.intellij.plugin.IdePluginContentDescriptor.ServiceType.APPLİCATİON
	at java.base/java.lang.Enum.valueOf(Enum.java:273)
	at com.jetbrains.plugin.structure.intellij.plugin.IdePluginContentDescriptor$ServiceType.valueOf(IdePluginContents.kt)
	at com.jetbrains.plugin.structure.intellij.plugin.PluginCreator.readServiceDescriptor(PluginCreator.kt:406)
	at com.jetbrains.plugin.structure.intellij.plugin.PluginCreator.readExtensions(PluginCreator.kt:341)
	at com.jetbrains.plugin.structure.intellij.plugin.PluginCreator.setInfoFromBean(PluginCreator.kt:320)
	at com.jetbrains.plugin.structure.intellij.plugin.PluginCreator.resolveDocumentAndValidateBean(PluginCreator.kt:664)
	at com.jetbrains.plugin.structure.intellij.plugin.PluginCreator.access$resolveDocumentAndValidateBean(PluginCreator.kt:31)
	at com.jetbrains.plugin.structure.intellij.plugin.PluginCreator$Companion.createPlugin(PluginCreator.kt:109)
	at com.jetbrains.plugin.structure.intellij.plugin.IdePluginManager.loadPluginInfoFromJarFile(IdePluginManager.kt:62)
	at com.jetbrains.plugin.structure.intellij.plugin.IdePluginManager.loadPluginInfoFromLibDirectory(IdePluginManager.kt:165)
	at com.jetbrains.plugin.structure.intellij.plugin.IdePluginManager.loadPluginInfoFromDirectory(IdePluginManager.kt:97)
	at com.jetbrains.plugin.structure.intellij.plugin.IdePluginManager.loadPluginInfoFromJarOrDirectory(IdePluginManager.kt:206)
	at com.jetbrains.plugin.structure.intellij.plugin.IdePluginManager.getPluginCreatorWithResult(IdePluginManager.kt:347)
	at com.jetbrains.plugin.structure.intellij.plugin.IdePluginManager.createPlugin(IdePluginManager.kt:314)
	at com.jetbrains.plugin.structure.intellij.plugin.IdePluginManager.createPlugin$default(IdePluginManager.kt:312)
	at org.jetbrains.intellij.Utils.createPlugin(utils.kt:222)
	at org.jetbrains.intellij.dependency.BuiltinPluginsRegistry.add(BuiltinPluginsRegistry.kt:89)
	at org.jetbrains.intellij.dependency.BuiltinPluginsRegistry.fillFromDirectory(BuiltinPluginsRegistry.kt:47)
	at org.jetbrains.intellij.dependency.BuiltinPluginsRegistry.access$fillFromDirectory(BuiltinPluginsRegistry.kt:21)
	at org.jetbrains.intellij.dependency.BuiltinPluginsRegistry$Companion.fromDirectory(BuiltinPluginsRegistry.kt:127)
	at org.jetbrains.intellij.dependency.IdeaDependencyManager.createDependency(IdeaDependencyManager.kt:92)
	at org.jetbrains.intellij.dependency.IdeaDependencyManager.resolveLocal(IdeaDependencyManager.kt:430)
	at org.jetbrains.intellij.IntelliJPlugin$prepareIdeaDependencyProvider$1.call(IntelliJPlugin.kt:299)
	at org.jetbrains.intellij.IntelliJPlugin$prepareIdeaDependencyProvider$1.call(IntelliJPlugin.kt:266)
	at org.gradle.api.internal.provider.DefaultProvider.calculateOwnValue(DefaultProvider.java:72)
	at org.gradle.api.internal.provider.AbstractMinimalProvider.calculateValue(AbstractMinimalProvider.java:115)
	at org.gradle.api.internal.provider.TransformBackedProvider.calculateOwnValue(TransformBackedProvider.java:82)
	at org.gradle.api.internal.provider.AbstractMinimalProvider.calculateValue(AbstractMinimalProvider.java:115)
	at org.gradle.api.internal.provider.AbstractMinimalProvider.withFinalValue(AbstractMinimalProvider.java:168)
	at org.gradle.api.internal.provider.DefaultProperty.finalValue(DefaultProperty.java:133)
	at org.gradle.api.internal.provider.DefaultProperty.finalValue(DefaultProperty.java:26)
	at org.gradle.api.internal.provider.AbstractProperty.finalizeNow(AbstractProperty.java:245)
	at org.gradle.api.internal.provider.AbstractProperty.beforeRead(AbstractProperty.java:239)
	at org.gradle.api.internal.provider.AbstractProperty.calculateOwnValue(AbstractProperty.java:135)
	at org.gradle.api.internal.provider.AbstractMinimalProvider.calculateValue(AbstractMinimalProvider.java:115)
	at org.gradle.api.internal.provider.TransformBackedProvider.calculateOwnValue(TransformBackedProvider.java:82)
	at org.gradle.api.internal.provider.AbstractMinimalProvider.calculateValue(AbstractMinimalProvider.java:115)
	at org.gradle.api.internal.provider.Collectors$ElementsFromCollectionProvider.collectEntries(Collectors.java:220)
	at org.gradle.api.internal.provider.AbstractCollectionProperty$CollectingSupplier.calculateValue(AbstractCollectionProperty.java:344)
	at org.gradle.api.internal.provider.AbstractCollectionProperty.calculateValueFrom(AbstractCollectionProperty.java:189)
	at org.gradle.api.internal.provider.AbstractCollectionProperty.calculateValueFrom(AbstractCollectionProperty.java:37)
	at org.gradle.api.internal.provider.AbstractProperty.doCalculateValue(AbstractProperty.java:142)
	at org.gradle.api.internal.provider.AbstractProperty.calculateOwnValue(AbstractProperty.java:136)
	at org.gradle.api.internal.provider.AbstractMinimalProvider.calculateOwnPresentValue(AbstractMinimalProvider.java:80)
	at org.gradle.api.internal.provider.AbstractMinimalProvider.get(AbstractMinimalProvider.java:100)
	at org.jetbrains.intellij.IntelliJPlugin$configurePrepareSandboxTasks$5$5.transform(IntelliJPlugin.kt:625)
	at org.jetbrains.intellij.IntelliJPlugin$configurePrepareSandboxTasks$5$5.transform(IntelliJPlugin.kt:624)
	at org.gradle.api.internal.provider.ValueSupplier$Present.transform(ValueSupplier.java:541)
	at org.gradle.api.internal.provider.TransformBackedProvider.mapValue(TransformBackedProvider.java:91)
	at org.gradle.api.internal.provider.TransformBackedProvider.calculateOwnValue(TransformBackedProvider.java:83)
	at org.gradle.api.internal.provider.AbstractMinimalProvider.calculateOwnPresentValue(AbstractMinimalProvider.java:80)
	at org.gradle.api.internal.provider.AbstractMinimalProvider.get(AbstractMinimalProvider.java:100)
	at org.gradle.api.internal.provider.ProviderResolutionStrategy$2.resolve(ProviderResolutionStrategy.java:33)
	at org.gradle.api.internal.file.collections.ProviderBackedFileCollection.visitDependencies(ProviderBackedFileCollection.java:57)
	at org.gradle.api.internal.tasks.CachingTaskDependencyResolveContext$TaskGraphImpl.getNodeValues(CachingTaskDependencyResolveContext.java:103)
	at org.gradle.internal.graph.CachingDirectedGraphWalker$GraphWithEmptyEdges.getNodeValues(CachingDirectedGraphWalker.java:213)
	at org.gradle.internal.graph.CachingDirectedGraphWalker.doSearch(CachingDirectedGraphWalker.java:121)
	at org.gradle.internal.graph.CachingDirectedGraphWalker.findValues(CachingDirectedGraphWalker.java:73)
	at org.gradle.api.internal.tasks.CachingTaskDependencyResolveContext.getDependencies(CachingTaskDependencyResolveContext.java:66)
	at org.gradle.execution.plan.TaskDependencyResolver.resolveDependenciesFor(TaskDependencyResolver.java:49)
	at org.gradle.execution.plan.LocalTaskNode.getDependencies(LocalTaskNode.java:148)
	at org.gradle.execution.plan.LocalTaskNode.resolveDependencies(LocalTaskNode.java:122)
	at org.gradle.execution.plan.DefaultExecutionPlan.discoverNodeRelationships(DefaultExecutionPlan.java:183)
	at org.gradle.execution.plan.DefaultExecutionPlan.doAddEntryNodes(DefaultExecutionPlan.java:155)
	at org.gradle.execution.plan.DefaultExecutionPlan.addEntryTasks(DefaultExecutionPlan.java:130)
	at org.gradle.execution.plan.DefaultExecutionPlan.addEntryTasks(DefaultExecutionPlan.java:122)
	at org.gradle.execution.TaskNameResolvingBuildTaskScheduler.scheduleRequestedTasks(TaskNameResolvingBuildTaskScheduler.java:54)
	at org.gradle.execution.DefaultTasksBuildTaskScheduler.scheduleRequestedTasks(DefaultTasksBuildTaskScheduler.java:72)
	at org.gradle.initialization.DefaultTaskExecutionPreparer.lambda$scheduleRequestedTasks$0(DefaultTaskExecutionPreparer.java:46)
	at org.gradle.internal.Factories$1.create(Factories.java:31)
	at org.gradle.internal.work.DefaultWorkerLeaseService.withReplacedLocks(DefaultWorkerLeaseService.java:360)
	at org.gradle.api.internal.project.DefaultProjectStateRegistry$DefaultBuildProjectRegistry.withMutableStateOfAllProjects(DefaultProjectStateRegistry.java:239)
	at org.gradle.api.internal.project.DefaultProjectStateRegistry$DefaultBuildProjectRegistry.withMutableStateOfAllProjects(DefaultProjectStateRegistry.java:232)
	at org.gradle.initialization.DefaultTaskExecutionPreparer.scheduleRequestedTasks(DefaultTaskExecutionPreparer.java:45)
	at org.gradle.initialization.VintageBuildModelController.lambda$scheduleRequestedTasks$0(VintageBuildModelController.java:76)
	at org.gradle.internal.model.StateTransitionController.lambda$inState$1(StateTransitionController.java:99)
	at org.gradle.internal.model.StateTransitionController.lambda$inState$2(StateTransitionController.java:114)
	at org.gradle.internal.work.DefaultSynchronizer.withLock(DefaultSynchronizer.java:44)
	at org.gradle.internal.model.StateTransitionController.inState(StateTransitionController.java:110)
	at org.gradle.internal.model.StateTransitionController.inState(StateTransitionController.java:98)
	at org.gradle.initialization.VintageBuildModelController.scheduleRequestedTasks(VintageBuildModelController.java:76)
	at org.gradle.internal.build.DefaultBuildLifecycleController$DefaultWorkGraphBuilder.addRequestedTasks(DefaultBuildLifecycleController.java:404)
	at org.gradle.internal.buildtree.DefaultBuildTreeWorkPreparer.lambda$scheduleRequestedTasks$0(DefaultBuildTreeWorkPreparer.java:41)
	at org.gradle.internal.build.DefaultBuildLifecycleController.lambda$populateWorkGraph$7(DefaultBuildLifecycleController.java:189)
	at org.gradle.internal.build.DefaultBuildWorkPreparer.populateWorkGraph(DefaultBuildWorkPreparer.java:42)
	at org.gradle.internal.build.BuildOperationFiringBuildWorkPreparer$PopulateWorkGraph.populateTaskGraph(BuildOperationFiringBuildWorkPreparer.java:106)
	at org.gradle.internal.build.BuildOperationFiringBuildWorkPreparer$PopulateWorkGraph.run(BuildOperationFiringBuildWorkPreparer.java:92)
	at org.gradle.internal.operations.DefaultBuildOperationRunner$1.execute(DefaultBuildOperationRunner.java:29)
	at org.gradle.internal.operations.DefaultBuildOperationRunner$1.execute(DefaultBuildOperationRunner.java:26)
	at org.gradle.internal.operations.DefaultBuildOperationRunner$2.execute(DefaultBuildOperationRunner.java:66)
	at org.gradle.internal.operations.DefaultBuildOperationRunner$2.execute(DefaultBuildOperationRunner.java:59)
	at org.gradle.internal.operations.DefaultBuildOperationRunner.execute(DefaultBuildOperationRunner.java:157)
	at org.gradle.internal.operations.DefaultBuildOperationRunner.execute(DefaultBuildOperationRunner.java:59)
	at org.gradle.internal.operations.DefaultBuildOperationRunner.run(DefaultBuildOperationRunner.java:47)
	at org.gradle.internal.operations.DefaultBuildOperationExecutor.run(DefaultBuildOperationExecutor.java:68)
	at org.gradle.internal.build.BuildOperationFiringBuildWorkPreparer.populateWorkGraph(BuildOperationFiringBuildWorkPreparer.java:67)
	at org.gradle.internal.build.DefaultBuildLifecycleController.lambda$populateWorkGraph$8(DefaultBuildLifecycleController.java:189)
	at org.gradle.internal.model.StateTransitionController.lambda$inState$1(StateTransitionController.java:99)
	at org.gradle.internal.model.StateTransitionController.lambda$inState$2(StateTransitionController.java:114)
	at org.gradle.internal.work.DefaultSynchronizer.withLock(DefaultSynchronizer.java:44)
	at org.gradle.internal.model.StateTransitionController.inState(StateTransitionController.java:110)
	at org.gradle.internal.model.StateTransitionController.inState(StateTransitionController.java:98)
	at org.gradle.internal.build.DefaultBuildLifecycleController.populateWorkGraph(DefaultBuildLifecycleController.java:189)
	at org.gradle.internal.build.DefaultBuildWorkGraphController$DefaultBuildWorkGraph.populateWorkGraph(DefaultBuildWorkGraphController.java:169)
	at org.gradle.composite.internal.DefaultBuildController.populateWorkGraph(DefaultBuildController.java:76)
	at org.gradle.composite.internal.DefaultIncludedBuildTaskGraph$DefaultBuildTreeWorkGraphBuilder.withWorkGraph(DefaultIncludedBuildTaskGraph.java:153)
	at org.gradle.internal.buildtree.DefaultBuildTreeWorkPreparer.lambda$scheduleRequestedTasks$1(DefaultBuildTreeWorkPreparer.java:41)
	at org.gradle.composite.internal.DefaultIncludedBuildTaskGraph$DefaultBuildTreeWorkGraph$1.run(DefaultIncludedBuildTaskGraph.java:209)
	at org.gradle.internal.operations.DefaultBuildOperationRunner$1.execute(DefaultBuildOperationRunner.java:29)
	at org.gradle.internal.operations.DefaultBuildOperationRunner$1.execute(DefaultBuildOperationRunner.java:26)
	at org.gradle.internal.operations.DefaultBuildOperationRunner$2.execute(DefaultBuildOperationRunner.java:66)
	at org.gradle.internal.operations.DefaultBuildOperationRunner$2.execute(DefaultBuildOperationRunner.java:59)
	at org.gradle.internal.operations.DefaultBuildOperationRunner.execute(DefaultBuildOperationRunner.java:157)
	at org.gradle.internal.operations.DefaultBuildOperationRunner.execute(DefaultBuildOperationRunner.java:59)
	at org.gradle.internal.operations.DefaultBuildOperationRunner.run(DefaultBuildOperationRunner.java:47)
	at org.gradle.internal.operations.DefaultBuildOperationExecutor.run(DefaultBuildOperationExecutor.java:68)
	at org.gradle.composite.internal.DefaultIncludedBuildTaskGraph$DefaultBuildTreeWorkGraph.scheduleWork(DefaultIncludedBuildTaskGraph.java:204)
	at org.gradle.internal.buildtree.DefaultBuildTreeWorkPreparer.scheduleRequestedTasks(DefaultBuildTreeWorkPreparer.java:37)
	at org.gradle.configurationcache.VintageBuildTreeWorkController$scheduleAndRunRequestedTasks$1.apply(VintageBuildTreeWorkController.kt:36)
	at org.gradle.configurationcache.VintageBuildTreeWorkController$scheduleAndRunRequestedTasks$1.apply(VintageBuildTreeWorkController.kt:35)
	at org.gradle.composite.internal.DefaultIncludedBuildTaskGraph.withNewWorkGraph(DefaultIncludedBuildTaskGraph.java:112)
	at org.gradle.configurationcache.VintageBuildTreeWorkController.scheduleAndRunRequestedTasks(VintageBuildTreeWorkController.kt:35)
	at org.gradle.internal.buildtree.DefaultBuildTreeLifecycleController.lambda$scheduleAndRunTasks$1(DefaultBuildTreeLifecycleController.java:76)
	at org.gradle.internal.buildtree.DefaultBuildTreeLifecycleController.lambda$runBuild$4(DefaultBuildTreeLifecycleController.java:119)
	at org.gradle.internal.model.StateTransitionController.lambda$transition$6(StateTransitionController.java:169)
	at org.gradle.internal.model.StateTransitionController.doTransition(StateTransitionController.java:266)
	at org.gradle.internal.model.StateTransitionController.lambda$transition$7(StateTransitionController.java:169)
	at org.gradle.internal.work.DefaultSynchronizer.withLock(DefaultSynchronizer.java:44)
	at org.gradle.internal.model.StateTransitionController.transition(StateTransitionController.java:169)
	at org.gradle.internal.buildtree.DefaultBuildTreeLifecycleController.runBuild(DefaultBuildTreeLifecycleController.java:116)
	at org.gradle.internal.buildtree.DefaultBuildTreeLifecycleController.scheduleAndRunTasks(DefaultBuildTreeLifecycleController.java:76)
	at org.gradle.internal.buildtree.DefaultBuildTreeLifecycleController.scheduleAndRunTasks(DefaultBuildTreeLifecycleController.java:71)
	at org.gradle.tooling.internal.provider.ExecuteBuildActionRunner.run(ExecuteBuildActionRunner.java:31)
	at org.gradle.launcher.exec.ChainingBuildActionRunner.run(ChainingBuildActionRunner.java:35)
	at org.gradle.internal.buildtree.ProblemReportingBuildActionRunner.run(ProblemReportingBuildActionRunner.java:49)
	at org.gradle.launcher.exec.BuildOutcomeReportingBuildActionRunner.run(BuildOutcomeReportingBuildActionRunner.java:65)
	at org.gradle.tooling.internal.provider.FileSystemWatchingBuildActionRunner.run(FileSystemWatchingBuildActionRunner.java:140)
	at org.gradle.launcher.exec.BuildCompletionNotifyingBuildActionRunner.run(BuildCompletionNotifyingBuildActionRunner.java:41)
	at org.gradle.launcher.exec.RootBuildLifecycleBuildActionExecutor.lambda$execute$0(RootBuildLifecycleBuildActionExecutor.java:40)
	at org.gradle.composite.internal.DefaultRootBuildState.run(DefaultRootBuildState.java:123)
	at org.gradle.launcher.exec.RootBuildLifecycleBuildActionExecutor.execute(RootBuildLifecycleBuildActionExecutor.java:40)
	at org.gradle.internal.buildtree.InitDeprecationLoggingActionExecutor.execute(InitDeprecationLoggingActionExecutor.java:62)
	at org.gradle.internal.buildtree.InitProblems.execute(InitProblems.java:38)
	at org.gradle.internal.buildtree.DefaultBuildTreeContext.execute(DefaultBuildTreeContext.java:40)
	at org.gradle.launcher.exec.BuildTreeLifecycleBuildActionExecutor.lambda$execute$0(BuildTreeLifecycleBuildActionExecutor.java:58)
	at org.gradle.internal.buildtree.BuildTreeState.run(BuildTreeState.java:58)
	at org.gradle.launcher.exec.BuildTreeLifecycleBuildActionExecutor.execute(BuildTreeLifecycleBuildActionExecutor.java:58)
	at org.gradle.launcher.exec.RunAsBuildOperationBuildActionExecutor$3.call(RunAsBuildOperationBuildActionExecutor.java:61)
	at org.gradle.launcher.exec.RunAsBuildOperationBuildActionExecutor$3.call(RunAsBuildOperationBuildActionExecutor.java:57)
	at org.gradle.internal.operations.DefaultBuildOperationRunner$CallableBuildOperationWorker.execute(DefaultBuildOperationRunner.java:204)
	at org.gradle.internal.operations.DefaultBuildOperationRunner$CallableBuildOperationWorker.execute(DefaultBuildOperationRunner.java:199)
	at org.gradle.internal.operations.DefaultBuildOperationRunner$2.execute(DefaultBuildOperationRunner.java:66)
	at org.gradle.internal.operations.DefaultBuildOperationRunner$2.execute(DefaultBuildOperationRunner.java:59)
	at org.gradle.internal.operations.DefaultBuildOperationRunner.execute(DefaultBuildOperationRunner.java:157)
	at org.gradle.internal.operations.DefaultBuildOperationRunner.execute(DefaultBuildOperationRunner.java:59)
	at org.gradle.internal.operations.DefaultBuildOperationRunner.call(DefaultBuildOperationRunner.java:53)
	at org.gradle.internal.operations.DefaultBuildOperationExecutor.call(DefaultBuildOperationExecutor.java:73)
	at org.gradle.launcher.exec.RunAsBuildOperationBuildActionExecutor.execute(RunAsBuildOperationBuildActionExecutor.java:57)
	at org.gradle.launcher.exec.RunAsWorkerThreadBuildActionExecutor.lambda$execute$0(RunAsWorkerThreadBuildActionExecutor.java:36)
	at org.gradle.internal.work.DefaultWorkerLeaseService.withLocks(DefaultWorkerLeaseService.java:264)
	at org.gradle.internal.work.DefaultWorkerLeaseService.runAsWorkerThread(DefaultWorkerLeaseService.java:128)
	at org.gradle.launcher.exec.RunAsWorkerThreadBuildActionExecutor.execute(RunAsWorkerThreadBuildActionExecutor.java:36)
	at org.gradle.tooling.internal.provider.continuous.ContinuousBuildActionExecutor.execute(ContinuousBuildActionExecutor.java:110)
	at org.gradle.tooling.internal.provider.SubscribableBuildActionExecutor.execute(SubscribableBuildActionExecutor.java:64)
	at org.gradle.internal.session.DefaultBuildSessionContext.execute(DefaultBuildSessionContext.java:46)
	at org.gradle.tooling.internal.provider.BuildSessionLifecycleBuildActionExecuter$ActionImpl.apply(BuildSessionLifecycleBuildActionExecuter.java:92)
	at org.gradle.tooling.internal.provider.BuildSessionLifecycleBuildActionExecuter$ActionImpl.apply(BuildSessionLifecycleBuildActionExecuter.java:80)
	at org.gradle.internal.session.BuildSessionState.run(BuildSessionState.java:69)
	at org.gradle.tooling.internal.provider.BuildSessionLifecycleBuildActionExecuter.execute(BuildSessionLifecycleBuildActionExecuter.java:62)
	at org.gradle.tooling.internal.provider.BuildSessionLifecycleBuildActionExecuter.execute(BuildSessionLifecycleBuildActionExecuter.java:41)
	at org.gradle.tooling.internal.provider.StartParamsValidatingActionExecuter.execute(StartParamsValidatingActionExecuter.java:64)
	at org.gradle.tooling.internal.provider.StartParamsValidatingActionExecuter.execute(StartParamsValidatingActionExecuter.java:32)
	at org.gradle.tooling.internal.provider.SessionFailureReportingActionExecuter.execute(SessionFailureReportingActionExecuter.java:51)
	at org.gradle.tooling.internal.provider.SessionFailureReportingActionExecuter.execute(SessionFailureReportingActionExecuter.java:39)
	at org.gradle.tooling.internal.provider.SetupLoggingActionExecuter.execute(SetupLoggingActionExecuter.java:47)
	at org.gradle.tooling.internal.provider.SetupLoggingActionExecuter.execute(SetupLoggingActionExecuter.java:31)
	at org.gradle.launcher.daemon.server.exec.ExecuteBuild.doBuild(ExecuteBuild.java:65)
	at org.gradle.launcher.daemon.server.exec.BuildCommandOnly.execute(BuildCommandOnly.java:37)
	at org.gradle.launcher.daemon.server.api.DaemonCommandExecution.proceed(DaemonCommandExecution.java:104)
	at org.gradle.launcher.daemon.server.exec.WatchForDisconnection.execute(WatchForDisconnection.java:39)
	at org.gradle.launcher.daemon.server.api.DaemonCommandExecution.proceed(DaemonCommandExecution.java:104)
	at org.gradle.launcher.daemon.server.exec.ResetDeprecationLogger.execute(ResetDeprecationLogger.java:29)
	at org.gradle.launcher.daemon.server.api.DaemonCommandExecution.proceed(DaemonCommandExecution.java:104)
	at org.gradle.launcher.daemon.server.exec.RequestStopIfSingleUsedDaemon.execute(RequestStopIfSingleUsedDaemon.java:35)
	at org.gradle.launcher.daemon.server.api.DaemonCommandExecution.proceed(DaemonCommandExecution.java:104)
	at org.gradle.launcher.daemon.server.exec.ForwardClientInput$2.create(ForwardClientInput.java:78)
	at org.gradle.launcher.daemon.server.exec.ForwardClientInput$2.create(ForwardClientInput.java:75)
	at org.gradle.util.internal.Swapper.swap(Swapper.java:38)
	at org.gradle.launcher.daemon.server.exec.ForwardClientInput.execute(ForwardClientInput.java:75)
	at org.gradle.launcher.daemon.server.api.DaemonCommandExecution.proceed(DaemonCommandExecution.java:104)
	at org.gradle.launcher.daemon.server.exec.LogAndCheckHealth.execute(LogAndCheckHealth.java:64)
	at org.gradle.launcher.daemon.server.api.DaemonCommandExecution.proceed(DaemonCommandExecution.java:104)
	at org.gradle.launcher.daemon.server.exec.LogToClient.doBuild(LogToClient.java:63)
	at org.gradle.launcher.daemon.server.exec.BuildCommandOnly.execute(BuildCommandOnly.java:37)
	at org.gradle.launcher.daemon.server.api.DaemonCommandExecution.proceed(DaemonCommandExecution.java:104)
	at org.gradle.launcher.daemon.server.exec.EstablishBuildEnvironment.doBuild(EstablishBuildEnvironment.java:84)
	at org.gradle.launcher.daemon.server.exec.BuildCommandOnly.execute(BuildCommandOnly.java:37)
	at org.gradle.launcher.daemon.server.api.DaemonCommandExecution.proceed(DaemonCommandExecution.java:104)
	at org.gradle.launcher.daemon.server.exec.StartBuildOrRespondWithBusy$1.run(StartBuildOrRespondWithBusy.java:52)
	at org.gradle.launcher.daemon.server.DaemonStateCoordinator$1.run(DaemonStateCoordinator.java:297)
	at org.gradle.internal.concurrent.ExecutorPolicy$CatchAndRecordFailures.onExecute(ExecutorPolicy.java:64)
	at org.gradle.internal.concurrent.AbstractManagedExecutor$1.run(AbstractManagedExecutor.java:47)
	at java.base/java.util.concurrent.ThreadPoolExecutor.runWorker(ThreadPoolExecutor.java:1136)
	at java.base/java.util.concurrent.ThreadPoolExecutor$Worker.run(ThreadPoolExecutor.java:635)
	at java.base/java.lang.Thread.run(Thread.java:840)
[gradle-intellij-plugin :] Cannot create plugin from file '/opt/android-studio/plugins/textmate': Invalid plugin descriptor 'plugin.xml'. Unable to read the plugin descriptor: No enum constant com.jetbrains.plugin.structure.intellij.plugin.IdePluginContentDescriptor.ServiceType.APPLİCATİON.
Unable to read descriptor [plugin.xml] from [/opt/android-studio/plugins/vcs-git/lib/vcs-git.jar]
java.lang.IllegalArgumentException: No enum constant com.jetbrains.plugin.structure.intellij.plugin.IdePluginContentDescriptor.ServiceType.APPLİCATİON
	at java.base/java.lang.Enum.valueOf(Enum.java:273)
	at com.jetbrains.plugin.structure.intellij.plugin.IdePluginContentDescriptor$ServiceType.valueOf(IdePluginContents.kt)
	at com.jetbrains.plugin.structure.intellij.plugin.PluginCreator.readServiceDescriptor(PluginCreator.kt:406)
	at com.jetbrains.plugin.structure.intellij.plugin.PluginCreator.readExtensions(PluginCreator.kt:341)
	at com.jetbrains.plugin.structure.intellij.plugin.PluginCreator.setInfoFromBean(PluginCreator.kt:320)
	at com.jetbrains.plugin.structure.intellij.plugin.PluginCreator.resolveDocumentAndValidateBean(PluginCreator.kt:664)
	at com.jetbrains.plugin.structure.intellij.plugin.PluginCreator.access$resolveDocumentAndValidateBean(PluginCreator.kt:31)
	at com.jetbrains.plugin.structure.intellij.plugin.PluginCreator$Companion.createPlugin(PluginCreator.kt:109)
	at com.jetbrains.plugin.structure.intellij.plugin.IdePluginManager.loadPluginInfoFromJarFile(IdePluginManager.kt:62)
	at com.jetbrains.plugin.structure.intellij.plugin.IdePluginManager.loadPluginInfoFromLibDirectory(IdePluginManager.kt:165)
	at com.jetbrains.plugin.structure.intellij.plugin.IdePluginManager.loadPluginInfoFromDirectory(IdePluginManager.kt:97)
	at com.jetbrains.plugin.structure.intellij.plugin.IdePluginManager.loadPluginInfoFromJarOrDirectory(IdePluginManager.kt:206)
	at com.jetbrains.plugin.structure.intellij.plugin.IdePluginManager.getPluginCreatorWithResult(IdePluginManager.kt:347)
	at com.jetbrains.plugin.structure.intellij.plugin.IdePluginManager.createPlugin(IdePluginManager.kt:314)
	at com.jetbrains.plugin.structure.intellij.plugin.IdePluginManager.createPlugin$default(IdePluginManager.kt:312)
	at org.jetbrains.intellij.Utils.createPlugin(utils.kt:222)
	at org.jetbrains.intellij.dependency.BuiltinPluginsRegistry.add(BuiltinPluginsRegistry.kt:89)
	at org.jetbrains.intellij.dependency.BuiltinPluginsRegistry.fillFromDirectory(BuiltinPluginsRegistry.kt:47)
	at org.jetbrains.intellij.dependency.BuiltinPluginsRegistry.access$fillFromDirectory(BuiltinPluginsRegistry.kt:21)
	at org.jetbrains.intellij.dependency.BuiltinPluginsRegistry$Companion.fromDirectory(BuiltinPluginsRegistry.kt:127)
	at org.jetbrains.intellij.dependency.IdeaDependencyManager.createDependency(IdeaDependencyManager.kt:92)
	at org.jetbrains.intellij.dependency.IdeaDependencyManager.resolveLocal(IdeaDependencyManager.kt:430)
	at org.jetbrains.intellij.IntelliJPlugin$prepareIdeaDependencyProvider$1.call(IntelliJPlugin.kt:299)
	at org.jetbrains.intellij.IntelliJPlugin$prepareIdeaDependencyProvider$1.call(IntelliJPlugin.kt:266)
	at org.gradle.api.internal.provider.DefaultProvider.calculateOwnValue(DefaultProvider.java:72)
	at org.gradle.api.internal.provider.AbstractMinimalProvider.calculateValue(AbstractMinimalProvider.java:115)
	at org.gradle.api.internal.provider.TransformBackedProvider.calculateOwnValue(TransformBackedProvider.java:82)
	at org.gradle.api.internal.provider.AbstractMinimalProvider.calculateValue(AbstractMinimalProvider.java:115)
	at org.gradle.api.internal.provider.AbstractMinimalProvider.withFinalValue(AbstractMinimalProvider.java:168)
	at org.gradle.api.internal.provider.DefaultProperty.finalValue(DefaultProperty.java:133)
	at org.gradle.api.internal.provider.DefaultProperty.finalValue(DefaultProperty.java:26)
	at org.gradle.api.internal.provider.AbstractProperty.finalizeNow(AbstractProperty.java:245)
	at org.gradle.api.internal.provider.AbstractProperty.beforeRead(AbstractProperty.java:239)
	at org.gradle.api.internal.provider.AbstractProperty.calculateOwnValue(AbstractProperty.java:135)
	at org.gradle.api.internal.provider.AbstractMinimalProvider.calculateValue(AbstractMinimalProvider.java:115)
	at org.gradle.api.internal.provider.TransformBackedProvider.calculateOwnValue(TransformBackedProvider.java:82)
	at org.gradle.api.internal.provider.AbstractMinimalProvider.calculateValue(AbstractMinimalProvider.java:115)
	at org.gradle.api.internal.provider.Collectors$ElementsFromCollectionProvider.collectEntries(Collectors.java:220)
	at org.gradle.api.internal.provider.AbstractCollectionProperty$CollectingSupplier.calculateValue(AbstractCollectionProperty.java:344)
	at org.gradle.api.internal.provider.AbstractCollectionProperty.calculateValueFrom(AbstractCollectionProperty.java:189)
	at org.gradle.api.internal.provider.AbstractCollectionProperty.calculateValueFrom(AbstractCollectionProperty.java:37)
	at org.gradle.api.internal.provider.AbstractProperty.doCalculateValue(AbstractProperty.java:142)
	at org.gradle.api.internal.provider.AbstractProperty.calculateOwnValue(AbstractProperty.java:136)
	at org.gradle.api.internal.provider.AbstractMinimalProvider.calculateOwnPresentValue(AbstractMinimalProvider.java:80)
	at org.gradle.api.internal.provider.AbstractMinimalProvider.get(AbstractMinimalProvider.java:100)
	at org.jetbrains.intellij.IntelliJPlugin$configurePrepareSandboxTasks$5$5.transform(IntelliJPlugin.kt:625)
	at org.jetbrains.intellij.IntelliJPlugin$configurePrepareSandboxTasks$5$5.transform(IntelliJPlugin.kt:624)
	at org.gradle.api.internal.provider.ValueSupplier$Present.transform(ValueSupplier.java:541)
	at org.gradle.api.internal.provider.TransformBackedProvider.mapValue(TransformBackedProvider.java:91)
	at org.gradle.api.internal.provider.TransformBackedProvider.calculateOwnValue(TransformBackedProvider.java:83)
	at org.gradle.api.internal.provider.AbstractMinimalProvider.calculateOwnPresentValue(AbstractMinimalProvider.java:80)
	at org.gradle.api.internal.provider.AbstractMinimalProvider.get(AbstractMinimalProvider.java:100)
	at org.gradle.api.internal.provider.ProviderResolutionStrategy$2.resolve(ProviderResolutionStrategy.java:33)
	at org.gradle.api.internal.file.collections.ProviderBackedFileCollection.visitDependencies(ProviderBackedFileCollection.java:57)
	at org.gradle.api.internal.tasks.CachingTaskDependencyResolveContext$TaskGraphImpl.getNodeValues(CachingTaskDependencyResolveContext.java:103)
	at org.gradle.internal.graph.CachingDirectedGraphWalker$GraphWithEmptyEdges.getNodeValues(CachingDirectedGraphWalker.java:213)
	at org.gradle.internal.graph.CachingDirectedGraphWalker.doSearch(CachingDirectedGraphWalker.java:121)
	at org.gradle.internal.graph.CachingDirectedGraphWalker.findValues(CachingDirectedGraphWalker.java:73)
	at org.gradle.api.internal.tasks.CachingTaskDependencyResolveContext.getDependencies(CachingTaskDependencyResolveContext.java:66)
	at org.gradle.execution.plan.TaskDependencyResolver.resolveDependenciesFor(TaskDependencyResolver.java:49)
	at org.gradle.execution.plan.LocalTaskNode.getDependencies(LocalTaskNode.java:148)
	at org.gradle.execution.plan.LocalTaskNode.resolveDependencies(LocalTaskNode.java:122)
	at org.gradle.execution.plan.DefaultExecutionPlan.discoverNodeRelationships(DefaultExecutionPlan.java:183)
	at org.gradle.execution.plan.DefaultExecutionPlan.doAddEntryNodes(DefaultExecutionPlan.java:155)
	at org.gradle.execution.plan.DefaultExecutionPlan.addEntryTasks(DefaultExecutionPlan.java:130)
	at org.gradle.execution.plan.DefaultExecutionPlan.addEntryTasks(DefaultExecutionPlan.java:122)
	at org.gradle.execution.TaskNameResolvingBuildTaskScheduler.scheduleRequestedTasks(TaskNameResolvingBuildTaskScheduler.java:54)
	at org.gradle.execution.DefaultTasksBuildTaskScheduler.scheduleRequestedTasks(DefaultTasksBuildTaskScheduler.java:72)
	at org.gradle.initialization.DefaultTaskExecutionPreparer.lambda$scheduleRequestedTasks$0(DefaultTaskExecutionPreparer.java:46)
	at org.gradle.internal.Factories$1.create(Factories.java:31)
	at org.gradle.internal.work.DefaultWorkerLeaseService.withReplacedLocks(DefaultWorkerLeaseService.java:360)
	at org.gradle.api.internal.project.DefaultProjectStateRegistry$DefaultBuildProjectRegistry.withMutableStateOfAllProjects(DefaultProjectStateRegistry.java:239)
	at org.gradle.api.internal.project.DefaultProjectStateRegistry$DefaultBuildProjectRegistry.withMutableStateOfAllProjects(DefaultProjectStateRegistry.java:232)
	at org.gradle.initialization.DefaultTaskExecutionPreparer.scheduleRequestedTasks(DefaultTaskExecutionPreparer.java:45)
	at org.gradle.initialization.VintageBuildModelController.lambda$scheduleRequestedTasks$0(VintageBuildModelController.java:76)
	at org.gradle.internal.model.StateTransitionController.lambda$inState$1(StateTransitionController.java:99)
	at org.gradle.internal.model.StateTransitionController.lambda$inState$2(StateTransitionController.java:114)
	at org.gradle.internal.work.DefaultSynchronizer.withLock(DefaultSynchronizer.java:44)
	at org.gradle.internal.model.StateTransitionController.inState(StateTransitionController.java:110)
	at org.gradle.internal.model.StateTransitionController.inState(StateTransitionController.java:98)
	at org.gradle.initialization.VintageBuildModelController.scheduleRequestedTasks(VintageBuildModelController.java:76)
	at org.gradle.internal.build.DefaultBuildLifecycleController$DefaultWorkGraphBuilder.addRequestedTasks(DefaultBuildLifecycleController.java:404)
	at org.gradle.internal.buildtree.DefaultBuildTreeWorkPreparer.lambda$scheduleRequestedTasks$0(DefaultBuildTreeWorkPreparer.java:41)
	at org.gradle.internal.build.DefaultBuildLifecycleController.lambda$populateWorkGraph$7(DefaultBuildLifecycleController.java:189)
	at org.gradle.internal.build.DefaultBuildWorkPreparer.populateWorkGraph(DefaultBuildWorkPreparer.java:42)
	at org.gradle.internal.build.BuildOperationFiringBuildWorkPreparer$PopulateWorkGraph.populateTaskGraph(BuildOperationFiringBuildWorkPreparer.java:106)
	at org.gradle.internal.build.BuildOperationFiringBuildWorkPreparer$PopulateWorkGraph.run(BuildOperationFiringBuildWorkPreparer.java:92)
	at org.gradle.internal.operations.DefaultBuildOperationRunner$1.execute(DefaultBuildOperationRunner.java:29)
	at org.gradle.internal.operations.DefaultBuildOperationRunner$1.execute(DefaultBuildOperationRunner.java:26)
	at org.gradle.internal.operations.DefaultBuildOperationRunner$2.execute(DefaultBuildOperationRunner.java:66)
	at org.gradle.internal.operations.DefaultBuildOperationRunner$2.execute(DefaultBuildOperationRunner.java:59)
	at org.gradle.internal.operations.DefaultBuildOperationRunner.execute(DefaultBuildOperationRunner.java:157)
	at org.gradle.internal.operations.DefaultBuildOperationRunner.execute(DefaultBuildOperationRunner.java:59)
	at org.gradle.internal.operations.DefaultBuildOperationRunner.run(DefaultBuildOperationRunner.java:47)
	at org.gradle.internal.operations.DefaultBuildOperationExecutor.run(DefaultBuildOperationExecutor.java:68)
	at org.gradle.internal.build.BuildOperationFiringBuildWorkPreparer.populateWorkGraph(BuildOperationFiringBuildWorkPreparer.java:67)
	at org.gradle.internal.build.DefaultBuildLifecycleController.lambda$populateWorkGraph$8(DefaultBuildLifecycleController.java:189)
	at org.gradle.internal.model.StateTransitionController.lambda$inState$1(StateTransitionController.java:99)
	at org.gradle.internal.model.StateTransitionController.lambda$inState$2(StateTransitionController.java:114)
	at org.gradle.internal.work.DefaultSynchronizer.withLock(DefaultSynchronizer.java:44)
	at org.gradle.internal.model.StateTransitionController.inState(StateTransitionController.java:110)
	at org.gradle.internal.model.StateTransitionController.inState(StateTransitionController.java:98)
	at org.gradle.internal.build.DefaultBuildLifecycleController.populateWorkGraph(DefaultBuildLifecycleController.java:189)
	at org.gradle.internal.build.DefaultBuildWorkGraphController$DefaultBuildWorkGraph.populateWorkGraph(DefaultBuildWorkGraphController.java:169)
	at org.gradle.composite.internal.DefaultBuildController.populateWorkGraph(DefaultBuildController.java:76)
	at org.gradle.composite.internal.DefaultIncludedBuildTaskGraph$DefaultBuildTreeWorkGraphBuilder.withWorkGraph(DefaultIncludedBuildTaskGraph.java:153)
	at org.gradle.internal.buildtree.DefaultBuildTreeWorkPreparer.lambda$scheduleRequestedTasks$1(DefaultBuildTreeWorkPreparer.java:41)
	at org.gradle.composite.internal.DefaultIncludedBuildTaskGraph$DefaultBuildTreeWorkGraph$1.run(DefaultIncludedBuildTaskGraph.java:209)
	at org.gradle.internal.operations.DefaultBuildOperationRunner$1.execute(DefaultBuildOperationRunner.java:29)
	at org.gradle.internal.operations.DefaultBuildOperationRunner$1.execute(DefaultBuildOperationRunner.java:26)
	at org.gradle.internal.operations.DefaultBuildOperationRunner$2.execute(DefaultBuildOperationRunner.java:66)
	at org.gradle.internal.operations.DefaultBuildOperationRunner$2.execute(DefaultBuildOperationRunner.java:59)
	at org.gradle.internal.operations.DefaultBuildOperationRunner.execute(DefaultBuildOperationRunner.java:157)
	at org.gradle.internal.operations.DefaultBuildOperationRunner.execute(DefaultBuildOperationRunner.java:59)
	at org.gradle.internal.operations.DefaultBuildOperationRunner.run(DefaultBuildOperationRunner.java:47)
	at org.gradle.internal.operations.DefaultBuildOperationExecutor.run(DefaultBuildOperationExecutor.java:68)
	at org.gradle.composite.internal.DefaultIncludedBuildTaskGraph$DefaultBuildTreeWorkGraph.scheduleWork(DefaultIncludedBuildTaskGraph.java:204)
	at org.gradle.internal.buildtree.DefaultBuildTreeWorkPreparer.scheduleRequestedTasks(DefaultBuildTreeWorkPreparer.java:37)
	at org.gradle.configurationcache.VintageBuildTreeWorkController$scheduleAndRunRequestedTasks$1.apply(VintageBuildTreeWorkController.kt:36)
	at org.gradle.configurationcache.VintageBuildTreeWorkController$scheduleAndRunRequestedTasks$1.apply(VintageBuildTreeWorkController.kt:35)
	at org.gradle.composite.internal.DefaultIncludedBuildTaskGraph.withNewWorkGraph(DefaultIncludedBuildTaskGraph.java:112)
	at org.gradle.configurationcache.VintageBuildTreeWorkController.scheduleAndRunRequestedTasks(VintageBuildTreeWorkController.kt:35)
	at org.gradle.internal.buildtree.DefaultBuildTreeLifecycleController.lambda$scheduleAndRunTasks$1(DefaultBuildTreeLifecycleController.java:76)
	at org.gradle.internal.buildtree.DefaultBuildTreeLifecycleController.lambda$runBuild$4(DefaultBuildTreeLifecycleController.java:119)
	at org.gradle.internal.model.StateTransitionController.lambda$transition$6(StateTransitionController.java:169)
	at org.gradle.internal.model.StateTransitionController.doTransition(StateTransitionController.java:266)
	at org.gradle.internal.model.StateTransitionController.lambda$transition$7(StateTransitionController.java:169)
	at org.gradle.internal.work.DefaultSynchronizer.withLock(DefaultSynchronizer.java:44)
	at org.gradle.internal.model.StateTransitionController.transition(StateTransitionController.java:169)
	at org.gradle.internal.buildtree.DefaultBuildTreeLifecycleController.runBuild(DefaultBuildTreeLifecycleController.java:116)
	at org.gradle.internal.buildtree.DefaultBuildTreeLifecycleController.scheduleAndRunTasks(DefaultBuildTreeLifecycleController.java:76)
	at org.gradle.internal.buildtree.DefaultBuildTreeLifecycleController.scheduleAndRunTasks(DefaultBuildTreeLifecycleController.java:71)
	at org.gradle.tooling.internal.provider.ExecuteBuildActionRunner.run(ExecuteBuildActionRunner.java:31)
	at org.gradle.launcher.exec.ChainingBuildActionRunner.run(ChainingBuildActionRunner.java:35)
	at org.gradle.internal.buildtree.ProblemReportingBuildActionRunner.run(ProblemReportingBuildActionRunner.java:49)
	at org.gradle.launcher.exec.BuildOutcomeReportingBuildActionRunner.run(BuildOutcomeReportingBuildActionRunner.java:65)
	at org.gradle.tooling.internal.provider.FileSystemWatchingBuildActionRunner.run(FileSystemWatchingBuildActionRunner.java:140)
	at org.gradle.launcher.exec.BuildCompletionNotifyingBuildActionRunner.run(BuildCompletionNotifyingBuildActionRunner.java:41)
	at org.gradle.launcher.exec.RootBuildLifecycleBuildActionExecutor.lambda$execute$0(RootBuildLifecycleBuildActionExecutor.java:40)
	at org.gradle.composite.internal.DefaultRootBuildState.run(DefaultRootBuildState.java:123)
	at org.gradle.launcher.exec.RootBuildLifecycleBuildActionExecutor.execute(RootBuildLifecycleBuildActionExecutor.java:40)
	at org.gradle.internal.buildtree.InitDeprecationLoggingActionExecutor.execute(InitDeprecationLoggingActionExecutor.java:62)
	at org.gradle.internal.buildtree.InitProblems.execute(InitProblems.java:38)
	at org.gradle.internal.buildtree.DefaultBuildTreeContext.execute(DefaultBuildTreeContext.java:40)
	at org.gradle.launcher.exec.BuildTreeLifecycleBuildActionExecutor.lambda$execute$0(BuildTreeLifecycleBuildActionExecutor.java:58)
	at org.gradle.internal.buildtree.BuildTreeState.run(BuildTreeState.java:58)
	at org.gradle.launcher.exec.BuildTreeLifecycleBuildActionExecutor.execute(BuildTreeLifecycleBuildActionExecutor.java:58)
	at org.gradle.launcher.exec.RunAsBuildOperationBuildActionExecutor$3.call(RunAsBuildOperationBuildActionExecutor.java:61)
	at org.gradle.launcher.exec.RunAsBuildOperationBuildActionExecutor$3.call(RunAsBuildOperationBuildActionExecutor.java:57)
	at org.gradle.internal.operations.DefaultBuildOperationRunner$CallableBuildOperationWorker.execute(DefaultBuildOperationRunner.java:204)
	at org.gradle.internal.operations.DefaultBuildOperationRunner$CallableBuildOperationWorker.execute(DefaultBuildOperationRunner.java:199)
	at org.gradle.internal.operations.DefaultBuildOperationRunner$2.execute(DefaultBuildOperationRunner.java:66)
	at org.gradle.internal.operations.DefaultBuildOperationRunner$2.execute(DefaultBuildOperationRunner.java:59)
	at org.gradle.internal.operations.DefaultBuildOperationRunner.execute(DefaultBuildOperationRunner.java:157)
	at org.gradle.internal.operations.DefaultBuildOperationRunner.execute(DefaultBuildOperationRunner.java:59)
	at org.gradle.internal.operations.DefaultBuildOperationRunner.call(DefaultBuildOperationRunner.java:53)
	at org.gradle.internal.operations.DefaultBuildOperationExecutor.call(DefaultBuildOperationExecutor.java:73)
	at org.gradle.launcher.exec.RunAsBuildOperationBuildActionExecutor.execute(RunAsBuildOperationBuildActionExecutor.java:57)
	at org.gradle.launcher.exec.RunAsWorkerThreadBuildActionExecutor.lambda$execute$0(RunAsWorkerThreadBuildActionExecutor.java:36)
	at org.gradle.internal.work.DefaultWorkerLeaseService.withLocks(DefaultWorkerLeaseService.java:264)
	at org.gradle.internal.work.DefaultWorkerLeaseService.runAsWorkerThread(DefaultWorkerLeaseService.java:128)
	at org.gradle.launcher.exec.RunAsWorkerThreadBuildActionExecutor.execute(RunAsWorkerThreadBuildActionExecutor.java:36)
	at org.gradle.tooling.internal.provider.continuous.ContinuousBuildActionExecutor.execute(ContinuousBuildActionExecutor.java:110)
	at org.gradle.tooling.internal.provider.SubscribableBuildActionExecutor.execute(SubscribableBuildActionExecutor.java:64)
	at org.gradle.internal.session.DefaultBuildSessionContext.execute(DefaultBuildSessionContext.java:46)
	at org.gradle.tooling.internal.provider.BuildSessionLifecycleBuildActionExecuter$ActionImpl.apply(BuildSessionLifecycleBuildActionExecuter.java:92)
	at org.gradle.tooling.internal.provider.BuildSessionLifecycleBuildActionExecuter$ActionImpl.apply(BuildSessionLifecycleBuildActionExecuter.java:80)
	at org.gradle.internal.session.BuildSessionState.run(BuildSessionState.java:69)
	at org.gradle.tooling.internal.provider.BuildSessionLifecycleBuildActionExecuter.execute(BuildSessionLifecycleBuildActionExecuter.java:62)
	at org.gradle.tooling.internal.provider.BuildSessionLifecycleBuildActionExecuter.execute(BuildSessionLifecycleBuildActionExecuter.java:41)
	at org.gradle.tooling.internal.provider.StartParamsValidatingActionExecuter.execute(StartParamsValidatingActionExecuter.java:64)
	at org.gradle.tooling.internal.provider.StartParamsValidatingActionExecuter.execute(StartParamsValidatingActionExecuter.java:32)
	at org.gradle.tooling.internal.provider.SessionFailureReportingActionExecuter.execute(SessionFailureReportingActionExecuter.java:51)
	at org.gradle.tooling.internal.provider.SessionFailureReportingActionExecuter.execute(SessionFailureReportingActionExecuter.java:39)
	at org.gradle.tooling.internal.provider.SetupLoggingActionExecuter.execute(SetupLoggingActionExecuter.java:47)
	at org.gradle.tooling.internal.provider.SetupLoggingActionExecuter.execute(SetupLoggingActionExecuter.java:31)
	at org.gradle.launcher.daemon.server.exec.ExecuteBuild.doBuild(ExecuteBuild.java:65)
	at org.gradle.launcher.daemon.server.exec.BuildCommandOnly.execute(BuildCommandOnly.java:37)
	at org.gradle.launcher.daemon.server.api.DaemonCommandExecution.proceed(DaemonCommandExecution.java:104)
	at org.gradle.launcher.daemon.server.exec.WatchForDisconnection.execute(WatchForDisconnection.java:39)
	at org.gradle.launcher.daemon.server.api.DaemonCommandExecution.proceed(DaemonCommandExecution.java:104)
	at org.gradle.launcher.daemon.server.exec.ResetDeprecationLogger.execute(ResetDeprecationLogger.java:29)
	at org.gradle.launcher.daemon.server.api.DaemonCommandExecution.proceed(DaemonCommandExecution.java:104)
	at org.gradle.launcher.daemon.server.exec.RequestStopIfSingleUsedDaemon.execute(RequestStopIfSingleUsedDaemon.java:35)
	at org.gradle.launcher.daemon.server.api.DaemonCommandExecution.proceed(DaemonCommandExecution.java:104)
	at org.gradle.launcher.daemon.server.exec.ForwardClientInput$2.create(ForwardClientInput.java:78)
	at org.gradle.launcher.daemon.server.exec.ForwardClientInput$2.create(ForwardClientInput.java:75)
	at org.gradle.util.internal.Swapper.swap(Swapper.java:38)
	at org.gradle.launcher.daemon.server.exec.ForwardClientInput.execute(ForwardClientInput.java:75)
	at org.gradle.launcher.daemon.server.api.DaemonCommandExecution.proceed(DaemonCommandExecution.java:104)
	at org.gradle.launcher.daemon.server.exec.LogAndCheckHealth.execute(LogAndCheckHealth.java:64)
	at org.gradle.launcher.daemon.server.api.DaemonCommandExecution.proceed(DaemonCommandExecution.java:104)
	at org.gradle.launcher.daemon.server.exec.LogToClient.doBuild(LogToClient.java:63)
	at org.gradle.launcher.daemon.server.exec.BuildCommandOnly.execute(BuildCommandOnly.java:37)
	at org.gradle.launcher.daemon.server.api.DaemonCommandExecution.proceed(DaemonCommandExecution.java:104)
	at org.gradle.launcher.daemon.server.exec.EstablishBuildEnvironment.doBuild(EstablishBuildEnvironment.java:84)
	at org.gradle.launcher.daemon.server.exec.BuildCommandOnly.execute(BuildCommandOnly.java:37)
	at org.gradle.launcher.daemon.server.api.DaemonCommandExecution.proceed(DaemonCommandExecution.java:104)
	at org.gradle.launcher.daemon.server.exec.StartBuildOrRespondWithBusy$1.run(StartBuildOrRespondWithBusy.java:52)
	at org.gradle.launcher.daemon.server.DaemonStateCoordinator$1.run(DaemonStateCoordinator.java:297)
	at org.gradle.internal.concurrent.ExecutorPolicy$CatchAndRecordFailures.onExecute(ExecutorPolicy.java:64)
	at org.gradle.internal.concurrent.AbstractManagedExecutor$1.run(AbstractManagedExecutor.java:47)
	at java.base/java.util.concurrent.ThreadPoolExecutor.runWorker(ThreadPoolExecutor.java:1136)
	at java.base/java.util.concurrent.ThreadPoolExecutor$Worker.run(ThreadPoolExecutor.java:635)
	at java.base/java.lang.Thread.run(Thread.java:840)
[gradle-intellij-plugin :] Cannot create plugin from file '/opt/android-studio/plugins/vcs-git': Invalid plugin descriptor 'plugin.xml'. Unable to read the plugin descriptor: No enum constant com.jetbrains.plugin.structure.intellij.plugin.IdePluginContentDescriptor.ServiceType.APPLİCATİON.
Unable to read descriptor [plugin.xml] from [/opt/android-studio/plugins/vcs-github-community/lib/vcs-github.jar]
java.lang.IllegalArgumentException: No enum constant com.jetbrains.plugin.structure.intellij.plugin.IdePluginContentDescriptor.ServiceType.APPLİCATİON
	at java.base/java.lang.Enum.valueOf(Enum.java:273)
	at com.jetbrains.plugin.structure.intellij.plugin.IdePluginContentDescriptor$ServiceType.valueOf(IdePluginContents.kt)
	at com.jetbrains.plugin.structure.intellij.plugin.PluginCreator.readServiceDescriptor(PluginCreator.kt:406)
	at com.jetbrains.plugin.structure.intellij.plugin.PluginCreator.readExtensions(PluginCreator.kt:341)
	at com.jetbrains.plugin.structure.intellij.plugin.PluginCreator.setInfoFromBean(PluginCreator.kt:320)
	at com.jetbrains.plugin.structure.intellij.plugin.PluginCreator.resolveDocumentAndValidateBean(PluginCreator.kt:664)
	at com.jetbrains.plugin.structure.intellij.plugin.PluginCreator.access$resolveDocumentAndValidateBean(PluginCreator.kt:31)
	at com.jetbrains.plugin.structure.intellij.plugin.PluginCreator$Companion.createPlugin(PluginCreator.kt:109)
	at com.jetbrains.plugin.structure.intellij.plugin.IdePluginManager.loadPluginInfoFromJarFile(IdePluginManager.kt:62)
	at com.jetbrains.plugin.structure.intellij.plugin.IdePluginManager.loadPluginInfoFromLibDirectory(IdePluginManager.kt:165)
	at com.jetbrains.plugin.structure.intellij.plugin.IdePluginManager.loadPluginInfoFromDirectory(IdePluginManager.kt:97)
	at com.jetbrains.plugin.structure.intellij.plugin.IdePluginManager.loadPluginInfoFromJarOrDirectory(IdePluginManager.kt:206)
	at com.jetbrains.plugin.structure.intellij.plugin.IdePluginManager.getPluginCreatorWithResult(IdePluginManager.kt:347)
	at com.jetbrains.plugin.structure.intellij.plugin.IdePluginManager.createPlugin(IdePluginManager.kt:314)
	at com.jetbrains.plugin.structure.intellij.plugin.IdePluginManager.createPlugin$default(IdePluginManager.kt:312)
	at org.jetbrains.intellij.Utils.createPlugin(utils.kt:222)
	at org.jetbrains.intellij.dependency.BuiltinPluginsRegistry.add(BuiltinPluginsRegistry.kt:89)
	at org.jetbrains.intellij.dependency.BuiltinPluginsRegistry.fillFromDirectory(BuiltinPluginsRegistry.kt:47)
	at org.jetbrains.intellij.dependency.BuiltinPluginsRegistry.access$fillFromDirectory(BuiltinPluginsRegistry.kt:21)
	at org.jetbrains.intellij.dependency.BuiltinPluginsRegistry$Companion.fromDirectory(BuiltinPluginsRegistry.kt:127)
	at org.jetbrains.intellij.dependency.IdeaDependencyManager.createDependency(IdeaDependencyManager.kt:92)
	at org.jetbrains.intellij.dependency.IdeaDependencyManager.resolveLocal(IdeaDependencyManager.kt:430)
	at org.jetbrains.intellij.IntelliJPlugin$prepareIdeaDependencyProvider$1.call(IntelliJPlugin.kt:299)
	at org.jetbrains.intellij.IntelliJPlugin$prepareIdeaDependencyProvider$1.call(IntelliJPlugin.kt:266)
	at org.gradle.api.internal.provider.DefaultProvider.calculateOwnValue(DefaultProvider.java:72)
	at org.gradle.api.internal.provider.AbstractMinimalProvider.calculateValue(AbstractMinimalProvider.java:115)
	at org.gradle.api.internal.provider.TransformBackedProvider.calculateOwnValue(TransformBackedProvider.java:82)
	at org.gradle.api.internal.provider.AbstractMinimalProvider.calculateValue(AbstractMinimalProvider.java:115)
	at org.gradle.api.internal.provider.AbstractMinimalProvider.withFinalValue(AbstractMinimalProvider.java:168)
	at org.gradle.api.internal.provider.DefaultProperty.finalValue(DefaultProperty.java:133)
	at org.gradle.api.internal.provider.DefaultProperty.finalValue(DefaultProperty.java:26)
	at org.gradle.api.internal.provider.AbstractProperty.finalizeNow(AbstractProperty.java:245)
	at org.gradle.api.internal.provider.AbstractProperty.beforeRead(AbstractProperty.java:239)
	at org.gradle.api.internal.provider.AbstractProperty.calculateOwnValue(AbstractProperty.java:135)
	at org.gradle.api.internal.provider.AbstractMinimalProvider.calculateValue(AbstractMinimalProvider.java:115)
	at org.gradle.api.internal.provider.TransformBackedProvider.calculateOwnValue(TransformBackedProvider.java:82)
	at org.gradle.api.internal.provider.AbstractMinimalProvider.calculateValue(AbstractMinimalProvider.java:115)
	at org.gradle.api.internal.provider.Collectors$ElementsFromCollectionProvider.collectEntries(Collectors.java:220)
	at org.gradle.api.internal.provider.AbstractCollectionProperty$CollectingSupplier.calculateValue(AbstractCollectionProperty.java:344)
	at org.gradle.api.internal.provider.AbstractCollectionProperty.calculateValueFrom(AbstractCollectionProperty.java:189)
	at org.gradle.api.internal.provider.AbstractCollectionProperty.calculateValueFrom(AbstractCollectionProperty.java:37)
	at org.gradle.api.internal.provider.AbstractProperty.doCalculateValue(AbstractProperty.java:142)
	at org.gradle.api.internal.provider.AbstractProperty.calculateOwnValue(AbstractProperty.java:136)
	at org.gradle.api.internal.provider.AbstractMinimalProvider.calculateOwnPresentValue(AbstractMinimalProvider.java:80)
	at org.gradle.api.internal.provider.AbstractMinimalProvider.get(AbstractMinimalProvider.java:100)
	at org.jetbrains.intellij.IntelliJPlugin$configurePrepareSandboxTasks$5$5.transform(IntelliJPlugin.kt:625)
	at org.jetbrains.intellij.IntelliJPlugin$configurePrepareSandboxTasks$5$5.transform(IntelliJPlugin.kt:624)
	at org.gradle.api.internal.provider.ValueSupplier$Present.transform(ValueSupplier.java:541)
	at org.gradle.api.internal.provider.TransformBackedProvider.mapValue(TransformBackedProvider.java:91)
	at org.gradle.api.internal.provider.TransformBackedProvider.calculateOwnValue(TransformBackedProvider.java:83)
	at org.gradle.api.internal.provider.AbstractMinimalProvider.calculateOwnPresentValue(AbstractMinimalProvider.java:80)
	at org.gradle.api.internal.provider.AbstractMinimalProvider.get(AbstractMinimalProvider.java:100)
	at org.gradle.api.internal.provider.ProviderResolutionStrategy$2.resolve(ProviderResolutionStrategy.java:33)
	at org.gradle.api.internal.file.collections.ProviderBackedFileCollection.visitDependencies(ProviderBackedFileCollection.java:57)
	at org.gradle.api.internal.tasks.CachingTaskDependencyResolveContext$TaskGraphImpl.getNodeValues(CachingTaskDependencyResolveContext.java:103)
	at org.gradle.internal.graph.CachingDirectedGraphWalker$GraphWithEmptyEdges.getNodeValues(CachingDirectedGraphWalker.java:213)
	at org.gradle.internal.graph.CachingDirectedGraphWalker.doSearch(CachingDirectedGraphWalker.java:121)
	at org.gradle.internal.graph.CachingDirectedGraphWalker.findValues(CachingDirectedGraphWalker.java:73)
	at org.gradle.api.internal.tasks.CachingTaskDependencyResolveContext.getDependencies(CachingTaskDependencyResolveContext.java:66)
	at org.gradle.execution.plan.TaskDependencyResolver.resolveDependenciesFor(TaskDependencyResolver.java:49)
	at org.gradle.execution.plan.LocalTaskNode.getDependencies(LocalTaskNode.java:148)
	at org.gradle.execution.plan.LocalTaskNode.resolveDependencies(LocalTaskNode.java:122)
	at org.gradle.execution.plan.DefaultExecutionPlan.discoverNodeRelationships(DefaultExecutionPlan.java:183)
	at org.gradle.execution.plan.DefaultExecutionPlan.doAddEntryNodes(DefaultExecutionPlan.java:155)
	at org.gradle.execution.plan.DefaultExecutionPlan.addEntryTasks(DefaultExecutionPlan.java:130)
	at org.gradle.execution.plan.DefaultExecutionPlan.addEntryTasks(DefaultExecutionPlan.java:122)
	at org.gradle.execution.TaskNameResolvingBuildTaskScheduler.scheduleRequestedTasks(TaskNameResolvingBuildTaskScheduler.java:54)
	at org.gradle.execution.DefaultTasksBuildTaskScheduler.scheduleRequestedTasks(DefaultTasksBuildTaskScheduler.java:72)
	at org.gradle.initialization.DefaultTaskExecutionPreparer.lambda$scheduleRequestedTasks$0(DefaultTaskExecutionPreparer.java:46)
	at org.gradle.internal.Factories$1.create(Factories.java:31)
	at org.gradle.internal.work.DefaultWorkerLeaseService.withReplacedLocks(DefaultWorkerLeaseService.java:360)
	at org.gradle.api.internal.project.DefaultProjectStateRegistry$DefaultBuildProjectRegistry.withMutableStateOfAllProjects(DefaultProjectStateRegistry.java:239)
	at org.gradle.api.internal.project.DefaultProjectStateRegistry$DefaultBuildProjectRegistry.withMutableStateOfAllProjects(DefaultProjectStateRegistry.java:232)
	at org.gradle.initialization.DefaultTaskExecutionPreparer.scheduleRequestedTasks(DefaultTaskExecutionPreparer.java:45)
	at org.gradle.initialization.VintageBuildModelController.lambda$scheduleRequestedTasks$0(VintageBuildModelController.java:76)
	at org.gradle.internal.model.StateTransitionController.lambda$inState$1(StateTransitionController.java:99)
	at org.gradle.internal.model.StateTransitionController.lambda$inState$2(StateTransitionController.java:114)
	at org.gradle.internal.work.DefaultSynchronizer.withLock(DefaultSynchronizer.java:44)
	at org.gradle.internal.model.StateTransitionController.inState(StateTransitionController.java:110)
	at org.gradle.internal.model.StateTransitionController.inState(StateTransitionController.java:98)
	at org.gradle.initialization.VintageBuildModelController.scheduleRequestedTasks(VintageBuildModelController.java:76)
	at org.gradle.internal.build.DefaultBuildLifecycleController$DefaultWorkGraphBuilder.addRequestedTasks(DefaultBuildLifecycleController.java:404)
	at org.gradle.internal.buildtree.DefaultBuildTreeWorkPreparer.lambda$scheduleRequestedTasks$0(DefaultBuildTreeWorkPreparer.java:41)
	at org.gradle.internal.build.DefaultBuildLifecycleController.lambda$populateWorkGraph$7(DefaultBuildLifecycleController.java:189)
	at org.gradle.internal.build.DefaultBuildWorkPreparer.populateWorkGraph(DefaultBuildWorkPreparer.java:42)
	at org.gradle.internal.build.BuildOperationFiringBuildWorkPreparer$PopulateWorkGraph.populateTaskGraph(BuildOperationFiringBuildWorkPreparer.java:106)
	at org.gradle.internal.build.BuildOperationFiringBuildWorkPreparer$PopulateWorkGraph.run(BuildOperationFiringBuildWorkPreparer.java:92)
	at org.gradle.internal.operations.DefaultBuildOperationRunner$1.execute(DefaultBuildOperationRunner.java:29)
	at org.gradle.internal.operations.DefaultBuildOperationRunner$1.execute(DefaultBuildOperationRunner.java:26)
	at org.gradle.internal.operations.DefaultBuildOperationRunner$2.execute(DefaultBuildOperationRunner.java:66)
	at org.gradle.internal.operations.DefaultBuildOperationRunner$2.execute(DefaultBuildOperationRunner.java:59)
	at org.gradle.internal.operations.DefaultBuildOperationRunner.execute(DefaultBuildOperationRunner.java:157)
	at org.gradle.internal.operations.DefaultBuildOperationRunner.execute(DefaultBuildOperationRunner.java:59)
	at org.gradle.internal.operations.DefaultBuildOperationRunner.run(DefaultBuildOperationRunner.java:47)
	at org.gradle.internal.operations.DefaultBuildOperationExecutor.run(DefaultBuildOperationExecutor.java:68)
	at org.gradle.internal.build.BuildOperationFiringBuildWorkPreparer.populateWorkGraph(BuildOperationFiringBuildWorkPreparer.java:67)
	at org.gradle.internal.build.DefaultBuildLifecycleController.lambda$populateWorkGraph$8(DefaultBuildLifecycleController.java:189)
	at org.gradle.internal.model.StateTransitionController.lambda$inState$1(StateTransitionController.java:99)
	at org.gradle.internal.model.StateTransitionController.lambda$inState$2(StateTransitionController.java:114)
	at org.gradle.internal.work.DefaultSynchronizer.withLock(DefaultSynchronizer.java:44)
	at org.gradle.internal.model.StateTransitionController.inState(StateTransitionController.java:110)
	at org.gradle.internal.model.StateTransitionController.inState(StateTransitionController.java:98)
	at org.gradle.internal.build.DefaultBuildLifecycleController.populateWorkGraph(DefaultBuildLifecycleController.java:189)
	at org.gradle.internal.build.DefaultBuildWorkGraphController$DefaultBuildWorkGraph.populateWorkGraph(DefaultBuildWorkGraphController.java:169)
	at org.gradle.composite.internal.DefaultBuildController.populateWorkGraph(DefaultBuildController.java:76)
	at org.gradle.composite.internal.DefaultIncludedBuildTaskGraph$DefaultBuildTreeWorkGraphBuilder.withWorkGraph(DefaultIncludedBuildTaskGraph.java:153)
	at org.gradle.internal.buildtree.DefaultBuildTreeWorkPreparer.lambda$scheduleRequestedTasks$1(DefaultBuildTreeWorkPreparer.java:41)
	at org.gradle.composite.internal.DefaultIncludedBuildTaskGraph$DefaultBuildTreeWorkGraph$1.run(DefaultIncludedBuildTaskGraph.java:209)
	at org.gradle.internal.operations.DefaultBuildOperationRunner$1.execute(DefaultBuildOperationRunner.java:29)
	at org.gradle.internal.operations.DefaultBuildOperationRunner$1.execute(DefaultBuildOperationRunner.java:26)
	at org.gradle.internal.operations.DefaultBuildOperationRunner$2.execute(DefaultBuildOperationRunner.java:66)
	at org.gradle.internal.operations.DefaultBuildOperationRunner$2.execute(DefaultBuildOperationRunner.java:59)
	at org.gradle.internal.operations.DefaultBuildOperationRunner.execute(DefaultBuildOperationRunner.java:157)
	at org.gradle.internal.operations.DefaultBuildOperationRunner.execute(DefaultBuildOperationRunner.java:59)
	at org.gradle.internal.operations.DefaultBuildOperationRunner.run(DefaultBuildOperationRunner.java:47)
	at org.gradle.internal.operations.DefaultBuildOperationExecutor.run(DefaultBuildOperationExecutor.java:68)
	at org.gradle.composite.internal.DefaultIncludedBuildTaskGraph$DefaultBuildTreeWorkGraph.scheduleWork(DefaultIncludedBuildTaskGraph.java:204)
	at org.gradle.internal.buildtree.DefaultBuildTreeWorkPreparer.scheduleRequestedTasks(DefaultBuildTreeWorkPreparer.java:37)
	at org.gradle.configurationcache.VintageBuildTreeWorkController$scheduleAndRunRequestedTasks$1.apply(VintageBuildTreeWorkController.kt:36)
	at org.gradle.configurationcache.VintageBuildTreeWorkController$scheduleAndRunRequestedTasks$1.apply(VintageBuildTreeWorkController.kt:35)
	at org.gradle.composite.internal.DefaultIncludedBuildTaskGraph.withNewWorkGraph(DefaultIncludedBuildTaskGraph.java:112)
	at org.gradle.configurationcache.VintageBuildTreeWorkController.scheduleAndRunRequestedTasks(VintageBuildTreeWorkController.kt:35)
	at org.gradle.internal.buildtree.DefaultBuildTreeLifecycleController.lambda$scheduleAndRunTasks$1(DefaultBuildTreeLifecycleController.java:76)
	at org.gradle.internal.buildtree.DefaultBuildTreeLifecycleController.lambda$runBuild$4(DefaultBuildTreeLifecycleController.java:119)
	at org.gradle.internal.model.StateTransitionController.lambda$transition$6(StateTransitionController.java:169)
	at org.gradle.internal.model.StateTransitionController.doTransition(StateTransitionController.java:266)
	at org.gradle.internal.model.StateTransitionController.lambda$transition$7(StateTransitionController.java:169)
	at org.gradle.internal.work.DefaultSynchronizer.withLock(DefaultSynchronizer.java:44)
	at org.gradle.internal.model.StateTransitionController.transition(StateTransitionController.java:169)
	at org.gradle.internal.buildtree.DefaultBuildTreeLifecycleController.runBuild(DefaultBuildTreeLifecycleController.java:116)
	at org.gradle.internal.buildtree.DefaultBuildTreeLifecycleController.scheduleAndRunTasks(DefaultBuildTreeLifecycleController.java:76)
	at org.gradle.internal.buildtree.DefaultBuildTreeLifecycleController.scheduleAndRunTasks(DefaultBuildTreeLifecycleController.java:71)
	at org.gradle.tooling.internal.provider.ExecuteBuildActionRunner.run(ExecuteBuildActionRunner.java:31)
	at org.gradle.launcher.exec.ChainingBuildActionRunner.run(ChainingBuildActionRunner.java:35)
	at org.gradle.internal.buildtree.ProblemReportingBuildActionRunner.run(ProblemReportingBuildActionRunner.java:49)
	at org.gradle.launcher.exec.BuildOutcomeReportingBuildActionRunner.run(BuildOutcomeReportingBuildActionRunner.java:65)
	at org.gradle.tooling.internal.provider.FileSystemWatchingBuildActionRunner.run(FileSystemWatchingBuildActionRunner.java:140)
	at org.gradle.launcher.exec.BuildCompletionNotifyingBuildActionRunner.run(BuildCompletionNotifyingBuildActionRunner.java:41)
	at org.gradle.launcher.exec.RootBuildLifecycleBuildActionExecutor.lambda$execute$0(RootBuildLifecycleBuildActionExecutor.java:40)
	at org.gradle.composite.internal.DefaultRootBuildState.run(DefaultRootBuildState.java:123)
	at org.gradle.launcher.exec.RootBuildLifecycleBuildActionExecutor.execute(RootBuildLifecycleBuildActionExecutor.java:40)
	at org.gradle.internal.buildtree.InitDeprecationLoggingActionExecutor.execute(InitDeprecationLoggingActionExecutor.java:62)
	at org.gradle.internal.buildtree.InitProblems.execute(InitProblems.java:38)
	at org.gradle.internal.buildtree.DefaultBuildTreeContext.execute(DefaultBuildTreeContext.java:40)
	at org.gradle.launcher.exec.BuildTreeLifecycleBuildActionExecutor.lambda$execute$0(BuildTreeLifecycleBuildActionExecutor.java:58)
	at org.gradle.internal.buildtree.BuildTreeState.run(BuildTreeState.java:58)
	at org.gradle.launcher.exec.BuildTreeLifecycleBuildActionExecutor.execute(BuildTreeLifecycleBuildActionExecutor.java:58)
	at org.gradle.launcher.exec.RunAsBuildOperationBuildActionExecutor$3.call(RunAsBuildOperationBuildActionExecutor.java:61)
	at org.gradle.launcher.exec.RunAsBuildOperationBuildActionExecutor$3.call(RunAsBuildOperationBuildActionExecutor.java:57)
	at org.gradle.internal.operations.DefaultBuildOperationRunner$CallableBuildOperationWorker.execute(DefaultBuildOperationRunner.java:204)
	at org.gradle.internal.operations.DefaultBuildOperationRunner$CallableBuildOperationWorker.execute(DefaultBuildOperationRunner.java:199)
	at org.gradle.internal.operations.DefaultBuildOperationRunner$2.execute(DefaultBuildOperationRunner.java:66)
	at org.gradle.internal.operations.DefaultBuildOperationRunner$2.execute(DefaultBuildOperationRunner.java:59)
	at org.gradle.internal.operations.DefaultBuildOperationRunner.execute(DefaultBuildOperationRunner.java:157)
	at org.gradle.internal.operations.DefaultBuildOperationRunner.execute(DefaultBuildOperationRunner.java:59)
	at org.gradle.internal.operations.DefaultBuildOperationRunner.call(DefaultBuildOperationRunner.java:53)
	at org.gradle.internal.operations.DefaultBuildOperationExecutor.call(DefaultBuildOperationExecutor.java:73)
	at org.gradle.launcher.exec.RunAsBuildOperationBuildActionExecutor.execute(RunAsBuildOperationBuildActionExecutor.java:57)
	at org.gradle.launcher.exec.RunAsWorkerThreadBuildActionExecutor.lambda$execute$0(RunAsWorkerThreadBuildActionExecutor.java:36)
	at org.gradle.internal.work.DefaultWorkerLeaseService.withLocks(DefaultWorkerLeaseService.java:264)
	at org.gradle.internal.work.DefaultWorkerLeaseService.runAsWorkerThread(DefaultWorkerLeaseService.java:128)
	at org.gradle.launcher.exec.RunAsWorkerThreadBuildActionExecutor.execute(RunAsWorkerThreadBuildActionExecutor.java:36)
	at org.gradle.tooling.internal.provider.continuous.ContinuousBuildActionExecutor.execute(ContinuousBuildActionExecutor.java:110)
	at org.gradle.tooling.internal.provider.SubscribableBuildActionExecutor.execute(SubscribableBuildActionExecutor.java:64)
	at org.gradle.internal.session.DefaultBuildSessionContext.execute(DefaultBuildSessionContext.java:46)
	at org.gradle.tooling.internal.provider.BuildSessionLifecycleBuildActionExecuter$ActionImpl.apply(BuildSessionLifecycleBuildActionExecuter.java:92)
	at org.gradle.tooling.internal.provider.BuildSessionLifecycleBuildActionExecuter$ActionImpl.apply(BuildSessionLifecycleBuildActionExecuter.java:80)
	at org.gradle.internal.session.BuildSessionState.run(BuildSessionState.java:69)
	at org.gradle.tooling.internal.provider.BuildSessionLifecycleBuildActionExecuter.execute(BuildSessionLifecycleBuildActionExecuter.java:62)
	at org.gradle.tooling.internal.provider.BuildSessionLifecycleBuildActionExecuter.execute(BuildSessionLifecycleBuildActionExecuter.java:41)
	at org.gradle.tooling.internal.provider.StartParamsValidatingActionExecuter.execute(StartParamsValidatingActionExecuter.java:64)
	at org.gradle.tooling.internal.provider.StartParamsValidatingActionExecuter.execute(StartParamsValidatingActionExecuter.java:32)
	at org.gradle.tooling.internal.provider.SessionFailureReportingActionExecuter.execute(SessionFailureReportingActionExecuter.java:51)
	at org.gradle.tooling.internal.provider.SessionFailureReportingActionExecuter.execute(SessionFailureReportingActionExecuter.java:39)
	at org.gradle.tooling.internal.provider.SetupLoggingActionExecuter.execute(SetupLoggingActionExecuter.java:47)
	at org.gradle.tooling.internal.provider.SetupLoggingActionExecuter.execute(SetupLoggingActionExecuter.java:31)
	at org.gradle.launcher.daemon.server.exec.ExecuteBuild.doBuild(ExecuteBuild.java:65)
	at org.gradle.launcher.daemon.server.exec.BuildCommandOnly.execute(BuildCommandOnly.java:37)
	at org.gradle.launcher.daemon.server.api.DaemonCommandExecution.proceed(DaemonCommandExecution.java:104)
	at org.gradle.launcher.daemon.server.exec.WatchForDisconnection.execute(WatchForDisconnection.java:39)
	at org.gradle.launcher.daemon.server.api.DaemonCommandExecution.proceed(DaemonCommandExecution.java:104)
	at org.gradle.launcher.daemon.server.exec.ResetDeprecationLogger.execute(ResetDeprecationLogger.java:29)
	at org.gradle.launcher.daemon.server.api.DaemonCommandExecution.proceed(DaemonCommandExecution.java:104)
	at org.gradle.launcher.daemon.server.exec.RequestStopIfSingleUsedDaemon.execute(RequestStopIfSingleUsedDaemon.java:35)
	at org.gradle.launcher.daemon.server.api.DaemonCommandExecution.proceed(DaemonCommandExecution.java:104)
	at org.gradle.launcher.daemon.server.exec.ForwardClientInput$2.create(ForwardClientInput.java:78)
	at org.gradle.launcher.daemon.server.exec.ForwardClientInput$2.create(ForwardClientInput.java:75)
	at org.gradle.util.internal.Swapper.swap(Swapper.java:38)
	at org.gradle.launcher.daemon.server.exec.ForwardClientInput.execute(ForwardClientInput.java:75)
	at org.gradle.launcher.daemon.server.api.DaemonCommandExecution.proceed(DaemonCommandExecution.java:104)
	at org.gradle.launcher.daemon.server.exec.LogAndCheckHealth.execute(LogAndCheckHealth.java:64)
	at org.gradle.launcher.daemon.server.api.DaemonCommandExecution.proceed(DaemonCommandExecution.java:104)
	at org.gradle.launcher.daemon.server.exec.LogToClient.doBuild(LogToClient.java:63)
	at org.gradle.launcher.daemon.server.exec.BuildCommandOnly.execute(BuildCommandOnly.java:37)
	at org.gradle.launcher.daemon.server.api.DaemonCommandExecution.proceed(DaemonCommandExecution.java:104)
	at org.gradle.launcher.daemon.server.exec.EstablishBuildEnvironment.doBuild(EstablishBuildEnvironment.java:84)
	at org.gradle.launcher.daemon.server.exec.BuildCommandOnly.execute(BuildCommandOnly.java:37)
	at org.gradle.launcher.daemon.server.api.DaemonCommandExecution.proceed(DaemonCommandExecution.java:104)
	at org.gradle.launcher.daemon.server.exec.StartBuildOrRespondWithBusy$1.run(StartBuildOrRespondWithBusy.java:52)
	at org.gradle.launcher.daemon.server.DaemonStateCoordinator$1.run(DaemonStateCoordinator.java:297)
	at org.gradle.internal.concurrent.ExecutorPolicy$CatchAndRecordFailures.onExecute(ExecutorPolicy.java:64)
	at org.gradle.internal.concurrent.AbstractManagedExecutor$1.run(AbstractManagedExecutor.java:47)
	at java.base/java.util.concurrent.ThreadPoolExecutor.runWorker(ThreadPoolExecutor.java:1136)
	at java.base/java.util.concurrent.ThreadPoolExecutor$Worker.run(ThreadPoolExecutor.java:635)
	at java.base/java.lang.Thread.run(Thread.java:840)
[gradle-intellij-plugin :] Cannot create plugin from file '/opt/android-studio/plugins/vcs-github-community': Invalid plugin descriptor 'plugin.xml'. Unable to read the plugin descriptor: No enum constant com.jetbrains.plugin.structure.intellij.plugin.IdePluginContentDescriptor.ServiceType.APPLİCATİON.
Unable to read descriptor [plugin.xml] from [/opt/android-studio/plugins/vcs-gitlab/lib/vcs-gitlab.jar]
java.lang.IllegalArgumentException: No enum constant com.jetbrains.plugin.structure.intellij.plugin.IdePluginContentDescriptor.ServiceType.APPLİCATİON
	at java.base/java.lang.Enum.valueOf(Enum.java:273)
	at com.jetbrains.plugin.structure.intellij.plugin.IdePluginContentDescriptor$ServiceType.valueOf(IdePluginContents.kt)
	at com.jetbrains.plugin.structure.intellij.plugin.PluginCreator.readServiceDescriptor(PluginCreator.kt:406)
	at com.jetbrains.plugin.structure.intellij.plugin.PluginCreator.readExtensions(PluginCreator.kt:341)
	at com.jetbrains.plugin.structure.intellij.plugin.PluginCreator.setInfoFromBean(PluginCreator.kt:320)
	at com.jetbrains.plugin.structure.intellij.plugin.PluginCreator.resolveDocumentAndValidateBean(PluginCreator.kt:664)
	at com.jetbrains.plugin.structure.intellij.plugin.PluginCreator.access$resolveDocumentAndValidateBean(PluginCreator.kt:31)
	at com.jetbrains.plugin.structure.intellij.plugin.PluginCreator$Companion.createPlugin(PluginCreator.kt:109)
	at com.jetbrains.plugin.structure.intellij.plugin.IdePluginManager.loadPluginInfoFromJarFile(IdePluginManager.kt:62)
	at com.jetbrains.plugin.structure.intellij.plugin.IdePluginManager.loadPluginInfoFromLibDirectory(IdePluginManager.kt:165)
	at com.jetbrains.plugin.structure.intellij.plugin.IdePluginManager.loadPluginInfoFromDirectory(IdePluginManager.kt:97)
	at com.jetbrains.plugin.structure.intellij.plugin.IdePluginManager.loadPluginInfoFromJarOrDirectory(IdePluginManager.kt:206)
	at com.jetbrains.plugin.structure.intellij.plugin.IdePluginManager.getPluginCreatorWithResult(IdePluginManager.kt:347)
	at com.jetbrains.plugin.structure.intellij.plugin.IdePluginManager.createPlugin(IdePluginManager.kt:314)
	at com.jetbrains.plugin.structure.intellij.plugin.IdePluginManager.createPlugin$default(IdePluginManager.kt:312)
	at org.jetbrains.intellij.Utils.createPlugin(utils.kt:222)
	at org.jetbrains.intellij.dependency.BuiltinPluginsRegistry.add(BuiltinPluginsRegistry.kt:89)
	at org.jetbrains.intellij.dependency.BuiltinPluginsRegistry.fillFromDirectory(BuiltinPluginsRegistry.kt:47)
	at org.jetbrains.intellij.dependency.BuiltinPluginsRegistry.access$fillFromDirectory(BuiltinPluginsRegistry.kt:21)
	at org.jetbrains.intellij.dependency.BuiltinPluginsRegistry$Companion.fromDirectory(BuiltinPluginsRegistry.kt:127)
	at org.jetbrains.intellij.dependency.IdeaDependencyManager.createDependency(IdeaDependencyManager.kt:92)
	at org.jetbrains.intellij.dependency.IdeaDependencyManager.resolveLocal(IdeaDependencyManager.kt:430)
	at org.jetbrains.intellij.IntelliJPlugin$prepareIdeaDependencyProvider$1.call(IntelliJPlugin.kt:299)
	at org.jetbrains.intellij.IntelliJPlugin$prepareIdeaDependencyProvider$1.call(IntelliJPlugin.kt:266)
	at org.gradle.api.internal.provider.DefaultProvider.calculateOwnValue(DefaultProvider.java:72)
	at org.gradle.api.internal.provider.AbstractMinimalProvider.calculateValue(AbstractMinimalProvider.java:115)
	at org.gradle.api.internal.provider.TransformBackedProvider.calculateOwnValue(TransformBackedProvider.java:82)
	at org.gradle.api.internal.provider.AbstractMinimalProvider.calculateValue(AbstractMinimalProvider.java:115)
	at org.gradle.api.internal.provider.AbstractMinimalProvider.withFinalValue(AbstractMinimalProvider.java:168)
	at org.gradle.api.internal.provider.DefaultProperty.finalValue(DefaultProperty.java:133)
	at org.gradle.api.internal.provider.DefaultProperty.finalValue(DefaultProperty.java:26)
	at org.gradle.api.internal.provider.AbstractProperty.finalizeNow(AbstractProperty.java:245)
	at org.gradle.api.internal.provider.AbstractProperty.beforeRead(AbstractProperty.java:239)
	at org.gradle.api.internal.provider.AbstractProperty.calculateOwnValue(AbstractProperty.java:135)
	at org.gradle.api.internal.provider.AbstractMinimalProvider.calculateValue(AbstractMinimalProvider.java:115)
	at org.gradle.api.internal.provider.TransformBackedProvider.calculateOwnValue(TransformBackedProvider.java:82)
	at org.gradle.api.internal.provider.AbstractMinimalProvider.calculateValue(AbstractMinimalProvider.java:115)
	at org.gradle.api.internal.provider.Collectors$ElementsFromCollectionProvider.collectEntries(Collectors.java:220)
	at org.gradle.api.internal.provider.AbstractCollectionProperty$CollectingSupplier.calculateValue(AbstractCollectionProperty.java:344)
	at org.gradle.api.internal.provider.AbstractCollectionProperty.calculateValueFrom(AbstractCollectionProperty.java:189)
	at org.gradle.api.internal.provider.AbstractCollectionProperty.calculateValueFrom(AbstractCollectionProperty.java:37)
	at org.gradle.api.internal.provider.AbstractProperty.doCalculateValue(AbstractProperty.java:142)
	at org.gradle.api.internal.provider.AbstractProperty.calculateOwnValue(AbstractProperty.java:136)
	at org.gradle.api.internal.provider.AbstractMinimalProvider.calculateOwnPresentValue(AbstractMinimalProvider.java:80)
	at org.gradle.api.internal.provider.AbstractMinimalProvider.get(AbstractMinimalProvider.java:100)
	at org.jetbrains.intellij.IntelliJPlugin$configurePrepareSandboxTasks$5$5.transform(IntelliJPlugin.kt:625)
	at org.jetbrains.intellij.IntelliJPlugin$configurePrepareSandboxTasks$5$5.transform(IntelliJPlugin.kt:624)
	at org.gradle.api.internal.provider.ValueSupplier$Present.transform(ValueSupplier.java:541)
	at org.gradle.api.internal.provider.TransformBackedProvider.mapValue(TransformBackedProvider.java:91)
	at org.gradle.api.internal.provider.TransformBackedProvider.calculateOwnValue(TransformBackedProvider.java:83)
	at org.gradle.api.internal.provider.AbstractMinimalProvider.calculateOwnPresentValue(AbstractMinimalProvider.java:80)
	at org.gradle.api.internal.provider.AbstractMinimalProvider.get(AbstractMinimalProvider.java:100)
	at org.gradle.api.internal.provider.ProviderResolutionStrategy$2.resolve(ProviderResolutionStrategy.java:33)
	at org.gradle.api.internal.file.collections.ProviderBackedFileCollection.visitDependencies(ProviderBackedFileCollection.java:57)
	at org.gradle.api.internal.tasks.CachingTaskDependencyResolveContext$TaskGraphImpl.getNodeValues(CachingTaskDependencyResolveContext.java:103)
	at org.gradle.internal.graph.CachingDirectedGraphWalker$GraphWithEmptyEdges.getNodeValues(CachingDirectedGraphWalker.java:213)
	at org.gradle.internal.graph.CachingDirectedGraphWalker.doSearch(CachingDirectedGraphWalker.java:121)
	at org.gradle.internal.graph.CachingDirectedGraphWalker.findValues(CachingDirectedGraphWalker.java:73)
	at org.gradle.api.internal.tasks.CachingTaskDependencyResolveContext.getDependencies(CachingTaskDependencyResolveContext.java:66)
	at org.gradle.execution.plan.TaskDependencyResolver.resolveDependenciesFor(TaskDependencyResolver.java:49)
	at org.gradle.execution.plan.LocalTaskNode.getDependencies(LocalTaskNode.java:148)
	at org.gradle.execution.plan.LocalTaskNode.resolveDependencies(LocalTaskNode.java:122)
	at org.gradle.execution.plan.DefaultExecutionPlan.discoverNodeRelationships(DefaultExecutionPlan.java:183)
	at org.gradle.execution.plan.DefaultExecutionPlan.doAddEntryNodes(DefaultExecutionPlan.java:155)
	at org.gradle.execution.plan.DefaultExecutionPlan.addEntryTasks(DefaultExecutionPlan.java:130)
	at org.gradle.execution.plan.DefaultExecutionPlan.addEntryTasks(DefaultExecutionPlan.java:122)
	at org.gradle.execution.TaskNameResolvingBuildTaskScheduler.scheduleRequestedTasks(TaskNameResolvingBuildTaskScheduler.java:54)
	at org.gradle.execution.DefaultTasksBuildTaskScheduler.scheduleRequestedTasks(DefaultTasksBuildTaskScheduler.java:72)
	at org.gradle.initialization.DefaultTaskExecutionPreparer.lambda$scheduleRequestedTasks$0(DefaultTaskExecutionPreparer.java:46)
	at org.gradle.internal.Factories$1.create(Factories.java:31)
	at org.gradle.internal.work.DefaultWorkerLeaseService.withReplacedLocks(DefaultWorkerLeaseService.java:360)
	at org.gradle.api.internal.project.DefaultProjectStateRegistry$DefaultBuildProjectRegistry.withMutableStateOfAllProjects(DefaultProjectStateRegistry.java:239)
	at org.gradle.api.internal.project.DefaultProjectStateRegistry$DefaultBuildProjectRegistry.withMutableStateOfAllProjects(DefaultProjectStateRegistry.java:232)
	at org.gradle.initialization.DefaultTaskExecutionPreparer.scheduleRequestedTasks(DefaultTaskExecutionPreparer.java:45)
	at org.gradle.initialization.VintageBuildModelController.lambda$scheduleRequestedTasks$0(VintageBuildModelController.java:76)
	at org.gradle.internal.model.StateTransitionController.lambda$inState$1(StateTransitionController.java:99)
	at org.gradle.internal.model.StateTransitionController.lambda$inState$2(StateTransitionController.java:114)
	at org.gradle.internal.work.DefaultSynchronizer.withLock(DefaultSynchronizer.java:44)
	at org.gradle.internal.model.StateTransitionController.inState(StateTransitionController.java:110)
	at org.gradle.internal.model.StateTransitionController.inState(StateTransitionController.java:98)
	at org.gradle.initialization.VintageBuildModelController.scheduleRequestedTasks(VintageBuildModelController.java:76)
	at org.gradle.internal.build.DefaultBuildLifecycleController$DefaultWorkGraphBuilder.addRequestedTasks(DefaultBuildLifecycleController.java:404)
	at org.gradle.internal.buildtree.DefaultBuildTreeWorkPreparer.lambda$scheduleRequestedTasks$0(DefaultBuildTreeWorkPreparer.java:41)
	at org.gradle.internal.build.DefaultBuildLifecycleController.lambda$populateWorkGraph$7(DefaultBuildLifecycleController.java:189)
	at org.gradle.internal.build.DefaultBuildWorkPreparer.populateWorkGraph(DefaultBuildWorkPreparer.java:42)
	at org.gradle.internal.build.BuildOperationFiringBuildWorkPreparer$PopulateWorkGraph.populateTaskGraph(BuildOperationFiringBuildWorkPreparer.java:106)
	at org.gradle.internal.build.BuildOperationFiringBuildWorkPreparer$PopulateWorkGraph.run(BuildOperationFiringBuildWorkPreparer.java:92)
	at org.gradle.internal.operations.DefaultBuildOperationRunner$1.execute(DefaultBuildOperationRunner.java:29)
	at org.gradle.internal.operations.DefaultBuildOperationRunner$1.execute(DefaultBuildOperationRunner.java:26)
	at org.gradle.internal.operations.DefaultBuildOperationRunner$2.execute(DefaultBuildOperationRunner.java:66)
	at org.gradle.internal.operations.DefaultBuildOperationRunner$2.execute(DefaultBuildOperationRunner.java:59)
	at org.gradle.internal.operations.DefaultBuildOperationRunner.execute(DefaultBuildOperationRunner.java:157)
	at org.gradle.internal.operations.DefaultBuildOperationRunner.execute(DefaultBuildOperationRunner.java:59)
	at org.gradle.internal.operations.DefaultBuildOperationRunner.run(DefaultBuildOperationRunner.java:47)
	at org.gradle.internal.operations.DefaultBuildOperationExecutor.run(DefaultBuildOperationExecutor.java:68)
	at org.gradle.internal.build.BuildOperationFiringBuildWorkPreparer.populateWorkGraph(BuildOperationFiringBuildWorkPreparer.java:67)
	at org.gradle.internal.build.DefaultBuildLifecycleController.lambda$populateWorkGraph$8(DefaultBuildLifecycleController.java:189)
	at org.gradle.internal.model.StateTransitionController.lambda$inState$1(StateTransitionController.java:99)
	at org.gradle.internal.model.StateTransitionController.lambda$inState$2(StateTransitionController.java:114)
	at org.gradle.internal.work.DefaultSynchronizer.withLock(DefaultSynchronizer.java:44)
	at org.gradle.internal.model.StateTransitionController.inState(StateTransitionController.java:110)
	at org.gradle.internal.model.StateTransitionController.inState(StateTransitionController.java:98)
	at org.gradle.internal.build.DefaultBuildLifecycleController.populateWorkGraph(DefaultBuildLifecycleController.java:189)
	at org.gradle.internal.build.DefaultBuildWorkGraphController$DefaultBuildWorkGraph.populateWorkGraph(DefaultBuildWorkGraphController.java:169)
	at org.gradle.composite.internal.DefaultBuildController.populateWorkGraph(DefaultBuildController.java:76)
	at org.gradle.composite.internal.DefaultIncludedBuildTaskGraph$DefaultBuildTreeWorkGraphBuilder.withWorkGraph(DefaultIncludedBuildTaskGraph.java:153)
	at org.gradle.internal.buildtree.DefaultBuildTreeWorkPreparer.lambda$scheduleRequestedTasks$1(DefaultBuildTreeWorkPreparer.java:41)
	at org.gradle.composite.internal.DefaultIncludedBuildTaskGraph$DefaultBuildTreeWorkGraph$1.run(DefaultIncludedBuildTaskGraph.java:209)
	at org.gradle.internal.operations.DefaultBuildOperationRunner$1.execute(DefaultBuildOperationRunner.java:29)
	at org.gradle.internal.operations.DefaultBuildOperationRunner$1.execute(DefaultBuildOperationRunner.java:26)
	at org.gradle.internal.operations.DefaultBuildOperationRunner$2.execute(DefaultBuildOperationRunner.java:66)
	at org.gradle.internal.operations.DefaultBuildOperationRunner$2.execute(DefaultBuildOperationRunner.java:59)
	at org.gradle.internal.operations.DefaultBuildOperationRunner.execute(DefaultBuildOperationRunner.java:157)
	at org.gradle.internal.operations.DefaultBuildOperationRunner.execute(DefaultBuildOperationRunner.java:59)
	at org.gradle.internal.operations.DefaultBuildOperationRunner.run(DefaultBuildOperationRunner.java:47)
	at org.gradle.internal.operations.DefaultBuildOperationExecutor.run(DefaultBuildOperationExecutor.java:68)
	at org.gradle.composite.internal.DefaultIncludedBuildTaskGraph$DefaultBuildTreeWorkGraph.scheduleWork(DefaultIncludedBuildTaskGraph.java:204)
	at org.gradle.internal.buildtree.DefaultBuildTreeWorkPreparer.scheduleRequestedTasks(DefaultBuildTreeWorkPreparer.java:37)
	at org.gradle.configurationcache.VintageBuildTreeWorkController$scheduleAndRunRequestedTasks$1.apply(VintageBuildTreeWorkController.kt:36)
	at org.gradle.configurationcache.VintageBuildTreeWorkController$scheduleAndRunRequestedTasks$1.apply(VintageBuildTreeWorkController.kt:35)
	at org.gradle.composite.internal.DefaultIncludedBuildTaskGraph.withNewWorkGraph(DefaultIncludedBuildTaskGraph.java:112)
	at org.gradle.configurationcache.VintageBuildTreeWorkController.scheduleAndRunRequestedTasks(VintageBuildTreeWorkController.kt:35)
	at org.gradle.internal.buildtree.DefaultBuildTreeLifecycleController.lambda$scheduleAndRunTasks$1(DefaultBuildTreeLifecycleController.java:76)
	at org.gradle.internal.buildtree.DefaultBuildTreeLifecycleController.lambda$runBuild$4(DefaultBuildTreeLifecycleController.java:119)
	at org.gradle.internal.model.StateTransitionController.lambda$transition$6(StateTransitionController.java:169)
	at org.gradle.internal.model.StateTransitionController.doTransition(StateTransitionController.java:266)
	at org.gradle.internal.model.StateTransitionController.lambda$transition$7(StateTransitionController.java:169)
	at org.gradle.internal.work.DefaultSynchronizer.withLock(DefaultSynchronizer.java:44)
	at org.gradle.internal.model.StateTransitionController.transition(StateTransitionController.java:169)
	at org.gradle.internal.buildtree.DefaultBuildTreeLifecycleController.runBuild(DefaultBuildTreeLifecycleController.java:116)
	at org.gradle.internal.buildtree.DefaultBuildTreeLifecycleController.scheduleAndRunTasks(DefaultBuildTreeLifecycleController.java:76)
	at org.gradle.internal.buildtree.DefaultBuildTreeLifecycleController.scheduleAndRunTasks(DefaultBuildTreeLifecycleController.java:71)
	at org.gradle.tooling.internal.provider.ExecuteBuildActionRunner.run(ExecuteBuildActionRunner.java:31)
	at org.gradle.launcher.exec.ChainingBuildActionRunner.run(ChainingBuildActionRunner.java:35)
	at org.gradle.internal.buildtree.ProblemReportingBuildActionRunner.run(ProblemReportingBuildActionRunner.java:49)
	at org.gradle.launcher.exec.BuildOutcomeReportingBuildActionRunner.run(BuildOutcomeReportingBuildActionRunner.java:65)
	at org.gradle.tooling.internal.provider.FileSystemWatchingBuildActionRunner.run(FileSystemWatchingBuildActionRunner.java:140)
	at org.gradle.launcher.exec.BuildCompletionNotifyingBuildActionRunner.run(BuildCompletionNotifyingBuildActionRunner.java:41)
	at org.gradle.launcher.exec.RootBuildLifecycleBuildActionExecutor.lambda$execute$0(RootBuildLifecycleBuildActionExecutor.java:40)
	at org.gradle.composite.internal.DefaultRootBuildState.run(DefaultRootBuildState.java:123)
	at org.gradle.launcher.exec.RootBuildLifecycleBuildActionExecutor.execute(RootBuildLifecycleBuildActionExecutor.java:40)
	at org.gradle.internal.buildtree.InitDeprecationLoggingActionExecutor.execute(InitDeprecationLoggingActionExecutor.java:62)
	at org.gradle.internal.buildtree.InitProblems.execute(InitProblems.java:38)
	at org.gradle.internal.buildtree.DefaultBuildTreeContext.execute(DefaultBuildTreeContext.java:40)
	at org.gradle.launcher.exec.BuildTreeLifecycleBuildActionExecutor.lambda$execute$0(BuildTreeLifecycleBuildActionExecutor.java:58)
	at org.gradle.internal.buildtree.BuildTreeState.run(BuildTreeState.java:58)
	at org.gradle.launcher.exec.BuildTreeLifecycleBuildActionExecutor.execute(BuildTreeLifecycleBuildActionExecutor.java:58)
	at org.gradle.launcher.exec.RunAsBuildOperationBuildActionExecutor$3.call(RunAsBuildOperationBuildActionExecutor.java:61)
	at org.gradle.launcher.exec.RunAsBuildOperationBuildActionExecutor$3.call(RunAsBuildOperationBuildActionExecutor.java:57)
	at org.gradle.internal.operations.DefaultBuildOperationRunner$CallableBuildOperationWorker.execute(DefaultBuildOperationRunner.java:204)
	at org.gradle.internal.operations.DefaultBuildOperationRunner$CallableBuildOperationWorker.execute(DefaultBuildOperationRunner.java:199)
	at org.gradle.internal.operations.DefaultBuildOperationRunner$2.execute(DefaultBuildOperationRunner.java:66)
	at org.gradle.internal.operations.DefaultBuildOperationRunner$2.execute(DefaultBuildOperationRunner.java:59)
	at org.gradle.internal.operations.DefaultBuildOperationRunner.execute(DefaultBuildOperationRunner.java:157)
	at org.gradle.internal.operations.DefaultBuildOperationRunner.execute(DefaultBuildOperationRunner.java:59)
	at org.gradle.internal.operations.DefaultBuildOperationRunner.call(DefaultBuildOperationRunner.java:53)
	at org.gradle.internal.operations.DefaultBuildOperationExecutor.call(DefaultBuildOperationExecutor.java:73)
	at org.gradle.launcher.exec.RunAsBuildOperationBuildActionExecutor.execute(RunAsBuildOperationBuildActionExecutor.java:57)
	at org.gradle.launcher.exec.RunAsWorkerThreadBuildActionExecutor.lambda$execute$0(RunAsWorkerThreadBuildActionExecutor.java:36)
	at org.gradle.internal.work.DefaultWorkerLeaseService.withLocks(DefaultWorkerLeaseService.java:264)
	at org.gradle.internal.work.DefaultWorkerLeaseService.runAsWorkerThread(DefaultWorkerLeaseService.java:128)
	at org.gradle.launcher.exec.RunAsWorkerThreadBuildActionExecutor.execute(RunAsWorkerThreadBuildActionExecutor.java:36)
	at org.gradle.tooling.internal.provider.continuous.ContinuousBuildActionExecutor.execute(ContinuousBuildActionExecutor.java:110)
	at org.gradle.tooling.internal.provider.SubscribableBuildActionExecutor.execute(SubscribableBuildActionExecutor.java:64)
	at org.gradle.internal.session.DefaultBuildSessionContext.execute(DefaultBuildSessionContext.java:46)
	at org.gradle.tooling.internal.provider.BuildSessionLifecycleBuildActionExecuter$ActionImpl.apply(BuildSessionLifecycleBuildActionExecuter.java:92)
	at org.gradle.tooling.internal.provider.BuildSessionLifecycleBuildActionExecuter$ActionImpl.apply(BuildSessionLifecycleBuildActionExecuter.java:80)
	at org.gradle.internal.session.BuildSessionState.run(BuildSessionState.java:69)
	at org.gradle.tooling.internal.provider.BuildSessionLifecycleBuildActionExecuter.execute(BuildSessionLifecycleBuildActionExecuter.java:62)
	at org.gradle.tooling.internal.provider.BuildSessionLifecycleBuildActionExecuter.execute(BuildSessionLifecycleBuildActionExecuter.java:41)
	at org.gradle.tooling.internal.provider.StartParamsValidatingActionExecuter.execute(StartParamsValidatingActionExecuter.java:64)
	at org.gradle.tooling.internal.provider.StartParamsValidatingActionExecuter.execute(StartParamsValidatingActionExecuter.java:32)
	at org.gradle.tooling.internal.provider.SessionFailureReportingActionExecuter.execute(SessionFailureReportingActionExecuter.java:51)
	at org.gradle.tooling.internal.provider.SessionFailureReportingActionExecuter.execute(SessionFailureReportingActionExecuter.java:39)
	at org.gradle.tooling.internal.provider.SetupLoggingActionExecuter.execute(SetupLoggingActionExecuter.java:47)
	at org.gradle.tooling.internal.provider.SetupLoggingActionExecuter.execute(SetupLoggingActionExecuter.java:31)
	at org.gradle.launcher.daemon.server.exec.ExecuteBuild.doBuild(ExecuteBuild.java:65)
	at org.gradle.launcher.daemon.server.exec.BuildCommandOnly.execute(BuildCommandOnly.java:37)
	at org.gradle.launcher.daemon.server.api.DaemonCommandExecution.proceed(DaemonCommandExecution.java:104)
	at org.gradle.launcher.daemon.server.exec.WatchForDisconnection.execute(WatchForDisconnection.java:39)
	at org.gradle.launcher.daemon.server.api.DaemonCommandExecution.proceed(DaemonCommandExecution.java:104)
	at org.gradle.launcher.daemon.server.exec.ResetDeprecationLogger.execute(ResetDeprecationLogger.java:29)
	at org.gradle.launcher.daemon.server.api.DaemonCommandExecution.proceed(DaemonCommandExecution.java:104)
	at org.gradle.launcher.daemon.server.exec.RequestStopIfSingleUsedDaemon.execute(RequestStopIfSingleUsedDaemon.java:35)
	at org.gradle.launcher.daemon.server.api.DaemonCommandExecution.proceed(DaemonCommandExecution.java:104)
	at org.gradle.launcher.daemon.server.exec.ForwardClientInput$2.create(ForwardClientInput.java:78)
	at org.gradle.launcher.daemon.server.exec.ForwardClientInput$2.create(ForwardClientInput.java:75)
	at org.gradle.util.internal.Swapper.swap(Swapper.java:38)
	at org.gradle.launcher.daemon.server.exec.ForwardClientInput.execute(ForwardClientInput.java:75)
	at org.gradle.launcher.daemon.server.api.DaemonCommandExecution.proceed(DaemonCommandExecution.java:104)
	at org.gradle.launcher.daemon.server.exec.LogAndCheckHealth.execute(LogAndCheckHealth.java:64)
	at org.gradle.launcher.daemon.server.api.DaemonCommandExecution.proceed(DaemonCommandExecution.java:104)
	at org.gradle.launcher.daemon.server.exec.LogToClient.doBuild(LogToClient.java:63)
	at org.gradle.launcher.daemon.server.exec.BuildCommandOnly.execute(BuildCommandOnly.java:37)
	at org.gradle.launcher.daemon.server.api.DaemonCommandExecution.proceed(DaemonCommandExecution.java:104)
	at org.gradle.launcher.daemon.server.exec.EstablishBuildEnvironment.doBuild(EstablishBuildEnvironment.java:84)
	at org.gradle.launcher.daemon.server.exec.BuildCommandOnly.execute(BuildCommandOnly.java:37)
	at org.gradle.launcher.daemon.server.api.DaemonCommandExecution.proceed(DaemonCommandExecution.java:104)
	at org.gradle.launcher.daemon.server.exec.StartBuildOrRespondWithBusy$1.run(StartBuildOrRespondWithBusy.java:52)
	at org.gradle.launcher.daemon.server.DaemonStateCoordinator$1.run(DaemonStateCoordinator.java:297)
	at org.gradle.internal.concurrent.ExecutorPolicy$CatchAndRecordFailures.onExecute(ExecutorPolicy.java:64)
	at org.gradle.internal.concurrent.AbstractManagedExecutor$1.run(AbstractManagedExecutor.java:47)
	at java.base/java.util.concurrent.ThreadPoolExecutor.runWorker(ThreadPoolExecutor.java:1136)
	at java.base/java.util.concurrent.ThreadPoolExecutor$Worker.run(ThreadPoolExecutor.java:635)
	at java.base/java.lang.Thread.run(Thread.java:840)
[gradle-intellij-plugin :] Cannot create plugin from file '/opt/android-studio/plugins/vcs-gitlab': Invalid plugin descriptor 'plugin.xml'. Unable to read the plugin descriptor: No enum constant com.jetbrains.plugin.structure.intellij.plugin.IdePluginContentDescriptor.ServiceType.APPLİCATİON.
Unable to read descriptor [plugin.xml] from [/opt/android-studio/plugins/vcs-hg/lib/vcs-hg.jar]
java.lang.IllegalArgumentException: No enum constant com.jetbrains.plugin.structure.intellij.plugin.IdePluginContentDescriptor.ServiceType.APPLİCATİON
	at java.base/java.lang.Enum.valueOf(Enum.java:273)
	at com.jetbrains.plugin.structure.intellij.plugin.IdePluginContentDescriptor$ServiceType.valueOf(IdePluginContents.kt)
	at com.jetbrains.plugin.structure.intellij.plugin.PluginCreator.readServiceDescriptor(PluginCreator.kt:406)
	at com.jetbrains.plugin.structure.intellij.plugin.PluginCreator.readExtensions(PluginCreator.kt:341)
	at com.jetbrains.plugin.structure.intellij.plugin.PluginCreator.setInfoFromBean(PluginCreator.kt:320)
	at com.jetbrains.plugin.structure.intellij.plugin.PluginCreator.resolveDocumentAndValidateBean(PluginCreator.kt:664)
	at com.jetbrains.plugin.structure.intellij.plugin.PluginCreator.access$resolveDocumentAndValidateBean(PluginCreator.kt:31)
	at com.jetbrains.plugin.structure.intellij.plugin.PluginCreator$Companion.createPlugin(PluginCreator.kt:109)
	at com.jetbrains.plugin.structure.intellij.plugin.IdePluginManager.loadPluginInfoFromJarFile(IdePluginManager.kt:62)
	at com.jetbrains.plugin.structure.intellij.plugin.IdePluginManager.loadPluginInfoFromLibDirectory(IdePluginManager.kt:165)
	at com.jetbrains.plugin.structure.intellij.plugin.IdePluginManager.loadPluginInfoFromDirectory(IdePluginManager.kt:97)
	at com.jetbrains.plugin.structure.intellij.plugin.IdePluginManager.loadPluginInfoFromJarOrDirectory(IdePluginManager.kt:206)
	at com.jetbrains.plugin.structure.intellij.plugin.IdePluginManager.getPluginCreatorWithResult(IdePluginManager.kt:347)
	at com.jetbrains.plugin.structure.intellij.plugin.IdePluginManager.createPlugin(IdePluginManager.kt:314)
	at com.jetbrains.plugin.structure.intellij.plugin.IdePluginManager.createPlugin$default(IdePluginManager.kt:312)
	at org.jetbrains.intellij.Utils.createPlugin(utils.kt:222)
	at org.jetbrains.intellij.dependency.BuiltinPluginsRegistry.add(BuiltinPluginsRegistry.kt:89)
	at org.jetbrains.intellij.dependency.BuiltinPluginsRegistry.fillFromDirectory(BuiltinPluginsRegistry.kt:47)
	at org.jetbrains.intellij.dependency.BuiltinPluginsRegistry.access$fillFromDirectory(BuiltinPluginsRegistry.kt:21)
	at org.jetbrains.intellij.dependency.BuiltinPluginsRegistry$Companion.fromDirectory(BuiltinPluginsRegistry.kt:127)
	at org.jetbrains.intellij.dependency.IdeaDependencyManager.createDependency(IdeaDependencyManager.kt:92)
	at org.jetbrains.intellij.dependency.IdeaDependencyManager.resolveLocal(IdeaDependencyManager.kt:430)
	at org.jetbrains.intellij.IntelliJPlugin$prepareIdeaDependencyProvider$1.call(IntelliJPlugin.kt:299)
	at org.jetbrains.intellij.IntelliJPlugin$prepareIdeaDependencyProvider$1.call(IntelliJPlugin.kt:266)
	at org.gradle.api.internal.provider.DefaultProvider.calculateOwnValue(DefaultProvider.java:72)
	at org.gradle.api.internal.provider.AbstractMinimalProvider.calculateValue(AbstractMinimalProvider.java:115)
	at org.gradle.api.internal.provider.TransformBackedProvider.calculateOwnValue(TransformBackedProvider.java:82)
	at org.gradle.api.internal.provider.AbstractMinimalProvider.calculateValue(AbstractMinimalProvider.java:115)
	at org.gradle.api.internal.provider.AbstractMinimalProvider.withFinalValue(AbstractMinimalProvider.java:168)
	at org.gradle.api.internal.provider.DefaultProperty.finalValue(DefaultProperty.java:133)
	at org.gradle.api.internal.provider.DefaultProperty.finalValue(DefaultProperty.java:26)
	at org.gradle.api.internal.provider.AbstractProperty.finalizeNow(AbstractProperty.java:245)
	at org.gradle.api.internal.provider.AbstractProperty.beforeRead(AbstractProperty.java:239)
	at org.gradle.api.internal.provider.AbstractProperty.calculateOwnValue(AbstractProperty.java:135)
	at org.gradle.api.internal.provider.AbstractMinimalProvider.calculateValue(AbstractMinimalProvider.java:115)
	at org.gradle.api.internal.provider.TransformBackedProvider.calculateOwnValue(TransformBackedProvider.java:82)
	at org.gradle.api.internal.provider.AbstractMinimalProvider.calculateValue(AbstractMinimalProvider.java:115)
	at org.gradle.api.internal.provider.Collectors$ElementsFromCollectionProvider.collectEntries(Collectors.java:220)
	at org.gradle.api.internal.provider.AbstractCollectionProperty$CollectingSupplier.calculateValue(AbstractCollectionProperty.java:344)
	at org.gradle.api.internal.provider.AbstractCollectionProperty.calculateValueFrom(AbstractCollectionProperty.java:189)
	at org.gradle.api.internal.provider.AbstractCollectionProperty.calculateValueFrom(AbstractCollectionProperty.java:37)
	at org.gradle.api.internal.provider.AbstractProperty.doCalculateValue(AbstractProperty.java:142)
	at org.gradle.api.internal.provider.AbstractProperty.calculateOwnValue(AbstractProperty.java:136)
	at org.gradle.api.internal.provider.AbstractMinimalProvider.calculateOwnPresentValue(AbstractMinimalProvider.java:80)
	at org.gradle.api.internal.provider.AbstractMinimalProvider.get(AbstractMinimalProvider.java:100)
	at org.jetbrains.intellij.IntelliJPlugin$configurePrepareSandboxTasks$5$5.transform(IntelliJPlugin.kt:625)
	at org.jetbrains.intellij.IntelliJPlugin$configurePrepareSandboxTasks$5$5.transform(IntelliJPlugin.kt:624)
	at org.gradle.api.internal.provider.ValueSupplier$Present.transform(ValueSupplier.java:541)
	at org.gradle.api.internal.provider.TransformBackedProvider.mapValue(TransformBackedProvider.java:91)
	at org.gradle.api.internal.provider.TransformBackedProvider.calculateOwnValue(TransformBackedProvider.java:83)
	at org.gradle.api.internal.provider.AbstractMinimalProvider.calculateOwnPresentValue(AbstractMinimalProvider.java:80)
	at org.gradle.api.internal.provider.AbstractMinimalProvider.get(AbstractMinimalProvider.java:100)
	at org.gradle.api.internal.provider.ProviderResolutionStrategy$2.resolve(ProviderResolutionStrategy.java:33)
	at org.gradle.api.internal.file.collections.ProviderBackedFileCollection.visitDependencies(ProviderBackedFileCollection.java:57)
	at org.gradle.api.internal.tasks.CachingTaskDependencyResolveContext$TaskGraphImpl.getNodeValues(CachingTaskDependencyResolveContext.java:103)
	at org.gradle.internal.graph.CachingDirectedGraphWalker$GraphWithEmptyEdges.getNodeValues(CachingDirectedGraphWalker.java:213)
	at org.gradle.internal.graph.CachingDirectedGraphWalker.doSearch(CachingDirectedGraphWalker.java:121)
	at org.gradle.internal.graph.CachingDirectedGraphWalker.findValues(CachingDirectedGraphWalker.java:73)
	at org.gradle.api.internal.tasks.CachingTaskDependencyResolveContext.getDependencies(CachingTaskDependencyResolveContext.java:66)
	at org.gradle.execution.plan.TaskDependencyResolver.resolveDependenciesFor(TaskDependencyResolver.java:49)
	at org.gradle.execution.plan.LocalTaskNode.getDependencies(LocalTaskNode.java:148)
	at org.gradle.execution.plan.LocalTaskNode.resolveDependencies(LocalTaskNode.java:122)
	at org.gradle.execution.plan.DefaultExecutionPlan.discoverNodeRelationships(DefaultExecutionPlan.java:183)
	at org.gradle.execution.plan.DefaultExecutionPlan.doAddEntryNodes(DefaultExecutionPlan.java:155)
	at org.gradle.execution.plan.DefaultExecutionPlan.addEntryTasks(DefaultExecutionPlan.java:130)
	at org.gradle.execution.plan.DefaultExecutionPlan.addEntryTasks(DefaultExecutionPlan.java:122)
	at org.gradle.execution.TaskNameResolvingBuildTaskScheduler.scheduleRequestedTasks(TaskNameResolvingBuildTaskScheduler.java:54)
	at org.gradle.execution.DefaultTasksBuildTaskScheduler.scheduleRequestedTasks(DefaultTasksBuildTaskScheduler.java:72)
	at org.gradle.initialization.DefaultTaskExecutionPreparer.lambda$scheduleRequestedTasks$0(DefaultTaskExecutionPreparer.java:46)
	at org.gradle.internal.Factories$1.create(Factories.java:31)
	at org.gradle.internal.work.DefaultWorkerLeaseService.withReplacedLocks(DefaultWorkerLeaseService.java:360)
	at org.gradle.api.internal.project.DefaultProjectStateRegistry$DefaultBuildProjectRegistry.withMutableStateOfAllProjects(DefaultProjectStateRegistry.java:239)
	at org.gradle.api.internal.project.DefaultProjectStateRegistry$DefaultBuildProjectRegistry.withMutableStateOfAllProjects(DefaultProjectStateRegistry.java:232)
	at org.gradle.initialization.DefaultTaskExecutionPreparer.scheduleRequestedTasks(DefaultTaskExecutionPreparer.java:45)
	at org.gradle.initialization.VintageBuildModelController.lambda$scheduleRequestedTasks$0(VintageBuildModelController.java:76)
	at org.gradle.internal.model.StateTransitionController.lambda$inState$1(StateTransitionController.java:99)
	at org.gradle.internal.model.StateTransitionController.lambda$inState$2(StateTransitionController.java:114)
	at org.gradle.internal.work.DefaultSynchronizer.withLock(DefaultSynchronizer.java:44)
	at org.gradle.internal.model.StateTransitionController.inState(StateTransitionController.java:110)
	at org.gradle.internal.model.StateTransitionController.inState(StateTransitionController.java:98)
	at org.gradle.initialization.VintageBuildModelController.scheduleRequestedTasks(VintageBuildModelController.java:76)
	at org.gradle.internal.build.DefaultBuildLifecycleController$DefaultWorkGraphBuilder.addRequestedTasks(DefaultBuildLifecycleController.java:404)
	at org.gradle.internal.buildtree.DefaultBuildTreeWorkPreparer.lambda$scheduleRequestedTasks$0(DefaultBuildTreeWorkPreparer.java:41)
	at org.gradle.internal.build.DefaultBuildLifecycleController.lambda$populateWorkGraph$7(DefaultBuildLifecycleController.java:189)
	at org.gradle.internal.build.DefaultBuildWorkPreparer.populateWorkGraph(DefaultBuildWorkPreparer.java:42)
	at org.gradle.internal.build.BuildOperationFiringBuildWorkPreparer$PopulateWorkGraph.populateTaskGraph(BuildOperationFiringBuildWorkPreparer.java:106)
	at org.gradle.internal.build.BuildOperationFiringBuildWorkPreparer$PopulateWorkGraph.run(BuildOperationFiringBuildWorkPreparer.java:92)
	at org.gradle.internal.operations.DefaultBuildOperationRunner$1.execute(DefaultBuildOperationRunner.java:29)
	at org.gradle.internal.operations.DefaultBuildOperationRunner$1.execute(DefaultBuildOperationRunner.java:26)
	at org.gradle.internal.operations.DefaultBuildOperationRunner$2.execute(DefaultBuildOperationRunner.java:66)
	at org.gradle.internal.operations.DefaultBuildOperationRunner$2.execute(DefaultBuildOperationRunner.java:59)
	at org.gradle.internal.operations.DefaultBuildOperationRunner.execute(DefaultBuildOperationRunner.java:157)
	at org.gradle.internal.operations.DefaultBuildOperationRunner.execute(DefaultBuildOperationRunner.java:59)
	at org.gradle.internal.operations.DefaultBuildOperationRunner.run(DefaultBuildOperationRunner.java:47)
	at org.gradle.internal.operations.DefaultBuildOperationExecutor.run(DefaultBuildOperationExecutor.java:68)
	at org.gradle.internal.build.BuildOperationFiringBuildWorkPreparer.populateWorkGraph(BuildOperationFiringBuildWorkPreparer.java:67)
	at org.gradle.internal.build.DefaultBuildLifecycleController.lambda$populateWorkGraph$8(DefaultBuildLifecycleController.java:189)
	at org.gradle.internal.model.StateTransitionController.lambda$inState$1(StateTransitionController.java:99)
	at org.gradle.internal.model.StateTransitionController.lambda$inState$2(StateTransitionController.java:114)
	at org.gradle.internal.work.DefaultSynchronizer.withLock(DefaultSynchronizer.java:44)
	at org.gradle.internal.model.StateTransitionController.inState(StateTransitionController.java:110)
	at org.gradle.internal.model.StateTransitionController.inState(StateTransitionController.java:98)
	at org.gradle.internal.build.DefaultBuildLifecycleController.populateWorkGraph(DefaultBuildLifecycleController.java:189)
	at org.gradle.internal.build.DefaultBuildWorkGraphController$DefaultBuildWorkGraph.populateWorkGraph(DefaultBuildWorkGraphController.java:169)
	at org.gradle.composite.internal.DefaultBuildController.populateWorkGraph(DefaultBuildController.java:76)
	at org.gradle.composite.internal.DefaultIncludedBuildTaskGraph$DefaultBuildTreeWorkGraphBuilder.withWorkGraph(DefaultIncludedBuildTaskGraph.java:153)
	at org.gradle.internal.buildtree.DefaultBuildTreeWorkPreparer.lambda$scheduleRequestedTasks$1(DefaultBuildTreeWorkPreparer.java:41)
	at org.gradle.composite.internal.DefaultIncludedBuildTaskGraph$DefaultBuildTreeWorkGraph$1.run(DefaultIncludedBuildTaskGraph.java:209)
	at org.gradle.internal.operations.DefaultBuildOperationRunner$1.execute(DefaultBuildOperationRunner.java:29)
	at org.gradle.internal.operations.DefaultBuildOperationRunner$1.execute(DefaultBuildOperationRunner.java:26)
	at org.gradle.internal.operations.DefaultBuildOperationRunner$2.execute(DefaultBuildOperationRunner.java:66)
	at org.gradle.internal.operations.DefaultBuildOperationRunner$2.execute(DefaultBuildOperationRunner.java:59)
	at org.gradle.internal.operations.DefaultBuildOperationRunner.execute(DefaultBuildOperationRunner.java:157)
	at org.gradle.internal.operations.DefaultBuildOperationRunner.execute(DefaultBuildOperationRunner.java:59)
	at org.gradle.internal.operations.DefaultBuildOperationRunner.run(DefaultBuildOperationRunner.java:47)
	at org.gradle.internal.operations.DefaultBuildOperationExecutor.run(DefaultBuildOperationExecutor.java:68)
	at org.gradle.composite.internal.DefaultIncludedBuildTaskGraph$DefaultBuildTreeWorkGraph.scheduleWork(DefaultIncludedBuildTaskGraph.java:204)
	at org.gradle.internal.buildtree.DefaultBuildTreeWorkPreparer.scheduleRequestedTasks(DefaultBuildTreeWorkPreparer.java:37)
	at org.gradle.configurationcache.VintageBuildTreeWorkController$scheduleAndRunRequestedTasks$1.apply(VintageBuildTreeWorkController.kt:36)
	at org.gradle.configurationcache.VintageBuildTreeWorkController$scheduleAndRunRequestedTasks$1.apply(VintageBuildTreeWorkController.kt:35)
	at org.gradle.composite.internal.DefaultIncludedBuildTaskGraph.withNewWorkGraph(DefaultIncludedBuildTaskGraph.java:112)
	at org.gradle.configurationcache.VintageBuildTreeWorkController.scheduleAndRunRequestedTasks(VintageBuildTreeWorkController.kt:35)
	at org.gradle.internal.buildtree.DefaultBuildTreeLifecycleController.lambda$scheduleAndRunTasks$1(DefaultBuildTreeLifecycleController.java:76)
	at org.gradle.internal.buildtree.DefaultBuildTreeLifecycleController.lambda$runBuild$4(DefaultBuildTreeLifecycleController.java:119)
	at org.gradle.internal.model.StateTransitionController.lambda$transition$6(StateTransitionController.java:169)
	at org.gradle.internal.model.StateTransitionController.doTransition(StateTransitionController.java:266)
	at org.gradle.internal.model.StateTransitionController.lambda$transition$7(StateTransitionController.java:169)
	at org.gradle.internal.work.DefaultSynchronizer.withLock(DefaultSynchronizer.java:44)
	at org.gradle.internal.model.StateTransitionController.transition(StateTransitionController.java:169)
	at org.gradle.internal.buildtree.DefaultBuildTreeLifecycleController.runBuild(DefaultBuildTreeLifecycleController.java:116)
	at org.gradle.internal.buildtree.DefaultBuildTreeLifecycleController.scheduleAndRunTasks(DefaultBuildTreeLifecycleController.java:76)
	at org.gradle.internal.buildtree.DefaultBuildTreeLifecycleController.scheduleAndRunTasks(DefaultBuildTreeLifecycleController.java:71)
	at org.gradle.tooling.internal.provider.ExecuteBuildActionRunner.run(ExecuteBuildActionRunner.java:31)
	at org.gradle.launcher.exec.ChainingBuildActionRunner.run(ChainingBuildActionRunner.java:35)
	at org.gradle.internal.buildtree.ProblemReportingBuildActionRunner.run(ProblemReportingBuildActionRunner.java:49)
	at org.gradle.launcher.exec.BuildOutcomeReportingBuildActionRunner.run(BuildOutcomeReportingBuildActionRunner.java:65)
	at org.gradle.tooling.internal.provider.FileSystemWatchingBuildActionRunner.run(FileSystemWatchingBuildActionRunner.java:140)
	at org.gradle.launcher.exec.BuildCompletionNotifyingBuildActionRunner.run(BuildCompletionNotifyingBuildActionRunner.java:41)
	at org.gradle.launcher.exec.RootBuildLifecycleBuildActionExecutor.lambda$execute$0(RootBuildLifecycleBuildActionExecutor.java:40)
	at org.gradle.composite.internal.DefaultRootBuildState.run(DefaultRootBuildState.java:123)
	at org.gradle.launcher.exec.RootBuildLifecycleBuildActionExecutor.execute(RootBuildLifecycleBuildActionExecutor.java:40)
	at org.gradle.internal.buildtree.InitDeprecationLoggingActionExecutor.execute(InitDeprecationLoggingActionExecutor.java:62)
	at org.gradle.internal.buildtree.InitProblems.execute(InitProblems.java:38)
	at org.gradle.internal.buildtree.DefaultBuildTreeContext.execute(DefaultBuildTreeContext.java:40)
	at org.gradle.launcher.exec.BuildTreeLifecycleBuildActionExecutor.lambda$execute$0(BuildTreeLifecycleBuildActionExecutor.java:58)
	at org.gradle.internal.buildtree.BuildTreeState.run(BuildTreeState.java:58)
	at org.gradle.launcher.exec.BuildTreeLifecycleBuildActionExecutor.execute(BuildTreeLifecycleBuildActionExecutor.java:58)
	at org.gradle.launcher.exec.RunAsBuildOperationBuildActionExecutor$3.call(RunAsBuildOperationBuildActionExecutor.java:61)
	at org.gradle.launcher.exec.RunAsBuildOperationBuildActionExecutor$3.call(RunAsBuildOperationBuildActionExecutor.java:57)
	at org.gradle.internal.operations.DefaultBuildOperationRunner$CallableBuildOperationWorker.execute(DefaultBuildOperationRunner.java:204)
	at org.gradle.internal.operations.DefaultBuildOperationRunner$CallableBuildOperationWorker.execute(DefaultBuildOperationRunner.java:199)
	at org.gradle.internal.operations.DefaultBuildOperationRunner$2.execute(DefaultBuildOperationRunner.java:66)
	at org.gradle.internal.operations.DefaultBuildOperationRunner$2.execute(DefaultBuildOperationRunner.java:59)
	at org.gradle.internal.operations.DefaultBuildOperationRunner.execute(DefaultBuildOperationRunner.java:157)
	at org.gradle.internal.operations.DefaultBuildOperationRunner.execute(DefaultBuildOperationRunner.java:59)
	at org.gradle.internal.operations.DefaultBuildOperationRunner.call(DefaultBuildOperationRunner.java:53)
	at org.gradle.internal.operations.DefaultBuildOperationExecutor.call(DefaultBuildOperationExecutor.java:73)
	at org.gradle.launcher.exec.RunAsBuildOperationBuildActionExecutor.execute(RunAsBuildOperationBuildActionExecutor.java:57)
	at org.gradle.launcher.exec.RunAsWorkerThreadBuildActionExecutor.lambda$execute$0(RunAsWorkerThreadBuildActionExecutor.java:36)
	at org.gradle.internal.work.DefaultWorkerLeaseService.withLocks(DefaultWorkerLeaseService.java:264)
	at org.gradle.internal.work.DefaultWorkerLeaseService.runAsWorkerThread(DefaultWorkerLeaseService.java:128)
	at org.gradle.launcher.exec.RunAsWorkerThreadBuildActionExecutor.execute(RunAsWorkerThreadBuildActionExecutor.java:36)
	at org.gradle.tooling.internal.provider.continuous.ContinuousBuildActionExecutor.execute(ContinuousBuildActionExecutor.java:110)
	at org.gradle.tooling.internal.provider.SubscribableBuildActionExecutor.execute(SubscribableBuildActionExecutor.java:64)
	at org.gradle.internal.session.DefaultBuildSessionContext.execute(DefaultBuildSessionContext.java:46)
	at org.gradle.tooling.internal.provider.BuildSessionLifecycleBuildActionExecuter$ActionImpl.apply(BuildSessionLifecycleBuildActionExecuter.java:92)
	at org.gradle.tooling.internal.provider.BuildSessionLifecycleBuildActionExecuter$ActionImpl.apply(BuildSessionLifecycleBuildActionExecuter.java:80)
	at org.gradle.internal.session.BuildSessionState.run(BuildSessionState.java:69)
	at org.gradle.tooling.internal.provider.BuildSessionLifecycleBuildActionExecuter.execute(BuildSessionLifecycleBuildActionExecuter.java:62)
	at org.gradle.tooling.internal.provider.BuildSessionLifecycleBuildActionExecuter.execute(BuildSessionLifecycleBuildActionExecuter.java:41)
	at org.gradle.tooling.internal.provider.StartParamsValidatingActionExecuter.execute(StartParamsValidatingActionExecuter.java:64)
	at org.gradle.tooling.internal.provider.StartParamsValidatingActionExecuter.execute(StartParamsValidatingActionExecuter.java:32)
	at org.gradle.tooling.internal.provider.SessionFailureReportingActionExecuter.execute(SessionFailureReportingActionExecuter.java:51)
	at org.gradle.tooling.internal.provider.SessionFailureReportingActionExecuter.execute(SessionFailureReportingActionExecuter.java:39)
	at org.gradle.tooling.internal.provider.SetupLoggingActionExecuter.execute(SetupLoggingActionExecuter.java:47)
	at org.gradle.tooling.internal.provider.SetupLoggingActionExecuter.execute(SetupLoggingActionExecuter.java:31)
	at org.gradle.launcher.daemon.server.exec.ExecuteBuild.doBuild(ExecuteBuild.java:65)
	at org.gradle.launcher.daemon.server.exec.BuildCommandOnly.execute(BuildCommandOnly.java:37)
	at org.gradle.launcher.daemon.server.api.DaemonCommandExecution.proceed(DaemonCommandExecution.java:104)
	at org.gradle.launcher.daemon.server.exec.WatchForDisconnection.execute(WatchForDisconnection.java:39)
	at org.gradle.launcher.daemon.server.api.DaemonCommandExecution.proceed(DaemonCommandExecution.java:104)
	at org.gradle.launcher.daemon.server.exec.ResetDeprecationLogger.execute(ResetDeprecationLogger.java:29)
	at org.gradle.launcher.daemon.server.api.DaemonCommandExecution.proceed(DaemonCommandExecution.java:104)
	at org.gradle.launcher.daemon.server.exec.RequestStopIfSingleUsedDaemon.execute(RequestStopIfSingleUsedDaemon.java:35)
	at org.gradle.launcher.daemon.server.api.DaemonCommandExecution.proceed(DaemonCommandExecution.java:104)
	at org.gradle.launcher.daemon.server.exec.ForwardClientInput$2.create(ForwardClientInput.java:78)
	at org.gradle.launcher.daemon.server.exec.ForwardClientInput$2.create(ForwardClientInput.java:75)
	at org.gradle.util.internal.Swapper.swap(Swapper.java:38)
	at org.gradle.launcher.daemon.server.exec.ForwardClientInput.execute(ForwardClientInput.java:75)
	at org.gradle.launcher.daemon.server.api.DaemonCommandExecution.proceed(DaemonCommandExecution.java:104)
	at org.gradle.launcher.daemon.server.exec.LogAndCheckHealth.execute(LogAndCheckHealth.java:64)
	at org.gradle.launcher.daemon.server.api.DaemonCommandExecution.proceed(DaemonCommandExecution.java:104)
	at org.gradle.launcher.daemon.server.exec.LogToClient.doBuild(LogToClient.java:63)
	at org.gradle.launcher.daemon.server.exec.BuildCommandOnly.execute(BuildCommandOnly.java:37)
	at org.gradle.launcher.daemon.server.api.DaemonCommandExecution.proceed(DaemonCommandExecution.java:104)
	at org.gradle.launcher.daemon.server.exec.EstablishBuildEnvironment.doBuild(EstablishBuildEnvironment.java:84)
	at org.gradle.launcher.daemon.server.exec.BuildCommandOnly.execute(BuildCommandOnly.java:37)
	at org.gradle.launcher.daemon.server.api.DaemonCommandExecution.proceed(DaemonCommandExecution.java:104)
	at org.gradle.launcher.daemon.server.exec.StartBuildOrRespondWithBusy$1.run(StartBuildOrRespondWithBusy.java:52)
	at org.gradle.launcher.daemon.server.DaemonStateCoordinator$1.run(DaemonStateCoordinator.java:297)
	at org.gradle.internal.concurrent.ExecutorPolicy$CatchAndRecordFailures.onExecute(ExecutorPolicy.java:64)
	at org.gradle.internal.concurrent.AbstractManagedExecutor$1.run(AbstractManagedExecutor.java:47)
	at java.base/java.util.concurrent.ThreadPoolExecutor.runWorker(ThreadPoolExecutor.java:1136)
	at java.base/java.util.concurrent.ThreadPoolExecutor$Worker.run(ThreadPoolExecutor.java:635)
	at java.base/java.lang.Thread.run(Thread.java:840)
[gradle-intellij-plugin :] Cannot create plugin from file '/opt/android-studio/plugins/vcs-hg': Invalid plugin descriptor 'plugin.xml'. Unable to read the plugin descriptor: No enum constant com.jetbrains.plugin.structure.intellij.plugin.IdePluginContentDescriptor.ServiceType.APPLİCATİON.
Unable to read descriptor [plugin.xml] from [/opt/android-studio/plugins/vcs-svn/lib/vcs-svn.jar]
java.lang.IllegalArgumentException: No enum constant com.jetbrains.plugin.structure.intellij.plugin.IdePluginContentDescriptor.ServiceType.APPLİCATİON
	at java.base/java.lang.Enum.valueOf(Enum.java:273)
	at com.jetbrains.plugin.structure.intellij.plugin.IdePluginContentDescriptor$ServiceType.valueOf(IdePluginContents.kt)
	at com.jetbrains.plugin.structure.intellij.plugin.PluginCreator.readServiceDescriptor(PluginCreator.kt:406)
	at com.jetbrains.plugin.structure.intellij.plugin.PluginCreator.readExtensions(PluginCreator.kt:341)
	at com.jetbrains.plugin.structure.intellij.plugin.PluginCreator.setInfoFromBean(PluginCreator.kt:320)
	at com.jetbrains.plugin.structure.intellij.plugin.PluginCreator.resolveDocumentAndValidateBean(PluginCreator.kt:664)
	at com.jetbrains.plugin.structure.intellij.plugin.PluginCreator.access$resolveDocumentAndValidateBean(PluginCreator.kt:31)
	at com.jetbrains.plugin.structure.intellij.plugin.PluginCreator$Companion.createPlugin(PluginCreator.kt:109)
	at com.jetbrains.plugin.structure.intellij.plugin.IdePluginManager.loadPluginInfoFromJarFile(IdePluginManager.kt:62)
	at com.jetbrains.plugin.structure.intellij.plugin.IdePluginManager.loadPluginInfoFromLibDirectory(IdePluginManager.kt:165)
	at com.jetbrains.plugin.structure.intellij.plugin.IdePluginManager.loadPluginInfoFromDirectory(IdePluginManager.kt:97)
	at com.jetbrains.plugin.structure.intellij.plugin.IdePluginManager.loadPluginInfoFromJarOrDirectory(IdePluginManager.kt:206)
	at com.jetbrains.plugin.structure.intellij.plugin.IdePluginManager.getPluginCreatorWithResult(IdePluginManager.kt:347)
	at com.jetbrains.plugin.structure.intellij.plugin.IdePluginManager.createPlugin(IdePluginManager.kt:314)
	at com.jetbrains.plugin.structure.intellij.plugin.IdePluginManager.createPlugin$default(IdePluginManager.kt:312)
	at org.jetbrains.intellij.Utils.createPlugin(utils.kt:222)
	at org.jetbrains.intellij.dependency.BuiltinPluginsRegistry.add(BuiltinPluginsRegistry.kt:89)
	at org.jetbrains.intellij.dependency.BuiltinPluginsRegistry.fillFromDirectory(BuiltinPluginsRegistry.kt:47)
	at org.jetbrains.intellij.dependency.BuiltinPluginsRegistry.access$fillFromDirectory(BuiltinPluginsRegistry.kt:21)
	at org.jetbrains.intellij.dependency.BuiltinPluginsRegistry$Companion.fromDirectory(BuiltinPluginsRegistry.kt:127)
	at org.jetbrains.intellij.dependency.IdeaDependencyManager.createDependency(IdeaDependencyManager.kt:92)
	at org.jetbrains.intellij.dependency.IdeaDependencyManager.resolveLocal(IdeaDependencyManager.kt:430)
	at org.jetbrains.intellij.IntelliJPlugin$prepareIdeaDependencyProvider$1.call(IntelliJPlugin.kt:299)
	at org.jetbrains.intellij.IntelliJPlugin$prepareIdeaDependencyProvider$1.call(IntelliJPlugin.kt:266)
	at org.gradle.api.internal.provider.DefaultProvider.calculateOwnValue(DefaultProvider.java:72)
	at org.gradle.api.internal.provider.AbstractMinimalProvider.calculateValue(AbstractMinimalProvider.java:115)
	at org.gradle.api.internal.provider.TransformBackedProvider.calculateOwnValue(TransformBackedProvider.java:82)
	at org.gradle.api.internal.provider.AbstractMinimalProvider.calculateValue(AbstractMinimalProvider.java:115)
	at org.gradle.api.internal.provider.AbstractMinimalProvider.withFinalValue(AbstractMinimalProvider.java:168)
	at org.gradle.api.internal.provider.DefaultProperty.finalValue(DefaultProperty.java:133)
	at org.gradle.api.internal.provider.DefaultProperty.finalValue(DefaultProperty.java:26)
	at org.gradle.api.internal.provider.AbstractProperty.finalizeNow(AbstractProperty.java:245)
	at org.gradle.api.internal.provider.AbstractProperty.beforeRead(AbstractProperty.java:239)
	at org.gradle.api.internal.provider.AbstractProperty.calculateOwnValue(AbstractProperty.java:135)
	at org.gradle.api.internal.provider.AbstractMinimalProvider.calculateValue(AbstractMinimalProvider.java:115)
	at org.gradle.api.internal.provider.TransformBackedProvider.calculateOwnValue(TransformBackedProvider.java:82)
	at org.gradle.api.internal.provider.AbstractMinimalProvider.calculateValue(AbstractMinimalProvider.java:115)
	at org.gradle.api.internal.provider.Collectors$ElementsFromCollectionProvider.collectEntries(Collectors.java:220)
	at org.gradle.api.internal.provider.AbstractCollectionProperty$CollectingSupplier.calculateValue(AbstractCollectionProperty.java:344)
	at org.gradle.api.internal.provider.AbstractCollectionProperty.calculateValueFrom(AbstractCollectionProperty.java:189)
	at org.gradle.api.internal.provider.AbstractCollectionProperty.calculateValueFrom(AbstractCollectionProperty.java:37)
	at org.gradle.api.internal.provider.AbstractProperty.doCalculateValue(AbstractProperty.java:142)
	at org.gradle.api.internal.provider.AbstractProperty.calculateOwnValue(AbstractProperty.java:136)
	at org.gradle.api.internal.provider.AbstractMinimalProvider.calculateOwnPresentValue(AbstractMinimalProvider.java:80)
	at org.gradle.api.internal.provider.AbstractMinimalProvider.get(AbstractMinimalProvider.java:100)
	at org.jetbrains.intellij.IntelliJPlugin$configurePrepareSandboxTasks$5$5.transform(IntelliJPlugin.kt:625)
	at org.jetbrains.intellij.IntelliJPlugin$configurePrepareSandboxTasks$5$5.transform(IntelliJPlugin.kt:624)
	at org.gradle.api.internal.provider.ValueSupplier$Present.transform(ValueSupplier.java:541)
	at org.gradle.api.internal.provider.TransformBackedProvider.mapValue(TransformBackedProvider.java:91)
	at org.gradle.api.internal.provider.TransformBackedProvider.calculateOwnValue(TransformBackedProvider.java:83)
	at org.gradle.api.internal.provider.AbstractMinimalProvider.calculateOwnPresentValue(AbstractMinimalProvider.java:80)
	at org.gradle.api.internal.provider.AbstractMinimalProvider.get(AbstractMinimalProvider.java:100)
	at org.gradle.api.internal.provider.ProviderResolutionStrategy$2.resolve(ProviderResolutionStrategy.java:33)
	at org.gradle.api.internal.file.collections.ProviderBackedFileCollection.visitDependencies(ProviderBackedFileCollection.java:57)
	at org.gradle.api.internal.tasks.CachingTaskDependencyResolveContext$TaskGraphImpl.getNodeValues(CachingTaskDependencyResolveContext.java:103)
	at org.gradle.internal.graph.CachingDirectedGraphWalker$GraphWithEmptyEdges.getNodeValues(CachingDirectedGraphWalker.java:213)
	at org.gradle.internal.graph.CachingDirectedGraphWalker.doSearch(CachingDirectedGraphWalker.java:121)
	at org.gradle.internal.graph.CachingDirectedGraphWalker.findValues(CachingDirectedGraphWalker.java:73)
	at org.gradle.api.internal.tasks.CachingTaskDependencyResolveContext.getDependencies(CachingTaskDependencyResolveContext.java:66)
	at org.gradle.execution.plan.TaskDependencyResolver.resolveDependenciesFor(TaskDependencyResolver.java:49)
	at org.gradle.execution.plan.LocalTaskNode.getDependencies(LocalTaskNode.java:148)
	at org.gradle.execution.plan.LocalTaskNode.resolveDependencies(LocalTaskNode.java:122)
	at org.gradle.execution.plan.DefaultExecutionPlan.discoverNodeRelationships(DefaultExecutionPlan.java:183)
	at org.gradle.execution.plan.DefaultExecutionPlan.doAddEntryNodes(DefaultExecutionPlan.java:155)
	at org.gradle.execution.plan.DefaultExecutionPlan.addEntryTasks(DefaultExecutionPlan.java:130)
	at org.gradle.execution.plan.DefaultExecutionPlan.addEntryTasks(DefaultExecutionPlan.java:122)
	at org.gradle.execution.TaskNameResolvingBuildTaskScheduler.scheduleRequestedTasks(TaskNameResolvingBuildTaskScheduler.java:54)
	at org.gradle.execution.DefaultTasksBuildTaskScheduler.scheduleRequestedTasks(DefaultTasksBuildTaskScheduler.java:72)
	at org.gradle.initialization.DefaultTaskExecutionPreparer.lambda$scheduleRequestedTasks$0(DefaultTaskExecutionPreparer.java:46)
	at org.gradle.internal.Factories$1.create(Factories.java:31)
	at org.gradle.internal.work.DefaultWorkerLeaseService.withReplacedLocks(DefaultWorkerLeaseService.java:360)
	at org.gradle.api.internal.project.DefaultProjectStateRegistry$DefaultBuildProjectRegistry.withMutableStateOfAllProjects(DefaultProjectStateRegistry.java:239)
	at org.gradle.api.internal.project.DefaultProjectStateRegistry$DefaultBuildProjectRegistry.withMutableStateOfAllProjects(DefaultProjectStateRegistry.java:232)
	at org.gradle.initialization.DefaultTaskExecutionPreparer.scheduleRequestedTasks(DefaultTaskExecutionPreparer.java:45)
	at org.gradle.initialization.VintageBuildModelController.lambda$scheduleRequestedTasks$0(VintageBuildModelController.java:76)
	at org.gradle.internal.model.StateTransitionController.lambda$inState$1(StateTransitionController.java:99)
	at org.gradle.internal.model.StateTransitionController.lambda$inState$2(StateTransitionController.java:114)
	at org.gradle.internal.work.DefaultSynchronizer.withLock(DefaultSynchronizer.java:44)
	at org.gradle.internal.model.StateTransitionController.inState(StateTransitionController.java:110)
	at org.gradle.internal.model.StateTransitionController.inState(StateTransitionController.java:98)
	at org.gradle.initialization.VintageBuildModelController.scheduleRequestedTasks(VintageBuildModelController.java:76)
	at org.gradle.internal.build.DefaultBuildLifecycleController$DefaultWorkGraphBuilder.addRequestedTasks(DefaultBuildLifecycleController.java:404)
	at org.gradle.internal.buildtree.DefaultBuildTreeWorkPreparer.lambda$scheduleRequestedTasks$0(DefaultBuildTreeWorkPreparer.java:41)
	at org.gradle.internal.build.DefaultBuildLifecycleController.lambda$populateWorkGraph$7(DefaultBuildLifecycleController.java:189)
	at org.gradle.internal.build.DefaultBuildWorkPreparer.populateWorkGraph(DefaultBuildWorkPreparer.java:42)
	at org.gradle.internal.build.BuildOperationFiringBuildWorkPreparer$PopulateWorkGraph.populateTaskGraph(BuildOperationFiringBuildWorkPreparer.java:106)
	at org.gradle.internal.build.BuildOperationFiringBuildWorkPreparer$PopulateWorkGraph.run(BuildOperationFiringBuildWorkPreparer.java:92)
	at org.gradle.internal.operations.DefaultBuildOperationRunner$1.execute(DefaultBuildOperationRunner.java:29)
	at org.gradle.internal.operations.DefaultBuildOperationRunner$1.execute(DefaultBuildOperationRunner.java:26)
	at org.gradle.internal.operations.DefaultBuildOperationRunner$2.execute(DefaultBuildOperationRunner.java:66)
	at org.gradle.internal.operations.DefaultBuildOperationRunner$2.execute(DefaultBuildOperationRunner.java:59)
	at org.gradle.internal.operations.DefaultBuildOperationRunner.execute(DefaultBuildOperationRunner.java:157)
	at org.gradle.internal.operations.DefaultBuildOperationRunner.execute(DefaultBuildOperationRunner.java:59)
	at org.gradle.internal.operations.DefaultBuildOperationRunner.run(DefaultBuildOperationRunner.java:47)
	at org.gradle.internal.operations.DefaultBuildOperationExecutor.run(DefaultBuildOperationExecutor.java:68)
	at org.gradle.internal.build.BuildOperationFiringBuildWorkPreparer.populateWorkGraph(BuildOperationFiringBuildWorkPreparer.java:67)
	at org.gradle.internal.build.DefaultBuildLifecycleController.lambda$populateWorkGraph$8(DefaultBuildLifecycleController.java:189)
	at org.gradle.internal.model.StateTransitionController.lambda$inState$1(StateTransitionController.java:99)
	at org.gradle.internal.model.StateTransitionController.lambda$inState$2(StateTransitionController.java:114)
	at org.gradle.internal.work.DefaultSynchronizer.withLock(DefaultSynchronizer.java:44)
	at org.gradle.internal.model.StateTransitionController.inState(StateTransitionController.java:110)
	at org.gradle.internal.model.StateTransitionController.inState(StateTransitionController.java:98)
	at org.gradle.internal.build.DefaultBuildLifecycleController.populateWorkGraph(DefaultBuildLifecycleController.java:189)
	at org.gradle.internal.build.DefaultBuildWorkGraphController$DefaultBuildWorkGraph.populateWorkGraph(DefaultBuildWorkGraphController.java:169)
	at org.gradle.composite.internal.DefaultBuildController.populateWorkGraph(DefaultBuildController.java:76)
	at org.gradle.composite.internal.DefaultIncludedBuildTaskGraph$DefaultBuildTreeWorkGraphBuilder.withWorkGraph(DefaultIncludedBuildTaskGraph.java:153)
	at org.gradle.internal.buildtree.DefaultBuildTreeWorkPreparer.lambda$scheduleRequestedTasks$1(DefaultBuildTreeWorkPreparer.java:41)
	at org.gradle.composite.internal.DefaultIncludedBuildTaskGraph$DefaultBuildTreeWorkGraph$1.run(DefaultIncludedBuildTaskGraph.java:209)
	at org.gradle.internal.operations.DefaultBuildOperationRunner$1.execute(DefaultBuildOperationRunner.java:29)
	at org.gradle.internal.operations.DefaultBuildOperationRunner$1.execute(DefaultBuildOperationRunner.java:26)
	at org.gradle.internal.operations.DefaultBuildOperationRunner$2.execute(DefaultBuildOperationRunner.java:66)
	at org.gradle.internal.operations.DefaultBuildOperationRunner$2.execute(DefaultBuildOperationRunner.java:59)
	at org.gradle.internal.operations.DefaultBuildOperationRunner.execute(DefaultBuildOperationRunner.java:157)
	at org.gradle.internal.operations.DefaultBuildOperationRunner.execute(DefaultBuildOperationRunner.java:59)
	at org.gradle.internal.operations.DefaultBuildOperationRunner.run(DefaultBuildOperationRunner.java:47)
	at org.gradle.internal.operations.DefaultBuildOperationExecutor.run(DefaultBuildOperationExecutor.java:68)
	at org.gradle.composite.internal.DefaultIncludedBuildTaskGraph$DefaultBuildTreeWorkGraph.scheduleWork(DefaultIncludedBuildTaskGraph.java:204)
	at org.gradle.internal.buildtree.DefaultBuildTreeWorkPreparer.scheduleRequestedTasks(DefaultBuildTreeWorkPreparer.java:37)
	at org.gradle.configurationcache.VintageBuildTreeWorkController$scheduleAndRunRequestedTasks$1.apply(VintageBuildTreeWorkController.kt:36)
	at org.gradle.configurationcache.VintageBuildTreeWorkController$scheduleAndRunRequestedTasks$1.apply(VintageBuildTreeWorkController.kt:35)
	at org.gradle.composite.internal.DefaultIncludedBuildTaskGraph.withNewWorkGraph(DefaultIncludedBuildTaskGraph.java:112)
	at org.gradle.configurationcache.VintageBuildTreeWorkController.scheduleAndRunRequestedTasks(VintageBuildTreeWorkController.kt:35)
	at org.gradle.internal.buildtree.DefaultBuildTreeLifecycleController.lambda$scheduleAndRunTasks$1(DefaultBuildTreeLifecycleController.java:76)
	at org.gradle.internal.buildtree.DefaultBuildTreeLifecycleController.lambda$runBuild$4(DefaultBuildTreeLifecycleController.java:119)
	at org.gradle.internal.model.StateTransitionController.lambda$transition$6(StateTransitionController.java:169)
	at org.gradle.internal.model.StateTransitionController.doTransition(StateTransitionController.java:266)
	at org.gradle.internal.model.StateTransitionController.lambda$transition$7(StateTransitionController.java:169)
	at org.gradle.internal.work.DefaultSynchronizer.withLock(DefaultSynchronizer.java:44)
	at org.gradle.internal.model.StateTransitionController.transition(StateTransitionController.java:169)
	at org.gradle.internal.buildtree.DefaultBuildTreeLifecycleController.runBuild(DefaultBuildTreeLifecycleController.java:116)
	at org.gradle.internal.buildtree.DefaultBuildTreeLifecycleController.scheduleAndRunTasks(DefaultBuildTreeLifecycleController.java:76)
	at org.gradle.internal.buildtree.DefaultBuildTreeLifecycleController.scheduleAndRunTasks(DefaultBuildTreeLifecycleController.java:71)
	at org.gradle.tooling.internal.provider.ExecuteBuildActionRunner.run(ExecuteBuildActionRunner.java:31)
	at org.gradle.launcher.exec.ChainingBuildActionRunner.run(ChainingBuildActionRunner.java:35)
	at org.gradle.internal.buildtree.ProblemReportingBuildActionRunner.run(ProblemReportingBuildActionRunner.java:49)
	at org.gradle.launcher.exec.BuildOutcomeReportingBuildActionRunner.run(BuildOutcomeReportingBuildActionRunner.java:65)
	at org.gradle.tooling.internal.provider.FileSystemWatchingBuildActionRunner.run(FileSystemWatchingBuildActionRunner.java:140)
	at org.gradle.launcher.exec.BuildCompletionNotifyingBuildActionRunner.run(BuildCompletionNotifyingBuildActionRunner.java:41)
	at org.gradle.launcher.exec.RootBuildLifecycleBuildActionExecutor.lambda$execute$0(RootBuildLifecycleBuildActionExecutor.java:40)
	at org.gradle.composite.internal.DefaultRootBuildState.run(DefaultRootBuildState.java:123)
	at org.gradle.launcher.exec.RootBuildLifecycleBuildActionExecutor.execute(RootBuildLifecycleBuildActionExecutor.java:40)
	at org.gradle.internal.buildtree.InitDeprecationLoggingActionExecutor.execute(InitDeprecationLoggingActionExecutor.java:62)
	at org.gradle.internal.buildtree.InitProblems.execute(InitProblems.java:38)
	at org.gradle.internal.buildtree.DefaultBuildTreeContext.execute(DefaultBuildTreeContext.java:40)
	at org.gradle.launcher.exec.BuildTreeLifecycleBuildActionExecutor.lambda$execute$0(BuildTreeLifecycleBuildActionExecutor.java:58)
	at org.gradle.internal.buildtree.BuildTreeState.run(BuildTreeState.java:58)
	at org.gradle.launcher.exec.BuildTreeLifecycleBuildActionExecutor.execute(BuildTreeLifecycleBuildActionExecutor.java:58)
	at org.gradle.launcher.exec.RunAsBuildOperationBuildActionExecutor$3.call(RunAsBuildOperationBuildActionExecutor.java:61)
	at org.gradle.launcher.exec.RunAsBuildOperationBuildActionExecutor$3.call(RunAsBuildOperationBuildActionExecutor.java:57)
	at org.gradle.internal.operations.DefaultBuildOperationRunner$CallableBuildOperationWorker.execute(DefaultBuildOperationRunner.java:204)
	at org.gradle.internal.operations.DefaultBuildOperationRunner$CallableBuildOperationWorker.execute(DefaultBuildOperationRunner.java:199)
	at org.gradle.internal.operations.DefaultBuildOperationRunner$2.execute(DefaultBuildOperationRunner.java:66)
	at org.gradle.internal.operations.DefaultBuildOperationRunner$2.execute(DefaultBuildOperationRunner.java:59)
	at org.gradle.internal.operations.DefaultBuildOperationRunner.execute(DefaultBuildOperationRunner.java:157)
	at org.gradle.internal.operations.DefaultBuildOperationRunner.execute(DefaultBuildOperationRunner.java:59)
	at org.gradle.internal.operations.DefaultBuildOperationRunner.call(DefaultBuildOperationRunner.java:53)
	at org.gradle.internal.operations.DefaultBuildOperationExecutor.call(DefaultBuildOperationExecutor.java:73)
	at org.gradle.launcher.exec.RunAsBuildOperationBuildActionExecutor.execute(RunAsBuildOperationBuildActionExecutor.java:57)
	at org.gradle.launcher.exec.RunAsWorkerThreadBuildActionExecutor.lambda$execute$0(RunAsWorkerThreadBuildActionExecutor.java:36)
	at org.gradle.internal.work.DefaultWorkerLeaseService.withLocks(DefaultWorkerLeaseService.java:264)
	at org.gradle.internal.work.DefaultWorkerLeaseService.runAsWorkerThread(DefaultWorkerLeaseService.java:128)
	at org.gradle.launcher.exec.RunAsWorkerThreadBuildActionExecutor.execute(RunAsWorkerThreadBuildActionExecutor.java:36)
	at org.gradle.tooling.internal.provider.continuous.ContinuousBuildActionExecutor.execute(ContinuousBuildActionExecutor.java:110)
	at org.gradle.tooling.internal.provider.SubscribableBuildActionExecutor.execute(SubscribableBuildActionExecutor.java:64)
	at org.gradle.internal.session.DefaultBuildSessionContext.execute(DefaultBuildSessionContext.java:46)
	at org.gradle.tooling.internal.provider.BuildSessionLifecycleBuildActionExecuter$ActionImpl.apply(BuildSessionLifecycleBuildActionExecuter.java:92)
	at org.gradle.tooling.internal.provider.BuildSessionLifecycleBuildActionExecuter$ActionImpl.apply(BuildSessionLifecycleBuildActionExecuter.java:80)
	at org.gradle.internal.session.BuildSessionState.run(BuildSessionState.java:69)
	at org.gradle.tooling.internal.provider.BuildSessionLifecycleBuildActionExecuter.execute(BuildSessionLifecycleBuildActionExecuter.java:62)
	at org.gradle.tooling.internal.provider.BuildSessionLifecycleBuildActionExecuter.execute(BuildSessionLifecycleBuildActionExecuter.java:41)
	at org.gradle.tooling.internal.provider.StartParamsValidatingActionExecuter.execute(StartParamsValidatingActionExecuter.java:64)
	at org.gradle.tooling.internal.provider.StartParamsValidatingActionExecuter.execute(StartParamsValidatingActionExecuter.java:32)
	at org.gradle.tooling.internal.provider.SessionFailureReportingActionExecuter.execute(SessionFailureReportingActionExecuter.java:51)
	at org.gradle.tooling.internal.provider.SessionFailureReportingActionExecuter.execute(SessionFailureReportingActionExecuter.java:39)
	at org.gradle.tooling.internal.provider.SetupLoggingActionExecuter.execute(SetupLoggingActionExecuter.java:47)
	at org.gradle.tooling.internal.provider.SetupLoggingActionExecuter.execute(SetupLoggingActionExecuter.java:31)
	at org.gradle.launcher.daemon.server.exec.ExecuteBuild.doBuild(ExecuteBuild.java:65)
	at org.gradle.launcher.daemon.server.exec.BuildCommandOnly.execute(BuildCommandOnly.java:37)
	at org.gradle.launcher.daemon.server.api.DaemonCommandExecution.proceed(DaemonCommandExecution.java:104)
	at org.gradle.launcher.daemon.server.exec.WatchForDisconnection.execute(WatchForDisconnection.java:39)
	at org.gradle.launcher.daemon.server.api.DaemonCommandExecution.proceed(DaemonCommandExecution.java:104)
	at org.gradle.launcher.daemon.server.exec.ResetDeprecationLogger.execute(ResetDeprecationLogger.java:29)
	at org.gradle.launcher.daemon.server.api.DaemonCommandExecution.proceed(DaemonCommandExecution.java:104)
	at org.gradle.launcher.daemon.server.exec.RequestStopIfSingleUsedDaemon.execute(RequestStopIfSingleUsedDaemon.java:35)
	at org.gradle.launcher.daemon.server.api.DaemonCommandExecution.proceed(DaemonCommandExecution.java:104)
	at org.gradle.launcher.daemon.server.exec.ForwardClientInput$2.create(ForwardClientInput.java:78)
	at org.gradle.launcher.daemon.server.exec.ForwardClientInput$2.create(ForwardClientInput.java:75)
	at org.gradle.util.internal.Swapper.swap(Swapper.java:38)
	at org.gradle.launcher.daemon.server.exec.ForwardClientInput.execute(ForwardClientInput.java:75)
	at org.gradle.launcher.daemon.server.api.DaemonCommandExecution.proceed(DaemonCommandExecution.java:104)
	at org.gradle.launcher.daemon.server.exec.LogAndCheckHealth.execute(LogAndCheckHealth.java:64)
	at org.gradle.launcher.daemon.server.api.DaemonCommandExecution.proceed(DaemonCommandExecution.java:104)
	at org.gradle.launcher.daemon.server.exec.LogToClient.doBuild(LogToClient.java:63)
	at org.gradle.launcher.daemon.server.exec.BuildCommandOnly.execute(BuildCommandOnly.java:37)
	at org.gradle.launcher.daemon.server.api.DaemonCommandExecution.proceed(DaemonCommandExecution.java:104)
	at org.gradle.launcher.daemon.server.exec.EstablishBuildEnvironment.doBuild(EstablishBuildEnvironment.java:84)
	at org.gradle.launcher.daemon.server.exec.BuildCommandOnly.execute(BuildCommandOnly.java:37)
	at org.gradle.launcher.daemon.server.api.DaemonCommandExecution.proceed(DaemonCommandExecution.java:104)
	at org.gradle.launcher.daemon.server.exec.StartBuildOrRespondWithBusy$1.run(StartBuildOrRespondWithBusy.java:52)
	at org.gradle.launcher.daemon.server.DaemonStateCoordinator$1.run(DaemonStateCoordinator.java:297)
	at org.gradle.internal.concurrent.ExecutorPolicy$CatchAndRecordFailures.onExecute(ExecutorPolicy.java:64)
	at org.gradle.internal.concurrent.AbstractManagedExecutor$1.run(AbstractManagedExecutor.java:47)
	at java.base/java.util.concurrent.ThreadPoolExecutor.runWorker(ThreadPoolExecutor.java:1136)
	at java.base/java.util.concurrent.ThreadPoolExecutor$Worker.run(ThreadPoolExecutor.java:635)
	at java.base/java.lang.Thread.run(Thread.java:840)
[gradle-intellij-plugin :] Cannot create plugin from file '/opt/android-studio/plugins/vcs-svn': Invalid plugin descriptor 'plugin.xml'. Unable to read the plugin descriptor: No enum constant com.jetbrains.plugin.structure.intellij.plugin.IdePluginContentDescriptor.ServiceType.APPLİCATİON.
Unable to read descriptor [plugin.xml] from [/opt/android-studio/plugins/yaml/lib/yaml.jar]
java.lang.IllegalArgumentException: No enum constant com.jetbrains.plugin.structure.intellij.plugin.IdePluginContentDescriptor.ServiceType.APPLİCATİON
	at java.base/java.lang.Enum.valueOf(Enum.java:273)
	at com.jetbrains.plugin.structure.intellij.plugin.IdePluginContentDescriptor$ServiceType.valueOf(IdePluginContents.kt)
	at com.jetbrains.plugin.structure.intellij.plugin.PluginCreator.readServiceDescriptor(PluginCreator.kt:406)
	at com.jetbrains.plugin.structure.intellij.plugin.PluginCreator.readExtensions(PluginCreator.kt:341)
	at com.jetbrains.plugin.structure.intellij.plugin.PluginCreator.setInfoFromBean(PluginCreator.kt:320)
	at com.jetbrains.plugin.structure.intellij.plugin.PluginCreator.resolveDocumentAndValidateBean(PluginCreator.kt:664)
	at com.jetbrains.plugin.structure.intellij.plugin.PluginCreator.access$resolveDocumentAndValidateBean(PluginCreator.kt:31)
	at com.jetbrains.plugin.structure.intellij.plugin.PluginCreator$Companion.createPlugin(PluginCreator.kt:109)
	at com.jetbrains.plugin.structure.intellij.plugin.IdePluginManager.loadPluginInfoFromJarFile(IdePluginManager.kt:62)
	at com.jetbrains.plugin.structure.intellij.plugin.IdePluginManager.loadPluginInfoFromLibDirectory(IdePluginManager.kt:165)
	at com.jetbrains.plugin.structure.intellij.plugin.IdePluginManager.loadPluginInfoFromDirectory(IdePluginManager.kt:97)
	at com.jetbrains.plugin.structure.intellij.plugin.IdePluginManager.loadPluginInfoFromJarOrDirectory(IdePluginManager.kt:206)
	at com.jetbrains.plugin.structure.intellij.plugin.IdePluginManager.getPluginCreatorWithResult(IdePluginManager.kt:347)
	at com.jetbrains.plugin.structure.intellij.plugin.IdePluginManager.createPlugin(IdePluginManager.kt:314)
	at com.jetbrains.plugin.structure.intellij.plugin.IdePluginManager.createPlugin$default(IdePluginManager.kt:312)
	at org.jetbrains.intellij.Utils.createPlugin(utils.kt:222)
	at org.jetbrains.intellij.dependency.BuiltinPluginsRegistry.add(BuiltinPluginsRegistry.kt:89)
	at org.jetbrains.intellij.dependency.BuiltinPluginsRegistry.fillFromDirectory(BuiltinPluginsRegistry.kt:47)
	at org.jetbrains.intellij.dependency.BuiltinPluginsRegistry.access$fillFromDirectory(BuiltinPluginsRegistry.kt:21)
	at org.jetbrains.intellij.dependency.BuiltinPluginsRegistry$Companion.fromDirectory(BuiltinPluginsRegistry.kt:127)
	at org.jetbrains.intellij.dependency.IdeaDependencyManager.createDependency(IdeaDependencyManager.kt:92)
	at org.jetbrains.intellij.dependency.IdeaDependencyManager.resolveLocal(IdeaDependencyManager.kt:430)
	at org.jetbrains.intellij.IntelliJPlugin$prepareIdeaDependencyProvider$1.call(IntelliJPlugin.kt:299)
	at org.jetbrains.intellij.IntelliJPlugin$prepareIdeaDependencyProvider$1.call(IntelliJPlugin.kt:266)
	at org.gradle.api.internal.provider.DefaultProvider.calculateOwnValue(DefaultProvider.java:72)
	at org.gradle.api.internal.provider.AbstractMinimalProvider.calculateValue(AbstractMinimalProvider.java:115)
	at org.gradle.api.internal.provider.TransformBackedProvider.calculateOwnValue(TransformBackedProvider.java:82)
	at org.gradle.api.internal.provider.AbstractMinimalProvider.calculateValue(AbstractMinimalProvider.java:115)
	at org.gradle.api.internal.provider.AbstractMinimalProvider.withFinalValue(AbstractMinimalProvider.java:168)
	at org.gradle.api.internal.provider.DefaultProperty.finalValue(DefaultProperty.java:133)
	at org.gradle.api.internal.provider.DefaultProperty.finalValue(DefaultProperty.java:26)
	at org.gradle.api.internal.provider.AbstractProperty.finalizeNow(AbstractProperty.java:245)
	at org.gradle.api.internal.provider.AbstractProperty.beforeRead(AbstractProperty.java:239)
	at org.gradle.api.internal.provider.AbstractProperty.calculateOwnValue(AbstractProperty.java:135)
	at org.gradle.api.internal.provider.AbstractMinimalProvider.calculateValue(AbstractMinimalProvider.java:115)
	at org.gradle.api.internal.provider.TransformBackedProvider.calculateOwnValue(TransformBackedProvider.java:82)
	at org.gradle.api.internal.provider.AbstractMinimalProvider.calculateValue(AbstractMinimalProvider.java:115)
	at org.gradle.api.internal.provider.Collectors$ElementsFromCollectionProvider.collectEntries(Collectors.java:220)
	at org.gradle.api.internal.provider.AbstractCollectionProperty$CollectingSupplier.calculateValue(AbstractCollectionProperty.java:344)
	at org.gradle.api.internal.provider.AbstractCollectionProperty.calculateValueFrom(AbstractCollectionProperty.java:189)
	at org.gradle.api.internal.provider.AbstractCollectionProperty.calculateValueFrom(AbstractCollectionProperty.java:37)
	at org.gradle.api.internal.provider.AbstractProperty.doCalculateValue(AbstractProperty.java:142)
	at org.gradle.api.internal.provider.AbstractProperty.calculateOwnValue(AbstractProperty.java:136)
	at org.gradle.api.internal.provider.AbstractMinimalProvider.calculateOwnPresentValue(AbstractMinimalProvider.java:80)
	at org.gradle.api.internal.provider.AbstractMinimalProvider.get(AbstractMinimalProvider.java:100)
	at org.jetbrains.intellij.IntelliJPlugin$configurePrepareSandboxTasks$5$5.transform(IntelliJPlugin.kt:625)
	at org.jetbrains.intellij.IntelliJPlugin$configurePrepareSandboxTasks$5$5.transform(IntelliJPlugin.kt:624)
	at org.gradle.api.internal.provider.ValueSupplier$Present.transform(ValueSupplier.java:541)
	at org.gradle.api.internal.provider.TransformBackedProvider.mapValue(TransformBackedProvider.java:91)
	at org.gradle.api.internal.provider.TransformBackedProvider.calculateOwnValue(TransformBackedProvider.java:83)
	at org.gradle.api.internal.provider.AbstractMinimalProvider.calculateOwnPresentValue(AbstractMinimalProvider.java:80)
	at org.gradle.api.internal.provider.AbstractMinimalProvider.get(AbstractMinimalProvider.java:100)
	at org.gradle.api.internal.provider.ProviderResolutionStrategy$2.resolve(ProviderResolutionStrategy.java:33)
	at org.gradle.api.internal.file.collections.ProviderBackedFileCollection.visitDependencies(ProviderBackedFileCollection.java:57)
	at org.gradle.api.internal.tasks.CachingTaskDependencyResolveContext$TaskGraphImpl.getNodeValues(CachingTaskDependencyResolveContext.java:103)
	at org.gradle.internal.graph.CachingDirectedGraphWalker$GraphWithEmptyEdges.getNodeValues(CachingDirectedGraphWalker.java:213)
	at org.gradle.internal.graph.CachingDirectedGraphWalker.doSearch(CachingDirectedGraphWalker.java:121)
	at org.gradle.internal.graph.CachingDirectedGraphWalker.findValues(CachingDirectedGraphWalker.java:73)
	at org.gradle.api.internal.tasks.CachingTaskDependencyResolveContext.getDependencies(CachingTaskDependencyResolveContext.java:66)
	at org.gradle.execution.plan.TaskDependencyResolver.resolveDependenciesFor(TaskDependencyResolver.java:49)
	at org.gradle.execution.plan.LocalTaskNode.getDependencies(LocalTaskNode.java:148)
	at org.gradle.execution.plan.LocalTaskNode.resolveDependencies(LocalTaskNode.java:122)
	at org.gradle.execution.plan.DefaultExecutionPlan.discoverNodeRelationships(DefaultExecutionPlan.java:183)
	at org.gradle.execution.plan.DefaultExecutionPlan.doAddEntryNodes(DefaultExecutionPlan.java:155)
	at org.gradle.execution.plan.DefaultExecutionPlan.addEntryTasks(DefaultExecutionPlan.java:130)
	at org.gradle.execution.plan.DefaultExecutionPlan.addEntryTasks(DefaultExecutionPlan.java:122)
	at org.gradle.execution.TaskNameResolvingBuildTaskScheduler.scheduleRequestedTasks(TaskNameResolvingBuildTaskScheduler.java:54)
	at org.gradle.execution.DefaultTasksBuildTaskScheduler.scheduleRequestedTasks(DefaultTasksBuildTaskScheduler.java:72)
	at org.gradle.initialization.DefaultTaskExecutionPreparer.lambda$scheduleRequestedTasks$0(DefaultTaskExecutionPreparer.java:46)
	at org.gradle.internal.Factories$1.create(Factories.java:31)
	at org.gradle.internal.work.DefaultWorkerLeaseService.withReplacedLocks(DefaultWorkerLeaseService.java:360)
	at org.gradle.api.internal.project.DefaultProjectStateRegistry$DefaultBuildProjectRegistry.withMutableStateOfAllProjects(DefaultProjectStateRegistry.java:239)
	at org.gradle.api.internal.project.DefaultProjectStateRegistry$DefaultBuildProjectRegistry.withMutableStateOfAllProjects(DefaultProjectStateRegistry.java:232)
	at org.gradle.initialization.DefaultTaskExecutionPreparer.scheduleRequestedTasks(DefaultTaskExecutionPreparer.java:45)
	at org.gradle.initialization.VintageBuildModelController.lambda$scheduleRequestedTasks$0(VintageBuildModelController.java:76)
	at org.gradle.internal.model.StateTransitionController.lambda$inState$1(StateTransitionController.java:99)
	at org.gradle.internal.model.StateTransitionController.lambda$inState$2(StateTransitionController.java:114)
	at org.gradle.internal.work.DefaultSynchronizer.withLock(DefaultSynchronizer.java:44)
	at org.gradle.internal.model.StateTransitionController.inState(StateTransitionController.java:110)
	at org.gradle.internal.model.StateTransitionController.inState(StateTransitionController.java:98)
	at org.gradle.initialization.VintageBuildModelController.scheduleRequestedTasks(VintageBuildModelController.java:76)
	at org.gradle.internal.build.DefaultBuildLifecycleController$DefaultWorkGraphBuilder.addRequestedTasks(DefaultBuildLifecycleController.java:404)
	at org.gradle.internal.buildtree.DefaultBuildTreeWorkPreparer.lambda$scheduleRequestedTasks$0(DefaultBuildTreeWorkPreparer.java:41)
	at org.gradle.internal.build.DefaultBuildLifecycleController.lambda$populateWorkGraph$7(DefaultBuildLifecycleController.java:189)
	at org.gradle.internal.build.DefaultBuildWorkPreparer.populateWorkGraph(DefaultBuildWorkPreparer.java:42)
	at org.gradle.internal.build.BuildOperationFiringBuildWorkPreparer$PopulateWorkGraph.populateTaskGraph(BuildOperationFiringBuildWorkPreparer.java:106)
	at org.gradle.internal.build.BuildOperationFiringBuildWorkPreparer$PopulateWorkGraph.run(BuildOperationFiringBuildWorkPreparer.java:92)
	at org.gradle.internal.operations.DefaultBuildOperationRunner$1.execute(DefaultBuildOperationRunner.java:29)
	at org.gradle.internal.operations.DefaultBuildOperationRunner$1.execute(DefaultBuildOperationRunner.java:26)
	at org.gradle.internal.operations.DefaultBuildOperationRunner$2.execute(DefaultBuildOperationRunner.java:66)
	at org.gradle.internal.operations.DefaultBuildOperationRunner$2.execute(DefaultBuildOperationRunner.java:59)
	at org.gradle.internal.operations.DefaultBuildOperationRunner.execute(DefaultBuildOperationRunner.java:157)
	at org.gradle.internal.operations.DefaultBuildOperationRunner.execute(DefaultBuildOperationRunner.java:59)
	at org.gradle.internal.operations.DefaultBuildOperationRunner.run(DefaultBuildOperationRunner.java:47)
	at org.gradle.internal.operations.DefaultBuildOperationExecutor.run(DefaultBuildOperationExecutor.java:68)
	at org.gradle.internal.build.BuildOperationFiringBuildWorkPreparer.populateWorkGraph(BuildOperationFiringBuildWorkPreparer.java:67)
	at org.gradle.internal.build.DefaultBuildLifecycleController.lambda$populateWorkGraph$8(DefaultBuildLifecycleController.java:189)
	at org.gradle.internal.model.StateTransitionController.lambda$inState$1(StateTransitionController.java:99)
	at org.gradle.internal.model.StateTransitionController.lambda$inState$2(StateTransitionController.java:114)
	at org.gradle.internal.work.DefaultSynchronizer.withLock(DefaultSynchronizer.java:44)
	at org.gradle.internal.model.StateTransitionController.inState(StateTransitionController.java:110)
	at org.gradle.internal.model.StateTransitionController.inState(StateTransitionController.java:98)
	at org.gradle.internal.build.DefaultBuildLifecycleController.populateWorkGraph(DefaultBuildLifecycleController.java:189)
	at org.gradle.internal.build.DefaultBuildWorkGraphController$DefaultBuildWorkGraph.populateWorkGraph(DefaultBuildWorkGraphController.java:169)
	at org.gradle.composite.internal.DefaultBuildController.populateWorkGraph(DefaultBuildController.java:76)
	at org.gradle.composite.internal.DefaultIncludedBuildTaskGraph$DefaultBuildTreeWorkGraphBuilder.withWorkGraph(DefaultIncludedBuildTaskGraph.java:153)
	at org.gradle.internal.buildtree.DefaultBuildTreeWorkPreparer.lambda$scheduleRequestedTasks$1(DefaultBuildTreeWorkPreparer.java:41)
	at org.gradle.composite.internal.DefaultIncludedBuildTaskGraph$DefaultBuildTreeWorkGraph$1.run(DefaultIncludedBuildTaskGraph.java:209)
	at org.gradle.internal.operations.DefaultBuildOperationRunner$1.execute(DefaultBuildOperationRunner.java:29)
	at org.gradle.internal.operations.DefaultBuildOperationRunner$1.execute(DefaultBuildOperationRunner.java:26)
	at org.gradle.internal.operations.DefaultBuildOperationRunner$2.execute(DefaultBuildOperationRunner.java:66)
	at org.gradle.internal.operations.DefaultBuildOperationRunner$2.execute(DefaultBuildOperationRunner.java:59)
	at org.gradle.internal.operations.DefaultBuildOperationRunner.execute(DefaultBuildOperationRunner.java:157)
	at org.gradle.internal.operations.DefaultBuildOperationRunner.execute(DefaultBuildOperationRunner.java:59)
	at org.gradle.internal.operations.DefaultBuildOperationRunner.run(DefaultBuildOperationRunner.java:47)
	at org.gradle.internal.operations.DefaultBuildOperationExecutor.run(DefaultBuildOperationExecutor.java:68)
	at org.gradle.composite.internal.DefaultIncludedBuildTaskGraph$DefaultBuildTreeWorkGraph.scheduleWork(DefaultIncludedBuildTaskGraph.java:204)
	at org.gradle.internal.buildtree.DefaultBuildTreeWorkPreparer.scheduleRequestedTasks(DefaultBuildTreeWorkPreparer.java:37)
	at org.gradle.configurationcache.VintageBuildTreeWorkController$scheduleAndRunRequestedTasks$1.apply(VintageBuildTreeWorkController.kt:36)
	at org.gradle.configurationcache.VintageBuildTreeWorkController$scheduleAndRunRequestedTasks$1.apply(VintageBuildTreeWorkController.kt:35)
	at org.gradle.composite.internal.DefaultIncludedBuildTaskGraph.withNewWorkGraph(DefaultIncludedBuildTaskGraph.java:112)
	at org.gradle.configurationcache.VintageBuildTreeWorkController.scheduleAndRunRequestedTasks(VintageBuildTreeWorkController.kt:35)
	at org.gradle.internal.buildtree.DefaultBuildTreeLifecycleController.lambda$scheduleAndRunTasks$1(DefaultBuildTreeLifecycleController.java:76)
	at org.gradle.internal.buildtree.DefaultBuildTreeLifecycleController.lambda$runBuild$4(DefaultBuildTreeLifecycleController.java:119)
	at org.gradle.internal.model.StateTransitionController.lambda$transition$6(StateTransitionController.java:169)
	at org.gradle.internal.model.StateTransitionController.doTransition(StateTransitionController.java:266)
	at org.gradle.internal.model.StateTransitionController.lambda$transition$7(StateTransitionController.java:169)
	at org.gradle.internal.work.DefaultSynchronizer.withLock(DefaultSynchronizer.java:44)
	at org.gradle.internal.model.StateTransitionController.transition(StateTransitionController.java:169)
	at org.gradle.internal.buildtree.DefaultBuildTreeLifecycleController.runBuild(DefaultBuildTreeLifecycleController.java:116)
	at org.gradle.internal.buildtree.DefaultBuildTreeLifecycleController.scheduleAndRunTasks(DefaultBuildTreeLifecycleController.java:76)
	at org.gradle.internal.buildtree.DefaultBuildTreeLifecycleController.scheduleAndRunTasks(DefaultBuildTreeLifecycleController.java:71)
	at org.gradle.tooling.internal.provider.ExecuteBuildActionRunner.run(ExecuteBuildActionRunner.java:31)
	at org.gradle.launcher.exec.ChainingBuildActionRunner.run(ChainingBuildActionRunner.java:35)
	at org.gradle.internal.buildtree.ProblemReportingBuildActionRunner.run(ProblemReportingBuildActionRunner.java:49)
	at org.gradle.launcher.exec.BuildOutcomeReportingBuildActionRunner.run(BuildOutcomeReportingBuildActionRunner.java:65)
	at org.gradle.tooling.internal.provider.FileSystemWatchingBuildActionRunner.run(FileSystemWatchingBuildActionRunner.java:140)
	at org.gradle.launcher.exec.BuildCompletionNotifyingBuildActionRunner.run(BuildCompletionNotifyingBuildActionRunner.java:41)
	at org.gradle.launcher.exec.RootBuildLifecycleBuildActionExecutor.lambda$execute$0(RootBuildLifecycleBuildActionExecutor.java:40)
	at org.gradle.composite.internal.DefaultRootBuildState.run(DefaultRootBuildState.java:123)
	at org.gradle.launcher.exec.RootBuildLifecycleBuildActionExecutor.execute(RootBuildLifecycleBuildActionExecutor.java:40)
	at org.gradle.internal.buildtree.InitDeprecationLoggingActionExecutor.execute(InitDeprecationLoggingActionExecutor.java:62)
	at org.gradle.internal.buildtree.InitProblems.execute(InitProblems.java:38)
	at org.gradle.internal.buildtree.DefaultBuildTreeContext.execute(DefaultBuildTreeContext.java:40)
	at org.gradle.launcher.exec.BuildTreeLifecycleBuildActionExecutor.lambda$execute$0(BuildTreeLifecycleBuildActionExecutor.java:58)
	at org.gradle.internal.buildtree.BuildTreeState.run(BuildTreeState.java:58)
	at org.gradle.launcher.exec.BuildTreeLifecycleBuildActionExecutor.execute(BuildTreeLifecycleBuildActionExecutor.java:58)
	at org.gradle.launcher.exec.RunAsBuildOperationBuildActionExecutor$3.call(RunAsBuildOperationBuildActionExecutor.java:61)
	at org.gradle.launcher.exec.RunAsBuildOperationBuildActionExecutor$3.call(RunAsBuildOperationBuildActionExecutor.java:57)
	at org.gradle.internal.operations.DefaultBuildOperationRunner$CallableBuildOperationWorker.execute(DefaultBuildOperationRunner.java:204)
	at org.gradle.internal.operations.DefaultBuildOperationRunner$CallableBuildOperationWorker.execute(DefaultBuildOperationRunner.java:199)
	at org.gradle.internal.operations.DefaultBuildOperationRunner$2.execute(DefaultBuildOperationRunner.java:66)
	at org.gradle.internal.operations.DefaultBuildOperationRunner$2.execute(DefaultBuildOperationRunner.java:59)
	at org.gradle.internal.operations.DefaultBuildOperationRunner.execute(DefaultBuildOperationRunner.java:157)
	at org.gradle.internal.operations.DefaultBuildOperationRunner.execute(DefaultBuildOperationRunner.java:59)
	at org.gradle.internal.operations.DefaultBuildOperationRunner.call(DefaultBuildOperationRunner.java:53)
	at org.gradle.internal.operations.DefaultBuildOperationExecutor.call(DefaultBuildOperationExecutor.java:73)
	at org.gradle.launcher.exec.RunAsBuildOperationBuildActionExecutor.execute(RunAsBuildOperationBuildActionExecutor.java:57)
	at org.gradle.launcher.exec.RunAsWorkerThreadBuildActionExecutor.lambda$execute$0(RunAsWorkerThreadBuildActionExecutor.java:36)
	at org.gradle.internal.work.DefaultWorkerLeaseService.withLocks(DefaultWorkerLeaseService.java:264)
	at org.gradle.internal.work.DefaultWorkerLeaseService.runAsWorkerThread(DefaultWorkerLeaseService.java:128)
	at org.gradle.launcher.exec.RunAsWorkerThreadBuildActionExecutor.execute(RunAsWorkerThreadBuildActionExecutor.java:36)
	at org.gradle.tooling.internal.provider.continuous.ContinuousBuildActionExecutor.execute(ContinuousBuildActionExecutor.java:110)
	at org.gradle.tooling.internal.provider.SubscribableBuildActionExecutor.execute(SubscribableBuildActionExecutor.java:64)
	at org.gradle.internal.session.DefaultBuildSessionContext.execute(DefaultBuildSessionContext.java:46)
	at org.gradle.tooling.internal.provider.BuildSessionLifecycleBuildActionExecuter$ActionImpl.apply(BuildSessionLifecycleBuildActionExecuter.java:92)
	at org.gradle.tooling.internal.provider.BuildSessionLifecycleBuildActionExecuter$ActionImpl.apply(BuildSessionLifecycleBuildActionExecuter.java:80)
	at org.gradle.internal.session.BuildSessionState.run(BuildSessionState.java:69)
	at org.gradle.tooling.internal.provider.BuildSessionLifecycleBuildActionExecuter.execute(BuildSessionLifecycleBuildActionExecuter.java:62)
	at org.gradle.tooling.internal.provider.BuildSessionLifecycleBuildActionExecuter.execute(BuildSessionLifecycleBuildActionExecuter.java:41)
	at org.gradle.tooling.internal.provider.StartParamsValidatingActionExecuter.execute(StartParamsValidatingActionExecuter.java:64)
	at org.gradle.tooling.internal.provider.StartParamsValidatingActionExecuter.execute(StartParamsValidatingActionExecuter.java:32)
	at org.gradle.tooling.internal.provider.SessionFailureReportingActionExecuter.execute(SessionFailureReportingActionExecuter.java:51)
	at org.gradle.tooling.internal.provider.SessionFailureReportingActionExecuter.execute(SessionFailureReportingActionExecuter.java:39)
	at org.gradle.tooling.internal.provider.SetupLoggingActionExecuter.execute(SetupLoggingActionExecuter.java:47)
	at org.gradle.tooling.internal.provider.SetupLoggingActionExecuter.execute(SetupLoggingActionExecuter.java:31)
	at org.gradle.launcher.daemon.server.exec.ExecuteBuild.doBuild(ExecuteBuild.java:65)
	at org.gradle.launcher.daemon.server.exec.BuildCommandOnly.execute(BuildCommandOnly.java:37)
	at org.gradle.launcher.daemon.server.api.DaemonCommandExecution.proceed(DaemonCommandExecution.java:104)
	at org.gradle.launcher.daemon.server.exec.WatchForDisconnection.execute(WatchForDisconnection.java:39)
	at org.gradle.launcher.daemon.server.api.DaemonCommandExecution.proceed(DaemonCommandExecution.java:104)
	at org.gradle.launcher.daemon.server.exec.ResetDeprecationLogger.execute(ResetDeprecationLogger.java:29)
	at org.gradle.launcher.daemon.server.api.DaemonCommandExecution.proceed(DaemonCommandExecution.java:104)
	at org.gradle.launcher.daemon.server.exec.RequestStopIfSingleUsedDaemon.execute(RequestStopIfSingleUsedDaemon.java:35)
	at org.gradle.launcher.daemon.server.api.DaemonCommandExecution.proceed(DaemonCommandExecution.java:104)
	at org.gradle.launcher.daemon.server.exec.ForwardClientInput$2.create(ForwardClientInput.java:78)
	at org.gradle.launcher.daemon.server.exec.ForwardClientInput$2.create(ForwardClientInput.java:75)
	at org.gradle.util.internal.Swapper.swap(Swapper.java:38)
	at org.gradle.launcher.daemon.server.exec.ForwardClientInput.execute(ForwardClientInput.java:75)
	at org.gradle.launcher.daemon.server.api.DaemonCommandExecution.proceed(DaemonCommandExecution.java:104)
	at org.gradle.launcher.daemon.server.exec.LogAndCheckHealth.execute(LogAndCheckHealth.java:64)
	at org.gradle.launcher.daemon.server.api.DaemonCommandExecution.proceed(DaemonCommandExecution.java:104)
	at org.gradle.launcher.daemon.server.exec.LogToClient.doBuild(LogToClient.java:63)
	at org.gradle.launcher.daemon.server.exec.BuildCommandOnly.execute(BuildCommandOnly.java:37)
	at org.gradle.launcher.daemon.server.api.DaemonCommandExecution.proceed(DaemonCommandExecution.java:104)
	at org.gradle.launcher.daemon.server.exec.EstablishBuildEnvironment.doBuild(EstablishBuildEnvironment.java:84)
	at org.gradle.launcher.daemon.server.exec.BuildCommandOnly.execute(BuildCommandOnly.java:37)
	at org.gradle.launcher.daemon.server.api.DaemonCommandExecution.proceed(DaemonCommandExecution.java:104)
	at org.gradle.launcher.daemon.server.exec.StartBuildOrRespondWithBusy$1.run(StartBuildOrRespondWithBusy.java:52)
	at org.gradle.launcher.daemon.server.DaemonStateCoordinator$1.run(DaemonStateCoordinator.java:297)
	at org.gradle.internal.concurrent.ExecutorPolicy$CatchAndRecordFailures.onExecute(ExecutorPolicy.java:64)
	at org.gradle.internal.concurrent.AbstractManagedExecutor$1.run(AbstractManagedExecutor.java:47)
	at java.base/java.util.concurrent.ThreadPoolExecutor.runWorker(ThreadPoolExecutor.java:1136)
	at java.base/java.util.concurrent.ThreadPoolExecutor$Worker.run(ThreadPoolExecutor.java:635)
	at java.base/java.lang.Thread.run(Thread.java:840)
[gradle-intellij-plugin :] Cannot create plugin from file '/opt/android-studio/plugins/yaml': Invalid plugin descriptor 'plugin.xml'. Unable to read the plugin descriptor: No enum constant com.jetbrains.plugin.structure.intellij.plugin.IdePluginContentDescriptor.ServiceType.APPLİCATİON.
[gradle-intellij-plugin :] Failed to dump cache for builtin plugin. Run with --debug option to get more log output.

FAILURE: Build failed with an exception.

* What went wrong:
Could not determine the dependencies of task ':prepareSandbox'.
> Failed to query the value of task ':prepareSandbox' property 'librariesToIgnore'.
   > Could not write to file '/opt/android-studio/ideaLocal-AI-243.26053.27.2432.13536105-2.xml'.

* Try:
> Run with --info or --debug option to get more log output.
> Run with --scan to get full insights.
> Get more help at https://help.gradle.org.

* Exception is:
org.gradle.api.internal.tasks.TaskDependencyResolveException: Could not determine the dependencies of task ':prepareSandbox'.
	at org.gradle.api.internal.tasks.CachingTaskDependencyResolveContext.getDependencies(CachingTaskDependencyResolveContext.java:68)
	at org.gradle.execution.plan.TaskDependencyResolver.resolveDependenciesFor(TaskDependencyResolver.java:49)
	at org.gradle.execution.plan.LocalTaskNode.getDependencies(LocalTaskNode.java:148)
	at org.gradle.execution.plan.LocalTaskNode.resolveDependencies(LocalTaskNode.java:122)
	at org.gradle.execution.plan.DefaultExecutionPlan.discoverNodeRelationships(DefaultExecutionPlan.java:183)
	at org.gradle.execution.plan.DefaultExecutionPlan.doAddEntryNodes(DefaultExecutionPlan.java:155)
	at org.gradle.execution.plan.DefaultExecutionPlan.addEntryTasks(DefaultExecutionPlan.java:130)
	at org.gradle.execution.plan.DefaultExecutionPlan.addEntryTasks(DefaultExecutionPlan.java:122)
	at org.gradle.execution.TaskNameResolvingBuildTaskScheduler.scheduleRequestedTasks(TaskNameResolvingBuildTaskScheduler.java:54)
	at org.gradle.execution.DefaultTasksBuildTaskScheduler.scheduleRequestedTasks(DefaultTasksBuildTaskScheduler.java:72)
	at org.gradle.initialization.DefaultTaskExecutionPreparer.lambda$scheduleRequestedTasks$0(DefaultTaskExecutionPreparer.java:46)
	at org.gradle.internal.Factories$1.create(Factories.java:31)
	at org.gradle.internal.work.DefaultWorkerLeaseService.withReplacedLocks(DefaultWorkerLeaseService.java:360)
	at org.gradle.api.internal.project.DefaultProjectStateRegistry$DefaultBuildProjectRegistry.withMutableStateOfAllProjects(DefaultProjectStateRegistry.java:239)
	at org.gradle.api.internal.project.DefaultProjectStateRegistry$DefaultBuildProjectRegistry.withMutableStateOfAllProjects(DefaultProjectStateRegistry.java:232)
	at org.gradle.initialization.DefaultTaskExecutionPreparer.scheduleRequestedTasks(DefaultTaskExecutionPreparer.java:45)
	at org.gradle.initialization.VintageBuildModelController.lambda$scheduleRequestedTasks$0(VintageBuildModelController.java:76)
	at org.gradle.internal.model.StateTransitionController.lambda$inState$1(StateTransitionController.java:99)
	at org.gradle.internal.model.StateTransitionController.lambda$inState$2(StateTransitionController.java:114)
	at org.gradle.internal.work.DefaultSynchronizer.withLock(DefaultSynchronizer.java:44)
	at org.gradle.internal.model.StateTransitionController.inState(StateTransitionController.java:110)
	at org.gradle.internal.model.StateTransitionController.inState(StateTransitionController.java:98)
	at org.gradle.initialization.VintageBuildModelController.scheduleRequestedTasks(VintageBuildModelController.java:76)
	at org.gradle.internal.build.DefaultBuildLifecycleController$DefaultWorkGraphBuilder.addRequestedTasks(DefaultBuildLifecycleController.java:404)
	at org.gradle.internal.buildtree.DefaultBuildTreeWorkPreparer.lambda$scheduleRequestedTasks$0(DefaultBuildTreeWorkPreparer.java:41)
	at org.gradle.internal.build.DefaultBuildLifecycleController.lambda$populateWorkGraph$7(DefaultBuildLifecycleController.java:189)
	at org.gradle.internal.build.DefaultBuildWorkPreparer.populateWorkGraph(DefaultBuildWorkPreparer.java:42)
	at org.gradle.internal.build.BuildOperationFiringBuildWorkPreparer$PopulateWorkGraph.populateTaskGraph(BuildOperationFiringBuildWorkPreparer.java:106)
	at org.gradle.internal.build.BuildOperationFiringBuildWorkPreparer$PopulateWorkGraph.run(BuildOperationFiringBuildWorkPreparer.java:92)
	at org.gradle.internal.operations.DefaultBuildOperationRunner$1.execute(DefaultBuildOperationRunner.java:29)
	at org.gradle.internal.operations.DefaultBuildOperationRunner$1.execute(DefaultBuildOperationRunner.java:26)
	at org.gradle.internal.operations.DefaultBuildOperationRunner$2.execute(DefaultBuildOperationRunner.java:66)
	at org.gradle.internal.operations.DefaultBuildOperationRunner$2.execute(DefaultBuildOperationRunner.java:59)
	at org.gradle.internal.operations.DefaultBuildOperationRunner.execute(DefaultBuildOperationRunner.java:157)
	at org.gradle.internal.operations.DefaultBuildOperationRunner.execute(DefaultBuildOperationRunner.java:59)
	at org.gradle.internal.operations.DefaultBuildOperationRunner.run(DefaultBuildOperationRunner.java:47)
	at org.gradle.internal.operations.DefaultBuildOperationExecutor.run(DefaultBuildOperationExecutor.java:68)
	at org.gradle.internal.build.BuildOperationFiringBuildWorkPreparer.populateWorkGraph(BuildOperationFiringBuildWorkPreparer.java:67)
	at org.gradle.internal.build.DefaultBuildLifecycleController.lambda$populateWorkGraph$8(DefaultBuildLifecycleController.java:189)
	at org.gradle.internal.model.StateTransitionController.lambda$inState$1(StateTransitionController.java:99)
	at org.gradle.internal.model.StateTransitionController.lambda$inState$2(StateTransitionController.java:114)
	at org.gradle.internal.work.DefaultSynchronizer.withLock(DefaultSynchronizer.java:44)
	at org.gradle.internal.model.StateTransitionController.inState(StateTransitionController.java:110)
	at org.gradle.internal.model.StateTransitionController.inState(StateTransitionController.java:98)
	at org.gradle.internal.build.DefaultBuildLifecycleController.populateWorkGraph(DefaultBuildLifecycleController.java:189)
	at org.gradle.internal.build.DefaultBuildWorkGraphController$DefaultBuildWorkGraph.populateWorkGraph(DefaultBuildWorkGraphController.java:169)
	at org.gradle.composite.internal.DefaultBuildController.populateWorkGraph(DefaultBuildController.java:76)
	at org.gradle.composite.internal.DefaultIncludedBuildTaskGraph$DefaultBuildTreeWorkGraphBuilder.withWorkGraph(DefaultIncludedBuildTaskGraph.java:153)
	at org.gradle.internal.buildtree.DefaultBuildTreeWorkPreparer.lambda$scheduleRequestedTasks$1(DefaultBuildTreeWorkPreparer.java:41)
	at org.gradle.composite.internal.DefaultIncludedBuildTaskGraph$DefaultBuildTreeWorkGraph$1.run(DefaultIncludedBuildTaskGraph.java:209)
	at org.gradle.internal.operations.DefaultBuildOperationRunner$1.execute(DefaultBuildOperationRunner.java:29)
	at org.gradle.internal.operations.DefaultBuildOperationRunner$1.execute(DefaultBuildOperationRunner.java:26)
	at org.gradle.internal.operations.DefaultBuildOperationRunner$2.execute(DefaultBuildOperationRunner.java:66)
	at org.gradle.internal.operations.DefaultBuildOperationRunner$2.execute(DefaultBuildOperationRunner.java:59)
	at org.gradle.internal.operations.DefaultBuildOperationRunner.execute(DefaultBuildOperationRunner.java:157)
	at org.gradle.internal.operations.DefaultBuildOperationRunner.execute(DefaultBuildOperationRunner.java:59)
	at org.gradle.internal.operations.DefaultBuildOperationRunner.run(DefaultBuildOperationRunner.java:47)
	at org.gradle.internal.operations.DefaultBuildOperationExecutor.run(DefaultBuildOperationExecutor.java:68)
	at org.gradle.composite.internal.DefaultIncludedBuildTaskGraph$DefaultBuildTreeWorkGraph.scheduleWork(DefaultIncludedBuildTaskGraph.java:204)
	at org.gradle.internal.buildtree.DefaultBuildTreeWorkPreparer.scheduleRequestedTasks(DefaultBuildTreeWorkPreparer.java:37)
	at org.gradle.configurationcache.VintageBuildTreeWorkController$scheduleAndRunRequestedTasks$1.apply(VintageBuildTreeWorkController.kt:36)
	at org.gradle.configurationcache.VintageBuildTreeWorkController$scheduleAndRunRequestedTasks$1.apply(VintageBuildTreeWorkController.kt:35)
	at org.gradle.composite.internal.DefaultIncludedBuildTaskGraph.withNewWorkGraph(DefaultIncludedBuildTaskGraph.java:112)
	at org.gradle.configurationcache.VintageBuildTreeWorkController.scheduleAndRunRequestedTasks(VintageBuildTreeWorkController.kt:35)
	at org.gradle.internal.buildtree.DefaultBuildTreeLifecycleController.lambda$scheduleAndRunTasks$1(DefaultBuildTreeLifecycleController.java:76)
	at org.gradle.internal.buildtree.DefaultBuildTreeLifecycleController.lambda$runBuild$4(DefaultBuildTreeLifecycleController.java:119)
	at org.gradle.internal.model.StateTransitionController.lambda$transition$6(StateTransitionController.java:169)
	at org.gradle.internal.model.StateTransitionController.doTransition(StateTransitionController.java:266)
	at org.gradle.internal.model.StateTransitionController.lambda$transition$7(StateTransitionController.java:169)
	at org.gradle.internal.work.DefaultSynchronizer.withLock(DefaultSynchronizer.java:44)
	at org.gradle.internal.model.StateTransitionController.transition(StateTransitionController.java:169)
	at org.gradle.internal.buildtree.DefaultBuildTreeLifecycleController.runBuild(DefaultBuildTreeLifecycleController.java:116)
	at org.gradle.internal.buildtree.DefaultBuildTreeLifecycleController.scheduleAndRunTasks(DefaultBuildTreeLifecycleController.java:76)
	at org.gradle.internal.buildtree.DefaultBuildTreeLifecycleController.scheduleAndRunTasks(DefaultBuildTreeLifecycleController.java:71)
	at org.gradle.tooling.internal.provider.ExecuteBuildActionRunner.run(ExecuteBuildActionRunner.java:31)
	at org.gradle.launcher.exec.ChainingBuildActionRunner.run(ChainingBuildActionRunner.java:35)
	at org.gradle.internal.buildtree.ProblemReportingBuildActionRunner.run(ProblemReportingBuildActionRunner.java:49)
	at org.gradle.launcher.exec.BuildOutcomeReportingBuildActionRunner.run(BuildOutcomeReportingBuildActionRunner.java:65)
	at org.gradle.tooling.internal.provider.FileSystemWatchingBuildActionRunner.run(FileSystemWatchingBuildActionRunner.java:140)
	at org.gradle.launcher.exec.BuildCompletionNotifyingBuildActionRunner.run(BuildCompletionNotifyingBuildActionRunner.java:41)
	at org.gradle.launcher.exec.RootBuildLifecycleBuildActionExecutor.lambda$execute$0(RootBuildLifecycleBuildActionExecutor.java:40)
	at org.gradle.composite.internal.DefaultRootBuildState.run(DefaultRootBuildState.java:123)
	at org.gradle.launcher.exec.RootBuildLifecycleBuildActionExecutor.execute(RootBuildLifecycleBuildActionExecutor.java:40)
	at org.gradle.internal.buildtree.InitDeprecationLoggingActionExecutor.execute(InitDeprecationLoggingActionExecutor.java:62)
	at org.gradle.internal.buildtree.InitProblems.execute(InitProblems.java:38)
	at org.gradle.internal.buildtree.DefaultBuildTreeContext.execute(DefaultBuildTreeContext.java:40)
	at org.gradle.launcher.exec.BuildTreeLifecycleBuildActionExecutor.lambda$execute$0(BuildTreeLifecycleBuildActionExecutor.java:58)
	at org.gradle.internal.buildtree.BuildTreeState.run(BuildTreeState.java:58)
	at org.gradle.launcher.exec.BuildTreeLifecycleBuildActionExecutor.execute(BuildTreeLifecycleBuildActionExecutor.java:58)
	at org.gradle.launcher.exec.RunAsBuildOperationBuildActionExecutor$3.call(RunAsBuildOperationBuildActionExecutor.java:61)
	at org.gradle.launcher.exec.RunAsBuildOperationBuildActionExecutor$3.call(RunAsBuildOperationBuildActionExecutor.java:57)
	at org.gradle.internal.operations.DefaultBuildOperationRunner$CallableBuildOperationWorker.execute(DefaultBuildOperationRunner.java:204)
	at org.gradle.internal.operations.DefaultBuildOperationRunner$CallableBuildOperationWorker.execute(DefaultBuildOperationRunner.java:199)
	at org.gradle.internal.operations.DefaultBuildOperationRunner$2.execute(DefaultBuildOperationRunner.java:66)
	at org.gradle.internal.operations.DefaultBuildOperationRunner$2.execute(DefaultBuildOperationRunner.java:59)
	at org.gradle.internal.operations.DefaultBuildOperationRunner.execute(DefaultBuildOperationRunner.java:157)
	at org.gradle.internal.operations.DefaultBuildOperationRunner.execute(DefaultBuildOperationRunner.java:59)
	at org.gradle.internal.operations.DefaultBuildOperationRunner.call(DefaultBuildOperationRunner.java:53)
	at org.gradle.internal.operations.DefaultBuildOperationExecutor.call(DefaultBuildOperationExecutor.java:73)
	at org.gradle.launcher.exec.RunAsBuildOperationBuildActionExecutor.execute(RunAsBuildOperationBuildActionExecutor.java:57)
	at org.gradle.launcher.exec.RunAsWorkerThreadBuildActionExecutor.lambda$execute$0(RunAsWorkerThreadBuildActionExecutor.java:36)
	at org.gradle.internal.work.DefaultWorkerLeaseService.withLocks(DefaultWorkerLeaseService.java:264)
	at org.gradle.internal.work.DefaultWorkerLeaseService.runAsWorkerThread(DefaultWorkerLeaseService.java:128)
	at org.gradle.launcher.exec.RunAsWorkerThreadBuildActionExecutor.execute(RunAsWorkerThreadBuildActionExecutor.java:36)
	at org.gradle.tooling.internal.provider.continuous.ContinuousBuildActionExecutor.execute(ContinuousBuildActionExecutor.java:110)
	at org.gradle.tooling.internal.provider.SubscribableBuildActionExecutor.execute(SubscribableBuildActionExecutor.java:64)
	at org.gradle.internal.session.DefaultBuildSessionContext.execute(DefaultBuildSessionContext.java:46)
	at org.gradle.tooling.internal.provider.BuildSessionLifecycleBuildActionExecuter$ActionImpl.apply(BuildSessionLifecycleBuildActionExecuter.java:92)
	at org.gradle.tooling.internal.provider.BuildSessionLifecycleBuildActionExecuter$ActionImpl.apply(BuildSessionLifecycleBuildActionExecuter.java:80)
	at org.gradle.internal.session.BuildSessionState.run(BuildSessionState.java:69)
	at org.gradle.tooling.internal.provider.BuildSessionLifecycleBuildActionExecuter.execute(BuildSessionLifecycleBuildActionExecuter.java:62)
	at org.gradle.tooling.internal.provider.BuildSessionLifecycleBuildActionExecuter.execute(BuildSessionLifecycleBuildActionExecuter.java:41)
	at org.gradle.tooling.internal.provider.StartParamsValidatingActionExecuter.execute(StartParamsValidatingActionExecuter.java:64)
	at org.gradle.tooling.internal.provider.StartParamsValidatingActionExecuter.execute(StartParamsValidatingActionExecuter.java:32)
	at org.gradle.tooling.internal.provider.SessionFailureReportingActionExecuter.execute(SessionFailureReportingActionExecuter.java:51)
	at org.gradle.tooling.internal.provider.SessionFailureReportingActionExecuter.execute(SessionFailureReportingActionExecuter.java:39)
	at org.gradle.tooling.internal.provider.SetupLoggingActionExecuter.execute(SetupLoggingActionExecuter.java:47)
	at org.gradle.tooling.internal.provider.SetupLoggingActionExecuter.execute(SetupLoggingActionExecuter.java:31)
	at org.gradle.launcher.daemon.server.exec.ExecuteBuild.doBuild(ExecuteBuild.java:65)
	at org.gradle.launcher.daemon.server.exec.BuildCommandOnly.execute(BuildCommandOnly.java:37)
	at org.gradle.launcher.daemon.server.api.DaemonCommandExecution.proceed(DaemonCommandExecution.java:104)
	at org.gradle.launcher.daemon.server.exec.WatchForDisconnection.execute(WatchForDisconnection.java:39)
	at org.gradle.launcher.daemon.server.api.DaemonCommandExecution.proceed(DaemonCommandExecution.java:104)
	at org.gradle.launcher.daemon.server.exec.ResetDeprecationLogger.execute(ResetDeprecationLogger.java:29)
	at org.gradle.launcher.daemon.server.api.DaemonCommandExecution.proceed(DaemonCommandExecution.java:104)
	at org.gradle.launcher.daemon.server.exec.RequestStopIfSingleUsedDaemon.execute(RequestStopIfSingleUsedDaemon.java:35)
	at org.gradle.launcher.daemon.server.api.DaemonCommandExecution.proceed(DaemonCommandExecution.java:104)
	at org.gradle.launcher.daemon.server.exec.ForwardClientInput$2.create(ForwardClientInput.java:78)
	at org.gradle.launcher.daemon.server.exec.ForwardClientInput$2.create(ForwardClientInput.java:75)
	at org.gradle.util.internal.Swapper.swap(Swapper.java:38)
	at org.gradle.launcher.daemon.server.exec.ForwardClientInput.execute(ForwardClientInput.java:75)
	at org.gradle.launcher.daemon.server.api.DaemonCommandExecution.proceed(DaemonCommandExecution.java:104)
	at org.gradle.launcher.daemon.server.exec.LogAndCheckHealth.execute(LogAndCheckHealth.java:64)
	at org.gradle.launcher.daemon.server.api.DaemonCommandExecution.proceed(DaemonCommandExecution.java:104)
	at org.gradle.launcher.daemon.server.exec.LogToClient.doBuild(LogToClient.java:63)
	at org.gradle.launcher.daemon.server.exec.BuildCommandOnly.execute(BuildCommandOnly.java:37)
	at org.gradle.launcher.daemon.server.api.DaemonCommandExecution.proceed(DaemonCommandExecution.java:104)
	at org.gradle.launcher.daemon.server.exec.EstablishBuildEnvironment.doBuild(EstablishBuildEnvironment.java:84)
	at org.gradle.launcher.daemon.server.exec.BuildCommandOnly.execute(BuildCommandOnly.java:37)
	at org.gradle.launcher.daemon.server.api.DaemonCommandExecution.proceed(DaemonCommandExecution.java:104)
	at org.gradle.launcher.daemon.server.exec.StartBuildOrRespondWithBusy$1.run(StartBuildOrRespondWithBusy.java:52)
	at org.gradle.launcher.daemon.server.DaemonStateCoordinator$1.run(DaemonStateCoordinator.java:297)
	at org.gradle.internal.concurrent.ExecutorPolicy$CatchAndRecordFailures.onExecute(ExecutorPolicy.java:64)
	at org.gradle.internal.concurrent.AbstractManagedExecutor$1.run(AbstractManagedExecutor.java:47)
Caused by: org.gradle.api.internal.provider.AbstractProperty$PropertyQueryException: Failed to query the value of task ':prepareSandbox' property 'librariesToIgnore'.
	at org.gradle.api.internal.provider.AbstractProperty.doCalculateValue(AbstractProperty.java:145)
	at org.gradle.api.internal.provider.AbstractProperty.calculateOwnValue(AbstractProperty.java:136)
	at org.gradle.api.internal.provider.AbstractMinimalProvider.calculateOwnPresentValue(AbstractMinimalProvider.java:80)
	at org.gradle.api.internal.provider.AbstractMinimalProvider.get(AbstractMinimalProvider.java:100)
	at org.jetbrains.intellij.IntelliJPlugin$configurePrepareSandboxTasks$5$5.transform(IntelliJPlugin.kt:625)
	at org.jetbrains.intellij.IntelliJPlugin$configurePrepareSandboxTasks$5$5.transform(IntelliJPlugin.kt:624)
	at org.gradle.api.internal.provider.ValueSupplier$Present.transform(ValueSupplier.java:541)
	at org.gradle.api.internal.provider.TransformBackedProvider.mapValue(TransformBackedProvider.java:91)
	at org.gradle.api.internal.provider.TransformBackedProvider.calculateOwnValue(TransformBackedProvider.java:83)
	at org.gradle.api.internal.provider.AbstractMinimalProvider.calculateOwnPresentValue(AbstractMinimalProvider.java:80)
	at org.gradle.api.internal.provider.AbstractMinimalProvider.get(AbstractMinimalProvider.java:100)
	at org.gradle.api.internal.provider.ProviderResolutionStrategy$2.resolve(ProviderResolutionStrategy.java:33)
	at org.gradle.api.internal.file.collections.ProviderBackedFileCollection.visitDependencies(ProviderBackedFileCollection.java:57)
	at org.gradle.api.internal.tasks.CachingTaskDependencyResolveContext$TaskGraphImpl.getNodeValues(CachingTaskDependencyResolveContext.java:103)
	at org.gradle.internal.graph.CachingDirectedGraphWalker$GraphWithEmptyEdges.getNodeValues(CachingDirectedGraphWalker.java:213)
	at org.gradle.internal.graph.CachingDirectedGraphWalker.doSearch(CachingDirectedGraphWalker.java:121)
	at org.gradle.internal.graph.CachingDirectedGraphWalker.findValues(CachingDirectedGraphWalker.java:73)
	at org.gradle.api.internal.tasks.CachingTaskDependencyResolveContext.getDependencies(CachingTaskDependencyResolveContext.java:66)
	... 143 more
Caused by: org.gradle.api.UncheckedIOException: Could not write to file '/opt/android-studio/ideaLocal-AI-243.26053.27.2432.13536105-2.xml'.
	at org.gradle.internal.IoActions$TextFileWriterIoAction.execute(IoActions.java:151)
	at org.gradle.internal.IoActions$TextFileWriterIoAction.execute(IoActions.java:126)
	at org.gradle.internal.IoActions.writeTextFile(IoActions.java:44)
	at org.gradle.internal.xml.XmlTransformer.transform(XmlTransformer.java:82)
	at org.jetbrains.intellij.IntelliJIvyDescriptorFileGenerator.writeTo(IntelliJIvyDescriptorFileGenerator.kt:99)
	at org.jetbrains.intellij.dependency.IdeaDependencyManager.getOrCreateIvyXml(IdeaDependencyManager.kt:253)
	at org.jetbrains.intellij.dependency.IdeaDependencyManager.register(IdeaDependencyManager.kt:50)
	at org.jetbrains.intellij.IntelliJPlugin$prepareIdeaDependencyProvider$1.call(IntelliJPlugin.kt:310)
	at org.jetbrains.intellij.IntelliJPlugin$prepareIdeaDependencyProvider$1.call(IntelliJPlugin.kt:266)
	at org.gradle.api.internal.provider.DefaultProvider.calculateOwnValue(DefaultProvider.java:72)
	at org.gradle.api.internal.provider.AbstractMinimalProvider.calculateValue(AbstractMinimalProvider.java:115)
	at org.gradle.api.internal.provider.TransformBackedProvider.calculateOwnValue(TransformBackedProvider.java:82)
	at org.gradle.api.internal.provider.AbstractMinimalProvider.calculateValue(AbstractMinimalProvider.java:115)
	at org.gradle.api.internal.provider.AbstractMinimalProvider.withFinalValue(AbstractMinimalProvider.java:168)
	at org.gradle.api.internal.provider.DefaultProperty.finalValue(DefaultProperty.java:133)
	at org.gradle.api.internal.provider.DefaultProperty.finalValue(DefaultProperty.java:26)
	at org.gradle.api.internal.provider.AbstractProperty.finalizeNow(AbstractProperty.java:245)
	at org.gradle.api.internal.provider.AbstractProperty.beforeRead(AbstractProperty.java:239)
	at org.gradle.api.internal.provider.AbstractProperty.calculateOwnValue(AbstractProperty.java:135)
	at org.gradle.api.internal.provider.AbstractMinimalProvider.calculateValue(AbstractMinimalProvider.java:115)
	at org.gradle.api.internal.provider.TransformBackedProvider.calculateOwnValue(TransformBackedProvider.java:82)
	at org.gradle.api.internal.provider.AbstractMinimalProvider.calculateValue(AbstractMinimalProvider.java:115)
	at org.gradle.api.internal.provider.Collectors$ElementsFromCollectionProvider.collectEntries(Collectors.java:220)
	at org.gradle.api.internal.provider.AbstractCollectionProperty$CollectingSupplier.calculateValue(AbstractCollectionProperty.java:344)
	at org.gradle.api.internal.provider.AbstractCollectionProperty.calculateValueFrom(AbstractCollectionProperty.java:189)
	at org.gradle.api.internal.provider.AbstractCollectionProperty.calculateValueFrom(AbstractCollectionProperty.java:37)
	at org.gradle.api.internal.provider.AbstractProperty.doCalculateValue(AbstractProperty.java:142)
	... 160 more
Caused by: java.io.FileNotFoundException: /opt/android-studio/ideaLocal-AI-243.26053.27.2432.13536105-2.xml (Erişim engellendi)
	at org.gradle.internal.IoActions$TextFileWriterIoAction.execute(IoActions.java:144)
	... 186 more


BUİLD FAILED in 2s
